2025-01-19 03:20:33,432 WARNING - Could not import pandas. Holidays will not be considered.
2025-01-19 03:20:33,434 INFO - Loaded executor: SequentialExecutor
2025-01-19 03:20:33,474 INFO - Starting the scheduler
2025-01-19 03:20:33,475 INFO - Processing each file at most -1 times
2025-01-19 03:20:33,488 INFO - Launched DagFileProcessorManager with pid: 4889
2025-01-19 03:20:33,490 INFO - Adopting or resetting orphaned tasks for active dag runs
2025-01-19 03:20:33,494 INFO - Configured default timezone UTC
2025-01-19 03:25:33,646 INFO - Adopting or resetting orphaned tasks for active dag runs
2025-01-19 03:30:33,782 INFO - Adopting or resetting orphaned tasks for active dag runs
2025-01-19 03:35:33,925 INFO - Adopting or resetting orphaned tasks for active dag runs
2025-01-19 03:40:34,066 INFO - Adopting or resetting orphaned tasks for active dag runs
2025-01-19 03:45:34,203 INFO - Adopting or resetting orphaned tasks for active dag runs
2025-01-19 03:50:34,342 INFO - Adopting or resetting orphaned tasks for active dag runs
2025-01-19 03:51:39,700 INFO - Exiting gracefully upon receiving signal 15
2025-01-19 03:51:40,705 INFO - Sending Signals.SIGTERM to group 4889. PIDs of all processes in the group: [4889]
2025-01-19 03:51:40,705 INFO - Sending the signal Signals.SIGTERM to group 4889
2025-01-19 03:51:40,878 INFO - Process psutil.Process(pid=4889, status='terminated', exitcode=0, started='03:20:32') (4889) terminated with exit code 0
2025-01-19 03:51:40,880 INFO - Sending Signals.SIGTERM to group 4889. PIDs of all processes in the group: []
2025-01-19 03:51:40,881 INFO - Sending the signal Signals.SIGTERM to group 4889
2025-01-19 03:51:40,881 INFO - Sending the signal Signals.SIGTERM to process 4889 as process group is missing.
2025-01-19 03:51:40,881 INFO - Exited execute loop
2025-01-19 03:54:47,237 WARNING - Could not import pandas. Holidays will not be considered.
2025-01-19 03:54:47,239 INFO - Loaded executor: SequentialExecutor
2025-01-19 03:54:47,280 INFO - Starting the scheduler
2025-01-19 03:54:47,281 INFO - Processing each file at most -1 times
2025-01-19 03:54:47,293 INFO - Launched DagFileProcessorManager with pid: 20032
2025-01-19 03:54:47,296 INFO - Adopting or resetting orphaned tasks for active dag runs
2025-01-19 03:54:47,299 INFO - Configured default timezone UTC
2025-01-19 03:59:47,453 INFO - Adopting or resetting orphaned tasks for active dag runs
2025-01-19 04:03:07,408 INFO - Exiting gracefully upon receiving signal 15
2025-01-19 04:03:08,412 INFO - Sending Signals.SIGTERM to group 20032. PIDs of all processes in the group: [20032]
2025-01-19 04:03:08,413 INFO - Sending the signal Signals.SIGTERM to group 20032
2025-01-19 04:03:08,590 INFO - Process psutil.Process(pid=20032, status='terminated', exitcode=0, started='03:54:46') (20032) terminated with exit code 0
2025-01-19 04:03:08,593 INFO - Sending Signals.SIGTERM to group 20032. PIDs of all processes in the group: []
2025-01-19 04:03:08,593 INFO - Sending the signal Signals.SIGTERM to group 20032
2025-01-19 04:03:08,593 INFO - Sending the signal Signals.SIGTERM to process 20032 as process group is missing.
2025-01-19 04:03:08,594 INFO - Exited execute loop
2025-01-19 04:03:50,395 INFO - Loaded executor: SequentialExecutor
2025-01-19 04:03:50,431 INFO - Starting the scheduler
2025-01-19 04:03:50,432 INFO - Processing each file at most -1 times
2025-01-19 04:03:50,446 INFO - Launched DagFileProcessorManager with pid: 24086
2025-01-19 04:03:50,448 INFO - Adopting or resetting orphaned tasks for active dag runs
2025-01-19 04:03:50,450 INFO - Configured default timezone UTC
