[2025-01-19T03:20:57.676+0000] {processor.py:186} INFO - Started process (PID=5090) to work on /home/vscode/.local/lib/python3.10/site-packages/airflow/example_dags/plugins/event_listener.py
[2025-01-19T03:20:57.677+0000] {processor.py:914} INFO - Processing file /home/vscode/.local/lib/python3.10/site-packages/airflow/example_dags/plugins/event_listener.py for tasks to queue
[2025-01-19T03:20:57.679+0000] {logging_mixin.py:190} INFO - [2025-01-19T03:20:57.678+0000] {dagbag.py:588} INFO - Filling up the DagBag from /home/vscode/.local/lib/python3.10/site-packages/airflow/example_dags/plugins/event_listener.py
[2025-01-19T03:20:57.681+0000] {processor.py:927} WARNING - No viable dags retrieved from /home/vscode/.local/lib/python3.10/site-packages/airflow/example_dags/plugins/event_listener.py
[2025-01-19T03:20:57.688+0000] {processor.py:208} INFO - Processing /home/vscode/.local/lib/python3.10/site-packages/airflow/example_dags/plugins/event_listener.py took 0.016 seconds
[2025-01-19T03:21:59.170+0000] {processor.py:186} INFO - Started process (PID=5625) to work on /home/vscode/.local/lib/python3.10/site-packages/airflow/example_dags/plugins/event_listener.py
[2025-01-19T03:21:59.170+0000] {processor.py:914} INFO - Processing file /home/vscode/.local/lib/python3.10/site-packages/airflow/example_dags/plugins/event_listener.py for tasks to queue
[2025-01-19T03:21:59.172+0000] {logging_mixin.py:190} INFO - [2025-01-19T03:21:59.172+0000] {dagbag.py:588} INFO - Filling up the DagBag from /home/vscode/.local/lib/python3.10/site-packages/airflow/example_dags/plugins/event_listener.py
[2025-01-19T03:21:59.174+0000] {processor.py:927} WARNING - No viable dags retrieved from /home/vscode/.local/lib/python3.10/site-packages/airflow/example_dags/plugins/event_listener.py
[2025-01-19T03:21:59.183+0000] {processor.py:208} INFO - Processing /home/vscode/.local/lib/python3.10/site-packages/airflow/example_dags/plugins/event_listener.py took 0.018 seconds
[2025-01-19T03:22:51.389+0000] {processor.py:186} INFO - Started process (PID=6035) to work on /home/vscode/.local/lib/python3.10/site-packages/airflow/example_dags/plugins/event_listener.py
[2025-01-19T03:22:51.390+0000] {processor.py:914} INFO - Processing file /home/vscode/.local/lib/python3.10/site-packages/airflow/example_dags/plugins/event_listener.py for tasks to queue
[2025-01-19T03:22:51.392+0000] {logging_mixin.py:190} INFO - [2025-01-19T03:22:51.391+0000] {dagbag.py:588} INFO - Filling up the DagBag from /home/vscode/.local/lib/python3.10/site-packages/airflow/example_dags/plugins/event_listener.py
[2025-01-19T03:22:51.394+0000] {processor.py:927} WARNING - No viable dags retrieved from /home/vscode/.local/lib/python3.10/site-packages/airflow/example_dags/plugins/event_listener.py
[2025-01-19T03:22:51.404+0000] {processor.py:208} INFO - Processing /home/vscode/.local/lib/python3.10/site-packages/airflow/example_dags/plugins/event_listener.py took 0.020 seconds
[2025-01-19T03:23:46.249+0000] {processor.py:186} INFO - Started process (PID=6490) to work on /home/vscode/.local/lib/python3.10/site-packages/airflow/example_dags/plugins/event_listener.py
[2025-01-19T03:23:46.250+0000] {processor.py:914} INFO - Processing file /home/vscode/.local/lib/python3.10/site-packages/airflow/example_dags/plugins/event_listener.py for tasks to queue
[2025-01-19T03:23:46.252+0000] {logging_mixin.py:190} INFO - [2025-01-19T03:23:46.252+0000] {dagbag.py:588} INFO - Filling up the DagBag from /home/vscode/.local/lib/python3.10/site-packages/airflow/example_dags/plugins/event_listener.py
[2025-01-19T03:23:46.254+0000] {processor.py:927} WARNING - No viable dags retrieved from /home/vscode/.local/lib/python3.10/site-packages/airflow/example_dags/plugins/event_listener.py
[2025-01-19T03:23:46.261+0000] {processor.py:208} INFO - Processing /home/vscode/.local/lib/python3.10/site-packages/airflow/example_dags/plugins/event_listener.py took 0.016 seconds
[2025-01-19T03:24:39.170+0000] {processor.py:186} INFO - Started process (PID=6899) to work on /home/vscode/.local/lib/python3.10/site-packages/airflow/example_dags/plugins/event_listener.py
[2025-01-19T03:24:39.171+0000] {processor.py:914} INFO - Processing file /home/vscode/.local/lib/python3.10/site-packages/airflow/example_dags/plugins/event_listener.py for tasks to queue
[2025-01-19T03:24:39.172+0000] {logging_mixin.py:190} INFO - [2025-01-19T03:24:39.172+0000] {dagbag.py:588} INFO - Filling up the DagBag from /home/vscode/.local/lib/python3.10/site-packages/airflow/example_dags/plugins/event_listener.py
[2025-01-19T03:24:39.174+0000] {processor.py:927} WARNING - No viable dags retrieved from /home/vscode/.local/lib/python3.10/site-packages/airflow/example_dags/plugins/event_listener.py
[2025-01-19T03:24:39.182+0000] {processor.py:208} INFO - Processing /home/vscode/.local/lib/python3.10/site-packages/airflow/example_dags/plugins/event_listener.py took 0.016 seconds
[2025-01-19T03:25:28.881+0000] {processor.py:186} INFO - Started process (PID=7307) to work on /home/vscode/.local/lib/python3.10/site-packages/airflow/example_dags/plugins/event_listener.py
[2025-01-19T03:25:28.882+0000] {processor.py:914} INFO - Processing file /home/vscode/.local/lib/python3.10/site-packages/airflow/example_dags/plugins/event_listener.py for tasks to queue
[2025-01-19T03:25:28.884+0000] {logging_mixin.py:190} INFO - [2025-01-19T03:25:28.884+0000] {dagbag.py:588} INFO - Filling up the DagBag from /home/vscode/.local/lib/python3.10/site-packages/airflow/example_dags/plugins/event_listener.py
[2025-01-19T03:25:28.886+0000] {processor.py:927} WARNING - No viable dags retrieved from /home/vscode/.local/lib/python3.10/site-packages/airflow/example_dags/plugins/event_listener.py
[2025-01-19T03:25:28.893+0000] {processor.py:208} INFO - Processing /home/vscode/.local/lib/python3.10/site-packages/airflow/example_dags/plugins/event_listener.py took 0.016 seconds
[2025-01-19T03:26:21.492+0000] {processor.py:186} INFO - Started process (PID=7718) to work on /home/vscode/.local/lib/python3.10/site-packages/airflow/example_dags/plugins/event_listener.py
[2025-01-19T03:26:21.493+0000] {processor.py:914} INFO - Processing file /home/vscode/.local/lib/python3.10/site-packages/airflow/example_dags/plugins/event_listener.py for tasks to queue
[2025-01-19T03:26:21.494+0000] {logging_mixin.py:190} INFO - [2025-01-19T03:26:21.494+0000] {dagbag.py:588} INFO - Filling up the DagBag from /home/vscode/.local/lib/python3.10/site-packages/airflow/example_dags/plugins/event_listener.py
[2025-01-19T03:26:21.496+0000] {processor.py:927} WARNING - No viable dags retrieved from /home/vscode/.local/lib/python3.10/site-packages/airflow/example_dags/plugins/event_listener.py
[2025-01-19T03:26:21.504+0000] {processor.py:208} INFO - Processing /home/vscode/.local/lib/python3.10/site-packages/airflow/example_dags/plugins/event_listener.py took 0.017 seconds
[2025-01-19T03:27:14.077+0000] {processor.py:186} INFO - Started process (PID=8117) to work on /home/vscode/.local/lib/python3.10/site-packages/airflow/example_dags/plugins/event_listener.py
[2025-01-19T03:27:14.078+0000] {processor.py:914} INFO - Processing file /home/vscode/.local/lib/python3.10/site-packages/airflow/example_dags/plugins/event_listener.py for tasks to queue
[2025-01-19T03:27:14.080+0000] {logging_mixin.py:190} INFO - [2025-01-19T03:27:14.079+0000] {dagbag.py:588} INFO - Filling up the DagBag from /home/vscode/.local/lib/python3.10/site-packages/airflow/example_dags/plugins/event_listener.py
[2025-01-19T03:27:14.081+0000] {processor.py:927} WARNING - No viable dags retrieved from /home/vscode/.local/lib/python3.10/site-packages/airflow/example_dags/plugins/event_listener.py
[2025-01-19T03:27:14.089+0000] {processor.py:208} INFO - Processing /home/vscode/.local/lib/python3.10/site-packages/airflow/example_dags/plugins/event_listener.py took 0.016 seconds
[2025-01-19T03:28:08.097+0000] {processor.py:186} INFO - Started process (PID=8611) to work on /home/vscode/.local/lib/python3.10/site-packages/airflow/example_dags/plugins/event_listener.py
[2025-01-19T03:28:08.098+0000] {processor.py:914} INFO - Processing file /home/vscode/.local/lib/python3.10/site-packages/airflow/example_dags/plugins/event_listener.py for tasks to queue
[2025-01-19T03:28:08.099+0000] {logging_mixin.py:190} INFO - [2025-01-19T03:28:08.099+0000] {dagbag.py:588} INFO - Filling up the DagBag from /home/vscode/.local/lib/python3.10/site-packages/airflow/example_dags/plugins/event_listener.py
[2025-01-19T03:28:08.101+0000] {processor.py:927} WARNING - No viable dags retrieved from /home/vscode/.local/lib/python3.10/site-packages/airflow/example_dags/plugins/event_listener.py
[2025-01-19T03:28:08.109+0000] {processor.py:208} INFO - Processing /home/vscode/.local/lib/python3.10/site-packages/airflow/example_dags/plugins/event_listener.py took 0.017 seconds
[2025-01-19T03:29:02.115+0000] {processor.py:186} INFO - Started process (PID=9031) to work on /home/vscode/.local/lib/python3.10/site-packages/airflow/example_dags/plugins/event_listener.py
[2025-01-19T03:29:02.116+0000] {processor.py:914} INFO - Processing file /home/vscode/.local/lib/python3.10/site-packages/airflow/example_dags/plugins/event_listener.py for tasks to queue
[2025-01-19T03:29:02.118+0000] {logging_mixin.py:190} INFO - [2025-01-19T03:29:02.117+0000] {dagbag.py:588} INFO - Filling up the DagBag from /home/vscode/.local/lib/python3.10/site-packages/airflow/example_dags/plugins/event_listener.py
[2025-01-19T03:29:02.120+0000] {processor.py:927} WARNING - No viable dags retrieved from /home/vscode/.local/lib/python3.10/site-packages/airflow/example_dags/plugins/event_listener.py
[2025-01-19T03:29:02.127+0000] {processor.py:208} INFO - Processing /home/vscode/.local/lib/python3.10/site-packages/airflow/example_dags/plugins/event_listener.py took 0.016 seconds
[2025-01-19T03:29:52.756+0000] {processor.py:186} INFO - Started process (PID=9373) to work on /home/vscode/.local/lib/python3.10/site-packages/airflow/example_dags/plugins/event_listener.py
[2025-01-19T03:29:52.756+0000] {processor.py:914} INFO - Processing file /home/vscode/.local/lib/python3.10/site-packages/airflow/example_dags/plugins/event_listener.py for tasks to queue
[2025-01-19T03:29:52.758+0000] {logging_mixin.py:190} INFO - [2025-01-19T03:29:52.758+0000] {dagbag.py:588} INFO - Filling up the DagBag from /home/vscode/.local/lib/python3.10/site-packages/airflow/example_dags/plugins/event_listener.py
[2025-01-19T03:29:52.760+0000] {processor.py:927} WARNING - No viable dags retrieved from /home/vscode/.local/lib/python3.10/site-packages/airflow/example_dags/plugins/event_listener.py
[2025-01-19T03:29:52.768+0000] {processor.py:208} INFO - Processing /home/vscode/.local/lib/python3.10/site-packages/airflow/example_dags/plugins/event_listener.py took 0.016 seconds
[2025-01-19T03:30:40.641+0000] {processor.py:186} INFO - Started process (PID=9700) to work on /home/vscode/.local/lib/python3.10/site-packages/airflow/example_dags/plugins/event_listener.py
[2025-01-19T03:30:40.641+0000] {processor.py:914} INFO - Processing file /home/vscode/.local/lib/python3.10/site-packages/airflow/example_dags/plugins/event_listener.py for tasks to queue
[2025-01-19T03:30:40.643+0000] {logging_mixin.py:190} INFO - [2025-01-19T03:30:40.643+0000] {dagbag.py:588} INFO - Filling up the DagBag from /home/vscode/.local/lib/python3.10/site-packages/airflow/example_dags/plugins/event_listener.py
[2025-01-19T03:30:40.645+0000] {processor.py:927} WARNING - No viable dags retrieved from /home/vscode/.local/lib/python3.10/site-packages/airflow/example_dags/plugins/event_listener.py
[2025-01-19T03:30:40.652+0000] {processor.py:208} INFO - Processing /home/vscode/.local/lib/python3.10/site-packages/airflow/example_dags/plugins/event_listener.py took 0.016 seconds
[2025-01-19T03:31:30.059+0000] {processor.py:186} INFO - Started process (PID=10036) to work on /home/vscode/.local/lib/python3.10/site-packages/airflow/example_dags/plugins/event_listener.py
[2025-01-19T03:31:30.060+0000] {processor.py:914} INFO - Processing file /home/vscode/.local/lib/python3.10/site-packages/airflow/example_dags/plugins/event_listener.py for tasks to queue
[2025-01-19T03:31:30.061+0000] {logging_mixin.py:190} INFO - [2025-01-19T03:31:30.061+0000] {dagbag.py:588} INFO - Filling up the DagBag from /home/vscode/.local/lib/python3.10/site-packages/airflow/example_dags/plugins/event_listener.py
[2025-01-19T03:31:30.063+0000] {processor.py:927} WARNING - No viable dags retrieved from /home/vscode/.local/lib/python3.10/site-packages/airflow/example_dags/plugins/event_listener.py
[2025-01-19T03:31:30.071+0000] {processor.py:208} INFO - Processing /home/vscode/.local/lib/python3.10/site-packages/airflow/example_dags/plugins/event_listener.py took 0.017 seconds
[2025-01-19T03:32:21.559+0000] {processor.py:186} INFO - Started process (PID=10446) to work on /home/vscode/.local/lib/python3.10/site-packages/airflow/example_dags/plugins/event_listener.py
[2025-01-19T03:32:21.560+0000] {processor.py:914} INFO - Processing file /home/vscode/.local/lib/python3.10/site-packages/airflow/example_dags/plugins/event_listener.py for tasks to queue
[2025-01-19T03:32:21.561+0000] {logging_mixin.py:190} INFO - [2025-01-19T03:32:21.561+0000] {dagbag.py:588} INFO - Filling up the DagBag from /home/vscode/.local/lib/python3.10/site-packages/airflow/example_dags/plugins/event_listener.py
[2025-01-19T03:32:21.564+0000] {processor.py:927} WARNING - No viable dags retrieved from /home/vscode/.local/lib/python3.10/site-packages/airflow/example_dags/plugins/event_listener.py
[2025-01-19T03:32:21.575+0000] {processor.py:208} INFO - Processing /home/vscode/.local/lib/python3.10/site-packages/airflow/example_dags/plugins/event_listener.py took 0.020 seconds
[2025-01-19T03:33:10.886+0000] {processor.py:186} INFO - Started process (PID=10856) to work on /home/vscode/.local/lib/python3.10/site-packages/airflow/example_dags/plugins/event_listener.py
[2025-01-19T03:33:10.887+0000] {processor.py:914} INFO - Processing file /home/vscode/.local/lib/python3.10/site-packages/airflow/example_dags/plugins/event_listener.py for tasks to queue
[2025-01-19T03:33:10.888+0000] {logging_mixin.py:190} INFO - [2025-01-19T03:33:10.888+0000] {dagbag.py:588} INFO - Filling up the DagBag from /home/vscode/.local/lib/python3.10/site-packages/airflow/example_dags/plugins/event_listener.py
[2025-01-19T03:33:10.890+0000] {processor.py:927} WARNING - No viable dags retrieved from /home/vscode/.local/lib/python3.10/site-packages/airflow/example_dags/plugins/event_listener.py
[2025-01-19T03:33:10.898+0000] {processor.py:208} INFO - Processing /home/vscode/.local/lib/python3.10/site-packages/airflow/example_dags/plugins/event_listener.py took 0.016 seconds
[2025-01-19T03:34:02.185+0000] {processor.py:186} INFO - Started process (PID=11204) to work on /home/vscode/.local/lib/python3.10/site-packages/airflow/example_dags/plugins/event_listener.py
[2025-01-19T03:34:02.186+0000] {processor.py:914} INFO - Processing file /home/vscode/.local/lib/python3.10/site-packages/airflow/example_dags/plugins/event_listener.py for tasks to queue
[2025-01-19T03:34:02.188+0000] {logging_mixin.py:190} INFO - [2025-01-19T03:34:02.187+0000] {dagbag.py:588} INFO - Filling up the DagBag from /home/vscode/.local/lib/python3.10/site-packages/airflow/example_dags/plugins/event_listener.py
[2025-01-19T03:34:02.190+0000] {processor.py:927} WARNING - No viable dags retrieved from /home/vscode/.local/lib/python3.10/site-packages/airflow/example_dags/plugins/event_listener.py
[2025-01-19T03:34:02.197+0000] {processor.py:208} INFO - Processing /home/vscode/.local/lib/python3.10/site-packages/airflow/example_dags/plugins/event_listener.py took 0.017 seconds
[2025-01-19T03:34:52.817+0000] {processor.py:186} INFO - Started process (PID=11613) to work on /home/vscode/.local/lib/python3.10/site-packages/airflow/example_dags/plugins/event_listener.py
[2025-01-19T03:34:52.818+0000] {processor.py:914} INFO - Processing file /home/vscode/.local/lib/python3.10/site-packages/airflow/example_dags/plugins/event_listener.py for tasks to queue
[2025-01-19T03:34:52.820+0000] {logging_mixin.py:190} INFO - [2025-01-19T03:34:52.819+0000] {dagbag.py:588} INFO - Filling up the DagBag from /home/vscode/.local/lib/python3.10/site-packages/airflow/example_dags/plugins/event_listener.py
[2025-01-19T03:34:52.822+0000] {processor.py:927} WARNING - No viable dags retrieved from /home/vscode/.local/lib/python3.10/site-packages/airflow/example_dags/plugins/event_listener.py
[2025-01-19T03:34:52.829+0000] {processor.py:208} INFO - Processing /home/vscode/.local/lib/python3.10/site-packages/airflow/example_dags/plugins/event_listener.py took 0.016 seconds
[2025-01-19T03:35:42.210+0000] {processor.py:186} INFO - Started process (PID=11998) to work on /home/vscode/.local/lib/python3.10/site-packages/airflow/example_dags/plugins/event_listener.py
[2025-01-19T03:35:42.211+0000] {processor.py:914} INFO - Processing file /home/vscode/.local/lib/python3.10/site-packages/airflow/example_dags/plugins/event_listener.py for tasks to queue
[2025-01-19T03:35:42.212+0000] {logging_mixin.py:190} INFO - [2025-01-19T03:35:42.212+0000] {dagbag.py:588} INFO - Filling up the DagBag from /home/vscode/.local/lib/python3.10/site-packages/airflow/example_dags/plugins/event_listener.py
[2025-01-19T03:35:42.214+0000] {processor.py:927} WARNING - No viable dags retrieved from /home/vscode/.local/lib/python3.10/site-packages/airflow/example_dags/plugins/event_listener.py
[2025-01-19T03:35:42.221+0000] {processor.py:208} INFO - Processing /home/vscode/.local/lib/python3.10/site-packages/airflow/example_dags/plugins/event_listener.py took 0.016 seconds
[2025-01-19T03:36:30.963+0000] {processor.py:186} INFO - Started process (PID=12348) to work on /home/vscode/.local/lib/python3.10/site-packages/airflow/example_dags/plugins/event_listener.py
[2025-01-19T03:36:30.964+0000] {processor.py:914} INFO - Processing file /home/vscode/.local/lib/python3.10/site-packages/airflow/example_dags/plugins/event_listener.py for tasks to queue
[2025-01-19T03:36:30.966+0000] {logging_mixin.py:190} INFO - [2025-01-19T03:36:30.966+0000] {dagbag.py:588} INFO - Filling up the DagBag from /home/vscode/.local/lib/python3.10/site-packages/airflow/example_dags/plugins/event_listener.py
[2025-01-19T03:36:30.969+0000] {processor.py:927} WARNING - No viable dags retrieved from /home/vscode/.local/lib/python3.10/site-packages/airflow/example_dags/plugins/event_listener.py
[2025-01-19T03:36:30.979+0000] {processor.py:208} INFO - Processing /home/vscode/.local/lib/python3.10/site-packages/airflow/example_dags/plugins/event_listener.py took 0.021 seconds
[2025-01-19T03:37:21.800+0000] {processor.py:186} INFO - Started process (PID=12698) to work on /home/vscode/.local/lib/python3.10/site-packages/airflow/example_dags/plugins/event_listener.py
[2025-01-19T03:37:21.801+0000] {processor.py:914} INFO - Processing file /home/vscode/.local/lib/python3.10/site-packages/airflow/example_dags/plugins/event_listener.py for tasks to queue
[2025-01-19T03:37:21.802+0000] {logging_mixin.py:190} INFO - [2025-01-19T03:37:21.802+0000] {dagbag.py:588} INFO - Filling up the DagBag from /home/vscode/.local/lib/python3.10/site-packages/airflow/example_dags/plugins/event_listener.py
[2025-01-19T03:37:21.804+0000] {processor.py:927} WARNING - No viable dags retrieved from /home/vscode/.local/lib/python3.10/site-packages/airflow/example_dags/plugins/event_listener.py
[2025-01-19T03:37:21.812+0000] {processor.py:208} INFO - Processing /home/vscode/.local/lib/python3.10/site-packages/airflow/example_dags/plugins/event_listener.py took 0.016 seconds
[2025-01-19T03:38:13.696+0000] {processor.py:186} INFO - Started process (PID=13045) to work on /home/vscode/.local/lib/python3.10/site-packages/airflow/example_dags/plugins/event_listener.py
[2025-01-19T03:38:13.697+0000] {processor.py:914} INFO - Processing file /home/vscode/.local/lib/python3.10/site-packages/airflow/example_dags/plugins/event_listener.py for tasks to queue
[2025-01-19T03:38:13.699+0000] {logging_mixin.py:190} INFO - [2025-01-19T03:38:13.699+0000] {dagbag.py:588} INFO - Filling up the DagBag from /home/vscode/.local/lib/python3.10/site-packages/airflow/example_dags/plugins/event_listener.py
[2025-01-19T03:38:13.702+0000] {processor.py:927} WARNING - No viable dags retrieved from /home/vscode/.local/lib/python3.10/site-packages/airflow/example_dags/plugins/event_listener.py
[2025-01-19T03:38:13.712+0000] {processor.py:208} INFO - Processing /home/vscode/.local/lib/python3.10/site-packages/airflow/example_dags/plugins/event_listener.py took 0.020 seconds
[2025-01-19T03:39:02.255+0000] {processor.py:186} INFO - Started process (PID=13374) to work on /home/vscode/.local/lib/python3.10/site-packages/airflow/example_dags/plugins/event_listener.py
[2025-01-19T03:39:02.255+0000] {processor.py:914} INFO - Processing file /home/vscode/.local/lib/python3.10/site-packages/airflow/example_dags/plugins/event_listener.py for tasks to queue
[2025-01-19T03:39:02.257+0000] {logging_mixin.py:190} INFO - [2025-01-19T03:39:02.257+0000] {dagbag.py:588} INFO - Filling up the DagBag from /home/vscode/.local/lib/python3.10/site-packages/airflow/example_dags/plugins/event_listener.py
[2025-01-19T03:39:02.259+0000] {processor.py:927} WARNING - No viable dags retrieved from /home/vscode/.local/lib/python3.10/site-packages/airflow/example_dags/plugins/event_listener.py
[2025-01-19T03:39:02.266+0000] {processor.py:208} INFO - Processing /home/vscode/.local/lib/python3.10/site-packages/airflow/example_dags/plugins/event_listener.py took 0.016 seconds
[2025-01-19T03:39:52.513+0000] {processor.py:186} INFO - Started process (PID=13722) to work on /home/vscode/.local/lib/python3.10/site-packages/airflow/example_dags/plugins/event_listener.py
[2025-01-19T03:39:52.514+0000] {processor.py:914} INFO - Processing file /home/vscode/.local/lib/python3.10/site-packages/airflow/example_dags/plugins/event_listener.py for tasks to queue
[2025-01-19T03:39:52.516+0000] {logging_mixin.py:190} INFO - [2025-01-19T03:39:52.515+0000] {dagbag.py:588} INFO - Filling up the DagBag from /home/vscode/.local/lib/python3.10/site-packages/airflow/example_dags/plugins/event_listener.py
[2025-01-19T03:39:52.518+0000] {processor.py:927} WARNING - No viable dags retrieved from /home/vscode/.local/lib/python3.10/site-packages/airflow/example_dags/plugins/event_listener.py
[2025-01-19T03:39:52.525+0000] {processor.py:208} INFO - Processing /home/vscode/.local/lib/python3.10/site-packages/airflow/example_dags/plugins/event_listener.py took 0.017 seconds
[2025-01-19T03:40:43.859+0000] {processor.py:186} INFO - Started process (PID=14067) to work on /home/vscode/.local/lib/python3.10/site-packages/airflow/example_dags/plugins/event_listener.py
[2025-01-19T03:40:43.860+0000] {processor.py:914} INFO - Processing file /home/vscode/.local/lib/python3.10/site-packages/airflow/example_dags/plugins/event_listener.py for tasks to queue
[2025-01-19T03:40:43.861+0000] {logging_mixin.py:190} INFO - [2025-01-19T03:40:43.861+0000] {dagbag.py:588} INFO - Filling up the DagBag from /home/vscode/.local/lib/python3.10/site-packages/airflow/example_dags/plugins/event_listener.py
[2025-01-19T03:40:43.863+0000] {processor.py:927} WARNING - No viable dags retrieved from /home/vscode/.local/lib/python3.10/site-packages/airflow/example_dags/plugins/event_listener.py
[2025-01-19T03:40:43.871+0000] {processor.py:208} INFO - Processing /home/vscode/.local/lib/python3.10/site-packages/airflow/example_dags/plugins/event_listener.py took 0.018 seconds
[2025-01-19T03:41:32.685+0000] {processor.py:186} INFO - Started process (PID=14397) to work on /home/vscode/.local/lib/python3.10/site-packages/airflow/example_dags/plugins/event_listener.py
[2025-01-19T03:41:32.686+0000] {processor.py:914} INFO - Processing file /home/vscode/.local/lib/python3.10/site-packages/airflow/example_dags/plugins/event_listener.py for tasks to queue
[2025-01-19T03:41:32.688+0000] {logging_mixin.py:190} INFO - [2025-01-19T03:41:32.687+0000] {dagbag.py:588} INFO - Filling up the DagBag from /home/vscode/.local/lib/python3.10/site-packages/airflow/example_dags/plugins/event_listener.py
[2025-01-19T03:41:32.690+0000] {processor.py:927} WARNING - No viable dags retrieved from /home/vscode/.local/lib/python3.10/site-packages/airflow/example_dags/plugins/event_listener.py
[2025-01-19T03:41:32.697+0000] {processor.py:208} INFO - Processing /home/vscode/.local/lib/python3.10/site-packages/airflow/example_dags/plugins/event_listener.py took 0.016 seconds
[2025-01-19T03:42:26.547+0000] {processor.py:186} INFO - Started process (PID=14753) to work on /home/vscode/.local/lib/python3.10/site-packages/airflow/example_dags/plugins/event_listener.py
[2025-01-19T03:42:26.548+0000] {processor.py:914} INFO - Processing file /home/vscode/.local/lib/python3.10/site-packages/airflow/example_dags/plugins/event_listener.py for tasks to queue
[2025-01-19T03:42:26.549+0000] {logging_mixin.py:190} INFO - [2025-01-19T03:42:26.549+0000] {dagbag.py:588} INFO - Filling up the DagBag from /home/vscode/.local/lib/python3.10/site-packages/airflow/example_dags/plugins/event_listener.py
[2025-01-19T03:42:26.551+0000] {processor.py:927} WARNING - No viable dags retrieved from /home/vscode/.local/lib/python3.10/site-packages/airflow/example_dags/plugins/event_listener.py
[2025-01-19T03:42:26.559+0000] {processor.py:208} INFO - Processing /home/vscode/.local/lib/python3.10/site-packages/airflow/example_dags/plugins/event_listener.py took 0.016 seconds
[2025-01-19T03:43:16.233+0000] {processor.py:186} INFO - Started process (PID=15095) to work on /home/vscode/.local/lib/python3.10/site-packages/airflow/example_dags/plugins/event_listener.py
[2025-01-19T03:43:16.234+0000] {processor.py:914} INFO - Processing file /home/vscode/.local/lib/python3.10/site-packages/airflow/example_dags/plugins/event_listener.py for tasks to queue
[2025-01-19T03:43:16.235+0000] {logging_mixin.py:190} INFO - [2025-01-19T03:43:16.235+0000] {dagbag.py:588} INFO - Filling up the DagBag from /home/vscode/.local/lib/python3.10/site-packages/airflow/example_dags/plugins/event_listener.py
[2025-01-19T03:43:16.237+0000] {processor.py:927} WARNING - No viable dags retrieved from /home/vscode/.local/lib/python3.10/site-packages/airflow/example_dags/plugins/event_listener.py
[2025-01-19T03:43:16.245+0000] {processor.py:208} INFO - Processing /home/vscode/.local/lib/python3.10/site-packages/airflow/example_dags/plugins/event_listener.py took 0.016 seconds
[2025-01-19T03:44:08.073+0000] {processor.py:186} INFO - Started process (PID=15443) to work on /home/vscode/.local/lib/python3.10/site-packages/airflow/example_dags/plugins/event_listener.py
[2025-01-19T03:44:08.074+0000] {processor.py:914} INFO - Processing file /home/vscode/.local/lib/python3.10/site-packages/airflow/example_dags/plugins/event_listener.py for tasks to queue
[2025-01-19T03:44:08.075+0000] {logging_mixin.py:190} INFO - [2025-01-19T03:44:08.075+0000] {dagbag.py:588} INFO - Filling up the DagBag from /home/vscode/.local/lib/python3.10/site-packages/airflow/example_dags/plugins/event_listener.py
[2025-01-19T03:44:08.077+0000] {processor.py:927} WARNING - No viable dags retrieved from /home/vscode/.local/lib/python3.10/site-packages/airflow/example_dags/plugins/event_listener.py
[2025-01-19T03:44:08.085+0000] {processor.py:208} INFO - Processing /home/vscode/.local/lib/python3.10/site-packages/airflow/example_dags/plugins/event_listener.py took 0.017 seconds
[2025-01-19T03:45:01.767+0000] {processor.py:186} INFO - Started process (PID=15792) to work on /home/vscode/.local/lib/python3.10/site-packages/airflow/example_dags/plugins/event_listener.py
[2025-01-19T03:45:01.768+0000] {processor.py:914} INFO - Processing file /home/vscode/.local/lib/python3.10/site-packages/airflow/example_dags/plugins/event_listener.py for tasks to queue
[2025-01-19T03:45:01.770+0000] {logging_mixin.py:190} INFO - [2025-01-19T03:45:01.770+0000] {dagbag.py:588} INFO - Filling up the DagBag from /home/vscode/.local/lib/python3.10/site-packages/airflow/example_dags/plugins/event_listener.py
[2025-01-19T03:45:01.772+0000] {processor.py:927} WARNING - No viable dags retrieved from /home/vscode/.local/lib/python3.10/site-packages/airflow/example_dags/plugins/event_listener.py
[2025-01-19T03:45:01.780+0000] {processor.py:208} INFO - Processing /home/vscode/.local/lib/python3.10/site-packages/airflow/example_dags/plugins/event_listener.py took 0.017 seconds
[2025-01-19T03:45:53.095+0000] {processor.py:186} INFO - Started process (PID=16141) to work on /home/vscode/.local/lib/python3.10/site-packages/airflow/example_dags/plugins/event_listener.py
[2025-01-19T03:45:53.096+0000] {processor.py:914} INFO - Processing file /home/vscode/.local/lib/python3.10/site-packages/airflow/example_dags/plugins/event_listener.py for tasks to queue
[2025-01-19T03:45:53.097+0000] {logging_mixin.py:190} INFO - [2025-01-19T03:45:53.097+0000] {dagbag.py:588} INFO - Filling up the DagBag from /home/vscode/.local/lib/python3.10/site-packages/airflow/example_dags/plugins/event_listener.py
[2025-01-19T03:45:53.099+0000] {processor.py:927} WARNING - No viable dags retrieved from /home/vscode/.local/lib/python3.10/site-packages/airflow/example_dags/plugins/event_listener.py
[2025-01-19T03:45:53.107+0000] {processor.py:208} INFO - Processing /home/vscode/.local/lib/python3.10/site-packages/airflow/example_dags/plugins/event_listener.py took 0.016 seconds
[2025-01-19T03:46:42.235+0000] {processor.py:186} INFO - Started process (PID=16471) to work on /home/vscode/.local/lib/python3.10/site-packages/airflow/example_dags/plugins/event_listener.py
[2025-01-19T03:46:42.236+0000] {processor.py:914} INFO - Processing file /home/vscode/.local/lib/python3.10/site-packages/airflow/example_dags/plugins/event_listener.py for tasks to queue
[2025-01-19T03:46:42.238+0000] {logging_mixin.py:190} INFO - [2025-01-19T03:46:42.237+0000] {dagbag.py:588} INFO - Filling up the DagBag from /home/vscode/.local/lib/python3.10/site-packages/airflow/example_dags/plugins/event_listener.py
[2025-01-19T03:46:42.239+0000] {processor.py:927} WARNING - No viable dags retrieved from /home/vscode/.local/lib/python3.10/site-packages/airflow/example_dags/plugins/event_listener.py
[2025-01-19T03:46:42.247+0000] {processor.py:208} INFO - Processing /home/vscode/.local/lib/python3.10/site-packages/airflow/example_dags/plugins/event_listener.py took 0.016 seconds
[2025-01-19T03:47:35.736+0000] {processor.py:186} INFO - Started process (PID=16845) to work on /home/vscode/.local/lib/python3.10/site-packages/airflow/example_dags/plugins/event_listener.py
[2025-01-19T03:47:35.737+0000] {processor.py:914} INFO - Processing file /home/vscode/.local/lib/python3.10/site-packages/airflow/example_dags/plugins/event_listener.py for tasks to queue
[2025-01-19T03:47:35.738+0000] {logging_mixin.py:190} INFO - [2025-01-19T03:47:35.738+0000] {dagbag.py:588} INFO - Filling up the DagBag from /home/vscode/.local/lib/python3.10/site-packages/airflow/example_dags/plugins/event_listener.py
[2025-01-19T03:47:35.740+0000] {processor.py:927} WARNING - No viable dags retrieved from /home/vscode/.local/lib/python3.10/site-packages/airflow/example_dags/plugins/event_listener.py
[2025-01-19T03:47:35.748+0000] {processor.py:208} INFO - Processing /home/vscode/.local/lib/python3.10/site-packages/airflow/example_dags/plugins/event_listener.py took 0.016 seconds
[2025-01-19T03:48:25.306+0000] {processor.py:186} INFO - Started process (PID=17184) to work on /home/vscode/.local/lib/python3.10/site-packages/airflow/example_dags/plugins/event_listener.py
[2025-01-19T03:48:25.307+0000] {processor.py:914} INFO - Processing file /home/vscode/.local/lib/python3.10/site-packages/airflow/example_dags/plugins/event_listener.py for tasks to queue
[2025-01-19T03:48:25.308+0000] {logging_mixin.py:190} INFO - [2025-01-19T03:48:25.308+0000] {dagbag.py:588} INFO - Filling up the DagBag from /home/vscode/.local/lib/python3.10/site-packages/airflow/example_dags/plugins/event_listener.py
[2025-01-19T03:48:25.310+0000] {processor.py:927} WARNING - No viable dags retrieved from /home/vscode/.local/lib/python3.10/site-packages/airflow/example_dags/plugins/event_listener.py
[2025-01-19T03:48:25.320+0000] {processor.py:208} INFO - Processing /home/vscode/.local/lib/python3.10/site-packages/airflow/example_dags/plugins/event_listener.py took 0.019 seconds
[2025-01-19T03:49:15.951+0000] {processor.py:186} INFO - Started process (PID=17634) to work on /home/vscode/.local/lib/python3.10/site-packages/airflow/example_dags/plugins/event_listener.py
[2025-01-19T03:49:15.952+0000] {processor.py:914} INFO - Processing file /home/vscode/.local/lib/python3.10/site-packages/airflow/example_dags/plugins/event_listener.py for tasks to queue
[2025-01-19T03:49:15.953+0000] {logging_mixin.py:190} INFO - [2025-01-19T03:49:15.953+0000] {dagbag.py:588} INFO - Filling up the DagBag from /home/vscode/.local/lib/python3.10/site-packages/airflow/example_dags/plugins/event_listener.py
[2025-01-19T03:49:15.955+0000] {processor.py:927} WARNING - No viable dags retrieved from /home/vscode/.local/lib/python3.10/site-packages/airflow/example_dags/plugins/event_listener.py
[2025-01-19T03:49:15.963+0000] {processor.py:208} INFO - Processing /home/vscode/.local/lib/python3.10/site-packages/airflow/example_dags/plugins/event_listener.py took 0.016 seconds
[2025-01-19T03:50:07.774+0000] {processor.py:186} INFO - Started process (PID=18033) to work on /home/vscode/.local/lib/python3.10/site-packages/airflow/example_dags/plugins/event_listener.py
[2025-01-19T03:50:07.775+0000] {processor.py:914} INFO - Processing file /home/vscode/.local/lib/python3.10/site-packages/airflow/example_dags/plugins/event_listener.py for tasks to queue
[2025-01-19T03:50:07.776+0000] {logging_mixin.py:190} INFO - [2025-01-19T03:50:07.776+0000] {dagbag.py:588} INFO - Filling up the DagBag from /home/vscode/.local/lib/python3.10/site-packages/airflow/example_dags/plugins/event_listener.py
[2025-01-19T03:50:07.778+0000] {processor.py:927} WARNING - No viable dags retrieved from /home/vscode/.local/lib/python3.10/site-packages/airflow/example_dags/plugins/event_listener.py
[2025-01-19T03:50:07.786+0000] {processor.py:208} INFO - Processing /home/vscode/.local/lib/python3.10/site-packages/airflow/example_dags/plugins/event_listener.py took 0.016 seconds
[2025-01-19T03:50:57.359+0000] {processor.py:186} INFO - Started process (PID=18415) to work on /home/vscode/.local/lib/python3.10/site-packages/airflow/example_dags/plugins/event_listener.py
[2025-01-19T03:50:57.360+0000] {processor.py:914} INFO - Processing file /home/vscode/.local/lib/python3.10/site-packages/airflow/example_dags/plugins/event_listener.py for tasks to queue
[2025-01-19T03:50:57.362+0000] {logging_mixin.py:190} INFO - [2025-01-19T03:50:57.361+0000] {dagbag.py:588} INFO - Filling up the DagBag from /home/vscode/.local/lib/python3.10/site-packages/airflow/example_dags/plugins/event_listener.py
[2025-01-19T03:50:57.363+0000] {processor.py:927} WARNING - No viable dags retrieved from /home/vscode/.local/lib/python3.10/site-packages/airflow/example_dags/plugins/event_listener.py
[2025-01-19T03:50:57.371+0000] {processor.py:208} INFO - Processing /home/vscode/.local/lib/python3.10/site-packages/airflow/example_dags/plugins/event_listener.py took 0.016 seconds
[2025-01-19T03:55:10.934+0000] {processor.py:186} INFO - Started process (PID=20222) to work on /home/vscode/.local/lib/python3.10/site-packages/airflow/example_dags/plugins/event_listener.py
[2025-01-19T03:55:10.935+0000] {processor.py:914} INFO - Processing file /home/vscode/.local/lib/python3.10/site-packages/airflow/example_dags/plugins/event_listener.py for tasks to queue
[2025-01-19T03:55:10.936+0000] {logging_mixin.py:190} INFO - [2025-01-19T03:55:10.936+0000] {dagbag.py:588} INFO - Filling up the DagBag from /home/vscode/.local/lib/python3.10/site-packages/airflow/example_dags/plugins/event_listener.py
[2025-01-19T03:55:10.938+0000] {processor.py:927} WARNING - No viable dags retrieved from /home/vscode/.local/lib/python3.10/site-packages/airflow/example_dags/plugins/event_listener.py
[2025-01-19T03:55:10.946+0000] {processor.py:208} INFO - Processing /home/vscode/.local/lib/python3.10/site-packages/airflow/example_dags/plugins/event_listener.py took 0.016 seconds
[2025-01-19T03:56:06.463+0000] {processor.py:186} INFO - Started process (PID=20593) to work on /home/vscode/.local/lib/python3.10/site-packages/airflow/example_dags/plugins/event_listener.py
[2025-01-19T03:56:06.464+0000] {processor.py:914} INFO - Processing file /home/vscode/.local/lib/python3.10/site-packages/airflow/example_dags/plugins/event_listener.py for tasks to queue
[2025-01-19T03:56:06.465+0000] {logging_mixin.py:190} INFO - [2025-01-19T03:56:06.465+0000] {dagbag.py:588} INFO - Filling up the DagBag from /home/vscode/.local/lib/python3.10/site-packages/airflow/example_dags/plugins/event_listener.py
[2025-01-19T03:56:06.467+0000] {processor.py:927} WARNING - No viable dags retrieved from /home/vscode/.local/lib/python3.10/site-packages/airflow/example_dags/plugins/event_listener.py
[2025-01-19T03:56:06.475+0000] {processor.py:208} INFO - Processing /home/vscode/.local/lib/python3.10/site-packages/airflow/example_dags/plugins/event_listener.py took 0.017 seconds
[2025-01-19T03:57:03.025+0000] {processor.py:186} INFO - Started process (PID=20977) to work on /home/vscode/.local/lib/python3.10/site-packages/airflow/example_dags/plugins/event_listener.py
[2025-01-19T03:57:03.026+0000] {processor.py:914} INFO - Processing file /home/vscode/.local/lib/python3.10/site-packages/airflow/example_dags/plugins/event_listener.py for tasks to queue
[2025-01-19T03:57:03.028+0000] {logging_mixin.py:190} INFO - [2025-01-19T03:57:03.028+0000] {dagbag.py:588} INFO - Filling up the DagBag from /home/vscode/.local/lib/python3.10/site-packages/airflow/example_dags/plugins/event_listener.py
[2025-01-19T03:57:03.030+0000] {processor.py:927} WARNING - No viable dags retrieved from /home/vscode/.local/lib/python3.10/site-packages/airflow/example_dags/plugins/event_listener.py
[2025-01-19T03:57:03.037+0000] {processor.py:208} INFO - Processing /home/vscode/.local/lib/python3.10/site-packages/airflow/example_dags/plugins/event_listener.py took 0.016 seconds
[2025-01-19T03:57:54.523+0000] {processor.py:186} INFO - Started process (PID=21333) to work on /home/vscode/.local/lib/python3.10/site-packages/airflow/example_dags/plugins/event_listener.py
[2025-01-19T03:57:54.524+0000] {processor.py:914} INFO - Processing file /home/vscode/.local/lib/python3.10/site-packages/airflow/example_dags/plugins/event_listener.py for tasks to queue
[2025-01-19T03:57:54.525+0000] {logging_mixin.py:190} INFO - [2025-01-19T03:57:54.525+0000] {dagbag.py:588} INFO - Filling up the DagBag from /home/vscode/.local/lib/python3.10/site-packages/airflow/example_dags/plugins/event_listener.py
[2025-01-19T03:57:54.527+0000] {processor.py:927} WARNING - No viable dags retrieved from /home/vscode/.local/lib/python3.10/site-packages/airflow/example_dags/plugins/event_listener.py
[2025-01-19T03:57:54.535+0000] {processor.py:208} INFO - Processing /home/vscode/.local/lib/python3.10/site-packages/airflow/example_dags/plugins/event_listener.py took 0.017 seconds
[2025-01-19T03:58:47.043+0000] {processor.py:186} INFO - Started process (PID=21682) to work on /home/vscode/.local/lib/python3.10/site-packages/airflow/example_dags/plugins/event_listener.py
[2025-01-19T03:58:47.044+0000] {processor.py:914} INFO - Processing file /home/vscode/.local/lib/python3.10/site-packages/airflow/example_dags/plugins/event_listener.py for tasks to queue
[2025-01-19T03:58:47.046+0000] {logging_mixin.py:190} INFO - [2025-01-19T03:58:47.045+0000] {dagbag.py:588} INFO - Filling up the DagBag from /home/vscode/.local/lib/python3.10/site-packages/airflow/example_dags/plugins/event_listener.py
[2025-01-19T03:58:47.048+0000] {processor.py:927} WARNING - No viable dags retrieved from /home/vscode/.local/lib/python3.10/site-packages/airflow/example_dags/plugins/event_listener.py
[2025-01-19T03:58:47.055+0000] {processor.py:208} INFO - Processing /home/vscode/.local/lib/python3.10/site-packages/airflow/example_dags/plugins/event_listener.py took 0.016 seconds
[2025-01-19T03:59:37.226+0000] {processor.py:186} INFO - Started process (PID=22026) to work on /home/vscode/.local/lib/python3.10/site-packages/airflow/example_dags/plugins/event_listener.py
[2025-01-19T03:59:37.227+0000] {processor.py:914} INFO - Processing file /home/vscode/.local/lib/python3.10/site-packages/airflow/example_dags/plugins/event_listener.py for tasks to queue
[2025-01-19T03:59:37.228+0000] {logging_mixin.py:190} INFO - [2025-01-19T03:59:37.228+0000] {dagbag.py:588} INFO - Filling up the DagBag from /home/vscode/.local/lib/python3.10/site-packages/airflow/example_dags/plugins/event_listener.py
[2025-01-19T03:59:37.230+0000] {processor.py:927} WARNING - No viable dags retrieved from /home/vscode/.local/lib/python3.10/site-packages/airflow/example_dags/plugins/event_listener.py
[2025-01-19T03:59:37.238+0000] {processor.py:208} INFO - Processing /home/vscode/.local/lib/python3.10/site-packages/airflow/example_dags/plugins/event_listener.py took 0.016 seconds
[2025-01-19T04:00:29.813+0000] {processor.py:186} INFO - Started process (PID=22378) to work on /home/vscode/.local/lib/python3.10/site-packages/airflow/example_dags/plugins/event_listener.py
[2025-01-19T04:00:29.813+0000] {processor.py:914} INFO - Processing file /home/vscode/.local/lib/python3.10/site-packages/airflow/example_dags/plugins/event_listener.py for tasks to queue
[2025-01-19T04:00:29.815+0000] {logging_mixin.py:190} INFO - [2025-01-19T04:00:29.815+0000] {dagbag.py:588} INFO - Filling up the DagBag from /home/vscode/.local/lib/python3.10/site-packages/airflow/example_dags/plugins/event_listener.py
[2025-01-19T04:00:29.817+0000] {processor.py:927} WARNING - No viable dags retrieved from /home/vscode/.local/lib/python3.10/site-packages/airflow/example_dags/plugins/event_listener.py
[2025-01-19T04:00:29.824+0000] {processor.py:208} INFO - Processing /home/vscode/.local/lib/python3.10/site-packages/airflow/example_dags/plugins/event_listener.py took 0.016 seconds
[2025-01-19T04:01:19.965+0000] {processor.py:186} INFO - Started process (PID=22719) to work on /home/vscode/.local/lib/python3.10/site-packages/airflow/example_dags/plugins/event_listener.py
[2025-01-19T04:01:19.966+0000] {processor.py:914} INFO - Processing file /home/vscode/.local/lib/python3.10/site-packages/airflow/example_dags/plugins/event_listener.py for tasks to queue
[2025-01-19T04:01:19.968+0000] {logging_mixin.py:190} INFO - [2025-01-19T04:01:19.968+0000] {dagbag.py:588} INFO - Filling up the DagBag from /home/vscode/.local/lib/python3.10/site-packages/airflow/example_dags/plugins/event_listener.py
[2025-01-19T04:01:19.970+0000] {processor.py:927} WARNING - No viable dags retrieved from /home/vscode/.local/lib/python3.10/site-packages/airflow/example_dags/plugins/event_listener.py
[2025-01-19T04:01:19.978+0000] {processor.py:208} INFO - Processing /home/vscode/.local/lib/python3.10/site-packages/airflow/example_dags/plugins/event_listener.py took 0.017 seconds
[2025-01-19T04:02:12.609+0000] {processor.py:186} INFO - Started process (PID=23081) to work on /home/vscode/.local/lib/python3.10/site-packages/airflow/example_dags/plugins/event_listener.py
[2025-01-19T04:02:12.610+0000] {processor.py:914} INFO - Processing file /home/vscode/.local/lib/python3.10/site-packages/airflow/example_dags/plugins/event_listener.py for tasks to queue
[2025-01-19T04:02:12.611+0000] {logging_mixin.py:190} INFO - [2025-01-19T04:02:12.611+0000] {dagbag.py:588} INFO - Filling up the DagBag from /home/vscode/.local/lib/python3.10/site-packages/airflow/example_dags/plugins/event_listener.py
[2025-01-19T04:02:12.613+0000] {processor.py:927} WARNING - No viable dags retrieved from /home/vscode/.local/lib/python3.10/site-packages/airflow/example_dags/plugins/event_listener.py
[2025-01-19T04:02:12.621+0000] {processor.py:208} INFO - Processing /home/vscode/.local/lib/python3.10/site-packages/airflow/example_dags/plugins/event_listener.py took 0.017 seconds
[2025-01-19T04:03:01.883+0000] {processor.py:186} INFO - Started process (PID=23572) to work on /home/vscode/.local/lib/python3.10/site-packages/airflow/example_dags/plugins/event_listener.py
[2025-01-19T04:03:01.885+0000] {processor.py:914} INFO - Processing file /home/vscode/.local/lib/python3.10/site-packages/airflow/example_dags/plugins/event_listener.py for tasks to queue
[2025-01-19T04:03:01.888+0000] {logging_mixin.py:190} INFO - [2025-01-19T04:03:01.887+0000] {dagbag.py:588} INFO - Filling up the DagBag from /home/vscode/.local/lib/python3.10/site-packages/airflow/example_dags/plugins/event_listener.py
[2025-01-19T04:03:01.896+0000] {processor.py:927} WARNING - No viable dags retrieved from /home/vscode/.local/lib/python3.10/site-packages/airflow/example_dags/plugins/event_listener.py
[2025-01-19T04:03:01.920+0000] {processor.py:208} INFO - Processing /home/vscode/.local/lib/python3.10/site-packages/airflow/example_dags/plugins/event_listener.py took 0.044 seconds
