[2025-01-19T03:20:56.540+0000] {processor.py:186} INFO - Started process (PID=5076) to work on /home/vscode/.local/lib/python3.10/site-packages/airflow/example_dags/plugins/workday.py
[2025-01-19T03:20:56.541+0000] {processor.py:914} INFO - Processing file /home/vscode/.local/lib/python3.10/site-packages/airflow/example_dags/plugins/workday.py for tasks to queue
[2025-01-19T03:20:56.543+0000] {logging_mixin.py:190} INFO - [2025-01-19T03:20:56.542+0000] {dagbag.py:588} INFO - Filling up the DagBag from /home/vscode/.local/lib/python3.10/site-packages/airflow/example_dags/plugins/workday.py
[2025-01-19T03:20:56.545+0000] {logging_mixin.py:190} INFO - [2025-01-19T03:20:56.545+0000] {workday.py:41} WARNING - Could not import pandas. Holidays will not be considered.
[2025-01-19T03:20:56.545+0000] {processor.py:927} WARNING - No viable dags retrieved from /home/vscode/.local/lib/python3.10/site-packages/airflow/example_dags/plugins/workday.py
[2025-01-19T03:20:56.553+0000] {processor.py:208} INFO - Processing /home/vscode/.local/lib/python3.10/site-packages/airflow/example_dags/plugins/workday.py took 0.017 seconds
[2025-01-19T03:21:58.034+0000] {processor.py:186} INFO - Started process (PID=5617) to work on /home/vscode/.local/lib/python3.10/site-packages/airflow/example_dags/plugins/workday.py
[2025-01-19T03:21:58.035+0000] {processor.py:914} INFO - Processing file /home/vscode/.local/lib/python3.10/site-packages/airflow/example_dags/plugins/workday.py for tasks to queue
[2025-01-19T03:21:58.036+0000] {logging_mixin.py:190} INFO - [2025-01-19T03:21:58.036+0000] {dagbag.py:588} INFO - Filling up the DagBag from /home/vscode/.local/lib/python3.10/site-packages/airflow/example_dags/plugins/workday.py
[2025-01-19T03:21:58.039+0000] {logging_mixin.py:190} INFO - [2025-01-19T03:21:58.039+0000] {workday.py:41} WARNING - Could not import pandas. Holidays will not be considered.
[2025-01-19T03:21:58.039+0000] {processor.py:927} WARNING - No viable dags retrieved from /home/vscode/.local/lib/python3.10/site-packages/airflow/example_dags/plugins/workday.py
[2025-01-19T03:21:58.047+0000] {processor.py:208} INFO - Processing /home/vscode/.local/lib/python3.10/site-packages/airflow/example_dags/plugins/workday.py took 0.017 seconds
[2025-01-19T03:22:50.245+0000] {processor.py:186} INFO - Started process (PID=6027) to work on /home/vscode/.local/lib/python3.10/site-packages/airflow/example_dags/plugins/workday.py
[2025-01-19T03:22:50.246+0000] {processor.py:914} INFO - Processing file /home/vscode/.local/lib/python3.10/site-packages/airflow/example_dags/plugins/workday.py for tasks to queue
[2025-01-19T03:22:50.247+0000] {logging_mixin.py:190} INFO - [2025-01-19T03:22:50.247+0000] {dagbag.py:588} INFO - Filling up the DagBag from /home/vscode/.local/lib/python3.10/site-packages/airflow/example_dags/plugins/workday.py
[2025-01-19T03:22:50.249+0000] {logging_mixin.py:190} INFO - [2025-01-19T03:22:50.249+0000] {workday.py:41} WARNING - Could not import pandas. Holidays will not be considered.
[2025-01-19T03:22:50.250+0000] {processor.py:927} WARNING - No viable dags retrieved from /home/vscode/.local/lib/python3.10/site-packages/airflow/example_dags/plugins/workday.py
[2025-01-19T03:22:50.257+0000] {processor.py:208} INFO - Processing /home/vscode/.local/lib/python3.10/site-packages/airflow/example_dags/plugins/workday.py took 0.017 seconds
[2025-01-19T03:23:46.053+0000] {processor.py:186} INFO - Started process (PID=6489) to work on /home/vscode/.local/lib/python3.10/site-packages/airflow/example_dags/plugins/workday.py
[2025-01-19T03:23:46.053+0000] {processor.py:914} INFO - Processing file /home/vscode/.local/lib/python3.10/site-packages/airflow/example_dags/plugins/workday.py for tasks to queue
[2025-01-19T03:23:46.055+0000] {logging_mixin.py:190} INFO - [2025-01-19T03:23:46.055+0000] {dagbag.py:588} INFO - Filling up the DagBag from /home/vscode/.local/lib/python3.10/site-packages/airflow/example_dags/plugins/workday.py
[2025-01-19T03:23:46.057+0000] {logging_mixin.py:190} INFO - [2025-01-19T03:23:46.057+0000] {workday.py:41} WARNING - Could not import pandas. Holidays will not be considered.
[2025-01-19T03:23:46.058+0000] {processor.py:927} WARNING - No viable dags retrieved from /home/vscode/.local/lib/python3.10/site-packages/airflow/example_dags/plugins/workday.py
[2025-01-19T03:23:46.065+0000] {processor.py:208} INFO - Processing /home/vscode/.local/lib/python3.10/site-packages/airflow/example_dags/plugins/workday.py took 0.017 seconds
[2025-01-19T03:24:38.035+0000] {processor.py:186} INFO - Started process (PID=6892) to work on /home/vscode/.local/lib/python3.10/site-packages/airflow/example_dags/plugins/workday.py
[2025-01-19T03:24:38.036+0000] {processor.py:914} INFO - Processing file /home/vscode/.local/lib/python3.10/site-packages/airflow/example_dags/plugins/workday.py for tasks to queue
[2025-01-19T03:24:38.037+0000] {logging_mixin.py:190} INFO - [2025-01-19T03:24:38.037+0000] {dagbag.py:588} INFO - Filling up the DagBag from /home/vscode/.local/lib/python3.10/site-packages/airflow/example_dags/plugins/workday.py
[2025-01-19T03:24:38.041+0000] {logging_mixin.py:190} INFO - [2025-01-19T03:24:38.040+0000] {workday.py:41} WARNING - Could not import pandas. Holidays will not be considered.
[2025-01-19T03:24:38.041+0000] {processor.py:927} WARNING - No viable dags retrieved from /home/vscode/.local/lib/python3.10/site-packages/airflow/example_dags/plugins/workday.py
[2025-01-19T03:24:38.048+0000] {processor.py:208} INFO - Processing /home/vscode/.local/lib/python3.10/site-packages/airflow/example_dags/plugins/workday.py took 0.018 seconds
[2025-01-19T03:25:27.732+0000] {processor.py:186} INFO - Started process (PID=7288) to work on /home/vscode/.local/lib/python3.10/site-packages/airflow/example_dags/plugins/workday.py
[2025-01-19T03:25:27.733+0000] {processor.py:914} INFO - Processing file /home/vscode/.local/lib/python3.10/site-packages/airflow/example_dags/plugins/workday.py for tasks to queue
[2025-01-19T03:25:27.734+0000] {logging_mixin.py:190} INFO - [2025-01-19T03:25:27.734+0000] {dagbag.py:588} INFO - Filling up the DagBag from /home/vscode/.local/lib/python3.10/site-packages/airflow/example_dags/plugins/workday.py
[2025-01-19T03:25:27.737+0000] {logging_mixin.py:190} INFO - [2025-01-19T03:25:27.736+0000] {workday.py:41} WARNING - Could not import pandas. Holidays will not be considered.
[2025-01-19T03:25:27.737+0000] {processor.py:927} WARNING - No viable dags retrieved from /home/vscode/.local/lib/python3.10/site-packages/airflow/example_dags/plugins/workday.py
[2025-01-19T03:25:27.744+0000] {processor.py:208} INFO - Processing /home/vscode/.local/lib/python3.10/site-packages/airflow/example_dags/plugins/workday.py took 0.017 seconds
[2025-01-19T03:26:20.357+0000] {processor.py:186} INFO - Started process (PID=7716) to work on /home/vscode/.local/lib/python3.10/site-packages/airflow/example_dags/plugins/workday.py
[2025-01-19T03:26:20.357+0000] {processor.py:914} INFO - Processing file /home/vscode/.local/lib/python3.10/site-packages/airflow/example_dags/plugins/workday.py for tasks to queue
[2025-01-19T03:26:20.359+0000] {logging_mixin.py:190} INFO - [2025-01-19T03:26:20.359+0000] {dagbag.py:588} INFO - Filling up the DagBag from /home/vscode/.local/lib/python3.10/site-packages/airflow/example_dags/plugins/workday.py
[2025-01-19T03:26:20.361+0000] {logging_mixin.py:190} INFO - [2025-01-19T03:26:20.361+0000] {workday.py:41} WARNING - Could not import pandas. Holidays will not be considered.
[2025-01-19T03:26:20.362+0000] {processor.py:927} WARNING - No viable dags retrieved from /home/vscode/.local/lib/python3.10/site-packages/airflow/example_dags/plugins/workday.py
[2025-01-19T03:26:20.369+0000] {processor.py:208} INFO - Processing /home/vscode/.local/lib/python3.10/site-packages/airflow/example_dags/plugins/workday.py took 0.017 seconds
[2025-01-19T03:27:12.942+0000] {processor.py:186} INFO - Started process (PID=8115) to work on /home/vscode/.local/lib/python3.10/site-packages/airflow/example_dags/plugins/workday.py
[2025-01-19T03:27:12.943+0000] {processor.py:914} INFO - Processing file /home/vscode/.local/lib/python3.10/site-packages/airflow/example_dags/plugins/workday.py for tasks to queue
[2025-01-19T03:27:12.945+0000] {logging_mixin.py:190} INFO - [2025-01-19T03:27:12.944+0000] {dagbag.py:588} INFO - Filling up the DagBag from /home/vscode/.local/lib/python3.10/site-packages/airflow/example_dags/plugins/workday.py
[2025-01-19T03:27:12.947+0000] {logging_mixin.py:190} INFO - [2025-01-19T03:27:12.947+0000] {workday.py:41} WARNING - Could not import pandas. Holidays will not be considered.
[2025-01-19T03:27:12.947+0000] {processor.py:927} WARNING - No viable dags retrieved from /home/vscode/.local/lib/python3.10/site-packages/airflow/example_dags/plugins/workday.py
[2025-01-19T03:27:12.955+0000] {processor.py:208} INFO - Processing /home/vscode/.local/lib/python3.10/site-packages/airflow/example_dags/plugins/workday.py took 0.017 seconds
[2025-01-19T03:28:07.237+0000] {processor.py:186} INFO - Started process (PID=8604) to work on /home/vscode/.local/lib/python3.10/site-packages/airflow/example_dags/plugins/workday.py
[2025-01-19T03:28:07.237+0000] {processor.py:914} INFO - Processing file /home/vscode/.local/lib/python3.10/site-packages/airflow/example_dags/plugins/workday.py for tasks to queue
[2025-01-19T03:28:07.239+0000] {logging_mixin.py:190} INFO - [2025-01-19T03:28:07.239+0000] {dagbag.py:588} INFO - Filling up the DagBag from /home/vscode/.local/lib/python3.10/site-packages/airflow/example_dags/plugins/workday.py
[2025-01-19T03:28:07.241+0000] {logging_mixin.py:190} INFO - [2025-01-19T03:28:07.241+0000] {workday.py:41} WARNING - Could not import pandas. Holidays will not be considered.
[2025-01-19T03:28:07.242+0000] {processor.py:927} WARNING - No viable dags retrieved from /home/vscode/.local/lib/python3.10/site-packages/airflow/example_dags/plugins/workday.py
[2025-01-19T03:28:07.249+0000] {processor.py:208} INFO - Processing /home/vscode/.local/lib/python3.10/site-packages/airflow/example_dags/plugins/workday.py took 0.017 seconds
[2025-01-19T03:29:00.987+0000] {processor.py:186} INFO - Started process (PID=9029) to work on /home/vscode/.local/lib/python3.10/site-packages/airflow/example_dags/plugins/workday.py
[2025-01-19T03:29:00.988+0000] {processor.py:914} INFO - Processing file /home/vscode/.local/lib/python3.10/site-packages/airflow/example_dags/plugins/workday.py for tasks to queue
[2025-01-19T03:29:00.990+0000] {logging_mixin.py:190} INFO - [2025-01-19T03:29:00.990+0000] {dagbag.py:588} INFO - Filling up the DagBag from /home/vscode/.local/lib/python3.10/site-packages/airflow/example_dags/plugins/workday.py
[2025-01-19T03:29:00.993+0000] {logging_mixin.py:190} INFO - [2025-01-19T03:29:00.993+0000] {workday.py:41} WARNING - Could not import pandas. Holidays will not be considered.
[2025-01-19T03:29:00.994+0000] {processor.py:927} WARNING - No viable dags retrieved from /home/vscode/.local/lib/python3.10/site-packages/airflow/example_dags/plugins/workday.py
[2025-01-19T03:29:01.004+0000] {processor.py:208} INFO - Processing /home/vscode/.local/lib/python3.10/site-packages/airflow/example_dags/plugins/workday.py took 0.024 seconds
[2025-01-19T03:29:51.620+0000] {processor.py:186} INFO - Started process (PID=9365) to work on /home/vscode/.local/lib/python3.10/site-packages/airflow/example_dags/plugins/workday.py
[2025-01-19T03:29:51.621+0000] {processor.py:914} INFO - Processing file /home/vscode/.local/lib/python3.10/site-packages/airflow/example_dags/plugins/workday.py for tasks to queue
[2025-01-19T03:29:51.623+0000] {logging_mixin.py:190} INFO - [2025-01-19T03:29:51.622+0000] {dagbag.py:588} INFO - Filling up the DagBag from /home/vscode/.local/lib/python3.10/site-packages/airflow/example_dags/plugins/workday.py
[2025-01-19T03:29:51.625+0000] {logging_mixin.py:190} INFO - [2025-01-19T03:29:51.625+0000] {workday.py:41} WARNING - Could not import pandas. Holidays will not be considered.
[2025-01-19T03:29:51.625+0000] {processor.py:927} WARNING - No viable dags retrieved from /home/vscode/.local/lib/python3.10/site-packages/airflow/example_dags/plugins/workday.py
[2025-01-19T03:29:51.633+0000] {processor.py:208} INFO - Processing /home/vscode/.local/lib/python3.10/site-packages/airflow/example_dags/plugins/workday.py took 0.017 seconds
[2025-01-19T03:30:39.501+0000] {processor.py:186} INFO - Started process (PID=9697) to work on /home/vscode/.local/lib/python3.10/site-packages/airflow/example_dags/plugins/workday.py
[2025-01-19T03:30:39.501+0000] {processor.py:914} INFO - Processing file /home/vscode/.local/lib/python3.10/site-packages/airflow/example_dags/plugins/workday.py for tasks to queue
[2025-01-19T03:30:39.503+0000] {logging_mixin.py:190} INFO - [2025-01-19T03:30:39.503+0000] {dagbag.py:588} INFO - Filling up the DagBag from /home/vscode/.local/lib/python3.10/site-packages/airflow/example_dags/plugins/workday.py
[2025-01-19T03:30:39.505+0000] {logging_mixin.py:190} INFO - [2025-01-19T03:30:39.505+0000] {workday.py:41} WARNING - Could not import pandas. Holidays will not be considered.
[2025-01-19T03:30:39.505+0000] {processor.py:927} WARNING - No viable dags retrieved from /home/vscode/.local/lib/python3.10/site-packages/airflow/example_dags/plugins/workday.py
[2025-01-19T03:30:39.513+0000] {processor.py:208} INFO - Processing /home/vscode/.local/lib/python3.10/site-packages/airflow/example_dags/plugins/workday.py took 0.018 seconds
[2025-01-19T03:31:28.924+0000] {processor.py:186} INFO - Started process (PID=10028) to work on /home/vscode/.local/lib/python3.10/site-packages/airflow/example_dags/plugins/workday.py
[2025-01-19T03:31:28.924+0000] {processor.py:914} INFO - Processing file /home/vscode/.local/lib/python3.10/site-packages/airflow/example_dags/plugins/workday.py for tasks to queue
[2025-01-19T03:31:28.926+0000] {logging_mixin.py:190} INFO - [2025-01-19T03:31:28.926+0000] {dagbag.py:588} INFO - Filling up the DagBag from /home/vscode/.local/lib/python3.10/site-packages/airflow/example_dags/plugins/workday.py
[2025-01-19T03:31:28.928+0000] {logging_mixin.py:190} INFO - [2025-01-19T03:31:28.928+0000] {workday.py:41} WARNING - Could not import pandas. Holidays will not be considered.
[2025-01-19T03:31:28.928+0000] {processor.py:927} WARNING - No viable dags retrieved from /home/vscode/.local/lib/python3.10/site-packages/airflow/example_dags/plugins/workday.py
[2025-01-19T03:31:28.936+0000] {processor.py:208} INFO - Processing /home/vscode/.local/lib/python3.10/site-packages/airflow/example_dags/plugins/workday.py took 0.016 seconds
[2025-01-19T03:32:20.424+0000] {processor.py:186} INFO - Started process (PID=10438) to work on /home/vscode/.local/lib/python3.10/site-packages/airflow/example_dags/plugins/workday.py
[2025-01-19T03:32:20.425+0000] {processor.py:914} INFO - Processing file /home/vscode/.local/lib/python3.10/site-packages/airflow/example_dags/plugins/workday.py for tasks to queue
[2025-01-19T03:32:20.427+0000] {logging_mixin.py:190} INFO - [2025-01-19T03:32:20.426+0000] {dagbag.py:588} INFO - Filling up the DagBag from /home/vscode/.local/lib/python3.10/site-packages/airflow/example_dags/plugins/workday.py
[2025-01-19T03:32:20.429+0000] {logging_mixin.py:190} INFO - [2025-01-19T03:32:20.429+0000] {workday.py:41} WARNING - Could not import pandas. Holidays will not be considered.
[2025-01-19T03:32:20.429+0000] {processor.py:927} WARNING - No viable dags retrieved from /home/vscode/.local/lib/python3.10/site-packages/airflow/example_dags/plugins/workday.py
[2025-01-19T03:32:20.436+0000] {processor.py:208} INFO - Processing /home/vscode/.local/lib/python3.10/site-packages/airflow/example_dags/plugins/workday.py took 0.016 seconds
[2025-01-19T03:33:10.558+0000] {processor.py:186} INFO - Started process (PID=10854) to work on /home/vscode/.local/lib/python3.10/site-packages/airflow/example_dags/plugins/workday.py
[2025-01-19T03:33:10.559+0000] {processor.py:914} INFO - Processing file /home/vscode/.local/lib/python3.10/site-packages/airflow/example_dags/plugins/workday.py for tasks to queue
[2025-01-19T03:33:10.561+0000] {logging_mixin.py:190} INFO - [2025-01-19T03:33:10.560+0000] {dagbag.py:588} INFO - Filling up the DagBag from /home/vscode/.local/lib/python3.10/site-packages/airflow/example_dags/plugins/workday.py
[2025-01-19T03:33:10.563+0000] {logging_mixin.py:190} INFO - [2025-01-19T03:33:10.563+0000] {workday.py:41} WARNING - Could not import pandas. Holidays will not be considered.
[2025-01-19T03:33:10.563+0000] {processor.py:927} WARNING - No viable dags retrieved from /home/vscode/.local/lib/python3.10/site-packages/airflow/example_dags/plugins/workday.py
[2025-01-19T03:33:10.571+0000] {processor.py:208} INFO - Processing /home/vscode/.local/lib/python3.10/site-packages/airflow/example_dags/plugins/workday.py took 0.017 seconds
[2025-01-19T03:34:01.589+0000] {processor.py:186} INFO - Started process (PID=11202) to work on /home/vscode/.local/lib/python3.10/site-packages/airflow/example_dags/plugins/workday.py
[2025-01-19T03:34:01.590+0000] {processor.py:914} INFO - Processing file /home/vscode/.local/lib/python3.10/site-packages/airflow/example_dags/plugins/workday.py for tasks to queue
[2025-01-19T03:34:01.592+0000] {logging_mixin.py:190} INFO - [2025-01-19T03:34:01.591+0000] {dagbag.py:588} INFO - Filling up the DagBag from /home/vscode/.local/lib/python3.10/site-packages/airflow/example_dags/plugins/workday.py
[2025-01-19T03:34:01.594+0000] {logging_mixin.py:190} INFO - [2025-01-19T03:34:01.594+0000] {workday.py:41} WARNING - Could not import pandas. Holidays will not be considered.
[2025-01-19T03:34:01.594+0000] {processor.py:927} WARNING - No viable dags retrieved from /home/vscode/.local/lib/python3.10/site-packages/airflow/example_dags/plugins/workday.py
[2025-01-19T03:34:01.602+0000] {processor.py:208} INFO - Processing /home/vscode/.local/lib/python3.10/site-packages/airflow/example_dags/plugins/workday.py took 0.017 seconds
[2025-01-19T03:34:51.683+0000] {processor.py:186} INFO - Started process (PID=11605) to work on /home/vscode/.local/lib/python3.10/site-packages/airflow/example_dags/plugins/workday.py
[2025-01-19T03:34:51.684+0000] {processor.py:914} INFO - Processing file /home/vscode/.local/lib/python3.10/site-packages/airflow/example_dags/plugins/workday.py for tasks to queue
[2025-01-19T03:34:51.685+0000] {logging_mixin.py:190} INFO - [2025-01-19T03:34:51.685+0000] {dagbag.py:588} INFO - Filling up the DagBag from /home/vscode/.local/lib/python3.10/site-packages/airflow/example_dags/plugins/workday.py
[2025-01-19T03:34:51.687+0000] {logging_mixin.py:190} INFO - [2025-01-19T03:34:51.687+0000] {workday.py:41} WARNING - Could not import pandas. Holidays will not be considered.
[2025-01-19T03:34:51.688+0000] {processor.py:927} WARNING - No viable dags retrieved from /home/vscode/.local/lib/python3.10/site-packages/airflow/example_dags/plugins/workday.py
[2025-01-19T03:34:51.695+0000] {processor.py:208} INFO - Processing /home/vscode/.local/lib/python3.10/site-packages/airflow/example_dags/plugins/workday.py took 0.017 seconds
[2025-01-19T03:35:41.906+0000] {processor.py:186} INFO - Started process (PID=11996) to work on /home/vscode/.local/lib/python3.10/site-packages/airflow/example_dags/plugins/workday.py
[2025-01-19T03:35:41.906+0000] {processor.py:914} INFO - Processing file /home/vscode/.local/lib/python3.10/site-packages/airflow/example_dags/plugins/workday.py for tasks to queue
[2025-01-19T03:35:41.908+0000] {logging_mixin.py:190} INFO - [2025-01-19T03:35:41.908+0000] {dagbag.py:588} INFO - Filling up the DagBag from /home/vscode/.local/lib/python3.10/site-packages/airflow/example_dags/plugins/workday.py
[2025-01-19T03:35:41.910+0000] {logging_mixin.py:190} INFO - [2025-01-19T03:35:41.910+0000] {workday.py:41} WARNING - Could not import pandas. Holidays will not be considered.
[2025-01-19T03:35:41.911+0000] {processor.py:927} WARNING - No viable dags retrieved from /home/vscode/.local/lib/python3.10/site-packages/airflow/example_dags/plugins/workday.py
[2025-01-19T03:35:41.918+0000] {processor.py:208} INFO - Processing /home/vscode/.local/lib/python3.10/site-packages/airflow/example_dags/plugins/workday.py took 0.017 seconds
[2025-01-19T03:36:29.898+0000] {processor.py:186} INFO - Started process (PID=12340) to work on /home/vscode/.local/lib/python3.10/site-packages/airflow/example_dags/plugins/workday.py
[2025-01-19T03:36:29.899+0000] {processor.py:914} INFO - Processing file /home/vscode/.local/lib/python3.10/site-packages/airflow/example_dags/plugins/workday.py for tasks to queue
[2025-01-19T03:36:29.901+0000] {logging_mixin.py:190} INFO - [2025-01-19T03:36:29.900+0000] {dagbag.py:588} INFO - Filling up the DagBag from /home/vscode/.local/lib/python3.10/site-packages/airflow/example_dags/plugins/workday.py
[2025-01-19T03:36:29.903+0000] {logging_mixin.py:190} INFO - [2025-01-19T03:36:29.903+0000] {workday.py:41} WARNING - Could not import pandas. Holidays will not be considered.
[2025-01-19T03:36:29.903+0000] {processor.py:927} WARNING - No viable dags retrieved from /home/vscode/.local/lib/python3.10/site-packages/airflow/example_dags/plugins/workday.py
[2025-01-19T03:36:29.911+0000] {processor.py:208} INFO - Processing /home/vscode/.local/lib/python3.10/site-packages/airflow/example_dags/plugins/workday.py took 0.017 seconds
[2025-01-19T03:37:20.665+0000] {processor.py:186} INFO - Started process (PID=12690) to work on /home/vscode/.local/lib/python3.10/site-packages/airflow/example_dags/plugins/workday.py
[2025-01-19T03:37:20.666+0000] {processor.py:914} INFO - Processing file /home/vscode/.local/lib/python3.10/site-packages/airflow/example_dags/plugins/workday.py for tasks to queue
[2025-01-19T03:37:20.668+0000] {logging_mixin.py:190} INFO - [2025-01-19T03:37:20.667+0000] {dagbag.py:588} INFO - Filling up the DagBag from /home/vscode/.local/lib/python3.10/site-packages/airflow/example_dags/plugins/workday.py
[2025-01-19T03:37:20.670+0000] {logging_mixin.py:190} INFO - [2025-01-19T03:37:20.670+0000] {workday.py:41} WARNING - Could not import pandas. Holidays will not be considered.
[2025-01-19T03:37:20.670+0000] {processor.py:927} WARNING - No viable dags retrieved from /home/vscode/.local/lib/python3.10/site-packages/airflow/example_dags/plugins/workday.py
[2025-01-19T03:37:20.678+0000] {processor.py:208} INFO - Processing /home/vscode/.local/lib/python3.10/site-packages/airflow/example_dags/plugins/workday.py took 0.017 seconds
[2025-01-19T03:38:13.178+0000] {processor.py:186} INFO - Started process (PID=13043) to work on /home/vscode/.local/lib/python3.10/site-packages/airflow/example_dags/plugins/workday.py
[2025-01-19T03:38:13.179+0000] {processor.py:914} INFO - Processing file /home/vscode/.local/lib/python3.10/site-packages/airflow/example_dags/plugins/workday.py for tasks to queue
[2025-01-19T03:38:13.181+0000] {logging_mixin.py:190} INFO - [2025-01-19T03:38:13.180+0000] {dagbag.py:588} INFO - Filling up the DagBag from /home/vscode/.local/lib/python3.10/site-packages/airflow/example_dags/plugins/workday.py
[2025-01-19T03:38:13.183+0000] {logging_mixin.py:190} INFO - [2025-01-19T03:38:13.183+0000] {workday.py:41} WARNING - Could not import pandas. Holidays will not be considered.
[2025-01-19T03:38:13.183+0000] {processor.py:927} WARNING - No viable dags retrieved from /home/vscode/.local/lib/python3.10/site-packages/airflow/example_dags/plugins/workday.py
[2025-01-19T03:38:13.191+0000] {processor.py:208} INFO - Processing /home/vscode/.local/lib/python3.10/site-packages/airflow/example_dags/plugins/workday.py took 0.017 seconds
[2025-01-19T03:39:01.122+0000] {processor.py:186} INFO - Started process (PID=13372) to work on /home/vscode/.local/lib/python3.10/site-packages/airflow/example_dags/plugins/workday.py
[2025-01-19T03:39:01.123+0000] {processor.py:914} INFO - Processing file /home/vscode/.local/lib/python3.10/site-packages/airflow/example_dags/plugins/workday.py for tasks to queue
[2025-01-19T03:39:01.125+0000] {logging_mixin.py:190} INFO - [2025-01-19T03:39:01.124+0000] {dagbag.py:588} INFO - Filling up the DagBag from /home/vscode/.local/lib/python3.10/site-packages/airflow/example_dags/plugins/workday.py
[2025-01-19T03:39:01.128+0000] {logging_mixin.py:190} INFO - [2025-01-19T03:39:01.127+0000] {workday.py:41} WARNING - Could not import pandas. Holidays will not be considered.
[2025-01-19T03:39:01.128+0000] {processor.py:927} WARNING - No viable dags retrieved from /home/vscode/.local/lib/python3.10/site-packages/airflow/example_dags/plugins/workday.py
[2025-01-19T03:39:01.135+0000] {processor.py:208} INFO - Processing /home/vscode/.local/lib/python3.10/site-packages/airflow/example_dags/plugins/workday.py took 0.020 seconds
[2025-01-19T03:39:51.366+0000] {processor.py:186} INFO - Started process (PID=13706) to work on /home/vscode/.local/lib/python3.10/site-packages/airflow/example_dags/plugins/workday.py
[2025-01-19T03:39:51.367+0000] {processor.py:914} INFO - Processing file /home/vscode/.local/lib/python3.10/site-packages/airflow/example_dags/plugins/workday.py for tasks to queue
[2025-01-19T03:39:51.368+0000] {logging_mixin.py:190} INFO - [2025-01-19T03:39:51.368+0000] {dagbag.py:588} INFO - Filling up the DagBag from /home/vscode/.local/lib/python3.10/site-packages/airflow/example_dags/plugins/workday.py
[2025-01-19T03:39:51.371+0000] {logging_mixin.py:190} INFO - [2025-01-19T03:39:51.371+0000] {workday.py:41} WARNING - Could not import pandas. Holidays will not be considered.
[2025-01-19T03:39:51.371+0000] {processor.py:927} WARNING - No viable dags retrieved from /home/vscode/.local/lib/python3.10/site-packages/airflow/example_dags/plugins/workday.py
[2025-01-19T03:39:51.379+0000] {processor.py:208} INFO - Processing /home/vscode/.local/lib/python3.10/site-packages/airflow/example_dags/plugins/workday.py took 0.018 seconds
[2025-01-19T03:40:42.714+0000] {processor.py:186} INFO - Started process (PID=14059) to work on /home/vscode/.local/lib/python3.10/site-packages/airflow/example_dags/plugins/workday.py
[2025-01-19T03:40:42.715+0000] {processor.py:914} INFO - Processing file /home/vscode/.local/lib/python3.10/site-packages/airflow/example_dags/plugins/workday.py for tasks to queue
[2025-01-19T03:40:42.716+0000] {logging_mixin.py:190} INFO - [2025-01-19T03:40:42.716+0000] {dagbag.py:588} INFO - Filling up the DagBag from /home/vscode/.local/lib/python3.10/site-packages/airflow/example_dags/plugins/workday.py
[2025-01-19T03:40:42.718+0000] {logging_mixin.py:190} INFO - [2025-01-19T03:40:42.718+0000] {workday.py:41} WARNING - Could not import pandas. Holidays will not be considered.
[2025-01-19T03:40:42.719+0000] {processor.py:927} WARNING - No viable dags retrieved from /home/vscode/.local/lib/python3.10/site-packages/airflow/example_dags/plugins/workday.py
[2025-01-19T03:40:42.726+0000] {processor.py:208} INFO - Processing /home/vscode/.local/lib/python3.10/site-packages/airflow/example_dags/plugins/workday.py took 0.017 seconds
[2025-01-19T03:41:31.550+0000] {processor.py:186} INFO - Started process (PID=14382) to work on /home/vscode/.local/lib/python3.10/site-packages/airflow/example_dags/plugins/workday.py
[2025-01-19T03:41:31.551+0000] {processor.py:914} INFO - Processing file /home/vscode/.local/lib/python3.10/site-packages/airflow/example_dags/plugins/workday.py for tasks to queue
[2025-01-19T03:41:31.553+0000] {logging_mixin.py:190} INFO - [2025-01-19T03:41:31.552+0000] {dagbag.py:588} INFO - Filling up the DagBag from /home/vscode/.local/lib/python3.10/site-packages/airflow/example_dags/plugins/workday.py
[2025-01-19T03:41:31.555+0000] {logging_mixin.py:190} INFO - [2025-01-19T03:41:31.555+0000] {workday.py:41} WARNING - Could not import pandas. Holidays will not be considered.
[2025-01-19T03:41:31.555+0000] {processor.py:927} WARNING - No viable dags retrieved from /home/vscode/.local/lib/python3.10/site-packages/airflow/example_dags/plugins/workday.py
[2025-01-19T03:41:31.563+0000] {processor.py:208} INFO - Processing /home/vscode/.local/lib/python3.10/site-packages/airflow/example_dags/plugins/workday.py took 0.017 seconds
[2025-01-19T03:42:25.403+0000] {processor.py:186} INFO - Started process (PID=14751) to work on /home/vscode/.local/lib/python3.10/site-packages/airflow/example_dags/plugins/workday.py
[2025-01-19T03:42:25.403+0000] {processor.py:914} INFO - Processing file /home/vscode/.local/lib/python3.10/site-packages/airflow/example_dags/plugins/workday.py for tasks to queue
[2025-01-19T03:42:25.405+0000] {logging_mixin.py:190} INFO - [2025-01-19T03:42:25.405+0000] {dagbag.py:588} INFO - Filling up the DagBag from /home/vscode/.local/lib/python3.10/site-packages/airflow/example_dags/plugins/workday.py
[2025-01-19T03:42:25.407+0000] {logging_mixin.py:190} INFO - [2025-01-19T03:42:25.407+0000] {workday.py:41} WARNING - Could not import pandas. Holidays will not be considered.
[2025-01-19T03:42:25.408+0000] {processor.py:927} WARNING - No viable dags retrieved from /home/vscode/.local/lib/python3.10/site-packages/airflow/example_dags/plugins/workday.py
[2025-01-19T03:42:25.415+0000] {processor.py:208} INFO - Processing /home/vscode/.local/lib/python3.10/site-packages/airflow/example_dags/plugins/workday.py took 0.017 seconds
[2025-01-19T03:43:15.098+0000] {processor.py:186} INFO - Started process (PID=15087) to work on /home/vscode/.local/lib/python3.10/site-packages/airflow/example_dags/plugins/workday.py
[2025-01-19T03:43:15.099+0000] {processor.py:914} INFO - Processing file /home/vscode/.local/lib/python3.10/site-packages/airflow/example_dags/plugins/workday.py for tasks to queue
[2025-01-19T03:43:15.100+0000] {logging_mixin.py:190} INFO - [2025-01-19T03:43:15.100+0000] {dagbag.py:588} INFO - Filling up the DagBag from /home/vscode/.local/lib/python3.10/site-packages/airflow/example_dags/plugins/workday.py
[2025-01-19T03:43:15.103+0000] {logging_mixin.py:190} INFO - [2025-01-19T03:43:15.103+0000] {workday.py:41} WARNING - Could not import pandas. Holidays will not be considered.
[2025-01-19T03:43:15.103+0000] {processor.py:927} WARNING - No viable dags retrieved from /home/vscode/.local/lib/python3.10/site-packages/airflow/example_dags/plugins/workday.py
[2025-01-19T03:43:15.111+0000] {processor.py:208} INFO - Processing /home/vscode/.local/lib/python3.10/site-packages/airflow/example_dags/plugins/workday.py took 0.017 seconds
[2025-01-19T03:44:07.480+0000] {processor.py:186} INFO - Started process (PID=15435) to work on /home/vscode/.local/lib/python3.10/site-packages/airflow/example_dags/plugins/workday.py
[2025-01-19T03:44:07.481+0000] {processor.py:914} INFO - Processing file /home/vscode/.local/lib/python3.10/site-packages/airflow/example_dags/plugins/workday.py for tasks to queue
[2025-01-19T03:44:07.483+0000] {logging_mixin.py:190} INFO - [2025-01-19T03:44:07.483+0000] {dagbag.py:588} INFO - Filling up the DagBag from /home/vscode/.local/lib/python3.10/site-packages/airflow/example_dags/plugins/workday.py
[2025-01-19T03:44:07.485+0000] {logging_mixin.py:190} INFO - [2025-01-19T03:44:07.485+0000] {workday.py:41} WARNING - Could not import pandas. Holidays will not be considered.
[2025-01-19T03:44:07.486+0000] {processor.py:927} WARNING - No viable dags retrieved from /home/vscode/.local/lib/python3.10/site-packages/airflow/example_dags/plugins/workday.py
[2025-01-19T03:44:07.494+0000] {processor.py:208} INFO - Processing /home/vscode/.local/lib/python3.10/site-packages/airflow/example_dags/plugins/workday.py took 0.019 seconds
[2025-01-19T03:45:00.631+0000] {processor.py:186} INFO - Started process (PID=15790) to work on /home/vscode/.local/lib/python3.10/site-packages/airflow/example_dags/plugins/workday.py
[2025-01-19T03:45:00.632+0000] {processor.py:914} INFO - Processing file /home/vscode/.local/lib/python3.10/site-packages/airflow/example_dags/plugins/workday.py for tasks to queue
[2025-01-19T03:45:00.634+0000] {logging_mixin.py:190} INFO - [2025-01-19T03:45:00.633+0000] {dagbag.py:588} INFO - Filling up the DagBag from /home/vscode/.local/lib/python3.10/site-packages/airflow/example_dags/plugins/workday.py
[2025-01-19T03:45:00.637+0000] {logging_mixin.py:190} INFO - [2025-01-19T03:45:00.636+0000] {workday.py:41} WARNING - Could not import pandas. Holidays will not be considered.
[2025-01-19T03:45:00.637+0000] {processor.py:927} WARNING - No viable dags retrieved from /home/vscode/.local/lib/python3.10/site-packages/airflow/example_dags/plugins/workday.py
[2025-01-19T03:45:00.645+0000] {processor.py:208} INFO - Processing /home/vscode/.local/lib/python3.10/site-packages/airflow/example_dags/plugins/workday.py took 0.018 seconds
[2025-01-19T03:45:51.960+0000] {processor.py:186} INFO - Started process (PID=16138) to work on /home/vscode/.local/lib/python3.10/site-packages/airflow/example_dags/plugins/workday.py
[2025-01-19T03:45:51.960+0000] {processor.py:914} INFO - Processing file /home/vscode/.local/lib/python3.10/site-packages/airflow/example_dags/plugins/workday.py for tasks to queue
[2025-01-19T03:45:51.962+0000] {logging_mixin.py:190} INFO - [2025-01-19T03:45:51.962+0000] {dagbag.py:588} INFO - Filling up the DagBag from /home/vscode/.local/lib/python3.10/site-packages/airflow/example_dags/plugins/workday.py
[2025-01-19T03:45:51.965+0000] {logging_mixin.py:190} INFO - [2025-01-19T03:45:51.965+0000] {workday.py:41} WARNING - Could not import pandas. Holidays will not be considered.
[2025-01-19T03:45:51.965+0000] {processor.py:927} WARNING - No viable dags retrieved from /home/vscode/.local/lib/python3.10/site-packages/airflow/example_dags/plugins/workday.py
[2025-01-19T03:45:51.973+0000] {processor.py:208} INFO - Processing /home/vscode/.local/lib/python3.10/site-packages/airflow/example_dags/plugins/workday.py took 0.017 seconds
[2025-01-19T03:46:41.640+0000] {processor.py:186} INFO - Started process (PID=16469) to work on /home/vscode/.local/lib/python3.10/site-packages/airflow/example_dags/plugins/workday.py
[2025-01-19T03:46:41.641+0000] {processor.py:914} INFO - Processing file /home/vscode/.local/lib/python3.10/site-packages/airflow/example_dags/plugins/workday.py for tasks to queue
[2025-01-19T03:46:41.642+0000] {logging_mixin.py:190} INFO - [2025-01-19T03:46:41.642+0000] {dagbag.py:588} INFO - Filling up the DagBag from /home/vscode/.local/lib/python3.10/site-packages/airflow/example_dags/plugins/workday.py
[2025-01-19T03:46:41.645+0000] {logging_mixin.py:190} INFO - [2025-01-19T03:46:41.644+0000] {workday.py:41} WARNING - Could not import pandas. Holidays will not be considered.
[2025-01-19T03:46:41.645+0000] {processor.py:927} WARNING - No viable dags retrieved from /home/vscode/.local/lib/python3.10/site-packages/airflow/example_dags/plugins/workday.py
[2025-01-19T03:46:41.653+0000] {processor.py:208} INFO - Processing /home/vscode/.local/lib/python3.10/site-packages/airflow/example_dags/plugins/workday.py took 0.017 seconds
[2025-01-19T03:47:34.595+0000] {processor.py:186} INFO - Started process (PID=16830) to work on /home/vscode/.local/lib/python3.10/site-packages/airflow/example_dags/plugins/workday.py
[2025-01-19T03:47:34.596+0000] {processor.py:914} INFO - Processing file /home/vscode/.local/lib/python3.10/site-packages/airflow/example_dags/plugins/workday.py for tasks to queue
[2025-01-19T03:47:34.598+0000] {logging_mixin.py:190} INFO - [2025-01-19T03:47:34.598+0000] {dagbag.py:588} INFO - Filling up the DagBag from /home/vscode/.local/lib/python3.10/site-packages/airflow/example_dags/plugins/workday.py
[2025-01-19T03:47:34.601+0000] {logging_mixin.py:190} INFO - [2025-01-19T03:47:34.601+0000] {workday.py:41} WARNING - Could not import pandas. Holidays will not be considered.
[2025-01-19T03:47:34.602+0000] {processor.py:927} WARNING - No viable dags retrieved from /home/vscode/.local/lib/python3.10/site-packages/airflow/example_dags/plugins/workday.py
[2025-01-19T03:47:34.610+0000] {processor.py:208} INFO - Processing /home/vscode/.local/lib/python3.10/site-packages/airflow/example_dags/plugins/workday.py took 0.022 seconds
[2025-01-19T03:48:24.859+0000] {processor.py:186} INFO - Started process (PID=17175) to work on /home/vscode/.local/lib/python3.10/site-packages/airflow/example_dags/plugins/workday.py
[2025-01-19T03:48:24.860+0000] {processor.py:914} INFO - Processing file /home/vscode/.local/lib/python3.10/site-packages/airflow/example_dags/plugins/workday.py for tasks to queue
[2025-01-19T03:48:24.862+0000] {logging_mixin.py:190} INFO - [2025-01-19T03:48:24.861+0000] {dagbag.py:588} INFO - Filling up the DagBag from /home/vscode/.local/lib/python3.10/site-packages/airflow/example_dags/plugins/workday.py
[2025-01-19T03:48:24.864+0000] {logging_mixin.py:190} INFO - [2025-01-19T03:48:24.864+0000] {workday.py:41} WARNING - Could not import pandas. Holidays will not be considered.
[2025-01-19T03:48:24.864+0000] {processor.py:927} WARNING - No viable dags retrieved from /home/vscode/.local/lib/python3.10/site-packages/airflow/example_dags/plugins/workday.py
[2025-01-19T03:48:24.872+0000] {processor.py:208} INFO - Processing /home/vscode/.local/lib/python3.10/site-packages/airflow/example_dags/plugins/workday.py took 0.017 seconds
[2025-01-19T03:49:15.157+0000] {processor.py:186} INFO - Started process (PID=17620) to work on /home/vscode/.local/lib/python3.10/site-packages/airflow/example_dags/plugins/workday.py
[2025-01-19T03:49:15.158+0000] {processor.py:914} INFO - Processing file /home/vscode/.local/lib/python3.10/site-packages/airflow/example_dags/plugins/workday.py for tasks to queue
[2025-01-19T03:49:15.159+0000] {logging_mixin.py:190} INFO - [2025-01-19T03:49:15.159+0000] {dagbag.py:588} INFO - Filling up the DagBag from /home/vscode/.local/lib/python3.10/site-packages/airflow/example_dags/plugins/workday.py
[2025-01-19T03:49:15.162+0000] {logging_mixin.py:190} INFO - [2025-01-19T03:49:15.162+0000] {workday.py:41} WARNING - Could not import pandas. Holidays will not be considered.
[2025-01-19T03:49:15.162+0000] {processor.py:927} WARNING - No viable dags retrieved from /home/vscode/.local/lib/python3.10/site-packages/airflow/example_dags/plugins/workday.py
[2025-01-19T03:49:15.169+0000] {processor.py:208} INFO - Processing /home/vscode/.local/lib/python3.10/site-packages/airflow/example_dags/plugins/workday.py took 0.017 seconds
[2025-01-19T03:50:06.642+0000] {processor.py:186} INFO - Started process (PID=18025) to work on /home/vscode/.local/lib/python3.10/site-packages/airflow/example_dags/plugins/workday.py
[2025-01-19T03:50:06.643+0000] {processor.py:914} INFO - Processing file /home/vscode/.local/lib/python3.10/site-packages/airflow/example_dags/plugins/workday.py for tasks to queue
[2025-01-19T03:50:06.645+0000] {logging_mixin.py:190} INFO - [2025-01-19T03:50:06.645+0000] {dagbag.py:588} INFO - Filling up the DagBag from /home/vscode/.local/lib/python3.10/site-packages/airflow/example_dags/plugins/workday.py
[2025-01-19T03:50:06.649+0000] {logging_mixin.py:190} INFO - [2025-01-19T03:50:06.648+0000] {workday.py:41} WARNING - Could not import pandas. Holidays will not be considered.
[2025-01-19T03:50:06.649+0000] {processor.py:927} WARNING - No viable dags retrieved from /home/vscode/.local/lib/python3.10/site-packages/airflow/example_dags/plugins/workday.py
[2025-01-19T03:50:06.660+0000] {processor.py:208} INFO - Processing /home/vscode/.local/lib/python3.10/site-packages/airflow/example_dags/plugins/workday.py took 0.025 seconds
[2025-01-19T03:50:56.808+0000] {processor.py:186} INFO - Started process (PID=18414) to work on /home/vscode/.local/lib/python3.10/site-packages/airflow/example_dags/plugins/workday.py
[2025-01-19T03:50:56.809+0000] {processor.py:914} INFO - Processing file /home/vscode/.local/lib/python3.10/site-packages/airflow/example_dags/plugins/workday.py for tasks to queue
[2025-01-19T03:50:56.810+0000] {logging_mixin.py:190} INFO - [2025-01-19T03:50:56.810+0000] {dagbag.py:588} INFO - Filling up the DagBag from /home/vscode/.local/lib/python3.10/site-packages/airflow/example_dags/plugins/workday.py
[2025-01-19T03:50:56.813+0000] {logging_mixin.py:190} INFO - [2025-01-19T03:50:56.813+0000] {workday.py:41} WARNING - Could not import pandas. Holidays will not be considered.
[2025-01-19T03:50:56.813+0000] {processor.py:927} WARNING - No viable dags retrieved from /home/vscode/.local/lib/python3.10/site-packages/airflow/example_dags/plugins/workday.py
[2025-01-19T03:50:56.821+0000] {processor.py:208} INFO - Processing /home/vscode/.local/lib/python3.10/site-packages/airflow/example_dags/plugins/workday.py took 0.017 seconds
[2025-01-19T03:55:09.798+0000] {processor.py:186} INFO - Started process (PID=20207) to work on /home/vscode/.local/lib/python3.10/site-packages/airflow/example_dags/plugins/workday.py
[2025-01-19T03:55:09.799+0000] {processor.py:914} INFO - Processing file /home/vscode/.local/lib/python3.10/site-packages/airflow/example_dags/plugins/workday.py for tasks to queue
[2025-01-19T03:55:09.800+0000] {logging_mixin.py:190} INFO - [2025-01-19T03:55:09.800+0000] {dagbag.py:588} INFO - Filling up the DagBag from /home/vscode/.local/lib/python3.10/site-packages/airflow/example_dags/plugins/workday.py
[2025-01-19T03:55:09.803+0000] {logging_mixin.py:190} INFO - [2025-01-19T03:55:09.802+0000] {workday.py:41} WARNING - Could not import pandas. Holidays will not be considered.
[2025-01-19T03:55:09.803+0000] {processor.py:927} WARNING - No viable dags retrieved from /home/vscode/.local/lib/python3.10/site-packages/airflow/example_dags/plugins/workday.py
[2025-01-19T03:55:09.810+0000] {processor.py:208} INFO - Processing /home/vscode/.local/lib/python3.10/site-packages/airflow/example_dags/plugins/workday.py took 0.017 seconds
[2025-01-19T03:56:05.322+0000] {processor.py:186} INFO - Started process (PID=20585) to work on /home/vscode/.local/lib/python3.10/site-packages/airflow/example_dags/plugins/workday.py
[2025-01-19T03:56:05.323+0000] {processor.py:914} INFO - Processing file /home/vscode/.local/lib/python3.10/site-packages/airflow/example_dags/plugins/workday.py for tasks to queue
[2025-01-19T03:56:05.325+0000] {logging_mixin.py:190} INFO - [2025-01-19T03:56:05.324+0000] {dagbag.py:588} INFO - Filling up the DagBag from /home/vscode/.local/lib/python3.10/site-packages/airflow/example_dags/plugins/workday.py
[2025-01-19T03:56:05.327+0000] {logging_mixin.py:190} INFO - [2025-01-19T03:56:05.327+0000] {workday.py:41} WARNING - Could not import pandas. Holidays will not be considered.
[2025-01-19T03:56:05.327+0000] {processor.py:927} WARNING - No viable dags retrieved from /home/vscode/.local/lib/python3.10/site-packages/airflow/example_dags/plugins/workday.py
[2025-01-19T03:56:05.336+0000] {processor.py:208} INFO - Processing /home/vscode/.local/lib/python3.10/site-packages/airflow/example_dags/plugins/workday.py took 0.019 seconds
[2025-01-19T03:56:57.883+0000] {processor.py:186} INFO - Started process (PID=20935) to work on /home/vscode/.local/lib/python3.10/site-packages/airflow/example_dags/plugins/workday.py
[2025-01-19T03:56:57.884+0000] {processor.py:914} INFO - Processing file /home/vscode/.local/lib/python3.10/site-packages/airflow/example_dags/plugins/workday.py for tasks to queue
[2025-01-19T03:56:57.886+0000] {logging_mixin.py:190} INFO - [2025-01-19T03:56:57.885+0000] {dagbag.py:588} INFO - Filling up the DagBag from /home/vscode/.local/lib/python3.10/site-packages/airflow/example_dags/plugins/workday.py
[2025-01-19T03:56:57.888+0000] {logging_mixin.py:190} INFO - [2025-01-19T03:56:57.888+0000] {workday.py:41} WARNING - Could not import pandas. Holidays will not be considered.
[2025-01-19T03:56:57.888+0000] {processor.py:927} WARNING - No viable dags retrieved from /home/vscode/.local/lib/python3.10/site-packages/airflow/example_dags/plugins/workday.py
[2025-01-19T03:56:57.896+0000] {processor.py:208} INFO - Processing /home/vscode/.local/lib/python3.10/site-packages/airflow/example_dags/plugins/workday.py took 0.017 seconds
[2025-01-19T03:57:48.983+0000] {processor.py:186} INFO - Started process (PID=21288) to work on /home/vscode/.local/lib/python3.10/site-packages/airflow/example_dags/plugins/workday.py
[2025-01-19T03:57:48.984+0000] {processor.py:914} INFO - Processing file /home/vscode/.local/lib/python3.10/site-packages/airflow/example_dags/plugins/workday.py for tasks to queue
[2025-01-19T03:57:48.985+0000] {logging_mixin.py:190} INFO - [2025-01-19T03:57:48.985+0000] {dagbag.py:588} INFO - Filling up the DagBag from /home/vscode/.local/lib/python3.10/site-packages/airflow/example_dags/plugins/workday.py
[2025-01-19T03:57:48.988+0000] {logging_mixin.py:190} INFO - [2025-01-19T03:57:48.988+0000] {workday.py:41} WARNING - Could not import pandas. Holidays will not be considered.
[2025-01-19T03:57:48.988+0000] {processor.py:927} WARNING - No viable dags retrieved from /home/vscode/.local/lib/python3.10/site-packages/airflow/example_dags/plugins/workday.py
[2025-01-19T03:57:48.996+0000] {processor.py:208} INFO - Processing /home/vscode/.local/lib/python3.10/site-packages/airflow/example_dags/plugins/workday.py took 0.018 seconds
[2025-01-19T03:58:45.908+0000] {processor.py:186} INFO - Started process (PID=21674) to work on /home/vscode/.local/lib/python3.10/site-packages/airflow/example_dags/plugins/workday.py
[2025-01-19T03:58:45.909+0000] {processor.py:914} INFO - Processing file /home/vscode/.local/lib/python3.10/site-packages/airflow/example_dags/plugins/workday.py for tasks to queue
[2025-01-19T03:58:45.911+0000] {logging_mixin.py:190} INFO - [2025-01-19T03:58:45.910+0000] {dagbag.py:588} INFO - Filling up the DagBag from /home/vscode/.local/lib/python3.10/site-packages/airflow/example_dags/plugins/workday.py
[2025-01-19T03:58:45.913+0000] {logging_mixin.py:190} INFO - [2025-01-19T03:58:45.913+0000] {workday.py:41} WARNING - Could not import pandas. Holidays will not be considered.
[2025-01-19T03:58:45.913+0000] {processor.py:927} WARNING - No viable dags retrieved from /home/vscode/.local/lib/python3.10/site-packages/airflow/example_dags/plugins/workday.py
[2025-01-19T03:58:45.921+0000] {processor.py:208} INFO - Processing /home/vscode/.local/lib/python3.10/site-packages/airflow/example_dags/plugins/workday.py took 0.017 seconds
[2025-01-19T03:59:36.093+0000] {processor.py:186} INFO - Started process (PID=22018) to work on /home/vscode/.local/lib/python3.10/site-packages/airflow/example_dags/plugins/workday.py
[2025-01-19T03:59:36.094+0000] {processor.py:914} INFO - Processing file /home/vscode/.local/lib/python3.10/site-packages/airflow/example_dags/plugins/workday.py for tasks to queue
[2025-01-19T03:59:36.096+0000] {logging_mixin.py:190} INFO - [2025-01-19T03:59:36.096+0000] {dagbag.py:588} INFO - Filling up the DagBag from /home/vscode/.local/lib/python3.10/site-packages/airflow/example_dags/plugins/workday.py
[2025-01-19T03:59:36.098+0000] {logging_mixin.py:190} INFO - [2025-01-19T03:59:36.098+0000] {workday.py:41} WARNING - Could not import pandas. Holidays will not be considered.
[2025-01-19T03:59:36.099+0000] {processor.py:927} WARNING - No viable dags retrieved from /home/vscode/.local/lib/python3.10/site-packages/airflow/example_dags/plugins/workday.py
[2025-01-19T03:59:36.109+0000] {processor.py:208} INFO - Processing /home/vscode/.local/lib/python3.10/site-packages/airflow/example_dags/plugins/workday.py took 0.020 seconds
[2025-01-19T04:00:28.678+0000] {processor.py:186} INFO - Started process (PID=22370) to work on /home/vscode/.local/lib/python3.10/site-packages/airflow/example_dags/plugins/workday.py
[2025-01-19T04:00:28.678+0000] {processor.py:914} INFO - Processing file /home/vscode/.local/lib/python3.10/site-packages/airflow/example_dags/plugins/workday.py for tasks to queue
[2025-01-19T04:00:28.680+0000] {logging_mixin.py:190} INFO - [2025-01-19T04:00:28.680+0000] {dagbag.py:588} INFO - Filling up the DagBag from /home/vscode/.local/lib/python3.10/site-packages/airflow/example_dags/plugins/workday.py
[2025-01-19T04:00:28.682+0000] {logging_mixin.py:190} INFO - [2025-01-19T04:00:28.682+0000] {workday.py:41} WARNING - Could not import pandas. Holidays will not be considered.
[2025-01-19T04:00:28.683+0000] {processor.py:927} WARNING - No viable dags retrieved from /home/vscode/.local/lib/python3.10/site-packages/airflow/example_dags/plugins/workday.py
[2025-01-19T04:00:28.690+0000] {processor.py:208} INFO - Processing /home/vscode/.local/lib/python3.10/site-packages/airflow/example_dags/plugins/workday.py took 0.017 seconds
[2025-01-19T04:01:18.830+0000] {processor.py:186} INFO - Started process (PID=22711) to work on /home/vscode/.local/lib/python3.10/site-packages/airflow/example_dags/plugins/workday.py
[2025-01-19T04:01:18.831+0000] {processor.py:914} INFO - Processing file /home/vscode/.local/lib/python3.10/site-packages/airflow/example_dags/plugins/workday.py for tasks to queue
[2025-01-19T04:01:18.832+0000] {logging_mixin.py:190} INFO - [2025-01-19T04:01:18.832+0000] {dagbag.py:588} INFO - Filling up the DagBag from /home/vscode/.local/lib/python3.10/site-packages/airflow/example_dags/plugins/workday.py
[2025-01-19T04:01:18.834+0000] {logging_mixin.py:190} INFO - [2025-01-19T04:01:18.834+0000] {workday.py:41} WARNING - Could not import pandas. Holidays will not be considered.
[2025-01-19T04:01:18.835+0000] {processor.py:927} WARNING - No viable dags retrieved from /home/vscode/.local/lib/python3.10/site-packages/airflow/example_dags/plugins/workday.py
[2025-01-19T04:01:18.842+0000] {processor.py:208} INFO - Processing /home/vscode/.local/lib/python3.10/site-packages/airflow/example_dags/plugins/workday.py took 0.017 seconds
[2025-01-19T04:02:11.473+0000] {processor.py:186} INFO - Started process (PID=23078) to work on /home/vscode/.local/lib/python3.10/site-packages/airflow/example_dags/plugins/workday.py
[2025-01-19T04:02:11.474+0000] {processor.py:914} INFO - Processing file /home/vscode/.local/lib/python3.10/site-packages/airflow/example_dags/plugins/workday.py for tasks to queue
[2025-01-19T04:02:11.476+0000] {logging_mixin.py:190} INFO - [2025-01-19T04:02:11.475+0000] {dagbag.py:588} INFO - Filling up the DagBag from /home/vscode/.local/lib/python3.10/site-packages/airflow/example_dags/plugins/workday.py
[2025-01-19T04:02:11.478+0000] {logging_mixin.py:190} INFO - [2025-01-19T04:02:11.478+0000] {workday.py:41} WARNING - Could not import pandas. Holidays will not be considered.
[2025-01-19T04:02:11.479+0000] {processor.py:927} WARNING - No viable dags retrieved from /home/vscode/.local/lib/python3.10/site-packages/airflow/example_dags/plugins/workday.py
[2025-01-19T04:02:11.488+0000] {processor.py:208} INFO - Processing /home/vscode/.local/lib/python3.10/site-packages/airflow/example_dags/plugins/workday.py took 0.019 seconds
[2025-01-19T04:03:00.720+0000] {processor.py:186} INFO - Started process (PID=23552) to work on /home/vscode/.local/lib/python3.10/site-packages/airflow/example_dags/plugins/workday.py
[2025-01-19T04:03:00.721+0000] {processor.py:914} INFO - Processing file /home/vscode/.local/lib/python3.10/site-packages/airflow/example_dags/plugins/workday.py for tasks to queue
[2025-01-19T04:03:00.722+0000] {logging_mixin.py:190} INFO - [2025-01-19T04:03:00.722+0000] {dagbag.py:588} INFO - Filling up the DagBag from /home/vscode/.local/lib/python3.10/site-packages/airflow/example_dags/plugins/workday.py
[2025-01-19T04:03:00.725+0000] {logging_mixin.py:190} INFO - [2025-01-19T04:03:00.725+0000] {workday.py:41} WARNING - Could not import pandas. Holidays will not be considered.
[2025-01-19T04:03:00.725+0000] {processor.py:927} WARNING - No viable dags retrieved from /home/vscode/.local/lib/python3.10/site-packages/airflow/example_dags/plugins/workday.py
[2025-01-19T04:03:00.733+0000] {processor.py:208} INFO - Processing /home/vscode/.local/lib/python3.10/site-packages/airflow/example_dags/plugins/workday.py took 0.018 seconds
