[2025-01-19T03:20:36.275+0000] {processor.py:186} INFO - Started process (PID=4917) to work on /home/vscode/.local/lib/python3.10/site-packages/airflow/example_dags/example_short_circuit_operator.py
[2025-01-19T03:20:36.276+0000] {processor.py:914} INFO - Processing file /home/vscode/.local/lib/python3.10/site-packages/airflow/example_dags/example_short_circuit_operator.py for tasks to queue
[2025-01-19T03:20:36.277+0000] {logging_mixin.py:190} INFO - [2025-01-19T03:20:36.277+0000] {dagbag.py:588} INFO - Filling up the DagBag from /home/vscode/.local/lib/python3.10/site-packages/airflow/example_dags/example_short_circuit_operator.py
[2025-01-19T03:20:36.285+0000] {processor.py:925} INFO - DAG(s) 'example_short_circuit_operator' retrieved from /home/vscode/.local/lib/python3.10/site-packages/airflow/example_dags/example_short_circuit_operator.py
[2025-01-19T03:20:36.373+0000] {logging_mixin.py:190} INFO - [2025-01-19T03:20:36.372+0000] {override.py:1911} INFO - Created Permission View: can read on DAG:example_short_circuit_operator
[2025-01-19T03:20:36.381+0000] {logging_mixin.py:190} INFO - [2025-01-19T03:20:36.380+0000] {override.py:1911} INFO - Created Permission View: can edit on DAG:example_short_circuit_operator
[2025-01-19T03:20:36.387+0000] {logging_mixin.py:190} INFO - [2025-01-19T03:20:36.387+0000] {override.py:1911} INFO - Created Permission View: can delete on DAG:example_short_circuit_operator
[2025-01-19T03:20:36.395+0000] {logging_mixin.py:190} INFO - [2025-01-19T03:20:36.395+0000] {override.py:1911} INFO - Created Permission View: menu access on DAG Run:example_short_circuit_operator
[2025-01-19T03:20:36.402+0000] {logging_mixin.py:190} INFO - [2025-01-19T03:20:36.402+0000] {override.py:1911} INFO - Created Permission View: can read on DAG Run:example_short_circuit_operator
[2025-01-19T03:20:36.408+0000] {logging_mixin.py:190} INFO - [2025-01-19T03:20:36.407+0000] {override.py:1911} INFO - Created Permission View: can create on DAG Run:example_short_circuit_operator
[2025-01-19T03:20:36.413+0000] {logging_mixin.py:190} INFO - [2025-01-19T03:20:36.413+0000] {override.py:1911} INFO - Created Permission View: can delete on DAG Run:example_short_circuit_operator
[2025-01-19T03:20:36.414+0000] {logging_mixin.py:190} INFO - [2025-01-19T03:20:36.413+0000] {dag.py:3239} INFO - Sync 1 DAGs
[2025-01-19T03:20:36.424+0000] {logging_mixin.py:190} INFO - [2025-01-19T03:20:36.424+0000] {dag.py:3262} INFO - Creating ORM DAG for example_short_circuit_operator
[2025-01-19T03:20:36.424+0000] {logging_mixin.py:190} INFO - [2025-01-19T03:20:36.424+0000] {dag.py:4180} INFO - Setting next_dagrun for example_short_circuit_operator to None, run_after=None
[2025-01-19T03:20:36.441+0000] {processor.py:208} INFO - Processing /home/vscode/.local/lib/python3.10/site-packages/airflow/example_dags/example_short_circuit_operator.py took 0.171 seconds
[2025-01-19T03:21:38.591+0000] {processor.py:186} INFO - Started process (PID=5488) to work on /home/vscode/.local/lib/python3.10/site-packages/airflow/example_dags/example_short_circuit_operator.py
[2025-01-19T03:21:38.591+0000] {processor.py:914} INFO - Processing file /home/vscode/.local/lib/python3.10/site-packages/airflow/example_dags/example_short_circuit_operator.py for tasks to queue
[2025-01-19T03:21:38.593+0000] {logging_mixin.py:190} INFO - [2025-01-19T03:21:38.593+0000] {dagbag.py:588} INFO - Filling up the DagBag from /home/vscode/.local/lib/python3.10/site-packages/airflow/example_dags/example_short_circuit_operator.py
[2025-01-19T03:21:38.600+0000] {processor.py:925} INFO - DAG(s) 'example_short_circuit_operator' retrieved from /home/vscode/.local/lib/python3.10/site-packages/airflow/example_dags/example_short_circuit_operator.py
[2025-01-19T03:21:38.615+0000] {logging_mixin.py:190} INFO - [2025-01-19T03:21:38.615+0000] {dag.py:3239} INFO - Sync 1 DAGs
[2025-01-19T03:21:38.625+0000] {logging_mixin.py:190} INFO - [2025-01-19T03:21:38.625+0000] {dag.py:4180} INFO - Setting next_dagrun for example_short_circuit_operator to None, run_after=None
[2025-01-19T03:21:38.639+0000] {processor.py:208} INFO - Processing /home/vscode/.local/lib/python3.10/site-packages/airflow/example_dags/example_short_circuit_operator.py took 0.053 seconds
[2025-01-19T03:22:32.865+0000] {processor.py:186} INFO - Started process (PID=5871) to work on /home/vscode/.local/lib/python3.10/site-packages/airflow/example_dags/example_short_circuit_operator.py
[2025-01-19T03:22:32.866+0000] {processor.py:914} INFO - Processing file /home/vscode/.local/lib/python3.10/site-packages/airflow/example_dags/example_short_circuit_operator.py for tasks to queue
[2025-01-19T03:22:32.867+0000] {logging_mixin.py:190} INFO - [2025-01-19T03:22:32.867+0000] {dagbag.py:588} INFO - Filling up the DagBag from /home/vscode/.local/lib/python3.10/site-packages/airflow/example_dags/example_short_circuit_operator.py
[2025-01-19T03:22:32.875+0000] {processor.py:925} INFO - DAG(s) 'example_short_circuit_operator' retrieved from /home/vscode/.local/lib/python3.10/site-packages/airflow/example_dags/example_short_circuit_operator.py
[2025-01-19T03:22:32.889+0000] {logging_mixin.py:190} INFO - [2025-01-19T03:22:32.889+0000] {dag.py:3239} INFO - Sync 1 DAGs
[2025-01-19T03:22:32.899+0000] {logging_mixin.py:190} INFO - [2025-01-19T03:22:32.899+0000] {dag.py:4180} INFO - Setting next_dagrun for example_short_circuit_operator to None, run_after=None
[2025-01-19T03:22:32.914+0000] {processor.py:208} INFO - Processing /home/vscode/.local/lib/python3.10/site-packages/airflow/example_dags/example_short_circuit_operator.py took 0.053 seconds
[2025-01-19T03:23:20.333+0000] {processor.py:186} INFO - Started process (PID=6286) to work on /home/vscode/.local/lib/python3.10/site-packages/airflow/example_dags/example_short_circuit_operator.py
[2025-01-19T03:23:20.334+0000] {processor.py:914} INFO - Processing file /home/vscode/.local/lib/python3.10/site-packages/airflow/example_dags/example_short_circuit_operator.py for tasks to queue
[2025-01-19T03:23:20.336+0000] {logging_mixin.py:190} INFO - [2025-01-19T03:23:20.336+0000] {dagbag.py:588} INFO - Filling up the DagBag from /home/vscode/.local/lib/python3.10/site-packages/airflow/example_dags/example_short_circuit_operator.py
[2025-01-19T03:23:20.343+0000] {processor.py:925} INFO - DAG(s) 'example_short_circuit_operator' retrieved from /home/vscode/.local/lib/python3.10/site-packages/airflow/example_dags/example_short_circuit_operator.py
[2025-01-19T03:23:20.357+0000] {logging_mixin.py:190} INFO - [2025-01-19T03:23:20.357+0000] {dag.py:3239} INFO - Sync 1 DAGs
[2025-01-19T03:23:20.366+0000] {logging_mixin.py:190} INFO - [2025-01-19T03:23:20.366+0000] {dag.py:4180} INFO - Setting next_dagrun for example_short_circuit_operator to None, run_after=None
[2025-01-19T03:23:20.380+0000] {processor.py:208} INFO - Processing /home/vscode/.local/lib/python3.10/site-packages/airflow/example_dags/example_short_circuit_operator.py took 0.051 seconds
[2025-01-19T03:24:11.868+0000] {processor.py:186} INFO - Started process (PID=6687) to work on /home/vscode/.local/lib/python3.10/site-packages/airflow/example_dags/example_short_circuit_operator.py
[2025-01-19T03:24:11.869+0000] {processor.py:914} INFO - Processing file /home/vscode/.local/lib/python3.10/site-packages/airflow/example_dags/example_short_circuit_operator.py for tasks to queue
[2025-01-19T03:24:11.871+0000] {logging_mixin.py:190} INFO - [2025-01-19T03:24:11.870+0000] {dagbag.py:588} INFO - Filling up the DagBag from /home/vscode/.local/lib/python3.10/site-packages/airflow/example_dags/example_short_circuit_operator.py
[2025-01-19T03:24:11.878+0000] {processor.py:925} INFO - DAG(s) 'example_short_circuit_operator' retrieved from /home/vscode/.local/lib/python3.10/site-packages/airflow/example_dags/example_short_circuit_operator.py
[2025-01-19T03:24:11.892+0000] {logging_mixin.py:190} INFO - [2025-01-19T03:24:11.892+0000] {dag.py:3239} INFO - Sync 1 DAGs
[2025-01-19T03:24:11.901+0000] {logging_mixin.py:190} INFO - [2025-01-19T03:24:11.901+0000] {dag.py:4180} INFO - Setting next_dagrun for example_short_circuit_operator to None, run_after=None
[2025-01-19T03:24:11.916+0000] {processor.py:208} INFO - Processing /home/vscode/.local/lib/python3.10/site-packages/airflow/example_dags/example_short_circuit_operator.py took 0.052 seconds
[2025-01-19T03:25:04.291+0000] {processor.py:186} INFO - Started process (PID=7096) to work on /home/vscode/.local/lib/python3.10/site-packages/airflow/example_dags/example_short_circuit_operator.py
[2025-01-19T03:25:04.292+0000] {processor.py:914} INFO - Processing file /home/vscode/.local/lib/python3.10/site-packages/airflow/example_dags/example_short_circuit_operator.py for tasks to queue
[2025-01-19T03:25:04.294+0000] {logging_mixin.py:190} INFO - [2025-01-19T03:25:04.293+0000] {dagbag.py:588} INFO - Filling up the DagBag from /home/vscode/.local/lib/python3.10/site-packages/airflow/example_dags/example_short_circuit_operator.py
[2025-01-19T03:25:04.302+0000] {processor.py:925} INFO - DAG(s) 'example_short_circuit_operator' retrieved from /home/vscode/.local/lib/python3.10/site-packages/airflow/example_dags/example_short_circuit_operator.py
[2025-01-19T03:25:04.324+0000] {logging_mixin.py:190} INFO - [2025-01-19T03:25:04.324+0000] {dag.py:3239} INFO - Sync 1 DAGs
[2025-01-19T03:25:04.339+0000] {logging_mixin.py:190} INFO - [2025-01-19T03:25:04.339+0000] {dag.py:4180} INFO - Setting next_dagrun for example_short_circuit_operator to None, run_after=None
[2025-01-19T03:25:04.359+0000] {processor.py:208} INFO - Processing /home/vscode/.local/lib/python3.10/site-packages/airflow/example_dags/example_short_circuit_operator.py took 0.072 seconds
[2025-01-19T03:25:53.448+0000] {processor.py:186} INFO - Started process (PID=7497) to work on /home/vscode/.local/lib/python3.10/site-packages/airflow/example_dags/example_short_circuit_operator.py
[2025-01-19T03:25:53.449+0000] {processor.py:914} INFO - Processing file /home/vscode/.local/lib/python3.10/site-packages/airflow/example_dags/example_short_circuit_operator.py for tasks to queue
[2025-01-19T03:25:53.451+0000] {logging_mixin.py:190} INFO - [2025-01-19T03:25:53.450+0000] {dagbag.py:588} INFO - Filling up the DagBag from /home/vscode/.local/lib/python3.10/site-packages/airflow/example_dags/example_short_circuit_operator.py
[2025-01-19T03:25:53.458+0000] {processor.py:925} INFO - DAG(s) 'example_short_circuit_operator' retrieved from /home/vscode/.local/lib/python3.10/site-packages/airflow/example_dags/example_short_circuit_operator.py
[2025-01-19T03:25:53.472+0000] {logging_mixin.py:190} INFO - [2025-01-19T03:25:53.472+0000] {dag.py:3239} INFO - Sync 1 DAGs
[2025-01-19T03:25:53.482+0000] {logging_mixin.py:190} INFO - [2025-01-19T03:25:53.482+0000] {dag.py:4180} INFO - Setting next_dagrun for example_short_circuit_operator to None, run_after=None
[2025-01-19T03:25:53.497+0000] {processor.py:208} INFO - Processing /home/vscode/.local/lib/python3.10/site-packages/airflow/example_dags/example_short_circuit_operator.py took 0.053 seconds
[2025-01-19T03:26:47.231+0000] {processor.py:186} INFO - Started process (PID=7903) to work on /home/vscode/.local/lib/python3.10/site-packages/airflow/example_dags/example_short_circuit_operator.py
[2025-01-19T03:26:47.232+0000] {processor.py:914} INFO - Processing file /home/vscode/.local/lib/python3.10/site-packages/airflow/example_dags/example_short_circuit_operator.py for tasks to queue
[2025-01-19T03:26:47.233+0000] {logging_mixin.py:190} INFO - [2025-01-19T03:26:47.233+0000] {dagbag.py:588} INFO - Filling up the DagBag from /home/vscode/.local/lib/python3.10/site-packages/airflow/example_dags/example_short_circuit_operator.py
[2025-01-19T03:26:47.241+0000] {processor.py:925} INFO - DAG(s) 'example_short_circuit_operator' retrieved from /home/vscode/.local/lib/python3.10/site-packages/airflow/example_dags/example_short_circuit_operator.py
[2025-01-19T03:26:47.255+0000] {logging_mixin.py:190} INFO - [2025-01-19T03:26:47.255+0000] {dag.py:3239} INFO - Sync 1 DAGs
[2025-01-19T03:26:47.265+0000] {logging_mixin.py:190} INFO - [2025-01-19T03:26:47.265+0000] {dag.py:4180} INFO - Setting next_dagrun for example_short_circuit_operator to None, run_after=None
[2025-01-19T03:26:47.279+0000] {processor.py:208} INFO - Processing /home/vscode/.local/lib/python3.10/site-packages/airflow/example_dags/example_short_circuit_operator.py took 0.053 seconds
[2025-01-19T03:27:40.091+0000] {processor.py:186} INFO - Started process (PID=8297) to work on /home/vscode/.local/lib/python3.10/site-packages/airflow/example_dags/example_short_circuit_operator.py
[2025-01-19T03:27:40.091+0000] {processor.py:914} INFO - Processing file /home/vscode/.local/lib/python3.10/site-packages/airflow/example_dags/example_short_circuit_operator.py for tasks to queue
[2025-01-19T03:27:40.093+0000] {logging_mixin.py:190} INFO - [2025-01-19T03:27:40.093+0000] {dagbag.py:588} INFO - Filling up the DagBag from /home/vscode/.local/lib/python3.10/site-packages/airflow/example_dags/example_short_circuit_operator.py
[2025-01-19T03:27:40.100+0000] {processor.py:925} INFO - DAG(s) 'example_short_circuit_operator' retrieved from /home/vscode/.local/lib/python3.10/site-packages/airflow/example_dags/example_short_circuit_operator.py
[2025-01-19T03:27:40.114+0000] {logging_mixin.py:190} INFO - [2025-01-19T03:27:40.114+0000] {dag.py:3239} INFO - Sync 1 DAGs
[2025-01-19T03:27:40.123+0000] {logging_mixin.py:190} INFO - [2025-01-19T03:27:40.123+0000] {dag.py:4180} INFO - Setting next_dagrun for example_short_circuit_operator to None, run_after=None
[2025-01-19T03:27:40.138+0000] {processor.py:208} INFO - Processing /home/vscode/.local/lib/python3.10/site-packages/airflow/example_dags/example_short_circuit_operator.py took 0.052 seconds
[2025-01-19T03:28:33.848+0000] {processor.py:186} INFO - Started process (PID=8801) to work on /home/vscode/.local/lib/python3.10/site-packages/airflow/example_dags/example_short_circuit_operator.py
[2025-01-19T03:28:33.849+0000] {processor.py:914} INFO - Processing file /home/vscode/.local/lib/python3.10/site-packages/airflow/example_dags/example_short_circuit_operator.py for tasks to queue
[2025-01-19T03:28:33.851+0000] {logging_mixin.py:190} INFO - [2025-01-19T03:28:33.851+0000] {dagbag.py:588} INFO - Filling up the DagBag from /home/vscode/.local/lib/python3.10/site-packages/airflow/example_dags/example_short_circuit_operator.py
[2025-01-19T03:28:33.858+0000] {processor.py:925} INFO - DAG(s) 'example_short_circuit_operator' retrieved from /home/vscode/.local/lib/python3.10/site-packages/airflow/example_dags/example_short_circuit_operator.py
[2025-01-19T03:28:33.873+0000] {logging_mixin.py:190} INFO - [2025-01-19T03:28:33.873+0000] {dag.py:3239} INFO - Sync 1 DAGs
[2025-01-19T03:28:33.882+0000] {logging_mixin.py:190} INFO - [2025-01-19T03:28:33.882+0000] {dag.py:4180} INFO - Setting next_dagrun for example_short_circuit_operator to None, run_after=None
[2025-01-19T03:28:33.896+0000] {processor.py:208} INFO - Processing /home/vscode/.local/lib/python3.10/site-packages/airflow/example_dags/example_short_circuit_operator.py took 0.052 seconds
[2025-01-19T03:29:25.728+0000] {processor.py:186} INFO - Started process (PID=9189) to work on /home/vscode/.local/lib/python3.10/site-packages/airflow/example_dags/example_short_circuit_operator.py
[2025-01-19T03:29:25.729+0000] {processor.py:914} INFO - Processing file /home/vscode/.local/lib/python3.10/site-packages/airflow/example_dags/example_short_circuit_operator.py for tasks to queue
[2025-01-19T03:29:25.731+0000] {logging_mixin.py:190} INFO - [2025-01-19T03:29:25.731+0000] {dagbag.py:588} INFO - Filling up the DagBag from /home/vscode/.local/lib/python3.10/site-packages/airflow/example_dags/example_short_circuit_operator.py
[2025-01-19T03:29:25.738+0000] {processor.py:925} INFO - DAG(s) 'example_short_circuit_operator' retrieved from /home/vscode/.local/lib/python3.10/site-packages/airflow/example_dags/example_short_circuit_operator.py
[2025-01-19T03:29:25.752+0000] {logging_mixin.py:190} INFO - [2025-01-19T03:29:25.752+0000] {dag.py:3239} INFO - Sync 1 DAGs
[2025-01-19T03:29:25.761+0000] {logging_mixin.py:190} INFO - [2025-01-19T03:29:25.761+0000] {dag.py:4180} INFO - Setting next_dagrun for example_short_circuit_operator to None, run_after=None
[2025-01-19T03:29:25.775+0000] {processor.py:208} INFO - Processing /home/vscode/.local/lib/python3.10/site-packages/airflow/example_dags/example_short_circuit_operator.py took 0.051 seconds
[2025-01-19T03:30:16.947+0000] {processor.py:186} INFO - Started process (PID=9545) to work on /home/vscode/.local/lib/python3.10/site-packages/airflow/example_dags/example_short_circuit_operator.py
[2025-01-19T03:30:16.948+0000] {processor.py:914} INFO - Processing file /home/vscode/.local/lib/python3.10/site-packages/airflow/example_dags/example_short_circuit_operator.py for tasks to queue
[2025-01-19T03:30:16.949+0000] {logging_mixin.py:190} INFO - [2025-01-19T03:30:16.949+0000] {dagbag.py:588} INFO - Filling up the DagBag from /home/vscode/.local/lib/python3.10/site-packages/airflow/example_dags/example_short_circuit_operator.py
[2025-01-19T03:30:16.956+0000] {processor.py:925} INFO - DAG(s) 'example_short_circuit_operator' retrieved from /home/vscode/.local/lib/python3.10/site-packages/airflow/example_dags/example_short_circuit_operator.py
[2025-01-19T03:30:16.970+0000] {logging_mixin.py:190} INFO - [2025-01-19T03:30:16.970+0000] {dag.py:3239} INFO - Sync 1 DAGs
[2025-01-19T03:30:16.979+0000] {logging_mixin.py:190} INFO - [2025-01-19T03:30:16.979+0000] {dag.py:4180} INFO - Setting next_dagrun for example_short_circuit_operator to None, run_after=None
[2025-01-19T03:30:16.994+0000] {processor.py:208} INFO - Processing /home/vscode/.local/lib/python3.10/site-packages/airflow/example_dags/example_short_circuit_operator.py took 0.051 seconds
[2025-01-19T03:31:02.069+0000] {processor.py:186} INFO - Started process (PID=9846) to work on /home/vscode/.local/lib/python3.10/site-packages/airflow/example_dags/example_short_circuit_operator.py
[2025-01-19T03:31:02.070+0000] {processor.py:914} INFO - Processing file /home/vscode/.local/lib/python3.10/site-packages/airflow/example_dags/example_short_circuit_operator.py for tasks to queue
[2025-01-19T03:31:02.071+0000] {logging_mixin.py:190} INFO - [2025-01-19T03:31:02.071+0000] {dagbag.py:588} INFO - Filling up the DagBag from /home/vscode/.local/lib/python3.10/site-packages/airflow/example_dags/example_short_circuit_operator.py
[2025-01-19T03:31:02.079+0000] {processor.py:925} INFO - DAG(s) 'example_short_circuit_operator' retrieved from /home/vscode/.local/lib/python3.10/site-packages/airflow/example_dags/example_short_circuit_operator.py
[2025-01-19T03:31:02.093+0000] {logging_mixin.py:190} INFO - [2025-01-19T03:31:02.093+0000] {dag.py:3239} INFO - Sync 1 DAGs
[2025-01-19T03:31:02.103+0000] {logging_mixin.py:190} INFO - [2025-01-19T03:31:02.102+0000] {dag.py:4180} INFO - Setting next_dagrun for example_short_circuit_operator to None, run_after=None
[2025-01-19T03:31:02.117+0000] {processor.py:208} INFO - Processing /home/vscode/.local/lib/python3.10/site-packages/airflow/example_dags/example_short_circuit_operator.py took 0.052 seconds
[2025-01-19T03:31:52.025+0000] {processor.py:186} INFO - Started process (PID=10179) to work on /home/vscode/.local/lib/python3.10/site-packages/airflow/example_dags/example_short_circuit_operator.py
[2025-01-19T03:31:52.026+0000] {processor.py:914} INFO - Processing file /home/vscode/.local/lib/python3.10/site-packages/airflow/example_dags/example_short_circuit_operator.py for tasks to queue
[2025-01-19T03:31:52.028+0000] {logging_mixin.py:190} INFO - [2025-01-19T03:31:52.027+0000] {dagbag.py:588} INFO - Filling up the DagBag from /home/vscode/.local/lib/python3.10/site-packages/airflow/example_dags/example_short_circuit_operator.py
[2025-01-19T03:31:52.035+0000] {processor.py:925} INFO - DAG(s) 'example_short_circuit_operator' retrieved from /home/vscode/.local/lib/python3.10/site-packages/airflow/example_dags/example_short_circuit_operator.py
[2025-01-19T03:31:52.049+0000] {logging_mixin.py:190} INFO - [2025-01-19T03:31:52.049+0000] {dag.py:3239} INFO - Sync 1 DAGs
[2025-01-19T03:31:52.058+0000] {logging_mixin.py:190} INFO - [2025-01-19T03:31:52.058+0000] {dag.py:4180} INFO - Setting next_dagrun for example_short_circuit_operator to None, run_after=None
[2025-01-19T03:31:52.072+0000] {processor.py:208} INFO - Processing /home/vscode/.local/lib/python3.10/site-packages/airflow/example_dags/example_short_circuit_operator.py took 0.051 seconds
[2025-01-19T03:32:41.750+0000] {processor.py:186} INFO - Started process (PID=10655) to work on /home/vscode/.local/lib/python3.10/site-packages/airflow/example_dags/example_short_circuit_operator.py
[2025-01-19T03:32:41.751+0000] {processor.py:914} INFO - Processing file /home/vscode/.local/lib/python3.10/site-packages/airflow/example_dags/example_short_circuit_operator.py for tasks to queue
[2025-01-19T03:32:41.753+0000] {logging_mixin.py:190} INFO - [2025-01-19T03:32:41.752+0000] {dagbag.py:588} INFO - Filling up the DagBag from /home/vscode/.local/lib/python3.10/site-packages/airflow/example_dags/example_short_circuit_operator.py
[2025-01-19T03:32:41.760+0000] {processor.py:925} INFO - DAG(s) 'example_short_circuit_operator' retrieved from /home/vscode/.local/lib/python3.10/site-packages/airflow/example_dags/example_short_circuit_operator.py
[2025-01-19T03:32:41.773+0000] {logging_mixin.py:190} INFO - [2025-01-19T03:32:41.773+0000] {dag.py:3239} INFO - Sync 1 DAGs
[2025-01-19T03:32:41.782+0000] {logging_mixin.py:190} INFO - [2025-01-19T03:32:41.782+0000] {dag.py:4180} INFO - Setting next_dagrun for example_short_circuit_operator to None, run_after=None
[2025-01-19T03:32:41.796+0000] {processor.py:208} INFO - Processing /home/vscode/.local/lib/python3.10/site-packages/airflow/example_dags/example_short_circuit_operator.py took 0.050 seconds
[2025-01-19T03:33:34.534+0000] {processor.py:186} INFO - Started process (PID=11021) to work on /home/vscode/.local/lib/python3.10/site-packages/airflow/example_dags/example_short_circuit_operator.py
[2025-01-19T03:33:34.535+0000] {processor.py:914} INFO - Processing file /home/vscode/.local/lib/python3.10/site-packages/airflow/example_dags/example_short_circuit_operator.py for tasks to queue
[2025-01-19T03:33:34.536+0000] {logging_mixin.py:190} INFO - [2025-01-19T03:33:34.536+0000] {dagbag.py:588} INFO - Filling up the DagBag from /home/vscode/.local/lib/python3.10/site-packages/airflow/example_dags/example_short_circuit_operator.py
[2025-01-19T03:33:34.543+0000] {processor.py:925} INFO - DAG(s) 'example_short_circuit_operator' retrieved from /home/vscode/.local/lib/python3.10/site-packages/airflow/example_dags/example_short_circuit_operator.py
[2025-01-19T03:33:34.558+0000] {logging_mixin.py:190} INFO - [2025-01-19T03:33:34.557+0000] {dag.py:3239} INFO - Sync 1 DAGs
[2025-01-19T03:33:34.567+0000] {logging_mixin.py:190} INFO - [2025-01-19T03:33:34.567+0000] {dag.py:4180} INFO - Setting next_dagrun for example_short_circuit_operator to None, run_after=None
[2025-01-19T03:33:34.582+0000] {processor.py:208} INFO - Processing /home/vscode/.local/lib/python3.10/site-packages/airflow/example_dags/example_short_circuit_operator.py took 0.052 seconds
[2025-01-19T03:34:24.080+0000] {processor.py:186} INFO - Started process (PID=11354) to work on /home/vscode/.local/lib/python3.10/site-packages/airflow/example_dags/example_short_circuit_operator.py
[2025-01-19T03:34:24.081+0000] {processor.py:914} INFO - Processing file /home/vscode/.local/lib/python3.10/site-packages/airflow/example_dags/example_short_circuit_operator.py for tasks to queue
[2025-01-19T03:34:24.083+0000] {logging_mixin.py:190} INFO - [2025-01-19T03:34:24.082+0000] {dagbag.py:588} INFO - Filling up the DagBag from /home/vscode/.local/lib/python3.10/site-packages/airflow/example_dags/example_short_circuit_operator.py
[2025-01-19T03:34:24.090+0000] {processor.py:925} INFO - DAG(s) 'example_short_circuit_operator' retrieved from /home/vscode/.local/lib/python3.10/site-packages/airflow/example_dags/example_short_circuit_operator.py
[2025-01-19T03:34:24.104+0000] {logging_mixin.py:190} INFO - [2025-01-19T03:34:24.104+0000] {dag.py:3239} INFO - Sync 1 DAGs
[2025-01-19T03:34:24.113+0000] {logging_mixin.py:190} INFO - [2025-01-19T03:34:24.113+0000] {dag.py:4180} INFO - Setting next_dagrun for example_short_circuit_operator to None, run_after=None
[2025-01-19T03:34:24.127+0000] {processor.py:208} INFO - Processing /home/vscode/.local/lib/python3.10/site-packages/airflow/example_dags/example_short_circuit_operator.py took 0.051 seconds
[2025-01-19T03:35:13.097+0000] {processor.py:186} INFO - Started process (PID=11772) to work on /home/vscode/.local/lib/python3.10/site-packages/airflow/example_dags/example_short_circuit_operator.py
[2025-01-19T03:35:13.098+0000] {processor.py:914} INFO - Processing file /home/vscode/.local/lib/python3.10/site-packages/airflow/example_dags/example_short_circuit_operator.py for tasks to queue
[2025-01-19T03:35:13.100+0000] {logging_mixin.py:190} INFO - [2025-01-19T03:35:13.099+0000] {dagbag.py:588} INFO - Filling up the DagBag from /home/vscode/.local/lib/python3.10/site-packages/airflow/example_dags/example_short_circuit_operator.py
[2025-01-19T03:35:13.107+0000] {processor.py:925} INFO - DAG(s) 'example_short_circuit_operator' retrieved from /home/vscode/.local/lib/python3.10/site-packages/airflow/example_dags/example_short_circuit_operator.py
[2025-01-19T03:35:13.126+0000] {logging_mixin.py:190} INFO - [2025-01-19T03:35:13.126+0000] {dag.py:3239} INFO - Sync 1 DAGs
[2025-01-19T03:35:13.136+0000] {logging_mixin.py:190} INFO - [2025-01-19T03:35:13.136+0000] {dag.py:4180} INFO - Setting next_dagrun for example_short_circuit_operator to None, run_after=None
[2025-01-19T03:35:13.151+0000] {processor.py:208} INFO - Processing /home/vscode/.local/lib/python3.10/site-packages/airflow/example_dags/example_short_circuit_operator.py took 0.058 seconds
[2025-01-19T03:36:03.715+0000] {processor.py:186} INFO - Started process (PID=12166) to work on /home/vscode/.local/lib/python3.10/site-packages/airflow/example_dags/example_short_circuit_operator.py
[2025-01-19T03:36:03.715+0000] {processor.py:914} INFO - Processing file /home/vscode/.local/lib/python3.10/site-packages/airflow/example_dags/example_short_circuit_operator.py for tasks to queue
[2025-01-19T03:36:03.717+0000] {logging_mixin.py:190} INFO - [2025-01-19T03:36:03.717+0000] {dagbag.py:588} INFO - Filling up the DagBag from /home/vscode/.local/lib/python3.10/site-packages/airflow/example_dags/example_short_circuit_operator.py
[2025-01-19T03:36:03.724+0000] {processor.py:925} INFO - DAG(s) 'example_short_circuit_operator' retrieved from /home/vscode/.local/lib/python3.10/site-packages/airflow/example_dags/example_short_circuit_operator.py
[2025-01-19T03:36:03.738+0000] {logging_mixin.py:190} INFO - [2025-01-19T03:36:03.738+0000] {dag.py:3239} INFO - Sync 1 DAGs
[2025-01-19T03:36:03.747+0000] {logging_mixin.py:190} INFO - [2025-01-19T03:36:03.747+0000] {dag.py:4180} INFO - Setting next_dagrun for example_short_circuit_operator to None, run_after=None
[2025-01-19T03:36:03.762+0000] {processor.py:208} INFO - Processing /home/vscode/.local/lib/python3.10/site-packages/airflow/example_dags/example_short_circuit_operator.py took 0.052 seconds
[2025-01-19T03:36:52.679+0000] {processor.py:186} INFO - Started process (PID=12496) to work on /home/vscode/.local/lib/python3.10/site-packages/airflow/example_dags/example_short_circuit_operator.py
[2025-01-19T03:36:52.680+0000] {processor.py:914} INFO - Processing file /home/vscode/.local/lib/python3.10/site-packages/airflow/example_dags/example_short_circuit_operator.py for tasks to queue
[2025-01-19T03:36:52.681+0000] {logging_mixin.py:190} INFO - [2025-01-19T03:36:52.681+0000] {dagbag.py:588} INFO - Filling up the DagBag from /home/vscode/.local/lib/python3.10/site-packages/airflow/example_dags/example_short_circuit_operator.py
[2025-01-19T03:36:52.688+0000] {processor.py:925} INFO - DAG(s) 'example_short_circuit_operator' retrieved from /home/vscode/.local/lib/python3.10/site-packages/airflow/example_dags/example_short_circuit_operator.py
[2025-01-19T03:36:52.702+0000] {logging_mixin.py:190} INFO - [2025-01-19T03:36:52.702+0000] {dag.py:3239} INFO - Sync 1 DAGs
[2025-01-19T03:36:52.711+0000] {logging_mixin.py:190} INFO - [2025-01-19T03:36:52.711+0000] {dag.py:4180} INFO - Setting next_dagrun for example_short_circuit_operator to None, run_after=None
[2025-01-19T03:36:52.726+0000] {processor.py:208} INFO - Processing /home/vscode/.local/lib/python3.10/site-packages/airflow/example_dags/example_short_circuit_operator.py took 0.052 seconds
[2025-01-19T03:37:44.556+0000] {processor.py:186} INFO - Started process (PID=12848) to work on /home/vscode/.local/lib/python3.10/site-packages/airflow/example_dags/example_short_circuit_operator.py
[2025-01-19T03:37:44.557+0000] {processor.py:914} INFO - Processing file /home/vscode/.local/lib/python3.10/site-packages/airflow/example_dags/example_short_circuit_operator.py for tasks to queue
[2025-01-19T03:37:44.559+0000] {logging_mixin.py:190} INFO - [2025-01-19T03:37:44.559+0000] {dagbag.py:588} INFO - Filling up the DagBag from /home/vscode/.local/lib/python3.10/site-packages/airflow/example_dags/example_short_circuit_operator.py
[2025-01-19T03:37:44.566+0000] {processor.py:925} INFO - DAG(s) 'example_short_circuit_operator' retrieved from /home/vscode/.local/lib/python3.10/site-packages/airflow/example_dags/example_short_circuit_operator.py
[2025-01-19T03:37:44.580+0000] {logging_mixin.py:190} INFO - [2025-01-19T03:37:44.580+0000] {dag.py:3239} INFO - Sync 1 DAGs
[2025-01-19T03:37:44.589+0000] {logging_mixin.py:190} INFO - [2025-01-19T03:37:44.589+0000] {dag.py:4180} INFO - Setting next_dagrun for example_short_circuit_operator to None, run_after=None
[2025-01-19T03:37:44.603+0000] {processor.py:208} INFO - Processing /home/vscode/.local/lib/python3.10/site-packages/airflow/example_dags/example_short_circuit_operator.py took 0.052 seconds
[2025-01-19T03:38:34.266+0000] {processor.py:186} INFO - Started process (PID=13185) to work on /home/vscode/.local/lib/python3.10/site-packages/airflow/example_dags/example_short_circuit_operator.py
[2025-01-19T03:38:34.266+0000] {processor.py:914} INFO - Processing file /home/vscode/.local/lib/python3.10/site-packages/airflow/example_dags/example_short_circuit_operator.py for tasks to queue
[2025-01-19T03:38:34.268+0000] {logging_mixin.py:190} INFO - [2025-01-19T03:38:34.268+0000] {dagbag.py:588} INFO - Filling up the DagBag from /home/vscode/.local/lib/python3.10/site-packages/airflow/example_dags/example_short_circuit_operator.py
[2025-01-19T03:38:34.275+0000] {processor.py:925} INFO - DAG(s) 'example_short_circuit_operator' retrieved from /home/vscode/.local/lib/python3.10/site-packages/airflow/example_dags/example_short_circuit_operator.py
[2025-01-19T03:38:34.289+0000] {logging_mixin.py:190} INFO - [2025-01-19T03:38:34.289+0000] {dag.py:3239} INFO - Sync 1 DAGs
[2025-01-19T03:38:34.298+0000] {logging_mixin.py:190} INFO - [2025-01-19T03:38:34.298+0000] {dag.py:4180} INFO - Setting next_dagrun for example_short_circuit_operator to None, run_after=None
[2025-01-19T03:38:34.312+0000] {processor.py:208} INFO - Processing /home/vscode/.local/lib/python3.10/site-packages/airflow/example_dags/example_short_circuit_operator.py took 0.051 seconds
[2025-01-19T03:39:22.759+0000] {processor.py:186} INFO - Started process (PID=13513) to work on /home/vscode/.local/lib/python3.10/site-packages/airflow/example_dags/example_short_circuit_operator.py
[2025-01-19T03:39:22.760+0000] {processor.py:914} INFO - Processing file /home/vscode/.local/lib/python3.10/site-packages/airflow/example_dags/example_short_circuit_operator.py for tasks to queue
[2025-01-19T03:39:22.761+0000] {logging_mixin.py:190} INFO - [2025-01-19T03:39:22.761+0000] {dagbag.py:588} INFO - Filling up the DagBag from /home/vscode/.local/lib/python3.10/site-packages/airflow/example_dags/example_short_circuit_operator.py
[2025-01-19T03:39:22.769+0000] {processor.py:925} INFO - DAG(s) 'example_short_circuit_operator' retrieved from /home/vscode/.local/lib/python3.10/site-packages/airflow/example_dags/example_short_circuit_operator.py
[2025-01-19T03:39:22.783+0000] {logging_mixin.py:190} INFO - [2025-01-19T03:39:22.783+0000] {dag.py:3239} INFO - Sync 1 DAGs
[2025-01-19T03:39:22.792+0000] {logging_mixin.py:190} INFO - [2025-01-19T03:39:22.792+0000] {dag.py:4180} INFO - Setting next_dagrun for example_short_circuit_operator to None, run_after=None
[2025-01-19T03:39:22.807+0000] {processor.py:208} INFO - Processing /home/vscode/.local/lib/python3.10/site-packages/airflow/example_dags/example_short_circuit_operator.py took 0.053 seconds
[2025-01-19T03:40:14.731+0000] {processor.py:186} INFO - Started process (PID=13871) to work on /home/vscode/.local/lib/python3.10/site-packages/airflow/example_dags/example_short_circuit_operator.py
[2025-01-19T03:40:14.732+0000] {processor.py:914} INFO - Processing file /home/vscode/.local/lib/python3.10/site-packages/airflow/example_dags/example_short_circuit_operator.py for tasks to queue
[2025-01-19T03:40:14.733+0000] {logging_mixin.py:190} INFO - [2025-01-19T03:40:14.733+0000] {dagbag.py:588} INFO - Filling up the DagBag from /home/vscode/.local/lib/python3.10/site-packages/airflow/example_dags/example_short_circuit_operator.py
[2025-01-19T03:40:14.740+0000] {processor.py:925} INFO - DAG(s) 'example_short_circuit_operator' retrieved from /home/vscode/.local/lib/python3.10/site-packages/airflow/example_dags/example_short_circuit_operator.py
[2025-01-19T03:40:14.755+0000] {logging_mixin.py:190} INFO - [2025-01-19T03:40:14.754+0000] {dag.py:3239} INFO - Sync 1 DAGs
[2025-01-19T03:40:14.768+0000] {logging_mixin.py:190} INFO - [2025-01-19T03:40:14.768+0000] {dag.py:4180} INFO - Setting next_dagrun for example_short_circuit_operator to None, run_after=None
[2025-01-19T03:40:14.783+0000] {processor.py:208} INFO - Processing /home/vscode/.local/lib/python3.10/site-packages/airflow/example_dags/example_short_circuit_operator.py took 0.057 seconds
[2025-01-19T03:41:04.426+0000] {processor.py:186} INFO - Started process (PID=14205) to work on /home/vscode/.local/lib/python3.10/site-packages/airflow/example_dags/example_short_circuit_operator.py
[2025-01-19T03:41:04.427+0000] {processor.py:914} INFO - Processing file /home/vscode/.local/lib/python3.10/site-packages/airflow/example_dags/example_short_circuit_operator.py for tasks to queue
[2025-01-19T03:41:04.428+0000] {logging_mixin.py:190} INFO - [2025-01-19T03:41:04.428+0000] {dagbag.py:588} INFO - Filling up the DagBag from /home/vscode/.local/lib/python3.10/site-packages/airflow/example_dags/example_short_circuit_operator.py
[2025-01-19T03:41:04.436+0000] {processor.py:925} INFO - DAG(s) 'example_short_circuit_operator' retrieved from /home/vscode/.local/lib/python3.10/site-packages/airflow/example_dags/example_short_circuit_operator.py
[2025-01-19T03:41:04.451+0000] {logging_mixin.py:190} INFO - [2025-01-19T03:41:04.450+0000] {dag.py:3239} INFO - Sync 1 DAGs
[2025-01-19T03:41:04.460+0000] {logging_mixin.py:190} INFO - [2025-01-19T03:41:04.460+0000] {dag.py:4180} INFO - Setting next_dagrun for example_short_circuit_operator to None, run_after=None
[2025-01-19T03:41:04.474+0000] {processor.py:208} INFO - Processing /home/vscode/.local/lib/python3.10/site-packages/airflow/example_dags/example_short_circuit_operator.py took 0.053 seconds
[2025-01-19T03:41:56.813+0000] {processor.py:186} INFO - Started process (PID=14554) to work on /home/vscode/.local/lib/python3.10/site-packages/airflow/example_dags/example_short_circuit_operator.py
[2025-01-19T03:41:56.814+0000] {processor.py:914} INFO - Processing file /home/vscode/.local/lib/python3.10/site-packages/airflow/example_dags/example_short_circuit_operator.py for tasks to queue
[2025-01-19T03:41:56.816+0000] {logging_mixin.py:190} INFO - [2025-01-19T03:41:56.815+0000] {dagbag.py:588} INFO - Filling up the DagBag from /home/vscode/.local/lib/python3.10/site-packages/airflow/example_dags/example_short_circuit_operator.py
[2025-01-19T03:41:56.823+0000] {processor.py:925} INFO - DAG(s) 'example_short_circuit_operator' retrieved from /home/vscode/.local/lib/python3.10/site-packages/airflow/example_dags/example_short_circuit_operator.py
[2025-01-19T03:41:56.836+0000] {logging_mixin.py:190} INFO - [2025-01-19T03:41:56.836+0000] {dag.py:3239} INFO - Sync 1 DAGs
[2025-01-19T03:41:56.845+0000] {logging_mixin.py:190} INFO - [2025-01-19T03:41:56.845+0000] {dag.py:4180} INFO - Setting next_dagrun for example_short_circuit_operator to None, run_after=None
[2025-01-19T03:41:56.872+0000] {processor.py:208} INFO - Processing /home/vscode/.local/lib/python3.10/site-packages/airflow/example_dags/example_short_circuit_operator.py took 0.063 seconds
[2025-01-19T03:42:47.122+0000] {processor.py:186} INFO - Started process (PID=14895) to work on /home/vscode/.local/lib/python3.10/site-packages/airflow/example_dags/example_short_circuit_operator.py
[2025-01-19T03:42:47.123+0000] {processor.py:914} INFO - Processing file /home/vscode/.local/lib/python3.10/site-packages/airflow/example_dags/example_short_circuit_operator.py for tasks to queue
[2025-01-19T03:42:47.125+0000] {logging_mixin.py:190} INFO - [2025-01-19T03:42:47.124+0000] {dagbag.py:588} INFO - Filling up the DagBag from /home/vscode/.local/lib/python3.10/site-packages/airflow/example_dags/example_short_circuit_operator.py
[2025-01-19T03:42:47.131+0000] {processor.py:925} INFO - DAG(s) 'example_short_circuit_operator' retrieved from /home/vscode/.local/lib/python3.10/site-packages/airflow/example_dags/example_short_circuit_operator.py
[2025-01-19T03:42:47.145+0000] {logging_mixin.py:190} INFO - [2025-01-19T03:42:47.145+0000] {dag.py:3239} INFO - Sync 1 DAGs
[2025-01-19T03:42:47.155+0000] {logging_mixin.py:190} INFO - [2025-01-19T03:42:47.155+0000] {dag.py:4180} INFO - Setting next_dagrun for example_short_circuit_operator to None, run_after=None
[2025-01-19T03:42:47.169+0000] {processor.py:208} INFO - Processing /home/vscode/.local/lib/python3.10/site-packages/airflow/example_dags/example_short_circuit_operator.py took 0.051 seconds
[2025-01-19T03:43:37.395+0000] {processor.py:186} INFO - Started process (PID=15236) to work on /home/vscode/.local/lib/python3.10/site-packages/airflow/example_dags/example_short_circuit_operator.py
[2025-01-19T03:43:37.396+0000] {processor.py:914} INFO - Processing file /home/vscode/.local/lib/python3.10/site-packages/airflow/example_dags/example_short_circuit_operator.py for tasks to queue
[2025-01-19T03:43:37.397+0000] {logging_mixin.py:190} INFO - [2025-01-19T03:43:37.397+0000] {dagbag.py:588} INFO - Filling up the DagBag from /home/vscode/.local/lib/python3.10/site-packages/airflow/example_dags/example_short_circuit_operator.py
[2025-01-19T03:43:37.404+0000] {processor.py:925} INFO - DAG(s) 'example_short_circuit_operator' retrieved from /home/vscode/.local/lib/python3.10/site-packages/airflow/example_dags/example_short_circuit_operator.py
[2025-01-19T03:43:37.419+0000] {logging_mixin.py:190} INFO - [2025-01-19T03:43:37.419+0000] {dag.py:3239} INFO - Sync 1 DAGs
[2025-01-19T03:43:37.428+0000] {logging_mixin.py:190} INFO - [2025-01-19T03:43:37.428+0000] {dag.py:4180} INFO - Setting next_dagrun for example_short_circuit_operator to None, run_after=None
[2025-01-19T03:43:37.443+0000] {processor.py:208} INFO - Processing /home/vscode/.local/lib/python3.10/site-packages/airflow/example_dags/example_short_circuit_operator.py took 0.053 seconds
[2025-01-19T03:44:31.783+0000] {processor.py:186} INFO - Started process (PID=15596) to work on /home/vscode/.local/lib/python3.10/site-packages/airflow/example_dags/example_short_circuit_operator.py
[2025-01-19T03:44:31.784+0000] {processor.py:914} INFO - Processing file /home/vscode/.local/lib/python3.10/site-packages/airflow/example_dags/example_short_circuit_operator.py for tasks to queue
[2025-01-19T03:44:31.786+0000] {logging_mixin.py:190} INFO - [2025-01-19T03:44:31.786+0000] {dagbag.py:588} INFO - Filling up the DagBag from /home/vscode/.local/lib/python3.10/site-packages/airflow/example_dags/example_short_circuit_operator.py
[2025-01-19T03:44:31.796+0000] {processor.py:925} INFO - DAG(s) 'example_short_circuit_operator' retrieved from /home/vscode/.local/lib/python3.10/site-packages/airflow/example_dags/example_short_circuit_operator.py
[2025-01-19T03:44:31.815+0000] {logging_mixin.py:190} INFO - [2025-01-19T03:44:31.815+0000] {dag.py:3239} INFO - Sync 1 DAGs
[2025-01-19T03:44:31.825+0000] {logging_mixin.py:190} INFO - [2025-01-19T03:44:31.824+0000] {dag.py:4180} INFO - Setting next_dagrun for example_short_circuit_operator to None, run_after=None
[2025-01-19T03:44:31.839+0000] {processor.py:208} INFO - Processing /home/vscode/.local/lib/python3.10/site-packages/airflow/example_dags/example_short_circuit_operator.py took 0.063 seconds
[2025-01-19T03:45:23.955+0000] {processor.py:186} INFO - Started process (PID=15947) to work on /home/vscode/.local/lib/python3.10/site-packages/airflow/example_dags/example_short_circuit_operator.py
[2025-01-19T03:45:23.956+0000] {processor.py:914} INFO - Processing file /home/vscode/.local/lib/python3.10/site-packages/airflow/example_dags/example_short_circuit_operator.py for tasks to queue
[2025-01-19T03:45:23.958+0000] {logging_mixin.py:190} INFO - [2025-01-19T03:45:23.957+0000] {dagbag.py:588} INFO - Filling up the DagBag from /home/vscode/.local/lib/python3.10/site-packages/airflow/example_dags/example_short_circuit_operator.py
[2025-01-19T03:45:23.965+0000] {processor.py:925} INFO - DAG(s) 'example_short_circuit_operator' retrieved from /home/vscode/.local/lib/python3.10/site-packages/airflow/example_dags/example_short_circuit_operator.py
[2025-01-19T03:45:23.979+0000] {logging_mixin.py:190} INFO - [2025-01-19T03:45:23.979+0000] {dag.py:3239} INFO - Sync 1 DAGs
[2025-01-19T03:45:23.991+0000] {logging_mixin.py:190} INFO - [2025-01-19T03:45:23.991+0000] {dag.py:4180} INFO - Setting next_dagrun for example_short_circuit_operator to None, run_after=None
[2025-01-19T03:45:24.013+0000] {processor.py:208} INFO - Processing /home/vscode/.local/lib/python3.10/site-packages/airflow/example_dags/example_short_circuit_operator.py took 0.063 seconds
[2025-01-19T03:46:12.527+0000] {processor.py:186} INFO - Started process (PID=16272) to work on /home/vscode/.local/lib/python3.10/site-packages/airflow/example_dags/example_short_circuit_operator.py
[2025-01-19T03:46:12.528+0000] {processor.py:914} INFO - Processing file /home/vscode/.local/lib/python3.10/site-packages/airflow/example_dags/example_short_circuit_operator.py for tasks to queue
[2025-01-19T03:46:12.529+0000] {logging_mixin.py:190} INFO - [2025-01-19T03:46:12.529+0000] {dagbag.py:588} INFO - Filling up the DagBag from /home/vscode/.local/lib/python3.10/site-packages/airflow/example_dags/example_short_circuit_operator.py
[2025-01-19T03:46:12.536+0000] {processor.py:925} INFO - DAG(s) 'example_short_circuit_operator' retrieved from /home/vscode/.local/lib/python3.10/site-packages/airflow/example_dags/example_short_circuit_operator.py
[2025-01-19T03:46:12.551+0000] {logging_mixin.py:190} INFO - [2025-01-19T03:46:12.550+0000] {dag.py:3239} INFO - Sync 1 DAGs
[2025-01-19T03:46:12.560+0000] {logging_mixin.py:190} INFO - [2025-01-19T03:46:12.560+0000] {dag.py:4180} INFO - Setting next_dagrun for example_short_circuit_operator to None, run_after=None
[2025-01-19T03:46:12.574+0000] {processor.py:208} INFO - Processing /home/vscode/.local/lib/python3.10/site-packages/airflow/example_dags/example_short_circuit_operator.py took 0.051 seconds
[2025-01-19T03:47:06.472+0000] {processor.py:186} INFO - Started process (PID=16636) to work on /home/vscode/.local/lib/python3.10/site-packages/airflow/example_dags/example_short_circuit_operator.py
[2025-01-19T03:47:06.473+0000] {processor.py:914} INFO - Processing file /home/vscode/.local/lib/python3.10/site-packages/airflow/example_dags/example_short_circuit_operator.py for tasks to queue
[2025-01-19T03:47:06.474+0000] {logging_mixin.py:190} INFO - [2025-01-19T03:47:06.474+0000] {dagbag.py:588} INFO - Filling up the DagBag from /home/vscode/.local/lib/python3.10/site-packages/airflow/example_dags/example_short_circuit_operator.py
[2025-01-19T03:47:06.481+0000] {processor.py:925} INFO - DAG(s) 'example_short_circuit_operator' retrieved from /home/vscode/.local/lib/python3.10/site-packages/airflow/example_dags/example_short_circuit_operator.py
[2025-01-19T03:47:06.496+0000] {logging_mixin.py:190} INFO - [2025-01-19T03:47:06.496+0000] {dag.py:3239} INFO - Sync 1 DAGs
[2025-01-19T03:47:06.505+0000] {logging_mixin.py:190} INFO - [2025-01-19T03:47:06.505+0000] {dag.py:4180} INFO - Setting next_dagrun for example_short_circuit_operator to None, run_after=None
[2025-01-19T03:47:06.520+0000] {processor.py:208} INFO - Processing /home/vscode/.local/lib/python3.10/site-packages/airflow/example_dags/example_short_circuit_operator.py took 0.053 seconds
[2025-01-19T03:47:56.022+0000] {processor.py:186} INFO - Started process (PID=16978) to work on /home/vscode/.local/lib/python3.10/site-packages/airflow/example_dags/example_short_circuit_operator.py
[2025-01-19T03:47:56.023+0000] {processor.py:914} INFO - Processing file /home/vscode/.local/lib/python3.10/site-packages/airflow/example_dags/example_short_circuit_operator.py for tasks to queue
[2025-01-19T03:47:56.024+0000] {logging_mixin.py:190} INFO - [2025-01-19T03:47:56.024+0000] {dagbag.py:588} INFO - Filling up the DagBag from /home/vscode/.local/lib/python3.10/site-packages/airflow/example_dags/example_short_circuit_operator.py
[2025-01-19T03:47:56.031+0000] {processor.py:925} INFO - DAG(s) 'example_short_circuit_operator' retrieved from /home/vscode/.local/lib/python3.10/site-packages/airflow/example_dags/example_short_circuit_operator.py
[2025-01-19T03:47:56.046+0000] {logging_mixin.py:190} INFO - [2025-01-19T03:47:56.046+0000] {dag.py:3239} INFO - Sync 1 DAGs
[2025-01-19T03:47:56.056+0000] {logging_mixin.py:190} INFO - [2025-01-19T03:47:56.055+0000] {dag.py:4180} INFO - Setting next_dagrun for example_short_circuit_operator to None, run_after=None
[2025-01-19T03:47:56.070+0000] {processor.py:208} INFO - Processing /home/vscode/.local/lib/python3.10/site-packages/airflow/example_dags/example_short_circuit_operator.py took 0.053 seconds
[2025-01-19T03:48:47.171+0000] {processor.py:186} INFO - Started process (PID=17356) to work on /home/vscode/.local/lib/python3.10/site-packages/airflow/example_dags/example_short_circuit_operator.py
[2025-01-19T03:48:47.172+0000] {processor.py:914} INFO - Processing file /home/vscode/.local/lib/python3.10/site-packages/airflow/example_dags/example_short_circuit_operator.py for tasks to queue
[2025-01-19T03:48:47.174+0000] {logging_mixin.py:190} INFO - [2025-01-19T03:48:47.173+0000] {dagbag.py:588} INFO - Filling up the DagBag from /home/vscode/.local/lib/python3.10/site-packages/airflow/example_dags/example_short_circuit_operator.py
[2025-01-19T03:48:47.181+0000] {processor.py:925} INFO - DAG(s) 'example_short_circuit_operator' retrieved from /home/vscode/.local/lib/python3.10/site-packages/airflow/example_dags/example_short_circuit_operator.py
[2025-01-19T03:48:47.195+0000] {logging_mixin.py:190} INFO - [2025-01-19T03:48:47.195+0000] {dag.py:3239} INFO - Sync 1 DAGs
[2025-01-19T03:48:47.204+0000] {logging_mixin.py:190} INFO - [2025-01-19T03:48:47.204+0000] {dag.py:4180} INFO - Setting next_dagrun for example_short_circuit_operator to None, run_after=None
[2025-01-19T03:48:47.219+0000] {processor.py:208} INFO - Processing /home/vscode/.local/lib/python3.10/site-packages/airflow/example_dags/example_short_circuit_operator.py took 0.053 seconds
[2025-01-19T03:49:38.509+0000] {processor.py:186} INFO - Started process (PID=17812) to work on /home/vscode/.local/lib/python3.10/site-packages/airflow/example_dags/example_short_circuit_operator.py
[2025-01-19T03:49:38.510+0000] {processor.py:914} INFO - Processing file /home/vscode/.local/lib/python3.10/site-packages/airflow/example_dags/example_short_circuit_operator.py for tasks to queue
[2025-01-19T03:49:38.511+0000] {logging_mixin.py:190} INFO - [2025-01-19T03:49:38.511+0000] {dagbag.py:588} INFO - Filling up the DagBag from /home/vscode/.local/lib/python3.10/site-packages/airflow/example_dags/example_short_circuit_operator.py
[2025-01-19T03:49:38.518+0000] {processor.py:925} INFO - DAG(s) 'example_short_circuit_operator' retrieved from /home/vscode/.local/lib/python3.10/site-packages/airflow/example_dags/example_short_circuit_operator.py
[2025-01-19T03:49:38.532+0000] {logging_mixin.py:190} INFO - [2025-01-19T03:49:38.532+0000] {dag.py:3239} INFO - Sync 1 DAGs
[2025-01-19T03:49:38.542+0000] {logging_mixin.py:190} INFO - [2025-01-19T03:49:38.541+0000] {dag.py:4180} INFO - Setting next_dagrun for example_short_circuit_operator to None, run_after=None
[2025-01-19T03:49:38.556+0000] {processor.py:208} INFO - Processing /home/vscode/.local/lib/python3.10/site-packages/airflow/example_dags/example_short_circuit_operator.py took 0.051 seconds
[2025-01-19T03:50:29.953+0000] {processor.py:186} INFO - Started process (PID=18198) to work on /home/vscode/.local/lib/python3.10/site-packages/airflow/example_dags/example_short_circuit_operator.py
[2025-01-19T03:50:29.954+0000] {processor.py:914} INFO - Processing file /home/vscode/.local/lib/python3.10/site-packages/airflow/example_dags/example_short_circuit_operator.py for tasks to queue
[2025-01-19T03:50:29.955+0000] {logging_mixin.py:190} INFO - [2025-01-19T03:50:29.955+0000] {dagbag.py:588} INFO - Filling up the DagBag from /home/vscode/.local/lib/python3.10/site-packages/airflow/example_dags/example_short_circuit_operator.py
[2025-01-19T03:50:29.963+0000] {processor.py:925} INFO - DAG(s) 'example_short_circuit_operator' retrieved from /home/vscode/.local/lib/python3.10/site-packages/airflow/example_dags/example_short_circuit_operator.py
[2025-01-19T03:50:29.977+0000] {logging_mixin.py:190} INFO - [2025-01-19T03:50:29.977+0000] {dag.py:3239} INFO - Sync 1 DAGs
[2025-01-19T03:50:29.987+0000] {logging_mixin.py:190} INFO - [2025-01-19T03:50:29.987+0000] {dag.py:4180} INFO - Setting next_dagrun for example_short_circuit_operator to None, run_after=None
[2025-01-19T03:50:30.001+0000] {processor.py:208} INFO - Processing /home/vscode/.local/lib/python3.10/site-packages/airflow/example_dags/example_short_circuit_operator.py took 0.053 seconds
[2025-01-19T03:51:17.632+0000] {processor.py:186} INFO - Started process (PID=18579) to work on /home/vscode/.local/lib/python3.10/site-packages/airflow/example_dags/example_short_circuit_operator.py
[2025-01-19T03:51:17.633+0000] {processor.py:914} INFO - Processing file /home/vscode/.local/lib/python3.10/site-packages/airflow/example_dags/example_short_circuit_operator.py for tasks to queue
[2025-01-19T03:51:17.635+0000] {logging_mixin.py:190} INFO - [2025-01-19T03:51:17.634+0000] {dagbag.py:588} INFO - Filling up the DagBag from /home/vscode/.local/lib/python3.10/site-packages/airflow/example_dags/example_short_circuit_operator.py
[2025-01-19T03:51:17.645+0000] {processor.py:925} INFO - DAG(s) 'example_short_circuit_operator' retrieved from /home/vscode/.local/lib/python3.10/site-packages/airflow/example_dags/example_short_circuit_operator.py
[2025-01-19T03:51:17.666+0000] {logging_mixin.py:190} INFO - [2025-01-19T03:51:17.666+0000] {dag.py:3239} INFO - Sync 1 DAGs
[2025-01-19T03:51:17.681+0000] {logging_mixin.py:190} INFO - [2025-01-19T03:51:17.680+0000] {dag.py:4180} INFO - Setting next_dagrun for example_short_circuit_operator to None, run_after=None
[2025-01-19T03:51:17.703+0000] {processor.py:208} INFO - Processing /home/vscode/.local/lib/python3.10/site-packages/airflow/example_dags/example_short_circuit_operator.py took 0.076 seconds
[2025-01-19T03:54:49.986+0000] {processor.py:186} INFO - Started process (PID=20069) to work on /home/vscode/.local/lib/python3.10/site-packages/airflow/example_dags/example_short_circuit_operator.py
[2025-01-19T03:54:49.987+0000] {processor.py:914} INFO - Processing file /home/vscode/.local/lib/python3.10/site-packages/airflow/example_dags/example_short_circuit_operator.py for tasks to queue
[2025-01-19T03:54:49.988+0000] {logging_mixin.py:190} INFO - [2025-01-19T03:54:49.988+0000] {dagbag.py:588} INFO - Filling up the DagBag from /home/vscode/.local/lib/python3.10/site-packages/airflow/example_dags/example_short_circuit_operator.py
[2025-01-19T03:54:49.997+0000] {processor.py:925} INFO - DAG(s) 'example_short_circuit_operator' retrieved from /home/vscode/.local/lib/python3.10/site-packages/airflow/example_dags/example_short_circuit_operator.py
[2025-01-19T03:54:50.017+0000] {logging_mixin.py:190} INFO - [2025-01-19T03:54:50.016+0000] {dag.py:3239} INFO - Sync 1 DAGs
[2025-01-19T03:54:50.027+0000] {logging_mixin.py:190} INFO - [2025-01-19T03:54:50.027+0000] {dag.py:4180} INFO - Setting next_dagrun for example_short_circuit_operator to None, run_after=None
[2025-01-19T03:54:50.042+0000] {processor.py:208} INFO - Processing /home/vscode/.local/lib/python3.10/site-packages/airflow/example_dags/example_short_circuit_operator.py took 0.060 seconds
[2025-01-19T03:55:47.015+0000] {processor.py:186} INFO - Started process (PID=20461) to work on /home/vscode/.local/lib/python3.10/site-packages/airflow/example_dags/example_short_circuit_operator.py
[2025-01-19T03:55:47.015+0000] {processor.py:914} INFO - Processing file /home/vscode/.local/lib/python3.10/site-packages/airflow/example_dags/example_short_circuit_operator.py for tasks to queue
[2025-01-19T03:55:47.017+0000] {logging_mixin.py:190} INFO - [2025-01-19T03:55:47.017+0000] {dagbag.py:588} INFO - Filling up the DagBag from /home/vscode/.local/lib/python3.10/site-packages/airflow/example_dags/example_short_circuit_operator.py
[2025-01-19T03:55:47.024+0000] {processor.py:925} INFO - DAG(s) 'example_short_circuit_operator' retrieved from /home/vscode/.local/lib/python3.10/site-packages/airflow/example_dags/example_short_circuit_operator.py
[2025-01-19T03:55:47.039+0000] {logging_mixin.py:190} INFO - [2025-01-19T03:55:47.038+0000] {dag.py:3239} INFO - Sync 1 DAGs
[2025-01-19T03:55:47.048+0000] {logging_mixin.py:190} INFO - [2025-01-19T03:55:47.048+0000] {dag.py:4180} INFO - Setting next_dagrun for example_short_circuit_operator to None, run_after=None
[2025-01-19T03:55:47.062+0000] {processor.py:208} INFO - Processing /home/vscode/.local/lib/python3.10/site-packages/airflow/example_dags/example_short_circuit_operator.py took 0.052 seconds
[2025-01-19T03:56:38.460+0000] {processor.py:186} INFO - Started process (PID=20810) to work on /home/vscode/.local/lib/python3.10/site-packages/airflow/example_dags/example_short_circuit_operator.py
[2025-01-19T03:56:38.461+0000] {processor.py:914} INFO - Processing file /home/vscode/.local/lib/python3.10/site-packages/airflow/example_dags/example_short_circuit_operator.py for tasks to queue
[2025-01-19T03:56:38.462+0000] {logging_mixin.py:190} INFO - [2025-01-19T03:56:38.462+0000] {dagbag.py:588} INFO - Filling up the DagBag from /home/vscode/.local/lib/python3.10/site-packages/airflow/example_dags/example_short_circuit_operator.py
[2025-01-19T03:56:38.469+0000] {processor.py:925} INFO - DAG(s) 'example_short_circuit_operator' retrieved from /home/vscode/.local/lib/python3.10/site-packages/airflow/example_dags/example_short_circuit_operator.py
[2025-01-19T03:56:38.484+0000] {logging_mixin.py:190} INFO - [2025-01-19T03:56:38.484+0000] {dag.py:3239} INFO - Sync 1 DAGs
[2025-01-19T03:56:38.493+0000] {logging_mixin.py:190} INFO - [2025-01-19T03:56:38.493+0000] {dag.py:4180} INFO - Setting next_dagrun for example_short_circuit_operator to None, run_after=None
[2025-01-19T03:56:38.507+0000] {processor.py:208} INFO - Processing /home/vscode/.local/lib/python3.10/site-packages/airflow/example_dags/example_short_circuit_operator.py took 0.052 seconds
[2025-01-19T03:57:31.569+0000] {processor.py:186} INFO - Started process (PID=21171) to work on /home/vscode/.local/lib/python3.10/site-packages/airflow/example_dags/example_short_circuit_operator.py
[2025-01-19T03:57:31.570+0000] {processor.py:914} INFO - Processing file /home/vscode/.local/lib/python3.10/site-packages/airflow/example_dags/example_short_circuit_operator.py for tasks to queue
[2025-01-19T03:57:31.572+0000] {logging_mixin.py:190} INFO - [2025-01-19T03:57:31.572+0000] {dagbag.py:588} INFO - Filling up the DagBag from /home/vscode/.local/lib/python3.10/site-packages/airflow/example_dags/example_short_circuit_operator.py
[2025-01-19T03:57:31.579+0000] {processor.py:925} INFO - DAG(s) 'example_short_circuit_operator' retrieved from /home/vscode/.local/lib/python3.10/site-packages/airflow/example_dags/example_short_circuit_operator.py
[2025-01-19T03:57:31.594+0000] {logging_mixin.py:190} INFO - [2025-01-19T03:57:31.593+0000] {dag.py:3239} INFO - Sync 1 DAGs
[2025-01-19T03:57:31.603+0000] {logging_mixin.py:190} INFO - [2025-01-19T03:57:31.603+0000] {dag.py:4180} INFO - Setting next_dagrun for example_short_circuit_operator to None, run_after=None
[2025-01-19T03:57:31.619+0000] {processor.py:208} INFO - Processing /home/vscode/.local/lib/python3.10/site-packages/airflow/example_dags/example_short_circuit_operator.py took 0.054 seconds
[2025-01-19T03:58:19.860+0000] {processor.py:186} INFO - Started process (PID=21499) to work on /home/vscode/.local/lib/python3.10/site-packages/airflow/example_dags/example_short_circuit_operator.py
[2025-01-19T03:58:19.861+0000] {processor.py:914} INFO - Processing file /home/vscode/.local/lib/python3.10/site-packages/airflow/example_dags/example_short_circuit_operator.py for tasks to queue
[2025-01-19T03:58:19.863+0000] {logging_mixin.py:190} INFO - [2025-01-19T03:58:19.863+0000] {dagbag.py:588} INFO - Filling up the DagBag from /home/vscode/.local/lib/python3.10/site-packages/airflow/example_dags/example_short_circuit_operator.py
[2025-01-19T03:58:19.870+0000] {processor.py:925} INFO - DAG(s) 'example_short_circuit_operator' retrieved from /home/vscode/.local/lib/python3.10/site-packages/airflow/example_dags/example_short_circuit_operator.py
[2025-01-19T03:58:19.884+0000] {logging_mixin.py:190} INFO - [2025-01-19T03:58:19.884+0000] {dag.py:3239} INFO - Sync 1 DAGs
[2025-01-19T03:58:19.893+0000] {logging_mixin.py:190} INFO - [2025-01-19T03:58:19.893+0000] {dag.py:4180} INFO - Setting next_dagrun for example_short_circuit_operator to None, run_after=None
[2025-01-19T03:58:19.907+0000] {processor.py:208} INFO - Processing /home/vscode/.local/lib/python3.10/site-packages/airflow/example_dags/example_short_circuit_operator.py took 0.051 seconds
[2025-01-19T03:59:12.814+0000] {processor.py:186} INFO - Started process (PID=21860) to work on /home/vscode/.local/lib/python3.10/site-packages/airflow/example_dags/example_short_circuit_operator.py
[2025-01-19T03:59:12.815+0000] {processor.py:914} INFO - Processing file /home/vscode/.local/lib/python3.10/site-packages/airflow/example_dags/example_short_circuit_operator.py for tasks to queue
[2025-01-19T03:59:12.816+0000] {logging_mixin.py:190} INFO - [2025-01-19T03:59:12.816+0000] {dagbag.py:588} INFO - Filling up the DagBag from /home/vscode/.local/lib/python3.10/site-packages/airflow/example_dags/example_short_circuit_operator.py
[2025-01-19T03:59:12.823+0000] {processor.py:925} INFO - DAG(s) 'example_short_circuit_operator' retrieved from /home/vscode/.local/lib/python3.10/site-packages/airflow/example_dags/example_short_circuit_operator.py
[2025-01-19T03:59:12.838+0000] {logging_mixin.py:190} INFO - [2025-01-19T03:59:12.838+0000] {dag.py:3239} INFO - Sync 1 DAGs
[2025-01-19T03:59:12.847+0000] {logging_mixin.py:190} INFO - [2025-01-19T03:59:12.847+0000] {dag.py:4180} INFO - Setting next_dagrun for example_short_circuit_operator to None, run_after=None
[2025-01-19T03:59:12.861+0000] {processor.py:208} INFO - Processing /home/vscode/.local/lib/python3.10/site-packages/airflow/example_dags/example_short_circuit_operator.py took 0.052 seconds
[2025-01-19T04:00:04.634+0000] {processor.py:186} INFO - Started process (PID=22217) to work on /home/vscode/.local/lib/python3.10/site-packages/airflow/example_dags/example_short_circuit_operator.py
[2025-01-19T04:00:04.635+0000] {processor.py:914} INFO - Processing file /home/vscode/.local/lib/python3.10/site-packages/airflow/example_dags/example_short_circuit_operator.py for tasks to queue
[2025-01-19T04:00:04.636+0000] {logging_mixin.py:190} INFO - [2025-01-19T04:00:04.636+0000] {dagbag.py:588} INFO - Filling up the DagBag from /home/vscode/.local/lib/python3.10/site-packages/airflow/example_dags/example_short_circuit_operator.py
[2025-01-19T04:00:04.643+0000] {processor.py:925} INFO - DAG(s) 'example_short_circuit_operator' retrieved from /home/vscode/.local/lib/python3.10/site-packages/airflow/example_dags/example_short_circuit_operator.py
[2025-01-19T04:00:04.658+0000] {logging_mixin.py:190} INFO - [2025-01-19T04:00:04.657+0000] {dag.py:3239} INFO - Sync 1 DAGs
[2025-01-19T04:00:04.667+0000] {logging_mixin.py:190} INFO - [2025-01-19T04:00:04.667+0000] {dag.py:4180} INFO - Setting next_dagrun for example_short_circuit_operator to None, run_after=None
[2025-01-19T04:00:04.682+0000] {processor.py:208} INFO - Processing /home/vscode/.local/lib/python3.10/site-packages/airflow/example_dags/example_short_circuit_operator.py took 0.052 seconds
[2025-01-19T04:00:55.401+0000] {processor.py:186} INFO - Started process (PID=22560) to work on /home/vscode/.local/lib/python3.10/site-packages/airflow/example_dags/example_short_circuit_operator.py
[2025-01-19T04:00:55.402+0000] {processor.py:914} INFO - Processing file /home/vscode/.local/lib/python3.10/site-packages/airflow/example_dags/example_short_circuit_operator.py for tasks to queue
[2025-01-19T04:00:55.404+0000] {logging_mixin.py:190} INFO - [2025-01-19T04:00:55.404+0000] {dagbag.py:588} INFO - Filling up the DagBag from /home/vscode/.local/lib/python3.10/site-packages/airflow/example_dags/example_short_circuit_operator.py
[2025-01-19T04:00:55.411+0000] {processor.py:925} INFO - DAG(s) 'example_short_circuit_operator' retrieved from /home/vscode/.local/lib/python3.10/site-packages/airflow/example_dags/example_short_circuit_operator.py
[2025-01-19T04:00:55.432+0000] {logging_mixin.py:190} INFO - [2025-01-19T04:00:55.431+0000] {dag.py:3239} INFO - Sync 1 DAGs
[2025-01-19T04:00:55.441+0000] {logging_mixin.py:190} INFO - [2025-01-19T04:00:55.441+0000] {dag.py:4180} INFO - Setting next_dagrun for example_short_circuit_operator to None, run_after=None
[2025-01-19T04:00:55.456+0000] {processor.py:208} INFO - Processing /home/vscode/.local/lib/python3.10/site-packages/airflow/example_dags/example_short_circuit_operator.py took 0.060 seconds
[2025-01-19T04:01:48.029+0000] {processor.py:186} INFO - Started process (PID=22910) to work on /home/vscode/.local/lib/python3.10/site-packages/airflow/example_dags/example_short_circuit_operator.py
[2025-01-19T04:01:48.029+0000] {processor.py:914} INFO - Processing file /home/vscode/.local/lib/python3.10/site-packages/airflow/example_dags/example_short_circuit_operator.py for tasks to queue
[2025-01-19T04:01:48.031+0000] {logging_mixin.py:190} INFO - [2025-01-19T04:01:48.031+0000] {dagbag.py:588} INFO - Filling up the DagBag from /home/vscode/.local/lib/python3.10/site-packages/airflow/example_dags/example_short_circuit_operator.py
[2025-01-19T04:01:48.038+0000] {processor.py:925} INFO - DAG(s) 'example_short_circuit_operator' retrieved from /home/vscode/.local/lib/python3.10/site-packages/airflow/example_dags/example_short_circuit_operator.py
[2025-01-19T04:01:48.053+0000] {logging_mixin.py:190} INFO - [2025-01-19T04:01:48.053+0000] {dag.py:3239} INFO - Sync 1 DAGs
[2025-01-19T04:01:48.062+0000] {logging_mixin.py:190} INFO - [2025-01-19T04:01:48.062+0000] {dag.py:4180} INFO - Setting next_dagrun for example_short_circuit_operator to None, run_after=None
[2025-01-19T04:01:48.076+0000] {processor.py:208} INFO - Processing /home/vscode/.local/lib/python3.10/site-packages/airflow/example_dags/example_short_circuit_operator.py took 0.052 seconds
[2025-01-19T04:02:37.665+0000] {processor.py:186} INFO - Started process (PID=23274) to work on /home/vscode/.local/lib/python3.10/site-packages/airflow/example_dags/example_short_circuit_operator.py
[2025-01-19T04:02:37.666+0000] {processor.py:914} INFO - Processing file /home/vscode/.local/lib/python3.10/site-packages/airflow/example_dags/example_short_circuit_operator.py for tasks to queue
[2025-01-19T04:02:37.667+0000] {logging_mixin.py:190} INFO - [2025-01-19T04:02:37.667+0000] {dagbag.py:588} INFO - Filling up the DagBag from /home/vscode/.local/lib/python3.10/site-packages/airflow/example_dags/example_short_circuit_operator.py
[2025-01-19T04:02:37.674+0000] {processor.py:925} INFO - DAG(s) 'example_short_circuit_operator' retrieved from /home/vscode/.local/lib/python3.10/site-packages/airflow/example_dags/example_short_circuit_operator.py
[2025-01-19T04:02:37.689+0000] {logging_mixin.py:190} INFO - [2025-01-19T04:02:37.688+0000] {dag.py:3239} INFO - Sync 1 DAGs
[2025-01-19T04:02:37.698+0000] {logging_mixin.py:190} INFO - [2025-01-19T04:02:37.697+0000] {dag.py:4180} INFO - Setting next_dagrun for example_short_circuit_operator to None, run_after=None
[2025-01-19T04:02:37.711+0000] {processor.py:208} INFO - Processing /home/vscode/.local/lib/python3.10/site-packages/airflow/example_dags/example_short_circuit_operator.py took 0.051 seconds
