[2025-01-19T03:20:42.258+0000] {processor.py:186} INFO - Started process (PID=4960) to work on /home/vscode/.local/lib/python3.10/site-packages/airflow/example_dags/example_xcomargs.py
[2025-01-19T03:20:42.259+0000] {processor.py:914} INFO - Processing file /home/vscode/.local/lib/python3.10/site-packages/airflow/example_dags/example_xcomargs.py for tasks to queue
[2025-01-19T03:20:42.261+0000] {logging_mixin.py:190} INFO - [2025-01-19T03:20:42.261+0000] {dagbag.py:588} INFO - Filling up the DagBag from /home/vscode/.local/lib/python3.10/site-packages/airflow/example_dags/example_xcomargs.py
[2025-01-19T03:20:42.272+0000] {processor.py:925} INFO - DAG(s) 'example_xcom_args_with_operators', 'example_xcom_args' retrieved from /home/vscode/.local/lib/python3.10/site-packages/airflow/example_dags/example_xcomargs.py
[2025-01-19T03:20:42.370+0000] {logging_mixin.py:190} INFO - [2025-01-19T03:20:42.369+0000] {override.py:1911} INFO - Created Permission View: can read on DAG:example_xcom_args_with_operators
[2025-01-19T03:20:42.379+0000] {logging_mixin.py:190} INFO - [2025-01-19T03:20:42.379+0000] {override.py:1911} INFO - Created Permission View: can edit on DAG:example_xcom_args_with_operators
[2025-01-19T03:20:42.385+0000] {logging_mixin.py:190} INFO - [2025-01-19T03:20:42.385+0000] {override.py:1911} INFO - Created Permission View: can delete on DAG:example_xcom_args_with_operators
[2025-01-19T03:20:42.393+0000] {logging_mixin.py:190} INFO - [2025-01-19T03:20:42.393+0000] {override.py:1911} INFO - Created Permission View: menu access on DAG Run:example_xcom_args_with_operators
[2025-01-19T03:20:42.399+0000] {logging_mixin.py:190} INFO - [2025-01-19T03:20:42.399+0000] {override.py:1911} INFO - Created Permission View: can read on DAG Run:example_xcom_args_with_operators
[2025-01-19T03:20:42.405+0000] {logging_mixin.py:190} INFO - [2025-01-19T03:20:42.405+0000] {override.py:1911} INFO - Created Permission View: can create on DAG Run:example_xcom_args_with_operators
[2025-01-19T03:20:42.411+0000] {logging_mixin.py:190} INFO - [2025-01-19T03:20:42.411+0000] {override.py:1911} INFO - Created Permission View: can delete on DAG Run:example_xcom_args_with_operators
[2025-01-19T03:20:42.424+0000] {logging_mixin.py:190} INFO - [2025-01-19T03:20:42.424+0000] {override.py:1911} INFO - Created Permission View: can read on DAG:example_xcom_args
[2025-01-19T03:20:42.430+0000] {logging_mixin.py:190} INFO - [2025-01-19T03:20:42.430+0000] {override.py:1911} INFO - Created Permission View: can edit on DAG:example_xcom_args
[2025-01-19T03:20:42.436+0000] {logging_mixin.py:190} INFO - [2025-01-19T03:20:42.435+0000] {override.py:1911} INFO - Created Permission View: can delete on DAG:example_xcom_args
[2025-01-19T03:20:42.444+0000] {logging_mixin.py:190} INFO - [2025-01-19T03:20:42.443+0000] {override.py:1911} INFO - Created Permission View: menu access on DAG Run:example_xcom_args
[2025-01-19T03:20:42.449+0000] {logging_mixin.py:190} INFO - [2025-01-19T03:20:42.449+0000] {override.py:1911} INFO - Created Permission View: can read on DAG Run:example_xcom_args
[2025-01-19T03:20:42.455+0000] {logging_mixin.py:190} INFO - [2025-01-19T03:20:42.455+0000] {override.py:1911} INFO - Created Permission View: can create on DAG Run:example_xcom_args
[2025-01-19T03:20:42.461+0000] {logging_mixin.py:190} INFO - [2025-01-19T03:20:42.461+0000] {override.py:1911} INFO - Created Permission View: can delete on DAG Run:example_xcom_args
[2025-01-19T03:20:42.461+0000] {logging_mixin.py:190} INFO - [2025-01-19T03:20:42.461+0000] {dag.py:3239} INFO - Sync 2 DAGs
[2025-01-19T03:20:42.470+0000] {logging_mixin.py:190} INFO - [2025-01-19T03:20:42.470+0000] {dag.py:3262} INFO - Creating ORM DAG for example_xcom_args
[2025-01-19T03:20:42.471+0000] {logging_mixin.py:190} INFO - [2025-01-19T03:20:42.471+0000] {dag.py:3262} INFO - Creating ORM DAG for example_xcom_args_with_operators
[2025-01-19T03:20:42.471+0000] {logging_mixin.py:190} INFO - [2025-01-19T03:20:42.471+0000] {dag.py:4180} INFO - Setting next_dagrun for example_xcom_args to None, run_after=None
[2025-01-19T03:20:42.472+0000] {logging_mixin.py:190} INFO - [2025-01-19T03:20:42.472+0000] {dag.py:4180} INFO - Setting next_dagrun for example_xcom_args_with_operators to None, run_after=None
[2025-01-19T03:20:42.490+0000] {processor.py:208} INFO - Processing /home/vscode/.local/lib/python3.10/site-packages/airflow/example_dags/example_xcomargs.py took 0.240 seconds
[2025-01-19T03:21:43.731+0000] {processor.py:186} INFO - Started process (PID=5522) to work on /home/vscode/.local/lib/python3.10/site-packages/airflow/example_dags/example_xcomargs.py
[2025-01-19T03:21:43.731+0000] {processor.py:914} INFO - Processing file /home/vscode/.local/lib/python3.10/site-packages/airflow/example_dags/example_xcomargs.py for tasks to queue
[2025-01-19T03:21:43.733+0000] {logging_mixin.py:190} INFO - [2025-01-19T03:21:43.733+0000] {dagbag.py:588} INFO - Filling up the DagBag from /home/vscode/.local/lib/python3.10/site-packages/airflow/example_dags/example_xcomargs.py
[2025-01-19T03:21:43.741+0000] {processor.py:925} INFO - DAG(s) 'example_xcom_args_with_operators', 'example_xcom_args' retrieved from /home/vscode/.local/lib/python3.10/site-packages/airflow/example_dags/example_xcomargs.py
[2025-01-19T03:21:43.754+0000] {logging_mixin.py:190} INFO - [2025-01-19T03:21:43.754+0000] {dag.py:3239} INFO - Sync 2 DAGs
[2025-01-19T03:21:43.764+0000] {logging_mixin.py:190} INFO - [2025-01-19T03:21:43.764+0000] {dag.py:4180} INFO - Setting next_dagrun for example_xcom_args to None, run_after=None
[2025-01-19T03:21:43.767+0000] {logging_mixin.py:190} INFO - [2025-01-19T03:21:43.766+0000] {dag.py:4180} INFO - Setting next_dagrun for example_xcom_args_with_operators to None, run_after=None
[2025-01-19T03:21:43.780+0000] {processor.py:208} INFO - Processing /home/vscode/.local/lib/python3.10/site-packages/airflow/example_dags/example_xcomargs.py took 0.054 seconds
[2025-01-19T03:22:36.410+0000] {processor.py:186} INFO - Started process (PID=5916) to work on /home/vscode/.local/lib/python3.10/site-packages/airflow/example_dags/example_xcomargs.py
[2025-01-19T03:22:36.411+0000] {processor.py:914} INFO - Processing file /home/vscode/.local/lib/python3.10/site-packages/airflow/example_dags/example_xcomargs.py for tasks to queue
[2025-01-19T03:22:36.413+0000] {logging_mixin.py:190} INFO - [2025-01-19T03:22:36.412+0000] {dagbag.py:588} INFO - Filling up the DagBag from /home/vscode/.local/lib/python3.10/site-packages/airflow/example_dags/example_xcomargs.py
[2025-01-19T03:22:36.420+0000] {processor.py:925} INFO - DAG(s) 'example_xcom_args_with_operators', 'example_xcom_args' retrieved from /home/vscode/.local/lib/python3.10/site-packages/airflow/example_dags/example_xcomargs.py
[2025-01-19T03:22:36.434+0000] {logging_mixin.py:190} INFO - [2025-01-19T03:22:36.434+0000] {dag.py:3239} INFO - Sync 2 DAGs
[2025-01-19T03:22:36.443+0000] {logging_mixin.py:190} INFO - [2025-01-19T03:22:36.443+0000] {dag.py:4180} INFO - Setting next_dagrun for example_xcom_args to None, run_after=None
[2025-01-19T03:22:36.446+0000] {logging_mixin.py:190} INFO - [2025-01-19T03:22:36.446+0000] {dag.py:4180} INFO - Setting next_dagrun for example_xcom_args_with_operators to None, run_after=None
[2025-01-19T03:22:36.460+0000] {processor.py:208} INFO - Processing /home/vscode/.local/lib/python3.10/site-packages/airflow/example_dags/example_xcomargs.py took 0.054 seconds
[2025-01-19T03:23:24.333+0000] {processor.py:186} INFO - Started process (PID=6325) to work on /home/vscode/.local/lib/python3.10/site-packages/airflow/example_dags/example_xcomargs.py
[2025-01-19T03:23:24.333+0000] {processor.py:914} INFO - Processing file /home/vscode/.local/lib/python3.10/site-packages/airflow/example_dags/example_xcomargs.py for tasks to queue
[2025-01-19T03:23:24.335+0000] {logging_mixin.py:190} INFO - [2025-01-19T03:23:24.335+0000] {dagbag.py:588} INFO - Filling up the DagBag from /home/vscode/.local/lib/python3.10/site-packages/airflow/example_dags/example_xcomargs.py
[2025-01-19T03:23:24.344+0000] {processor.py:925} INFO - DAG(s) 'example_xcom_args_with_operators', 'example_xcom_args' retrieved from /home/vscode/.local/lib/python3.10/site-packages/airflow/example_dags/example_xcomargs.py
[2025-01-19T03:23:24.358+0000] {logging_mixin.py:190} INFO - [2025-01-19T03:23:24.357+0000] {dag.py:3239} INFO - Sync 2 DAGs
[2025-01-19T03:23:24.367+0000] {logging_mixin.py:190} INFO - [2025-01-19T03:23:24.367+0000] {dag.py:4180} INFO - Setting next_dagrun for example_xcom_args to None, run_after=None
[2025-01-19T03:23:24.370+0000] {logging_mixin.py:190} INFO - [2025-01-19T03:23:24.369+0000] {dag.py:4180} INFO - Setting next_dagrun for example_xcom_args_with_operators to None, run_after=None
[2025-01-19T03:23:24.383+0000] {processor.py:208} INFO - Processing /home/vscode/.local/lib/python3.10/site-packages/airflow/example_dags/example_xcomargs.py took 0.055 seconds
[2025-01-19T03:24:16.621+0000] {processor.py:186} INFO - Started process (PID=6725) to work on /home/vscode/.local/lib/python3.10/site-packages/airflow/example_dags/example_xcomargs.py
[2025-01-19T03:24:16.621+0000] {processor.py:914} INFO - Processing file /home/vscode/.local/lib/python3.10/site-packages/airflow/example_dags/example_xcomargs.py for tasks to queue
[2025-01-19T03:24:16.623+0000] {logging_mixin.py:190} INFO - [2025-01-19T03:24:16.623+0000] {dagbag.py:588} INFO - Filling up the DagBag from /home/vscode/.local/lib/python3.10/site-packages/airflow/example_dags/example_xcomargs.py
[2025-01-19T03:24:16.631+0000] {processor.py:925} INFO - DAG(s) 'example_xcom_args', 'example_xcom_args_with_operators' retrieved from /home/vscode/.local/lib/python3.10/site-packages/airflow/example_dags/example_xcomargs.py
[2025-01-19T03:24:16.645+0000] {logging_mixin.py:190} INFO - [2025-01-19T03:24:16.645+0000] {dag.py:3239} INFO - Sync 2 DAGs
[2025-01-19T03:24:16.654+0000] {logging_mixin.py:190} INFO - [2025-01-19T03:24:16.654+0000] {dag.py:4180} INFO - Setting next_dagrun for example_xcom_args to None, run_after=None
[2025-01-19T03:24:16.657+0000] {logging_mixin.py:190} INFO - [2025-01-19T03:24:16.657+0000] {dag.py:4180} INFO - Setting next_dagrun for example_xcom_args_with_operators to None, run_after=None
[2025-01-19T03:24:16.670+0000] {processor.py:208} INFO - Processing /home/vscode/.local/lib/python3.10/site-packages/airflow/example_dags/example_xcomargs.py took 0.054 seconds
[2025-01-19T03:25:08.449+0000] {processor.py:186} INFO - Started process (PID=7129) to work on /home/vscode/.local/lib/python3.10/site-packages/airflow/example_dags/example_xcomargs.py
[2025-01-19T03:25:08.449+0000] {processor.py:914} INFO - Processing file /home/vscode/.local/lib/python3.10/site-packages/airflow/example_dags/example_xcomargs.py for tasks to queue
[2025-01-19T03:25:08.451+0000] {logging_mixin.py:190} INFO - [2025-01-19T03:25:08.451+0000] {dagbag.py:588} INFO - Filling up the DagBag from /home/vscode/.local/lib/python3.10/site-packages/airflow/example_dags/example_xcomargs.py
[2025-01-19T03:25:08.459+0000] {processor.py:925} INFO - DAG(s) 'example_xcom_args_with_operators', 'example_xcom_args' retrieved from /home/vscode/.local/lib/python3.10/site-packages/airflow/example_dags/example_xcomargs.py
[2025-01-19T03:25:08.473+0000] {logging_mixin.py:190} INFO - [2025-01-19T03:25:08.472+0000] {dag.py:3239} INFO - Sync 2 DAGs
[2025-01-19T03:25:08.482+0000] {logging_mixin.py:190} INFO - [2025-01-19T03:25:08.482+0000] {dag.py:4180} INFO - Setting next_dagrun for example_xcom_args to None, run_after=None
[2025-01-19T03:25:08.484+0000] {logging_mixin.py:190} INFO - [2025-01-19T03:25:08.484+0000] {dag.py:4180} INFO - Setting next_dagrun for example_xcom_args_with_operators to None, run_after=None
[2025-01-19T03:25:08.497+0000] {processor.py:208} INFO - Processing /home/vscode/.local/lib/python3.10/site-packages/airflow/example_dags/example_xcomargs.py took 0.052 seconds
[2025-01-19T03:25:58.590+0000] {processor.py:186} INFO - Started process (PID=7537) to work on /home/vscode/.local/lib/python3.10/site-packages/airflow/example_dags/example_xcomargs.py
[2025-01-19T03:25:58.591+0000] {processor.py:914} INFO - Processing file /home/vscode/.local/lib/python3.10/site-packages/airflow/example_dags/example_xcomargs.py for tasks to queue
[2025-01-19T03:25:58.593+0000] {logging_mixin.py:190} INFO - [2025-01-19T03:25:58.592+0000] {dagbag.py:588} INFO - Filling up the DagBag from /home/vscode/.local/lib/python3.10/site-packages/airflow/example_dags/example_xcomargs.py
[2025-01-19T03:25:58.600+0000] {processor.py:925} INFO - DAG(s) 'example_xcom_args', 'example_xcom_args_with_operators' retrieved from /home/vscode/.local/lib/python3.10/site-packages/airflow/example_dags/example_xcomargs.py
[2025-01-19T03:25:58.614+0000] {logging_mixin.py:190} INFO - [2025-01-19T03:25:58.614+0000] {dag.py:3239} INFO - Sync 2 DAGs
[2025-01-19T03:25:58.623+0000] {logging_mixin.py:190} INFO - [2025-01-19T03:25:58.623+0000] {dag.py:4180} INFO - Setting next_dagrun for example_xcom_args to None, run_after=None
[2025-01-19T03:25:58.626+0000] {logging_mixin.py:190} INFO - [2025-01-19T03:25:58.625+0000] {dag.py:4180} INFO - Setting next_dagrun for example_xcom_args_with_operators to None, run_after=None
[2025-01-19T03:25:58.638+0000] {processor.py:208} INFO - Processing /home/vscode/.local/lib/python3.10/site-packages/airflow/example_dags/example_xcomargs.py took 0.053 seconds
[2025-01-19T03:26:51.231+0000] {processor.py:186} INFO - Started process (PID=7944) to work on /home/vscode/.local/lib/python3.10/site-packages/airflow/example_dags/example_xcomargs.py
[2025-01-19T03:26:51.232+0000] {processor.py:914} INFO - Processing file /home/vscode/.local/lib/python3.10/site-packages/airflow/example_dags/example_xcomargs.py for tasks to queue
[2025-01-19T03:26:51.233+0000] {logging_mixin.py:190} INFO - [2025-01-19T03:26:51.233+0000] {dagbag.py:588} INFO - Filling up the DagBag from /home/vscode/.local/lib/python3.10/site-packages/airflow/example_dags/example_xcomargs.py
[2025-01-19T03:26:51.241+0000] {processor.py:925} INFO - DAG(s) 'example_xcom_args_with_operators', 'example_xcom_args' retrieved from /home/vscode/.local/lib/python3.10/site-packages/airflow/example_dags/example_xcomargs.py
[2025-01-19T03:26:51.255+0000] {logging_mixin.py:190} INFO - [2025-01-19T03:26:51.255+0000] {dag.py:3239} INFO - Sync 2 DAGs
[2025-01-19T03:26:51.265+0000] {logging_mixin.py:190} INFO - [2025-01-19T03:26:51.265+0000] {dag.py:4180} INFO - Setting next_dagrun for example_xcom_args to None, run_after=None
[2025-01-19T03:26:51.267+0000] {logging_mixin.py:190} INFO - [2025-01-19T03:26:51.267+0000] {dag.py:4180} INFO - Setting next_dagrun for example_xcom_args_with_operators to None, run_after=None
[2025-01-19T03:26:51.280+0000] {processor.py:208} INFO - Processing /home/vscode/.local/lib/python3.10/site-packages/airflow/example_dags/example_xcomargs.py took 0.054 seconds
[2025-01-19T03:27:44.931+0000] {processor.py:186} INFO - Started process (PID=8331) to work on /home/vscode/.local/lib/python3.10/site-packages/airflow/example_dags/example_xcomargs.py
[2025-01-19T03:27:44.932+0000] {processor.py:914} INFO - Processing file /home/vscode/.local/lib/python3.10/site-packages/airflow/example_dags/example_xcomargs.py for tasks to queue
[2025-01-19T03:27:44.934+0000] {logging_mixin.py:190} INFO - [2025-01-19T03:27:44.934+0000] {dagbag.py:588} INFO - Filling up the DagBag from /home/vscode/.local/lib/python3.10/site-packages/airflow/example_dags/example_xcomargs.py
[2025-01-19T03:27:44.942+0000] {processor.py:925} INFO - DAG(s) 'example_xcom_args_with_operators', 'example_xcom_args' retrieved from /home/vscode/.local/lib/python3.10/site-packages/airflow/example_dags/example_xcomargs.py
[2025-01-19T03:27:44.956+0000] {logging_mixin.py:190} INFO - [2025-01-19T03:27:44.956+0000] {dag.py:3239} INFO - Sync 2 DAGs
[2025-01-19T03:27:44.966+0000] {logging_mixin.py:190} INFO - [2025-01-19T03:27:44.965+0000] {dag.py:4180} INFO - Setting next_dagrun for example_xcom_args to None, run_after=None
[2025-01-19T03:27:44.968+0000] {logging_mixin.py:190} INFO - [2025-01-19T03:27:44.968+0000] {dag.py:4180} INFO - Setting next_dagrun for example_xcom_args_with_operators to None, run_after=None
[2025-01-19T03:27:44.981+0000] {processor.py:208} INFO - Processing /home/vscode/.local/lib/python3.10/site-packages/airflow/example_dags/example_xcomargs.py took 0.054 seconds
[2025-01-19T03:28:38.374+0000] {processor.py:186} INFO - Started process (PID=8829) to work on /home/vscode/.local/lib/python3.10/site-packages/airflow/example_dags/example_xcomargs.py
[2025-01-19T03:28:38.375+0000] {processor.py:914} INFO - Processing file /home/vscode/.local/lib/python3.10/site-packages/airflow/example_dags/example_xcomargs.py for tasks to queue
[2025-01-19T03:28:38.377+0000] {logging_mixin.py:190} INFO - [2025-01-19T03:28:38.377+0000] {dagbag.py:588} INFO - Filling up the DagBag from /home/vscode/.local/lib/python3.10/site-packages/airflow/example_dags/example_xcomargs.py
[2025-01-19T03:28:38.385+0000] {processor.py:925} INFO - DAG(s) 'example_xcom_args_with_operators', 'example_xcom_args' retrieved from /home/vscode/.local/lib/python3.10/site-packages/airflow/example_dags/example_xcomargs.py
[2025-01-19T03:28:38.398+0000] {logging_mixin.py:190} INFO - [2025-01-19T03:28:38.398+0000] {dag.py:3239} INFO - Sync 2 DAGs
[2025-01-19T03:28:38.407+0000] {logging_mixin.py:190} INFO - [2025-01-19T03:28:38.407+0000] {dag.py:4180} INFO - Setting next_dagrun for example_xcom_args to None, run_after=None
[2025-01-19T03:28:38.410+0000] {logging_mixin.py:190} INFO - [2025-01-19T03:28:38.410+0000] {dag.py:4180} INFO - Setting next_dagrun for example_xcom_args_with_operators to None, run_after=None
[2025-01-19T03:28:38.423+0000] {processor.py:208} INFO - Processing /home/vscode/.local/lib/python3.10/site-packages/airflow/example_dags/example_xcomargs.py took 0.053 seconds
[2025-01-19T03:29:30.210+0000] {processor.py:186} INFO - Started process (PID=9223) to work on /home/vscode/.local/lib/python3.10/site-packages/airflow/example_dags/example_xcomargs.py
[2025-01-19T03:29:30.211+0000] {processor.py:914} INFO - Processing file /home/vscode/.local/lib/python3.10/site-packages/airflow/example_dags/example_xcomargs.py for tasks to queue
[2025-01-19T03:29:30.213+0000] {logging_mixin.py:190} INFO - [2025-01-19T03:29:30.213+0000] {dagbag.py:588} INFO - Filling up the DagBag from /home/vscode/.local/lib/python3.10/site-packages/airflow/example_dags/example_xcomargs.py
[2025-01-19T03:29:30.221+0000] {processor.py:925} INFO - DAG(s) 'example_xcom_args_with_operators', 'example_xcom_args' retrieved from /home/vscode/.local/lib/python3.10/site-packages/airflow/example_dags/example_xcomargs.py
[2025-01-19T03:29:30.234+0000] {logging_mixin.py:190} INFO - [2025-01-19T03:29:30.234+0000] {dag.py:3239} INFO - Sync 2 DAGs
[2025-01-19T03:29:30.243+0000] {logging_mixin.py:190} INFO - [2025-01-19T03:29:30.243+0000] {dag.py:4180} INFO - Setting next_dagrun for example_xcom_args to None, run_after=None
[2025-01-19T03:29:30.246+0000] {logging_mixin.py:190} INFO - [2025-01-19T03:29:30.246+0000] {dag.py:4180} INFO - Setting next_dagrun for example_xcom_args_with_operators to None, run_after=None
[2025-01-19T03:29:30.258+0000] {processor.py:208} INFO - Processing /home/vscode/.local/lib/python3.10/site-packages/airflow/example_dags/example_xcomargs.py took 0.052 seconds
[2025-01-19T03:30:20.945+0000] {processor.py:186} INFO - Started process (PID=9566) to work on /home/vscode/.local/lib/python3.10/site-packages/airflow/example_dags/example_xcomargs.py
[2025-01-19T03:30:20.946+0000] {processor.py:914} INFO - Processing file /home/vscode/.local/lib/python3.10/site-packages/airflow/example_dags/example_xcomargs.py for tasks to queue
[2025-01-19T03:30:20.948+0000] {logging_mixin.py:190} INFO - [2025-01-19T03:30:20.948+0000] {dagbag.py:588} INFO - Filling up the DagBag from /home/vscode/.local/lib/python3.10/site-packages/airflow/example_dags/example_xcomargs.py
[2025-01-19T03:30:20.956+0000] {processor.py:925} INFO - DAG(s) 'example_xcom_args_with_operators', 'example_xcom_args' retrieved from /home/vscode/.local/lib/python3.10/site-packages/airflow/example_dags/example_xcomargs.py
[2025-01-19T03:30:20.969+0000] {logging_mixin.py:190} INFO - [2025-01-19T03:30:20.969+0000] {dag.py:3239} INFO - Sync 2 DAGs
[2025-01-19T03:30:20.979+0000] {logging_mixin.py:190} INFO - [2025-01-19T03:30:20.978+0000] {dag.py:4180} INFO - Setting next_dagrun for example_xcom_args to None, run_after=None
[2025-01-19T03:30:20.981+0000] {logging_mixin.py:190} INFO - [2025-01-19T03:30:20.981+0000] {dag.py:4180} INFO - Setting next_dagrun for example_xcom_args_with_operators to None, run_after=None
[2025-01-19T03:30:20.994+0000] {processor.py:208} INFO - Processing /home/vscode/.local/lib/python3.10/site-packages/airflow/example_dags/example_xcomargs.py took 0.053 seconds
[2025-01-19T03:31:07.212+0000] {processor.py:186} INFO - Started process (PID=9880) to work on /home/vscode/.local/lib/python3.10/site-packages/airflow/example_dags/example_xcomargs.py
[2025-01-19T03:31:07.213+0000] {processor.py:914} INFO - Processing file /home/vscode/.local/lib/python3.10/site-packages/airflow/example_dags/example_xcomargs.py for tasks to queue
[2025-01-19T03:31:07.214+0000] {logging_mixin.py:190} INFO - [2025-01-19T03:31:07.214+0000] {dagbag.py:588} INFO - Filling up the DagBag from /home/vscode/.local/lib/python3.10/site-packages/airflow/example_dags/example_xcomargs.py
[2025-01-19T03:31:07.222+0000] {processor.py:925} INFO - DAG(s) 'example_xcom_args_with_operators', 'example_xcom_args' retrieved from /home/vscode/.local/lib/python3.10/site-packages/airflow/example_dags/example_xcomargs.py
[2025-01-19T03:31:07.236+0000] {logging_mixin.py:190} INFO - [2025-01-19T03:31:07.236+0000] {dag.py:3239} INFO - Sync 2 DAGs
[2025-01-19T03:31:07.246+0000] {logging_mixin.py:190} INFO - [2025-01-19T03:31:07.245+0000] {dag.py:4180} INFO - Setting next_dagrun for example_xcom_args to None, run_after=None
[2025-01-19T03:31:07.248+0000] {logging_mixin.py:190} INFO - [2025-01-19T03:31:07.248+0000] {dag.py:4180} INFO - Setting next_dagrun for example_xcom_args_with_operators to None, run_after=None
[2025-01-19T03:31:07.260+0000] {processor.py:208} INFO - Processing /home/vscode/.local/lib/python3.10/site-packages/airflow/example_dags/example_xcomargs.py took 0.053 seconds
[2025-01-19T03:31:56.330+0000] {processor.py:186} INFO - Started process (PID=10211) to work on /home/vscode/.local/lib/python3.10/site-packages/airflow/example_dags/example_xcomargs.py
[2025-01-19T03:31:56.331+0000] {processor.py:914} INFO - Processing file /home/vscode/.local/lib/python3.10/site-packages/airflow/example_dags/example_xcomargs.py for tasks to queue
[2025-01-19T03:31:56.333+0000] {logging_mixin.py:190} INFO - [2025-01-19T03:31:56.332+0000] {dagbag.py:588} INFO - Filling up the DagBag from /home/vscode/.local/lib/python3.10/site-packages/airflow/example_dags/example_xcomargs.py
[2025-01-19T03:31:56.341+0000] {processor.py:925} INFO - DAG(s) 'example_xcom_args', 'example_xcom_args_with_operators' retrieved from /home/vscode/.local/lib/python3.10/site-packages/airflow/example_dags/example_xcomargs.py
[2025-01-19T03:31:56.354+0000] {logging_mixin.py:190} INFO - [2025-01-19T03:31:56.354+0000] {dag.py:3239} INFO - Sync 2 DAGs
[2025-01-19T03:31:56.365+0000] {logging_mixin.py:190} INFO - [2025-01-19T03:31:56.365+0000] {dag.py:4180} INFO - Setting next_dagrun for example_xcom_args to None, run_after=None
[2025-01-19T03:31:56.367+0000] {logging_mixin.py:190} INFO - [2025-01-19T03:31:56.367+0000] {dag.py:4180} INFO - Setting next_dagrun for example_xcom_args_with_operators to None, run_after=None
[2025-01-19T03:31:56.380+0000] {processor.py:208} INFO - Processing /home/vscode/.local/lib/python3.10/site-packages/airflow/example_dags/example_xcomargs.py took 0.054 seconds
[2025-01-19T03:32:47.167+0000] {processor.py:186} INFO - Started process (PID=10683) to work on /home/vscode/.local/lib/python3.10/site-packages/airflow/example_dags/example_xcomargs.py
[2025-01-19T03:32:47.168+0000] {processor.py:914} INFO - Processing file /home/vscode/.local/lib/python3.10/site-packages/airflow/example_dags/example_xcomargs.py for tasks to queue
[2025-01-19T03:32:47.170+0000] {logging_mixin.py:190} INFO - [2025-01-19T03:32:47.170+0000] {dagbag.py:588} INFO - Filling up the DagBag from /home/vscode/.local/lib/python3.10/site-packages/airflow/example_dags/example_xcomargs.py
[2025-01-19T03:32:47.178+0000] {processor.py:925} INFO - DAG(s) 'example_xcom_args', 'example_xcom_args_with_operators' retrieved from /home/vscode/.local/lib/python3.10/site-packages/airflow/example_dags/example_xcomargs.py
[2025-01-19T03:32:47.191+0000] {logging_mixin.py:190} INFO - [2025-01-19T03:32:47.191+0000] {dag.py:3239} INFO - Sync 2 DAGs
[2025-01-19T03:32:47.200+0000] {logging_mixin.py:190} INFO - [2025-01-19T03:32:47.200+0000] {dag.py:4180} INFO - Setting next_dagrun for example_xcom_args to None, run_after=None
[2025-01-19T03:32:47.203+0000] {logging_mixin.py:190} INFO - [2025-01-19T03:32:47.202+0000] {dag.py:4180} INFO - Setting next_dagrun for example_xcom_args_with_operators to None, run_after=None
[2025-01-19T03:32:47.215+0000] {processor.py:208} INFO - Processing /home/vscode/.local/lib/python3.10/site-packages/airflow/example_dags/example_xcomargs.py took 0.052 seconds
[2025-01-19T03:33:39.791+0000] {processor.py:186} INFO - Started process (PID=11055) to work on /home/vscode/.local/lib/python3.10/site-packages/airflow/example_dags/example_xcomargs.py
[2025-01-19T03:33:39.792+0000] {processor.py:914} INFO - Processing file /home/vscode/.local/lib/python3.10/site-packages/airflow/example_dags/example_xcomargs.py for tasks to queue
[2025-01-19T03:33:39.793+0000] {logging_mixin.py:190} INFO - [2025-01-19T03:33:39.793+0000] {dagbag.py:588} INFO - Filling up the DagBag from /home/vscode/.local/lib/python3.10/site-packages/airflow/example_dags/example_xcomargs.py
[2025-01-19T03:33:39.801+0000] {processor.py:925} INFO - DAG(s) 'example_xcom_args_with_operators', 'example_xcom_args' retrieved from /home/vscode/.local/lib/python3.10/site-packages/airflow/example_dags/example_xcomargs.py
[2025-01-19T03:33:39.815+0000] {logging_mixin.py:190} INFO - [2025-01-19T03:33:39.814+0000] {dag.py:3239} INFO - Sync 2 DAGs
[2025-01-19T03:33:39.824+0000] {logging_mixin.py:190} INFO - [2025-01-19T03:33:39.824+0000] {dag.py:4180} INFO - Setting next_dagrun for example_xcom_args to None, run_after=None
[2025-01-19T03:33:39.826+0000] {logging_mixin.py:190} INFO - [2025-01-19T03:33:39.826+0000] {dag.py:4180} INFO - Setting next_dagrun for example_xcom_args_with_operators to None, run_after=None
[2025-01-19T03:33:39.839+0000] {processor.py:208} INFO - Processing /home/vscode/.local/lib/python3.10/site-packages/airflow/example_dags/example_xcomargs.py took 0.053 seconds
[2025-01-19T03:34:28.823+0000] {processor.py:186} INFO - Started process (PID=11405) to work on /home/vscode/.local/lib/python3.10/site-packages/airflow/example_dags/example_xcomargs.py
[2025-01-19T03:34:28.824+0000] {processor.py:914} INFO - Processing file /home/vscode/.local/lib/python3.10/site-packages/airflow/example_dags/example_xcomargs.py for tasks to queue
[2025-01-19T03:34:28.826+0000] {logging_mixin.py:190} INFO - [2025-01-19T03:34:28.825+0000] {dagbag.py:588} INFO - Filling up the DagBag from /home/vscode/.local/lib/python3.10/site-packages/airflow/example_dags/example_xcomargs.py
[2025-01-19T03:34:28.834+0000] {processor.py:925} INFO - DAG(s) 'example_xcom_args', 'example_xcom_args_with_operators' retrieved from /home/vscode/.local/lib/python3.10/site-packages/airflow/example_dags/example_xcomargs.py
[2025-01-19T03:34:28.848+0000] {logging_mixin.py:190} INFO - [2025-01-19T03:34:28.847+0000] {dag.py:3239} INFO - Sync 2 DAGs
[2025-01-19T03:34:28.857+0000] {logging_mixin.py:190} INFO - [2025-01-19T03:34:28.857+0000] {dag.py:4180} INFO - Setting next_dagrun for example_xcom_args to None, run_after=None
[2025-01-19T03:34:28.859+0000] {logging_mixin.py:190} INFO - [2025-01-19T03:34:28.859+0000] {dag.py:4180} INFO - Setting next_dagrun for example_xcom_args_with_operators to None, run_after=None
[2025-01-19T03:34:28.872+0000] {processor.py:208} INFO - Processing /home/vscode/.local/lib/python3.10/site-packages/airflow/example_dags/example_xcomargs.py took 0.053 seconds
[2025-01-19T03:35:18.067+0000] {processor.py:186} INFO - Started process (PID=11805) to work on /home/vscode/.local/lib/python3.10/site-packages/airflow/example_dags/example_xcomargs.py
[2025-01-19T03:35:18.067+0000] {processor.py:914} INFO - Processing file /home/vscode/.local/lib/python3.10/site-packages/airflow/example_dags/example_xcomargs.py for tasks to queue
[2025-01-19T03:35:18.069+0000] {logging_mixin.py:190} INFO - [2025-01-19T03:35:18.069+0000] {dagbag.py:588} INFO - Filling up the DagBag from /home/vscode/.local/lib/python3.10/site-packages/airflow/example_dags/example_xcomargs.py
[2025-01-19T03:35:18.077+0000] {processor.py:925} INFO - DAG(s) 'example_xcom_args', 'example_xcom_args_with_operators' retrieved from /home/vscode/.local/lib/python3.10/site-packages/airflow/example_dags/example_xcomargs.py
[2025-01-19T03:35:18.090+0000] {logging_mixin.py:190} INFO - [2025-01-19T03:35:18.090+0000] {dag.py:3239} INFO - Sync 2 DAGs
[2025-01-19T03:35:18.100+0000] {logging_mixin.py:190} INFO - [2025-01-19T03:35:18.100+0000] {dag.py:4180} INFO - Setting next_dagrun for example_xcom_args to None, run_after=None
[2025-01-19T03:35:18.102+0000] {logging_mixin.py:190} INFO - [2025-01-19T03:35:18.102+0000] {dag.py:4180} INFO - Setting next_dagrun for example_xcom_args_with_operators to None, run_after=None
[2025-01-19T03:35:18.115+0000] {processor.py:208} INFO - Processing /home/vscode/.local/lib/python3.10/site-packages/airflow/example_dags/example_xcomargs.py took 0.053 seconds
[2025-01-19T03:36:08.793+0000] {processor.py:186} INFO - Started process (PID=12195) to work on /home/vscode/.local/lib/python3.10/site-packages/airflow/example_dags/example_xcomargs.py
[2025-01-19T03:36:08.793+0000] {processor.py:914} INFO - Processing file /home/vscode/.local/lib/python3.10/site-packages/airflow/example_dags/example_xcomargs.py for tasks to queue
[2025-01-19T03:36:08.795+0000] {logging_mixin.py:190} INFO - [2025-01-19T03:36:08.795+0000] {dagbag.py:588} INFO - Filling up the DagBag from /home/vscode/.local/lib/python3.10/site-packages/airflow/example_dags/example_xcomargs.py
[2025-01-19T03:36:08.803+0000] {processor.py:925} INFO - DAG(s) 'example_xcom_args_with_operators', 'example_xcom_args' retrieved from /home/vscode/.local/lib/python3.10/site-packages/airflow/example_dags/example_xcomargs.py
[2025-01-19T03:36:08.816+0000] {logging_mixin.py:190} INFO - [2025-01-19T03:36:08.816+0000] {dag.py:3239} INFO - Sync 2 DAGs
[2025-01-19T03:36:08.826+0000] {logging_mixin.py:190} INFO - [2025-01-19T03:36:08.826+0000] {dag.py:4180} INFO - Setting next_dagrun for example_xcom_args to None, run_after=None
[2025-01-19T03:36:08.828+0000] {logging_mixin.py:190} INFO - [2025-01-19T03:36:08.828+0000] {dag.py:4180} INFO - Setting next_dagrun for example_xcom_args_with_operators to None, run_after=None
[2025-01-19T03:36:08.841+0000] {processor.py:208} INFO - Processing /home/vscode/.local/lib/python3.10/site-packages/airflow/example_dags/example_xcomargs.py took 0.053 seconds
[2025-01-19T03:36:57.824+0000] {processor.py:186} INFO - Started process (PID=12525) to work on /home/vscode/.local/lib/python3.10/site-packages/airflow/example_dags/example_xcomargs.py
[2025-01-19T03:36:57.825+0000] {processor.py:914} INFO - Processing file /home/vscode/.local/lib/python3.10/site-packages/airflow/example_dags/example_xcomargs.py for tasks to queue
[2025-01-19T03:36:57.827+0000] {logging_mixin.py:190} INFO - [2025-01-19T03:36:57.826+0000] {dagbag.py:588} INFO - Filling up the DagBag from /home/vscode/.local/lib/python3.10/site-packages/airflow/example_dags/example_xcomargs.py
[2025-01-19T03:36:57.835+0000] {processor.py:925} INFO - DAG(s) 'example_xcom_args', 'example_xcom_args_with_operators' retrieved from /home/vscode/.local/lib/python3.10/site-packages/airflow/example_dags/example_xcomargs.py
[2025-01-19T03:36:57.848+0000] {logging_mixin.py:190} INFO - [2025-01-19T03:36:57.848+0000] {dag.py:3239} INFO - Sync 2 DAGs
[2025-01-19T03:36:57.859+0000] {logging_mixin.py:190} INFO - [2025-01-19T03:36:57.859+0000] {dag.py:4180} INFO - Setting next_dagrun for example_xcom_args to None, run_after=None
[2025-01-19T03:36:57.862+0000] {logging_mixin.py:190} INFO - [2025-01-19T03:36:57.861+0000] {dag.py:4180} INFO - Setting next_dagrun for example_xcom_args_with_operators to None, run_after=None
[2025-01-19T03:36:57.875+0000] {processor.py:208} INFO - Processing /home/vscode/.local/lib/python3.10/site-packages/airflow/example_dags/example_xcomargs.py took 0.055 seconds
[2025-01-19T03:37:49.200+0000] {processor.py:186} INFO - Started process (PID=12877) to work on /home/vscode/.local/lib/python3.10/site-packages/airflow/example_dags/example_xcomargs.py
[2025-01-19T03:37:49.201+0000] {processor.py:914} INFO - Processing file /home/vscode/.local/lib/python3.10/site-packages/airflow/example_dags/example_xcomargs.py for tasks to queue
[2025-01-19T03:37:49.203+0000] {logging_mixin.py:190} INFO - [2025-01-19T03:37:49.202+0000] {dagbag.py:588} INFO - Filling up the DagBag from /home/vscode/.local/lib/python3.10/site-packages/airflow/example_dags/example_xcomargs.py
[2025-01-19T03:37:49.210+0000] {processor.py:925} INFO - DAG(s) 'example_xcom_args', 'example_xcom_args_with_operators' retrieved from /home/vscode/.local/lib/python3.10/site-packages/airflow/example_dags/example_xcomargs.py
[2025-01-19T03:37:49.223+0000] {logging_mixin.py:190} INFO - [2025-01-19T03:37:49.223+0000] {dag.py:3239} INFO - Sync 2 DAGs
[2025-01-19T03:37:49.233+0000] {logging_mixin.py:190} INFO - [2025-01-19T03:37:49.232+0000] {dag.py:4180} INFO - Setting next_dagrun for example_xcom_args to None, run_after=None
[2025-01-19T03:37:49.235+0000] {logging_mixin.py:190} INFO - [2025-01-19T03:37:49.235+0000] {dag.py:4180} INFO - Setting next_dagrun for example_xcom_args_with_operators to None, run_after=None
[2025-01-19T03:37:49.247+0000] {processor.py:208} INFO - Processing /home/vscode/.local/lib/python3.10/site-packages/airflow/example_dags/example_xcomargs.py took 0.052 seconds
[2025-01-19T03:38:37.395+0000] {processor.py:186} INFO - Started process (PID=13211) to work on /home/vscode/.local/lib/python3.10/site-packages/airflow/example_dags/example_xcomargs.py
[2025-01-19T03:38:37.396+0000] {processor.py:914} INFO - Processing file /home/vscode/.local/lib/python3.10/site-packages/airflow/example_dags/example_xcomargs.py for tasks to queue
[2025-01-19T03:38:37.398+0000] {logging_mixin.py:190} INFO - [2025-01-19T03:38:37.397+0000] {dagbag.py:588} INFO - Filling up the DagBag from /home/vscode/.local/lib/python3.10/site-packages/airflow/example_dags/example_xcomargs.py
[2025-01-19T03:38:37.405+0000] {processor.py:925} INFO - DAG(s) 'example_xcom_args_with_operators', 'example_xcom_args' retrieved from /home/vscode/.local/lib/python3.10/site-packages/airflow/example_dags/example_xcomargs.py
[2025-01-19T03:38:37.419+0000] {logging_mixin.py:190} INFO - [2025-01-19T03:38:37.419+0000] {dag.py:3239} INFO - Sync 2 DAGs
[2025-01-19T03:38:37.429+0000] {logging_mixin.py:190} INFO - [2025-01-19T03:38:37.428+0000] {dag.py:4180} INFO - Setting next_dagrun for example_xcom_args to None, run_after=None
[2025-01-19T03:38:37.431+0000] {logging_mixin.py:190} INFO - [2025-01-19T03:38:37.431+0000] {dag.py:4180} INFO - Setting next_dagrun for example_xcom_args_with_operators to None, run_after=None
[2025-01-19T03:38:37.443+0000] {processor.py:208} INFO - Processing /home/vscode/.local/lib/python3.10/site-packages/airflow/example_dags/example_xcomargs.py took 0.053 seconds
[2025-01-19T03:39:27.909+0000] {processor.py:186} INFO - Started process (PID=13548) to work on /home/vscode/.local/lib/python3.10/site-packages/airflow/example_dags/example_xcomargs.py
[2025-01-19T03:39:27.910+0000] {processor.py:914} INFO - Processing file /home/vscode/.local/lib/python3.10/site-packages/airflow/example_dags/example_xcomargs.py for tasks to queue
[2025-01-19T03:39:27.912+0000] {logging_mixin.py:190} INFO - [2025-01-19T03:39:27.911+0000] {dagbag.py:588} INFO - Filling up the DagBag from /home/vscode/.local/lib/python3.10/site-packages/airflow/example_dags/example_xcomargs.py
[2025-01-19T03:39:27.920+0000] {processor.py:925} INFO - DAG(s) 'example_xcom_args_with_operators', 'example_xcom_args' retrieved from /home/vscode/.local/lib/python3.10/site-packages/airflow/example_dags/example_xcomargs.py
[2025-01-19T03:39:27.934+0000] {logging_mixin.py:190} INFO - [2025-01-19T03:39:27.934+0000] {dag.py:3239} INFO - Sync 2 DAGs
[2025-01-19T03:39:27.944+0000] {logging_mixin.py:190} INFO - [2025-01-19T03:39:27.943+0000] {dag.py:4180} INFO - Setting next_dagrun for example_xcom_args to None, run_after=None
[2025-01-19T03:39:27.946+0000] {logging_mixin.py:190} INFO - [2025-01-19T03:39:27.946+0000] {dag.py:4180} INFO - Setting next_dagrun for example_xcom_args_with_operators to None, run_after=None
[2025-01-19T03:39:27.959+0000] {processor.py:208} INFO - Processing /home/vscode/.local/lib/python3.10/site-packages/airflow/example_dags/example_xcomargs.py took 0.054 seconds
[2025-01-19T03:40:19.911+0000] {processor.py:186} INFO - Started process (PID=13900) to work on /home/vscode/.local/lib/python3.10/site-packages/airflow/example_dags/example_xcomargs.py
[2025-01-19T03:40:19.912+0000] {processor.py:914} INFO - Processing file /home/vscode/.local/lib/python3.10/site-packages/airflow/example_dags/example_xcomargs.py for tasks to queue
[2025-01-19T03:40:19.914+0000] {logging_mixin.py:190} INFO - [2025-01-19T03:40:19.914+0000] {dagbag.py:588} INFO - Filling up the DagBag from /home/vscode/.local/lib/python3.10/site-packages/airflow/example_dags/example_xcomargs.py
[2025-01-19T03:40:19.922+0000] {processor.py:925} INFO - DAG(s) 'example_xcom_args', 'example_xcom_args_with_operators' retrieved from /home/vscode/.local/lib/python3.10/site-packages/airflow/example_dags/example_xcomargs.py
[2025-01-19T03:40:19.936+0000] {logging_mixin.py:190} INFO - [2025-01-19T03:40:19.936+0000] {dag.py:3239} INFO - Sync 2 DAGs
[2025-01-19T03:40:19.946+0000] {logging_mixin.py:190} INFO - [2025-01-19T03:40:19.946+0000] {dag.py:4180} INFO - Setting next_dagrun for example_xcom_args to None, run_after=None
[2025-01-19T03:40:19.948+0000] {logging_mixin.py:190} INFO - [2025-01-19T03:40:19.948+0000] {dag.py:4180} INFO - Setting next_dagrun for example_xcom_args_with_operators to None, run_after=None
[2025-01-19T03:40:19.962+0000] {processor.py:208} INFO - Processing /home/vscode/.local/lib/python3.10/site-packages/airflow/example_dags/example_xcomargs.py took 0.055 seconds
[2025-01-19T03:41:09.421+0000] {processor.py:186} INFO - Started process (PID=14233) to work on /home/vscode/.local/lib/python3.10/site-packages/airflow/example_dags/example_xcomargs.py
[2025-01-19T03:41:09.422+0000] {processor.py:914} INFO - Processing file /home/vscode/.local/lib/python3.10/site-packages/airflow/example_dags/example_xcomargs.py for tasks to queue
[2025-01-19T03:41:09.424+0000] {logging_mixin.py:190} INFO - [2025-01-19T03:41:09.424+0000] {dagbag.py:588} INFO - Filling up the DagBag from /home/vscode/.local/lib/python3.10/site-packages/airflow/example_dags/example_xcomargs.py
[2025-01-19T03:41:09.432+0000] {processor.py:925} INFO - DAG(s) 'example_xcom_args_with_operators', 'example_xcom_args' retrieved from /home/vscode/.local/lib/python3.10/site-packages/airflow/example_dags/example_xcomargs.py
[2025-01-19T03:41:09.446+0000] {logging_mixin.py:190} INFO - [2025-01-19T03:41:09.445+0000] {dag.py:3239} INFO - Sync 2 DAGs
[2025-01-19T03:41:09.455+0000] {logging_mixin.py:190} INFO - [2025-01-19T03:41:09.455+0000] {dag.py:4180} INFO - Setting next_dagrun for example_xcom_args to None, run_after=None
[2025-01-19T03:41:09.458+0000] {logging_mixin.py:190} INFO - [2025-01-19T03:41:09.457+0000] {dag.py:4180} INFO - Setting next_dagrun for example_xcom_args_with_operators to None, run_after=None
[2025-01-19T03:41:09.471+0000] {processor.py:208} INFO - Processing /home/vscode/.local/lib/python3.10/site-packages/airflow/example_dags/example_xcomargs.py took 0.054 seconds
[2025-01-19T03:42:00.679+0000] {processor.py:186} INFO - Started process (PID=14575) to work on /home/vscode/.local/lib/python3.10/site-packages/airflow/example_dags/example_xcomargs.py
[2025-01-19T03:42:00.680+0000] {processor.py:914} INFO - Processing file /home/vscode/.local/lib/python3.10/site-packages/airflow/example_dags/example_xcomargs.py for tasks to queue
[2025-01-19T03:42:00.681+0000] {logging_mixin.py:190} INFO - [2025-01-19T03:42:00.681+0000] {dagbag.py:588} INFO - Filling up the DagBag from /home/vscode/.local/lib/python3.10/site-packages/airflow/example_dags/example_xcomargs.py
[2025-01-19T03:42:00.689+0000] {processor.py:925} INFO - DAG(s) 'example_xcom_args', 'example_xcom_args_with_operators' retrieved from /home/vscode/.local/lib/python3.10/site-packages/airflow/example_dags/example_xcomargs.py
[2025-01-19T03:42:00.703+0000] {logging_mixin.py:190} INFO - [2025-01-19T03:42:00.703+0000] {dag.py:3239} INFO - Sync 2 DAGs
[2025-01-19T03:42:00.712+0000] {logging_mixin.py:190} INFO - [2025-01-19T03:42:00.712+0000] {dag.py:4180} INFO - Setting next_dagrun for example_xcom_args to None, run_after=None
[2025-01-19T03:42:00.715+0000] {logging_mixin.py:190} INFO - [2025-01-19T03:42:00.715+0000] {dag.py:4180} INFO - Setting next_dagrun for example_xcom_args_with_operators to None, run_after=None
[2025-01-19T03:42:00.731+0000] {processor.py:208} INFO - Processing /home/vscode/.local/lib/python3.10/site-packages/airflow/example_dags/example_xcomargs.py took 0.056 seconds
[2025-01-19T03:42:51.120+0000] {processor.py:186} INFO - Started process (PID=14916) to work on /home/vscode/.local/lib/python3.10/site-packages/airflow/example_dags/example_xcomargs.py
[2025-01-19T03:42:51.121+0000] {processor.py:914} INFO - Processing file /home/vscode/.local/lib/python3.10/site-packages/airflow/example_dags/example_xcomargs.py for tasks to queue
[2025-01-19T03:42:51.123+0000] {logging_mixin.py:190} INFO - [2025-01-19T03:42:51.122+0000] {dagbag.py:588} INFO - Filling up the DagBag from /home/vscode/.local/lib/python3.10/site-packages/airflow/example_dags/example_xcomargs.py
[2025-01-19T03:42:51.131+0000] {processor.py:925} INFO - DAG(s) 'example_xcom_args', 'example_xcom_args_with_operators' retrieved from /home/vscode/.local/lib/python3.10/site-packages/airflow/example_dags/example_xcomargs.py
[2025-01-19T03:42:51.145+0000] {logging_mixin.py:190} INFO - [2025-01-19T03:42:51.145+0000] {dag.py:3239} INFO - Sync 2 DAGs
[2025-01-19T03:42:51.155+0000] {logging_mixin.py:190} INFO - [2025-01-19T03:42:51.155+0000] {dag.py:4180} INFO - Setting next_dagrun for example_xcom_args to None, run_after=None
[2025-01-19T03:42:51.158+0000] {logging_mixin.py:190} INFO - [2025-01-19T03:42:51.158+0000] {dag.py:4180} INFO - Setting next_dagrun for example_xcom_args_with_operators to None, run_after=None
[2025-01-19T03:42:51.171+0000] {processor.py:208} INFO - Processing /home/vscode/.local/lib/python3.10/site-packages/airflow/example_dags/example_xcomargs.py took 0.055 seconds
[2025-01-19T03:43:42.490+0000] {processor.py:186} INFO - Started process (PID=15264) to work on /home/vscode/.local/lib/python3.10/site-packages/airflow/example_dags/example_xcomargs.py
[2025-01-19T03:43:42.491+0000] {processor.py:914} INFO - Processing file /home/vscode/.local/lib/python3.10/site-packages/airflow/example_dags/example_xcomargs.py for tasks to queue
[2025-01-19T03:43:42.492+0000] {logging_mixin.py:190} INFO - [2025-01-19T03:43:42.492+0000] {dagbag.py:588} INFO - Filling up the DagBag from /home/vscode/.local/lib/python3.10/site-packages/airflow/example_dags/example_xcomargs.py
[2025-01-19T03:43:42.500+0000] {processor.py:925} INFO - DAG(s) 'example_xcom_args_with_operators', 'example_xcom_args' retrieved from /home/vscode/.local/lib/python3.10/site-packages/airflow/example_dags/example_xcomargs.py
[2025-01-19T03:43:42.518+0000] {logging_mixin.py:190} INFO - [2025-01-19T03:43:42.518+0000] {dag.py:3239} INFO - Sync 2 DAGs
[2025-01-19T03:43:42.528+0000] {logging_mixin.py:190} INFO - [2025-01-19T03:43:42.527+0000] {dag.py:4180} INFO - Setting next_dagrun for example_xcom_args to None, run_after=None
[2025-01-19T03:43:42.530+0000] {logging_mixin.py:190} INFO - [2025-01-19T03:43:42.530+0000] {dag.py:4180} INFO - Setting next_dagrun for example_xcom_args_with_operators to None, run_after=None
[2025-01-19T03:43:42.543+0000] {processor.py:208} INFO - Processing /home/vscode/.local/lib/python3.10/site-packages/airflow/example_dags/example_xcomargs.py took 0.058 seconds
[2025-01-19T03:44:36.037+0000] {processor.py:186} INFO - Started process (PID=15634) to work on /home/vscode/.local/lib/python3.10/site-packages/airflow/example_dags/example_xcomargs.py
[2025-01-19T03:44:36.038+0000] {processor.py:914} INFO - Processing file /home/vscode/.local/lib/python3.10/site-packages/airflow/example_dags/example_xcomargs.py for tasks to queue
[2025-01-19T03:44:36.039+0000] {logging_mixin.py:190} INFO - [2025-01-19T03:44:36.039+0000] {dagbag.py:588} INFO - Filling up the DagBag from /home/vscode/.local/lib/python3.10/site-packages/airflow/example_dags/example_xcomargs.py
[2025-01-19T03:44:36.047+0000] {processor.py:925} INFO - DAG(s) 'example_xcom_args_with_operators', 'example_xcom_args' retrieved from /home/vscode/.local/lib/python3.10/site-packages/airflow/example_dags/example_xcomargs.py
[2025-01-19T03:44:36.061+0000] {logging_mixin.py:190} INFO - [2025-01-19T03:44:36.061+0000] {dag.py:3239} INFO - Sync 2 DAGs
[2025-01-19T03:44:36.072+0000] {logging_mixin.py:190} INFO - [2025-01-19T03:44:36.071+0000] {dag.py:4180} INFO - Setting next_dagrun for example_xcom_args to None, run_after=None
[2025-01-19T03:44:36.074+0000] {logging_mixin.py:190} INFO - [2025-01-19T03:44:36.074+0000] {dag.py:4180} INFO - Setting next_dagrun for example_xcom_args_with_operators to None, run_after=None
[2025-01-19T03:44:36.087+0000] {processor.py:208} INFO - Processing /home/vscode/.local/lib/python3.10/site-packages/airflow/example_dags/example_xcomargs.py took 0.055 seconds
[2025-01-19T03:45:29.642+0000] {processor.py:186} INFO - Started process (PID=15987) to work on /home/vscode/.local/lib/python3.10/site-packages/airflow/example_dags/example_xcomargs.py
[2025-01-19T03:45:29.642+0000] {processor.py:914} INFO - Processing file /home/vscode/.local/lib/python3.10/site-packages/airflow/example_dags/example_xcomargs.py for tasks to queue
[2025-01-19T03:45:29.644+0000] {logging_mixin.py:190} INFO - [2025-01-19T03:45:29.644+0000] {dagbag.py:588} INFO - Filling up the DagBag from /home/vscode/.local/lib/python3.10/site-packages/airflow/example_dags/example_xcomargs.py
[2025-01-19T03:45:29.652+0000] {processor.py:925} INFO - DAG(s) 'example_xcom_args', 'example_xcom_args_with_operators' retrieved from /home/vscode/.local/lib/python3.10/site-packages/airflow/example_dags/example_xcomargs.py
[2025-01-19T03:45:29.677+0000] {logging_mixin.py:190} INFO - [2025-01-19T03:45:29.677+0000] {dag.py:3239} INFO - Sync 2 DAGs
[2025-01-19T03:45:29.689+0000] {logging_mixin.py:190} INFO - [2025-01-19T03:45:29.689+0000] {dag.py:4180} INFO - Setting next_dagrun for example_xcom_args to None, run_after=None
[2025-01-19T03:45:29.691+0000] {logging_mixin.py:190} INFO - [2025-01-19T03:45:29.691+0000] {dag.py:4180} INFO - Setting next_dagrun for example_xcom_args_with_operators to None, run_after=None
[2025-01-19T03:45:29.704+0000] {processor.py:208} INFO - Processing /home/vscode/.local/lib/python3.10/site-packages/airflow/example_dags/example_xcomargs.py took 0.067 seconds
[2025-01-19T03:46:17.668+0000] {processor.py:186} INFO - Started process (PID=16306) to work on /home/vscode/.local/lib/python3.10/site-packages/airflow/example_dags/example_xcomargs.py
[2025-01-19T03:46:17.669+0000] {processor.py:914} INFO - Processing file /home/vscode/.local/lib/python3.10/site-packages/airflow/example_dags/example_xcomargs.py for tasks to queue
[2025-01-19T03:46:17.671+0000] {logging_mixin.py:190} INFO - [2025-01-19T03:46:17.670+0000] {dagbag.py:588} INFO - Filling up the DagBag from /home/vscode/.local/lib/python3.10/site-packages/airflow/example_dags/example_xcomargs.py
[2025-01-19T03:46:17.679+0000] {processor.py:925} INFO - DAG(s) 'example_xcom_args', 'example_xcom_args_with_operators' retrieved from /home/vscode/.local/lib/python3.10/site-packages/airflow/example_dags/example_xcomargs.py
[2025-01-19T03:46:17.692+0000] {logging_mixin.py:190} INFO - [2025-01-19T03:46:17.692+0000] {dag.py:3239} INFO - Sync 2 DAGs
[2025-01-19T03:46:17.702+0000] {logging_mixin.py:190} INFO - [2025-01-19T03:46:17.701+0000] {dag.py:4180} INFO - Setting next_dagrun for example_xcom_args to None, run_after=None
[2025-01-19T03:46:17.704+0000] {logging_mixin.py:190} INFO - [2025-01-19T03:46:17.704+0000] {dag.py:4180} INFO - Setting next_dagrun for example_xcom_args_with_operators to None, run_after=None
[2025-01-19T03:46:17.717+0000] {processor.py:208} INFO - Processing /home/vscode/.local/lib/python3.10/site-packages/airflow/example_dags/example_xcomargs.py took 0.053 seconds
[2025-01-19T03:47:11.263+0000] {processor.py:186} INFO - Started process (PID=16671) to work on /home/vscode/.local/lib/python3.10/site-packages/airflow/example_dags/example_xcomargs.py
[2025-01-19T03:47:11.264+0000] {processor.py:914} INFO - Processing file /home/vscode/.local/lib/python3.10/site-packages/airflow/example_dags/example_xcomargs.py for tasks to queue
[2025-01-19T03:47:11.266+0000] {logging_mixin.py:190} INFO - [2025-01-19T03:47:11.265+0000] {dagbag.py:588} INFO - Filling up the DagBag from /home/vscode/.local/lib/python3.10/site-packages/airflow/example_dags/example_xcomargs.py
[2025-01-19T03:47:11.273+0000] {processor.py:925} INFO - DAG(s) 'example_xcom_args_with_operators', 'example_xcom_args' retrieved from /home/vscode/.local/lib/python3.10/site-packages/airflow/example_dags/example_xcomargs.py
[2025-01-19T03:47:11.287+0000] {logging_mixin.py:190} INFO - [2025-01-19T03:47:11.287+0000] {dag.py:3239} INFO - Sync 2 DAGs
[2025-01-19T03:47:11.297+0000] {logging_mixin.py:190} INFO - [2025-01-19T03:47:11.296+0000] {dag.py:4180} INFO - Setting next_dagrun for example_xcom_args to None, run_after=None
[2025-01-19T03:47:11.299+0000] {logging_mixin.py:190} INFO - [2025-01-19T03:47:11.299+0000] {dag.py:4180} INFO - Setting next_dagrun for example_xcom_args_with_operators to None, run_after=None
[2025-01-19T03:47:11.312+0000] {processor.py:208} INFO - Processing /home/vscode/.local/lib/python3.10/site-packages/airflow/example_dags/example_xcomargs.py took 0.053 seconds
[2025-01-19T03:48:01.675+0000] {processor.py:186} INFO - Started process (PID=17019) to work on /home/vscode/.local/lib/python3.10/site-packages/airflow/example_dags/example_xcomargs.py
[2025-01-19T03:48:01.676+0000] {processor.py:914} INFO - Processing file /home/vscode/.local/lib/python3.10/site-packages/airflow/example_dags/example_xcomargs.py for tasks to queue
[2025-01-19T03:48:01.678+0000] {logging_mixin.py:190} INFO - [2025-01-19T03:48:01.678+0000] {dagbag.py:588} INFO - Filling up the DagBag from /home/vscode/.local/lib/python3.10/site-packages/airflow/example_dags/example_xcomargs.py
[2025-01-19T03:48:01.689+0000] {processor.py:925} INFO - DAG(s) 'example_xcom_args_with_operators', 'example_xcom_args' retrieved from /home/vscode/.local/lib/python3.10/site-packages/airflow/example_dags/example_xcomargs.py
[2025-01-19T03:48:01.705+0000] {logging_mixin.py:190} INFO - [2025-01-19T03:48:01.705+0000] {dag.py:3239} INFO - Sync 2 DAGs
[2025-01-19T03:48:01.715+0000] {logging_mixin.py:190} INFO - [2025-01-19T03:48:01.715+0000] {dag.py:4180} INFO - Setting next_dagrun for example_xcom_args to None, run_after=None
[2025-01-19T03:48:01.718+0000] {logging_mixin.py:190} INFO - [2025-01-19T03:48:01.718+0000] {dag.py:4180} INFO - Setting next_dagrun for example_xcom_args_with_operators to None, run_after=None
[2025-01-19T03:48:01.734+0000] {processor.py:208} INFO - Processing /home/vscode/.local/lib/python3.10/site-packages/airflow/example_dags/example_xcomargs.py took 0.066 seconds
[2025-01-19T03:48:52.314+0000] {processor.py:186} INFO - Started process (PID=17398) to work on /home/vscode/.local/lib/python3.10/site-packages/airflow/example_dags/example_xcomargs.py
[2025-01-19T03:48:52.314+0000] {processor.py:914} INFO - Processing file /home/vscode/.local/lib/python3.10/site-packages/airflow/example_dags/example_xcomargs.py for tasks to queue
[2025-01-19T03:48:52.316+0000] {logging_mixin.py:190} INFO - [2025-01-19T03:48:52.316+0000] {dagbag.py:588} INFO - Filling up the DagBag from /home/vscode/.local/lib/python3.10/site-packages/airflow/example_dags/example_xcomargs.py
[2025-01-19T03:48:52.324+0000] {processor.py:925} INFO - DAG(s) 'example_xcom_args_with_operators', 'example_xcom_args' retrieved from /home/vscode/.local/lib/python3.10/site-packages/airflow/example_dags/example_xcomargs.py
[2025-01-19T03:48:52.338+0000] {logging_mixin.py:190} INFO - [2025-01-19T03:48:52.338+0000] {dag.py:3239} INFO - Sync 2 DAGs
[2025-01-19T03:48:52.347+0000] {logging_mixin.py:190} INFO - [2025-01-19T03:48:52.347+0000] {dag.py:4180} INFO - Setting next_dagrun for example_xcom_args to None, run_after=None
[2025-01-19T03:48:52.349+0000] {logging_mixin.py:190} INFO - [2025-01-19T03:48:52.349+0000] {dag.py:4180} INFO - Setting next_dagrun for example_xcom_args_with_operators to None, run_after=None
[2025-01-19T03:48:52.367+0000] {processor.py:208} INFO - Processing /home/vscode/.local/lib/python3.10/site-packages/airflow/example_dags/example_xcomargs.py took 0.058 seconds
[2025-01-19T03:49:43.649+0000] {processor.py:186} INFO - Started process (PID=17845) to work on /home/vscode/.local/lib/python3.10/site-packages/airflow/example_dags/example_xcomargs.py
[2025-01-19T03:49:43.650+0000] {processor.py:914} INFO - Processing file /home/vscode/.local/lib/python3.10/site-packages/airflow/example_dags/example_xcomargs.py for tasks to queue
[2025-01-19T03:49:43.652+0000] {logging_mixin.py:190} INFO - [2025-01-19T03:49:43.652+0000] {dagbag.py:588} INFO - Filling up the DagBag from /home/vscode/.local/lib/python3.10/site-packages/airflow/example_dags/example_xcomargs.py
[2025-01-19T03:49:43.660+0000] {processor.py:925} INFO - DAG(s) 'example_xcom_args', 'example_xcom_args_with_operators' retrieved from /home/vscode/.local/lib/python3.10/site-packages/airflow/example_dags/example_xcomargs.py
[2025-01-19T03:49:43.673+0000] {logging_mixin.py:190} INFO - [2025-01-19T03:49:43.673+0000] {dag.py:3239} INFO - Sync 2 DAGs
[2025-01-19T03:49:43.682+0000] {logging_mixin.py:190} INFO - [2025-01-19T03:49:43.682+0000] {dag.py:4180} INFO - Setting next_dagrun for example_xcom_args to None, run_after=None
[2025-01-19T03:49:43.685+0000] {logging_mixin.py:190} INFO - [2025-01-19T03:49:43.685+0000] {dag.py:4180} INFO - Setting next_dagrun for example_xcom_args_with_operators to None, run_after=None
[2025-01-19T03:49:43.697+0000] {processor.py:208} INFO - Processing /home/vscode/.local/lib/python3.10/site-packages/airflow/example_dags/example_xcomargs.py took 0.052 seconds
[2025-01-19T03:50:34.227+0000] {processor.py:186} INFO - Started process (PID=18230) to work on /home/vscode/.local/lib/python3.10/site-packages/airflow/example_dags/example_xcomargs.py
[2025-01-19T03:50:34.228+0000] {processor.py:914} INFO - Processing file /home/vscode/.local/lib/python3.10/site-packages/airflow/example_dags/example_xcomargs.py for tasks to queue
[2025-01-19T03:50:34.230+0000] {logging_mixin.py:190} INFO - [2025-01-19T03:50:34.230+0000] {dagbag.py:588} INFO - Filling up the DagBag from /home/vscode/.local/lib/python3.10/site-packages/airflow/example_dags/example_xcomargs.py
[2025-01-19T03:50:34.238+0000] {processor.py:925} INFO - DAG(s) 'example_xcom_args', 'example_xcom_args_with_operators' retrieved from /home/vscode/.local/lib/python3.10/site-packages/airflow/example_dags/example_xcomargs.py
[2025-01-19T03:50:34.252+0000] {logging_mixin.py:190} INFO - [2025-01-19T03:50:34.252+0000] {dag.py:3239} INFO - Sync 2 DAGs
[2025-01-19T03:50:34.262+0000] {logging_mixin.py:190} INFO - [2025-01-19T03:50:34.262+0000] {dag.py:4180} INFO - Setting next_dagrun for example_xcom_args to None, run_after=None
[2025-01-19T03:50:34.264+0000] {logging_mixin.py:190} INFO - [2025-01-19T03:50:34.264+0000] {dag.py:4180} INFO - Setting next_dagrun for example_xcom_args_with_operators to None, run_after=None
[2025-01-19T03:50:34.277+0000] {processor.py:208} INFO - Processing /home/vscode/.local/lib/python3.10/site-packages/airflow/example_dags/example_xcomargs.py took 0.055 seconds
[2025-01-19T03:51:21.615+0000] {processor.py:186} INFO - Started process (PID=18600) to work on /home/vscode/.local/lib/python3.10/site-packages/airflow/example_dags/example_xcomargs.py
[2025-01-19T03:51:21.616+0000] {processor.py:914} INFO - Processing file /home/vscode/.local/lib/python3.10/site-packages/airflow/example_dags/example_xcomargs.py for tasks to queue
[2025-01-19T03:51:21.618+0000] {logging_mixin.py:190} INFO - [2025-01-19T03:51:21.617+0000] {dagbag.py:588} INFO - Filling up the DagBag from /home/vscode/.local/lib/python3.10/site-packages/airflow/example_dags/example_xcomargs.py
[2025-01-19T03:51:21.626+0000] {processor.py:925} INFO - DAG(s) 'example_xcom_args_with_operators', 'example_xcom_args' retrieved from /home/vscode/.local/lib/python3.10/site-packages/airflow/example_dags/example_xcomargs.py
[2025-01-19T03:51:21.639+0000] {logging_mixin.py:190} INFO - [2025-01-19T03:51:21.639+0000] {dag.py:3239} INFO - Sync 2 DAGs
[2025-01-19T03:51:21.649+0000] {logging_mixin.py:190} INFO - [2025-01-19T03:51:21.649+0000] {dag.py:4180} INFO - Setting next_dagrun for example_xcom_args to None, run_after=None
[2025-01-19T03:51:21.651+0000] {logging_mixin.py:190} INFO - [2025-01-19T03:51:21.651+0000] {dag.py:4180} INFO - Setting next_dagrun for example_xcom_args_with_operators to None, run_after=None
[2025-01-19T03:51:21.664+0000] {processor.py:208} INFO - Processing /home/vscode/.local/lib/python3.10/site-packages/airflow/example_dags/example_xcomargs.py took 0.053 seconds
[2025-01-19T03:54:55.684+0000] {processor.py:186} INFO - Started process (PID=20110) to work on /home/vscode/.local/lib/python3.10/site-packages/airflow/example_dags/example_xcomargs.py
[2025-01-19T03:54:55.685+0000] {processor.py:914} INFO - Processing file /home/vscode/.local/lib/python3.10/site-packages/airflow/example_dags/example_xcomargs.py for tasks to queue
[2025-01-19T03:54:55.687+0000] {logging_mixin.py:190} INFO - [2025-01-19T03:54:55.687+0000] {dagbag.py:588} INFO - Filling up the DagBag from /home/vscode/.local/lib/python3.10/site-packages/airflow/example_dags/example_xcomargs.py
[2025-01-19T03:54:55.695+0000] {processor.py:925} INFO - DAG(s) 'example_xcom_args_with_operators', 'example_xcom_args' retrieved from /home/vscode/.local/lib/python3.10/site-packages/airflow/example_dags/example_xcomargs.py
[2025-01-19T03:54:55.709+0000] {logging_mixin.py:190} INFO - [2025-01-19T03:54:55.709+0000] {dag.py:3239} INFO - Sync 2 DAGs
[2025-01-19T03:54:55.720+0000] {logging_mixin.py:190} INFO - [2025-01-19T03:54:55.720+0000] {dag.py:4180} INFO - Setting next_dagrun for example_xcom_args to None, run_after=None
[2025-01-19T03:54:55.722+0000] {logging_mixin.py:190} INFO - [2025-01-19T03:54:55.722+0000] {dag.py:4180} INFO - Setting next_dagrun for example_xcom_args_with_operators to None, run_after=None
[2025-01-19T03:54:55.735+0000] {processor.py:208} INFO - Processing /home/vscode/.local/lib/python3.10/site-packages/airflow/example_dags/example_xcomargs.py took 0.055 seconds
[2025-01-19T03:55:51.029+0000] {processor.py:186} INFO - Started process (PID=20489) to work on /home/vscode/.local/lib/python3.10/site-packages/airflow/example_dags/example_xcomargs.py
[2025-01-19T03:55:51.030+0000] {processor.py:914} INFO - Processing file /home/vscode/.local/lib/python3.10/site-packages/airflow/example_dags/example_xcomargs.py for tasks to queue
[2025-01-19T03:55:51.031+0000] {logging_mixin.py:190} INFO - [2025-01-19T03:55:51.031+0000] {dagbag.py:588} INFO - Filling up the DagBag from /home/vscode/.local/lib/python3.10/site-packages/airflow/example_dags/example_xcomargs.py
[2025-01-19T03:55:51.041+0000] {processor.py:925} INFO - DAG(s) 'example_xcom_args', 'example_xcom_args_with_operators' retrieved from /home/vscode/.local/lib/python3.10/site-packages/airflow/example_dags/example_xcomargs.py
[2025-01-19T03:55:51.060+0000] {logging_mixin.py:190} INFO - [2025-01-19T03:55:51.060+0000] {dag.py:3239} INFO - Sync 2 DAGs
[2025-01-19T03:55:51.075+0000] {logging_mixin.py:190} INFO - [2025-01-19T03:55:51.075+0000] {dag.py:4180} INFO - Setting next_dagrun for example_xcom_args to None, run_after=None
[2025-01-19T03:55:51.079+0000] {logging_mixin.py:190} INFO - [2025-01-19T03:55:51.078+0000] {dag.py:4180} INFO - Setting next_dagrun for example_xcom_args_with_operators to None, run_after=None
[2025-01-19T03:55:51.095+0000] {processor.py:208} INFO - Processing /home/vscode/.local/lib/python3.10/site-packages/airflow/example_dags/example_xcomargs.py took 0.071 seconds
[2025-01-19T03:56:43.593+0000] {processor.py:186} INFO - Started process (PID=20845) to work on /home/vscode/.local/lib/python3.10/site-packages/airflow/example_dags/example_xcomargs.py
[2025-01-19T03:56:43.593+0000] {processor.py:914} INFO - Processing file /home/vscode/.local/lib/python3.10/site-packages/airflow/example_dags/example_xcomargs.py for tasks to queue
[2025-01-19T03:56:43.595+0000] {logging_mixin.py:190} INFO - [2025-01-19T03:56:43.595+0000] {dagbag.py:588} INFO - Filling up the DagBag from /home/vscode/.local/lib/python3.10/site-packages/airflow/example_dags/example_xcomargs.py
[2025-01-19T03:56:43.603+0000] {processor.py:925} INFO - DAG(s) 'example_xcom_args_with_operators', 'example_xcom_args' retrieved from /home/vscode/.local/lib/python3.10/site-packages/airflow/example_dags/example_xcomargs.py
[2025-01-19T03:56:43.617+0000] {logging_mixin.py:190} INFO - [2025-01-19T03:56:43.617+0000] {dag.py:3239} INFO - Sync 2 DAGs
[2025-01-19T03:56:43.626+0000] {logging_mixin.py:190} INFO - [2025-01-19T03:56:43.626+0000] {dag.py:4180} INFO - Setting next_dagrun for example_xcom_args to None, run_after=None
[2025-01-19T03:56:43.629+0000] {logging_mixin.py:190} INFO - [2025-01-19T03:56:43.628+0000] {dag.py:4180} INFO - Setting next_dagrun for example_xcom_args_with_operators to None, run_after=None
[2025-01-19T03:56:43.642+0000] {processor.py:208} INFO - Processing /home/vscode/.local/lib/python3.10/site-packages/airflow/example_dags/example_xcomargs.py took 0.054 seconds
[2025-01-19T03:57:36.710+0000] {processor.py:186} INFO - Started process (PID=21200) to work on /home/vscode/.local/lib/python3.10/site-packages/airflow/example_dags/example_xcomargs.py
[2025-01-19T03:57:36.711+0000] {processor.py:914} INFO - Processing file /home/vscode/.local/lib/python3.10/site-packages/airflow/example_dags/example_xcomargs.py for tasks to queue
[2025-01-19T03:57:36.713+0000] {logging_mixin.py:190} INFO - [2025-01-19T03:57:36.713+0000] {dagbag.py:588} INFO - Filling up the DagBag from /home/vscode/.local/lib/python3.10/site-packages/airflow/example_dags/example_xcomargs.py
[2025-01-19T03:57:36.721+0000] {processor.py:925} INFO - DAG(s) 'example_xcom_args', 'example_xcom_args_with_operators' retrieved from /home/vscode/.local/lib/python3.10/site-packages/airflow/example_dags/example_xcomargs.py
[2025-01-19T03:57:36.735+0000] {logging_mixin.py:190} INFO - [2025-01-19T03:57:36.735+0000] {dag.py:3239} INFO - Sync 2 DAGs
[2025-01-19T03:57:36.744+0000] {logging_mixin.py:190} INFO - [2025-01-19T03:57:36.744+0000] {dag.py:4180} INFO - Setting next_dagrun for example_xcom_args to None, run_after=None
[2025-01-19T03:57:36.746+0000] {logging_mixin.py:190} INFO - [2025-01-19T03:57:36.746+0000] {dag.py:4180} INFO - Setting next_dagrun for example_xcom_args_with_operators to None, run_after=None
[2025-01-19T03:57:36.759+0000] {processor.py:208} INFO - Processing /home/vscode/.local/lib/python3.10/site-packages/airflow/example_dags/example_xcomargs.py took 0.053 seconds
[2025-01-19T03:58:25.235+0000] {processor.py:186} INFO - Started process (PID=21535) to work on /home/vscode/.local/lib/python3.10/site-packages/airflow/example_dags/example_xcomargs.py
[2025-01-19T03:58:25.236+0000] {processor.py:914} INFO - Processing file /home/vscode/.local/lib/python3.10/site-packages/airflow/example_dags/example_xcomargs.py for tasks to queue
[2025-01-19T03:58:25.237+0000] {logging_mixin.py:190} INFO - [2025-01-19T03:58:25.237+0000] {dagbag.py:588} INFO - Filling up the DagBag from /home/vscode/.local/lib/python3.10/site-packages/airflow/example_dags/example_xcomargs.py
[2025-01-19T03:58:25.245+0000] {processor.py:925} INFO - DAG(s) 'example_xcom_args_with_operators', 'example_xcom_args' retrieved from /home/vscode/.local/lib/python3.10/site-packages/airflow/example_dags/example_xcomargs.py
[2025-01-19T03:58:25.259+0000] {logging_mixin.py:190} INFO - [2025-01-19T03:58:25.258+0000] {dag.py:3239} INFO - Sync 2 DAGs
[2025-01-19T03:58:25.268+0000] {logging_mixin.py:190} INFO - [2025-01-19T03:58:25.268+0000] {dag.py:4180} INFO - Setting next_dagrun for example_xcom_args to None, run_after=None
[2025-01-19T03:58:25.270+0000] {logging_mixin.py:190} INFO - [2025-01-19T03:58:25.270+0000] {dag.py:4180} INFO - Setting next_dagrun for example_xcom_args_with_operators to None, run_after=None
[2025-01-19T03:58:25.283+0000] {processor.py:208} INFO - Processing /home/vscode/.local/lib/python3.10/site-packages/airflow/example_dags/example_xcomargs.py took 0.052 seconds
[2025-01-19T03:59:17.786+0000] {processor.py:186} INFO - Started process (PID=21894) to work on /home/vscode/.local/lib/python3.10/site-packages/airflow/example_dags/example_xcomargs.py
[2025-01-19T03:59:17.787+0000] {processor.py:914} INFO - Processing file /home/vscode/.local/lib/python3.10/site-packages/airflow/example_dags/example_xcomargs.py for tasks to queue
[2025-01-19T03:59:17.788+0000] {logging_mixin.py:190} INFO - [2025-01-19T03:59:17.788+0000] {dagbag.py:588} INFO - Filling up the DagBag from /home/vscode/.local/lib/python3.10/site-packages/airflow/example_dags/example_xcomargs.py
[2025-01-19T03:59:17.796+0000] {processor.py:925} INFO - DAG(s) 'example_xcom_args', 'example_xcom_args_with_operators' retrieved from /home/vscode/.local/lib/python3.10/site-packages/airflow/example_dags/example_xcomargs.py
[2025-01-19T03:59:17.810+0000] {logging_mixin.py:190} INFO - [2025-01-19T03:59:17.810+0000] {dag.py:3239} INFO - Sync 2 DAGs
[2025-01-19T03:59:17.819+0000] {logging_mixin.py:190} INFO - [2025-01-19T03:59:17.819+0000] {dag.py:4180} INFO - Setting next_dagrun for example_xcom_args to None, run_after=None
[2025-01-19T03:59:17.822+0000] {logging_mixin.py:190} INFO - [2025-01-19T03:59:17.821+0000] {dag.py:4180} INFO - Setting next_dagrun for example_xcom_args_with_operators to None, run_after=None
[2025-01-19T03:59:17.835+0000] {processor.py:208} INFO - Processing /home/vscode/.local/lib/python3.10/site-packages/airflow/example_dags/example_xcomargs.py took 0.054 seconds
[2025-01-19T04:00:09.216+0000] {processor.py:186} INFO - Started process (PID=22238) to work on /home/vscode/.local/lib/python3.10/site-packages/airflow/example_dags/example_xcomargs.py
[2025-01-19T04:00:09.217+0000] {processor.py:914} INFO - Processing file /home/vscode/.local/lib/python3.10/site-packages/airflow/example_dags/example_xcomargs.py for tasks to queue
[2025-01-19T04:00:09.220+0000] {logging_mixin.py:190} INFO - [2025-01-19T04:00:09.219+0000] {dagbag.py:588} INFO - Filling up the DagBag from /home/vscode/.local/lib/python3.10/site-packages/airflow/example_dags/example_xcomargs.py
[2025-01-19T04:00:09.228+0000] {processor.py:925} INFO - DAG(s) 'example_xcom_args_with_operators', 'example_xcom_args' retrieved from /home/vscode/.local/lib/python3.10/site-packages/airflow/example_dags/example_xcomargs.py
[2025-01-19T04:00:09.242+0000] {logging_mixin.py:190} INFO - [2025-01-19T04:00:09.242+0000] {dag.py:3239} INFO - Sync 2 DAGs
[2025-01-19T04:00:09.252+0000] {logging_mixin.py:190} INFO - [2025-01-19T04:00:09.252+0000] {dag.py:4180} INFO - Setting next_dagrun for example_xcom_args to None, run_after=None
[2025-01-19T04:00:09.254+0000] {logging_mixin.py:190} INFO - [2025-01-19T04:00:09.254+0000] {dag.py:4180} INFO - Setting next_dagrun for example_xcom_args_with_operators to None, run_after=None
[2025-01-19T04:00:09.266+0000] {processor.py:208} INFO - Processing /home/vscode/.local/lib/python3.10/site-packages/airflow/example_dags/example_xcomargs.py took 0.054 seconds
[2025-01-19T04:01:00.532+0000] {processor.py:186} INFO - Started process (PID=22589) to work on /home/vscode/.local/lib/python3.10/site-packages/airflow/example_dags/example_xcomargs.py
[2025-01-19T04:01:00.533+0000] {processor.py:914} INFO - Processing file /home/vscode/.local/lib/python3.10/site-packages/airflow/example_dags/example_xcomargs.py for tasks to queue
[2025-01-19T04:01:00.534+0000] {logging_mixin.py:190} INFO - [2025-01-19T04:01:00.534+0000] {dagbag.py:588} INFO - Filling up the DagBag from /home/vscode/.local/lib/python3.10/site-packages/airflow/example_dags/example_xcomargs.py
[2025-01-19T04:01:00.543+0000] {processor.py:925} INFO - DAG(s) 'example_xcom_args_with_operators', 'example_xcom_args' retrieved from /home/vscode/.local/lib/python3.10/site-packages/airflow/example_dags/example_xcomargs.py
[2025-01-19T04:01:00.556+0000] {logging_mixin.py:190} INFO - [2025-01-19T04:01:00.556+0000] {dag.py:3239} INFO - Sync 2 DAGs
[2025-01-19T04:01:00.565+0000] {logging_mixin.py:190} INFO - [2025-01-19T04:01:00.565+0000] {dag.py:4180} INFO - Setting next_dagrun for example_xcom_args to None, run_after=None
[2025-01-19T04:01:00.568+0000] {logging_mixin.py:190} INFO - [2025-01-19T04:01:00.567+0000] {dag.py:4180} INFO - Setting next_dagrun for example_xcom_args_with_operators to None, run_after=None
[2025-01-19T04:01:00.580+0000] {processor.py:208} INFO - Processing /home/vscode/.local/lib/python3.10/site-packages/airflow/example_dags/example_xcomargs.py took 0.053 seconds
[2025-01-19T04:01:52.241+0000] {processor.py:186} INFO - Started process (PID=22938) to work on /home/vscode/.local/lib/python3.10/site-packages/airflow/example_dags/example_xcomargs.py
[2025-01-19T04:01:52.242+0000] {processor.py:914} INFO - Processing file /home/vscode/.local/lib/python3.10/site-packages/airflow/example_dags/example_xcomargs.py for tasks to queue
[2025-01-19T04:01:52.244+0000] {logging_mixin.py:190} INFO - [2025-01-19T04:01:52.244+0000] {dagbag.py:588} INFO - Filling up the DagBag from /home/vscode/.local/lib/python3.10/site-packages/airflow/example_dags/example_xcomargs.py
[2025-01-19T04:01:52.252+0000] {processor.py:925} INFO - DAG(s) 'example_xcom_args_with_operators', 'example_xcom_args' retrieved from /home/vscode/.local/lib/python3.10/site-packages/airflow/example_dags/example_xcomargs.py
[2025-01-19T04:01:52.266+0000] {logging_mixin.py:190} INFO - [2025-01-19T04:01:52.266+0000] {dag.py:3239} INFO - Sync 2 DAGs
[2025-01-19T04:01:52.275+0000] {logging_mixin.py:190} INFO - [2025-01-19T04:01:52.275+0000] {dag.py:4180} INFO - Setting next_dagrun for example_xcom_args to None, run_after=None
[2025-01-19T04:01:52.277+0000] {logging_mixin.py:190} INFO - [2025-01-19T04:01:52.277+0000] {dag.py:4180} INFO - Setting next_dagrun for example_xcom_args_with_operators to None, run_after=None
[2025-01-19T04:01:52.291+0000] {processor.py:208} INFO - Processing /home/vscode/.local/lib/python3.10/site-packages/airflow/example_dags/example_xcomargs.py took 0.054 seconds
[2025-01-19T04:02:42.447+0000] {processor.py:186} INFO - Started process (PID=23333) to work on /home/vscode/.local/lib/python3.10/site-packages/airflow/example_dags/example_xcomargs.py
[2025-01-19T04:02:42.447+0000] {processor.py:914} INFO - Processing file /home/vscode/.local/lib/python3.10/site-packages/airflow/example_dags/example_xcomargs.py for tasks to queue
[2025-01-19T04:02:42.449+0000] {logging_mixin.py:190} INFO - [2025-01-19T04:02:42.449+0000] {dagbag.py:588} INFO - Filling up the DagBag from /home/vscode/.local/lib/python3.10/site-packages/airflow/example_dags/example_xcomargs.py
[2025-01-19T04:02:42.457+0000] {processor.py:925} INFO - DAG(s) 'example_xcom_args_with_operators', 'example_xcom_args' retrieved from /home/vscode/.local/lib/python3.10/site-packages/airflow/example_dags/example_xcomargs.py
[2025-01-19T04:02:42.471+0000] {logging_mixin.py:190} INFO - [2025-01-19T04:02:42.471+0000] {dag.py:3239} INFO - Sync 2 DAGs
[2025-01-19T04:02:42.480+0000] {logging_mixin.py:190} INFO - [2025-01-19T04:02:42.480+0000] {dag.py:4180} INFO - Setting next_dagrun for example_xcom_args to None, run_after=None
[2025-01-19T04:02:42.483+0000] {logging_mixin.py:190} INFO - [2025-01-19T04:02:42.482+0000] {dag.py:4180} INFO - Setting next_dagrun for example_xcom_args_with_operators to None, run_after=None
[2025-01-19T04:02:42.495+0000] {processor.py:208} INFO - Processing /home/vscode/.local/lib/python3.10/site-packages/airflow/example_dags/example_xcomargs.py took 0.053 seconds
