[2025-01-19T03:21:03.772+0000] {processor.py:186} INFO - Started process (PID=5132) to work on /home/vscode/.local/lib/python3.10/site-packages/airflow/example_dags/example_inlet_event_extra.py
[2025-01-19T03:21:03.773+0000] {processor.py:914} INFO - Processing file /home/vscode/.local/lib/python3.10/site-packages/airflow/example_dags/example_inlet_event_extra.py for tasks to queue
[2025-01-19T03:21:03.776+0000] {logging_mixin.py:190} INFO - [2025-01-19T03:21:03.776+0000] {dagbag.py:588} INFO - Filling up the DagBag from /home/vscode/.local/lib/python3.10/site-packages/airflow/example_dags/example_inlet_event_extra.py
[2025-01-19T03:21:03.786+0000] {processor.py:925} INFO - DAG(s) 'read_dataset_event_from_classic', 'read_dataset_event' retrieved from /home/vscode/.local/lib/python3.10/site-packages/airflow/example_dags/example_inlet_event_extra.py
[2025-01-19T03:21:03.864+0000] {logging_mixin.py:190} INFO - [2025-01-19T03:21:03.864+0000] {override.py:1911} INFO - Created Permission View: can read on DAG:read_dataset_event_from_classic
[2025-01-19T03:21:03.872+0000] {logging_mixin.py:190} INFO - [2025-01-19T03:21:03.872+0000] {override.py:1911} INFO - Created Permission View: can edit on DAG:read_dataset_event_from_classic
[2025-01-19T03:21:03.878+0000] {logging_mixin.py:190} INFO - [2025-01-19T03:21:03.878+0000] {override.py:1911} INFO - Created Permission View: can delete on DAG:read_dataset_event_from_classic
[2025-01-19T03:21:03.886+0000] {logging_mixin.py:190} INFO - [2025-01-19T03:21:03.886+0000] {override.py:1911} INFO - Created Permission View: menu access on DAG Run:read_dataset_event_from_classic
[2025-01-19T03:21:03.892+0000] {logging_mixin.py:190} INFO - [2025-01-19T03:21:03.892+0000] {override.py:1911} INFO - Created Permission View: can read on DAG Run:read_dataset_event_from_classic
[2025-01-19T03:21:03.898+0000] {logging_mixin.py:190} INFO - [2025-01-19T03:21:03.898+0000] {override.py:1911} INFO - Created Permission View: can create on DAG Run:read_dataset_event_from_classic
[2025-01-19T03:21:03.904+0000] {logging_mixin.py:190} INFO - [2025-01-19T03:21:03.904+0000] {override.py:1911} INFO - Created Permission View: can delete on DAG Run:read_dataset_event_from_classic
[2025-01-19T03:21:03.917+0000] {logging_mixin.py:190} INFO - [2025-01-19T03:21:03.916+0000] {override.py:1911} INFO - Created Permission View: can read on DAG:read_dataset_event
[2025-01-19T03:21:03.923+0000] {logging_mixin.py:190} INFO - [2025-01-19T03:21:03.923+0000] {override.py:1911} INFO - Created Permission View: can edit on DAG:read_dataset_event
[2025-01-19T03:21:03.929+0000] {logging_mixin.py:190} INFO - [2025-01-19T03:21:03.929+0000] {override.py:1911} INFO - Created Permission View: can delete on DAG:read_dataset_event
[2025-01-19T03:21:03.937+0000] {logging_mixin.py:190} INFO - [2025-01-19T03:21:03.937+0000] {override.py:1911} INFO - Created Permission View: menu access on DAG Run:read_dataset_event
[2025-01-19T03:21:03.943+0000] {logging_mixin.py:190} INFO - [2025-01-19T03:21:03.943+0000] {override.py:1911} INFO - Created Permission View: can read on DAG Run:read_dataset_event
[2025-01-19T03:21:03.949+0000] {logging_mixin.py:190} INFO - [2025-01-19T03:21:03.949+0000] {override.py:1911} INFO - Created Permission View: can create on DAG Run:read_dataset_event
[2025-01-19T03:21:03.956+0000] {logging_mixin.py:190} INFO - [2025-01-19T03:21:03.955+0000] {override.py:1911} INFO - Created Permission View: can delete on DAG Run:read_dataset_event
[2025-01-19T03:21:03.956+0000] {logging_mixin.py:190} INFO - [2025-01-19T03:21:03.956+0000] {dag.py:3239} INFO - Sync 2 DAGs
[2025-01-19T03:21:03.965+0000] {logging_mixin.py:190} INFO - [2025-01-19T03:21:03.965+0000] {dag.py:3262} INFO - Creating ORM DAG for read_dataset_event
[2025-01-19T03:21:03.966+0000] {logging_mixin.py:190} INFO - [2025-01-19T03:21:03.966+0000] {dag.py:3262} INFO - Creating ORM DAG for read_dataset_event_from_classic
[2025-01-19T03:21:03.973+0000] {logging_mixin.py:190} INFO - [2025-01-19T03:21:03.972+0000] {dag.py:4180} INFO - Setting next_dagrun for read_dataset_event to 2025-01-18 00:00:00+00:00, run_after=2025-01-19 00:00:00+00:00
[2025-01-19T03:21:03.974+0000] {logging_mixin.py:190} INFO - [2025-01-19T03:21:03.974+0000] {dag.py:4180} INFO - Setting next_dagrun for read_dataset_event_from_classic to 2025-01-18 00:00:00+00:00, run_after=2025-01-19 00:00:00+00:00
[2025-01-19T03:21:03.990+0000] {processor.py:208} INFO - Processing /home/vscode/.local/lib/python3.10/site-packages/airflow/example_dags/example_inlet_event_extra.py took 0.224 seconds
[2025-01-19T03:22:04.724+0000] {processor.py:186} INFO - Started process (PID=5668) to work on /home/vscode/.local/lib/python3.10/site-packages/airflow/example_dags/example_inlet_event_extra.py
[2025-01-19T03:22:04.725+0000] {processor.py:914} INFO - Processing file /home/vscode/.local/lib/python3.10/site-packages/airflow/example_dags/example_inlet_event_extra.py for tasks to queue
[2025-01-19T03:22:04.727+0000] {logging_mixin.py:190} INFO - [2025-01-19T03:22:04.727+0000] {dagbag.py:588} INFO - Filling up the DagBag from /home/vscode/.local/lib/python3.10/site-packages/airflow/example_dags/example_inlet_event_extra.py
[2025-01-19T03:22:04.736+0000] {processor.py:925} INFO - DAG(s) 'read_dataset_event_from_classic', 'read_dataset_event' retrieved from /home/vscode/.local/lib/python3.10/site-packages/airflow/example_dags/example_inlet_event_extra.py
[2025-01-19T03:22:04.749+0000] {logging_mixin.py:190} INFO - [2025-01-19T03:22:04.749+0000] {dag.py:3239} INFO - Sync 2 DAGs
[2025-01-19T03:22:04.766+0000] {logging_mixin.py:190} INFO - [2025-01-19T03:22:04.766+0000] {dag.py:4180} INFO - Setting next_dagrun for read_dataset_event to 2025-01-18 00:00:00+00:00, run_after=2025-01-19 00:00:00+00:00
[2025-01-19T03:22:04.770+0000] {logging_mixin.py:190} INFO - [2025-01-19T03:22:04.770+0000] {dag.py:4180} INFO - Setting next_dagrun for read_dataset_event_from_classic to 2025-01-18 00:00:00+00:00, run_after=2025-01-19 00:00:00+00:00
[2025-01-19T03:22:04.783+0000] {processor.py:208} INFO - Processing /home/vscode/.local/lib/python3.10/site-packages/airflow/example_dags/example_inlet_event_extra.py took 0.063 seconds
[2025-01-19T03:22:57.845+0000] {processor.py:186} INFO - Started process (PID=6097) to work on /home/vscode/.local/lib/python3.10/site-packages/airflow/example_dags/example_inlet_event_extra.py
[2025-01-19T03:22:57.849+0000] {processor.py:914} INFO - Processing file /home/vscode/.local/lib/python3.10/site-packages/airflow/example_dags/example_inlet_event_extra.py for tasks to queue
[2025-01-19T03:22:57.857+0000] {logging_mixin.py:190} INFO - [2025-01-19T03:22:57.857+0000] {dagbag.py:588} INFO - Filling up the DagBag from /home/vscode/.local/lib/python3.10/site-packages/airflow/example_dags/example_inlet_event_extra.py
[2025-01-19T03:22:57.883+0000] {processor.py:925} INFO - DAG(s) 'read_dataset_event_from_classic', 'read_dataset_event' retrieved from /home/vscode/.local/lib/python3.10/site-packages/airflow/example_dags/example_inlet_event_extra.py
[2025-01-19T03:22:57.902+0000] {logging_mixin.py:190} INFO - [2025-01-19T03:22:57.901+0000] {dag.py:3239} INFO - Sync 2 DAGs
[2025-01-19T03:22:57.922+0000] {logging_mixin.py:190} INFO - [2025-01-19T03:22:57.922+0000] {dag.py:4180} INFO - Setting next_dagrun for read_dataset_event to 2025-01-18 00:00:00+00:00, run_after=2025-01-19 00:00:00+00:00
[2025-01-19T03:22:57.927+0000] {logging_mixin.py:190} INFO - [2025-01-19T03:22:57.926+0000] {dag.py:4180} INFO - Setting next_dagrun for read_dataset_event_from_classic to 2025-01-18 00:00:00+00:00, run_after=2025-01-19 00:00:00+00:00
[2025-01-19T03:22:57.942+0000] {processor.py:208} INFO - Processing /home/vscode/.local/lib/python3.10/site-packages/airflow/example_dags/example_inlet_event_extra.py took 0.110 seconds
[2025-01-19T03:23:51.945+0000] {processor.py:186} INFO - Started process (PID=6537) to work on /home/vscode/.local/lib/python3.10/site-packages/airflow/example_dags/example_inlet_event_extra.py
[2025-01-19T03:23:51.946+0000] {processor.py:914} INFO - Processing file /home/vscode/.local/lib/python3.10/site-packages/airflow/example_dags/example_inlet_event_extra.py for tasks to queue
[2025-01-19T03:23:51.948+0000] {logging_mixin.py:190} INFO - [2025-01-19T03:23:51.948+0000] {dagbag.py:588} INFO - Filling up the DagBag from /home/vscode/.local/lib/python3.10/site-packages/airflow/example_dags/example_inlet_event_extra.py
[2025-01-19T03:23:51.958+0000] {processor.py:925} INFO - DAG(s) 'read_dataset_event', 'read_dataset_event_from_classic' retrieved from /home/vscode/.local/lib/python3.10/site-packages/airflow/example_dags/example_inlet_event_extra.py
[2025-01-19T03:23:51.970+0000] {logging_mixin.py:190} INFO - [2025-01-19T03:23:51.970+0000] {dag.py:3239} INFO - Sync 2 DAGs
[2025-01-19T03:23:51.986+0000] {logging_mixin.py:190} INFO - [2025-01-19T03:23:51.986+0000] {dag.py:4180} INFO - Setting next_dagrun for read_dataset_event to 2025-01-18 00:00:00+00:00, run_after=2025-01-19 00:00:00+00:00
[2025-01-19T03:23:51.990+0000] {logging_mixin.py:190} INFO - [2025-01-19T03:23:51.990+0000] {dag.py:4180} INFO - Setting next_dagrun for read_dataset_event_from_classic to 2025-01-18 00:00:00+00:00, run_after=2025-01-19 00:00:00+00:00
[2025-01-19T03:23:52.003+0000] {processor.py:208} INFO - Processing /home/vscode/.local/lib/python3.10/site-packages/airflow/example_dags/example_inlet_event_extra.py took 0.062 seconds
[2025-01-19T03:24:45.997+0000] {processor.py:186} INFO - Started process (PID=6960) to work on /home/vscode/.local/lib/python3.10/site-packages/airflow/example_dags/example_inlet_event_extra.py
[2025-01-19T03:24:45.998+0000] {processor.py:914} INFO - Processing file /home/vscode/.local/lib/python3.10/site-packages/airflow/example_dags/example_inlet_event_extra.py for tasks to queue
[2025-01-19T03:24:46.000+0000] {logging_mixin.py:190} INFO - [2025-01-19T03:24:46.000+0000] {dagbag.py:588} INFO - Filling up the DagBag from /home/vscode/.local/lib/python3.10/site-packages/airflow/example_dags/example_inlet_event_extra.py
[2025-01-19T03:24:46.010+0000] {processor.py:925} INFO - DAG(s) 'read_dataset_event_from_classic', 'read_dataset_event' retrieved from /home/vscode/.local/lib/python3.10/site-packages/airflow/example_dags/example_inlet_event_extra.py
[2025-01-19T03:24:46.023+0000] {logging_mixin.py:190} INFO - [2025-01-19T03:24:46.022+0000] {dag.py:3239} INFO - Sync 2 DAGs
[2025-01-19T03:24:46.040+0000] {logging_mixin.py:190} INFO - [2025-01-19T03:24:46.040+0000] {dag.py:4180} INFO - Setting next_dagrun for read_dataset_event to 2025-01-18 00:00:00+00:00, run_after=2025-01-19 00:00:00+00:00
[2025-01-19T03:24:46.044+0000] {logging_mixin.py:190} INFO - [2025-01-19T03:24:46.043+0000] {dag.py:4180} INFO - Setting next_dagrun for read_dataset_event_from_classic to 2025-01-18 00:00:00+00:00, run_after=2025-01-19 00:00:00+00:00
[2025-01-19T03:24:46.056+0000] {processor.py:208} INFO - Processing /home/vscode/.local/lib/python3.10/site-packages/airflow/example_dags/example_inlet_event_extra.py took 0.064 seconds
[2025-01-19T03:25:34.345+0000] {processor.py:186} INFO - Started process (PID=7342) to work on /home/vscode/.local/lib/python3.10/site-packages/airflow/example_dags/example_inlet_event_extra.py
[2025-01-19T03:25:34.346+0000] {processor.py:914} INFO - Processing file /home/vscode/.local/lib/python3.10/site-packages/airflow/example_dags/example_inlet_event_extra.py for tasks to queue
[2025-01-19T03:25:34.347+0000] {logging_mixin.py:190} INFO - [2025-01-19T03:25:34.347+0000] {dagbag.py:588} INFO - Filling up the DagBag from /home/vscode/.local/lib/python3.10/site-packages/airflow/example_dags/example_inlet_event_extra.py
[2025-01-19T03:25:34.357+0000] {processor.py:925} INFO - DAG(s) 'read_dataset_event_from_classic', 'read_dataset_event' retrieved from /home/vscode/.local/lib/python3.10/site-packages/airflow/example_dags/example_inlet_event_extra.py
[2025-01-19T03:25:34.369+0000] {logging_mixin.py:190} INFO - [2025-01-19T03:25:34.369+0000] {dag.py:3239} INFO - Sync 2 DAGs
[2025-01-19T03:25:34.386+0000] {logging_mixin.py:190} INFO - [2025-01-19T03:25:34.386+0000] {dag.py:4180} INFO - Setting next_dagrun for read_dataset_event to 2025-01-18 00:00:00+00:00, run_after=2025-01-19 00:00:00+00:00
[2025-01-19T03:25:34.389+0000] {logging_mixin.py:190} INFO - [2025-01-19T03:25:34.389+0000] {dag.py:4180} INFO - Setting next_dagrun for read_dataset_event_from_classic to 2025-01-18 00:00:00+00:00, run_after=2025-01-19 00:00:00+00:00
[2025-01-19T03:25:34.402+0000] {processor.py:208} INFO - Processing /home/vscode/.local/lib/python3.10/site-packages/airflow/example_dags/example_inlet_event_extra.py took 0.062 seconds
[2025-01-19T03:26:27.772+0000] {processor.py:186} INFO - Started process (PID=7765) to work on /home/vscode/.local/lib/python3.10/site-packages/airflow/example_dags/example_inlet_event_extra.py
[2025-01-19T03:26:27.773+0000] {processor.py:914} INFO - Processing file /home/vscode/.local/lib/python3.10/site-packages/airflow/example_dags/example_inlet_event_extra.py for tasks to queue
[2025-01-19T03:26:27.775+0000] {logging_mixin.py:190} INFO - [2025-01-19T03:26:27.775+0000] {dagbag.py:588} INFO - Filling up the DagBag from /home/vscode/.local/lib/python3.10/site-packages/airflow/example_dags/example_inlet_event_extra.py
[2025-01-19T03:26:27.790+0000] {processor.py:925} INFO - DAG(s) 'read_dataset_event_from_classic', 'read_dataset_event' retrieved from /home/vscode/.local/lib/python3.10/site-packages/airflow/example_dags/example_inlet_event_extra.py
[2025-01-19T03:26:27.809+0000] {logging_mixin.py:190} INFO - [2025-01-19T03:26:27.808+0000] {dag.py:3239} INFO - Sync 2 DAGs
[2025-01-19T03:26:27.827+0000] {logging_mixin.py:190} INFO - [2025-01-19T03:26:27.827+0000] {dag.py:4180} INFO - Setting next_dagrun for read_dataset_event to 2025-01-18 00:00:00+00:00, run_after=2025-01-19 00:00:00+00:00
[2025-01-19T03:26:27.831+0000] {logging_mixin.py:190} INFO - [2025-01-19T03:26:27.831+0000] {dag.py:4180} INFO - Setting next_dagrun for read_dataset_event_from_classic to 2025-01-18 00:00:00+00:00, run_after=2025-01-19 00:00:00+00:00
[2025-01-19T03:26:27.844+0000] {processor.py:208} INFO - Processing /home/vscode/.local/lib/python3.10/site-packages/airflow/example_dags/example_inlet_event_extra.py took 0.078 seconds
[2025-01-19T03:27:19.944+0000] {processor.py:186} INFO - Started process (PID=8160) to work on /home/vscode/.local/lib/python3.10/site-packages/airflow/example_dags/example_inlet_event_extra.py
[2025-01-19T03:27:19.945+0000] {processor.py:914} INFO - Processing file /home/vscode/.local/lib/python3.10/site-packages/airflow/example_dags/example_inlet_event_extra.py for tasks to queue
[2025-01-19T03:27:19.947+0000] {logging_mixin.py:190} INFO - [2025-01-19T03:27:19.946+0000] {dagbag.py:588} INFO - Filling up the DagBag from /home/vscode/.local/lib/python3.10/site-packages/airflow/example_dags/example_inlet_event_extra.py
[2025-01-19T03:27:19.957+0000] {processor.py:925} INFO - DAG(s) 'read_dataset_event', 'read_dataset_event_from_classic' retrieved from /home/vscode/.local/lib/python3.10/site-packages/airflow/example_dags/example_inlet_event_extra.py
[2025-01-19T03:27:19.970+0000] {logging_mixin.py:190} INFO - [2025-01-19T03:27:19.969+0000] {dag.py:3239} INFO - Sync 2 DAGs
[2025-01-19T03:27:19.993+0000] {logging_mixin.py:190} INFO - [2025-01-19T03:27:19.993+0000] {dag.py:4180} INFO - Setting next_dagrun for read_dataset_event to 2025-01-18 00:00:00+00:00, run_after=2025-01-19 00:00:00+00:00
[2025-01-19T03:27:19.998+0000] {logging_mixin.py:190} INFO - [2025-01-19T03:27:19.998+0000] {dag.py:4180} INFO - Setting next_dagrun for read_dataset_event_from_classic to 2025-01-18 00:00:00+00:00, run_after=2025-01-19 00:00:00+00:00
[2025-01-19T03:27:20.018+0000] {processor.py:208} INFO - Processing /home/vscode/.local/lib/python3.10/site-packages/airflow/example_dags/example_inlet_event_extra.py took 0.078 seconds
[2025-01-19T03:28:14.661+0000] {processor.py:186} INFO - Started process (PID=8671) to work on /home/vscode/.local/lib/python3.10/site-packages/airflow/example_dags/example_inlet_event_extra.py
[2025-01-19T03:28:14.662+0000] {processor.py:914} INFO - Processing file /home/vscode/.local/lib/python3.10/site-packages/airflow/example_dags/example_inlet_event_extra.py for tasks to queue
[2025-01-19T03:28:14.663+0000] {logging_mixin.py:190} INFO - [2025-01-19T03:28:14.663+0000] {dagbag.py:588} INFO - Filling up the DagBag from /home/vscode/.local/lib/python3.10/site-packages/airflow/example_dags/example_inlet_event_extra.py
[2025-01-19T03:28:14.673+0000] {processor.py:925} INFO - DAG(s) 'read_dataset_event', 'read_dataset_event_from_classic' retrieved from /home/vscode/.local/lib/python3.10/site-packages/airflow/example_dags/example_inlet_event_extra.py
[2025-01-19T03:28:14.686+0000] {logging_mixin.py:190} INFO - [2025-01-19T03:28:14.686+0000] {dag.py:3239} INFO - Sync 2 DAGs
[2025-01-19T03:28:14.702+0000] {logging_mixin.py:190} INFO - [2025-01-19T03:28:14.702+0000] {dag.py:4180} INFO - Setting next_dagrun for read_dataset_event to 2025-01-18 00:00:00+00:00, run_after=2025-01-19 00:00:00+00:00
[2025-01-19T03:28:14.705+0000] {logging_mixin.py:190} INFO - [2025-01-19T03:28:14.705+0000] {dag.py:4180} INFO - Setting next_dagrun for read_dataset_event_from_classic to 2025-01-18 00:00:00+00:00, run_after=2025-01-19 00:00:00+00:00
[2025-01-19T03:28:14.718+0000] {processor.py:208} INFO - Processing /home/vscode/.local/lib/python3.10/site-packages/airflow/example_dags/example_inlet_event_extra.py took 0.062 seconds
[2025-01-19T03:29:08.463+0000] {processor.py:186} INFO - Started process (PID=9074) to work on /home/vscode/.local/lib/python3.10/site-packages/airflow/example_dags/example_inlet_event_extra.py
[2025-01-19T03:29:08.464+0000] {processor.py:914} INFO - Processing file /home/vscode/.local/lib/python3.10/site-packages/airflow/example_dags/example_inlet_event_extra.py for tasks to queue
[2025-01-19T03:29:08.465+0000] {logging_mixin.py:190} INFO - [2025-01-19T03:29:08.465+0000] {dagbag.py:588} INFO - Filling up the DagBag from /home/vscode/.local/lib/python3.10/site-packages/airflow/example_dags/example_inlet_event_extra.py
[2025-01-19T03:29:08.475+0000] {processor.py:925} INFO - DAG(s) 'read_dataset_event', 'read_dataset_event_from_classic' retrieved from /home/vscode/.local/lib/python3.10/site-packages/airflow/example_dags/example_inlet_event_extra.py
[2025-01-19T03:29:08.488+0000] {logging_mixin.py:190} INFO - [2025-01-19T03:29:08.488+0000] {dag.py:3239} INFO - Sync 2 DAGs
[2025-01-19T03:29:08.504+0000] {logging_mixin.py:190} INFO - [2025-01-19T03:29:08.504+0000] {dag.py:4180} INFO - Setting next_dagrun for read_dataset_event to 2025-01-18 00:00:00+00:00, run_after=2025-01-19 00:00:00+00:00
[2025-01-19T03:29:08.508+0000] {logging_mixin.py:190} INFO - [2025-01-19T03:29:08.508+0000] {dag.py:4180} INFO - Setting next_dagrun for read_dataset_event_from_classic to 2025-01-18 00:00:00+00:00, run_after=2025-01-19 00:00:00+00:00
[2025-01-19T03:29:08.521+0000] {processor.py:208} INFO - Processing /home/vscode/.local/lib/python3.10/site-packages/airflow/example_dags/example_inlet_event_extra.py took 0.062 seconds
[2025-01-19T03:29:58.642+0000] {processor.py:186} INFO - Started process (PID=9416) to work on /home/vscode/.local/lib/python3.10/site-packages/airflow/example_dags/example_inlet_event_extra.py
[2025-01-19T03:29:58.643+0000] {processor.py:914} INFO - Processing file /home/vscode/.local/lib/python3.10/site-packages/airflow/example_dags/example_inlet_event_extra.py for tasks to queue
[2025-01-19T03:29:58.644+0000] {logging_mixin.py:190} INFO - [2025-01-19T03:29:58.644+0000] {dagbag.py:588} INFO - Filling up the DagBag from /home/vscode/.local/lib/python3.10/site-packages/airflow/example_dags/example_inlet_event_extra.py
[2025-01-19T03:29:58.654+0000] {processor.py:925} INFO - DAG(s) 'read_dataset_event', 'read_dataset_event_from_classic' retrieved from /home/vscode/.local/lib/python3.10/site-packages/airflow/example_dags/example_inlet_event_extra.py
[2025-01-19T03:29:58.666+0000] {logging_mixin.py:190} INFO - [2025-01-19T03:29:58.666+0000] {dag.py:3239} INFO - Sync 2 DAGs
[2025-01-19T03:29:58.683+0000] {logging_mixin.py:190} INFO - [2025-01-19T03:29:58.683+0000] {dag.py:4180} INFO - Setting next_dagrun for read_dataset_event to 2025-01-18 00:00:00+00:00, run_after=2025-01-19 00:00:00+00:00
[2025-01-19T03:29:58.686+0000] {logging_mixin.py:190} INFO - [2025-01-19T03:29:58.686+0000] {dag.py:4180} INFO - Setting next_dagrun for read_dataset_event_from_classic to 2025-01-18 00:00:00+00:00, run_after=2025-01-19 00:00:00+00:00
[2025-01-19T03:29:58.699+0000] {processor.py:208} INFO - Processing /home/vscode/.local/lib/python3.10/site-packages/airflow/example_dags/example_inlet_event_extra.py took 0.062 seconds
[2025-01-19T03:30:46.062+0000] {processor.py:186} INFO - Started process (PID=9735) to work on /home/vscode/.local/lib/python3.10/site-packages/airflow/example_dags/example_inlet_event_extra.py
[2025-01-19T03:30:46.063+0000] {processor.py:914} INFO - Processing file /home/vscode/.local/lib/python3.10/site-packages/airflow/example_dags/example_inlet_event_extra.py for tasks to queue
[2025-01-19T03:30:46.064+0000] {logging_mixin.py:190} INFO - [2025-01-19T03:30:46.064+0000] {dagbag.py:588} INFO - Filling up the DagBag from /home/vscode/.local/lib/python3.10/site-packages/airflow/example_dags/example_inlet_event_extra.py
[2025-01-19T03:30:46.074+0000] {processor.py:925} INFO - DAG(s) 'read_dataset_event_from_classic', 'read_dataset_event' retrieved from /home/vscode/.local/lib/python3.10/site-packages/airflow/example_dags/example_inlet_event_extra.py
[2025-01-19T03:30:46.087+0000] {logging_mixin.py:190} INFO - [2025-01-19T03:30:46.087+0000] {dag.py:3239} INFO - Sync 2 DAGs
[2025-01-19T03:30:46.104+0000] {logging_mixin.py:190} INFO - [2025-01-19T03:30:46.104+0000] {dag.py:4180} INFO - Setting next_dagrun for read_dataset_event to 2025-01-18 00:00:00+00:00, run_after=2025-01-19 00:00:00+00:00
[2025-01-19T03:30:46.107+0000] {logging_mixin.py:190} INFO - [2025-01-19T03:30:46.107+0000] {dag.py:4180} INFO - Setting next_dagrun for read_dataset_event_from_classic to 2025-01-18 00:00:00+00:00, run_after=2025-01-19 00:00:00+00:00
[2025-01-19T03:30:46.120+0000] {processor.py:208} INFO - Processing /home/vscode/.local/lib/python3.10/site-packages/airflow/example_dags/example_inlet_event_extra.py took 0.062 seconds
[2025-01-19T03:31:36.205+0000] {processor.py:186} INFO - Started process (PID=10072) to work on /home/vscode/.local/lib/python3.10/site-packages/airflow/example_dags/example_inlet_event_extra.py
[2025-01-19T03:31:36.206+0000] {processor.py:914} INFO - Processing file /home/vscode/.local/lib/python3.10/site-packages/airflow/example_dags/example_inlet_event_extra.py for tasks to queue
[2025-01-19T03:31:36.207+0000] {logging_mixin.py:190} INFO - [2025-01-19T03:31:36.207+0000] {dagbag.py:588} INFO - Filling up the DagBag from /home/vscode/.local/lib/python3.10/site-packages/airflow/example_dags/example_inlet_event_extra.py
[2025-01-19T03:31:36.217+0000] {processor.py:925} INFO - DAG(s) 'read_dataset_event_from_classic', 'read_dataset_event' retrieved from /home/vscode/.local/lib/python3.10/site-packages/airflow/example_dags/example_inlet_event_extra.py
[2025-01-19T03:31:36.229+0000] {logging_mixin.py:190} INFO - [2025-01-19T03:31:36.229+0000] {dag.py:3239} INFO - Sync 2 DAGs
[2025-01-19T03:31:36.245+0000] {logging_mixin.py:190} INFO - [2025-01-19T03:31:36.245+0000] {dag.py:4180} INFO - Setting next_dagrun for read_dataset_event to 2025-01-18 00:00:00+00:00, run_after=2025-01-19 00:00:00+00:00
[2025-01-19T03:31:36.248+0000] {logging_mixin.py:190} INFO - [2025-01-19T03:31:36.248+0000] {dag.py:4180} INFO - Setting next_dagrun for read_dataset_event_from_classic to 2025-01-18 00:00:00+00:00, run_after=2025-01-19 00:00:00+00:00
[2025-01-19T03:31:36.263+0000] {processor.py:208} INFO - Processing /home/vscode/.local/lib/python3.10/site-packages/airflow/example_dags/example_inlet_event_extra.py took 0.063 seconds
[2025-01-19T03:32:27.745+0000] {processor.py:186} INFO - Started process (PID=10500) to work on /home/vscode/.local/lib/python3.10/site-packages/airflow/example_dags/example_inlet_event_extra.py
[2025-01-19T03:32:27.746+0000] {processor.py:914} INFO - Processing file /home/vscode/.local/lib/python3.10/site-packages/airflow/example_dags/example_inlet_event_extra.py for tasks to queue
[2025-01-19T03:32:27.749+0000] {logging_mixin.py:190} INFO - [2025-01-19T03:32:27.749+0000] {dagbag.py:588} INFO - Filling up the DagBag from /home/vscode/.local/lib/python3.10/site-packages/airflow/example_dags/example_inlet_event_extra.py
[2025-01-19T03:32:27.763+0000] {processor.py:925} INFO - DAG(s) 'read_dataset_event', 'read_dataset_event_from_classic' retrieved from /home/vscode/.local/lib/python3.10/site-packages/airflow/example_dags/example_inlet_event_extra.py
[2025-01-19T03:32:27.783+0000] {logging_mixin.py:190} INFO - [2025-01-19T03:32:27.783+0000] {dag.py:3239} INFO - Sync 2 DAGs
[2025-01-19T03:32:27.801+0000] {logging_mixin.py:190} INFO - [2025-01-19T03:32:27.801+0000] {dag.py:4180} INFO - Setting next_dagrun for read_dataset_event to 2025-01-18 00:00:00+00:00, run_after=2025-01-19 00:00:00+00:00
[2025-01-19T03:32:27.804+0000] {logging_mixin.py:190} INFO - [2025-01-19T03:32:27.804+0000] {dag.py:4180} INFO - Setting next_dagrun for read_dataset_event_from_classic to 2025-01-18 00:00:00+00:00, run_after=2025-01-19 00:00:00+00:00
[2025-01-19T03:32:27.817+0000] {processor.py:208} INFO - Processing /home/vscode/.local/lib/python3.10/site-packages/airflow/example_dags/example_inlet_event_extra.py took 0.076 seconds
[2025-01-19T03:33:16.845+0000] {processor.py:186} INFO - Started process (PID=10892) to work on /home/vscode/.local/lib/python3.10/site-packages/airflow/example_dags/example_inlet_event_extra.py
[2025-01-19T03:33:16.846+0000] {processor.py:914} INFO - Processing file /home/vscode/.local/lib/python3.10/site-packages/airflow/example_dags/example_inlet_event_extra.py for tasks to queue
[2025-01-19T03:33:16.847+0000] {logging_mixin.py:190} INFO - [2025-01-19T03:33:16.847+0000] {dagbag.py:588} INFO - Filling up the DagBag from /home/vscode/.local/lib/python3.10/site-packages/airflow/example_dags/example_inlet_event_extra.py
[2025-01-19T03:33:16.857+0000] {processor.py:925} INFO - DAG(s) 'read_dataset_event', 'read_dataset_event_from_classic' retrieved from /home/vscode/.local/lib/python3.10/site-packages/airflow/example_dags/example_inlet_event_extra.py
[2025-01-19T03:33:16.870+0000] {logging_mixin.py:190} INFO - [2025-01-19T03:33:16.869+0000] {dag.py:3239} INFO - Sync 2 DAGs
[2025-01-19T03:33:16.886+0000] {logging_mixin.py:190} INFO - [2025-01-19T03:33:16.885+0000] {dag.py:4180} INFO - Setting next_dagrun for read_dataset_event to 2025-01-18 00:00:00+00:00, run_after=2025-01-19 00:00:00+00:00
[2025-01-19T03:33:16.889+0000] {logging_mixin.py:190} INFO - [2025-01-19T03:33:16.889+0000] {dag.py:4180} INFO - Setting next_dagrun for read_dataset_event_from_classic to 2025-01-18 00:00:00+00:00, run_after=2025-01-19 00:00:00+00:00
[2025-01-19T03:33:16.902+0000] {processor.py:208} INFO - Processing /home/vscode/.local/lib/python3.10/site-packages/airflow/example_dags/example_inlet_event_extra.py took 0.062 seconds
[2025-01-19T03:34:08.361+0000] {processor.py:186} INFO - Started process (PID=11241) to work on /home/vscode/.local/lib/python3.10/site-packages/airflow/example_dags/example_inlet_event_extra.py
[2025-01-19T03:34:08.362+0000] {processor.py:914} INFO - Processing file /home/vscode/.local/lib/python3.10/site-packages/airflow/example_dags/example_inlet_event_extra.py for tasks to queue
[2025-01-19T03:34:08.363+0000] {logging_mixin.py:190} INFO - [2025-01-19T03:34:08.363+0000] {dagbag.py:588} INFO - Filling up the DagBag from /home/vscode/.local/lib/python3.10/site-packages/airflow/example_dags/example_inlet_event_extra.py
[2025-01-19T03:34:08.373+0000] {processor.py:925} INFO - DAG(s) 'read_dataset_event_from_classic', 'read_dataset_event' retrieved from /home/vscode/.local/lib/python3.10/site-packages/airflow/example_dags/example_inlet_event_extra.py
[2025-01-19T03:34:08.385+0000] {logging_mixin.py:190} INFO - [2025-01-19T03:34:08.385+0000] {dag.py:3239} INFO - Sync 2 DAGs
[2025-01-19T03:34:08.401+0000] {logging_mixin.py:190} INFO - [2025-01-19T03:34:08.401+0000] {dag.py:4180} INFO - Setting next_dagrun for read_dataset_event to 2025-01-18 00:00:00+00:00, run_after=2025-01-19 00:00:00+00:00
[2025-01-19T03:34:08.404+0000] {logging_mixin.py:190} INFO - [2025-01-19T03:34:08.404+0000] {dag.py:4180} INFO - Setting next_dagrun for read_dataset_event_from_classic to 2025-01-18 00:00:00+00:00, run_after=2025-01-19 00:00:00+00:00
[2025-01-19T03:34:08.417+0000] {processor.py:208} INFO - Processing /home/vscode/.local/lib/python3.10/site-packages/airflow/example_dags/example_inlet_event_extra.py took 0.061 seconds
[2025-01-19T03:34:57.957+0000] {processor.py:186} INFO - Started process (PID=11648) to work on /home/vscode/.local/lib/python3.10/site-packages/airflow/example_dags/example_inlet_event_extra.py
[2025-01-19T03:34:57.958+0000] {processor.py:914} INFO - Processing file /home/vscode/.local/lib/python3.10/site-packages/airflow/example_dags/example_inlet_event_extra.py for tasks to queue
[2025-01-19T03:34:57.959+0000] {logging_mixin.py:190} INFO - [2025-01-19T03:34:57.959+0000] {dagbag.py:588} INFO - Filling up the DagBag from /home/vscode/.local/lib/python3.10/site-packages/airflow/example_dags/example_inlet_event_extra.py
[2025-01-19T03:34:57.970+0000] {processor.py:925} INFO - DAG(s) 'read_dataset_event_from_classic', 'read_dataset_event' retrieved from /home/vscode/.local/lib/python3.10/site-packages/airflow/example_dags/example_inlet_event_extra.py
[2025-01-19T03:34:57.983+0000] {logging_mixin.py:190} INFO - [2025-01-19T03:34:57.983+0000] {dag.py:3239} INFO - Sync 2 DAGs
[2025-01-19T03:34:58.004+0000] {logging_mixin.py:190} INFO - [2025-01-19T03:34:58.004+0000] {dag.py:4180} INFO - Setting next_dagrun for read_dataset_event to 2025-01-18 00:00:00+00:00, run_after=2025-01-19 00:00:00+00:00
[2025-01-19T03:34:58.008+0000] {logging_mixin.py:190} INFO - [2025-01-19T03:34:58.008+0000] {dag.py:4180} INFO - Setting next_dagrun for read_dataset_event_from_classic to 2025-01-18 00:00:00+00:00, run_after=2025-01-19 00:00:00+00:00
[2025-01-19T03:34:58.021+0000] {processor.py:208} INFO - Processing /home/vscode/.local/lib/python3.10/site-packages/airflow/example_dags/example_inlet_event_extra.py took 0.069 seconds
[2025-01-19T03:35:47.378+0000] {processor.py:186} INFO - Started process (PID=12039) to work on /home/vscode/.local/lib/python3.10/site-packages/airflow/example_dags/example_inlet_event_extra.py
[2025-01-19T03:35:47.379+0000] {processor.py:914} INFO - Processing file /home/vscode/.local/lib/python3.10/site-packages/airflow/example_dags/example_inlet_event_extra.py for tasks to queue
[2025-01-19T03:35:47.380+0000] {logging_mixin.py:190} INFO - [2025-01-19T03:35:47.380+0000] {dagbag.py:588} INFO - Filling up the DagBag from /home/vscode/.local/lib/python3.10/site-packages/airflow/example_dags/example_inlet_event_extra.py
[2025-01-19T03:35:47.390+0000] {processor.py:925} INFO - DAG(s) 'read_dataset_event_from_classic', 'read_dataset_event' retrieved from /home/vscode/.local/lib/python3.10/site-packages/airflow/example_dags/example_inlet_event_extra.py
[2025-01-19T03:35:47.403+0000] {logging_mixin.py:190} INFO - [2025-01-19T03:35:47.403+0000] {dag.py:3239} INFO - Sync 2 DAGs
[2025-01-19T03:35:47.423+0000] {logging_mixin.py:190} INFO - [2025-01-19T03:35:47.423+0000] {dag.py:4180} INFO - Setting next_dagrun for read_dataset_event to 2025-01-18 00:00:00+00:00, run_after=2025-01-19 00:00:00+00:00
[2025-01-19T03:35:47.427+0000] {logging_mixin.py:190} INFO - [2025-01-19T03:35:47.426+0000] {dag.py:4180} INFO - Setting next_dagrun for read_dataset_event_from_classic to 2025-01-18 00:00:00+00:00, run_after=2025-01-19 00:00:00+00:00
[2025-01-19T03:35:47.440+0000] {processor.py:208} INFO - Processing /home/vscode/.local/lib/python3.10/site-packages/airflow/example_dags/example_inlet_event_extra.py took 0.066 seconds
[2025-01-19T03:36:35.808+0000] {processor.py:186} INFO - Started process (PID=12377) to work on /home/vscode/.local/lib/python3.10/site-packages/airflow/example_dags/example_inlet_event_extra.py
[2025-01-19T03:36:35.809+0000] {processor.py:914} INFO - Processing file /home/vscode/.local/lib/python3.10/site-packages/airflow/example_dags/example_inlet_event_extra.py for tasks to queue
[2025-01-19T03:36:35.811+0000] {logging_mixin.py:190} INFO - [2025-01-19T03:36:35.810+0000] {dagbag.py:588} INFO - Filling up the DagBag from /home/vscode/.local/lib/python3.10/site-packages/airflow/example_dags/example_inlet_event_extra.py
[2025-01-19T03:36:35.820+0000] {processor.py:925} INFO - DAG(s) 'read_dataset_event_from_classic', 'read_dataset_event' retrieved from /home/vscode/.local/lib/python3.10/site-packages/airflow/example_dags/example_inlet_event_extra.py
[2025-01-19T03:36:35.834+0000] {logging_mixin.py:190} INFO - [2025-01-19T03:36:35.834+0000] {dag.py:3239} INFO - Sync 2 DAGs
[2025-01-19T03:36:35.854+0000] {logging_mixin.py:190} INFO - [2025-01-19T03:36:35.854+0000] {dag.py:4180} INFO - Setting next_dagrun for read_dataset_event to 2025-01-18 00:00:00+00:00, run_after=2025-01-19 00:00:00+00:00
[2025-01-19T03:36:35.857+0000] {logging_mixin.py:190} INFO - [2025-01-19T03:36:35.857+0000] {dag.py:4180} INFO - Setting next_dagrun for read_dataset_event_from_classic to 2025-01-18 00:00:00+00:00, run_after=2025-01-19 00:00:00+00:00
[2025-01-19T03:36:35.870+0000] {processor.py:208} INFO - Processing /home/vscode/.local/lib/python3.10/site-packages/airflow/example_dags/example_inlet_event_extra.py took 0.066 seconds
[2025-01-19T03:37:27.531+0000] {processor.py:186} INFO - Started process (PID=12734) to work on /home/vscode/.local/lib/python3.10/site-packages/airflow/example_dags/example_inlet_event_extra.py
[2025-01-19T03:37:27.531+0000] {processor.py:914} INFO - Processing file /home/vscode/.local/lib/python3.10/site-packages/airflow/example_dags/example_inlet_event_extra.py for tasks to queue
[2025-01-19T03:37:27.533+0000] {logging_mixin.py:190} INFO - [2025-01-19T03:37:27.533+0000] {dagbag.py:588} INFO - Filling up the DagBag from /home/vscode/.local/lib/python3.10/site-packages/airflow/example_dags/example_inlet_event_extra.py
[2025-01-19T03:37:27.543+0000] {processor.py:925} INFO - DAG(s) 'read_dataset_event_from_classic', 'read_dataset_event' retrieved from /home/vscode/.local/lib/python3.10/site-packages/airflow/example_dags/example_inlet_event_extra.py
[2025-01-19T03:37:27.556+0000] {logging_mixin.py:190} INFO - [2025-01-19T03:37:27.555+0000] {dag.py:3239} INFO - Sync 2 DAGs
[2025-01-19T03:37:27.572+0000] {logging_mixin.py:190} INFO - [2025-01-19T03:37:27.572+0000] {dag.py:4180} INFO - Setting next_dagrun for read_dataset_event to 2025-01-18 00:00:00+00:00, run_after=2025-01-19 00:00:00+00:00
[2025-01-19T03:37:27.576+0000] {logging_mixin.py:190} INFO - [2025-01-19T03:37:27.575+0000] {dag.py:4180} INFO - Setting next_dagrun for read_dataset_event_from_classic to 2025-01-18 00:00:00+00:00, run_after=2025-01-19 00:00:00+00:00
[2025-01-19T03:37:27.590+0000] {processor.py:208} INFO - Processing /home/vscode/.local/lib/python3.10/site-packages/airflow/example_dags/example_inlet_event_extra.py took 0.063 seconds
[2025-01-19T03:38:19.992+0000] {processor.py:186} INFO - Started process (PID=13087) to work on /home/vscode/.local/lib/python3.10/site-packages/airflow/example_dags/example_inlet_event_extra.py
[2025-01-19T03:38:19.993+0000] {processor.py:914} INFO - Processing file /home/vscode/.local/lib/python3.10/site-packages/airflow/example_dags/example_inlet_event_extra.py for tasks to queue
[2025-01-19T03:38:19.998+0000] {logging_mixin.py:190} INFO - [2025-01-19T03:38:19.997+0000] {dagbag.py:588} INFO - Filling up the DagBag from /home/vscode/.local/lib/python3.10/site-packages/airflow/example_dags/example_inlet_event_extra.py
[2025-01-19T03:38:20.027+0000] {processor.py:925} INFO - DAG(s) 'read_dataset_event_from_classic', 'read_dataset_event' retrieved from /home/vscode/.local/lib/python3.10/site-packages/airflow/example_dags/example_inlet_event_extra.py
[2025-01-19T03:38:20.059+0000] {logging_mixin.py:190} INFO - [2025-01-19T03:38:20.059+0000] {dag.py:3239} INFO - Sync 2 DAGs
[2025-01-19T03:38:20.084+0000] {logging_mixin.py:190} INFO - [2025-01-19T03:38:20.083+0000] {dag.py:4180} INFO - Setting next_dagrun for read_dataset_event to 2025-01-18 00:00:00+00:00, run_after=2025-01-19 00:00:00+00:00
[2025-01-19T03:38:20.089+0000] {logging_mixin.py:190} INFO - [2025-01-19T03:38:20.089+0000] {dag.py:4180} INFO - Setting next_dagrun for read_dataset_event_from_classic to 2025-01-18 00:00:00+00:00, run_after=2025-01-19 00:00:00+00:00
[2025-01-19T03:38:20.108+0000] {processor.py:208} INFO - Processing /home/vscode/.local/lib/python3.10/site-packages/airflow/example_dags/example_inlet_event_extra.py took 0.122 seconds
[2025-01-19T03:39:07.904+0000] {processor.py:186} INFO - Started process (PID=13410) to work on /home/vscode/.local/lib/python3.10/site-packages/airflow/example_dags/example_inlet_event_extra.py
[2025-01-19T03:39:07.905+0000] {processor.py:914} INFO - Processing file /home/vscode/.local/lib/python3.10/site-packages/airflow/example_dags/example_inlet_event_extra.py for tasks to queue
[2025-01-19T03:39:07.907+0000] {logging_mixin.py:190} INFO - [2025-01-19T03:39:07.907+0000] {dagbag.py:588} INFO - Filling up the DagBag from /home/vscode/.local/lib/python3.10/site-packages/airflow/example_dags/example_inlet_event_extra.py
[2025-01-19T03:39:07.917+0000] {processor.py:925} INFO - DAG(s) 'read_dataset_event_from_classic', 'read_dataset_event' retrieved from /home/vscode/.local/lib/python3.10/site-packages/airflow/example_dags/example_inlet_event_extra.py
[2025-01-19T03:39:07.930+0000] {logging_mixin.py:190} INFO - [2025-01-19T03:39:07.929+0000] {dag.py:3239} INFO - Sync 2 DAGs
[2025-01-19T03:39:07.946+0000] {logging_mixin.py:190} INFO - [2025-01-19T03:39:07.946+0000] {dag.py:4180} INFO - Setting next_dagrun for read_dataset_event to 2025-01-18 00:00:00+00:00, run_after=2025-01-19 00:00:00+00:00
[2025-01-19T03:39:07.949+0000] {logging_mixin.py:190} INFO - [2025-01-19T03:39:07.949+0000] {dag.py:4180} INFO - Setting next_dagrun for read_dataset_event_from_classic to 2025-01-18 00:00:00+00:00, run_after=2025-01-19 00:00:00+00:00
[2025-01-19T03:39:07.963+0000] {processor.py:208} INFO - Processing /home/vscode/.local/lib/python3.10/site-packages/airflow/example_dags/example_inlet_event_extra.py took 0.063 seconds
[2025-01-19T03:39:58.492+0000] {processor.py:186} INFO - Started process (PID=13758) to work on /home/vscode/.local/lib/python3.10/site-packages/airflow/example_dags/example_inlet_event_extra.py
[2025-01-19T03:39:58.492+0000] {processor.py:914} INFO - Processing file /home/vscode/.local/lib/python3.10/site-packages/airflow/example_dags/example_inlet_event_extra.py for tasks to queue
[2025-01-19T03:39:58.494+0000] {logging_mixin.py:190} INFO - [2025-01-19T03:39:58.494+0000] {dagbag.py:588} INFO - Filling up the DagBag from /home/vscode/.local/lib/python3.10/site-packages/airflow/example_dags/example_inlet_event_extra.py
[2025-01-19T03:39:58.504+0000] {processor.py:925} INFO - DAG(s) 'read_dataset_event', 'read_dataset_event_from_classic' retrieved from /home/vscode/.local/lib/python3.10/site-packages/airflow/example_dags/example_inlet_event_extra.py
[2025-01-19T03:39:58.516+0000] {logging_mixin.py:190} INFO - [2025-01-19T03:39:58.516+0000] {dag.py:3239} INFO - Sync 2 DAGs
[2025-01-19T03:39:58.533+0000] {logging_mixin.py:190} INFO - [2025-01-19T03:39:58.533+0000] {dag.py:4180} INFO - Setting next_dagrun for read_dataset_event to 2025-01-18 00:00:00+00:00, run_after=2025-01-19 00:00:00+00:00
[2025-01-19T03:39:58.537+0000] {logging_mixin.py:190} INFO - [2025-01-19T03:39:58.537+0000] {dag.py:4180} INFO - Setting next_dagrun for read_dataset_event_from_classic to 2025-01-18 00:00:00+00:00, run_after=2025-01-19 00:00:00+00:00
[2025-01-19T03:39:58.550+0000] {processor.py:208} INFO - Processing /home/vscode/.local/lib/python3.10/site-packages/airflow/example_dags/example_inlet_event_extra.py took 0.063 seconds
[2025-01-19T03:40:49.183+0000] {processor.py:186} INFO - Started process (PID=14096) to work on /home/vscode/.local/lib/python3.10/site-packages/airflow/example_dags/example_inlet_event_extra.py
[2025-01-19T03:40:49.184+0000] {processor.py:914} INFO - Processing file /home/vscode/.local/lib/python3.10/site-packages/airflow/example_dags/example_inlet_event_extra.py for tasks to queue
[2025-01-19T03:40:49.185+0000] {logging_mixin.py:190} INFO - [2025-01-19T03:40:49.185+0000] {dagbag.py:588} INFO - Filling up the DagBag from /home/vscode/.local/lib/python3.10/site-packages/airflow/example_dags/example_inlet_event_extra.py
[2025-01-19T03:40:49.195+0000] {processor.py:925} INFO - DAG(s) 'read_dataset_event', 'read_dataset_event_from_classic' retrieved from /home/vscode/.local/lib/python3.10/site-packages/airflow/example_dags/example_inlet_event_extra.py
[2025-01-19T03:40:49.209+0000] {logging_mixin.py:190} INFO - [2025-01-19T03:40:49.208+0000] {dag.py:3239} INFO - Sync 2 DAGs
[2025-01-19T03:40:49.224+0000] {logging_mixin.py:190} INFO - [2025-01-19T03:40:49.224+0000] {dag.py:4180} INFO - Setting next_dagrun for read_dataset_event to 2025-01-18 00:00:00+00:00, run_after=2025-01-19 00:00:00+00:00
[2025-01-19T03:40:49.228+0000] {logging_mixin.py:190} INFO - [2025-01-19T03:40:49.227+0000] {dag.py:4180} INFO - Setting next_dagrun for read_dataset_event_from_classic to 2025-01-18 00:00:00+00:00, run_after=2025-01-19 00:00:00+00:00
[2025-01-19T03:40:49.240+0000] {processor.py:208} INFO - Processing /home/vscode/.local/lib/python3.10/site-packages/airflow/example_dags/example_inlet_event_extra.py took 0.061 seconds
[2025-01-19T03:41:38.499+0000] {processor.py:186} INFO - Started process (PID=14432) to work on /home/vscode/.local/lib/python3.10/site-packages/airflow/example_dags/example_inlet_event_extra.py
[2025-01-19T03:41:38.499+0000] {processor.py:914} INFO - Processing file /home/vscode/.local/lib/python3.10/site-packages/airflow/example_dags/example_inlet_event_extra.py for tasks to queue
[2025-01-19T03:41:38.501+0000] {logging_mixin.py:190} INFO - [2025-01-19T03:41:38.501+0000] {dagbag.py:588} INFO - Filling up the DagBag from /home/vscode/.local/lib/python3.10/site-packages/airflow/example_dags/example_inlet_event_extra.py
[2025-01-19T03:41:38.511+0000] {processor.py:925} INFO - DAG(s) 'read_dataset_event_from_classic', 'read_dataset_event' retrieved from /home/vscode/.local/lib/python3.10/site-packages/airflow/example_dags/example_inlet_event_extra.py
[2025-01-19T03:41:38.524+0000] {logging_mixin.py:190} INFO - [2025-01-19T03:41:38.523+0000] {dag.py:3239} INFO - Sync 2 DAGs
[2025-01-19T03:41:38.539+0000] {logging_mixin.py:190} INFO - [2025-01-19T03:41:38.539+0000] {dag.py:4180} INFO - Setting next_dagrun for read_dataset_event to 2025-01-18 00:00:00+00:00, run_after=2025-01-19 00:00:00+00:00
[2025-01-19T03:41:38.543+0000] {logging_mixin.py:190} INFO - [2025-01-19T03:41:38.543+0000] {dag.py:4180} INFO - Setting next_dagrun for read_dataset_event_from_classic to 2025-01-18 00:00:00+00:00, run_after=2025-01-19 00:00:00+00:00
[2025-01-19T03:41:38.556+0000] {processor.py:208} INFO - Processing /home/vscode/.local/lib/python3.10/site-packages/airflow/example_dags/example_inlet_event_extra.py took 0.062 seconds
[2025-01-19T03:42:30.961+0000] {processor.py:186} INFO - Started process (PID=14782) to work on /home/vscode/.local/lib/python3.10/site-packages/airflow/example_dags/example_inlet_event_extra.py
[2025-01-19T03:42:30.962+0000] {processor.py:914} INFO - Processing file /home/vscode/.local/lib/python3.10/site-packages/airflow/example_dags/example_inlet_event_extra.py for tasks to queue
[2025-01-19T03:42:30.964+0000] {logging_mixin.py:190} INFO - [2025-01-19T03:42:30.963+0000] {dagbag.py:588} INFO - Filling up the DagBag from /home/vscode/.local/lib/python3.10/site-packages/airflow/example_dags/example_inlet_event_extra.py
[2025-01-19T03:42:30.976+0000] {processor.py:925} INFO - DAG(s) 'read_dataset_event', 'read_dataset_event_from_classic' retrieved from /home/vscode/.local/lib/python3.10/site-packages/airflow/example_dags/example_inlet_event_extra.py
[2025-01-19T03:42:30.989+0000] {logging_mixin.py:190} INFO - [2025-01-19T03:42:30.989+0000] {dag.py:3239} INFO - Sync 2 DAGs
[2025-01-19T03:42:31.005+0000] {logging_mixin.py:190} INFO - [2025-01-19T03:42:31.005+0000] {dag.py:4180} INFO - Setting next_dagrun for read_dataset_event to 2025-01-18 00:00:00+00:00, run_after=2025-01-19 00:00:00+00:00
[2025-01-19T03:42:31.008+0000] {logging_mixin.py:190} INFO - [2025-01-19T03:42:31.008+0000] {dag.py:4180} INFO - Setting next_dagrun for read_dataset_event_from_classic to 2025-01-18 00:00:00+00:00, run_after=2025-01-19 00:00:00+00:00
[2025-01-19T03:42:31.021+0000] {processor.py:208} INFO - Processing /home/vscode/.local/lib/python3.10/site-packages/airflow/example_dags/example_inlet_event_extra.py took 0.066 seconds
[2025-01-19T03:43:21.970+0000] {processor.py:186} INFO - Started process (PID=15125) to work on /home/vscode/.local/lib/python3.10/site-packages/airflow/example_dags/example_inlet_event_extra.py
[2025-01-19T03:43:21.970+0000] {processor.py:914} INFO - Processing file /home/vscode/.local/lib/python3.10/site-packages/airflow/example_dags/example_inlet_event_extra.py for tasks to queue
[2025-01-19T03:43:21.972+0000] {logging_mixin.py:190} INFO - [2025-01-19T03:43:21.972+0000] {dagbag.py:588} INFO - Filling up the DagBag from /home/vscode/.local/lib/python3.10/site-packages/airflow/example_dags/example_inlet_event_extra.py
[2025-01-19T03:43:21.982+0000] {processor.py:925} INFO - DAG(s) 'read_dataset_event', 'read_dataset_event_from_classic' retrieved from /home/vscode/.local/lib/python3.10/site-packages/airflow/example_dags/example_inlet_event_extra.py
[2025-01-19T03:43:21.994+0000] {logging_mixin.py:190} INFO - [2025-01-19T03:43:21.994+0000] {dag.py:3239} INFO - Sync 2 DAGs
[2025-01-19T03:43:22.011+0000] {logging_mixin.py:190} INFO - [2025-01-19T03:43:22.010+0000] {dag.py:4180} INFO - Setting next_dagrun for read_dataset_event to 2025-01-18 00:00:00+00:00, run_after=2025-01-19 00:00:00+00:00
[2025-01-19T03:43:22.014+0000] {logging_mixin.py:190} INFO - [2025-01-19T03:43:22.014+0000] {dag.py:4180} INFO - Setting next_dagrun for read_dataset_event_from_classic to 2025-01-18 00:00:00+00:00, run_after=2025-01-19 00:00:00+00:00
[2025-01-19T03:43:22.027+0000] {processor.py:208} INFO - Processing /home/vscode/.local/lib/python3.10/site-packages/airflow/example_dags/example_inlet_event_extra.py took 0.062 seconds
[2025-01-19T03:44:13.215+0000] {processor.py:186} INFO - Started process (PID=15473) to work on /home/vscode/.local/lib/python3.10/site-packages/airflow/example_dags/example_inlet_event_extra.py
[2025-01-19T03:44:13.216+0000] {processor.py:914} INFO - Processing file /home/vscode/.local/lib/python3.10/site-packages/airflow/example_dags/example_inlet_event_extra.py for tasks to queue
[2025-01-19T03:44:13.217+0000] {logging_mixin.py:190} INFO - [2025-01-19T03:44:13.217+0000] {dagbag.py:588} INFO - Filling up the DagBag from /home/vscode/.local/lib/python3.10/site-packages/airflow/example_dags/example_inlet_event_extra.py
[2025-01-19T03:44:13.227+0000] {processor.py:925} INFO - DAG(s) 'read_dataset_event', 'read_dataset_event_from_classic' retrieved from /home/vscode/.local/lib/python3.10/site-packages/airflow/example_dags/example_inlet_event_extra.py
[2025-01-19T03:44:13.240+0000] {logging_mixin.py:190} INFO - [2025-01-19T03:44:13.240+0000] {dag.py:3239} INFO - Sync 2 DAGs
[2025-01-19T03:44:13.256+0000] {logging_mixin.py:190} INFO - [2025-01-19T03:44:13.255+0000] {dag.py:4180} INFO - Setting next_dagrun for read_dataset_event to 2025-01-18 00:00:00+00:00, run_after=2025-01-19 00:00:00+00:00
[2025-01-19T03:44:13.259+0000] {logging_mixin.py:190} INFO - [2025-01-19T03:44:13.259+0000] {dag.py:4180} INFO - Setting next_dagrun for read_dataset_event_from_classic to 2025-01-18 00:00:00+00:00, run_after=2025-01-19 00:00:00+00:00
[2025-01-19T03:44:13.272+0000] {processor.py:208} INFO - Processing /home/vscode/.local/lib/python3.10/site-packages/airflow/example_dags/example_inlet_event_extra.py took 0.062 seconds
[2025-01-19T03:45:06.910+0000] {processor.py:186} INFO - Started process (PID=15834) to work on /home/vscode/.local/lib/python3.10/site-packages/airflow/example_dags/example_inlet_event_extra.py
[2025-01-19T03:45:06.910+0000] {processor.py:914} INFO - Processing file /home/vscode/.local/lib/python3.10/site-packages/airflow/example_dags/example_inlet_event_extra.py for tasks to queue
[2025-01-19T03:45:06.912+0000] {logging_mixin.py:190} INFO - [2025-01-19T03:45:06.912+0000] {dagbag.py:588} INFO - Filling up the DagBag from /home/vscode/.local/lib/python3.10/site-packages/airflow/example_dags/example_inlet_event_extra.py
[2025-01-19T03:45:06.922+0000] {processor.py:925} INFO - DAG(s) 'read_dataset_event', 'read_dataset_event_from_classic' retrieved from /home/vscode/.local/lib/python3.10/site-packages/airflow/example_dags/example_inlet_event_extra.py
[2025-01-19T03:45:06.934+0000] {logging_mixin.py:190} INFO - [2025-01-19T03:45:06.934+0000] {dag.py:3239} INFO - Sync 2 DAGs
[2025-01-19T03:45:06.950+0000] {logging_mixin.py:190} INFO - [2025-01-19T03:45:06.949+0000] {dag.py:4180} INFO - Setting next_dagrun for read_dataset_event to 2025-01-18 00:00:00+00:00, run_after=2025-01-19 00:00:00+00:00
[2025-01-19T03:45:06.953+0000] {logging_mixin.py:190} INFO - [2025-01-19T03:45:06.953+0000] {dag.py:4180} INFO - Setting next_dagrun for read_dataset_event_from_classic to 2025-01-18 00:00:00+00:00, run_after=2025-01-19 00:00:00+00:00
[2025-01-19T03:45:06.966+0000] {processor.py:208} INFO - Processing /home/vscode/.local/lib/python3.10/site-packages/airflow/example_dags/example_inlet_event_extra.py took 0.061 seconds
[2025-01-19T03:45:58.239+0000] {processor.py:186} INFO - Started process (PID=16183) to work on /home/vscode/.local/lib/python3.10/site-packages/airflow/example_dags/example_inlet_event_extra.py
[2025-01-19T03:45:58.240+0000] {processor.py:914} INFO - Processing file /home/vscode/.local/lib/python3.10/site-packages/airflow/example_dags/example_inlet_event_extra.py for tasks to queue
[2025-01-19T03:45:58.241+0000] {logging_mixin.py:190} INFO - [2025-01-19T03:45:58.241+0000] {dagbag.py:588} INFO - Filling up the DagBag from /home/vscode/.local/lib/python3.10/site-packages/airflow/example_dags/example_inlet_event_extra.py
[2025-01-19T03:45:58.251+0000] {processor.py:925} INFO - DAG(s) 'read_dataset_event_from_classic', 'read_dataset_event' retrieved from /home/vscode/.local/lib/python3.10/site-packages/airflow/example_dags/example_inlet_event_extra.py
[2025-01-19T03:45:58.264+0000] {logging_mixin.py:190} INFO - [2025-01-19T03:45:58.264+0000] {dag.py:3239} INFO - Sync 2 DAGs
[2025-01-19T03:45:58.280+0000] {logging_mixin.py:190} INFO - [2025-01-19T03:45:58.279+0000] {dag.py:4180} INFO - Setting next_dagrun for read_dataset_event to 2025-01-18 00:00:00+00:00, run_after=2025-01-19 00:00:00+00:00
[2025-01-19T03:45:58.283+0000] {logging_mixin.py:190} INFO - [2025-01-19T03:45:58.283+0000] {dag.py:4180} INFO - Setting next_dagrun for read_dataset_event_from_classic to 2025-01-18 00:00:00+00:00, run_after=2025-01-19 00:00:00+00:00
[2025-01-19T03:45:58.296+0000] {processor.py:208} INFO - Processing /home/vscode/.local/lib/python3.10/site-packages/airflow/example_dags/example_inlet_event_extra.py took 0.061 seconds
[2025-01-19T03:46:47.945+0000] {processor.py:186} INFO - Started process (PID=16514) to work on /home/vscode/.local/lib/python3.10/site-packages/airflow/example_dags/example_inlet_event_extra.py
[2025-01-19T03:46:47.946+0000] {processor.py:914} INFO - Processing file /home/vscode/.local/lib/python3.10/site-packages/airflow/example_dags/example_inlet_event_extra.py for tasks to queue
[2025-01-19T03:46:47.948+0000] {logging_mixin.py:190} INFO - [2025-01-19T03:46:47.947+0000] {dagbag.py:588} INFO - Filling up the DagBag from /home/vscode/.local/lib/python3.10/site-packages/airflow/example_dags/example_inlet_event_extra.py
[2025-01-19T03:46:47.958+0000] {processor.py:925} INFO - DAG(s) 'read_dataset_event_from_classic', 'read_dataset_event' retrieved from /home/vscode/.local/lib/python3.10/site-packages/airflow/example_dags/example_inlet_event_extra.py
[2025-01-19T03:46:47.970+0000] {logging_mixin.py:190} INFO - [2025-01-19T03:46:47.970+0000] {dag.py:3239} INFO - Sync 2 DAGs
[2025-01-19T03:46:47.987+0000] {logging_mixin.py:190} INFO - [2025-01-19T03:46:47.986+0000] {dag.py:4180} INFO - Setting next_dagrun for read_dataset_event to 2025-01-18 00:00:00+00:00, run_after=2025-01-19 00:00:00+00:00
[2025-01-19T03:46:47.990+0000] {logging_mixin.py:190} INFO - [2025-01-19T03:46:47.990+0000] {dag.py:4180} INFO - Setting next_dagrun for read_dataset_event_from_classic to 2025-01-18 00:00:00+00:00, run_after=2025-01-19 00:00:00+00:00
[2025-01-19T03:46:48.003+0000] {processor.py:208} INFO - Processing /home/vscode/.local/lib/python3.10/site-packages/airflow/example_dags/example_inlet_event_extra.py took 0.062 seconds
[2025-01-19T03:47:41.108+0000] {processor.py:186} INFO - Started process (PID=16875) to work on /home/vscode/.local/lib/python3.10/site-packages/airflow/example_dags/example_inlet_event_extra.py
[2025-01-19T03:47:41.109+0000] {processor.py:914} INFO - Processing file /home/vscode/.local/lib/python3.10/site-packages/airflow/example_dags/example_inlet_event_extra.py for tasks to queue
[2025-01-19T03:47:41.110+0000] {logging_mixin.py:190} INFO - [2025-01-19T03:47:41.110+0000] {dagbag.py:588} INFO - Filling up the DagBag from /home/vscode/.local/lib/python3.10/site-packages/airflow/example_dags/example_inlet_event_extra.py
[2025-01-19T03:47:41.120+0000] {processor.py:925} INFO - DAG(s) 'read_dataset_event', 'read_dataset_event_from_classic' retrieved from /home/vscode/.local/lib/python3.10/site-packages/airflow/example_dags/example_inlet_event_extra.py
[2025-01-19T03:47:41.133+0000] {logging_mixin.py:190} INFO - [2025-01-19T03:47:41.132+0000] {dag.py:3239} INFO - Sync 2 DAGs
[2025-01-19T03:47:41.149+0000] {logging_mixin.py:190} INFO - [2025-01-19T03:47:41.149+0000] {dag.py:4180} INFO - Setting next_dagrun for read_dataset_event to 2025-01-18 00:00:00+00:00, run_after=2025-01-19 00:00:00+00:00
[2025-01-19T03:47:41.153+0000] {logging_mixin.py:190} INFO - [2025-01-19T03:47:41.153+0000] {dag.py:4180} INFO - Setting next_dagrun for read_dataset_event_from_classic to 2025-01-18 00:00:00+00:00, run_after=2025-01-19 00:00:00+00:00
[2025-01-19T03:47:41.166+0000] {processor.py:208} INFO - Processing /home/vscode/.local/lib/python3.10/site-packages/airflow/example_dags/example_inlet_event_extra.py took 0.062 seconds
[2025-01-19T03:48:30.610+0000] {processor.py:186} INFO - Started process (PID=17216) to work on /home/vscode/.local/lib/python3.10/site-packages/airflow/example_dags/example_inlet_event_extra.py
[2025-01-19T03:48:30.611+0000] {processor.py:914} INFO - Processing file /home/vscode/.local/lib/python3.10/site-packages/airflow/example_dags/example_inlet_event_extra.py for tasks to queue
[2025-01-19T03:48:30.613+0000] {logging_mixin.py:190} INFO - [2025-01-19T03:48:30.613+0000] {dagbag.py:588} INFO - Filling up the DagBag from /home/vscode/.local/lib/python3.10/site-packages/airflow/example_dags/example_inlet_event_extra.py
[2025-01-19T03:48:30.626+0000] {processor.py:925} INFO - DAG(s) 'read_dataset_event', 'read_dataset_event_from_classic' retrieved from /home/vscode/.local/lib/python3.10/site-packages/airflow/example_dags/example_inlet_event_extra.py
[2025-01-19T03:48:30.640+0000] {logging_mixin.py:190} INFO - [2025-01-19T03:48:30.639+0000] {dag.py:3239} INFO - Sync 2 DAGs
[2025-01-19T03:48:30.656+0000] {logging_mixin.py:190} INFO - [2025-01-19T03:48:30.656+0000] {dag.py:4180} INFO - Setting next_dagrun for read_dataset_event to 2025-01-18 00:00:00+00:00, run_after=2025-01-19 00:00:00+00:00
[2025-01-19T03:48:30.659+0000] {logging_mixin.py:190} INFO - [2025-01-19T03:48:30.659+0000] {dag.py:4180} INFO - Setting next_dagrun for read_dataset_event_from_classic to 2025-01-18 00:00:00+00:00, run_after=2025-01-19 00:00:00+00:00
[2025-01-19T03:48:30.672+0000] {processor.py:208} INFO - Processing /home/vscode/.local/lib/python3.10/site-packages/airflow/example_dags/example_inlet_event_extra.py took 0.071 seconds
[2025-01-19T03:49:21.644+0000] {processor.py:186} INFO - Started process (PID=17682) to work on /home/vscode/.local/lib/python3.10/site-packages/airflow/example_dags/example_inlet_event_extra.py
[2025-01-19T03:49:21.645+0000] {processor.py:914} INFO - Processing file /home/vscode/.local/lib/python3.10/site-packages/airflow/example_dags/example_inlet_event_extra.py for tasks to queue
[2025-01-19T03:49:21.646+0000] {logging_mixin.py:190} INFO - [2025-01-19T03:49:21.646+0000] {dagbag.py:588} INFO - Filling up the DagBag from /home/vscode/.local/lib/python3.10/site-packages/airflow/example_dags/example_inlet_event_extra.py
[2025-01-19T03:49:21.656+0000] {processor.py:925} INFO - DAG(s) 'read_dataset_event', 'read_dataset_event_from_classic' retrieved from /home/vscode/.local/lib/python3.10/site-packages/airflow/example_dags/example_inlet_event_extra.py
[2025-01-19T03:49:21.669+0000] {logging_mixin.py:190} INFO - [2025-01-19T03:49:21.668+0000] {dag.py:3239} INFO - Sync 2 DAGs
[2025-01-19T03:49:21.686+0000] {logging_mixin.py:190} INFO - [2025-01-19T03:49:21.686+0000] {dag.py:4180} INFO - Setting next_dagrun for read_dataset_event to 2025-01-18 00:00:00+00:00, run_after=2025-01-19 00:00:00+00:00
[2025-01-19T03:49:21.689+0000] {logging_mixin.py:190} INFO - [2025-01-19T03:49:21.689+0000] {dag.py:4180} INFO - Setting next_dagrun for read_dataset_event_from_classic to 2025-01-18 00:00:00+00:00, run_after=2025-01-19 00:00:00+00:00
[2025-01-19T03:49:21.702+0000] {processor.py:208} INFO - Processing /home/vscode/.local/lib/python3.10/site-packages/airflow/example_dags/example_inlet_event_extra.py took 0.063 seconds
[2025-01-19T03:50:13.379+0000] {processor.py:186} INFO - Started process (PID=18074) to work on /home/vscode/.local/lib/python3.10/site-packages/airflow/example_dags/example_inlet_event_extra.py
[2025-01-19T03:50:13.380+0000] {processor.py:914} INFO - Processing file /home/vscode/.local/lib/python3.10/site-packages/airflow/example_dags/example_inlet_event_extra.py for tasks to queue
[2025-01-19T03:50:13.381+0000] {logging_mixin.py:190} INFO - [2025-01-19T03:50:13.381+0000] {dagbag.py:588} INFO - Filling up the DagBag from /home/vscode/.local/lib/python3.10/site-packages/airflow/example_dags/example_inlet_event_extra.py
[2025-01-19T03:50:13.391+0000] {processor.py:925} INFO - DAG(s) 'read_dataset_event', 'read_dataset_event_from_classic' retrieved from /home/vscode/.local/lib/python3.10/site-packages/airflow/example_dags/example_inlet_event_extra.py
[2025-01-19T03:50:13.403+0000] {logging_mixin.py:190} INFO - [2025-01-19T03:50:13.403+0000] {dag.py:3239} INFO - Sync 2 DAGs
[2025-01-19T03:50:13.420+0000] {logging_mixin.py:190} INFO - [2025-01-19T03:50:13.419+0000] {dag.py:4180} INFO - Setting next_dagrun for read_dataset_event to 2025-01-18 00:00:00+00:00, run_after=2025-01-19 00:00:00+00:00
[2025-01-19T03:50:13.424+0000] {logging_mixin.py:190} INFO - [2025-01-19T03:50:13.424+0000] {dag.py:4180} INFO - Setting next_dagrun for read_dataset_event_from_classic to 2025-01-18 00:00:00+00:00, run_after=2025-01-19 00:00:00+00:00
[2025-01-19T03:50:13.437+0000] {processor.py:208} INFO - Processing /home/vscode/.local/lib/python3.10/site-packages/airflow/example_dags/example_inlet_event_extra.py took 0.063 seconds
[2025-01-19T03:51:04.190+0000] {processor.py:186} INFO - Started process (PID=18463) to work on /home/vscode/.local/lib/python3.10/site-packages/airflow/example_dags/example_inlet_event_extra.py
[2025-01-19T03:51:04.191+0000] {processor.py:914} INFO - Processing file /home/vscode/.local/lib/python3.10/site-packages/airflow/example_dags/example_inlet_event_extra.py for tasks to queue
[2025-01-19T03:51:04.192+0000] {logging_mixin.py:190} INFO - [2025-01-19T03:51:04.192+0000] {dagbag.py:588} INFO - Filling up the DagBag from /home/vscode/.local/lib/python3.10/site-packages/airflow/example_dags/example_inlet_event_extra.py
[2025-01-19T03:51:04.202+0000] {processor.py:925} INFO - DAG(s) 'read_dataset_event_from_classic', 'read_dataset_event' retrieved from /home/vscode/.local/lib/python3.10/site-packages/airflow/example_dags/example_inlet_event_extra.py
[2025-01-19T03:51:04.214+0000] {logging_mixin.py:190} INFO - [2025-01-19T03:51:04.214+0000] {dag.py:3239} INFO - Sync 2 DAGs
[2025-01-19T03:51:04.230+0000] {logging_mixin.py:190} INFO - [2025-01-19T03:51:04.230+0000] {dag.py:4180} INFO - Setting next_dagrun for read_dataset_event to 2025-01-18 00:00:00+00:00, run_after=2025-01-19 00:00:00+00:00
[2025-01-19T03:51:04.234+0000] {logging_mixin.py:190} INFO - [2025-01-19T03:51:04.234+0000] {dag.py:4180} INFO - Setting next_dagrun for read_dataset_event_from_classic to 2025-01-18 00:00:00+00:00, run_after=2025-01-19 00:00:00+00:00
[2025-01-19T03:51:04.247+0000] {processor.py:208} INFO - Processing /home/vscode/.local/lib/python3.10/site-packages/airflow/example_dags/example_inlet_event_extra.py took 0.061 seconds
[2025-01-19T03:55:17.178+0000] {processor.py:186} INFO - Started process (PID=20258) to work on /home/vscode/.local/lib/python3.10/site-packages/airflow/example_dags/example_inlet_event_extra.py
[2025-01-19T03:55:17.179+0000] {processor.py:914} INFO - Processing file /home/vscode/.local/lib/python3.10/site-packages/airflow/example_dags/example_inlet_event_extra.py for tasks to queue
[2025-01-19T03:55:17.181+0000] {logging_mixin.py:190} INFO - [2025-01-19T03:55:17.181+0000] {dagbag.py:588} INFO - Filling up the DagBag from /home/vscode/.local/lib/python3.10/site-packages/airflow/example_dags/example_inlet_event_extra.py
[2025-01-19T03:55:17.191+0000] {processor.py:925} INFO - DAG(s) 'read_dataset_event', 'read_dataset_event_from_classic' retrieved from /home/vscode/.local/lib/python3.10/site-packages/airflow/example_dags/example_inlet_event_extra.py
[2025-01-19T03:55:17.204+0000] {logging_mixin.py:190} INFO - [2025-01-19T03:55:17.204+0000] {dag.py:3239} INFO - Sync 2 DAGs
[2025-01-19T03:55:17.220+0000] {logging_mixin.py:190} INFO - [2025-01-19T03:55:17.220+0000] {dag.py:4180} INFO - Setting next_dagrun for read_dataset_event to 2025-01-18 00:00:00+00:00, run_after=2025-01-19 00:00:00+00:00
[2025-01-19T03:55:17.223+0000] {logging_mixin.py:190} INFO - [2025-01-19T03:55:17.223+0000] {dag.py:4180} INFO - Setting next_dagrun for read_dataset_event_from_classic to 2025-01-18 00:00:00+00:00, run_after=2025-01-19 00:00:00+00:00
[2025-01-19T03:55:17.236+0000] {processor.py:208} INFO - Processing /home/vscode/.local/lib/python3.10/site-packages/airflow/example_dags/example_inlet_event_extra.py took 0.062 seconds
[2025-01-19T03:56:12.754+0000] {processor.py:186} INFO - Started process (PID=20635) to work on /home/vscode/.local/lib/python3.10/site-packages/airflow/example_dags/example_inlet_event_extra.py
[2025-01-19T03:56:12.755+0000] {processor.py:914} INFO - Processing file /home/vscode/.local/lib/python3.10/site-packages/airflow/example_dags/example_inlet_event_extra.py for tasks to queue
[2025-01-19T03:56:12.756+0000] {logging_mixin.py:190} INFO - [2025-01-19T03:56:12.756+0000] {dagbag.py:588} INFO - Filling up the DagBag from /home/vscode/.local/lib/python3.10/site-packages/airflow/example_dags/example_inlet_event_extra.py
[2025-01-19T03:56:12.766+0000] {processor.py:925} INFO - DAG(s) 'read_dataset_event', 'read_dataset_event_from_classic' retrieved from /home/vscode/.local/lib/python3.10/site-packages/airflow/example_dags/example_inlet_event_extra.py
[2025-01-19T03:56:12.779+0000] {logging_mixin.py:190} INFO - [2025-01-19T03:56:12.779+0000] {dag.py:3239} INFO - Sync 2 DAGs
[2025-01-19T03:56:12.794+0000] {logging_mixin.py:190} INFO - [2025-01-19T03:56:12.794+0000] {dag.py:4180} INFO - Setting next_dagrun for read_dataset_event to 2025-01-18 00:00:00+00:00, run_after=2025-01-19 00:00:00+00:00
[2025-01-19T03:56:12.797+0000] {logging_mixin.py:190} INFO - [2025-01-19T03:56:12.797+0000] {dag.py:4180} INFO - Setting next_dagrun for read_dataset_event_from_classic to 2025-01-18 00:00:00+00:00, run_after=2025-01-19 00:00:00+00:00
[2025-01-19T03:56:12.810+0000] {processor.py:208} INFO - Processing /home/vscode/.local/lib/python3.10/site-packages/airflow/example_dags/example_inlet_event_extra.py took 0.061 seconds
[2025-01-19T03:57:08.861+0000] {processor.py:186} INFO - Started process (PID=21013) to work on /home/vscode/.local/lib/python3.10/site-packages/airflow/example_dags/example_inlet_event_extra.py
[2025-01-19T03:57:08.862+0000] {processor.py:914} INFO - Processing file /home/vscode/.local/lib/python3.10/site-packages/airflow/example_dags/example_inlet_event_extra.py for tasks to queue
[2025-01-19T03:57:08.864+0000] {logging_mixin.py:190} INFO - [2025-01-19T03:57:08.864+0000] {dagbag.py:588} INFO - Filling up the DagBag from /home/vscode/.local/lib/python3.10/site-packages/airflow/example_dags/example_inlet_event_extra.py
[2025-01-19T03:57:08.874+0000] {processor.py:925} INFO - DAG(s) 'read_dataset_event', 'read_dataset_event_from_classic' retrieved from /home/vscode/.local/lib/python3.10/site-packages/airflow/example_dags/example_inlet_event_extra.py
[2025-01-19T03:57:08.886+0000] {logging_mixin.py:190} INFO - [2025-01-19T03:57:08.886+0000] {dag.py:3239} INFO - Sync 2 DAGs
[2025-01-19T03:57:08.902+0000] {logging_mixin.py:190} INFO - [2025-01-19T03:57:08.902+0000] {dag.py:4180} INFO - Setting next_dagrun for read_dataset_event to 2025-01-18 00:00:00+00:00, run_after=2025-01-19 00:00:00+00:00
[2025-01-19T03:57:08.906+0000] {logging_mixin.py:190} INFO - [2025-01-19T03:57:08.906+0000] {dag.py:4180} INFO - Setting next_dagrun for read_dataset_event_from_classic to 2025-01-18 00:00:00+00:00, run_after=2025-01-19 00:00:00+00:00
[2025-01-19T03:57:08.926+0000] {processor.py:208} INFO - Processing /home/vscode/.local/lib/python3.10/site-packages/airflow/example_dags/example_inlet_event_extra.py took 0.069 seconds
[2025-01-19T03:58:00.717+0000] {processor.py:186} INFO - Started process (PID=21375) to work on /home/vscode/.local/lib/python3.10/site-packages/airflow/example_dags/example_inlet_event_extra.py
[2025-01-19T03:58:00.718+0000] {processor.py:914} INFO - Processing file /home/vscode/.local/lib/python3.10/site-packages/airflow/example_dags/example_inlet_event_extra.py for tasks to queue
[2025-01-19T03:58:00.719+0000] {logging_mixin.py:190} INFO - [2025-01-19T03:58:00.719+0000] {dagbag.py:588} INFO - Filling up the DagBag from /home/vscode/.local/lib/python3.10/site-packages/airflow/example_dags/example_inlet_event_extra.py
[2025-01-19T03:58:00.730+0000] {processor.py:925} INFO - DAG(s) 'read_dataset_event', 'read_dataset_event_from_classic' retrieved from /home/vscode/.local/lib/python3.10/site-packages/airflow/example_dags/example_inlet_event_extra.py
[2025-01-19T03:58:00.743+0000] {logging_mixin.py:190} INFO - [2025-01-19T03:58:00.743+0000] {dag.py:3239} INFO - Sync 2 DAGs
[2025-01-19T03:58:00.760+0000] {logging_mixin.py:190} INFO - [2025-01-19T03:58:00.760+0000] {dag.py:4180} INFO - Setting next_dagrun for read_dataset_event to 2025-01-18 00:00:00+00:00, run_after=2025-01-19 00:00:00+00:00
[2025-01-19T03:58:00.763+0000] {logging_mixin.py:190} INFO - [2025-01-19T03:58:00.763+0000] {dag.py:4180} INFO - Setting next_dagrun for read_dataset_event_from_classic to 2025-01-18 00:00:00+00:00, run_after=2025-01-19 00:00:00+00:00
[2025-01-19T03:58:00.776+0000] {processor.py:208} INFO - Processing /home/vscode/.local/lib/python3.10/site-packages/airflow/example_dags/example_inlet_event_extra.py took 0.063 seconds
[2025-01-19T03:58:51.410+0000] {processor.py:186} INFO - Started process (PID=21718) to work on /home/vscode/.local/lib/python3.10/site-packages/airflow/example_dags/example_inlet_event_extra.py
[2025-01-19T03:58:51.411+0000] {processor.py:914} INFO - Processing file /home/vscode/.local/lib/python3.10/site-packages/airflow/example_dags/example_inlet_event_extra.py for tasks to queue
[2025-01-19T03:58:51.413+0000] {logging_mixin.py:190} INFO - [2025-01-19T03:58:51.412+0000] {dagbag.py:588} INFO - Filling up the DagBag from /home/vscode/.local/lib/python3.10/site-packages/airflow/example_dags/example_inlet_event_extra.py
[2025-01-19T03:58:51.423+0000] {processor.py:925} INFO - DAG(s) 'read_dataset_event', 'read_dataset_event_from_classic' retrieved from /home/vscode/.local/lib/python3.10/site-packages/airflow/example_dags/example_inlet_event_extra.py
[2025-01-19T03:58:51.436+0000] {logging_mixin.py:190} INFO - [2025-01-19T03:58:51.436+0000] {dag.py:3239} INFO - Sync 2 DAGs
[2025-01-19T03:58:51.452+0000] {logging_mixin.py:190} INFO - [2025-01-19T03:58:51.452+0000] {dag.py:4180} INFO - Setting next_dagrun for read_dataset_event to 2025-01-18 00:00:00+00:00, run_after=2025-01-19 00:00:00+00:00
[2025-01-19T03:58:51.456+0000] {logging_mixin.py:190} INFO - [2025-01-19T03:58:51.456+0000] {dag.py:4180} INFO - Setting next_dagrun for read_dataset_event_from_classic to 2025-01-18 00:00:00+00:00, run_after=2025-01-19 00:00:00+00:00
[2025-01-19T03:58:51.469+0000] {processor.py:208} INFO - Processing /home/vscode/.local/lib/python3.10/site-packages/airflow/example_dags/example_inlet_event_extra.py took 0.066 seconds
[2025-01-19T03:59:43.230+0000] {processor.py:186} INFO - Started process (PID=22069) to work on /home/vscode/.local/lib/python3.10/site-packages/airflow/example_dags/example_inlet_event_extra.py
[2025-01-19T03:59:43.231+0000] {processor.py:914} INFO - Processing file /home/vscode/.local/lib/python3.10/site-packages/airflow/example_dags/example_inlet_event_extra.py for tasks to queue
[2025-01-19T03:59:43.232+0000] {logging_mixin.py:190} INFO - [2025-01-19T03:59:43.232+0000] {dagbag.py:588} INFO - Filling up the DagBag from /home/vscode/.local/lib/python3.10/site-packages/airflow/example_dags/example_inlet_event_extra.py
[2025-01-19T03:59:43.242+0000] {processor.py:925} INFO - DAG(s) 'read_dataset_event_from_classic', 'read_dataset_event' retrieved from /home/vscode/.local/lib/python3.10/site-packages/airflow/example_dags/example_inlet_event_extra.py
[2025-01-19T03:59:43.254+0000] {logging_mixin.py:190} INFO - [2025-01-19T03:59:43.254+0000] {dag.py:3239} INFO - Sync 2 DAGs
[2025-01-19T03:59:43.270+0000] {logging_mixin.py:190} INFO - [2025-01-19T03:59:43.270+0000] {dag.py:4180} INFO - Setting next_dagrun for read_dataset_event to 2025-01-18 00:00:00+00:00, run_after=2025-01-19 00:00:00+00:00
[2025-01-19T03:59:43.273+0000] {logging_mixin.py:190} INFO - [2025-01-19T03:59:43.273+0000] {dag.py:4180} INFO - Setting next_dagrun for read_dataset_event_from_classic to 2025-01-18 00:00:00+00:00, run_after=2025-01-19 00:00:00+00:00
[2025-01-19T03:59:43.286+0000] {processor.py:208} INFO - Processing /home/vscode/.local/lib/python3.10/site-packages/airflow/example_dags/example_inlet_event_extra.py took 0.061 seconds
[2025-01-19T04:00:35.486+0000] {processor.py:186} INFO - Started process (PID=22420) to work on /home/vscode/.local/lib/python3.10/site-packages/airflow/example_dags/example_inlet_event_extra.py
[2025-01-19T04:00:35.487+0000] {processor.py:914} INFO - Processing file /home/vscode/.local/lib/python3.10/site-packages/airflow/example_dags/example_inlet_event_extra.py for tasks to queue
[2025-01-19T04:00:35.489+0000] {logging_mixin.py:190} INFO - [2025-01-19T04:00:35.488+0000] {dagbag.py:588} INFO - Filling up the DagBag from /home/vscode/.local/lib/python3.10/site-packages/airflow/example_dags/example_inlet_event_extra.py
[2025-01-19T04:00:35.498+0000] {processor.py:925} INFO - DAG(s) 'read_dataset_event_from_classic', 'read_dataset_event' retrieved from /home/vscode/.local/lib/python3.10/site-packages/airflow/example_dags/example_inlet_event_extra.py
[2025-01-19T04:00:35.518+0000] {logging_mixin.py:190} INFO - [2025-01-19T04:00:35.517+0000] {dag.py:3239} INFO - Sync 2 DAGs
[2025-01-19T04:00:35.543+0000] {logging_mixin.py:190} INFO - [2025-01-19T04:00:35.542+0000] {dag.py:4180} INFO - Setting next_dagrun for read_dataset_event to 2025-01-18 00:00:00+00:00, run_after=2025-01-19 00:00:00+00:00
[2025-01-19T04:00:35.548+0000] {logging_mixin.py:190} INFO - [2025-01-19T04:00:35.548+0000] {dag.py:4180} INFO - Setting next_dagrun for read_dataset_event_from_classic to 2025-01-18 00:00:00+00:00, run_after=2025-01-19 00:00:00+00:00
[2025-01-19T04:00:35.567+0000] {processor.py:208} INFO - Processing /home/vscode/.local/lib/python3.10/site-packages/airflow/example_dags/example_inlet_event_extra.py took 0.085 seconds
[2025-01-19T04:01:26.243+0000] {processor.py:186} INFO - Started process (PID=22768) to work on /home/vscode/.local/lib/python3.10/site-packages/airflow/example_dags/example_inlet_event_extra.py
[2025-01-19T04:01:26.244+0000] {processor.py:914} INFO - Processing file /home/vscode/.local/lib/python3.10/site-packages/airflow/example_dags/example_inlet_event_extra.py for tasks to queue
[2025-01-19T04:01:26.245+0000] {logging_mixin.py:190} INFO - [2025-01-19T04:01:26.245+0000] {dagbag.py:588} INFO - Filling up the DagBag from /home/vscode/.local/lib/python3.10/site-packages/airflow/example_dags/example_inlet_event_extra.py
[2025-01-19T04:01:26.255+0000] {processor.py:925} INFO - DAG(s) 'read_dataset_event', 'read_dataset_event_from_classic' retrieved from /home/vscode/.local/lib/python3.10/site-packages/airflow/example_dags/example_inlet_event_extra.py
[2025-01-19T04:01:26.268+0000] {logging_mixin.py:190} INFO - [2025-01-19T04:01:26.267+0000] {dag.py:3239} INFO - Sync 2 DAGs
[2025-01-19T04:01:26.284+0000] {logging_mixin.py:190} INFO - [2025-01-19T04:01:26.284+0000] {dag.py:4180} INFO - Setting next_dagrun for read_dataset_event to 2025-01-18 00:00:00+00:00, run_after=2025-01-19 00:00:00+00:00
[2025-01-19T04:01:26.288+0000] {logging_mixin.py:190} INFO - [2025-01-19T04:01:26.288+0000] {dag.py:4180} INFO - Setting next_dagrun for read_dataset_event_from_classic to 2025-01-18 00:00:00+00:00, run_after=2025-01-19 00:00:00+00:00
[2025-01-19T04:01:26.300+0000] {processor.py:208} INFO - Processing /home/vscode/.local/lib/python3.10/site-packages/airflow/example_dags/example_inlet_event_extra.py took 0.062 seconds
[2025-01-19T04:02:18.989+0000] {processor.py:186} INFO - Started process (PID=23117) to work on /home/vscode/.local/lib/python3.10/site-packages/airflow/example_dags/example_inlet_event_extra.py
[2025-01-19T04:02:18.990+0000] {processor.py:914} INFO - Processing file /home/vscode/.local/lib/python3.10/site-packages/airflow/example_dags/example_inlet_event_extra.py for tasks to queue
[2025-01-19T04:02:18.991+0000] {logging_mixin.py:190} INFO - [2025-01-19T04:02:18.991+0000] {dagbag.py:588} INFO - Filling up the DagBag from /home/vscode/.local/lib/python3.10/site-packages/airflow/example_dags/example_inlet_event_extra.py
[2025-01-19T04:02:19.001+0000] {processor.py:925} INFO - DAG(s) 'read_dataset_event_from_classic', 'read_dataset_event' retrieved from /home/vscode/.local/lib/python3.10/site-packages/airflow/example_dags/example_inlet_event_extra.py
[2025-01-19T04:02:19.014+0000] {logging_mixin.py:190} INFO - [2025-01-19T04:02:19.014+0000] {dag.py:3239} INFO - Sync 2 DAGs
[2025-01-19T04:02:19.036+0000] {logging_mixin.py:190} INFO - [2025-01-19T04:02:19.036+0000] {dag.py:4180} INFO - Setting next_dagrun for read_dataset_event to 2025-01-18 00:00:00+00:00, run_after=2025-01-19 00:00:00+00:00
[2025-01-19T04:02:19.041+0000] {logging_mixin.py:190} INFO - [2025-01-19T04:02:19.041+0000] {dag.py:4180} INFO - Setting next_dagrun for read_dataset_event_from_classic to 2025-01-18 00:00:00+00:00, run_after=2025-01-19 00:00:00+00:00
[2025-01-19T04:02:19.059+0000] {processor.py:208} INFO - Processing /home/vscode/.local/lib/python3.10/site-packages/airflow/example_dags/example_inlet_event_extra.py took 0.075 seconds
[2025-01-19T04:03:06.743+0000] {processor.py:186} INFO - Started process (PID=23622) to work on /home/vscode/.local/lib/python3.10/site-packages/airflow/example_dags/example_inlet_event_extra.py
[2025-01-19T04:03:06.744+0000] {processor.py:914} INFO - Processing file /home/vscode/.local/lib/python3.10/site-packages/airflow/example_dags/example_inlet_event_extra.py for tasks to queue
[2025-01-19T04:03:06.745+0000] {logging_mixin.py:190} INFO - [2025-01-19T04:03:06.745+0000] {dagbag.py:588} INFO - Filling up the DagBag from /home/vscode/.local/lib/python3.10/site-packages/airflow/example_dags/example_inlet_event_extra.py
[2025-01-19T04:03:06.755+0000] {processor.py:925} INFO - DAG(s) 'read_dataset_event', 'read_dataset_event_from_classic' retrieved from /home/vscode/.local/lib/python3.10/site-packages/airflow/example_dags/example_inlet_event_extra.py
[2025-01-19T04:03:06.768+0000] {logging_mixin.py:190} INFO - [2025-01-19T04:03:06.768+0000] {dag.py:3239} INFO - Sync 2 DAGs
[2025-01-19T04:03:06.783+0000] {logging_mixin.py:190} INFO - [2025-01-19T04:03:06.783+0000] {dag.py:4180} INFO - Setting next_dagrun for read_dataset_event to 2025-01-18 00:00:00+00:00, run_after=2025-01-19 00:00:00+00:00
[2025-01-19T04:03:06.787+0000] {logging_mixin.py:190} INFO - [2025-01-19T04:03:06.787+0000] {dag.py:4180} INFO - Setting next_dagrun for read_dataset_event_from_classic to 2025-01-18 00:00:00+00:00, run_after=2025-01-19 00:00:00+00:00
[2025-01-19T04:03:06.800+0000] {processor.py:208} INFO - Processing /home/vscode/.local/lib/python3.10/site-packages/airflow/example_dags/example_inlet_event_extra.py took 0.061 seconds
