[2025-01-19T03:20:50.264+0000] {processor.py:186} INFO - Started process (PID=5031) to work on /home/vscode/.local/lib/python3.10/site-packages/airflow/example_dags/example_task_group.py
[2025-01-19T03:20:50.265+0000] {processor.py:914} INFO - Processing file /home/vscode/.local/lib/python3.10/site-packages/airflow/example_dags/example_task_group.py for tasks to queue
[2025-01-19T03:20:50.267+0000] {logging_mixin.py:190} INFO - [2025-01-19T03:20:50.266+0000] {dagbag.py:588} INFO - Filling up the DagBag from /home/vscode/.local/lib/python3.10/site-packages/airflow/example_dags/example_task_group.py
[2025-01-19T03:20:50.274+0000] {processor.py:925} INFO - DAG(s) 'example_task_group' retrieved from /home/vscode/.local/lib/python3.10/site-packages/airflow/example_dags/example_task_group.py
[2025-01-19T03:20:50.353+0000] {logging_mixin.py:190} INFO - [2025-01-19T03:20:50.352+0000] {override.py:1911} INFO - Created Permission View: can read on DAG:example_task_group
[2025-01-19T03:20:50.362+0000] {logging_mixin.py:190} INFO - [2025-01-19T03:20:50.361+0000] {override.py:1911} INFO - Created Permission View: can edit on DAG:example_task_group
[2025-01-19T03:20:50.368+0000] {logging_mixin.py:190} INFO - [2025-01-19T03:20:50.368+0000] {override.py:1911} INFO - Created Permission View: can delete on DAG:example_task_group
[2025-01-19T03:20:50.377+0000] {logging_mixin.py:190} INFO - [2025-01-19T03:20:50.376+0000] {override.py:1911} INFO - Created Permission View: menu access on DAG Run:example_task_group
[2025-01-19T03:20:50.382+0000] {logging_mixin.py:190} INFO - [2025-01-19T03:20:50.382+0000] {override.py:1911} INFO - Created Permission View: can read on DAG Run:example_task_group
[2025-01-19T03:20:50.388+0000] {logging_mixin.py:190} INFO - [2025-01-19T03:20:50.388+0000] {override.py:1911} INFO - Created Permission View: can create on DAG Run:example_task_group
[2025-01-19T03:20:50.394+0000] {logging_mixin.py:190} INFO - [2025-01-19T03:20:50.394+0000] {override.py:1911} INFO - Created Permission View: can delete on DAG Run:example_task_group
[2025-01-19T03:20:50.394+0000] {logging_mixin.py:190} INFO - [2025-01-19T03:20:50.394+0000] {dag.py:3239} INFO - Sync 1 DAGs
[2025-01-19T03:20:50.403+0000] {logging_mixin.py:190} INFO - [2025-01-19T03:20:50.403+0000] {dag.py:3262} INFO - Creating ORM DAG for example_task_group
[2025-01-19T03:20:50.403+0000] {logging_mixin.py:190} INFO - [2025-01-19T03:20:50.403+0000] {dag.py:4180} INFO - Setting next_dagrun for example_task_group to None, run_after=None
[2025-01-19T03:20:50.418+0000] {processor.py:208} INFO - Processing /home/vscode/.local/lib/python3.10/site-packages/airflow/example_dags/example_task_group.py took 0.158 seconds
[2025-01-19T03:21:51.739+0000] {processor.py:186} INFO - Started process (PID=5574) to work on /home/vscode/.local/lib/python3.10/site-packages/airflow/example_dags/example_task_group.py
[2025-01-19T03:21:51.739+0000] {processor.py:914} INFO - Processing file /home/vscode/.local/lib/python3.10/site-packages/airflow/example_dags/example_task_group.py for tasks to queue
[2025-01-19T03:21:51.741+0000] {logging_mixin.py:190} INFO - [2025-01-19T03:21:51.741+0000] {dagbag.py:588} INFO - Filling up the DagBag from /home/vscode/.local/lib/python3.10/site-packages/airflow/example_dags/example_task_group.py
[2025-01-19T03:21:51.748+0000] {processor.py:925} INFO - DAG(s) 'example_task_group' retrieved from /home/vscode/.local/lib/python3.10/site-packages/airflow/example_dags/example_task_group.py
[2025-01-19T03:21:51.761+0000] {logging_mixin.py:190} INFO - [2025-01-19T03:21:51.761+0000] {dag.py:3239} INFO - Sync 1 DAGs
[2025-01-19T03:21:51.771+0000] {logging_mixin.py:190} INFO - [2025-01-19T03:21:51.770+0000] {dag.py:4180} INFO - Setting next_dagrun for example_task_group to None, run_after=None
[2025-01-19T03:21:51.785+0000] {processor.py:208} INFO - Processing /home/vscode/.local/lib/python3.10/site-packages/airflow/example_dags/example_task_group.py took 0.050 seconds
[2025-01-19T03:22:44.319+0000] {processor.py:186} INFO - Started process (PID=5986) to work on /home/vscode/.local/lib/python3.10/site-packages/airflow/example_dags/example_task_group.py
[2025-01-19T03:22:44.320+0000] {processor.py:914} INFO - Processing file /home/vscode/.local/lib/python3.10/site-packages/airflow/example_dags/example_task_group.py for tasks to queue
[2025-01-19T03:22:44.322+0000] {logging_mixin.py:190} INFO - [2025-01-19T03:22:44.322+0000] {dagbag.py:588} INFO - Filling up the DagBag from /home/vscode/.local/lib/python3.10/site-packages/airflow/example_dags/example_task_group.py
[2025-01-19T03:22:44.329+0000] {processor.py:925} INFO - DAG(s) 'example_task_group' retrieved from /home/vscode/.local/lib/python3.10/site-packages/airflow/example_dags/example_task_group.py
[2025-01-19T03:22:44.343+0000] {logging_mixin.py:190} INFO - [2025-01-19T03:22:44.342+0000] {dag.py:3239} INFO - Sync 1 DAGs
[2025-01-19T03:22:44.355+0000] {logging_mixin.py:190} INFO - [2025-01-19T03:22:44.355+0000] {dag.py:4180} INFO - Setting next_dagrun for example_task_group to None, run_after=None
[2025-01-19T03:22:44.375+0000] {processor.py:208} INFO - Processing /home/vscode/.local/lib/python3.10/site-packages/airflow/example_dags/example_task_group.py took 0.060 seconds
[2025-01-19T03:23:32.795+0000] {processor.py:186} INFO - Started process (PID=6380) to work on /home/vscode/.local/lib/python3.10/site-packages/airflow/example_dags/example_task_group.py
[2025-01-19T03:23:32.796+0000] {processor.py:914} INFO - Processing file /home/vscode/.local/lib/python3.10/site-packages/airflow/example_dags/example_task_group.py for tasks to queue
[2025-01-19T03:23:32.799+0000] {logging_mixin.py:190} INFO - [2025-01-19T03:23:32.798+0000] {dagbag.py:588} INFO - Filling up the DagBag from /home/vscode/.local/lib/python3.10/site-packages/airflow/example_dags/example_task_group.py
[2025-01-19T03:23:32.806+0000] {processor.py:925} INFO - DAG(s) 'example_task_group' retrieved from /home/vscode/.local/lib/python3.10/site-packages/airflow/example_dags/example_task_group.py
[2025-01-19T03:23:32.820+0000] {logging_mixin.py:190} INFO - [2025-01-19T03:23:32.820+0000] {dag.py:3239} INFO - Sync 1 DAGs
[2025-01-19T03:23:32.829+0000] {logging_mixin.py:190} INFO - [2025-01-19T03:23:32.829+0000] {dag.py:4180} INFO - Setting next_dagrun for example_task_group to None, run_after=None
[2025-01-19T03:23:32.844+0000] {processor.py:208} INFO - Processing /home/vscode/.local/lib/python3.10/site-packages/airflow/example_dags/example_task_group.py took 0.054 seconds
[2025-01-19T03:24:25.675+0000] {processor.py:186} INFO - Started process (PID=6801) to work on /home/vscode/.local/lib/python3.10/site-packages/airflow/example_dags/example_task_group.py
[2025-01-19T03:24:25.676+0000] {processor.py:914} INFO - Processing file /home/vscode/.local/lib/python3.10/site-packages/airflow/example_dags/example_task_group.py for tasks to queue
[2025-01-19T03:24:25.678+0000] {logging_mixin.py:190} INFO - [2025-01-19T03:24:25.678+0000] {dagbag.py:588} INFO - Filling up the DagBag from /home/vscode/.local/lib/python3.10/site-packages/airflow/example_dags/example_task_group.py
[2025-01-19T03:24:25.688+0000] {processor.py:925} INFO - DAG(s) 'example_task_group' retrieved from /home/vscode/.local/lib/python3.10/site-packages/airflow/example_dags/example_task_group.py
[2025-01-19T03:24:25.709+0000] {logging_mixin.py:190} INFO - [2025-01-19T03:24:25.709+0000] {dag.py:3239} INFO - Sync 1 DAGs
[2025-01-19T03:24:25.720+0000] {logging_mixin.py:190} INFO - [2025-01-19T03:24:25.720+0000] {dag.py:4180} INFO - Setting next_dagrun for example_task_group to None, run_after=None
[2025-01-19T03:24:25.735+0000] {processor.py:208} INFO - Processing /home/vscode/.local/lib/python3.10/site-packages/airflow/example_dags/example_task_group.py took 0.067 seconds
[2025-01-19T03:25:16.858+0000] {processor.py:186} INFO - Started process (PID=7196) to work on /home/vscode/.local/lib/python3.10/site-packages/airflow/example_dags/example_task_group.py
[2025-01-19T03:25:16.858+0000] {processor.py:914} INFO - Processing file /home/vscode/.local/lib/python3.10/site-packages/airflow/example_dags/example_task_group.py for tasks to queue
[2025-01-19T03:25:16.860+0000] {logging_mixin.py:190} INFO - [2025-01-19T03:25:16.860+0000] {dagbag.py:588} INFO - Filling up the DagBag from /home/vscode/.local/lib/python3.10/site-packages/airflow/example_dags/example_task_group.py
[2025-01-19T03:25:16.867+0000] {processor.py:925} INFO - DAG(s) 'example_task_group' retrieved from /home/vscode/.local/lib/python3.10/site-packages/airflow/example_dags/example_task_group.py
[2025-01-19T03:25:16.879+0000] {logging_mixin.py:190} INFO - [2025-01-19T03:25:16.879+0000] {dag.py:3239} INFO - Sync 1 DAGs
[2025-01-19T03:25:16.888+0000] {logging_mixin.py:190} INFO - [2025-01-19T03:25:16.888+0000] {dag.py:4180} INFO - Setting next_dagrun for example_task_group to None, run_after=None
[2025-01-19T03:25:16.902+0000] {processor.py:208} INFO - Processing /home/vscode/.local/lib/python3.10/site-packages/airflow/example_dags/example_task_group.py took 0.049 seconds
[2025-01-19T03:26:06.964+0000] {processor.py:186} INFO - Started process (PID=7606) to work on /home/vscode/.local/lib/python3.10/site-packages/airflow/example_dags/example_task_group.py
[2025-01-19T03:26:06.965+0000] {processor.py:914} INFO - Processing file /home/vscode/.local/lib/python3.10/site-packages/airflow/example_dags/example_task_group.py for tasks to queue
[2025-01-19T03:26:06.967+0000] {logging_mixin.py:190} INFO - [2025-01-19T03:26:06.966+0000] {dagbag.py:588} INFO - Filling up the DagBag from /home/vscode/.local/lib/python3.10/site-packages/airflow/example_dags/example_task_group.py
[2025-01-19T03:26:06.974+0000] {processor.py:925} INFO - DAG(s) 'example_task_group' retrieved from /home/vscode/.local/lib/python3.10/site-packages/airflow/example_dags/example_task_group.py
[2025-01-19T03:26:06.987+0000] {logging_mixin.py:190} INFO - [2025-01-19T03:26:06.986+0000] {dag.py:3239} INFO - Sync 1 DAGs
[2025-01-19T03:26:06.996+0000] {logging_mixin.py:190} INFO - [2025-01-19T03:26:06.995+0000] {dag.py:4180} INFO - Setting next_dagrun for example_task_group to None, run_after=None
[2025-01-19T03:26:07.011+0000] {processor.py:208} INFO - Processing /home/vscode/.local/lib/python3.10/site-packages/airflow/example_dags/example_task_group.py took 0.051 seconds
[2025-01-19T03:26:59.794+0000] {processor.py:186} INFO - Started process (PID=8023) to work on /home/vscode/.local/lib/python3.10/site-packages/airflow/example_dags/example_task_group.py
[2025-01-19T03:26:59.795+0000] {processor.py:914} INFO - Processing file /home/vscode/.local/lib/python3.10/site-packages/airflow/example_dags/example_task_group.py for tasks to queue
[2025-01-19T03:26:59.798+0000] {logging_mixin.py:190} INFO - [2025-01-19T03:26:59.797+0000] {dagbag.py:588} INFO - Filling up the DagBag from /home/vscode/.local/lib/python3.10/site-packages/airflow/example_dags/example_task_group.py
[2025-01-19T03:26:59.808+0000] {processor.py:925} INFO - DAG(s) 'example_task_group' retrieved from /home/vscode/.local/lib/python3.10/site-packages/airflow/example_dags/example_task_group.py
[2025-01-19T03:26:59.827+0000] {logging_mixin.py:190} INFO - [2025-01-19T03:26:59.827+0000] {dag.py:3239} INFO - Sync 1 DAGs
[2025-01-19T03:26:59.840+0000] {logging_mixin.py:190} INFO - [2025-01-19T03:26:59.840+0000] {dag.py:4180} INFO - Setting next_dagrun for example_task_group to None, run_after=None
[2025-01-19T03:26:59.857+0000] {processor.py:208} INFO - Processing /home/vscode/.local/lib/python3.10/site-packages/airflow/example_dags/example_task_group.py took 0.069 seconds
[2025-01-19T03:27:51.808+0000] {processor.py:186} INFO - Started process (PID=8411) to work on /home/vscode/.local/lib/python3.10/site-packages/airflow/example_dags/example_task_group.py
[2025-01-19T03:27:51.809+0000] {processor.py:914} INFO - Processing file /home/vscode/.local/lib/python3.10/site-packages/airflow/example_dags/example_task_group.py for tasks to queue
[2025-01-19T03:27:51.810+0000] {logging_mixin.py:190} INFO - [2025-01-19T03:27:51.810+0000] {dagbag.py:588} INFO - Filling up the DagBag from /home/vscode/.local/lib/python3.10/site-packages/airflow/example_dags/example_task_group.py
[2025-01-19T03:27:51.817+0000] {processor.py:925} INFO - DAG(s) 'example_task_group' retrieved from /home/vscode/.local/lib/python3.10/site-packages/airflow/example_dags/example_task_group.py
[2025-01-19T03:27:51.831+0000] {logging_mixin.py:190} INFO - [2025-01-19T03:27:51.831+0000] {dag.py:3239} INFO - Sync 1 DAGs
[2025-01-19T03:27:51.840+0000] {logging_mixin.py:190} INFO - [2025-01-19T03:27:51.840+0000] {dag.py:4180} INFO - Setting next_dagrun for example_task_group to None, run_after=None
[2025-01-19T03:27:51.854+0000] {processor.py:208} INFO - Processing /home/vscode/.local/lib/python3.10/site-packages/airflow/example_dags/example_task_group.py took 0.051 seconds
[2025-01-19T03:28:46.655+0000] {processor.py:186} INFO - Started process (PID=8895) to work on /home/vscode/.local/lib/python3.10/site-packages/airflow/example_dags/example_task_group.py
[2025-01-19T03:28:46.656+0000] {processor.py:914} INFO - Processing file /home/vscode/.local/lib/python3.10/site-packages/airflow/example_dags/example_task_group.py for tasks to queue
[2025-01-19T03:28:46.659+0000] {logging_mixin.py:190} INFO - [2025-01-19T03:28:46.659+0000] {dagbag.py:588} INFO - Filling up the DagBag from /home/vscode/.local/lib/python3.10/site-packages/airflow/example_dags/example_task_group.py
[2025-01-19T03:28:46.670+0000] {processor.py:925} INFO - DAG(s) 'example_task_group' retrieved from /home/vscode/.local/lib/python3.10/site-packages/airflow/example_dags/example_task_group.py
[2025-01-19T03:28:46.684+0000] {logging_mixin.py:190} INFO - [2025-01-19T03:28:46.683+0000] {dag.py:3239} INFO - Sync 1 DAGs
[2025-01-19T03:28:46.693+0000] {logging_mixin.py:190} INFO - [2025-01-19T03:28:46.693+0000] {dag.py:4180} INFO - Setting next_dagrun for example_task_group to None, run_after=None
[2025-01-19T03:28:46.708+0000] {processor.py:208} INFO - Processing /home/vscode/.local/lib/python3.10/site-packages/airflow/example_dags/example_task_group.py took 0.059 seconds
[2025-01-19T03:29:38.934+0000] {processor.py:186} INFO - Started process (PID=9283) to work on /home/vscode/.local/lib/python3.10/site-packages/airflow/example_dags/example_task_group.py
[2025-01-19T03:29:38.935+0000] {processor.py:914} INFO - Processing file /home/vscode/.local/lib/python3.10/site-packages/airflow/example_dags/example_task_group.py for tasks to queue
[2025-01-19T03:29:38.936+0000] {logging_mixin.py:190} INFO - [2025-01-19T03:29:38.936+0000] {dagbag.py:588} INFO - Filling up the DagBag from /home/vscode/.local/lib/python3.10/site-packages/airflow/example_dags/example_task_group.py
[2025-01-19T03:29:38.943+0000] {processor.py:925} INFO - DAG(s) 'example_task_group' retrieved from /home/vscode/.local/lib/python3.10/site-packages/airflow/example_dags/example_task_group.py
[2025-01-19T03:29:38.956+0000] {logging_mixin.py:190} INFO - [2025-01-19T03:29:38.956+0000] {dag.py:3239} INFO - Sync 1 DAGs
[2025-01-19T03:29:38.965+0000] {logging_mixin.py:190} INFO - [2025-01-19T03:29:38.965+0000] {dag.py:4180} INFO - Setting next_dagrun for example_task_group to None, run_after=None
[2025-01-19T03:29:38.979+0000] {processor.py:208} INFO - Processing /home/vscode/.local/lib/python3.10/site-packages/airflow/example_dags/example_task_group.py took 0.050 seconds
[2025-01-19T03:30:29.499+0000] {processor.py:186} INFO - Started process (PID=9625) to work on /home/vscode/.local/lib/python3.10/site-packages/airflow/example_dags/example_task_group.py
[2025-01-19T03:30:29.500+0000] {processor.py:914} INFO - Processing file /home/vscode/.local/lib/python3.10/site-packages/airflow/example_dags/example_task_group.py for tasks to queue
[2025-01-19T03:30:29.501+0000] {logging_mixin.py:190} INFO - [2025-01-19T03:30:29.501+0000] {dagbag.py:588} INFO - Filling up the DagBag from /home/vscode/.local/lib/python3.10/site-packages/airflow/example_dags/example_task_group.py
[2025-01-19T03:30:29.508+0000] {processor.py:925} INFO - DAG(s) 'example_task_group' retrieved from /home/vscode/.local/lib/python3.10/site-packages/airflow/example_dags/example_task_group.py
[2025-01-19T03:30:29.521+0000] {logging_mixin.py:190} INFO - [2025-01-19T03:30:29.521+0000] {dag.py:3239} INFO - Sync 1 DAGs
[2025-01-19T03:30:29.530+0000] {logging_mixin.py:190} INFO - [2025-01-19T03:30:29.530+0000] {dag.py:4180} INFO - Setting next_dagrun for example_task_group to None, run_after=None
[2025-01-19T03:30:29.545+0000] {processor.py:208} INFO - Processing /home/vscode/.local/lib/python3.10/site-packages/airflow/example_dags/example_task_group.py took 0.050 seconds
[2025-01-19T03:31:14.630+0000] {processor.py:186} INFO - Started process (PID=9927) to work on /home/vscode/.local/lib/python3.10/site-packages/airflow/example_dags/example_task_group.py
[2025-01-19T03:31:14.631+0000] {processor.py:914} INFO - Processing file /home/vscode/.local/lib/python3.10/site-packages/airflow/example_dags/example_task_group.py for tasks to queue
[2025-01-19T03:31:14.633+0000] {logging_mixin.py:190} INFO - [2025-01-19T03:31:14.632+0000] {dagbag.py:588} INFO - Filling up the DagBag from /home/vscode/.local/lib/python3.10/site-packages/airflow/example_dags/example_task_group.py
[2025-01-19T03:31:14.639+0000] {processor.py:925} INFO - DAG(s) 'example_task_group' retrieved from /home/vscode/.local/lib/python3.10/site-packages/airflow/example_dags/example_task_group.py
[2025-01-19T03:31:14.652+0000] {logging_mixin.py:190} INFO - [2025-01-19T03:31:14.652+0000] {dag.py:3239} INFO - Sync 1 DAGs
[2025-01-19T03:31:14.661+0000] {logging_mixin.py:190} INFO - [2025-01-19T03:31:14.661+0000] {dag.py:4180} INFO - Setting next_dagrun for example_task_group to None, run_after=None
[2025-01-19T03:31:14.675+0000] {processor.py:208} INFO - Processing /home/vscode/.local/lib/python3.10/site-packages/airflow/example_dags/example_task_group.py took 0.049 seconds
[2025-01-19T03:32:03.759+0000] {processor.py:186} INFO - Started process (PID=10293) to work on /home/vscode/.local/lib/python3.10/site-packages/airflow/example_dags/example_task_group.py
[2025-01-19T03:32:03.760+0000] {processor.py:914} INFO - Processing file /home/vscode/.local/lib/python3.10/site-packages/airflow/example_dags/example_task_group.py for tasks to queue
[2025-01-19T03:32:03.761+0000] {logging_mixin.py:190} INFO - [2025-01-19T03:32:03.761+0000] {dagbag.py:588} INFO - Filling up the DagBag from /home/vscode/.local/lib/python3.10/site-packages/airflow/example_dags/example_task_group.py
[2025-01-19T03:32:03.768+0000] {processor.py:925} INFO - DAG(s) 'example_task_group' retrieved from /home/vscode/.local/lib/python3.10/site-packages/airflow/example_dags/example_task_group.py
[2025-01-19T03:32:03.781+0000] {logging_mixin.py:190} INFO - [2025-01-19T03:32:03.781+0000] {dag.py:3239} INFO - Sync 1 DAGs
[2025-01-19T03:32:03.790+0000] {logging_mixin.py:190} INFO - [2025-01-19T03:32:03.790+0000] {dag.py:4180} INFO - Setting next_dagrun for example_task_group to None, run_after=None
[2025-01-19T03:32:03.805+0000] {processor.py:208} INFO - Processing /home/vscode/.local/lib/python3.10/site-packages/airflow/example_dags/example_task_group.py took 0.051 seconds
[2025-01-19T03:32:55.124+0000] {processor.py:186} INFO - Started process (PID=10744) to work on /home/vscode/.local/lib/python3.10/site-packages/airflow/example_dags/example_task_group.py
[2025-01-19T03:32:55.125+0000] {processor.py:914} INFO - Processing file /home/vscode/.local/lib/python3.10/site-packages/airflow/example_dags/example_task_group.py for tasks to queue
[2025-01-19T03:32:55.126+0000] {logging_mixin.py:190} INFO - [2025-01-19T03:32:55.126+0000] {dagbag.py:588} INFO - Filling up the DagBag from /home/vscode/.local/lib/python3.10/site-packages/airflow/example_dags/example_task_group.py
[2025-01-19T03:32:55.133+0000] {processor.py:925} INFO - DAG(s) 'example_task_group' retrieved from /home/vscode/.local/lib/python3.10/site-packages/airflow/example_dags/example_task_group.py
[2025-01-19T03:32:55.146+0000] {logging_mixin.py:190} INFO - [2025-01-19T03:32:55.146+0000] {dag.py:3239} INFO - Sync 1 DAGs
[2025-01-19T03:32:55.156+0000] {logging_mixin.py:190} INFO - [2025-01-19T03:32:55.155+0000] {dag.py:4180} INFO - Setting next_dagrun for example_task_group to None, run_after=None
[2025-01-19T03:32:55.171+0000] {processor.py:208} INFO - Processing /home/vscode/.local/lib/python3.10/site-packages/airflow/example_dags/example_task_group.py took 0.051 seconds
[2025-01-19T03:33:46.652+0000] {processor.py:186} INFO - Started process (PID=11094) to work on /home/vscode/.local/lib/python3.10/site-packages/airflow/example_dags/example_task_group.py
[2025-01-19T03:33:46.653+0000] {processor.py:914} INFO - Processing file /home/vscode/.local/lib/python3.10/site-packages/airflow/example_dags/example_task_group.py for tasks to queue
[2025-01-19T03:33:46.654+0000] {logging_mixin.py:190} INFO - [2025-01-19T03:33:46.654+0000] {dagbag.py:588} INFO - Filling up the DagBag from /home/vscode/.local/lib/python3.10/site-packages/airflow/example_dags/example_task_group.py
[2025-01-19T03:33:46.661+0000] {processor.py:925} INFO - DAG(s) 'example_task_group' retrieved from /home/vscode/.local/lib/python3.10/site-packages/airflow/example_dags/example_task_group.py
[2025-01-19T03:33:46.674+0000] {logging_mixin.py:190} INFO - [2025-01-19T03:33:46.674+0000] {dag.py:3239} INFO - Sync 1 DAGs
[2025-01-19T03:33:46.685+0000] {logging_mixin.py:190} INFO - [2025-01-19T03:33:46.685+0000] {dag.py:4180} INFO - Setting next_dagrun for example_task_group to None, run_after=None
[2025-01-19T03:33:46.705+0000] {processor.py:208} INFO - Processing /home/vscode/.local/lib/python3.10/site-packages/airflow/example_dags/example_task_group.py took 0.058 seconds
[2025-01-19T03:34:36.494+0000] {processor.py:186} INFO - Started process (PID=11473) to work on /home/vscode/.local/lib/python3.10/site-packages/airflow/example_dags/example_task_group.py
[2025-01-19T03:34:36.494+0000] {processor.py:914} INFO - Processing file /home/vscode/.local/lib/python3.10/site-packages/airflow/example_dags/example_task_group.py for tasks to queue
[2025-01-19T03:34:36.496+0000] {logging_mixin.py:190} INFO - [2025-01-19T03:34:36.496+0000] {dagbag.py:588} INFO - Filling up the DagBag from /home/vscode/.local/lib/python3.10/site-packages/airflow/example_dags/example_task_group.py
[2025-01-19T03:34:36.503+0000] {processor.py:925} INFO - DAG(s) 'example_task_group' retrieved from /home/vscode/.local/lib/python3.10/site-packages/airflow/example_dags/example_task_group.py
[2025-01-19T03:34:36.515+0000] {logging_mixin.py:190} INFO - [2025-01-19T03:34:36.515+0000] {dag.py:3239} INFO - Sync 1 DAGs
[2025-01-19T03:34:36.524+0000] {logging_mixin.py:190} INFO - [2025-01-19T03:34:36.524+0000] {dag.py:4180} INFO - Setting next_dagrun for example_task_group to None, run_after=None
[2025-01-19T03:34:36.539+0000] {processor.py:208} INFO - Processing /home/vscode/.local/lib/python3.10/site-packages/airflow/example_dags/example_task_group.py took 0.050 seconds
[2025-01-19T03:35:25.939+0000] {processor.py:186} INFO - Started process (PID=11863) to work on /home/vscode/.local/lib/python3.10/site-packages/airflow/example_dags/example_task_group.py
[2025-01-19T03:35:25.940+0000] {processor.py:914} INFO - Processing file /home/vscode/.local/lib/python3.10/site-packages/airflow/example_dags/example_task_group.py for tasks to queue
[2025-01-19T03:35:25.941+0000] {logging_mixin.py:190} INFO - [2025-01-19T03:35:25.941+0000] {dagbag.py:588} INFO - Filling up the DagBag from /home/vscode/.local/lib/python3.10/site-packages/airflow/example_dags/example_task_group.py
[2025-01-19T03:35:25.948+0000] {processor.py:925} INFO - DAG(s) 'example_task_group' retrieved from /home/vscode/.local/lib/python3.10/site-packages/airflow/example_dags/example_task_group.py
[2025-01-19T03:35:25.962+0000] {logging_mixin.py:190} INFO - [2025-01-19T03:35:25.961+0000] {dag.py:3239} INFO - Sync 1 DAGs
[2025-01-19T03:35:25.971+0000] {logging_mixin.py:190} INFO - [2025-01-19T03:35:25.971+0000] {dag.py:4180} INFO - Setting next_dagrun for example_task_group to None, run_after=None
[2025-01-19T03:35:25.985+0000] {processor.py:208} INFO - Processing /home/vscode/.local/lib/python3.10/site-packages/airflow/example_dags/example_task_group.py took 0.051 seconds
[2025-01-19T03:36:16.675+0000] {processor.py:186} INFO - Started process (PID=12253) to work on /home/vscode/.local/lib/python3.10/site-packages/airflow/example_dags/example_task_group.py
[2025-01-19T03:36:16.675+0000] {processor.py:914} INFO - Processing file /home/vscode/.local/lib/python3.10/site-packages/airflow/example_dags/example_task_group.py for tasks to queue
[2025-01-19T03:36:16.677+0000] {logging_mixin.py:190} INFO - [2025-01-19T03:36:16.677+0000] {dagbag.py:588} INFO - Filling up the DagBag from /home/vscode/.local/lib/python3.10/site-packages/airflow/example_dags/example_task_group.py
[2025-01-19T03:36:16.685+0000] {processor.py:925} INFO - DAG(s) 'example_task_group' retrieved from /home/vscode/.local/lib/python3.10/site-packages/airflow/example_dags/example_task_group.py
[2025-01-19T03:36:16.702+0000] {logging_mixin.py:190} INFO - [2025-01-19T03:36:16.702+0000] {dag.py:3239} INFO - Sync 1 DAGs
[2025-01-19T03:36:16.711+0000] {logging_mixin.py:190} INFO - [2025-01-19T03:36:16.711+0000] {dag.py:4180} INFO - Setting next_dagrun for example_task_group to None, run_after=None
[2025-01-19T03:36:16.725+0000] {processor.py:208} INFO - Processing /home/vscode/.local/lib/python3.10/site-packages/airflow/example_dags/example_task_group.py took 0.055 seconds
[2025-01-19T03:37:05.238+0000] {processor.py:186} INFO - Started process (PID=12584) to work on /home/vscode/.local/lib/python3.10/site-packages/airflow/example_dags/example_task_group.py
[2025-01-19T03:37:05.239+0000] {processor.py:914} INFO - Processing file /home/vscode/.local/lib/python3.10/site-packages/airflow/example_dags/example_task_group.py for tasks to queue
[2025-01-19T03:37:05.241+0000] {logging_mixin.py:190} INFO - [2025-01-19T03:37:05.240+0000] {dagbag.py:588} INFO - Filling up the DagBag from /home/vscode/.local/lib/python3.10/site-packages/airflow/example_dags/example_task_group.py
[2025-01-19T03:37:05.248+0000] {processor.py:925} INFO - DAG(s) 'example_task_group' retrieved from /home/vscode/.local/lib/python3.10/site-packages/airflow/example_dags/example_task_group.py
[2025-01-19T03:37:05.261+0000] {logging_mixin.py:190} INFO - [2025-01-19T03:37:05.261+0000] {dag.py:3239} INFO - Sync 1 DAGs
[2025-01-19T03:37:05.270+0000] {logging_mixin.py:190} INFO - [2025-01-19T03:37:05.270+0000] {dag.py:4180} INFO - Setting next_dagrun for example_task_group to None, run_after=None
[2025-01-19T03:37:05.284+0000] {processor.py:208} INFO - Processing /home/vscode/.local/lib/python3.10/site-packages/airflow/example_dags/example_task_group.py took 0.050 seconds
[2025-01-19T03:37:56.904+0000] {processor.py:186} INFO - Started process (PID=12929) to work on /home/vscode/.local/lib/python3.10/site-packages/airflow/example_dags/example_task_group.py
[2025-01-19T03:37:56.904+0000] {processor.py:914} INFO - Processing file /home/vscode/.local/lib/python3.10/site-packages/airflow/example_dags/example_task_group.py for tasks to queue
[2025-01-19T03:37:56.906+0000] {logging_mixin.py:190} INFO - [2025-01-19T03:37:56.906+0000] {dagbag.py:588} INFO - Filling up the DagBag from /home/vscode/.local/lib/python3.10/site-packages/airflow/example_dags/example_task_group.py
[2025-01-19T03:37:56.913+0000] {processor.py:925} INFO - DAG(s) 'example_task_group' retrieved from /home/vscode/.local/lib/python3.10/site-packages/airflow/example_dags/example_task_group.py
[2025-01-19T03:37:56.926+0000] {logging_mixin.py:190} INFO - [2025-01-19T03:37:56.926+0000] {dag.py:3239} INFO - Sync 1 DAGs
[2025-01-19T03:37:56.935+0000] {logging_mixin.py:190} INFO - [2025-01-19T03:37:56.935+0000] {dag.py:4180} INFO - Setting next_dagrun for example_task_group to None, run_after=None
[2025-01-19T03:37:56.949+0000] {processor.py:208} INFO - Processing /home/vscode/.local/lib/python3.10/site-packages/airflow/example_dags/example_task_group.py took 0.050 seconds
[2025-01-19T03:38:45.690+0000] {processor.py:186} INFO - Started process (PID=13263) to work on /home/vscode/.local/lib/python3.10/site-packages/airflow/example_dags/example_task_group.py
[2025-01-19T03:38:45.690+0000] {processor.py:914} INFO - Processing file /home/vscode/.local/lib/python3.10/site-packages/airflow/example_dags/example_task_group.py for tasks to queue
[2025-01-19T03:38:45.692+0000] {logging_mixin.py:190} INFO - [2025-01-19T03:38:45.692+0000] {dagbag.py:588} INFO - Filling up the DagBag from /home/vscode/.local/lib/python3.10/site-packages/airflow/example_dags/example_task_group.py
[2025-01-19T03:38:45.699+0000] {processor.py:925} INFO - DAG(s) 'example_task_group' retrieved from /home/vscode/.local/lib/python3.10/site-packages/airflow/example_dags/example_task_group.py
[2025-01-19T03:38:45.712+0000] {logging_mixin.py:190} INFO - [2025-01-19T03:38:45.712+0000] {dag.py:3239} INFO - Sync 1 DAGs
[2025-01-19T03:38:45.721+0000] {logging_mixin.py:190} INFO - [2025-01-19T03:38:45.721+0000] {dag.py:4180} INFO - Setting next_dagrun for example_task_group to None, run_after=None
[2025-01-19T03:38:45.736+0000] {processor.py:208} INFO - Processing /home/vscode/.local/lib/python3.10/site-packages/airflow/example_dags/example_task_group.py took 0.051 seconds
[2025-01-19T03:39:35.340+0000] {processor.py:186} INFO - Started process (PID=13594) to work on /home/vscode/.local/lib/python3.10/site-packages/airflow/example_dags/example_task_group.py
[2025-01-19T03:39:35.341+0000] {processor.py:914} INFO - Processing file /home/vscode/.local/lib/python3.10/site-packages/airflow/example_dags/example_task_group.py for tasks to queue
[2025-01-19T03:39:35.343+0000] {logging_mixin.py:190} INFO - [2025-01-19T03:39:35.342+0000] {dagbag.py:588} INFO - Filling up the DagBag from /home/vscode/.local/lib/python3.10/site-packages/airflow/example_dags/example_task_group.py
[2025-01-19T03:39:35.350+0000] {processor.py:925} INFO - DAG(s) 'example_task_group' retrieved from /home/vscode/.local/lib/python3.10/site-packages/airflow/example_dags/example_task_group.py
[2025-01-19T03:39:35.365+0000] {logging_mixin.py:190} INFO - [2025-01-19T03:39:35.364+0000] {dag.py:3239} INFO - Sync 1 DAGs
[2025-01-19T03:39:35.374+0000] {logging_mixin.py:190} INFO - [2025-01-19T03:39:35.374+0000] {dag.py:4180} INFO - Setting next_dagrun for example_task_group to None, run_after=None
[2025-01-19T03:39:35.389+0000] {processor.py:208} INFO - Processing /home/vscode/.local/lib/python3.10/site-packages/airflow/example_dags/example_task_group.py took 0.054 seconds
[2025-01-19T03:40:28.431+0000] {processor.py:186} INFO - Started process (PID=13952) to work on /home/vscode/.local/lib/python3.10/site-packages/airflow/example_dags/example_task_group.py
[2025-01-19T03:40:28.432+0000] {processor.py:914} INFO - Processing file /home/vscode/.local/lib/python3.10/site-packages/airflow/example_dags/example_task_group.py for tasks to queue
[2025-01-19T03:40:28.434+0000] {logging_mixin.py:190} INFO - [2025-01-19T03:40:28.434+0000] {dagbag.py:588} INFO - Filling up the DagBag from /home/vscode/.local/lib/python3.10/site-packages/airflow/example_dags/example_task_group.py
[2025-01-19T03:40:28.441+0000] {processor.py:925} INFO - DAG(s) 'example_task_group' retrieved from /home/vscode/.local/lib/python3.10/site-packages/airflow/example_dags/example_task_group.py
[2025-01-19T03:40:28.454+0000] {logging_mixin.py:190} INFO - [2025-01-19T03:40:28.454+0000] {dag.py:3239} INFO - Sync 1 DAGs
[2025-01-19T03:40:28.463+0000] {logging_mixin.py:190} INFO - [2025-01-19T03:40:28.463+0000] {dag.py:4180} INFO - Setting next_dagrun for example_task_group to None, run_after=None
[2025-01-19T03:40:28.478+0000] {processor.py:208} INFO - Processing /home/vscode/.local/lib/python3.10/site-packages/airflow/example_dags/example_task_group.py took 0.052 seconds
[2025-01-19T03:41:17.546+0000] {processor.py:186} INFO - Started process (PID=14287) to work on /home/vscode/.local/lib/python3.10/site-packages/airflow/example_dags/example_task_group.py
[2025-01-19T03:41:17.547+0000] {processor.py:914} INFO - Processing file /home/vscode/.local/lib/python3.10/site-packages/airflow/example_dags/example_task_group.py for tasks to queue
[2025-01-19T03:41:17.549+0000] {logging_mixin.py:190} INFO - [2025-01-19T03:41:17.548+0000] {dagbag.py:588} INFO - Filling up the DagBag from /home/vscode/.local/lib/python3.10/site-packages/airflow/example_dags/example_task_group.py
[2025-01-19T03:41:17.556+0000] {processor.py:925} INFO - DAG(s) 'example_task_group' retrieved from /home/vscode/.local/lib/python3.10/site-packages/airflow/example_dags/example_task_group.py
[2025-01-19T03:41:17.568+0000] {logging_mixin.py:190} INFO - [2025-01-19T03:41:17.568+0000] {dag.py:3239} INFO - Sync 1 DAGs
[2025-01-19T03:41:17.577+0000] {logging_mixin.py:190} INFO - [2025-01-19T03:41:17.577+0000] {dag.py:4180} INFO - Setting next_dagrun for example_task_group to None, run_after=None
[2025-01-19T03:41:17.592+0000] {processor.py:208} INFO - Processing /home/vscode/.local/lib/python3.10/site-packages/airflow/example_dags/example_task_group.py took 0.050 seconds
[2025-01-19T03:42:09.383+0000] {processor.py:186} INFO - Started process (PID=14639) to work on /home/vscode/.local/lib/python3.10/site-packages/airflow/example_dags/example_task_group.py
[2025-01-19T03:42:09.384+0000] {processor.py:914} INFO - Processing file /home/vscode/.local/lib/python3.10/site-packages/airflow/example_dags/example_task_group.py for tasks to queue
[2025-01-19T03:42:09.385+0000] {logging_mixin.py:190} INFO - [2025-01-19T03:42:09.385+0000] {dagbag.py:588} INFO - Filling up the DagBag from /home/vscode/.local/lib/python3.10/site-packages/airflow/example_dags/example_task_group.py
[2025-01-19T03:42:09.392+0000] {processor.py:925} INFO - DAG(s) 'example_task_group' retrieved from /home/vscode/.local/lib/python3.10/site-packages/airflow/example_dags/example_task_group.py
[2025-01-19T03:42:09.405+0000] {logging_mixin.py:190} INFO - [2025-01-19T03:42:09.405+0000] {dag.py:3239} INFO - Sync 1 DAGs
[2025-01-19T03:42:09.414+0000] {logging_mixin.py:190} INFO - [2025-01-19T03:42:09.414+0000] {dag.py:4180} INFO - Setting next_dagrun for example_task_group to None, run_after=None
[2025-01-19T03:42:09.428+0000] {processor.py:208} INFO - Processing /home/vscode/.local/lib/python3.10/site-packages/airflow/example_dags/example_task_group.py took 0.050 seconds
[2025-01-19T03:42:59.673+0000] {processor.py:186} INFO - Started process (PID=14975) to work on /home/vscode/.local/lib/python3.10/site-packages/airflow/example_dags/example_task_group.py
[2025-01-19T03:42:59.674+0000] {processor.py:914} INFO - Processing file /home/vscode/.local/lib/python3.10/site-packages/airflow/example_dags/example_task_group.py for tasks to queue
[2025-01-19T03:42:59.675+0000] {logging_mixin.py:190} INFO - [2025-01-19T03:42:59.675+0000] {dagbag.py:588} INFO - Filling up the DagBag from /home/vscode/.local/lib/python3.10/site-packages/airflow/example_dags/example_task_group.py
[2025-01-19T03:42:59.683+0000] {processor.py:925} INFO - DAG(s) 'example_task_group' retrieved from /home/vscode/.local/lib/python3.10/site-packages/airflow/example_dags/example_task_group.py
[2025-01-19T03:42:59.695+0000] {logging_mixin.py:190} INFO - [2025-01-19T03:42:59.695+0000] {dag.py:3239} INFO - Sync 1 DAGs
[2025-01-19T03:42:59.704+0000] {logging_mixin.py:190} INFO - [2025-01-19T03:42:59.704+0000] {dag.py:4180} INFO - Setting next_dagrun for example_task_group to None, run_after=None
[2025-01-19T03:42:59.719+0000] {processor.py:208} INFO - Processing /home/vscode/.local/lib/python3.10/site-packages/airflow/example_dags/example_task_group.py took 0.050 seconds
[2025-01-19T03:43:51.050+0000] {processor.py:186} INFO - Started process (PID=15324) to work on /home/vscode/.local/lib/python3.10/site-packages/airflow/example_dags/example_task_group.py
[2025-01-19T03:43:51.050+0000] {processor.py:914} INFO - Processing file /home/vscode/.local/lib/python3.10/site-packages/airflow/example_dags/example_task_group.py for tasks to queue
[2025-01-19T03:43:51.052+0000] {logging_mixin.py:190} INFO - [2025-01-19T03:43:51.052+0000] {dagbag.py:588} INFO - Filling up the DagBag from /home/vscode/.local/lib/python3.10/site-packages/airflow/example_dags/example_task_group.py
[2025-01-19T03:43:51.059+0000] {processor.py:925} INFO - DAG(s) 'example_task_group' retrieved from /home/vscode/.local/lib/python3.10/site-packages/airflow/example_dags/example_task_group.py
[2025-01-19T03:43:51.072+0000] {logging_mixin.py:190} INFO - [2025-01-19T03:43:51.072+0000] {dag.py:3239} INFO - Sync 1 DAGs
[2025-01-19T03:43:51.081+0000] {logging_mixin.py:190} INFO - [2025-01-19T03:43:51.081+0000] {dag.py:4180} INFO - Setting next_dagrun for example_task_group to None, run_after=None
[2025-01-19T03:43:51.096+0000] {processor.py:208} INFO - Processing /home/vscode/.local/lib/python3.10/site-packages/airflow/example_dags/example_task_group.py took 0.051 seconds
[2025-01-19T03:44:44.066+0000] {processor.py:186} INFO - Started process (PID=15683) to work on /home/vscode/.local/lib/python3.10/site-packages/airflow/example_dags/example_task_group.py
[2025-01-19T03:44:44.068+0000] {processor.py:914} INFO - Processing file /home/vscode/.local/lib/python3.10/site-packages/airflow/example_dags/example_task_group.py for tasks to queue
[2025-01-19T03:44:44.070+0000] {logging_mixin.py:190} INFO - [2025-01-19T03:44:44.070+0000] {dagbag.py:588} INFO - Filling up the DagBag from /home/vscode/.local/lib/python3.10/site-packages/airflow/example_dags/example_task_group.py
[2025-01-19T03:44:44.077+0000] {processor.py:925} INFO - DAG(s) 'example_task_group' retrieved from /home/vscode/.local/lib/python3.10/site-packages/airflow/example_dags/example_task_group.py
[2025-01-19T03:44:44.094+0000] {logging_mixin.py:190} INFO - [2025-01-19T03:44:44.094+0000] {dag.py:3239} INFO - Sync 1 DAGs
[2025-01-19T03:44:44.103+0000] {logging_mixin.py:190} INFO - [2025-01-19T03:44:44.103+0000] {dag.py:4180} INFO - Setting next_dagrun for example_task_group to None, run_after=None
[2025-01-19T03:44:44.117+0000] {processor.py:208} INFO - Processing /home/vscode/.local/lib/python3.10/site-packages/airflow/example_dags/example_task_group.py took 0.068 seconds
[2025-01-19T03:45:36.553+0000] {processor.py:186} INFO - Started process (PID=16033) to work on /home/vscode/.local/lib/python3.10/site-packages/airflow/example_dags/example_task_group.py
[2025-01-19T03:45:36.554+0000] {processor.py:914} INFO - Processing file /home/vscode/.local/lib/python3.10/site-packages/airflow/example_dags/example_task_group.py for tasks to queue
[2025-01-19T03:45:36.556+0000] {logging_mixin.py:190} INFO - [2025-01-19T03:45:36.555+0000] {dagbag.py:588} INFO - Filling up the DagBag from /home/vscode/.local/lib/python3.10/site-packages/airflow/example_dags/example_task_group.py
[2025-01-19T03:45:36.563+0000] {processor.py:925} INFO - DAG(s) 'example_task_group' retrieved from /home/vscode/.local/lib/python3.10/site-packages/airflow/example_dags/example_task_group.py
[2025-01-19T03:45:36.576+0000] {logging_mixin.py:190} INFO - [2025-01-19T03:45:36.575+0000] {dag.py:3239} INFO - Sync 1 DAGs
[2025-01-19T03:45:36.587+0000] {logging_mixin.py:190} INFO - [2025-01-19T03:45:36.586+0000] {dag.py:4180} INFO - Setting next_dagrun for example_task_group to None, run_after=None
[2025-01-19T03:45:36.604+0000] {processor.py:208} INFO - Processing /home/vscode/.local/lib/python3.10/site-packages/airflow/example_dags/example_task_group.py took 0.056 seconds
[2025-01-19T03:46:25.921+0000] {processor.py:186} INFO - Started process (PID=16364) to work on /home/vscode/.local/lib/python3.10/site-packages/airflow/example_dags/example_task_group.py
[2025-01-19T03:46:25.922+0000] {processor.py:914} INFO - Processing file /home/vscode/.local/lib/python3.10/site-packages/airflow/example_dags/example_task_group.py for tasks to queue
[2025-01-19T03:46:25.923+0000] {logging_mixin.py:190} INFO - [2025-01-19T03:46:25.923+0000] {dagbag.py:588} INFO - Filling up the DagBag from /home/vscode/.local/lib/python3.10/site-packages/airflow/example_dags/example_task_group.py
[2025-01-19T03:46:25.930+0000] {processor.py:925} INFO - DAG(s) 'example_task_group' retrieved from /home/vscode/.local/lib/python3.10/site-packages/airflow/example_dags/example_task_group.py
[2025-01-19T03:46:25.943+0000] {logging_mixin.py:190} INFO - [2025-01-19T03:46:25.943+0000] {dag.py:3239} INFO - Sync 1 DAGs
[2025-01-19T03:46:25.958+0000] {logging_mixin.py:190} INFO - [2025-01-19T03:46:25.958+0000] {dag.py:4180} INFO - Setting next_dagrun for example_task_group to None, run_after=None
[2025-01-19T03:46:25.974+0000] {processor.py:208} INFO - Processing /home/vscode/.local/lib/python3.10/site-packages/airflow/example_dags/example_task_group.py took 0.058 seconds
[2025-01-19T03:47:18.159+0000] {processor.py:186} INFO - Started process (PID=16716) to work on /home/vscode/.local/lib/python3.10/site-packages/airflow/example_dags/example_task_group.py
[2025-01-19T03:47:18.160+0000] {processor.py:914} INFO - Processing file /home/vscode/.local/lib/python3.10/site-packages/airflow/example_dags/example_task_group.py for tasks to queue
[2025-01-19T03:47:18.162+0000] {logging_mixin.py:190} INFO - [2025-01-19T03:47:18.161+0000] {dagbag.py:588} INFO - Filling up the DagBag from /home/vscode/.local/lib/python3.10/site-packages/airflow/example_dags/example_task_group.py
[2025-01-19T03:47:18.172+0000] {processor.py:925} INFO - DAG(s) 'example_task_group' retrieved from /home/vscode/.local/lib/python3.10/site-packages/airflow/example_dags/example_task_group.py
[2025-01-19T03:47:18.192+0000] {logging_mixin.py:190} INFO - [2025-01-19T03:47:18.192+0000] {dag.py:3239} INFO - Sync 1 DAGs
[2025-01-19T03:47:18.203+0000] {logging_mixin.py:190} INFO - [2025-01-19T03:47:18.203+0000] {dag.py:4180} INFO - Setting next_dagrun for example_task_group to None, run_after=None
[2025-01-19T03:47:18.221+0000] {processor.py:208} INFO - Processing /home/vscode/.local/lib/python3.10/site-packages/airflow/example_dags/example_task_group.py took 0.068 seconds
[2025-01-19T03:48:10.148+0000] {processor.py:186} INFO - Started process (PID=17071) to work on /home/vscode/.local/lib/python3.10/site-packages/airflow/example_dags/example_task_group.py
[2025-01-19T03:48:10.149+0000] {processor.py:914} INFO - Processing file /home/vscode/.local/lib/python3.10/site-packages/airflow/example_dags/example_task_group.py for tasks to queue
[2025-01-19T03:48:10.151+0000] {logging_mixin.py:190} INFO - [2025-01-19T03:48:10.150+0000] {dagbag.py:588} INFO - Filling up the DagBag from /home/vscode/.local/lib/python3.10/site-packages/airflow/example_dags/example_task_group.py
[2025-01-19T03:48:10.159+0000] {processor.py:925} INFO - DAG(s) 'example_task_group' retrieved from /home/vscode/.local/lib/python3.10/site-packages/airflow/example_dags/example_task_group.py
[2025-01-19T03:48:10.178+0000] {logging_mixin.py:190} INFO - [2025-01-19T03:48:10.177+0000] {dag.py:3239} INFO - Sync 1 DAGs
[2025-01-19T03:48:10.192+0000] {logging_mixin.py:190} INFO - [2025-01-19T03:48:10.192+0000] {dag.py:4180} INFO - Setting next_dagrun for example_task_group to None, run_after=None
[2025-01-19T03:48:10.212+0000] {processor.py:208} INFO - Processing /home/vscode/.local/lib/python3.10/site-packages/airflow/example_dags/example_task_group.py took 0.069 seconds
[2025-01-19T03:49:00.864+0000] {processor.py:186} INFO - Started process (PID=17455) to work on /home/vscode/.local/lib/python3.10/site-packages/airflow/example_dags/example_task_group.py
[2025-01-19T03:49:00.864+0000] {processor.py:914} INFO - Processing file /home/vscode/.local/lib/python3.10/site-packages/airflow/example_dags/example_task_group.py for tasks to queue
[2025-01-19T03:49:00.866+0000] {logging_mixin.py:190} INFO - [2025-01-19T03:49:00.866+0000] {dagbag.py:588} INFO - Filling up the DagBag from /home/vscode/.local/lib/python3.10/site-packages/airflow/example_dags/example_task_group.py
[2025-01-19T03:49:00.873+0000] {processor.py:925} INFO - DAG(s) 'example_task_group' retrieved from /home/vscode/.local/lib/python3.10/site-packages/airflow/example_dags/example_task_group.py
[2025-01-19T03:49:00.886+0000] {logging_mixin.py:190} INFO - [2025-01-19T03:49:00.885+0000] {dag.py:3239} INFO - Sync 1 DAGs
[2025-01-19T03:49:00.895+0000] {logging_mixin.py:190} INFO - [2025-01-19T03:49:00.895+0000] {dag.py:4180} INFO - Setting next_dagrun for example_task_group to None, run_after=None
[2025-01-19T03:49:00.910+0000] {processor.py:208} INFO - Processing /home/vscode/.local/lib/python3.10/site-packages/airflow/example_dags/example_task_group.py took 0.051 seconds
[2025-01-19T03:49:50.787+0000] {processor.py:186} INFO - Started process (PID=17904) to work on /home/vscode/.local/lib/python3.10/site-packages/airflow/example_dags/example_task_group.py
[2025-01-19T03:49:50.788+0000] {processor.py:914} INFO - Processing file /home/vscode/.local/lib/python3.10/site-packages/airflow/example_dags/example_task_group.py for tasks to queue
[2025-01-19T03:49:50.790+0000] {logging_mixin.py:190} INFO - [2025-01-19T03:49:50.789+0000] {dagbag.py:588} INFO - Filling up the DagBag from /home/vscode/.local/lib/python3.10/site-packages/airflow/example_dags/example_task_group.py
[2025-01-19T03:49:50.797+0000] {processor.py:925} INFO - DAG(s) 'example_task_group' retrieved from /home/vscode/.local/lib/python3.10/site-packages/airflow/example_dags/example_task_group.py
[2025-01-19T03:49:50.814+0000] {logging_mixin.py:190} INFO - [2025-01-19T03:49:50.814+0000] {dag.py:3239} INFO - Sync 1 DAGs
[2025-01-19T03:49:50.827+0000] {logging_mixin.py:190} INFO - [2025-01-19T03:49:50.827+0000] {dag.py:4180} INFO - Setting next_dagrun for example_task_group to None, run_after=None
[2025-01-19T03:49:50.853+0000] {processor.py:208} INFO - Processing /home/vscode/.local/lib/python3.10/site-packages/airflow/example_dags/example_task_group.py took 0.071 seconds
[2025-01-19T03:50:40.239+0000] {processor.py:186} INFO - Started process (PID=18280) to work on /home/vscode/.local/lib/python3.10/site-packages/airflow/example_dags/example_task_group.py
[2025-01-19T03:50:40.240+0000] {processor.py:914} INFO - Processing file /home/vscode/.local/lib/python3.10/site-packages/airflow/example_dags/example_task_group.py for tasks to queue
[2025-01-19T03:50:40.241+0000] {logging_mixin.py:190} INFO - [2025-01-19T03:50:40.241+0000] {dagbag.py:588} INFO - Filling up the DagBag from /home/vscode/.local/lib/python3.10/site-packages/airflow/example_dags/example_task_group.py
[2025-01-19T03:50:40.248+0000] {processor.py:925} INFO - DAG(s) 'example_task_group' retrieved from /home/vscode/.local/lib/python3.10/site-packages/airflow/example_dags/example_task_group.py
[2025-01-19T03:50:40.261+0000] {logging_mixin.py:190} INFO - [2025-01-19T03:50:40.261+0000] {dag.py:3239} INFO - Sync 1 DAGs
[2025-01-19T03:50:40.274+0000] {logging_mixin.py:190} INFO - [2025-01-19T03:50:40.274+0000] {dag.py:4180} INFO - Setting next_dagrun for example_task_group to None, run_after=None
[2025-01-19T03:50:40.290+0000] {processor.py:208} INFO - Processing /home/vscode/.local/lib/python3.10/site-packages/airflow/example_dags/example_task_group.py took 0.055 seconds
[2025-01-19T03:51:30.164+0000] {processor.py:186} INFO - Started process (PID=18701) to work on /home/vscode/.local/lib/python3.10/site-packages/airflow/example_dags/example_task_group.py
[2025-01-19T03:51:30.166+0000] {processor.py:914} INFO - Processing file /home/vscode/.local/lib/python3.10/site-packages/airflow/example_dags/example_task_group.py for tasks to queue
[2025-01-19T03:51:30.168+0000] {logging_mixin.py:190} INFO - [2025-01-19T03:51:30.167+0000] {dagbag.py:588} INFO - Filling up the DagBag from /home/vscode/.local/lib/python3.10/site-packages/airflow/example_dags/example_task_group.py
[2025-01-19T03:51:30.178+0000] {processor.py:925} INFO - DAG(s) 'example_task_group' retrieved from /home/vscode/.local/lib/python3.10/site-packages/airflow/example_dags/example_task_group.py
[2025-01-19T03:51:30.196+0000] {logging_mixin.py:190} INFO - [2025-01-19T03:51:30.195+0000] {dag.py:3239} INFO - Sync 1 DAGs
[2025-01-19T03:51:30.212+0000] {logging_mixin.py:190} INFO - [2025-01-19T03:51:30.212+0000] {dag.py:4180} INFO - Setting next_dagrun for example_task_group to None, run_after=None
[2025-01-19T03:51:30.242+0000] {processor.py:208} INFO - Processing /home/vscode/.local/lib/python3.10/site-packages/airflow/example_dags/example_task_group.py took 0.084 seconds
[2025-01-19T03:55:03.583+0000] {processor.py:186} INFO - Started process (PID=20164) to work on /home/vscode/.local/lib/python3.10/site-packages/airflow/example_dags/example_task_group.py
[2025-01-19T03:55:03.583+0000] {processor.py:914} INFO - Processing file /home/vscode/.local/lib/python3.10/site-packages/airflow/example_dags/example_task_group.py for tasks to queue
[2025-01-19T03:55:03.585+0000] {logging_mixin.py:190} INFO - [2025-01-19T03:55:03.585+0000] {dagbag.py:588} INFO - Filling up the DagBag from /home/vscode/.local/lib/python3.10/site-packages/airflow/example_dags/example_task_group.py
[2025-01-19T03:55:03.592+0000] {processor.py:925} INFO - DAG(s) 'example_task_group' retrieved from /home/vscode/.local/lib/python3.10/site-packages/airflow/example_dags/example_task_group.py
[2025-01-19T03:55:03.606+0000] {logging_mixin.py:190} INFO - [2025-01-19T03:55:03.606+0000] {dag.py:3239} INFO - Sync 1 DAGs
[2025-01-19T03:55:03.616+0000] {logging_mixin.py:190} INFO - [2025-01-19T03:55:03.616+0000] {dag.py:4180} INFO - Setting next_dagrun for example_task_group to None, run_after=None
[2025-01-19T03:55:03.630+0000] {processor.py:208} INFO - Processing /home/vscode/.local/lib/python3.10/site-packages/airflow/example_dags/example_task_group.py took 0.052 seconds
[2025-01-19T03:55:59.036+0000] {processor.py:186} INFO - Started process (PID=20543) to work on /home/vscode/.local/lib/python3.10/site-packages/airflow/example_dags/example_task_group.py
[2025-01-19T03:55:59.036+0000] {processor.py:914} INFO - Processing file /home/vscode/.local/lib/python3.10/site-packages/airflow/example_dags/example_task_group.py for tasks to queue
[2025-01-19T03:55:59.038+0000] {logging_mixin.py:190} INFO - [2025-01-19T03:55:59.038+0000] {dagbag.py:588} INFO - Filling up the DagBag from /home/vscode/.local/lib/python3.10/site-packages/airflow/example_dags/example_task_group.py
[2025-01-19T03:55:59.045+0000] {processor.py:925} INFO - DAG(s) 'example_task_group' retrieved from /home/vscode/.local/lib/python3.10/site-packages/airflow/example_dags/example_task_group.py
[2025-01-19T03:55:59.058+0000] {logging_mixin.py:190} INFO - [2025-01-19T03:55:59.058+0000] {dag.py:3239} INFO - Sync 1 DAGs
[2025-01-19T03:55:59.067+0000] {logging_mixin.py:190} INFO - [2025-01-19T03:55:59.067+0000] {dag.py:4180} INFO - Setting next_dagrun for example_task_group to None, run_after=None
[2025-01-19T03:55:59.082+0000] {processor.py:208} INFO - Processing /home/vscode/.local/lib/python3.10/site-packages/airflow/example_dags/example_task_group.py took 0.051 seconds
[2025-01-19T03:56:51.607+0000] {processor.py:186} INFO - Started process (PID=20898) to work on /home/vscode/.local/lib/python3.10/site-packages/airflow/example_dags/example_task_group.py
[2025-01-19T03:56:51.607+0000] {processor.py:914} INFO - Processing file /home/vscode/.local/lib/python3.10/site-packages/airflow/example_dags/example_task_group.py for tasks to queue
[2025-01-19T03:56:51.609+0000] {logging_mixin.py:190} INFO - [2025-01-19T03:56:51.609+0000] {dagbag.py:588} INFO - Filling up the DagBag from /home/vscode/.local/lib/python3.10/site-packages/airflow/example_dags/example_task_group.py
[2025-01-19T03:56:51.616+0000] {processor.py:925} INFO - DAG(s) 'example_task_group' retrieved from /home/vscode/.local/lib/python3.10/site-packages/airflow/example_dags/example_task_group.py
[2025-01-19T03:56:51.629+0000] {logging_mixin.py:190} INFO - [2025-01-19T03:56:51.629+0000] {dag.py:3239} INFO - Sync 1 DAGs
[2025-01-19T03:56:51.638+0000] {logging_mixin.py:190} INFO - [2025-01-19T03:56:51.638+0000] {dag.py:4180} INFO - Setting next_dagrun for example_task_group to None, run_after=None
[2025-01-19T03:56:51.653+0000] {processor.py:208} INFO - Processing /home/vscode/.local/lib/python3.10/site-packages/airflow/example_dags/example_task_group.py took 0.051 seconds
[2025-01-19T03:57:44.134+0000] {processor.py:186} INFO - Started process (PID=21259) to work on /home/vscode/.local/lib/python3.10/site-packages/airflow/example_dags/example_task_group.py
[2025-01-19T03:57:44.135+0000] {processor.py:914} INFO - Processing file /home/vscode/.local/lib/python3.10/site-packages/airflow/example_dags/example_task_group.py for tasks to queue
[2025-01-19T03:57:44.136+0000] {logging_mixin.py:190} INFO - [2025-01-19T03:57:44.136+0000] {dagbag.py:588} INFO - Filling up the DagBag from /home/vscode/.local/lib/python3.10/site-packages/airflow/example_dags/example_task_group.py
[2025-01-19T03:57:44.144+0000] {processor.py:925} INFO - DAG(s) 'example_task_group' retrieved from /home/vscode/.local/lib/python3.10/site-packages/airflow/example_dags/example_task_group.py
[2025-01-19T03:57:44.161+0000] {logging_mixin.py:190} INFO - [2025-01-19T03:57:44.160+0000] {dag.py:3239} INFO - Sync 1 DAGs
[2025-01-19T03:57:44.173+0000] {logging_mixin.py:190} INFO - [2025-01-19T03:57:44.173+0000] {dag.py:4180} INFO - Setting next_dagrun for example_task_group to None, run_after=None
[2025-01-19T03:57:44.196+0000] {processor.py:208} INFO - Processing /home/vscode/.local/lib/python3.10/site-packages/airflow/example_dags/example_task_group.py took 0.066 seconds
[2025-01-19T03:58:33.242+0000] {processor.py:186} INFO - Started process (PID=21595) to work on /home/vscode/.local/lib/python3.10/site-packages/airflow/example_dags/example_task_group.py
[2025-01-19T03:58:33.242+0000] {processor.py:914} INFO - Processing file /home/vscode/.local/lib/python3.10/site-packages/airflow/example_dags/example_task_group.py for tasks to queue
[2025-01-19T03:58:33.244+0000] {logging_mixin.py:190} INFO - [2025-01-19T03:58:33.244+0000] {dagbag.py:588} INFO - Filling up the DagBag from /home/vscode/.local/lib/python3.10/site-packages/airflow/example_dags/example_task_group.py
[2025-01-19T03:58:33.251+0000] {processor.py:925} INFO - DAG(s) 'example_task_group' retrieved from /home/vscode/.local/lib/python3.10/site-packages/airflow/example_dags/example_task_group.py
[2025-01-19T03:58:33.268+0000] {logging_mixin.py:190} INFO - [2025-01-19T03:58:33.268+0000] {dag.py:3239} INFO - Sync 1 DAGs
[2025-01-19T03:58:33.278+0000] {logging_mixin.py:190} INFO - [2025-01-19T03:58:33.277+0000] {dag.py:4180} INFO - Setting next_dagrun for example_task_group to None, run_after=None
[2025-01-19T03:58:33.293+0000] {processor.py:208} INFO - Processing /home/vscode/.local/lib/python3.10/site-packages/airflow/example_dags/example_task_group.py took 0.056 seconds
[2025-01-19T03:59:24.659+0000] {processor.py:186} INFO - Started process (PID=21940) to work on /home/vscode/.local/lib/python3.10/site-packages/airflow/example_dags/example_task_group.py
[2025-01-19T03:59:24.660+0000] {processor.py:914} INFO - Processing file /home/vscode/.local/lib/python3.10/site-packages/airflow/example_dags/example_task_group.py for tasks to queue
[2025-01-19T03:59:24.661+0000] {logging_mixin.py:190} INFO - [2025-01-19T03:59:24.661+0000] {dagbag.py:588} INFO - Filling up the DagBag from /home/vscode/.local/lib/python3.10/site-packages/airflow/example_dags/example_task_group.py
[2025-01-19T03:59:24.669+0000] {processor.py:925} INFO - DAG(s) 'example_task_group' retrieved from /home/vscode/.local/lib/python3.10/site-packages/airflow/example_dags/example_task_group.py
[2025-01-19T03:59:24.687+0000] {logging_mixin.py:190} INFO - [2025-01-19T03:59:24.687+0000] {dag.py:3239} INFO - Sync 1 DAGs
[2025-01-19T03:59:24.697+0000] {logging_mixin.py:190} INFO - [2025-01-19T03:59:24.696+0000] {dag.py:4180} INFO - Setting next_dagrun for example_task_group to None, run_after=None
[2025-01-19T03:59:24.711+0000] {processor.py:208} INFO - Processing /home/vscode/.local/lib/python3.10/site-packages/airflow/example_dags/example_task_group.py took 0.057 seconds
[2025-01-19T04:00:17.154+0000] {processor.py:186} INFO - Started process (PID=22297) to work on /home/vscode/.local/lib/python3.10/site-packages/airflow/example_dags/example_task_group.py
[2025-01-19T04:00:17.155+0000] {processor.py:914} INFO - Processing file /home/vscode/.local/lib/python3.10/site-packages/airflow/example_dags/example_task_group.py for tasks to queue
[2025-01-19T04:00:17.156+0000] {logging_mixin.py:190} INFO - [2025-01-19T04:00:17.156+0000] {dagbag.py:588} INFO - Filling up the DagBag from /home/vscode/.local/lib/python3.10/site-packages/airflow/example_dags/example_task_group.py
[2025-01-19T04:00:17.164+0000] {processor.py:925} INFO - DAG(s) 'example_task_group' retrieved from /home/vscode/.local/lib/python3.10/site-packages/airflow/example_dags/example_task_group.py
[2025-01-19T04:00:17.177+0000] {logging_mixin.py:190} INFO - [2025-01-19T04:00:17.177+0000] {dag.py:3239} INFO - Sync 1 DAGs
[2025-01-19T04:00:17.187+0000] {logging_mixin.py:190} INFO - [2025-01-19T04:00:17.187+0000] {dag.py:4180} INFO - Setting next_dagrun for example_task_group to None, run_after=None
[2025-01-19T04:00:17.201+0000] {processor.py:208} INFO - Processing /home/vscode/.local/lib/python3.10/site-packages/airflow/example_dags/example_task_group.py took 0.052 seconds
[2025-01-19T04:01:07.401+0000] {processor.py:186} INFO - Started process (PID=22633) to work on /home/vscode/.local/lib/python3.10/site-packages/airflow/example_dags/example_task_group.py
[2025-01-19T04:01:07.402+0000] {processor.py:914} INFO - Processing file /home/vscode/.local/lib/python3.10/site-packages/airflow/example_dags/example_task_group.py for tasks to queue
[2025-01-19T04:01:07.403+0000] {logging_mixin.py:190} INFO - [2025-01-19T04:01:07.403+0000] {dagbag.py:588} INFO - Filling up the DagBag from /home/vscode/.local/lib/python3.10/site-packages/airflow/example_dags/example_task_group.py
[2025-01-19T04:01:07.410+0000] {processor.py:925} INFO - DAG(s) 'example_task_group' retrieved from /home/vscode/.local/lib/python3.10/site-packages/airflow/example_dags/example_task_group.py
[2025-01-19T04:01:07.423+0000] {logging_mixin.py:190} INFO - [2025-01-19T04:01:07.422+0000] {dag.py:3239} INFO - Sync 1 DAGs
[2025-01-19T04:01:07.432+0000] {logging_mixin.py:190} INFO - [2025-01-19T04:01:07.432+0000] {dag.py:4180} INFO - Setting next_dagrun for example_task_group to None, run_after=None
[2025-01-19T04:01:07.446+0000] {processor.py:208} INFO - Processing /home/vscode/.local/lib/python3.10/site-packages/airflow/example_dags/example_task_group.py took 0.050 seconds
[2025-01-19T04:01:58.902+0000] {processor.py:186} INFO - Started process (PID=22990) to work on /home/vscode/.local/lib/python3.10/site-packages/airflow/example_dags/example_task_group.py
[2025-01-19T04:01:58.903+0000] {processor.py:914} INFO - Processing file /home/vscode/.local/lib/python3.10/site-packages/airflow/example_dags/example_task_group.py for tasks to queue
[2025-01-19T04:01:58.905+0000] {logging_mixin.py:190} INFO - [2025-01-19T04:01:58.904+0000] {dagbag.py:588} INFO - Filling up the DagBag from /home/vscode/.local/lib/python3.10/site-packages/airflow/example_dags/example_task_group.py
[2025-01-19T04:01:58.912+0000] {processor.py:925} INFO - DAG(s) 'example_task_group' retrieved from /home/vscode/.local/lib/python3.10/site-packages/airflow/example_dags/example_task_group.py
[2025-01-19T04:01:58.927+0000] {logging_mixin.py:190} INFO - [2025-01-19T04:01:58.927+0000] {dag.py:3239} INFO - Sync 1 DAGs
[2025-01-19T04:01:58.937+0000] {logging_mixin.py:190} INFO - [2025-01-19T04:01:58.937+0000] {dag.py:4180} INFO - Setting next_dagrun for example_task_group to None, run_after=None
[2025-01-19T04:01:58.952+0000] {processor.py:208} INFO - Processing /home/vscode/.local/lib/python3.10/site-packages/airflow/example_dags/example_task_group.py took 0.054 seconds
[2025-01-19T04:02:49.304+0000] {processor.py:186} INFO - Started process (PID=23398) to work on /home/vscode/.local/lib/python3.10/site-packages/airflow/example_dags/example_task_group.py
[2025-01-19T04:02:49.304+0000] {processor.py:914} INFO - Processing file /home/vscode/.local/lib/python3.10/site-packages/airflow/example_dags/example_task_group.py for tasks to queue
[2025-01-19T04:02:49.306+0000] {logging_mixin.py:190} INFO - [2025-01-19T04:02:49.306+0000] {dagbag.py:588} INFO - Filling up the DagBag from /home/vscode/.local/lib/python3.10/site-packages/airflow/example_dags/example_task_group.py
[2025-01-19T04:02:49.313+0000] {processor.py:925} INFO - DAG(s) 'example_task_group' retrieved from /home/vscode/.local/lib/python3.10/site-packages/airflow/example_dags/example_task_group.py
[2025-01-19T04:02:49.326+0000] {logging_mixin.py:190} INFO - [2025-01-19T04:02:49.326+0000] {dag.py:3239} INFO - Sync 1 DAGs
[2025-01-19T04:02:49.335+0000] {logging_mixin.py:190} INFO - [2025-01-19T04:02:49.335+0000] {dag.py:4180} INFO - Setting next_dagrun for example_task_group to None, run_after=None
[2025-01-19T04:02:49.349+0000] {processor.py:208} INFO - Processing /home/vscode/.local/lib/python3.10/site-packages/airflow/example_dags/example_task_group.py took 0.050 seconds
