[2025-01-19T03:21:20.347+0000] {processor.py:186} INFO - Started process (PID=5294) to work on /home/vscode/.local/lib/python3.10/site-packages/airflow/example_dags/example_python_decorator.py
[2025-01-19T03:21:20.348+0000] {processor.py:914} INFO - Processing file /home/vscode/.local/lib/python3.10/site-packages/airflow/example_dags/example_python_decorator.py for tasks to queue
[2025-01-19T03:21:20.349+0000] {logging_mixin.py:190} INFO - [2025-01-19T03:21:20.349+0000] {dagbag.py:588} INFO - Filling up the DagBag from /home/vscode/.local/lib/python3.10/site-packages/airflow/example_dags/example_python_decorator.py
[2025-01-19T03:21:20.361+0000] {processor.py:925} INFO - DAG(s) 'example_python_decorator' retrieved from /home/vscode/.local/lib/python3.10/site-packages/airflow/example_dags/example_python_decorator.py
[2025-01-19T03:21:20.444+0000] {logging_mixin.py:190} INFO - [2025-01-19T03:21:20.443+0000] {override.py:1911} INFO - Created Permission View: can read on DAG:example_python_decorator
[2025-01-19T03:21:20.452+0000] {logging_mixin.py:190} INFO - [2025-01-19T03:21:20.452+0000] {override.py:1911} INFO - Created Permission View: can edit on DAG:example_python_decorator
[2025-01-19T03:21:20.458+0000] {logging_mixin.py:190} INFO - [2025-01-19T03:21:20.458+0000] {override.py:1911} INFO - Created Permission View: can delete on DAG:example_python_decorator
[2025-01-19T03:21:20.467+0000] {logging_mixin.py:190} INFO - [2025-01-19T03:21:20.467+0000] {override.py:1911} INFO - Created Permission View: menu access on DAG Run:example_python_decorator
[2025-01-19T03:21:20.473+0000] {logging_mixin.py:190} INFO - [2025-01-19T03:21:20.472+0000] {override.py:1911} INFO - Created Permission View: can read on DAG Run:example_python_decorator
[2025-01-19T03:21:20.478+0000] {logging_mixin.py:190} INFO - [2025-01-19T03:21:20.478+0000] {override.py:1911} INFO - Created Permission View: can create on DAG Run:example_python_decorator
[2025-01-19T03:21:20.484+0000] {logging_mixin.py:190} INFO - [2025-01-19T03:21:20.484+0000] {override.py:1911} INFO - Created Permission View: can delete on DAG Run:example_python_decorator
[2025-01-19T03:21:20.484+0000] {logging_mixin.py:190} INFO - [2025-01-19T03:21:20.484+0000] {dag.py:3239} INFO - Sync 1 DAGs
[2025-01-19T03:21:20.493+0000] {logging_mixin.py:190} INFO - [2025-01-19T03:21:20.493+0000] {dag.py:3262} INFO - Creating ORM DAG for example_python_decorator
[2025-01-19T03:21:20.494+0000] {logging_mixin.py:190} INFO - [2025-01-19T03:21:20.494+0000] {dag.py:4180} INFO - Setting next_dagrun for example_python_decorator to None, run_after=None
[2025-01-19T03:21:20.509+0000] {processor.py:208} INFO - Processing /home/vscode/.local/lib/python3.10/site-packages/airflow/example_dags/example_python_decorator.py took 0.167 seconds
[2025-01-19T03:22:17.437+0000] {processor.py:186} INFO - Started process (PID=5749) to work on /home/vscode/.local/lib/python3.10/site-packages/airflow/example_dags/example_python_decorator.py
[2025-01-19T03:22:17.438+0000] {processor.py:914} INFO - Processing file /home/vscode/.local/lib/python3.10/site-packages/airflow/example_dags/example_python_decorator.py for tasks to queue
[2025-01-19T03:22:17.440+0000] {logging_mixin.py:190} INFO - [2025-01-19T03:22:17.440+0000] {dagbag.py:588} INFO - Filling up the DagBag from /home/vscode/.local/lib/python3.10/site-packages/airflow/example_dags/example_python_decorator.py
[2025-01-19T03:22:17.457+0000] {processor.py:925} INFO - DAG(s) 'example_python_decorator' retrieved from /home/vscode/.local/lib/python3.10/site-packages/airflow/example_dags/example_python_decorator.py
[2025-01-19T03:22:17.472+0000] {logging_mixin.py:190} INFO - [2025-01-19T03:22:17.471+0000] {dag.py:3239} INFO - Sync 1 DAGs
[2025-01-19T03:22:17.481+0000] {logging_mixin.py:190} INFO - [2025-01-19T03:22:17.481+0000] {dag.py:4180} INFO - Setting next_dagrun for example_python_decorator to None, run_after=None
[2025-01-19T03:22:17.496+0000] {processor.py:208} INFO - Processing /home/vscode/.local/lib/python3.10/site-packages/airflow/example_dags/example_python_decorator.py took 0.066 seconds
[2025-01-19T03:23:11.176+0000] {processor.py:186} INFO - Started process (PID=6202) to work on /home/vscode/.local/lib/python3.10/site-packages/airflow/example_dags/example_python_decorator.py
[2025-01-19T03:23:11.177+0000] {processor.py:914} INFO - Processing file /home/vscode/.local/lib/python3.10/site-packages/airflow/example_dags/example_python_decorator.py for tasks to queue
[2025-01-19T03:23:11.178+0000] {logging_mixin.py:190} INFO - [2025-01-19T03:23:11.178+0000] {dagbag.py:588} INFO - Filling up the DagBag from /home/vscode/.local/lib/python3.10/site-packages/airflow/example_dags/example_python_decorator.py
[2025-01-19T03:23:11.191+0000] {processor.py:925} INFO - DAG(s) 'example_python_decorator' retrieved from /home/vscode/.local/lib/python3.10/site-packages/airflow/example_dags/example_python_decorator.py
[2025-01-19T03:23:11.204+0000] {logging_mixin.py:190} INFO - [2025-01-19T03:23:11.204+0000] {dag.py:3239} INFO - Sync 1 DAGs
[2025-01-19T03:23:11.213+0000] {logging_mixin.py:190} INFO - [2025-01-19T03:23:11.213+0000] {dag.py:4180} INFO - Setting next_dagrun for example_python_decorator to None, run_after=None
[2025-01-19T03:23:11.227+0000] {processor.py:208} INFO - Processing /home/vscode/.local/lib/python3.10/site-packages/airflow/example_dags/example_python_decorator.py took 0.056 seconds
[2025-01-19T03:24:05.945+0000] {processor.py:186} INFO - Started process (PID=6646) to work on /home/vscode/.local/lib/python3.10/site-packages/airflow/example_dags/example_python_decorator.py
[2025-01-19T03:24:05.946+0000] {processor.py:914} INFO - Processing file /home/vscode/.local/lib/python3.10/site-packages/airflow/example_dags/example_python_decorator.py for tasks to queue
[2025-01-19T03:24:05.948+0000] {logging_mixin.py:190} INFO - [2025-01-19T03:24:05.947+0000] {dagbag.py:588} INFO - Filling up the DagBag from /home/vscode/.local/lib/python3.10/site-packages/airflow/example_dags/example_python_decorator.py
[2025-01-19T03:24:05.960+0000] {processor.py:925} INFO - DAG(s) 'example_python_decorator' retrieved from /home/vscode/.local/lib/python3.10/site-packages/airflow/example_dags/example_python_decorator.py
[2025-01-19T03:24:05.973+0000] {logging_mixin.py:190} INFO - [2025-01-19T03:24:05.973+0000] {dag.py:3239} INFO - Sync 1 DAGs
[2025-01-19T03:24:05.982+0000] {logging_mixin.py:190} INFO - [2025-01-19T03:24:05.982+0000] {dag.py:4180} INFO - Setting next_dagrun for example_python_decorator to None, run_after=None
[2025-01-19T03:24:05.996+0000] {processor.py:208} INFO - Processing /home/vscode/.local/lib/python3.10/site-packages/airflow/example_dags/example_python_decorator.py took 0.056 seconds
[2025-01-19T03:24:58.309+0000] {processor.py:186} INFO - Started process (PID=7050) to work on /home/vscode/.local/lib/python3.10/site-packages/airflow/example_dags/example_python_decorator.py
[2025-01-19T03:24:58.310+0000] {processor.py:914} INFO - Processing file /home/vscode/.local/lib/python3.10/site-packages/airflow/example_dags/example_python_decorator.py for tasks to queue
[2025-01-19T03:24:58.311+0000] {logging_mixin.py:190} INFO - [2025-01-19T03:24:58.311+0000] {dagbag.py:588} INFO - Filling up the DagBag from /home/vscode/.local/lib/python3.10/site-packages/airflow/example_dags/example_python_decorator.py
[2025-01-19T03:24:58.323+0000] {processor.py:925} INFO - DAG(s) 'example_python_decorator' retrieved from /home/vscode/.local/lib/python3.10/site-packages/airflow/example_dags/example_python_decorator.py
[2025-01-19T03:24:58.336+0000] {logging_mixin.py:190} INFO - [2025-01-19T03:24:58.336+0000] {dag.py:3239} INFO - Sync 1 DAGs
[2025-01-19T03:24:58.345+0000] {logging_mixin.py:190} INFO - [2025-01-19T03:24:58.345+0000] {dag.py:4180} INFO - Setting next_dagrun for example_python_decorator to None, run_after=None
[2025-01-19T03:24:58.359+0000] {processor.py:208} INFO - Processing /home/vscode/.local/lib/python3.10/site-packages/airflow/example_dags/example_python_decorator.py took 0.055 seconds
[2025-01-19T03:26:12.297+0000] {processor.py:186} INFO - Started process (PID=7653) to work on /home/vscode/.local/lib/python3.10/site-packages/airflow/example_dags/example_python_decorator.py
[2025-01-19T03:26:12.297+0000] {processor.py:914} INFO - Processing file /home/vscode/.local/lib/python3.10/site-packages/airflow/example_dags/example_python_decorator.py for tasks to queue
[2025-01-19T03:26:12.299+0000] {logging_mixin.py:190} INFO - [2025-01-19T03:26:12.299+0000] {dagbag.py:588} INFO - Filling up the DagBag from /home/vscode/.local/lib/python3.10/site-packages/airflow/example_dags/example_python_decorator.py
[2025-01-19T03:26:12.310+0000] {processor.py:925} INFO - DAG(s) 'example_python_decorator' retrieved from /home/vscode/.local/lib/python3.10/site-packages/airflow/example_dags/example_python_decorator.py
[2025-01-19T03:26:12.324+0000] {logging_mixin.py:190} INFO - [2025-01-19T03:26:12.324+0000] {dag.py:3239} INFO - Sync 1 DAGs
[2025-01-19T03:26:12.338+0000] {logging_mixin.py:190} INFO - [2025-01-19T03:26:12.337+0000] {dag.py:4180} INFO - Setting next_dagrun for example_python_decorator to None, run_after=None
[2025-01-19T03:26:12.367+0000] {processor.py:208} INFO - Processing /home/vscode/.local/lib/python3.10/site-packages/airflow/example_dags/example_python_decorator.py took 0.075 seconds
[2025-01-19T03:27:04.931+0000] {processor.py:186} INFO - Started process (PID=8057) to work on /home/vscode/.local/lib/python3.10/site-packages/airflow/example_dags/example_python_decorator.py
[2025-01-19T03:27:04.932+0000] {processor.py:914} INFO - Processing file /home/vscode/.local/lib/python3.10/site-packages/airflow/example_dags/example_python_decorator.py for tasks to queue
[2025-01-19T03:27:04.934+0000] {logging_mixin.py:190} INFO - [2025-01-19T03:27:04.933+0000] {dagbag.py:588} INFO - Filling up the DagBag from /home/vscode/.local/lib/python3.10/site-packages/airflow/example_dags/example_python_decorator.py
[2025-01-19T03:27:04.945+0000] {processor.py:925} INFO - DAG(s) 'example_python_decorator' retrieved from /home/vscode/.local/lib/python3.10/site-packages/airflow/example_dags/example_python_decorator.py
[2025-01-19T03:27:04.959+0000] {logging_mixin.py:190} INFO - [2025-01-19T03:27:04.959+0000] {dag.py:3239} INFO - Sync 1 DAGs
[2025-01-19T03:27:04.968+0000] {logging_mixin.py:190} INFO - [2025-01-19T03:27:04.968+0000] {dag.py:4180} INFO - Setting next_dagrun for example_python_decorator to None, run_after=None
[2025-01-19T03:27:04.984+0000] {processor.py:208} INFO - Processing /home/vscode/.local/lib/python3.10/site-packages/airflow/example_dags/example_python_decorator.py took 0.057 seconds
[2025-01-19T03:27:56.951+0000] {processor.py:186} INFO - Started process (PID=8474) to work on /home/vscode/.local/lib/python3.10/site-packages/airflow/example_dags/example_python_decorator.py
[2025-01-19T03:27:56.952+0000] {processor.py:914} INFO - Processing file /home/vscode/.local/lib/python3.10/site-packages/airflow/example_dags/example_python_decorator.py for tasks to queue
[2025-01-19T03:27:56.953+0000] {logging_mixin.py:190} INFO - [2025-01-19T03:27:56.953+0000] {dagbag.py:588} INFO - Filling up the DagBag from /home/vscode/.local/lib/python3.10/site-packages/airflow/example_dags/example_python_decorator.py
[2025-01-19T03:27:56.965+0000] {processor.py:925} INFO - DAG(s) 'example_python_decorator' retrieved from /home/vscode/.local/lib/python3.10/site-packages/airflow/example_dags/example_python_decorator.py
[2025-01-19T03:27:56.979+0000] {logging_mixin.py:190} INFO - [2025-01-19T03:27:56.979+0000] {dag.py:3239} INFO - Sync 1 DAGs
[2025-01-19T03:27:56.988+0000] {logging_mixin.py:190} INFO - [2025-01-19T03:27:56.988+0000] {dag.py:4180} INFO - Setting next_dagrun for example_python_decorator to None, run_after=None
[2025-01-19T03:27:57.002+0000] {processor.py:208} INFO - Processing /home/vscode/.local/lib/python3.10/site-packages/airflow/example_dags/example_python_decorator.py took 0.056 seconds
[2025-01-19T03:28:50.802+0000] {processor.py:186} INFO - Started process (PID=8937) to work on /home/vscode/.local/lib/python3.10/site-packages/airflow/example_dags/example_python_decorator.py
[2025-01-19T03:28:50.803+0000] {processor.py:914} INFO - Processing file /home/vscode/.local/lib/python3.10/site-packages/airflow/example_dags/example_python_decorator.py for tasks to queue
[2025-01-19T03:28:50.805+0000] {logging_mixin.py:190} INFO - [2025-01-19T03:28:50.805+0000] {dagbag.py:588} INFO - Filling up the DagBag from /home/vscode/.local/lib/python3.10/site-packages/airflow/example_dags/example_python_decorator.py
[2025-01-19T03:28:50.817+0000] {processor.py:925} INFO - DAG(s) 'example_python_decorator' retrieved from /home/vscode/.local/lib/python3.10/site-packages/airflow/example_dags/example_python_decorator.py
[2025-01-19T03:28:50.831+0000] {logging_mixin.py:190} INFO - [2025-01-19T03:28:50.830+0000] {dag.py:3239} INFO - Sync 1 DAGs
[2025-01-19T03:28:50.842+0000] {logging_mixin.py:190} INFO - [2025-01-19T03:28:50.841+0000] {dag.py:4180} INFO - Setting next_dagrun for example_python_decorator to None, run_after=None
[2025-01-19T03:28:50.861+0000] {processor.py:208} INFO - Processing /home/vscode/.local/lib/python3.10/site-packages/airflow/example_dags/example_python_decorator.py took 0.064 seconds
[2025-01-19T03:29:43.754+0000] {processor.py:186} INFO - Started process (PID=9305) to work on /home/vscode/.local/lib/python3.10/site-packages/airflow/example_dags/example_python_decorator.py
[2025-01-19T03:29:43.754+0000] {processor.py:914} INFO - Processing file /home/vscode/.local/lib/python3.10/site-packages/airflow/example_dags/example_python_decorator.py for tasks to queue
[2025-01-19T03:29:43.756+0000] {logging_mixin.py:190} INFO - [2025-01-19T03:29:43.756+0000] {dagbag.py:588} INFO - Filling up the DagBag from /home/vscode/.local/lib/python3.10/site-packages/airflow/example_dags/example_python_decorator.py
[2025-01-19T03:29:43.767+0000] {processor.py:925} INFO - DAG(s) 'example_python_decorator' retrieved from /home/vscode/.local/lib/python3.10/site-packages/airflow/example_dags/example_python_decorator.py
[2025-01-19T03:29:43.781+0000] {logging_mixin.py:190} INFO - [2025-01-19T03:29:43.780+0000] {dag.py:3239} INFO - Sync 1 DAGs
[2025-01-19T03:29:43.790+0000] {logging_mixin.py:190} INFO - [2025-01-19T03:29:43.790+0000] {dag.py:4180} INFO - Setting next_dagrun for example_python_decorator to None, run_after=None
[2025-01-19T03:29:43.805+0000] {processor.py:208} INFO - Processing /home/vscode/.local/lib/python3.10/site-packages/airflow/example_dags/example_python_decorator.py took 0.055 seconds
[2025-01-19T03:30:33.506+0000] {processor.py:186} INFO - Started process (PID=9653) to work on /home/vscode/.local/lib/python3.10/site-packages/airflow/example_dags/example_python_decorator.py
[2025-01-19T03:30:33.507+0000] {processor.py:914} INFO - Processing file /home/vscode/.local/lib/python3.10/site-packages/airflow/example_dags/example_python_decorator.py for tasks to queue
[2025-01-19T03:30:33.509+0000] {logging_mixin.py:190} INFO - [2025-01-19T03:30:33.508+0000] {dagbag.py:588} INFO - Filling up the DagBag from /home/vscode/.local/lib/python3.10/site-packages/airflow/example_dags/example_python_decorator.py
[2025-01-19T03:30:33.520+0000] {processor.py:925} INFO - DAG(s) 'example_python_decorator' retrieved from /home/vscode/.local/lib/python3.10/site-packages/airflow/example_dags/example_python_decorator.py
[2025-01-19T03:30:33.534+0000] {logging_mixin.py:190} INFO - [2025-01-19T03:30:33.534+0000] {dag.py:3239} INFO - Sync 1 DAGs
[2025-01-19T03:30:33.543+0000] {logging_mixin.py:190} INFO - [2025-01-19T03:30:33.543+0000] {dag.py:4180} INFO - Setting next_dagrun for example_python_decorator to None, run_after=None
[2025-01-19T03:30:33.558+0000] {processor.py:208} INFO - Processing /home/vscode/.local/lib/python3.10/site-packages/airflow/example_dags/example_python_decorator.py took 0.056 seconds
[2025-01-19T03:31:44.340+0000] {processor.py:186} INFO - Started process (PID=10133) to work on /home/vscode/.local/lib/python3.10/site-packages/airflow/example_dags/example_python_decorator.py
[2025-01-19T03:31:44.341+0000] {processor.py:914} INFO - Processing file /home/vscode/.local/lib/python3.10/site-packages/airflow/example_dags/example_python_decorator.py for tasks to queue
[2025-01-19T03:31:44.342+0000] {logging_mixin.py:190} INFO - [2025-01-19T03:31:44.342+0000] {dagbag.py:588} INFO - Filling up the DagBag from /home/vscode/.local/lib/python3.10/site-packages/airflow/example_dags/example_python_decorator.py
[2025-01-19T03:31:44.354+0000] {processor.py:925} INFO - DAG(s) 'example_python_decorator' retrieved from /home/vscode/.local/lib/python3.10/site-packages/airflow/example_dags/example_python_decorator.py
[2025-01-19T03:31:44.367+0000] {logging_mixin.py:190} INFO - [2025-01-19T03:31:44.367+0000] {dag.py:3239} INFO - Sync 1 DAGs
[2025-01-19T03:31:44.377+0000] {logging_mixin.py:190} INFO - [2025-01-19T03:31:44.376+0000] {dag.py:4180} INFO - Setting next_dagrun for example_python_decorator to None, run_after=None
[2025-01-19T03:31:44.392+0000] {processor.py:208} INFO - Processing /home/vscode/.local/lib/python3.10/site-packages/airflow/example_dags/example_python_decorator.py took 0.056 seconds
[2025-01-19T03:32:35.203+0000] {processor.py:186} INFO - Started process (PID=10580) to work on /home/vscode/.local/lib/python3.10/site-packages/airflow/example_dags/example_python_decorator.py
[2025-01-19T03:32:35.204+0000] {processor.py:914} INFO - Processing file /home/vscode/.local/lib/python3.10/site-packages/airflow/example_dags/example_python_decorator.py for tasks to queue
[2025-01-19T03:32:35.205+0000] {logging_mixin.py:190} INFO - [2025-01-19T03:32:35.205+0000] {dagbag.py:588} INFO - Filling up the DagBag from /home/vscode/.local/lib/python3.10/site-packages/airflow/example_dags/example_python_decorator.py
[2025-01-19T03:32:35.217+0000] {processor.py:925} INFO - DAG(s) 'example_python_decorator' retrieved from /home/vscode/.local/lib/python3.10/site-packages/airflow/example_dags/example_python_decorator.py
[2025-01-19T03:32:35.230+0000] {logging_mixin.py:190} INFO - [2025-01-19T03:32:35.230+0000] {dag.py:3239} INFO - Sync 1 DAGs
[2025-01-19T03:32:35.239+0000] {logging_mixin.py:190} INFO - [2025-01-19T03:32:35.239+0000] {dag.py:4180} INFO - Setting next_dagrun for example_python_decorator to None, run_after=None
[2025-01-19T03:32:35.253+0000] {processor.py:208} INFO - Processing /home/vscode/.local/lib/python3.10/site-packages/airflow/example_dags/example_python_decorator.py took 0.055 seconds
[2025-01-19T03:33:25.533+0000] {processor.py:186} INFO - Started process (PID=10950) to work on /home/vscode/.local/lib/python3.10/site-packages/airflow/example_dags/example_python_decorator.py
[2025-01-19T03:33:25.534+0000] {processor.py:914} INFO - Processing file /home/vscode/.local/lib/python3.10/site-packages/airflow/example_dags/example_python_decorator.py for tasks to queue
[2025-01-19T03:33:25.535+0000] {logging_mixin.py:190} INFO - [2025-01-19T03:33:25.535+0000] {dagbag.py:588} INFO - Filling up the DagBag from /home/vscode/.local/lib/python3.10/site-packages/airflow/example_dags/example_python_decorator.py
[2025-01-19T03:33:25.547+0000] {processor.py:925} INFO - DAG(s) 'example_python_decorator' retrieved from /home/vscode/.local/lib/python3.10/site-packages/airflow/example_dags/example_python_decorator.py
[2025-01-19T03:33:25.561+0000] {logging_mixin.py:190} INFO - [2025-01-19T03:33:25.561+0000] {dag.py:3239} INFO - Sync 1 DAGs
[2025-01-19T03:33:25.570+0000] {logging_mixin.py:190} INFO - [2025-01-19T03:33:25.570+0000] {dag.py:4180} INFO - Setting next_dagrun for example_python_decorator to None, run_after=None
[2025-01-19T03:33:25.585+0000] {processor.py:208} INFO - Processing /home/vscode/.local/lib/python3.10/site-packages/airflow/example_dags/example_python_decorator.py took 0.056 seconds
[2025-01-19T03:34:17.352+0000] {processor.py:186} INFO - Started process (PID=11308) to work on /home/vscode/.local/lib/python3.10/site-packages/airflow/example_dags/example_python_decorator.py
[2025-01-19T03:34:17.353+0000] {processor.py:914} INFO - Processing file /home/vscode/.local/lib/python3.10/site-packages/airflow/example_dags/example_python_decorator.py for tasks to queue
[2025-01-19T03:34:17.355+0000] {logging_mixin.py:190} INFO - [2025-01-19T03:34:17.354+0000] {dagbag.py:588} INFO - Filling up the DagBag from /home/vscode/.local/lib/python3.10/site-packages/airflow/example_dags/example_python_decorator.py
[2025-01-19T03:34:17.368+0000] {processor.py:925} INFO - DAG(s) 'example_python_decorator' retrieved from /home/vscode/.local/lib/python3.10/site-packages/airflow/example_dags/example_python_decorator.py
[2025-01-19T03:34:17.381+0000] {logging_mixin.py:190} INFO - [2025-01-19T03:34:17.381+0000] {dag.py:3239} INFO - Sync 1 DAGs
[2025-01-19T03:34:17.391+0000] {logging_mixin.py:190} INFO - [2025-01-19T03:34:17.390+0000] {dag.py:4180} INFO - Setting next_dagrun for example_python_decorator to None, run_after=None
[2025-01-19T03:34:17.404+0000] {processor.py:208} INFO - Processing /home/vscode/.local/lib/python3.10/site-packages/airflow/example_dags/example_python_decorator.py took 0.056 seconds
[2025-01-19T03:35:31.622+0000] {processor.py:186} INFO - Started process (PID=11915) to work on /home/vscode/.local/lib/python3.10/site-packages/airflow/example_dags/example_python_decorator.py
[2025-01-19T03:35:31.623+0000] {processor.py:914} INFO - Processing file /home/vscode/.local/lib/python3.10/site-packages/airflow/example_dags/example_python_decorator.py for tasks to queue
[2025-01-19T03:35:31.624+0000] {logging_mixin.py:190} INFO - [2025-01-19T03:35:31.624+0000] {dagbag.py:588} INFO - Filling up the DagBag from /home/vscode/.local/lib/python3.10/site-packages/airflow/example_dags/example_python_decorator.py
[2025-01-19T03:35:31.636+0000] {processor.py:925} INFO - DAG(s) 'example_python_decorator' retrieved from /home/vscode/.local/lib/python3.10/site-packages/airflow/example_dags/example_python_decorator.py
[2025-01-19T03:35:31.649+0000] {logging_mixin.py:190} INFO - [2025-01-19T03:35:31.649+0000] {dag.py:3239} INFO - Sync 1 DAGs
[2025-01-19T03:35:31.659+0000] {logging_mixin.py:190} INFO - [2025-01-19T03:35:31.659+0000] {dag.py:4180} INFO - Setting next_dagrun for example_python_decorator to None, run_after=None
[2025-01-19T03:35:31.673+0000] {processor.py:208} INFO - Processing /home/vscode/.local/lib/python3.10/site-packages/airflow/example_dags/example_python_decorator.py took 0.056 seconds
[2025-01-19T03:36:45.139+0000] {processor.py:186} INFO - Started process (PID=12445) to work on /home/vscode/.local/lib/python3.10/site-packages/airflow/example_dags/example_python_decorator.py
[2025-01-19T03:36:45.140+0000] {processor.py:914} INFO - Processing file /home/vscode/.local/lib/python3.10/site-packages/airflow/example_dags/example_python_decorator.py for tasks to queue
[2025-01-19T03:36:45.141+0000] {logging_mixin.py:190} INFO - [2025-01-19T03:36:45.141+0000] {dagbag.py:588} INFO - Filling up the DagBag from /home/vscode/.local/lib/python3.10/site-packages/airflow/example_dags/example_python_decorator.py
[2025-01-19T03:36:45.153+0000] {processor.py:925} INFO - DAG(s) 'example_python_decorator' retrieved from /home/vscode/.local/lib/python3.10/site-packages/airflow/example_dags/example_python_decorator.py
[2025-01-19T03:36:45.166+0000] {logging_mixin.py:190} INFO - [2025-01-19T03:36:45.166+0000] {dag.py:3239} INFO - Sync 1 DAGs
[2025-01-19T03:36:45.176+0000] {logging_mixin.py:190} INFO - [2025-01-19T03:36:45.175+0000] {dag.py:4180} INFO - Setting next_dagrun for example_python_decorator to None, run_after=None
[2025-01-19T03:36:45.190+0000] {processor.py:208} INFO - Processing /home/vscode/.local/lib/python3.10/site-packages/airflow/example_dags/example_python_decorator.py took 0.055 seconds
[2025-01-19T03:37:37.767+0000] {processor.py:186} INFO - Started process (PID=12803) to work on /home/vscode/.local/lib/python3.10/site-packages/airflow/example_dags/example_python_decorator.py
[2025-01-19T03:37:37.768+0000] {processor.py:914} INFO - Processing file /home/vscode/.local/lib/python3.10/site-packages/airflow/example_dags/example_python_decorator.py for tasks to queue
[2025-01-19T03:37:37.770+0000] {logging_mixin.py:190} INFO - [2025-01-19T03:37:37.769+0000] {dagbag.py:588} INFO - Filling up the DagBag from /home/vscode/.local/lib/python3.10/site-packages/airflow/example_dags/example_python_decorator.py
[2025-01-19T03:37:37.781+0000] {processor.py:925} INFO - DAG(s) 'example_python_decorator' retrieved from /home/vscode/.local/lib/python3.10/site-packages/airflow/example_dags/example_python_decorator.py
[2025-01-19T03:37:37.795+0000] {logging_mixin.py:190} INFO - [2025-01-19T03:37:37.794+0000] {dag.py:3239} INFO - Sync 1 DAGs
[2025-01-19T03:37:37.804+0000] {logging_mixin.py:190} INFO - [2025-01-19T03:37:37.804+0000] {dag.py:4180} INFO - Setting next_dagrun for example_python_decorator to None, run_after=None
[2025-01-19T03:37:37.819+0000] {processor.py:208} INFO - Processing /home/vscode/.local/lib/python3.10/site-packages/airflow/example_dags/example_python_decorator.py took 0.056 seconds
[2025-01-19T03:38:29.124+0000] {processor.py:186} INFO - Started process (PID=13148) to work on /home/vscode/.local/lib/python3.10/site-packages/airflow/example_dags/example_python_decorator.py
[2025-01-19T03:38:29.125+0000] {processor.py:914} INFO - Processing file /home/vscode/.local/lib/python3.10/site-packages/airflow/example_dags/example_python_decorator.py for tasks to queue
[2025-01-19T03:38:29.126+0000] {logging_mixin.py:190} INFO - [2025-01-19T03:38:29.126+0000] {dagbag.py:588} INFO - Filling up the DagBag from /home/vscode/.local/lib/python3.10/site-packages/airflow/example_dags/example_python_decorator.py
[2025-01-19T03:38:29.138+0000] {processor.py:925} INFO - DAG(s) 'example_python_decorator' retrieved from /home/vscode/.local/lib/python3.10/site-packages/airflow/example_dags/example_python_decorator.py
[2025-01-19T03:38:29.151+0000] {logging_mixin.py:190} INFO - [2025-01-19T03:38:29.151+0000] {dag.py:3239} INFO - Sync 1 DAGs
[2025-01-19T03:38:29.160+0000] {logging_mixin.py:190} INFO - [2025-01-19T03:38:29.160+0000] {dag.py:4180} INFO - Setting next_dagrun for example_python_decorator to None, run_after=None
[2025-01-19T03:38:29.174+0000] {processor.py:208} INFO - Processing /home/vscode/.local/lib/python3.10/site-packages/airflow/example_dags/example_python_decorator.py took 0.055 seconds
[2025-01-19T03:39:43.362+0000] {processor.py:186} INFO - Started process (PID=13654) to work on /home/vscode/.local/lib/python3.10/site-packages/airflow/example_dags/example_python_decorator.py
[2025-01-19T03:39:43.363+0000] {processor.py:914} INFO - Processing file /home/vscode/.local/lib/python3.10/site-packages/airflow/example_dags/example_python_decorator.py for tasks to queue
[2025-01-19T03:39:43.364+0000] {logging_mixin.py:190} INFO - [2025-01-19T03:39:43.364+0000] {dagbag.py:588} INFO - Filling up the DagBag from /home/vscode/.local/lib/python3.10/site-packages/airflow/example_dags/example_python_decorator.py
[2025-01-19T03:39:43.376+0000] {processor.py:925} INFO - DAG(s) 'example_python_decorator' retrieved from /home/vscode/.local/lib/python3.10/site-packages/airflow/example_dags/example_python_decorator.py
[2025-01-19T03:39:43.390+0000] {logging_mixin.py:190} INFO - [2025-01-19T03:39:43.390+0000] {dag.py:3239} INFO - Sync 1 DAGs
[2025-01-19T03:39:43.400+0000] {logging_mixin.py:190} INFO - [2025-01-19T03:39:43.399+0000] {dag.py:4180} INFO - Setting next_dagrun for example_python_decorator to None, run_after=None
[2025-01-19T03:39:43.414+0000] {processor.py:208} INFO - Processing /home/vscode/.local/lib/python3.10/site-packages/airflow/example_dags/example_python_decorator.py took 0.058 seconds
[2025-01-19T03:40:56.409+0000] {processor.py:186} INFO - Started process (PID=14147) to work on /home/vscode/.local/lib/python3.10/site-packages/airflow/example_dags/example_python_decorator.py
[2025-01-19T03:40:56.410+0000] {processor.py:914} INFO - Processing file /home/vscode/.local/lib/python3.10/site-packages/airflow/example_dags/example_python_decorator.py for tasks to queue
[2025-01-19T03:40:56.412+0000] {logging_mixin.py:190} INFO - [2025-01-19T03:40:56.411+0000] {dagbag.py:588} INFO - Filling up the DagBag from /home/vscode/.local/lib/python3.10/site-packages/airflow/example_dags/example_python_decorator.py
[2025-01-19T03:40:56.423+0000] {processor.py:925} INFO - DAG(s) 'example_python_decorator' retrieved from /home/vscode/.local/lib/python3.10/site-packages/airflow/example_dags/example_python_decorator.py
[2025-01-19T03:40:56.437+0000] {logging_mixin.py:190} INFO - [2025-01-19T03:40:56.437+0000] {dag.py:3239} INFO - Sync 1 DAGs
[2025-01-19T03:40:56.450+0000] {logging_mixin.py:190} INFO - [2025-01-19T03:40:56.449+0000] {dag.py:4180} INFO - Setting next_dagrun for example_python_decorator to None, run_after=None
[2025-01-19T03:40:56.472+0000] {processor.py:208} INFO - Processing /home/vscode/.local/lib/python3.10/site-packages/airflow/example_dags/example_python_decorator.py took 0.067 seconds
[2025-01-19T03:41:49.045+0000] {processor.py:186} INFO - Started process (PID=14501) to work on /home/vscode/.local/lib/python3.10/site-packages/airflow/example_dags/example_python_decorator.py
[2025-01-19T03:41:49.046+0000] {processor.py:914} INFO - Processing file /home/vscode/.local/lib/python3.10/site-packages/airflow/example_dags/example_python_decorator.py for tasks to queue
[2025-01-19T03:41:49.048+0000] {logging_mixin.py:190} INFO - [2025-01-19T03:41:49.047+0000] {dagbag.py:588} INFO - Filling up the DagBag from /home/vscode/.local/lib/python3.10/site-packages/airflow/example_dags/example_python_decorator.py
[2025-01-19T03:41:49.059+0000] {processor.py:925} INFO - DAG(s) 'example_python_decorator' retrieved from /home/vscode/.local/lib/python3.10/site-packages/airflow/example_dags/example_python_decorator.py
[2025-01-19T03:41:49.073+0000] {logging_mixin.py:190} INFO - [2025-01-19T03:41:49.072+0000] {dag.py:3239} INFO - Sync 1 DAGs
[2025-01-19T03:41:49.082+0000] {logging_mixin.py:190} INFO - [2025-01-19T03:41:49.082+0000] {dag.py:4180} INFO - Setting next_dagrun for example_python_decorator to None, run_after=None
[2025-01-19T03:41:49.096+0000] {processor.py:208} INFO - Processing /home/vscode/.local/lib/python3.10/site-packages/airflow/example_dags/example_python_decorator.py took 0.055 seconds
[2025-01-19T03:42:40.540+0000] {processor.py:186} INFO - Started process (PID=14844) to work on /home/vscode/.local/lib/python3.10/site-packages/airflow/example_dags/example_python_decorator.py
[2025-01-19T03:42:40.541+0000] {processor.py:914} INFO - Processing file /home/vscode/.local/lib/python3.10/site-packages/airflow/example_dags/example_python_decorator.py for tasks to queue
[2025-01-19T03:42:40.543+0000] {logging_mixin.py:190} INFO - [2025-01-19T03:42:40.542+0000] {dagbag.py:588} INFO - Filling up the DagBag from /home/vscode/.local/lib/python3.10/site-packages/airflow/example_dags/example_python_decorator.py
[2025-01-19T03:42:40.554+0000] {processor.py:925} INFO - DAG(s) 'example_python_decorator' retrieved from /home/vscode/.local/lib/python3.10/site-packages/airflow/example_dags/example_python_decorator.py
[2025-01-19T03:42:40.568+0000] {logging_mixin.py:190} INFO - [2025-01-19T03:42:40.568+0000] {dag.py:3239} INFO - Sync 1 DAGs
[2025-01-19T03:42:40.577+0000] {logging_mixin.py:190} INFO - [2025-01-19T03:42:40.576+0000] {dag.py:4180} INFO - Setting next_dagrun for example_python_decorator to None, run_after=None
[2025-01-19T03:42:40.591+0000] {processor.py:208} INFO - Processing /home/vscode/.local/lib/python3.10/site-packages/airflow/example_dags/example_python_decorator.py took 0.055 seconds
[2025-01-19T03:43:56.154+0000] {processor.py:186} INFO - Started process (PID=15358) to work on /home/vscode/.local/lib/python3.10/site-packages/airflow/example_dags/example_python_decorator.py
[2025-01-19T03:43:56.155+0000] {processor.py:914} INFO - Processing file /home/vscode/.local/lib/python3.10/site-packages/airflow/example_dags/example_python_decorator.py for tasks to queue
[2025-01-19T03:43:56.156+0000] {logging_mixin.py:190} INFO - [2025-01-19T03:43:56.156+0000] {dagbag.py:588} INFO - Filling up the DagBag from /home/vscode/.local/lib/python3.10/site-packages/airflow/example_dags/example_python_decorator.py
[2025-01-19T03:43:56.168+0000] {processor.py:925} INFO - DAG(s) 'example_python_decorator' retrieved from /home/vscode/.local/lib/python3.10/site-packages/airflow/example_dags/example_python_decorator.py
[2025-01-19T03:43:56.181+0000] {logging_mixin.py:190} INFO - [2025-01-19T03:43:56.181+0000] {dag.py:3239} INFO - Sync 1 DAGs
[2025-01-19T03:43:56.190+0000] {logging_mixin.py:190} INFO - [2025-01-19T03:43:56.190+0000] {dag.py:4180} INFO - Setting next_dagrun for example_python_decorator to None, run_after=None
[2025-01-19T03:43:56.204+0000] {processor.py:208} INFO - Processing /home/vscode/.local/lib/python3.10/site-packages/airflow/example_dags/example_python_decorator.py took 0.055 seconds
[2025-01-19T03:44:49.193+0000] {processor.py:186} INFO - Started process (PID=15714) to work on /home/vscode/.local/lib/python3.10/site-packages/airflow/example_dags/example_python_decorator.py
[2025-01-19T03:44:49.194+0000] {processor.py:914} INFO - Processing file /home/vscode/.local/lib/python3.10/site-packages/airflow/example_dags/example_python_decorator.py for tasks to queue
[2025-01-19T03:44:49.196+0000] {logging_mixin.py:190} INFO - [2025-01-19T03:44:49.196+0000] {dagbag.py:588} INFO - Filling up the DagBag from /home/vscode/.local/lib/python3.10/site-packages/airflow/example_dags/example_python_decorator.py
[2025-01-19T03:44:49.207+0000] {processor.py:925} INFO - DAG(s) 'example_python_decorator' retrieved from /home/vscode/.local/lib/python3.10/site-packages/airflow/example_dags/example_python_decorator.py
[2025-01-19T03:44:49.221+0000] {logging_mixin.py:190} INFO - [2025-01-19T03:44:49.221+0000] {dag.py:3239} INFO - Sync 1 DAGs
[2025-01-19T03:44:49.231+0000] {logging_mixin.py:190} INFO - [2025-01-19T03:44:49.231+0000] {dag.py:4180} INFO - Setting next_dagrun for example_python_decorator to None, run_after=None
[2025-01-19T03:44:49.246+0000] {processor.py:208} INFO - Processing /home/vscode/.local/lib/python3.10/site-packages/airflow/example_dags/example_python_decorator.py took 0.057 seconds
[2025-01-19T03:45:40.520+0000] {processor.py:186} INFO - Started process (PID=16060) to work on /home/vscode/.local/lib/python3.10/site-packages/airflow/example_dags/example_python_decorator.py
[2025-01-19T03:45:40.520+0000] {processor.py:914} INFO - Processing file /home/vscode/.local/lib/python3.10/site-packages/airflow/example_dags/example_python_decorator.py for tasks to queue
[2025-01-19T03:45:40.522+0000] {logging_mixin.py:190} INFO - [2025-01-19T03:45:40.522+0000] {dagbag.py:588} INFO - Filling up the DagBag from /home/vscode/.local/lib/python3.10/site-packages/airflow/example_dags/example_python_decorator.py
[2025-01-19T03:45:40.534+0000] {processor.py:925} INFO - DAG(s) 'example_python_decorator' retrieved from /home/vscode/.local/lib/python3.10/site-packages/airflow/example_dags/example_python_decorator.py
[2025-01-19T03:45:40.557+0000] {logging_mixin.py:190} INFO - [2025-01-19T03:45:40.556+0000] {dag.py:3239} INFO - Sync 1 DAGs
[2025-01-19T03:45:40.571+0000] {logging_mixin.py:190} INFO - [2025-01-19T03:45:40.570+0000] {dag.py:4180} INFO - Setting next_dagrun for example_python_decorator to None, run_after=None
[2025-01-19T03:45:40.588+0000] {processor.py:208} INFO - Processing /home/vscode/.local/lib/python3.10/site-packages/airflow/example_dags/example_python_decorator.py took 0.073 seconds
[2025-01-19T03:46:31.361+0000] {processor.py:186} INFO - Started process (PID=16399) to work on /home/vscode/.local/lib/python3.10/site-packages/airflow/example_dags/example_python_decorator.py
[2025-01-19T03:46:31.362+0000] {processor.py:914} INFO - Processing file /home/vscode/.local/lib/python3.10/site-packages/airflow/example_dags/example_python_decorator.py for tasks to queue
[2025-01-19T03:46:31.363+0000] {logging_mixin.py:190} INFO - [2025-01-19T03:46:31.363+0000] {dagbag.py:588} INFO - Filling up the DagBag from /home/vscode/.local/lib/python3.10/site-packages/airflow/example_dags/example_python_decorator.py
[2025-01-19T03:46:31.375+0000] {processor.py:925} INFO - DAG(s) 'example_python_decorator' retrieved from /home/vscode/.local/lib/python3.10/site-packages/airflow/example_dags/example_python_decorator.py
[2025-01-19T03:46:31.388+0000] {logging_mixin.py:190} INFO - [2025-01-19T03:46:31.388+0000] {dag.py:3239} INFO - Sync 1 DAGs
[2025-01-19T03:46:31.398+0000] {logging_mixin.py:190} INFO - [2025-01-19T03:46:31.398+0000] {dag.py:4180} INFO - Setting next_dagrun for example_python_decorator to None, run_after=None
[2025-01-19T03:46:31.414+0000] {processor.py:208} INFO - Processing /home/vscode/.local/lib/python3.10/site-packages/airflow/example_dags/example_python_decorator.py took 0.058 seconds
[2025-01-19T03:47:23.306+0000] {processor.py:186} INFO - Started process (PID=16750) to work on /home/vscode/.local/lib/python3.10/site-packages/airflow/example_dags/example_python_decorator.py
[2025-01-19T03:47:23.307+0000] {processor.py:914} INFO - Processing file /home/vscode/.local/lib/python3.10/site-packages/airflow/example_dags/example_python_decorator.py for tasks to queue
[2025-01-19T03:47:23.308+0000] {logging_mixin.py:190} INFO - [2025-01-19T03:47:23.308+0000] {dagbag.py:588} INFO - Filling up the DagBag from /home/vscode/.local/lib/python3.10/site-packages/airflow/example_dags/example_python_decorator.py
[2025-01-19T03:47:23.321+0000] {processor.py:925} INFO - DAG(s) 'example_python_decorator' retrieved from /home/vscode/.local/lib/python3.10/site-packages/airflow/example_dags/example_python_decorator.py
[2025-01-19T03:47:23.335+0000] {logging_mixin.py:190} INFO - [2025-01-19T03:47:23.335+0000] {dag.py:3239} INFO - Sync 1 DAGs
[2025-01-19T03:47:23.344+0000] {logging_mixin.py:190} INFO - [2025-01-19T03:47:23.344+0000] {dag.py:4180} INFO - Setting next_dagrun for example_python_decorator to None, run_after=None
[2025-01-19T03:47:23.358+0000] {processor.py:208} INFO - Processing /home/vscode/.local/lib/python3.10/site-packages/airflow/example_dags/example_python_decorator.py took 0.057 seconds
[2025-01-19T03:48:15.169+0000] {processor.py:186} INFO - Started process (PID=17105) to work on /home/vscode/.local/lib/python3.10/site-packages/airflow/example_dags/example_python_decorator.py
[2025-01-19T03:48:15.170+0000] {processor.py:914} INFO - Processing file /home/vscode/.local/lib/python3.10/site-packages/airflow/example_dags/example_python_decorator.py for tasks to queue
[2025-01-19T03:48:15.172+0000] {logging_mixin.py:190} INFO - [2025-01-19T03:48:15.172+0000] {dagbag.py:588} INFO - Filling up the DagBag from /home/vscode/.local/lib/python3.10/site-packages/airflow/example_dags/example_python_decorator.py
[2025-01-19T03:48:15.192+0000] {processor.py:925} INFO - DAG(s) 'example_python_decorator' retrieved from /home/vscode/.local/lib/python3.10/site-packages/airflow/example_dags/example_python_decorator.py
[2025-01-19T03:48:15.211+0000] {logging_mixin.py:190} INFO - [2025-01-19T03:48:15.211+0000] {dag.py:3239} INFO - Sync 1 DAGs
[2025-01-19T03:48:15.224+0000] {logging_mixin.py:190} INFO - [2025-01-19T03:48:15.223+0000] {dag.py:4180} INFO - Setting next_dagrun for example_python_decorator to None, run_after=None
[2025-01-19T03:48:15.244+0000] {processor.py:208} INFO - Processing /home/vscode/.local/lib/python3.10/site-packages/airflow/example_dags/example_python_decorator.py took 0.082 seconds
[2025-01-19T03:49:05.372+0000] {processor.py:186} INFO - Started process (PID=17536) to work on /home/vscode/.local/lib/python3.10/site-packages/airflow/example_dags/example_python_decorator.py
[2025-01-19T03:49:05.373+0000] {processor.py:914} INFO - Processing file /home/vscode/.local/lib/python3.10/site-packages/airflow/example_dags/example_python_decorator.py for tasks to queue
[2025-01-19T03:49:05.375+0000] {logging_mixin.py:190} INFO - [2025-01-19T03:49:05.375+0000] {dagbag.py:588} INFO - Filling up the DagBag from /home/vscode/.local/lib/python3.10/site-packages/airflow/example_dags/example_python_decorator.py
[2025-01-19T03:49:05.387+0000] {processor.py:925} INFO - DAG(s) 'example_python_decorator' retrieved from /home/vscode/.local/lib/python3.10/site-packages/airflow/example_dags/example_python_decorator.py
[2025-01-19T03:49:05.404+0000] {logging_mixin.py:190} INFO - [2025-01-19T03:49:05.404+0000] {dag.py:3239} INFO - Sync 1 DAGs
[2025-01-19T03:49:05.417+0000] {logging_mixin.py:190} INFO - [2025-01-19T03:49:05.417+0000] {dag.py:4180} INFO - Setting next_dagrun for example_python_decorator to None, run_after=None
[2025-01-19T03:49:05.443+0000] {processor.py:208} INFO - Processing /home/vscode/.local/lib/python3.10/site-packages/airflow/example_dags/example_python_decorator.py took 0.075 seconds
[2025-01-19T03:49:56.221+0000] {processor.py:186} INFO - Started process (PID=17943) to work on /home/vscode/.local/lib/python3.10/site-packages/airflow/example_dags/example_python_decorator.py
[2025-01-19T03:49:56.222+0000] {processor.py:914} INFO - Processing file /home/vscode/.local/lib/python3.10/site-packages/airflow/example_dags/example_python_decorator.py for tasks to queue
[2025-01-19T03:49:56.224+0000] {logging_mixin.py:190} INFO - [2025-01-19T03:49:56.223+0000] {dagbag.py:588} INFO - Filling up the DagBag from /home/vscode/.local/lib/python3.10/site-packages/airflow/example_dags/example_python_decorator.py
[2025-01-19T03:49:56.241+0000] {processor.py:925} INFO - DAG(s) 'example_python_decorator' retrieved from /home/vscode/.local/lib/python3.10/site-packages/airflow/example_dags/example_python_decorator.py
[2025-01-19T03:49:56.255+0000] {logging_mixin.py:190} INFO - [2025-01-19T03:49:56.255+0000] {dag.py:3239} INFO - Sync 1 DAGs
[2025-01-19T03:49:56.270+0000] {logging_mixin.py:190} INFO - [2025-01-19T03:49:56.270+0000] {dag.py:4180} INFO - Setting next_dagrun for example_python_decorator to None, run_after=None
[2025-01-19T03:49:56.293+0000] {processor.py:208} INFO - Processing /home/vscode/.local/lib/python3.10/site-packages/airflow/example_dags/example_python_decorator.py took 0.076 seconds
[2025-01-19T03:50:45.381+0000] {processor.py:186} INFO - Started process (PID=18319) to work on /home/vscode/.local/lib/python3.10/site-packages/airflow/example_dags/example_python_decorator.py
[2025-01-19T03:50:45.382+0000] {processor.py:914} INFO - Processing file /home/vscode/.local/lib/python3.10/site-packages/airflow/example_dags/example_python_decorator.py for tasks to queue
[2025-01-19T03:50:45.383+0000] {logging_mixin.py:190} INFO - [2025-01-19T03:50:45.383+0000] {dagbag.py:588} INFO - Filling up the DagBag from /home/vscode/.local/lib/python3.10/site-packages/airflow/example_dags/example_python_decorator.py
[2025-01-19T03:50:45.395+0000] {processor.py:925} INFO - DAG(s) 'example_python_decorator' retrieved from /home/vscode/.local/lib/python3.10/site-packages/airflow/example_dags/example_python_decorator.py
[2025-01-19T03:50:45.408+0000] {logging_mixin.py:190} INFO - [2025-01-19T03:50:45.408+0000] {dag.py:3239} INFO - Sync 1 DAGs
[2025-01-19T03:50:45.418+0000] {logging_mixin.py:190} INFO - [2025-01-19T03:50:45.417+0000] {dag.py:4180} INFO - Setting next_dagrun for example_python_decorator to None, run_after=None
[2025-01-19T03:50:45.432+0000] {processor.py:208} INFO - Processing /home/vscode/.local/lib/python3.10/site-packages/airflow/example_dags/example_python_decorator.py took 0.056 seconds
[2025-01-19T03:51:35.615+0000] {processor.py:186} INFO - Started process (PID=18761) to work on /home/vscode/.local/lib/python3.10/site-packages/airflow/example_dags/example_python_decorator.py
[2025-01-19T03:51:35.616+0000] {processor.py:914} INFO - Processing file /home/vscode/.local/lib/python3.10/site-packages/airflow/example_dags/example_python_decorator.py for tasks to queue
[2025-01-19T03:51:35.618+0000] {logging_mixin.py:190} INFO - [2025-01-19T03:51:35.617+0000] {dagbag.py:588} INFO - Filling up the DagBag from /home/vscode/.local/lib/python3.10/site-packages/airflow/example_dags/example_python_decorator.py
[2025-01-19T03:51:35.629+0000] {processor.py:925} INFO - DAG(s) 'example_python_decorator' retrieved from /home/vscode/.local/lib/python3.10/site-packages/airflow/example_dags/example_python_decorator.py
[2025-01-19T03:51:35.643+0000] {logging_mixin.py:190} INFO - [2025-01-19T03:51:35.643+0000] {dag.py:3239} INFO - Sync 1 DAGs
[2025-01-19T03:51:35.653+0000] {logging_mixin.py:190} INFO - [2025-01-19T03:51:35.653+0000] {dag.py:4180} INFO - Setting next_dagrun for example_python_decorator to None, run_after=None
[2025-01-19T03:51:35.668+0000] {processor.py:208} INFO - Processing /home/vscode/.local/lib/python3.10/site-packages/airflow/example_dags/example_python_decorator.py took 0.057 seconds
[2025-01-19T03:55:29.199+0000] {processor.py:186} INFO - Started process (PID=20345) to work on /home/vscode/.local/lib/python3.10/site-packages/airflow/example_dags/example_python_decorator.py
[2025-01-19T03:55:29.200+0000] {processor.py:914} INFO - Processing file /home/vscode/.local/lib/python3.10/site-packages/airflow/example_dags/example_python_decorator.py for tasks to queue
[2025-01-19T03:55:29.201+0000] {logging_mixin.py:190} INFO - [2025-01-19T03:55:29.201+0000] {dagbag.py:588} INFO - Filling up the DagBag from /home/vscode/.local/lib/python3.10/site-packages/airflow/example_dags/example_python_decorator.py
[2025-01-19T03:55:29.213+0000] {processor.py:925} INFO - DAG(s) 'example_python_decorator' retrieved from /home/vscode/.local/lib/python3.10/site-packages/airflow/example_dags/example_python_decorator.py
[2025-01-19T03:55:29.289+0000] {logging_mixin.py:190} INFO - [2025-01-19T03:55:29.289+0000] {dag.py:3239} INFO - Sync 1 DAGs
[2025-01-19T03:55:29.298+0000] {logging_mixin.py:190} INFO - [2025-01-19T03:55:29.298+0000] {dag.py:4180} INFO - Setting next_dagrun for example_python_decorator to None, run_after=None
[2025-01-19T03:55:29.314+0000] {processor.py:208} INFO - Processing /home/vscode/.local/lib/python3.10/site-packages/airflow/example_dags/example_python_decorator.py took 0.119 seconds
[2025-01-19T03:56:25.899+0000] {processor.py:186} INFO - Started process (PID=20721) to work on /home/vscode/.local/lib/python3.10/site-packages/airflow/example_dags/example_python_decorator.py
[2025-01-19T03:56:25.900+0000] {processor.py:914} INFO - Processing file /home/vscode/.local/lib/python3.10/site-packages/airflow/example_dags/example_python_decorator.py for tasks to queue
[2025-01-19T03:56:25.901+0000] {logging_mixin.py:190} INFO - [2025-01-19T03:56:25.901+0000] {dagbag.py:588} INFO - Filling up the DagBag from /home/vscode/.local/lib/python3.10/site-packages/airflow/example_dags/example_python_decorator.py
[2025-01-19T03:56:25.913+0000] {processor.py:925} INFO - DAG(s) 'example_python_decorator' retrieved from /home/vscode/.local/lib/python3.10/site-packages/airflow/example_dags/example_python_decorator.py
[2025-01-19T03:56:25.927+0000] {logging_mixin.py:190} INFO - [2025-01-19T03:56:25.927+0000] {dag.py:3239} INFO - Sync 1 DAGs
[2025-01-19T03:56:25.937+0000] {logging_mixin.py:190} INFO - [2025-01-19T03:56:25.936+0000] {dag.py:4180} INFO - Setting next_dagrun for example_python_decorator to None, run_after=None
[2025-01-19T03:56:25.951+0000] {processor.py:208} INFO - Processing /home/vscode/.local/lib/python3.10/site-packages/airflow/example_dags/example_python_decorator.py took 0.056 seconds
[2025-01-19T03:57:22.426+0000] {processor.py:186} INFO - Started process (PID=21110) to work on /home/vscode/.local/lib/python3.10/site-packages/airflow/example_dags/example_python_decorator.py
[2025-01-19T03:57:22.426+0000] {processor.py:914} INFO - Processing file /home/vscode/.local/lib/python3.10/site-packages/airflow/example_dags/example_python_decorator.py for tasks to queue
[2025-01-19T03:57:22.428+0000] {logging_mixin.py:190} INFO - [2025-01-19T03:57:22.428+0000] {dagbag.py:588} INFO - Filling up the DagBag from /home/vscode/.local/lib/python3.10/site-packages/airflow/example_dags/example_python_decorator.py
[2025-01-19T03:57:22.440+0000] {processor.py:925} INFO - DAG(s) 'example_python_decorator' retrieved from /home/vscode/.local/lib/python3.10/site-packages/airflow/example_dags/example_python_decorator.py
[2025-01-19T03:57:22.453+0000] {logging_mixin.py:190} INFO - [2025-01-19T03:57:22.453+0000] {dag.py:3239} INFO - Sync 1 DAGs
[2025-01-19T03:57:22.463+0000] {logging_mixin.py:190} INFO - [2025-01-19T03:57:22.462+0000] {dag.py:4180} INFO - Setting next_dagrun for example_python_decorator to None, run_after=None
[2025-01-19T03:57:22.478+0000] {processor.py:208} INFO - Processing /home/vscode/.local/lib/python3.10/site-packages/airflow/example_dags/example_python_decorator.py took 0.057 seconds
[2025-01-19T03:58:14.952+0000] {processor.py:186} INFO - Started process (PID=21464) to work on /home/vscode/.local/lib/python3.10/site-packages/airflow/example_dags/example_python_decorator.py
[2025-01-19T03:58:14.953+0000] {processor.py:914} INFO - Processing file /home/vscode/.local/lib/python3.10/site-packages/airflow/example_dags/example_python_decorator.py for tasks to queue
[2025-01-19T03:58:14.954+0000] {logging_mixin.py:190} INFO - [2025-01-19T03:58:14.954+0000] {dagbag.py:588} INFO - Filling up the DagBag from /home/vscode/.local/lib/python3.10/site-packages/airflow/example_dags/example_python_decorator.py
[2025-01-19T03:58:14.966+0000] {processor.py:925} INFO - DAG(s) 'example_python_decorator' retrieved from /home/vscode/.local/lib/python3.10/site-packages/airflow/example_dags/example_python_decorator.py
[2025-01-19T03:58:14.979+0000] {logging_mixin.py:190} INFO - [2025-01-19T03:58:14.979+0000] {dag.py:3239} INFO - Sync 1 DAGs
[2025-01-19T03:58:14.988+0000] {logging_mixin.py:190} INFO - [2025-01-19T03:58:14.988+0000] {dag.py:4180} INFO - Setting next_dagrun for example_python_decorator to None, run_after=None
[2025-01-19T03:58:15.003+0000] {processor.py:208} INFO - Processing /home/vscode/.local/lib/python3.10/site-packages/airflow/example_dags/example_python_decorator.py took 0.055 seconds
[2025-01-19T03:59:04.662+0000] {processor.py:186} INFO - Started process (PID=21807) to work on /home/vscode/.local/lib/python3.10/site-packages/airflow/example_dags/example_python_decorator.py
[2025-01-19T03:59:04.662+0000] {processor.py:914} INFO - Processing file /home/vscode/.local/lib/python3.10/site-packages/airflow/example_dags/example_python_decorator.py for tasks to queue
[2025-01-19T03:59:04.664+0000] {logging_mixin.py:190} INFO - [2025-01-19T03:59:04.664+0000] {dagbag.py:588} INFO - Filling up the DagBag from /home/vscode/.local/lib/python3.10/site-packages/airflow/example_dags/example_python_decorator.py
[2025-01-19T03:59:04.676+0000] {processor.py:925} INFO - DAG(s) 'example_python_decorator' retrieved from /home/vscode/.local/lib/python3.10/site-packages/airflow/example_dags/example_python_decorator.py
[2025-01-19T03:59:04.690+0000] {logging_mixin.py:190} INFO - [2025-01-19T03:59:04.690+0000] {dag.py:3239} INFO - Sync 1 DAGs
[2025-01-19T03:59:04.699+0000] {logging_mixin.py:190} INFO - [2025-01-19T03:59:04.699+0000] {dag.py:4180} INFO - Setting next_dagrun for example_python_decorator to None, run_after=None
[2025-01-19T03:59:04.714+0000] {processor.py:208} INFO - Processing /home/vscode/.local/lib/python3.10/site-packages/airflow/example_dags/example_python_decorator.py took 0.057 seconds
[2025-01-19T03:59:56.663+0000] {processor.py:186} INFO - Started process (PID=22158) to work on /home/vscode/.local/lib/python3.10/site-packages/airflow/example_dags/example_python_decorator.py
[2025-01-19T03:59:56.664+0000] {processor.py:914} INFO - Processing file /home/vscode/.local/lib/python3.10/site-packages/airflow/example_dags/example_python_decorator.py for tasks to queue
[2025-01-19T03:59:56.665+0000] {logging_mixin.py:190} INFO - [2025-01-19T03:59:56.665+0000] {dagbag.py:588} INFO - Filling up the DagBag from /home/vscode/.local/lib/python3.10/site-packages/airflow/example_dags/example_python_decorator.py
[2025-01-19T03:59:56.677+0000] {processor.py:925} INFO - DAG(s) 'example_python_decorator' retrieved from /home/vscode/.local/lib/python3.10/site-packages/airflow/example_dags/example_python_decorator.py
[2025-01-19T03:59:56.690+0000] {logging_mixin.py:190} INFO - [2025-01-19T03:59:56.690+0000] {dag.py:3239} INFO - Sync 1 DAGs
[2025-01-19T03:59:56.700+0000] {logging_mixin.py:190} INFO - [2025-01-19T03:59:56.700+0000] {dag.py:4180} INFO - Setting next_dagrun for example_python_decorator to None, run_after=None
[2025-01-19T03:59:56.714+0000] {processor.py:208} INFO - Processing /home/vscode/.local/lib/python3.10/site-packages/airflow/example_dags/example_python_decorator.py took 0.056 seconds
[2025-01-19T04:00:49.053+0000] {processor.py:186} INFO - Started process (PID=22510) to work on /home/vscode/.local/lib/python3.10/site-packages/airflow/example_dags/example_python_decorator.py
[2025-01-19T04:00:49.054+0000] {processor.py:914} INFO - Processing file /home/vscode/.local/lib/python3.10/site-packages/airflow/example_dags/example_python_decorator.py for tasks to queue
[2025-01-19T04:00:49.055+0000] {logging_mixin.py:190} INFO - [2025-01-19T04:00:49.055+0000] {dagbag.py:588} INFO - Filling up the DagBag from /home/vscode/.local/lib/python3.10/site-packages/airflow/example_dags/example_python_decorator.py
[2025-01-19T04:00:49.067+0000] {processor.py:925} INFO - DAG(s) 'example_python_decorator' retrieved from /home/vscode/.local/lib/python3.10/site-packages/airflow/example_dags/example_python_decorator.py
[2025-01-19T04:00:49.080+0000] {logging_mixin.py:190} INFO - [2025-01-19T04:00:49.080+0000] {dag.py:3239} INFO - Sync 1 DAGs
[2025-01-19T04:00:49.089+0000] {logging_mixin.py:190} INFO - [2025-01-19T04:00:49.089+0000] {dag.py:4180} INFO - Setting next_dagrun for example_python_decorator to None, run_after=None
[2025-01-19T04:00:49.104+0000] {processor.py:208} INFO - Processing /home/vscode/.local/lib/python3.10/site-packages/airflow/example_dags/example_python_decorator.py took 0.055 seconds
[2025-01-19T04:02:04.045+0000] {processor.py:186} INFO - Started process (PID=23027) to work on /home/vscode/.local/lib/python3.10/site-packages/airflow/example_dags/example_python_decorator.py
[2025-01-19T04:02:04.046+0000] {processor.py:914} INFO - Processing file /home/vscode/.local/lib/python3.10/site-packages/airflow/example_dags/example_python_decorator.py for tasks to queue
[2025-01-19T04:02:04.048+0000] {logging_mixin.py:190} INFO - [2025-01-19T04:02:04.047+0000] {dagbag.py:588} INFO - Filling up the DagBag from /home/vscode/.local/lib/python3.10/site-packages/airflow/example_dags/example_python_decorator.py
[2025-01-19T04:02:04.060+0000] {processor.py:925} INFO - DAG(s) 'example_python_decorator' retrieved from /home/vscode/.local/lib/python3.10/site-packages/airflow/example_dags/example_python_decorator.py
[2025-01-19T04:02:04.074+0000] {logging_mixin.py:190} INFO - [2025-01-19T04:02:04.074+0000] {dag.py:3239} INFO - Sync 1 DAGs
[2025-01-19T04:02:04.083+0000] {logging_mixin.py:190} INFO - [2025-01-19T04:02:04.083+0000] {dag.py:4180} INFO - Setting next_dagrun for example_python_decorator to None, run_after=None
[2025-01-19T04:02:04.098+0000] {processor.py:208} INFO - Processing /home/vscode/.local/lib/python3.10/site-packages/airflow/example_dags/example_python_decorator.py took 0.058 seconds
[2025-01-19T04:02:55.426+0000] {processor.py:186} INFO - Started process (PID=23474) to work on /home/vscode/.local/lib/python3.10/site-packages/airflow/example_dags/example_python_decorator.py
[2025-01-19T04:02:55.426+0000] {processor.py:914} INFO - Processing file /home/vscode/.local/lib/python3.10/site-packages/airflow/example_dags/example_python_decorator.py for tasks to queue
[2025-01-19T04:02:55.428+0000] {logging_mixin.py:190} INFO - [2025-01-19T04:02:55.428+0000] {dagbag.py:588} INFO - Filling up the DagBag from /home/vscode/.local/lib/python3.10/site-packages/airflow/example_dags/example_python_decorator.py
[2025-01-19T04:02:55.439+0000] {processor.py:925} INFO - DAG(s) 'example_python_decorator' retrieved from /home/vscode/.local/lib/python3.10/site-packages/airflow/example_dags/example_python_decorator.py
[2025-01-19T04:02:55.456+0000] {logging_mixin.py:190} INFO - [2025-01-19T04:02:55.456+0000] {dag.py:3239} INFO - Sync 1 DAGs
[2025-01-19T04:02:55.467+0000] {logging_mixin.py:190} INFO - [2025-01-19T04:02:55.467+0000] {dag.py:4180} INFO - Setting next_dagrun for example_python_decorator to None, run_after=None
[2025-01-19T04:02:55.482+0000] {processor.py:208} INFO - Processing /home/vscode/.local/lib/python3.10/site-packages/airflow/example_dags/example_python_decorator.py took 0.061 seconds
