[2025-01-19T03:21:25.831+0000] {processor.py:186} INFO - Started process (PID=5376) to work on /home/vscode/.local/lib/python3.10/site-packages/airflow/example_dags/example_bash_decorator.py
[2025-01-19T03:21:25.831+0000] {processor.py:914} INFO - Processing file /home/vscode/.local/lib/python3.10/site-packages/airflow/example_dags/example_bash_decorator.py for tasks to queue
[2025-01-19T03:21:25.833+0000] {logging_mixin.py:190} INFO - [2025-01-19T03:21:25.833+0000] {dagbag.py:588} INFO - Filling up the DagBag from /home/vscode/.local/lib/python3.10/site-packages/airflow/example_dags/example_bash_decorator.py
[2025-01-19T03:21:25.846+0000] {processor.py:925} INFO - DAG(s) 'example_bash_decorator' retrieved from /home/vscode/.local/lib/python3.10/site-packages/airflow/example_dags/example_bash_decorator.py
[2025-01-19T03:21:25.931+0000] {logging_mixin.py:190} INFO - [2025-01-19T03:21:25.931+0000] {override.py:1911} INFO - Created Permission View: can read on DAG:example_bash_decorator
[2025-01-19T03:21:25.940+0000] {logging_mixin.py:190} INFO - [2025-01-19T03:21:25.940+0000] {override.py:1911} INFO - Created Permission View: can edit on DAG:example_bash_decorator
[2025-01-19T03:21:25.946+0000] {logging_mixin.py:190} INFO - [2025-01-19T03:21:25.945+0000] {override.py:1911} INFO - Created Permission View: can delete on DAG:example_bash_decorator
[2025-01-19T03:21:25.954+0000] {logging_mixin.py:190} INFO - [2025-01-19T03:21:25.954+0000] {override.py:1911} INFO - Created Permission View: menu access on DAG Run:example_bash_decorator
[2025-01-19T03:21:25.961+0000] {logging_mixin.py:190} INFO - [2025-01-19T03:21:25.960+0000] {override.py:1911} INFO - Created Permission View: can read on DAG Run:example_bash_decorator
[2025-01-19T03:21:25.967+0000] {logging_mixin.py:190} INFO - [2025-01-19T03:21:25.966+0000] {override.py:1911} INFO - Created Permission View: can create on DAG Run:example_bash_decorator
[2025-01-19T03:21:25.973+0000] {logging_mixin.py:190} INFO - [2025-01-19T03:21:25.972+0000] {override.py:1911} INFO - Created Permission View: can delete on DAG Run:example_bash_decorator
[2025-01-19T03:21:25.973+0000] {logging_mixin.py:190} INFO - [2025-01-19T03:21:25.973+0000] {dag.py:3239} INFO - Sync 1 DAGs
[2025-01-19T03:21:25.983+0000] {logging_mixin.py:190} INFO - [2025-01-19T03:21:25.983+0000] {dag.py:3262} INFO - Creating ORM DAG for example_bash_decorator
[2025-01-19T03:21:25.984+0000] {logging_mixin.py:190} INFO - [2025-01-19T03:21:25.984+0000] {dag.py:4180} INFO - Setting next_dagrun for example_bash_decorator to None, run_after=None
[2025-01-19T03:21:25.998+0000] {processor.py:208} INFO - Processing /home/vscode/.local/lib/python3.10/site-packages/airflow/example_dags/example_bash_decorator.py took 0.171 seconds
[2025-01-19T03:22:22.575+0000] {processor.py:186} INFO - Started process (PID=5778) to work on /home/vscode/.local/lib/python3.10/site-packages/airflow/example_dags/example_bash_decorator.py
[2025-01-19T03:22:22.576+0000] {processor.py:914} INFO - Processing file /home/vscode/.local/lib/python3.10/site-packages/airflow/example_dags/example_bash_decorator.py for tasks to queue
[2025-01-19T03:22:22.578+0000] {logging_mixin.py:190} INFO - [2025-01-19T03:22:22.577+0000] {dagbag.py:588} INFO - Filling up the DagBag from /home/vscode/.local/lib/python3.10/site-packages/airflow/example_dags/example_bash_decorator.py
[2025-01-19T03:22:22.590+0000] {processor.py:925} INFO - DAG(s) 'example_bash_decorator' retrieved from /home/vscode/.local/lib/python3.10/site-packages/airflow/example_dags/example_bash_decorator.py
[2025-01-19T03:22:22.604+0000] {logging_mixin.py:190} INFO - [2025-01-19T03:22:22.604+0000] {dag.py:3239} INFO - Sync 1 DAGs
[2025-01-19T03:22:22.614+0000] {logging_mixin.py:190} INFO - [2025-01-19T03:22:22.613+0000] {dag.py:4180} INFO - Setting next_dagrun for example_bash_decorator to None, run_after=None
[2025-01-19T03:22:22.627+0000] {processor.py:208} INFO - Processing /home/vscode/.local/lib/python3.10/site-packages/airflow/example_dags/example_bash_decorator.py took 0.057 seconds
[2025-01-19T03:23:16.972+0000] {processor.py:186} INFO - Started process (PID=6257) to work on /home/vscode/.local/lib/python3.10/site-packages/airflow/example_dags/example_bash_decorator.py
[2025-01-19T03:23:16.973+0000] {processor.py:914} INFO - Processing file /home/vscode/.local/lib/python3.10/site-packages/airflow/example_dags/example_bash_decorator.py for tasks to queue
[2025-01-19T03:23:16.974+0000] {logging_mixin.py:190} INFO - [2025-01-19T03:23:16.974+0000] {dagbag.py:588} INFO - Filling up the DagBag from /home/vscode/.local/lib/python3.10/site-packages/airflow/example_dags/example_bash_decorator.py
[2025-01-19T03:23:16.987+0000] {processor.py:925} INFO - DAG(s) 'example_bash_decorator' retrieved from /home/vscode/.local/lib/python3.10/site-packages/airflow/example_dags/example_bash_decorator.py
[2025-01-19T03:23:17.001+0000] {logging_mixin.py:190} INFO - [2025-01-19T03:23:17.001+0000] {dag.py:3239} INFO - Sync 1 DAGs
[2025-01-19T03:23:17.010+0000] {logging_mixin.py:190} INFO - [2025-01-19T03:23:17.010+0000] {dag.py:4180} INFO - Setting next_dagrun for example_bash_decorator to None, run_after=None
[2025-01-19T03:23:17.024+0000] {processor.py:208} INFO - Processing /home/vscode/.local/lib/python3.10/site-packages/airflow/example_dags/example_bash_decorator.py took 0.056 seconds
[2025-01-19T03:24:31.294+0000] {processor.py:186} INFO - Started process (PID=6836) to work on /home/vscode/.local/lib/python3.10/site-packages/airflow/example_dags/example_bash_decorator.py
[2025-01-19T03:24:31.295+0000] {processor.py:914} INFO - Processing file /home/vscode/.local/lib/python3.10/site-packages/airflow/example_dags/example_bash_decorator.py for tasks to queue
[2025-01-19T03:24:31.296+0000] {logging_mixin.py:190} INFO - [2025-01-19T03:24:31.296+0000] {dagbag.py:588} INFO - Filling up the DagBag from /home/vscode/.local/lib/python3.10/site-packages/airflow/example_dags/example_bash_decorator.py
[2025-01-19T03:24:31.308+0000] {processor.py:925} INFO - DAG(s) 'example_bash_decorator' retrieved from /home/vscode/.local/lib/python3.10/site-packages/airflow/example_dags/example_bash_decorator.py
[2025-01-19T03:24:31.323+0000] {logging_mixin.py:190} INFO - [2025-01-19T03:24:31.322+0000] {dag.py:3239} INFO - Sync 1 DAGs
[2025-01-19T03:24:31.332+0000] {logging_mixin.py:190} INFO - [2025-01-19T03:24:31.332+0000] {dag.py:4180} INFO - Setting next_dagrun for example_bash_decorator to None, run_after=None
[2025-01-19T03:24:31.347+0000] {processor.py:208} INFO - Processing /home/vscode/.local/lib/python3.10/site-packages/airflow/example_dags/example_bash_decorator.py took 0.058 seconds
[2025-01-19T03:25:26.007+0000] {processor.py:186} INFO - Started process (PID=7278) to work on /home/vscode/.local/lib/python3.10/site-packages/airflow/example_dags/example_bash_decorator.py
[2025-01-19T03:25:26.008+0000] {processor.py:914} INFO - Processing file /home/vscode/.local/lib/python3.10/site-packages/airflow/example_dags/example_bash_decorator.py for tasks to queue
[2025-01-19T03:25:26.009+0000] {logging_mixin.py:190} INFO - [2025-01-19T03:25:26.009+0000] {dagbag.py:588} INFO - Filling up the DagBag from /home/vscode/.local/lib/python3.10/site-packages/airflow/example_dags/example_bash_decorator.py
[2025-01-19T03:25:26.021+0000] {processor.py:925} INFO - DAG(s) 'example_bash_decorator' retrieved from /home/vscode/.local/lib/python3.10/site-packages/airflow/example_dags/example_bash_decorator.py
[2025-01-19T03:25:26.035+0000] {logging_mixin.py:190} INFO - [2025-01-19T03:25:26.035+0000] {dag.py:3239} INFO - Sync 1 DAGs
[2025-01-19T03:25:26.044+0000] {logging_mixin.py:190} INFO - [2025-01-19T03:25:26.044+0000] {dag.py:4180} INFO - Setting next_dagrun for example_bash_decorator to None, run_after=None
[2025-01-19T03:25:26.059+0000] {processor.py:208} INFO - Processing /home/vscode/.local/lib/python3.10/site-packages/airflow/example_dags/example_bash_decorator.py took 0.056 seconds
[2025-01-19T03:26:42.069+0000] {processor.py:186} INFO - Started process (PID=7862) to work on /home/vscode/.local/lib/python3.10/site-packages/airflow/example_dags/example_bash_decorator.py
[2025-01-19T03:26:42.069+0000] {processor.py:914} INFO - Processing file /home/vscode/.local/lib/python3.10/site-packages/airflow/example_dags/example_bash_decorator.py for tasks to queue
[2025-01-19T03:26:42.071+0000] {logging_mixin.py:190} INFO - [2025-01-19T03:26:42.071+0000] {dagbag.py:588} INFO - Filling up the DagBag from /home/vscode/.local/lib/python3.10/site-packages/airflow/example_dags/example_bash_decorator.py
[2025-01-19T03:26:42.084+0000] {processor.py:925} INFO - DAG(s) 'example_bash_decorator' retrieved from /home/vscode/.local/lib/python3.10/site-packages/airflow/example_dags/example_bash_decorator.py
[2025-01-19T03:26:42.107+0000] {logging_mixin.py:190} INFO - [2025-01-19T03:26:42.106+0000] {dag.py:3239} INFO - Sync 1 DAGs
[2025-01-19T03:26:42.124+0000] {logging_mixin.py:190} INFO - [2025-01-19T03:26:42.124+0000] {dag.py:4180} INFO - Setting next_dagrun for example_bash_decorator to None, run_after=None
[2025-01-19T03:26:42.144+0000] {processor.py:208} INFO - Processing /home/vscode/.local/lib/python3.10/site-packages/airflow/example_dags/example_bash_decorator.py took 0.080 seconds
[2025-01-19T03:28:01.500+0000] {processor.py:186} INFO - Started process (PID=8528) to work on /home/vscode/.local/lib/python3.10/site-packages/airflow/example_dags/example_bash_decorator.py
[2025-01-19T03:28:01.501+0000] {processor.py:914} INFO - Processing file /home/vscode/.local/lib/python3.10/site-packages/airflow/example_dags/example_bash_decorator.py for tasks to queue
[2025-01-19T03:28:01.503+0000] {logging_mixin.py:190} INFO - [2025-01-19T03:28:01.503+0000] {dagbag.py:588} INFO - Filling up the DagBag from /home/vscode/.local/lib/python3.10/site-packages/airflow/example_dags/example_bash_decorator.py
[2025-01-19T03:28:01.515+0000] {processor.py:925} INFO - DAG(s) 'example_bash_decorator' retrieved from /home/vscode/.local/lib/python3.10/site-packages/airflow/example_dags/example_bash_decorator.py
[2025-01-19T03:28:01.530+0000] {logging_mixin.py:190} INFO - [2025-01-19T03:28:01.530+0000] {dag.py:3239} INFO - Sync 1 DAGs
[2025-01-19T03:28:01.539+0000] {logging_mixin.py:190} INFO - [2025-01-19T03:28:01.539+0000] {dag.py:4180} INFO - Setting next_dagrun for example_bash_decorator to None, run_after=None
[2025-01-19T03:28:01.554+0000] {processor.py:208} INFO - Processing /home/vscode/.local/lib/python3.10/site-packages/airflow/example_dags/example_bash_decorator.py took 0.058 seconds
[2025-01-19T03:28:54.662+0000] {processor.py:186} INFO - Started process (PID=8968) to work on /home/vscode/.local/lib/python3.10/site-packages/airflow/example_dags/example_bash_decorator.py
[2025-01-19T03:28:54.663+0000] {processor.py:914} INFO - Processing file /home/vscode/.local/lib/python3.10/site-packages/airflow/example_dags/example_bash_decorator.py for tasks to queue
[2025-01-19T03:28:54.665+0000] {logging_mixin.py:190} INFO - [2025-01-19T03:28:54.664+0000] {dagbag.py:588} INFO - Filling up the DagBag from /home/vscode/.local/lib/python3.10/site-packages/airflow/example_dags/example_bash_decorator.py
[2025-01-19T03:28:54.676+0000] {processor.py:925} INFO - DAG(s) 'example_bash_decorator' retrieved from /home/vscode/.local/lib/python3.10/site-packages/airflow/example_dags/example_bash_decorator.py
[2025-01-19T03:28:54.690+0000] {logging_mixin.py:190} INFO - [2025-01-19T03:28:54.690+0000] {dag.py:3239} INFO - Sync 1 DAGs
[2025-01-19T03:28:54.700+0000] {logging_mixin.py:190} INFO - [2025-01-19T03:28:54.699+0000] {dag.py:4180} INFO - Setting next_dagrun for example_bash_decorator to None, run_after=None
[2025-01-19T03:28:54.713+0000] {processor.py:208} INFO - Processing /home/vscode/.local/lib/python3.10/site-packages/airflow/example_dags/example_bash_decorator.py took 0.056 seconds
[2025-01-19T03:30:10.664+0000] {processor.py:186} INFO - Started process (PID=9497) to work on /home/vscode/.local/lib/python3.10/site-packages/airflow/example_dags/example_bash_decorator.py
[2025-01-19T03:30:10.665+0000] {processor.py:914} INFO - Processing file /home/vscode/.local/lib/python3.10/site-packages/airflow/example_dags/example_bash_decorator.py for tasks to queue
[2025-01-19T03:30:10.666+0000] {logging_mixin.py:190} INFO - [2025-01-19T03:30:10.666+0000] {dagbag.py:588} INFO - Filling up the DagBag from /home/vscode/.local/lib/python3.10/site-packages/airflow/example_dags/example_bash_decorator.py
[2025-01-19T03:30:10.678+0000] {processor.py:925} INFO - DAG(s) 'example_bash_decorator' retrieved from /home/vscode/.local/lib/python3.10/site-packages/airflow/example_dags/example_bash_decorator.py
[2025-01-19T03:30:10.693+0000] {logging_mixin.py:190} INFO - [2025-01-19T03:30:10.693+0000] {dag.py:3239} INFO - Sync 1 DAGs
[2025-01-19T03:30:10.702+0000] {logging_mixin.py:190} INFO - [2025-01-19T03:30:10.702+0000] {dag.py:4180} INFO - Setting next_dagrun for example_bash_decorator to None, run_after=None
[2025-01-19T03:30:10.715+0000] {processor.py:208} INFO - Processing /home/vscode/.local/lib/python3.10/site-packages/airflow/example_dags/example_bash_decorator.py took 0.056 seconds
[2025-01-19T03:31:19.785+0000] {processor.py:186} INFO - Started process (PID=9968) to work on /home/vscode/.local/lib/python3.10/site-packages/airflow/example_dags/example_bash_decorator.py
[2025-01-19T03:31:19.786+0000] {processor.py:914} INFO - Processing file /home/vscode/.local/lib/python3.10/site-packages/airflow/example_dags/example_bash_decorator.py for tasks to queue
[2025-01-19T03:31:19.787+0000] {logging_mixin.py:190} INFO - [2025-01-19T03:31:19.787+0000] {dagbag.py:588} INFO - Filling up the DagBag from /home/vscode/.local/lib/python3.10/site-packages/airflow/example_dags/example_bash_decorator.py
[2025-01-19T03:31:19.801+0000] {processor.py:925} INFO - DAG(s) 'example_bash_decorator' retrieved from /home/vscode/.local/lib/python3.10/site-packages/airflow/example_dags/example_bash_decorator.py
[2025-01-19T03:31:19.815+0000] {logging_mixin.py:190} INFO - [2025-01-19T03:31:19.815+0000] {dag.py:3239} INFO - Sync 1 DAGs
[2025-01-19T03:31:19.825+0000] {logging_mixin.py:190} INFO - [2025-01-19T03:31:19.825+0000] {dag.py:4180} INFO - Setting next_dagrun for example_bash_decorator to None, run_after=None
[2025-01-19T03:31:19.838+0000] {processor.py:208} INFO - Processing /home/vscode/.local/lib/python3.10/site-packages/airflow/example_dags/example_bash_decorator.py took 0.057 seconds
[2025-01-19T03:32:12.310+0000] {processor.py:186} INFO - Started process (PID=10386) to work on /home/vscode/.local/lib/python3.10/site-packages/airflow/example_dags/example_bash_decorator.py
[2025-01-19T03:32:12.311+0000] {processor.py:914} INFO - Processing file /home/vscode/.local/lib/python3.10/site-packages/airflow/example_dags/example_bash_decorator.py for tasks to queue
[2025-01-19T03:32:12.313+0000] {logging_mixin.py:190} INFO - [2025-01-19T03:32:12.313+0000] {dagbag.py:588} INFO - Filling up the DagBag from /home/vscode/.local/lib/python3.10/site-packages/airflow/example_dags/example_bash_decorator.py
[2025-01-19T03:32:12.330+0000] {processor.py:925} INFO - DAG(s) 'example_bash_decorator' retrieved from /home/vscode/.local/lib/python3.10/site-packages/airflow/example_dags/example_bash_decorator.py
[2025-01-19T03:32:12.351+0000] {logging_mixin.py:190} INFO - [2025-01-19T03:32:12.351+0000] {dag.py:3239} INFO - Sync 1 DAGs
[2025-01-19T03:32:12.362+0000] {logging_mixin.py:190} INFO - [2025-01-19T03:32:12.361+0000] {dag.py:4180} INFO - Setting next_dagrun for example_bash_decorator to None, run_after=None
[2025-01-19T03:32:12.376+0000] {processor.py:208} INFO - Processing /home/vscode/.local/lib/python3.10/site-packages/airflow/example_dags/example_bash_decorator.py took 0.073 seconds
[2025-01-19T03:33:29.403+0000] {processor.py:186} INFO - Started process (PID=10987) to work on /home/vscode/.local/lib/python3.10/site-packages/airflow/example_dags/example_bash_decorator.py
[2025-01-19T03:33:29.404+0000] {processor.py:914} INFO - Processing file /home/vscode/.local/lib/python3.10/site-packages/airflow/example_dags/example_bash_decorator.py for tasks to queue
[2025-01-19T03:33:29.405+0000] {logging_mixin.py:190} INFO - [2025-01-19T03:33:29.405+0000] {dagbag.py:588} INFO - Filling up the DagBag from /home/vscode/.local/lib/python3.10/site-packages/airflow/example_dags/example_bash_decorator.py
[2025-01-19T03:33:29.417+0000] {processor.py:925} INFO - DAG(s) 'example_bash_decorator' retrieved from /home/vscode/.local/lib/python3.10/site-packages/airflow/example_dags/example_bash_decorator.py
[2025-01-19T03:33:29.431+0000] {logging_mixin.py:190} INFO - [2025-01-19T03:33:29.431+0000] {dag.py:3239} INFO - Sync 1 DAGs
[2025-01-19T03:33:29.440+0000] {logging_mixin.py:190} INFO - [2025-01-19T03:33:29.440+0000] {dag.py:4180} INFO - Setting next_dagrun for example_bash_decorator to None, run_after=None
[2025-01-19T03:33:29.454+0000] {processor.py:208} INFO - Processing /home/vscode/.local/lib/python3.10/site-packages/airflow/example_dags/example_bash_decorator.py took 0.055 seconds
[2025-01-19T03:34:43.106+0000] {processor.py:186} INFO - Started process (PID=11543) to work on /home/vscode/.local/lib/python3.10/site-packages/airflow/example_dags/example_bash_decorator.py
[2025-01-19T03:34:43.107+0000] {processor.py:914} INFO - Processing file /home/vscode/.local/lib/python3.10/site-packages/airflow/example_dags/example_bash_decorator.py for tasks to queue
[2025-01-19T03:34:43.108+0000] {logging_mixin.py:190} INFO - [2025-01-19T03:34:43.108+0000] {dagbag.py:588} INFO - Filling up the DagBag from /home/vscode/.local/lib/python3.10/site-packages/airflow/example_dags/example_bash_decorator.py
[2025-01-19T03:34:43.121+0000] {processor.py:925} INFO - DAG(s) 'example_bash_decorator' retrieved from /home/vscode/.local/lib/python3.10/site-packages/airflow/example_dags/example_bash_decorator.py
[2025-01-19T03:34:43.135+0000] {logging_mixin.py:190} INFO - [2025-01-19T03:34:43.135+0000] {dag.py:3239} INFO - Sync 1 DAGs
[2025-01-19T03:34:43.144+0000] {logging_mixin.py:190} INFO - [2025-01-19T03:34:43.144+0000] {dag.py:4180} INFO - Setting next_dagrun for example_bash_decorator to None, run_after=None
[2025-01-19T03:34:43.158+0000] {processor.py:208} INFO - Processing /home/vscode/.local/lib/python3.10/site-packages/airflow/example_dags/example_bash_decorator.py took 0.057 seconds
[2025-01-19T03:35:58.488+0000] {processor.py:186} INFO - Started process (PID=12121) to work on /home/vscode/.local/lib/python3.10/site-packages/airflow/example_dags/example_bash_decorator.py
[2025-01-19T03:35:58.489+0000] {processor.py:914} INFO - Processing file /home/vscode/.local/lib/python3.10/site-packages/airflow/example_dags/example_bash_decorator.py for tasks to queue
[2025-01-19T03:35:58.491+0000] {logging_mixin.py:190} INFO - [2025-01-19T03:35:58.490+0000] {dagbag.py:588} INFO - Filling up the DagBag from /home/vscode/.local/lib/python3.10/site-packages/airflow/example_dags/example_bash_decorator.py
[2025-01-19T03:35:58.503+0000] {processor.py:925} INFO - DAG(s) 'example_bash_decorator' retrieved from /home/vscode/.local/lib/python3.10/site-packages/airflow/example_dags/example_bash_decorator.py
[2025-01-19T03:35:58.521+0000] {logging_mixin.py:190} INFO - [2025-01-19T03:35:58.521+0000] {dag.py:3239} INFO - Sync 1 DAGs
[2025-01-19T03:35:58.531+0000] {logging_mixin.py:190} INFO - [2025-01-19T03:35:58.531+0000] {dag.py:4180} INFO - Setting next_dagrun for example_bash_decorator to None, run_after=None
[2025-01-19T03:35:58.544+0000] {processor.py:208} INFO - Processing /home/vscode/.local/lib/python3.10/site-packages/airflow/example_dags/example_bash_decorator.py took 0.061 seconds
[2025-01-19T03:37:12.106+0000] {processor.py:186} INFO - Started process (PID=12628) to work on /home/vscode/.local/lib/python3.10/site-packages/airflow/example_dags/example_bash_decorator.py
[2025-01-19T03:37:12.107+0000] {processor.py:914} INFO - Processing file /home/vscode/.local/lib/python3.10/site-packages/airflow/example_dags/example_bash_decorator.py for tasks to queue
[2025-01-19T03:37:12.109+0000] {logging_mixin.py:190} INFO - [2025-01-19T03:37:12.108+0000] {dagbag.py:588} INFO - Filling up the DagBag from /home/vscode/.local/lib/python3.10/site-packages/airflow/example_dags/example_bash_decorator.py
[2025-01-19T03:37:12.121+0000] {processor.py:925} INFO - DAG(s) 'example_bash_decorator' retrieved from /home/vscode/.local/lib/python3.10/site-packages/airflow/example_dags/example_bash_decorator.py
[2025-01-19T03:37:12.135+0000] {logging_mixin.py:190} INFO - [2025-01-19T03:37:12.135+0000] {dag.py:3239} INFO - Sync 1 DAGs
[2025-01-19T03:37:12.144+0000] {logging_mixin.py:190} INFO - [2025-01-19T03:37:12.144+0000] {dag.py:4180} INFO - Setting next_dagrun for example_bash_decorator to None, run_after=None
[2025-01-19T03:37:12.163+0000] {processor.py:208} INFO - Processing /home/vscode/.local/lib/python3.10/site-packages/airflow/example_dags/example_bash_decorator.py took 0.061 seconds
[2025-01-19T03:38:04.635+0000] {processor.py:186} INFO - Started process (PID=12989) to work on /home/vscode/.local/lib/python3.10/site-packages/airflow/example_dags/example_bash_decorator.py
[2025-01-19T03:38:04.636+0000] {processor.py:914} INFO - Processing file /home/vscode/.local/lib/python3.10/site-packages/airflow/example_dags/example_bash_decorator.py for tasks to queue
[2025-01-19T03:38:04.638+0000] {logging_mixin.py:190} INFO - [2025-01-19T03:38:04.638+0000] {dagbag.py:588} INFO - Filling up the DagBag from /home/vscode/.local/lib/python3.10/site-packages/airflow/example_dags/example_bash_decorator.py
[2025-01-19T03:38:04.655+0000] {processor.py:925} INFO - DAG(s) 'example_bash_decorator' retrieved from /home/vscode/.local/lib/python3.10/site-packages/airflow/example_dags/example_bash_decorator.py
[2025-01-19T03:38:04.677+0000] {logging_mixin.py:190} INFO - [2025-01-19T03:38:04.677+0000] {dag.py:3239} INFO - Sync 1 DAGs
[2025-01-19T03:38:04.691+0000] {logging_mixin.py:190} INFO - [2025-01-19T03:38:04.691+0000] {dag.py:4180} INFO - Setting next_dagrun for example_bash_decorator to None, run_after=None
[2025-01-19T03:38:04.713+0000] {processor.py:208} INFO - Processing /home/vscode/.local/lib/python3.10/site-packages/airflow/example_dags/example_bash_decorator.py took 0.084 seconds
[2025-01-19T03:39:17.617+0000] {processor.py:186} INFO - Started process (PID=13477) to work on /home/vscode/.local/lib/python3.10/site-packages/airflow/example_dags/example_bash_decorator.py
[2025-01-19T03:39:17.618+0000] {processor.py:914} INFO - Processing file /home/vscode/.local/lib/python3.10/site-packages/airflow/example_dags/example_bash_decorator.py for tasks to queue
[2025-01-19T03:39:17.620+0000] {logging_mixin.py:190} INFO - [2025-01-19T03:39:17.619+0000] {dagbag.py:588} INFO - Filling up the DagBag from /home/vscode/.local/lib/python3.10/site-packages/airflow/example_dags/example_bash_decorator.py
[2025-01-19T03:39:17.631+0000] {processor.py:925} INFO - DAG(s) 'example_bash_decorator' retrieved from /home/vscode/.local/lib/python3.10/site-packages/airflow/example_dags/example_bash_decorator.py
[2025-01-19T03:39:17.646+0000] {logging_mixin.py:190} INFO - [2025-01-19T03:39:17.645+0000] {dag.py:3239} INFO - Sync 1 DAGs
[2025-01-19T03:39:17.655+0000] {logging_mixin.py:190} INFO - [2025-01-19T03:39:17.655+0000] {dag.py:4180} INFO - Setting next_dagrun for example_bash_decorator to None, run_after=None
[2025-01-19T03:39:17.669+0000] {processor.py:208} INFO - Processing /home/vscode/.local/lib/python3.10/site-packages/airflow/example_dags/example_bash_decorator.py took 0.056 seconds
[2025-01-19T03:40:35.790+0000] {processor.py:186} INFO - Started process (PID=14006) to work on /home/vscode/.local/lib/python3.10/site-packages/airflow/example_dags/example_bash_decorator.py
[2025-01-19T03:40:35.791+0000] {processor.py:914} INFO - Processing file /home/vscode/.local/lib/python3.10/site-packages/airflow/example_dags/example_bash_decorator.py for tasks to queue
[2025-01-19T03:40:35.793+0000] {logging_mixin.py:190} INFO - [2025-01-19T03:40:35.792+0000] {dagbag.py:588} INFO - Filling up the DagBag from /home/vscode/.local/lib/python3.10/site-packages/airflow/example_dags/example_bash_decorator.py
[2025-01-19T03:40:35.805+0000] {processor.py:925} INFO - DAG(s) 'example_bash_decorator' retrieved from /home/vscode/.local/lib/python3.10/site-packages/airflow/example_dags/example_bash_decorator.py
[2025-01-19T03:40:35.819+0000] {logging_mixin.py:190} INFO - [2025-01-19T03:40:35.819+0000] {dag.py:3239} INFO - Sync 1 DAGs
[2025-01-19T03:40:35.829+0000] {logging_mixin.py:190} INFO - [2025-01-19T03:40:35.829+0000] {dag.py:4180} INFO - Setting next_dagrun for example_bash_decorator to None, run_after=None
[2025-01-19T03:40:35.843+0000] {processor.py:208} INFO - Processing /home/vscode/.local/lib/python3.10/site-packages/airflow/example_dags/example_bash_decorator.py took 0.057 seconds
[2025-01-19T03:41:49.971+0000] {processor.py:186} INFO - Started process (PID=14504) to work on /home/vscode/.local/lib/python3.10/site-packages/airflow/example_dags/example_bash_decorator.py
[2025-01-19T03:41:49.971+0000] {processor.py:914} INFO - Processing file /home/vscode/.local/lib/python3.10/site-packages/airflow/example_dags/example_bash_decorator.py for tasks to queue
[2025-01-19T03:41:49.973+0000] {logging_mixin.py:190} INFO - [2025-01-19T03:41:49.973+0000] {dagbag.py:588} INFO - Filling up the DagBag from /home/vscode/.local/lib/python3.10/site-packages/airflow/example_dags/example_bash_decorator.py
[2025-01-19T03:41:49.985+0000] {processor.py:925} INFO - DAG(s) 'example_bash_decorator' retrieved from /home/vscode/.local/lib/python3.10/site-packages/airflow/example_dags/example_bash_decorator.py
[2025-01-19T03:41:50.000+0000] {logging_mixin.py:190} INFO - [2025-01-19T03:41:49.999+0000] {dag.py:3239} INFO - Sync 1 DAGs
[2025-01-19T03:41:50.009+0000] {logging_mixin.py:190} INFO - [2025-01-19T03:41:50.009+0000] {dag.py:4180} INFO - Setting next_dagrun for example_bash_decorator to None, run_after=None
[2025-01-19T03:41:50.023+0000] {processor.py:208} INFO - Processing /home/vscode/.local/lib/python3.10/site-packages/airflow/example_dags/example_bash_decorator.py took 0.057 seconds
[2025-01-19T03:42:41.975+0000] {processor.py:186} INFO - Started process (PID=14861) to work on /home/vscode/.local/lib/python3.10/site-packages/airflow/example_dags/example_bash_decorator.py
[2025-01-19T03:42:41.976+0000] {processor.py:914} INFO - Processing file /home/vscode/.local/lib/python3.10/site-packages/airflow/example_dags/example_bash_decorator.py for tasks to queue
[2025-01-19T03:42:41.978+0000] {logging_mixin.py:190} INFO - [2025-01-19T03:42:41.977+0000] {dagbag.py:588} INFO - Filling up the DagBag from /home/vscode/.local/lib/python3.10/site-packages/airflow/example_dags/example_bash_decorator.py
[2025-01-19T03:42:41.990+0000] {processor.py:925} INFO - DAG(s) 'example_bash_decorator' retrieved from /home/vscode/.local/lib/python3.10/site-packages/airflow/example_dags/example_bash_decorator.py
[2025-01-19T03:42:42.007+0000] {logging_mixin.py:190} INFO - [2025-01-19T03:42:42.006+0000] {dag.py:3239} INFO - Sync 1 DAGs
[2025-01-19T03:42:42.019+0000] {logging_mixin.py:190} INFO - [2025-01-19T03:42:42.018+0000] {dag.py:4180} INFO - Setting next_dagrun for example_bash_decorator to None, run_after=None
[2025-01-19T03:42:42.032+0000] {processor.py:208} INFO - Processing /home/vscode/.local/lib/python3.10/site-packages/airflow/example_dags/example_bash_decorator.py took 0.062 seconds
[2025-01-19T03:44:00.064+0000] {processor.py:186} INFO - Started process (PID=15384) to work on /home/vscode/.local/lib/python3.10/site-packages/airflow/example_dags/example_bash_decorator.py
[2025-01-19T03:44:00.065+0000] {processor.py:914} INFO - Processing file /home/vscode/.local/lib/python3.10/site-packages/airflow/example_dags/example_bash_decorator.py for tasks to queue
[2025-01-19T03:44:00.067+0000] {logging_mixin.py:190} INFO - [2025-01-19T03:44:00.066+0000] {dagbag.py:588} INFO - Filling up the DagBag from /home/vscode/.local/lib/python3.10/site-packages/airflow/example_dags/example_bash_decorator.py
[2025-01-19T03:44:00.079+0000] {processor.py:925} INFO - DAG(s) 'example_bash_decorator' retrieved from /home/vscode/.local/lib/python3.10/site-packages/airflow/example_dags/example_bash_decorator.py
[2025-01-19T03:44:00.094+0000] {logging_mixin.py:190} INFO - [2025-01-19T03:44:00.094+0000] {dag.py:3239} INFO - Sync 1 DAGs
[2025-01-19T03:44:00.103+0000] {logging_mixin.py:190} INFO - [2025-01-19T03:44:00.103+0000] {dag.py:4180} INFO - Setting next_dagrun for example_bash_decorator to None, run_after=None
[2025-01-19T03:44:00.117+0000] {processor.py:208} INFO - Processing /home/vscode/.local/lib/python3.10/site-packages/airflow/example_dags/example_bash_decorator.py took 0.058 seconds
[2025-01-19T03:45:19.472+0000] {processor.py:186} INFO - Started process (PID=15918) to work on /home/vscode/.local/lib/python3.10/site-packages/airflow/example_dags/example_bash_decorator.py
[2025-01-19T03:45:19.473+0000] {processor.py:914} INFO - Processing file /home/vscode/.local/lib/python3.10/site-packages/airflow/example_dags/example_bash_decorator.py for tasks to queue
[2025-01-19T03:45:19.474+0000] {logging_mixin.py:190} INFO - [2025-01-19T03:45:19.474+0000] {dagbag.py:588} INFO - Filling up the DagBag from /home/vscode/.local/lib/python3.10/site-packages/airflow/example_dags/example_bash_decorator.py
[2025-01-19T03:45:19.486+0000] {processor.py:925} INFO - DAG(s) 'example_bash_decorator' retrieved from /home/vscode/.local/lib/python3.10/site-packages/airflow/example_dags/example_bash_decorator.py
[2025-01-19T03:45:19.501+0000] {logging_mixin.py:190} INFO - [2025-01-19T03:45:19.500+0000] {dag.py:3239} INFO - Sync 1 DAGs
[2025-01-19T03:45:19.510+0000] {logging_mixin.py:190} INFO - [2025-01-19T03:45:19.509+0000] {dag.py:4180} INFO - Setting next_dagrun for example_bash_decorator to None, run_after=None
[2025-01-19T03:45:19.524+0000] {processor.py:208} INFO - Processing /home/vscode/.local/lib/python3.10/site-packages/airflow/example_dags/example_bash_decorator.py took 0.057 seconds
[2025-01-19T03:46:33.785+0000] {processor.py:186} INFO - Started process (PID=16410) to work on /home/vscode/.local/lib/python3.10/site-packages/airflow/example_dags/example_bash_decorator.py
[2025-01-19T03:46:33.786+0000] {processor.py:914} INFO - Processing file /home/vscode/.local/lib/python3.10/site-packages/airflow/example_dags/example_bash_decorator.py for tasks to queue
[2025-01-19T03:46:33.788+0000] {logging_mixin.py:190} INFO - [2025-01-19T03:46:33.787+0000] {dagbag.py:588} INFO - Filling up the DagBag from /home/vscode/.local/lib/python3.10/site-packages/airflow/example_dags/example_bash_decorator.py
[2025-01-19T03:46:33.800+0000] {processor.py:925} INFO - DAG(s) 'example_bash_decorator' retrieved from /home/vscode/.local/lib/python3.10/site-packages/airflow/example_dags/example_bash_decorator.py
[2025-01-19T03:46:33.814+0000] {logging_mixin.py:190} INFO - [2025-01-19T03:46:33.814+0000] {dag.py:3239} INFO - Sync 1 DAGs
[2025-01-19T03:46:33.823+0000] {logging_mixin.py:190} INFO - [2025-01-19T03:46:33.823+0000] {dag.py:4180} INFO - Setting next_dagrun for example_bash_decorator to None, run_after=None
[2025-01-19T03:46:33.838+0000] {processor.py:208} INFO - Processing /home/vscode/.local/lib/python3.10/site-packages/airflow/example_dags/example_bash_decorator.py took 0.057 seconds
[2025-01-19T03:47:27.856+0000] {processor.py:186} INFO - Started process (PID=16783) to work on /home/vscode/.local/lib/python3.10/site-packages/airflow/example_dags/example_bash_decorator.py
[2025-01-19T03:47:27.857+0000] {processor.py:914} INFO - Processing file /home/vscode/.local/lib/python3.10/site-packages/airflow/example_dags/example_bash_decorator.py for tasks to queue
[2025-01-19T03:47:27.859+0000] {logging_mixin.py:190} INFO - [2025-01-19T03:47:27.858+0000] {dagbag.py:588} INFO - Filling up the DagBag from /home/vscode/.local/lib/python3.10/site-packages/airflow/example_dags/example_bash_decorator.py
[2025-01-19T03:47:27.870+0000] {processor.py:925} INFO - DAG(s) 'example_bash_decorator' retrieved from /home/vscode/.local/lib/python3.10/site-packages/airflow/example_dags/example_bash_decorator.py
[2025-01-19T03:47:27.885+0000] {logging_mixin.py:190} INFO - [2025-01-19T03:47:27.885+0000] {dag.py:3239} INFO - Sync 1 DAGs
[2025-01-19T03:47:27.894+0000] {logging_mixin.py:190} INFO - [2025-01-19T03:47:27.894+0000] {dag.py:4180} INFO - Setting next_dagrun for example_bash_decorator to None, run_after=None
[2025-01-19T03:47:27.909+0000] {processor.py:208} INFO - Processing /home/vscode/.local/lib/python3.10/site-packages/airflow/example_dags/example_bash_decorator.py took 0.057 seconds
[2025-01-19T03:48:42.041+0000] {processor.py:186} INFO - Started process (PID=17299) to work on /home/vscode/.local/lib/python3.10/site-packages/airflow/example_dags/example_bash_decorator.py
[2025-01-19T03:48:42.043+0000] {processor.py:914} INFO - Processing file /home/vscode/.local/lib/python3.10/site-packages/airflow/example_dags/example_bash_decorator.py for tasks to queue
[2025-01-19T03:48:42.045+0000] {logging_mixin.py:190} INFO - [2025-01-19T03:48:42.044+0000] {dagbag.py:588} INFO - Filling up the DagBag from /home/vscode/.local/lib/python3.10/site-packages/airflow/example_dags/example_bash_decorator.py
[2025-01-19T03:48:42.061+0000] {processor.py:925} INFO - DAG(s) 'example_bash_decorator' retrieved from /home/vscode/.local/lib/python3.10/site-packages/airflow/example_dags/example_bash_decorator.py
[2025-01-19T03:48:42.083+0000] {logging_mixin.py:190} INFO - [2025-01-19T03:48:42.083+0000] {dag.py:3239} INFO - Sync 1 DAGs
[2025-01-19T03:48:42.095+0000] {logging_mixin.py:190} INFO - [2025-01-19T03:48:42.094+0000] {dag.py:4180} INFO - Setting next_dagrun for example_bash_decorator to None, run_after=None
[2025-01-19T03:48:42.110+0000] {processor.py:208} INFO - Processing /home/vscode/.local/lib/python3.10/site-packages/airflow/example_dags/example_bash_decorator.py took 0.079 seconds
[2025-01-19T03:49:59.097+0000] {processor.py:186} INFO - Started process (PID=17962) to work on /home/vscode/.local/lib/python3.10/site-packages/airflow/example_dags/example_bash_decorator.py
[2025-01-19T03:49:59.098+0000] {processor.py:914} INFO - Processing file /home/vscode/.local/lib/python3.10/site-packages/airflow/example_dags/example_bash_decorator.py for tasks to queue
[2025-01-19T03:49:59.099+0000] {logging_mixin.py:190} INFO - [2025-01-19T03:49:59.099+0000] {dagbag.py:588} INFO - Filling up the DagBag from /home/vscode/.local/lib/python3.10/site-packages/airflow/example_dags/example_bash_decorator.py
[2025-01-19T03:49:59.111+0000] {processor.py:925} INFO - DAG(s) 'example_bash_decorator' retrieved from /home/vscode/.local/lib/python3.10/site-packages/airflow/example_dags/example_bash_decorator.py
[2025-01-19T03:49:59.125+0000] {logging_mixin.py:190} INFO - [2025-01-19T03:49:59.125+0000] {dag.py:3239} INFO - Sync 1 DAGs
[2025-01-19T03:49:59.134+0000] {logging_mixin.py:190} INFO - [2025-01-19T03:49:59.134+0000] {dag.py:4180} INFO - Setting next_dagrun for example_bash_decorator to None, run_after=None
[2025-01-19T03:49:59.148+0000] {processor.py:208} INFO - Processing /home/vscode/.local/lib/python3.10/site-packages/airflow/example_dags/example_bash_decorator.py took 0.056 seconds
[2025-01-19T03:51:13.349+0000] {processor.py:186} INFO - Started process (PID=18534) to work on /home/vscode/.local/lib/python3.10/site-packages/airflow/example_dags/example_bash_decorator.py
[2025-01-19T03:51:13.350+0000] {processor.py:914} INFO - Processing file /home/vscode/.local/lib/python3.10/site-packages/airflow/example_dags/example_bash_decorator.py for tasks to queue
[2025-01-19T03:51:13.351+0000] {logging_mixin.py:190} INFO - [2025-01-19T03:51:13.351+0000] {dagbag.py:588} INFO - Filling up the DagBag from /home/vscode/.local/lib/python3.10/site-packages/airflow/example_dags/example_bash_decorator.py
[2025-01-19T03:51:13.363+0000] {processor.py:925} INFO - DAG(s) 'example_bash_decorator' retrieved from /home/vscode/.local/lib/python3.10/site-packages/airflow/example_dags/example_bash_decorator.py
[2025-01-19T03:51:13.377+0000] {logging_mixin.py:190} INFO - [2025-01-19T03:51:13.377+0000] {dag.py:3239} INFO - Sync 1 DAGs
[2025-01-19T03:51:13.387+0000] {logging_mixin.py:190} INFO - [2025-01-19T03:51:13.387+0000] {dag.py:4180} INFO - Setting next_dagrun for example_bash_decorator to None, run_after=None
[2025-01-19T03:51:13.401+0000] {processor.py:208} INFO - Processing /home/vscode/.local/lib/python3.10/site-packages/airflow/example_dags/example_bash_decorator.py took 0.057 seconds
[2025-01-19T03:55:35.483+0000] {processor.py:186} INFO - Started process (PID=20382) to work on /home/vscode/.local/lib/python3.10/site-packages/airflow/example_dags/example_bash_decorator.py
[2025-01-19T03:55:35.484+0000] {processor.py:914} INFO - Processing file /home/vscode/.local/lib/python3.10/site-packages/airflow/example_dags/example_bash_decorator.py for tasks to queue
[2025-01-19T03:55:35.486+0000] {logging_mixin.py:190} INFO - [2025-01-19T03:55:35.485+0000] {dagbag.py:588} INFO - Filling up the DagBag from /home/vscode/.local/lib/python3.10/site-packages/airflow/example_dags/example_bash_decorator.py
[2025-01-19T03:55:35.497+0000] {processor.py:925} INFO - DAG(s) 'example_bash_decorator' retrieved from /home/vscode/.local/lib/python3.10/site-packages/airflow/example_dags/example_bash_decorator.py
[2025-01-19T03:55:35.576+0000] {logging_mixin.py:190} INFO - [2025-01-19T03:55:35.576+0000] {dag.py:3239} INFO - Sync 1 DAGs
[2025-01-19T03:55:35.585+0000] {logging_mixin.py:190} INFO - [2025-01-19T03:55:35.585+0000] {dag.py:4180} INFO - Setting next_dagrun for example_bash_decorator to None, run_after=None
[2025-01-19T03:55:35.600+0000] {processor.py:208} INFO - Processing /home/vscode/.local/lib/python3.10/site-packages/airflow/example_dags/example_bash_decorator.py took 0.121 seconds
[2025-01-19T03:56:31.045+0000] {processor.py:186} INFO - Started process (PID=20760) to work on /home/vscode/.local/lib/python3.10/site-packages/airflow/example_dags/example_bash_decorator.py
[2025-01-19T03:56:31.046+0000] {processor.py:914} INFO - Processing file /home/vscode/.local/lib/python3.10/site-packages/airflow/example_dags/example_bash_decorator.py for tasks to queue
[2025-01-19T03:56:31.048+0000] {logging_mixin.py:190} INFO - [2025-01-19T03:56:31.048+0000] {dagbag.py:588} INFO - Filling up the DagBag from /home/vscode/.local/lib/python3.10/site-packages/airflow/example_dags/example_bash_decorator.py
[2025-01-19T03:56:31.064+0000] {processor.py:925} INFO - DAG(s) 'example_bash_decorator' retrieved from /home/vscode/.local/lib/python3.10/site-packages/airflow/example_dags/example_bash_decorator.py
[2025-01-19T03:56:31.085+0000] {logging_mixin.py:190} INFO - [2025-01-19T03:56:31.085+0000] {dag.py:3239} INFO - Sync 1 DAGs
[2025-01-19T03:56:31.098+0000] {logging_mixin.py:190} INFO - [2025-01-19T03:56:31.098+0000] {dag.py:4180} INFO - Setting next_dagrun for example_bash_decorator to None, run_after=None
[2025-01-19T03:56:31.114+0000] {processor.py:208} INFO - Processing /home/vscode/.local/lib/python3.10/site-packages/airflow/example_dags/example_bash_decorator.py took 0.075 seconds
[2025-01-19T03:57:28.705+0000] {processor.py:186} INFO - Started process (PID=21146) to work on /home/vscode/.local/lib/python3.10/site-packages/airflow/example_dags/example_bash_decorator.py
[2025-01-19T03:57:28.706+0000] {processor.py:914} INFO - Processing file /home/vscode/.local/lib/python3.10/site-packages/airflow/example_dags/example_bash_decorator.py for tasks to queue
[2025-01-19T03:57:28.707+0000] {logging_mixin.py:190} INFO - [2025-01-19T03:57:28.707+0000] {dagbag.py:588} INFO - Filling up the DagBag from /home/vscode/.local/lib/python3.10/site-packages/airflow/example_dags/example_bash_decorator.py
[2025-01-19T03:57:28.719+0000] {processor.py:925} INFO - DAG(s) 'example_bash_decorator' retrieved from /home/vscode/.local/lib/python3.10/site-packages/airflow/example_dags/example_bash_decorator.py
[2025-01-19T03:57:28.738+0000] {logging_mixin.py:190} INFO - [2025-01-19T03:57:28.738+0000] {dag.py:3239} INFO - Sync 1 DAGs
[2025-01-19T03:57:28.747+0000] {logging_mixin.py:190} INFO - [2025-01-19T03:57:28.747+0000] {dag.py:4180} INFO - Setting next_dagrun for example_bash_decorator to None, run_after=None
[2025-01-19T03:57:28.762+0000] {processor.py:208} INFO - Processing /home/vscode/.local/lib/python3.10/site-packages/airflow/example_dags/example_bash_decorator.py took 0.061 seconds
[2025-01-19T03:58:43.525+0000] {processor.py:186} INFO - Started process (PID=21664) to work on /home/vscode/.local/lib/python3.10/site-packages/airflow/example_dags/example_bash_decorator.py
[2025-01-19T03:58:43.526+0000] {processor.py:914} INFO - Processing file /home/vscode/.local/lib/python3.10/site-packages/airflow/example_dags/example_bash_decorator.py for tasks to queue
[2025-01-19T03:58:43.528+0000] {logging_mixin.py:190} INFO - [2025-01-19T03:58:43.527+0000] {dagbag.py:588} INFO - Filling up the DagBag from /home/vscode/.local/lib/python3.10/site-packages/airflow/example_dags/example_bash_decorator.py
[2025-01-19T03:58:43.540+0000] {processor.py:925} INFO - DAG(s) 'example_bash_decorator' retrieved from /home/vscode/.local/lib/python3.10/site-packages/airflow/example_dags/example_bash_decorator.py
[2025-01-19T03:58:43.554+0000] {logging_mixin.py:190} INFO - [2025-01-19T03:58:43.554+0000] {dag.py:3239} INFO - Sync 1 DAGs
[2025-01-19T03:58:43.563+0000] {logging_mixin.py:190} INFO - [2025-01-19T03:58:43.563+0000] {dag.py:4180} INFO - Setting next_dagrun for example_bash_decorator to None, run_after=None
[2025-01-19T03:58:43.578+0000] {processor.py:208} INFO - Processing /home/vscode/.local/lib/python3.10/site-packages/airflow/example_dags/example_bash_decorator.py took 0.057 seconds
[2025-01-19T04:00:00.068+0000] {processor.py:186} INFO - Started process (PID=22176) to work on /home/vscode/.local/lib/python3.10/site-packages/airflow/example_dags/example_bash_decorator.py
[2025-01-19T04:00:00.069+0000] {processor.py:914} INFO - Processing file /home/vscode/.local/lib/python3.10/site-packages/airflow/example_dags/example_bash_decorator.py for tasks to queue
[2025-01-19T04:00:00.070+0000] {logging_mixin.py:190} INFO - [2025-01-19T04:00:00.070+0000] {dagbag.py:588} INFO - Filling up the DagBag from /home/vscode/.local/lib/python3.10/site-packages/airflow/example_dags/example_bash_decorator.py
[2025-01-19T04:00:00.082+0000] {processor.py:925} INFO - DAG(s) 'example_bash_decorator' retrieved from /home/vscode/.local/lib/python3.10/site-packages/airflow/example_dags/example_bash_decorator.py
[2025-01-19T04:00:00.097+0000] {logging_mixin.py:190} INFO - [2025-01-19T04:00:00.097+0000] {dag.py:3239} INFO - Sync 1 DAGs
[2025-01-19T04:00:00.106+0000] {logging_mixin.py:190} INFO - [2025-01-19T04:00:00.106+0000] {dag.py:4180} INFO - Setting next_dagrun for example_bash_decorator to None, run_after=None
[2025-01-19T04:00:00.120+0000] {processor.py:208} INFO - Processing /home/vscode/.local/lib/python3.10/site-packages/airflow/example_dags/example_bash_decorator.py took 0.057 seconds
[2025-01-19T04:01:15.962+0000] {processor.py:186} INFO - Started process (PID=22699) to work on /home/vscode/.local/lib/python3.10/site-packages/airflow/example_dags/example_bash_decorator.py
[2025-01-19T04:01:15.963+0000] {processor.py:914} INFO - Processing file /home/vscode/.local/lib/python3.10/site-packages/airflow/example_dags/example_bash_decorator.py for tasks to queue
[2025-01-19T04:01:15.965+0000] {logging_mixin.py:190} INFO - [2025-01-19T04:01:15.964+0000] {dagbag.py:588} INFO - Filling up the DagBag from /home/vscode/.local/lib/python3.10/site-packages/airflow/example_dags/example_bash_decorator.py
[2025-01-19T04:01:15.977+0000] {processor.py:925} INFO - DAG(s) 'example_bash_decorator' retrieved from /home/vscode/.local/lib/python3.10/site-packages/airflow/example_dags/example_bash_decorator.py
[2025-01-19T04:01:15.991+0000] {logging_mixin.py:190} INFO - [2025-01-19T04:01:15.991+0000] {dag.py:3239} INFO - Sync 1 DAGs
[2025-01-19T04:01:16.000+0000] {logging_mixin.py:190} INFO - [2025-01-19T04:01:16.000+0000] {dag.py:4180} INFO - Setting next_dagrun for example_bash_decorator to None, run_after=None
[2025-01-19T04:01:16.016+0000] {processor.py:208} INFO - Processing /home/vscode/.local/lib/python3.10/site-packages/airflow/example_dags/example_bash_decorator.py took 0.058 seconds
[2025-01-19T04:02:32.882+0000] {processor.py:186} INFO - Started process (PID=23235) to work on /home/vscode/.local/lib/python3.10/site-packages/airflow/example_dags/example_bash_decorator.py
[2025-01-19T04:02:32.883+0000] {processor.py:914} INFO - Processing file /home/vscode/.local/lib/python3.10/site-packages/airflow/example_dags/example_bash_decorator.py for tasks to queue
[2025-01-19T04:02:32.884+0000] {logging_mixin.py:190} INFO - [2025-01-19T04:02:32.884+0000] {dagbag.py:588} INFO - Filling up the DagBag from /home/vscode/.local/lib/python3.10/site-packages/airflow/example_dags/example_bash_decorator.py
[2025-01-19T04:02:32.896+0000] {processor.py:925} INFO - DAG(s) 'example_bash_decorator' retrieved from /home/vscode/.local/lib/python3.10/site-packages/airflow/example_dags/example_bash_decorator.py
[2025-01-19T04:02:32.911+0000] {logging_mixin.py:190} INFO - [2025-01-19T04:02:32.911+0000] {dag.py:3239} INFO - Sync 1 DAGs
[2025-01-19T04:02:32.921+0000] {logging_mixin.py:190} INFO - [2025-01-19T04:02:32.921+0000] {dag.py:4180} INFO - Setting next_dagrun for example_bash_decorator to None, run_after=None
[2025-01-19T04:02:32.935+0000] {processor.py:208} INFO - Processing /home/vscode/.local/lib/python3.10/site-packages/airflow/example_dags/example_bash_decorator.py took 0.057 seconds
