[2025-01-19T03:21:08.769+0000] {processor.py:186} INFO - Started process (PID=5167) to work on /home/vscode/.local/lib/python3.10/site-packages/airflow/example_dags/example_latest_only_with_trigger.py
[2025-01-19T03:21:08.770+0000] {processor.py:914} INFO - Processing file /home/vscode/.local/lib/python3.10/site-packages/airflow/example_dags/example_latest_only_with_trigger.py for tasks to queue
[2025-01-19T03:21:08.772+0000] {logging_mixin.py:190} INFO - [2025-01-19T03:21:08.771+0000] {dagbag.py:588} INFO - Filling up the DagBag from /home/vscode/.local/lib/python3.10/site-packages/airflow/example_dags/example_latest_only_with_trigger.py
[2025-01-19T03:21:08.777+0000] {processor.py:925} INFO - DAG(s) 'latest_only_with_trigger' retrieved from /home/vscode/.local/lib/python3.10/site-packages/airflow/example_dags/example_latest_only_with_trigger.py
[2025-01-19T03:21:08.856+0000] {logging_mixin.py:190} INFO - [2025-01-19T03:21:08.856+0000] {override.py:1911} INFO - Created Permission View: can read on DAG:latest_only_with_trigger
[2025-01-19T03:21:08.864+0000] {logging_mixin.py:190} INFO - [2025-01-19T03:21:08.864+0000] {override.py:1911} INFO - Created Permission View: can edit on DAG:latest_only_with_trigger
[2025-01-19T03:21:08.870+0000] {logging_mixin.py:190} INFO - [2025-01-19T03:21:08.870+0000] {override.py:1911} INFO - Created Permission View: can delete on DAG:latest_only_with_trigger
[2025-01-19T03:21:08.878+0000] {logging_mixin.py:190} INFO - [2025-01-19T03:21:08.878+0000] {override.py:1911} INFO - Created Permission View: menu access on DAG Run:latest_only_with_trigger
[2025-01-19T03:21:08.884+0000] {logging_mixin.py:190} INFO - [2025-01-19T03:21:08.884+0000] {override.py:1911} INFO - Created Permission View: can read on DAG Run:latest_only_with_trigger
[2025-01-19T03:21:08.890+0000] {logging_mixin.py:190} INFO - [2025-01-19T03:21:08.890+0000] {override.py:1911} INFO - Created Permission View: can create on DAG Run:latest_only_with_trigger
[2025-01-19T03:21:08.896+0000] {logging_mixin.py:190} INFO - [2025-01-19T03:21:08.896+0000] {override.py:1911} INFO - Created Permission View: can delete on DAG Run:latest_only_with_trigger
[2025-01-19T03:21:08.896+0000] {logging_mixin.py:190} INFO - [2025-01-19T03:21:08.896+0000] {dag.py:3239} INFO - Sync 1 DAGs
[2025-01-19T03:21:08.906+0000] {logging_mixin.py:190} INFO - [2025-01-19T03:21:08.906+0000] {dag.py:3262} INFO - Creating ORM DAG for latest_only_with_trigger
[2025-01-19T03:21:08.912+0000] {logging_mixin.py:190} INFO - [2025-01-19T03:21:08.912+0000] {dag.py:4180} INFO - Setting next_dagrun for latest_only_with_trigger to 2025-01-18 20:00:00+00:00, run_after=2025-01-19 00:00:00+00:00
[2025-01-19T03:21:08.927+0000] {processor.py:208} INFO - Processing /home/vscode/.local/lib/python3.10/site-packages/airflow/example_dags/example_latest_only_with_trigger.py took 0.162 seconds
[2025-01-19T03:22:08.282+0000] {processor.py:186} INFO - Started process (PID=5688) to work on /home/vscode/.local/lib/python3.10/site-packages/airflow/example_dags/example_latest_only_with_trigger.py
[2025-01-19T03:22:08.283+0000] {processor.py:914} INFO - Processing file /home/vscode/.local/lib/python3.10/site-packages/airflow/example_dags/example_latest_only_with_trigger.py for tasks to queue
[2025-01-19T03:22:08.285+0000] {logging_mixin.py:190} INFO - [2025-01-19T03:22:08.285+0000] {dagbag.py:588} INFO - Filling up the DagBag from /home/vscode/.local/lib/python3.10/site-packages/airflow/example_dags/example_latest_only_with_trigger.py
[2025-01-19T03:22:08.291+0000] {processor.py:925} INFO - DAG(s) 'latest_only_with_trigger' retrieved from /home/vscode/.local/lib/python3.10/site-packages/airflow/example_dags/example_latest_only_with_trigger.py
[2025-01-19T03:22:08.302+0000] {logging_mixin.py:190} INFO - [2025-01-19T03:22:08.302+0000] {dag.py:3239} INFO - Sync 1 DAGs
[2025-01-19T03:22:08.316+0000] {logging_mixin.py:190} INFO - [2025-01-19T03:22:08.316+0000] {dag.py:4180} INFO - Setting next_dagrun for latest_only_with_trigger to 2025-01-18 20:00:00+00:00, run_after=2025-01-19 00:00:00+00:00
[2025-01-19T03:22:08.331+0000] {processor.py:208} INFO - Processing /home/vscode/.local/lib/python3.10/site-packages/airflow/example_dags/example_latest_only_with_trigger.py took 0.053 seconds
[2025-01-19T03:23:02.019+0000] {processor.py:186} INFO - Started process (PID=6126) to work on /home/vscode/.local/lib/python3.10/site-packages/airflow/example_dags/example_latest_only_with_trigger.py
[2025-01-19T03:23:02.020+0000] {processor.py:914} INFO - Processing file /home/vscode/.local/lib/python3.10/site-packages/airflow/example_dags/example_latest_only_with_trigger.py for tasks to queue
[2025-01-19T03:23:02.022+0000] {logging_mixin.py:190} INFO - [2025-01-19T03:23:02.021+0000] {dagbag.py:588} INFO - Filling up the DagBag from /home/vscode/.local/lib/python3.10/site-packages/airflow/example_dags/example_latest_only_with_trigger.py
[2025-01-19T03:23:02.028+0000] {processor.py:925} INFO - DAG(s) 'latest_only_with_trigger' retrieved from /home/vscode/.local/lib/python3.10/site-packages/airflow/example_dags/example_latest_only_with_trigger.py
[2025-01-19T03:23:02.042+0000] {logging_mixin.py:190} INFO - [2025-01-19T03:23:02.042+0000] {dag.py:3239} INFO - Sync 1 DAGs
[2025-01-19T03:23:02.064+0000] {logging_mixin.py:190} INFO - [2025-01-19T03:23:02.064+0000] {dag.py:4180} INFO - Setting next_dagrun for latest_only_with_trigger to 2025-01-18 20:00:00+00:00, run_after=2025-01-19 00:00:00+00:00
[2025-01-19T03:23:02.084+0000] {processor.py:208} INFO - Processing /home/vscode/.local/lib/python3.10/site-packages/airflow/example_dags/example_latest_only_with_trigger.py took 0.069 seconds
[2025-01-19T03:23:56.345+0000] {processor.py:186} INFO - Started process (PID=6574) to work on /home/vscode/.local/lib/python3.10/site-packages/airflow/example_dags/example_latest_only_with_trigger.py
[2025-01-19T03:23:56.346+0000] {processor.py:914} INFO - Processing file /home/vscode/.local/lib/python3.10/site-packages/airflow/example_dags/example_latest_only_with_trigger.py for tasks to queue
[2025-01-19T03:23:56.347+0000] {logging_mixin.py:190} INFO - [2025-01-19T03:23:56.347+0000] {dagbag.py:588} INFO - Filling up the DagBag from /home/vscode/.local/lib/python3.10/site-packages/airflow/example_dags/example_latest_only_with_trigger.py
[2025-01-19T03:23:56.353+0000] {processor.py:925} INFO - DAG(s) 'latest_only_with_trigger' retrieved from /home/vscode/.local/lib/python3.10/site-packages/airflow/example_dags/example_latest_only_with_trigger.py
[2025-01-19T03:23:56.365+0000] {logging_mixin.py:190} INFO - [2025-01-19T03:23:56.365+0000] {dag.py:3239} INFO - Sync 1 DAGs
[2025-01-19T03:23:56.379+0000] {logging_mixin.py:190} INFO - [2025-01-19T03:23:56.379+0000] {dag.py:4180} INFO - Setting next_dagrun for latest_only_with_trigger to 2025-01-18 20:00:00+00:00, run_after=2025-01-19 00:00:00+00:00
[2025-01-19T03:23:56.394+0000] {processor.py:208} INFO - Processing /home/vscode/.local/lib/python3.10/site-packages/airflow/example_dags/example_latest_only_with_trigger.py took 0.053 seconds
[2025-01-19T03:24:49.308+0000] {processor.py:186} INFO - Started process (PID=6978) to work on /home/vscode/.local/lib/python3.10/site-packages/airflow/example_dags/example_latest_only_with_trigger.py
[2025-01-19T03:24:49.309+0000] {processor.py:914} INFO - Processing file /home/vscode/.local/lib/python3.10/site-packages/airflow/example_dags/example_latest_only_with_trigger.py for tasks to queue
[2025-01-19T03:24:49.310+0000] {logging_mixin.py:190} INFO - [2025-01-19T03:24:49.310+0000] {dagbag.py:588} INFO - Filling up the DagBag from /home/vscode/.local/lib/python3.10/site-packages/airflow/example_dags/example_latest_only_with_trigger.py
[2025-01-19T03:24:49.317+0000] {processor.py:925} INFO - DAG(s) 'latest_only_with_trigger' retrieved from /home/vscode/.local/lib/python3.10/site-packages/airflow/example_dags/example_latest_only_with_trigger.py
[2025-01-19T03:24:49.329+0000] {logging_mixin.py:190} INFO - [2025-01-19T03:24:49.329+0000] {dag.py:3239} INFO - Sync 1 DAGs
[2025-01-19T03:24:49.345+0000] {logging_mixin.py:190} INFO - [2025-01-19T03:24:49.344+0000] {dag.py:4180} INFO - Setting next_dagrun for latest_only_with_trigger to 2025-01-18 20:00:00+00:00, run_after=2025-01-19 00:00:00+00:00
[2025-01-19T03:24:49.359+0000] {processor.py:208} INFO - Processing /home/vscode/.local/lib/python3.10/site-packages/airflow/example_dags/example_latest_only_with_trigger.py took 0.055 seconds
[2025-01-19T03:25:37.725+0000] {processor.py:186} INFO - Started process (PID=7378) to work on /home/vscode/.local/lib/python3.10/site-packages/airflow/example_dags/example_latest_only_with_trigger.py
[2025-01-19T03:25:37.726+0000] {processor.py:914} INFO - Processing file /home/vscode/.local/lib/python3.10/site-packages/airflow/example_dags/example_latest_only_with_trigger.py for tasks to queue
[2025-01-19T03:25:37.728+0000] {logging_mixin.py:190} INFO - [2025-01-19T03:25:37.727+0000] {dagbag.py:588} INFO - Filling up the DagBag from /home/vscode/.local/lib/python3.10/site-packages/airflow/example_dags/example_latest_only_with_trigger.py
[2025-01-19T03:25:37.734+0000] {processor.py:925} INFO - DAG(s) 'latest_only_with_trigger' retrieved from /home/vscode/.local/lib/python3.10/site-packages/airflow/example_dags/example_latest_only_with_trigger.py
[2025-01-19T03:25:37.745+0000] {logging_mixin.py:190} INFO - [2025-01-19T03:25:37.745+0000] {dag.py:3239} INFO - Sync 1 DAGs
[2025-01-19T03:25:37.760+0000] {logging_mixin.py:190} INFO - [2025-01-19T03:25:37.760+0000] {dag.py:4180} INFO - Setting next_dagrun for latest_only_with_trigger to 2025-01-18 20:00:00+00:00, run_after=2025-01-19 00:00:00+00:00
[2025-01-19T03:25:37.774+0000] {processor.py:208} INFO - Processing /home/vscode/.local/lib/python3.10/site-packages/airflow/example_dags/example_latest_only_with_trigger.py took 0.053 seconds
[2025-01-19T03:26:31.780+0000] {processor.py:186} INFO - Started process (PID=7792) to work on /home/vscode/.local/lib/python3.10/site-packages/airflow/example_dags/example_latest_only_with_trigger.py
[2025-01-19T03:26:31.781+0000] {processor.py:914} INFO - Processing file /home/vscode/.local/lib/python3.10/site-packages/airflow/example_dags/example_latest_only_with_trigger.py for tasks to queue
[2025-01-19T03:26:31.782+0000] {logging_mixin.py:190} INFO - [2025-01-19T03:26:31.782+0000] {dagbag.py:588} INFO - Filling up the DagBag from /home/vscode/.local/lib/python3.10/site-packages/airflow/example_dags/example_latest_only_with_trigger.py
[2025-01-19T03:26:31.788+0000] {processor.py:925} INFO - DAG(s) 'latest_only_with_trigger' retrieved from /home/vscode/.local/lib/python3.10/site-packages/airflow/example_dags/example_latest_only_with_trigger.py
[2025-01-19T03:26:31.800+0000] {logging_mixin.py:190} INFO - [2025-01-19T03:26:31.800+0000] {dag.py:3239} INFO - Sync 1 DAGs
[2025-01-19T03:26:31.815+0000] {logging_mixin.py:190} INFO - [2025-01-19T03:26:31.815+0000] {dag.py:4180} INFO - Setting next_dagrun for latest_only_with_trigger to 2025-01-18 20:00:00+00:00, run_after=2025-01-19 00:00:00+00:00
[2025-01-19T03:26:31.830+0000] {processor.py:208} INFO - Processing /home/vscode/.local/lib/python3.10/site-packages/airflow/example_dags/example_latest_only_with_trigger.py took 0.055 seconds
[2025-01-19T03:27:23.808+0000] {processor.py:186} INFO - Started process (PID=8186) to work on /home/vscode/.local/lib/python3.10/site-packages/airflow/example_dags/example_latest_only_with_trigger.py
[2025-01-19T03:27:23.809+0000] {processor.py:914} INFO - Processing file /home/vscode/.local/lib/python3.10/site-packages/airflow/example_dags/example_latest_only_with_trigger.py for tasks to queue
[2025-01-19T03:27:23.810+0000] {logging_mixin.py:190} INFO - [2025-01-19T03:27:23.810+0000] {dagbag.py:588} INFO - Filling up the DagBag from /home/vscode/.local/lib/python3.10/site-packages/airflow/example_dags/example_latest_only_with_trigger.py
[2025-01-19T03:27:23.816+0000] {processor.py:925} INFO - DAG(s) 'latest_only_with_trigger' retrieved from /home/vscode/.local/lib/python3.10/site-packages/airflow/example_dags/example_latest_only_with_trigger.py
[2025-01-19T03:27:23.828+0000] {logging_mixin.py:190} INFO - [2025-01-19T03:27:23.828+0000] {dag.py:3239} INFO - Sync 1 DAGs
[2025-01-19T03:27:23.843+0000] {logging_mixin.py:190} INFO - [2025-01-19T03:27:23.842+0000] {dag.py:4180} INFO - Setting next_dagrun for latest_only_with_trigger to 2025-01-18 20:00:00+00:00, run_after=2025-01-19 00:00:00+00:00
[2025-01-19T03:27:23.858+0000] {processor.py:208} INFO - Processing /home/vscode/.local/lib/python3.10/site-packages/airflow/example_dags/example_latest_only_with_trigger.py took 0.055 seconds
[2025-01-19T03:28:18.664+0000] {processor.py:186} INFO - Started process (PID=8703) to work on /home/vscode/.local/lib/python3.10/site-packages/airflow/example_dags/example_latest_only_with_trigger.py
[2025-01-19T03:28:18.665+0000] {processor.py:914} INFO - Processing file /home/vscode/.local/lib/python3.10/site-packages/airflow/example_dags/example_latest_only_with_trigger.py for tasks to queue
[2025-01-19T03:28:18.666+0000] {logging_mixin.py:190} INFO - [2025-01-19T03:28:18.666+0000] {dagbag.py:588} INFO - Filling up the DagBag from /home/vscode/.local/lib/python3.10/site-packages/airflow/example_dags/example_latest_only_with_trigger.py
[2025-01-19T03:28:18.672+0000] {processor.py:925} INFO - DAG(s) 'latest_only_with_trigger' retrieved from /home/vscode/.local/lib/python3.10/site-packages/airflow/example_dags/example_latest_only_with_trigger.py
[2025-01-19T03:28:18.685+0000] {logging_mixin.py:190} INFO - [2025-01-19T03:28:18.685+0000] {dag.py:3239} INFO - Sync 1 DAGs
[2025-01-19T03:28:18.700+0000] {logging_mixin.py:190} INFO - [2025-01-19T03:28:18.700+0000] {dag.py:4180} INFO - Setting next_dagrun for latest_only_with_trigger to 2025-01-18 20:00:00+00:00, run_after=2025-01-19 00:00:00+00:00
[2025-01-19T03:28:18.715+0000] {processor.py:208} INFO - Processing /home/vscode/.local/lib/python3.10/site-packages/airflow/example_dags/example_latest_only_with_trigger.py took 0.056 seconds
[2025-01-19T03:29:11.084+0000] {processor.py:186} INFO - Started process (PID=9086) to work on /home/vscode/.local/lib/python3.10/site-packages/airflow/example_dags/example_latest_only_with_trigger.py
[2025-01-19T03:29:11.086+0000] {processor.py:914} INFO - Processing file /home/vscode/.local/lib/python3.10/site-packages/airflow/example_dags/example_latest_only_with_trigger.py for tasks to queue
[2025-01-19T03:29:11.088+0000] {logging_mixin.py:190} INFO - [2025-01-19T03:29:11.088+0000] {dagbag.py:588} INFO - Filling up the DagBag from /home/vscode/.local/lib/python3.10/site-packages/airflow/example_dags/example_latest_only_with_trigger.py
[2025-01-19T03:29:11.096+0000] {processor.py:925} INFO - DAG(s) 'latest_only_with_trigger' retrieved from /home/vscode/.local/lib/python3.10/site-packages/airflow/example_dags/example_latest_only_with_trigger.py
[2025-01-19T03:29:11.114+0000] {logging_mixin.py:190} INFO - [2025-01-19T03:29:11.114+0000] {dag.py:3239} INFO - Sync 1 DAGs
[2025-01-19T03:29:11.134+0000] {logging_mixin.py:190} INFO - [2025-01-19T03:29:11.134+0000] {dag.py:4180} INFO - Setting next_dagrun for latest_only_with_trigger to 2025-01-18 20:00:00+00:00, run_after=2025-01-19 00:00:00+00:00
[2025-01-19T03:29:11.149+0000] {processor.py:208} INFO - Processing /home/vscode/.local/lib/python3.10/site-packages/airflow/example_dags/example_latest_only_with_trigger.py took 0.072 seconds
[2025-01-19T03:30:01.762+0000] {processor.py:186} INFO - Started process (PID=9435) to work on /home/vscode/.local/lib/python3.10/site-packages/airflow/example_dags/example_latest_only_with_trigger.py
[2025-01-19T03:30:01.762+0000] {processor.py:914} INFO - Processing file /home/vscode/.local/lib/python3.10/site-packages/airflow/example_dags/example_latest_only_with_trigger.py for tasks to queue
[2025-01-19T03:30:01.764+0000] {logging_mixin.py:190} INFO - [2025-01-19T03:30:01.764+0000] {dagbag.py:588} INFO - Filling up the DagBag from /home/vscode/.local/lib/python3.10/site-packages/airflow/example_dags/example_latest_only_with_trigger.py
[2025-01-19T03:30:01.770+0000] {processor.py:925} INFO - DAG(s) 'latest_only_with_trigger' retrieved from /home/vscode/.local/lib/python3.10/site-packages/airflow/example_dags/example_latest_only_with_trigger.py
[2025-01-19T03:30:01.783+0000] {logging_mixin.py:190} INFO - [2025-01-19T03:30:01.782+0000] {dag.py:3239} INFO - Sync 1 DAGs
[2025-01-19T03:30:01.797+0000] {logging_mixin.py:190} INFO - [2025-01-19T03:30:01.797+0000] {dag.py:4180} INFO - Setting next_dagrun for latest_only_with_trigger to 2025-01-18 20:00:00+00:00, run_after=2025-01-19 00:00:00+00:00
[2025-01-19T03:30:01.812+0000] {processor.py:208} INFO - Processing /home/vscode/.local/lib/python3.10/site-packages/airflow/example_dags/example_latest_only_with_trigger.py took 0.055 seconds
[2025-01-19T03:30:50.069+0000] {processor.py:186} INFO - Started process (PID=9767) to work on /home/vscode/.local/lib/python3.10/site-packages/airflow/example_dags/example_latest_only_with_trigger.py
[2025-01-19T03:30:50.070+0000] {processor.py:914} INFO - Processing file /home/vscode/.local/lib/python3.10/site-packages/airflow/example_dags/example_latest_only_with_trigger.py for tasks to queue
[2025-01-19T03:30:50.072+0000] {logging_mixin.py:190} INFO - [2025-01-19T03:30:50.071+0000] {dagbag.py:588} INFO - Filling up the DagBag from /home/vscode/.local/lib/python3.10/site-packages/airflow/example_dags/example_latest_only_with_trigger.py
[2025-01-19T03:30:50.078+0000] {processor.py:925} INFO - DAG(s) 'latest_only_with_trigger' retrieved from /home/vscode/.local/lib/python3.10/site-packages/airflow/example_dags/example_latest_only_with_trigger.py
[2025-01-19T03:30:50.089+0000] {logging_mixin.py:190} INFO - [2025-01-19T03:30:50.089+0000] {dag.py:3239} INFO - Sync 1 DAGs
[2025-01-19T03:30:50.104+0000] {logging_mixin.py:190} INFO - [2025-01-19T03:30:50.104+0000] {dag.py:4180} INFO - Setting next_dagrun for latest_only_with_trigger to 2025-01-18 20:00:00+00:00, run_after=2025-01-19 00:00:00+00:00
[2025-01-19T03:30:50.118+0000] {processor.py:208} INFO - Processing /home/vscode/.local/lib/python3.10/site-packages/airflow/example_dags/example_latest_only_with_trigger.py took 0.053 seconds
[2025-01-19T03:31:40.053+0000] {processor.py:186} INFO - Started process (PID=10099) to work on /home/vscode/.local/lib/python3.10/site-packages/airflow/example_dags/example_latest_only_with_trigger.py
[2025-01-19T03:31:40.054+0000] {processor.py:914} INFO - Processing file /home/vscode/.local/lib/python3.10/site-packages/airflow/example_dags/example_latest_only_with_trigger.py for tasks to queue
[2025-01-19T03:31:40.055+0000] {logging_mixin.py:190} INFO - [2025-01-19T03:31:40.055+0000] {dagbag.py:588} INFO - Filling up the DagBag from /home/vscode/.local/lib/python3.10/site-packages/airflow/example_dags/example_latest_only_with_trigger.py
[2025-01-19T03:31:40.061+0000] {processor.py:925} INFO - DAG(s) 'latest_only_with_trigger' retrieved from /home/vscode/.local/lib/python3.10/site-packages/airflow/example_dags/example_latest_only_with_trigger.py
[2025-01-19T03:31:40.073+0000] {logging_mixin.py:190} INFO - [2025-01-19T03:31:40.073+0000] {dag.py:3239} INFO - Sync 1 DAGs
[2025-01-19T03:31:40.087+0000] {logging_mixin.py:190} INFO - [2025-01-19T03:31:40.087+0000] {dag.py:4180} INFO - Setting next_dagrun for latest_only_with_trigger to 2025-01-18 20:00:00+00:00, run_after=2025-01-19 00:00:00+00:00
[2025-01-19T03:31:40.102+0000] {processor.py:208} INFO - Processing /home/vscode/.local/lib/python3.10/site-packages/airflow/example_dags/example_latest_only_with_trigger.py took 0.054 seconds
[2025-01-19T03:32:31.847+0000] {processor.py:186} INFO - Started process (PID=10525) to work on /home/vscode/.local/lib/python3.10/site-packages/airflow/example_dags/example_latest_only_with_trigger.py
[2025-01-19T03:32:31.847+0000] {processor.py:914} INFO - Processing file /home/vscode/.local/lib/python3.10/site-packages/airflow/example_dags/example_latest_only_with_trigger.py for tasks to queue
[2025-01-19T03:32:31.849+0000] {logging_mixin.py:190} INFO - [2025-01-19T03:32:31.849+0000] {dagbag.py:588} INFO - Filling up the DagBag from /home/vscode/.local/lib/python3.10/site-packages/airflow/example_dags/example_latest_only_with_trigger.py
[2025-01-19T03:32:31.855+0000] {processor.py:925} INFO - DAG(s) 'latest_only_with_trigger' retrieved from /home/vscode/.local/lib/python3.10/site-packages/airflow/example_dags/example_latest_only_with_trigger.py
[2025-01-19T03:32:31.867+0000] {logging_mixin.py:190} INFO - [2025-01-19T03:32:31.867+0000] {dag.py:3239} INFO - Sync 1 DAGs
[2025-01-19T03:32:31.881+0000] {logging_mixin.py:190} INFO - [2025-01-19T03:32:31.881+0000] {dag.py:4180} INFO - Setting next_dagrun for latest_only_with_trigger to 2025-01-18 20:00:00+00:00, run_after=2025-01-19 00:00:00+00:00
[2025-01-19T03:32:31.895+0000] {processor.py:208} INFO - Processing /home/vscode/.local/lib/python3.10/site-packages/airflow/example_dags/example_latest_only_with_trigger.py took 0.053 seconds
[2025-01-19T03:33:20.844+0000] {processor.py:186} INFO - Started process (PID=10918) to work on /home/vscode/.local/lib/python3.10/site-packages/airflow/example_dags/example_latest_only_with_trigger.py
[2025-01-19T03:33:20.845+0000] {processor.py:914} INFO - Processing file /home/vscode/.local/lib/python3.10/site-packages/airflow/example_dags/example_latest_only_with_trigger.py for tasks to queue
[2025-01-19T03:33:20.847+0000] {logging_mixin.py:190} INFO - [2025-01-19T03:33:20.846+0000] {dagbag.py:588} INFO - Filling up the DagBag from /home/vscode/.local/lib/python3.10/site-packages/airflow/example_dags/example_latest_only_with_trigger.py
[2025-01-19T03:33:20.853+0000] {processor.py:925} INFO - DAG(s) 'latest_only_with_trigger' retrieved from /home/vscode/.local/lib/python3.10/site-packages/airflow/example_dags/example_latest_only_with_trigger.py
[2025-01-19T03:33:20.865+0000] {logging_mixin.py:190} INFO - [2025-01-19T03:33:20.865+0000] {dag.py:3239} INFO - Sync 1 DAGs
[2025-01-19T03:33:20.880+0000] {logging_mixin.py:190} INFO - [2025-01-19T03:33:20.879+0000] {dag.py:4180} INFO - Setting next_dagrun for latest_only_with_trigger to 2025-01-18 20:00:00+00:00, run_after=2025-01-19 00:00:00+00:00
[2025-01-19T03:33:20.894+0000] {processor.py:208} INFO - Processing /home/vscode/.local/lib/python3.10/site-packages/airflow/example_dags/example_latest_only_with_trigger.py took 0.054 seconds
[2025-01-19T03:34:12.361+0000] {processor.py:186} INFO - Started process (PID=11274) to work on /home/vscode/.local/lib/python3.10/site-packages/airflow/example_dags/example_latest_only_with_trigger.py
[2025-01-19T03:34:12.362+0000] {processor.py:914} INFO - Processing file /home/vscode/.local/lib/python3.10/site-packages/airflow/example_dags/example_latest_only_with_trigger.py for tasks to queue
[2025-01-19T03:34:12.364+0000] {logging_mixin.py:190} INFO - [2025-01-19T03:34:12.364+0000] {dagbag.py:588} INFO - Filling up the DagBag from /home/vscode/.local/lib/python3.10/site-packages/airflow/example_dags/example_latest_only_with_trigger.py
[2025-01-19T03:34:12.370+0000] {processor.py:925} INFO - DAG(s) 'latest_only_with_trigger' retrieved from /home/vscode/.local/lib/python3.10/site-packages/airflow/example_dags/example_latest_only_with_trigger.py
[2025-01-19T03:34:12.383+0000] {logging_mixin.py:190} INFO - [2025-01-19T03:34:12.383+0000] {dag.py:3239} INFO - Sync 1 DAGs
[2025-01-19T03:34:12.399+0000] {logging_mixin.py:190} INFO - [2025-01-19T03:34:12.399+0000] {dag.py:4180} INFO - Setting next_dagrun for latest_only_with_trigger to 2025-01-18 20:00:00+00:00, run_after=2025-01-19 00:00:00+00:00
[2025-01-19T03:34:12.415+0000] {processor.py:208} INFO - Processing /home/vscode/.local/lib/python3.10/site-packages/airflow/example_dags/example_latest_only_with_trigger.py took 0.058 seconds
[2025-01-19T03:35:01.968+0000] {processor.py:186} INFO - Started process (PID=11686) to work on /home/vscode/.local/lib/python3.10/site-packages/airflow/example_dags/example_latest_only_with_trigger.py
[2025-01-19T03:35:01.969+0000] {processor.py:914} INFO - Processing file /home/vscode/.local/lib/python3.10/site-packages/airflow/example_dags/example_latest_only_with_trigger.py for tasks to queue
[2025-01-19T03:35:01.970+0000] {logging_mixin.py:190} INFO - [2025-01-19T03:35:01.970+0000] {dagbag.py:588} INFO - Filling up the DagBag from /home/vscode/.local/lib/python3.10/site-packages/airflow/example_dags/example_latest_only_with_trigger.py
[2025-01-19T03:35:01.976+0000] {processor.py:925} INFO - DAG(s) 'latest_only_with_trigger' retrieved from /home/vscode/.local/lib/python3.10/site-packages/airflow/example_dags/example_latest_only_with_trigger.py
[2025-01-19T03:35:01.989+0000] {logging_mixin.py:190} INFO - [2025-01-19T03:35:01.989+0000] {dag.py:3239} INFO - Sync 1 DAGs
[2025-01-19T03:35:02.005+0000] {logging_mixin.py:190} INFO - [2025-01-19T03:35:02.005+0000] {dag.py:4180} INFO - Setting next_dagrun for latest_only_with_trigger to 2025-01-18 20:00:00+00:00, run_after=2025-01-19 00:00:00+00:00
[2025-01-19T03:35:02.020+0000] {processor.py:208} INFO - Processing /home/vscode/.local/lib/python3.10/site-packages/airflow/example_dags/example_latest_only_with_trigger.py took 0.057 seconds
[2025-01-19T03:35:51.052+0000] {processor.py:186} INFO - Started process (PID=12066) to work on /home/vscode/.local/lib/python3.10/site-packages/airflow/example_dags/example_latest_only_with_trigger.py
[2025-01-19T03:35:51.053+0000] {processor.py:914} INFO - Processing file /home/vscode/.local/lib/python3.10/site-packages/airflow/example_dags/example_latest_only_with_trigger.py for tasks to queue
[2025-01-19T03:35:51.054+0000] {logging_mixin.py:190} INFO - [2025-01-19T03:35:51.054+0000] {dagbag.py:588} INFO - Filling up the DagBag from /home/vscode/.local/lib/python3.10/site-packages/airflow/example_dags/example_latest_only_with_trigger.py
[2025-01-19T03:35:51.060+0000] {processor.py:925} INFO - DAG(s) 'latest_only_with_trigger' retrieved from /home/vscode/.local/lib/python3.10/site-packages/airflow/example_dags/example_latest_only_with_trigger.py
[2025-01-19T03:35:51.072+0000] {logging_mixin.py:190} INFO - [2025-01-19T03:35:51.072+0000] {dag.py:3239} INFO - Sync 1 DAGs
[2025-01-19T03:35:51.086+0000] {logging_mixin.py:190} INFO - [2025-01-19T03:35:51.086+0000] {dag.py:4180} INFO - Setting next_dagrun for latest_only_with_trigger to 2025-01-18 20:00:00+00:00, run_after=2025-01-19 00:00:00+00:00
[2025-01-19T03:35:51.101+0000] {processor.py:208} INFO - Processing /home/vscode/.local/lib/python3.10/site-packages/airflow/example_dags/example_latest_only_with_trigger.py took 0.054 seconds
[2025-01-19T03:36:39.521+0000] {processor.py:186} INFO - Started process (PID=12403) to work on /home/vscode/.local/lib/python3.10/site-packages/airflow/example_dags/example_latest_only_with_trigger.py
[2025-01-19T03:36:39.522+0000] {processor.py:914} INFO - Processing file /home/vscode/.local/lib/python3.10/site-packages/airflow/example_dags/example_latest_only_with_trigger.py for tasks to queue
[2025-01-19T03:36:39.523+0000] {logging_mixin.py:190} INFO - [2025-01-19T03:36:39.523+0000] {dagbag.py:588} INFO - Filling up the DagBag from /home/vscode/.local/lib/python3.10/site-packages/airflow/example_dags/example_latest_only_with_trigger.py
[2025-01-19T03:36:39.529+0000] {processor.py:925} INFO - DAG(s) 'latest_only_with_trigger' retrieved from /home/vscode/.local/lib/python3.10/site-packages/airflow/example_dags/example_latest_only_with_trigger.py
[2025-01-19T03:36:39.542+0000] {logging_mixin.py:190} INFO - [2025-01-19T03:36:39.542+0000] {dag.py:3239} INFO - Sync 1 DAGs
[2025-01-19T03:36:39.559+0000] {logging_mixin.py:190} INFO - [2025-01-19T03:36:39.559+0000] {dag.py:4180} INFO - Setting next_dagrun for latest_only_with_trigger to 2025-01-18 20:00:00+00:00, run_after=2025-01-19 00:00:00+00:00
[2025-01-19T03:36:39.580+0000] {processor.py:208} INFO - Processing /home/vscode/.local/lib/python3.10/site-packages/airflow/example_dags/example_latest_only_with_trigger.py took 0.064 seconds
[2025-01-19T03:37:31.686+0000] {processor.py:186} INFO - Started process (PID=12766) to work on /home/vscode/.local/lib/python3.10/site-packages/airflow/example_dags/example_latest_only_with_trigger.py
[2025-01-19T03:37:31.687+0000] {processor.py:914} INFO - Processing file /home/vscode/.local/lib/python3.10/site-packages/airflow/example_dags/example_latest_only_with_trigger.py for tasks to queue
[2025-01-19T03:37:31.689+0000] {logging_mixin.py:190} INFO - [2025-01-19T03:37:31.688+0000] {dagbag.py:588} INFO - Filling up the DagBag from /home/vscode/.local/lib/python3.10/site-packages/airflow/example_dags/example_latest_only_with_trigger.py
[2025-01-19T03:37:31.694+0000] {processor.py:925} INFO - DAG(s) 'latest_only_with_trigger' retrieved from /home/vscode/.local/lib/python3.10/site-packages/airflow/example_dags/example_latest_only_with_trigger.py
[2025-01-19T03:37:31.706+0000] {logging_mixin.py:190} INFO - [2025-01-19T03:37:31.706+0000] {dag.py:3239} INFO - Sync 1 DAGs
[2025-01-19T03:37:31.721+0000] {logging_mixin.py:190} INFO - [2025-01-19T03:37:31.721+0000] {dag.py:4180} INFO - Setting next_dagrun for latest_only_with_trigger to 2025-01-18 20:00:00+00:00, run_after=2025-01-19 00:00:00+00:00
[2025-01-19T03:37:31.735+0000] {processor.py:208} INFO - Processing /home/vscode/.local/lib/python3.10/site-packages/airflow/example_dags/example_latest_only_with_trigger.py took 0.053 seconds
[2025-01-19T03:38:23.983+0000] {processor.py:186} INFO - Started process (PID=13113) to work on /home/vscode/.local/lib/python3.10/site-packages/airflow/example_dags/example_latest_only_with_trigger.py
[2025-01-19T03:38:23.984+0000] {processor.py:914} INFO - Processing file /home/vscode/.local/lib/python3.10/site-packages/airflow/example_dags/example_latest_only_with_trigger.py for tasks to queue
[2025-01-19T03:38:23.986+0000] {logging_mixin.py:190} INFO - [2025-01-19T03:38:23.985+0000] {dagbag.py:588} INFO - Filling up the DagBag from /home/vscode/.local/lib/python3.10/site-packages/airflow/example_dags/example_latest_only_with_trigger.py
[2025-01-19T03:38:23.992+0000] {processor.py:925} INFO - DAG(s) 'latest_only_with_trigger' retrieved from /home/vscode/.local/lib/python3.10/site-packages/airflow/example_dags/example_latest_only_with_trigger.py
[2025-01-19T03:38:24.004+0000] {logging_mixin.py:190} INFO - [2025-01-19T03:38:24.004+0000] {dag.py:3239} INFO - Sync 1 DAGs
[2025-01-19T03:38:24.019+0000] {logging_mixin.py:190} INFO - [2025-01-19T03:38:24.019+0000] {dag.py:4180} INFO - Setting next_dagrun for latest_only_with_trigger to 2025-01-18 20:00:00+00:00, run_after=2025-01-19 00:00:00+00:00
[2025-01-19T03:38:24.033+0000] {processor.py:208} INFO - Processing /home/vscode/.local/lib/python3.10/site-packages/airflow/example_dags/example_latest_only_with_trigger.py took 0.054 seconds
[2025-01-19T03:39:12.465+0000] {processor.py:186} INFO - Started process (PID=13443) to work on /home/vscode/.local/lib/python3.10/site-packages/airflow/example_dags/example_latest_only_with_trigger.py
[2025-01-19T03:39:12.466+0000] {processor.py:914} INFO - Processing file /home/vscode/.local/lib/python3.10/site-packages/airflow/example_dags/example_latest_only_with_trigger.py for tasks to queue
[2025-01-19T03:39:12.468+0000] {logging_mixin.py:190} INFO - [2025-01-19T03:39:12.467+0000] {dagbag.py:588} INFO - Filling up the DagBag from /home/vscode/.local/lib/python3.10/site-packages/airflow/example_dags/example_latest_only_with_trigger.py
[2025-01-19T03:39:12.474+0000] {processor.py:925} INFO - DAG(s) 'latest_only_with_trigger' retrieved from /home/vscode/.local/lib/python3.10/site-packages/airflow/example_dags/example_latest_only_with_trigger.py
[2025-01-19T03:39:12.486+0000] {logging_mixin.py:190} INFO - [2025-01-19T03:39:12.485+0000] {dag.py:3239} INFO - Sync 1 DAGs
[2025-01-19T03:39:12.500+0000] {logging_mixin.py:190} INFO - [2025-01-19T03:39:12.500+0000] {dag.py:4180} INFO - Setting next_dagrun for latest_only_with_trigger to 2025-01-18 20:00:00+00:00, run_after=2025-01-19 00:00:00+00:00
[2025-01-19T03:39:12.514+0000] {processor.py:208} INFO - Processing /home/vscode/.local/lib/python3.10/site-packages/airflow/example_dags/example_latest_only_with_trigger.py took 0.054 seconds
[2025-01-19T03:40:02.800+0000] {processor.py:186} INFO - Started process (PID=13784) to work on /home/vscode/.local/lib/python3.10/site-packages/airflow/example_dags/example_latest_only_with_trigger.py
[2025-01-19T03:40:02.800+0000] {processor.py:914} INFO - Processing file /home/vscode/.local/lib/python3.10/site-packages/airflow/example_dags/example_latest_only_with_trigger.py for tasks to queue
[2025-01-19T03:40:02.802+0000] {logging_mixin.py:190} INFO - [2025-01-19T03:40:02.802+0000] {dagbag.py:588} INFO - Filling up the DagBag from /home/vscode/.local/lib/python3.10/site-packages/airflow/example_dags/example_latest_only_with_trigger.py
[2025-01-19T03:40:02.808+0000] {processor.py:925} INFO - DAG(s) 'latest_only_with_trigger' retrieved from /home/vscode/.local/lib/python3.10/site-packages/airflow/example_dags/example_latest_only_with_trigger.py
[2025-01-19T03:40:02.820+0000] {logging_mixin.py:190} INFO - [2025-01-19T03:40:02.820+0000] {dag.py:3239} INFO - Sync 1 DAGs
[2025-01-19T03:40:02.835+0000] {logging_mixin.py:190} INFO - [2025-01-19T03:40:02.835+0000] {dag.py:4180} INFO - Setting next_dagrun for latest_only_with_trigger to 2025-01-18 20:00:00+00:00, run_after=2025-01-19 00:00:00+00:00
[2025-01-19T03:40:02.851+0000] {processor.py:208} INFO - Processing /home/vscode/.local/lib/python3.10/site-packages/airflow/example_dags/example_latest_only_with_trigger.py took 0.057 seconds
[2025-01-19T03:40:52.997+0000] {processor.py:186} INFO - Started process (PID=14129) to work on /home/vscode/.local/lib/python3.10/site-packages/airflow/example_dags/example_latest_only_with_trigger.py
[2025-01-19T03:40:52.998+0000] {processor.py:914} INFO - Processing file /home/vscode/.local/lib/python3.10/site-packages/airflow/example_dags/example_latest_only_with_trigger.py for tasks to queue
[2025-01-19T03:40:52.999+0000] {logging_mixin.py:190} INFO - [2025-01-19T03:40:52.999+0000] {dagbag.py:588} INFO - Filling up the DagBag from /home/vscode/.local/lib/python3.10/site-packages/airflow/example_dags/example_latest_only_with_trigger.py
[2025-01-19T03:40:53.005+0000] {processor.py:925} INFO - DAG(s) 'latest_only_with_trigger' retrieved from /home/vscode/.local/lib/python3.10/site-packages/airflow/example_dags/example_latest_only_with_trigger.py
[2025-01-19T03:40:53.017+0000] {logging_mixin.py:190} INFO - [2025-01-19T03:40:53.017+0000] {dag.py:3239} INFO - Sync 1 DAGs
[2025-01-19T03:40:53.032+0000] {logging_mixin.py:190} INFO - [2025-01-19T03:40:53.032+0000] {dag.py:4180} INFO - Setting next_dagrun for latest_only_with_trigger to 2025-01-18 20:00:00+00:00, run_after=2025-01-19 00:00:00+00:00
[2025-01-19T03:40:53.047+0000] {processor.py:208} INFO - Processing /home/vscode/.local/lib/python3.10/site-packages/airflow/example_dags/example_latest_only_with_trigger.py took 0.055 seconds
[2025-01-19T03:41:42.103+0000] {processor.py:186} INFO - Started process (PID=14458) to work on /home/vscode/.local/lib/python3.10/site-packages/airflow/example_dags/example_latest_only_with_trigger.py
[2025-01-19T03:41:42.104+0000] {processor.py:914} INFO - Processing file /home/vscode/.local/lib/python3.10/site-packages/airflow/example_dags/example_latest_only_with_trigger.py for tasks to queue
[2025-01-19T03:41:42.105+0000] {logging_mixin.py:190} INFO - [2025-01-19T03:41:42.105+0000] {dagbag.py:588} INFO - Filling up the DagBag from /home/vscode/.local/lib/python3.10/site-packages/airflow/example_dags/example_latest_only_with_trigger.py
[2025-01-19T03:41:42.111+0000] {processor.py:925} INFO - DAG(s) 'latest_only_with_trigger' retrieved from /home/vscode/.local/lib/python3.10/site-packages/airflow/example_dags/example_latest_only_with_trigger.py
[2025-01-19T03:41:42.123+0000] {logging_mixin.py:190} INFO - [2025-01-19T03:41:42.123+0000] {dag.py:3239} INFO - Sync 1 DAGs
[2025-01-19T03:41:42.138+0000] {logging_mixin.py:190} INFO - [2025-01-19T03:41:42.137+0000] {dag.py:4180} INFO - Setting next_dagrun for latest_only_with_trigger to 2025-01-18 20:00:00+00:00, run_after=2025-01-19 00:00:00+00:00
[2025-01-19T03:41:42.151+0000] {processor.py:208} INFO - Processing /home/vscode/.local/lib/python3.10/site-packages/airflow/example_dags/example_latest_only_with_trigger.py took 0.053 seconds
[2025-01-19T03:42:34.763+0000] {processor.py:186} INFO - Started process (PID=14808) to work on /home/vscode/.local/lib/python3.10/site-packages/airflow/example_dags/example_latest_only_with_trigger.py
[2025-01-19T03:42:34.763+0000] {processor.py:914} INFO - Processing file /home/vscode/.local/lib/python3.10/site-packages/airflow/example_dags/example_latest_only_with_trigger.py for tasks to queue
[2025-01-19T03:42:34.765+0000] {logging_mixin.py:190} INFO - [2025-01-19T03:42:34.765+0000] {dagbag.py:588} INFO - Filling up the DagBag from /home/vscode/.local/lib/python3.10/site-packages/airflow/example_dags/example_latest_only_with_trigger.py
[2025-01-19T03:42:34.771+0000] {processor.py:925} INFO - DAG(s) 'latest_only_with_trigger' retrieved from /home/vscode/.local/lib/python3.10/site-packages/airflow/example_dags/example_latest_only_with_trigger.py
[2025-01-19T03:42:34.783+0000] {logging_mixin.py:190} INFO - [2025-01-19T03:42:34.783+0000] {dag.py:3239} INFO - Sync 1 DAGs
[2025-01-19T03:42:34.799+0000] {logging_mixin.py:190} INFO - [2025-01-19T03:42:34.798+0000] {dag.py:4180} INFO - Setting next_dagrun for latest_only_with_trigger to 2025-01-18 20:00:00+00:00, run_after=2025-01-19 00:00:00+00:00
[2025-01-19T03:42:34.813+0000] {processor.py:208} INFO - Processing /home/vscode/.local/lib/python3.10/site-packages/airflow/example_dags/example_latest_only_with_trigger.py took 0.055 seconds
[2025-01-19T03:43:26.519+0000] {processor.py:186} INFO - Started process (PID=15163) to work on /home/vscode/.local/lib/python3.10/site-packages/airflow/example_dags/example_latest_only_with_trigger.py
[2025-01-19T03:43:26.520+0000] {processor.py:914} INFO - Processing file /home/vscode/.local/lib/python3.10/site-packages/airflow/example_dags/example_latest_only_with_trigger.py for tasks to queue
[2025-01-19T03:43:26.521+0000] {logging_mixin.py:190} INFO - [2025-01-19T03:43:26.521+0000] {dagbag.py:588} INFO - Filling up the DagBag from /home/vscode/.local/lib/python3.10/site-packages/airflow/example_dags/example_latest_only_with_trigger.py
[2025-01-19T03:43:26.527+0000] {processor.py:925} INFO - DAG(s) 'latest_only_with_trigger' retrieved from /home/vscode/.local/lib/python3.10/site-packages/airflow/example_dags/example_latest_only_with_trigger.py
[2025-01-19T03:43:26.540+0000] {logging_mixin.py:190} INFO - [2025-01-19T03:43:26.539+0000] {dag.py:3239} INFO - Sync 1 DAGs
[2025-01-19T03:43:26.555+0000] {logging_mixin.py:190} INFO - [2025-01-19T03:43:26.555+0000] {dag.py:4180} INFO - Setting next_dagrun for latest_only_with_trigger to 2025-01-18 20:00:00+00:00, run_after=2025-01-19 00:00:00+00:00
[2025-01-19T03:43:26.570+0000] {processor.py:208} INFO - Processing /home/vscode/.local/lib/python3.10/site-packages/airflow/example_dags/example_latest_only_with_trigger.py took 0.056 seconds
[2025-01-19T03:44:17.772+0000] {processor.py:186} INFO - Started process (PID=15505) to work on /home/vscode/.local/lib/python3.10/site-packages/airflow/example_dags/example_latest_only_with_trigger.py
[2025-01-19T03:44:17.772+0000] {processor.py:914} INFO - Processing file /home/vscode/.local/lib/python3.10/site-packages/airflow/example_dags/example_latest_only_with_trigger.py for tasks to queue
[2025-01-19T03:44:17.774+0000] {logging_mixin.py:190} INFO - [2025-01-19T03:44:17.774+0000] {dagbag.py:588} INFO - Filling up the DagBag from /home/vscode/.local/lib/python3.10/site-packages/airflow/example_dags/example_latest_only_with_trigger.py
[2025-01-19T03:44:17.780+0000] {processor.py:925} INFO - DAG(s) 'latest_only_with_trigger' retrieved from /home/vscode/.local/lib/python3.10/site-packages/airflow/example_dags/example_latest_only_with_trigger.py
[2025-01-19T03:44:17.791+0000] {logging_mixin.py:190} INFO - [2025-01-19T03:44:17.791+0000] {dag.py:3239} INFO - Sync 1 DAGs
[2025-01-19T03:44:17.807+0000] {logging_mixin.py:190} INFO - [2025-01-19T03:44:17.807+0000] {dag.py:4180} INFO - Setting next_dagrun for latest_only_with_trigger to 2025-01-18 20:00:00+00:00, run_after=2025-01-19 00:00:00+00:00
[2025-01-19T03:44:17.822+0000] {processor.py:208} INFO - Processing /home/vscode/.local/lib/python3.10/site-packages/airflow/example_dags/example_latest_only_with_trigger.py took 0.055 seconds
[2025-01-19T03:45:10.921+0000] {processor.py:186} INFO - Started process (PID=15860) to work on /home/vscode/.local/lib/python3.10/site-packages/airflow/example_dags/example_latest_only_with_trigger.py
[2025-01-19T03:45:10.922+0000] {processor.py:914} INFO - Processing file /home/vscode/.local/lib/python3.10/site-packages/airflow/example_dags/example_latest_only_with_trigger.py for tasks to queue
[2025-01-19T03:45:10.924+0000] {logging_mixin.py:190} INFO - [2025-01-19T03:45:10.923+0000] {dagbag.py:588} INFO - Filling up the DagBag from /home/vscode/.local/lib/python3.10/site-packages/airflow/example_dags/example_latest_only_with_trigger.py
[2025-01-19T03:45:10.929+0000] {processor.py:925} INFO - DAG(s) 'latest_only_with_trigger' retrieved from /home/vscode/.local/lib/python3.10/site-packages/airflow/example_dags/example_latest_only_with_trigger.py
[2025-01-19T03:45:10.941+0000] {logging_mixin.py:190} INFO - [2025-01-19T03:45:10.941+0000] {dag.py:3239} INFO - Sync 1 DAGs
[2025-01-19T03:45:10.956+0000] {logging_mixin.py:190} INFO - [2025-01-19T03:45:10.956+0000] {dag.py:4180} INFO - Setting next_dagrun for latest_only_with_trigger to 2025-01-18 20:00:00+00:00, run_after=2025-01-19 00:00:00+00:00
[2025-01-19T03:45:10.970+0000] {processor.py:208} INFO - Processing /home/vscode/.local/lib/python3.10/site-packages/airflow/example_dags/example_latest_only_with_trigger.py took 0.053 seconds
[2025-01-19T03:46:02.244+0000] {processor.py:186} INFO - Started process (PID=16209) to work on /home/vscode/.local/lib/python3.10/site-packages/airflow/example_dags/example_latest_only_with_trigger.py
[2025-01-19T03:46:02.245+0000] {processor.py:914} INFO - Processing file /home/vscode/.local/lib/python3.10/site-packages/airflow/example_dags/example_latest_only_with_trigger.py for tasks to queue
[2025-01-19T03:46:02.246+0000] {logging_mixin.py:190} INFO - [2025-01-19T03:46:02.246+0000] {dagbag.py:588} INFO - Filling up the DagBag from /home/vscode/.local/lib/python3.10/site-packages/airflow/example_dags/example_latest_only_with_trigger.py
[2025-01-19T03:46:02.253+0000] {processor.py:925} INFO - DAG(s) 'latest_only_with_trigger' retrieved from /home/vscode/.local/lib/python3.10/site-packages/airflow/example_dags/example_latest_only_with_trigger.py
[2025-01-19T03:46:02.277+0000] {logging_mixin.py:190} INFO - [2025-01-19T03:46:02.276+0000] {dag.py:3239} INFO - Sync 1 DAGs
[2025-01-19T03:46:02.293+0000] {logging_mixin.py:190} INFO - [2025-01-19T03:46:02.292+0000] {dag.py:4180} INFO - Setting next_dagrun for latest_only_with_trigger to 2025-01-18 20:00:00+00:00, run_after=2025-01-19 00:00:00+00:00
[2025-01-19T03:46:02.308+0000] {processor.py:208} INFO - Processing /home/vscode/.local/lib/python3.10/site-packages/airflow/example_dags/example_latest_only_with_trigger.py took 0.068 seconds
[2025-01-19T03:46:52.472+0000] {processor.py:186} INFO - Started process (PID=16541) to work on /home/vscode/.local/lib/python3.10/site-packages/airflow/example_dags/example_latest_only_with_trigger.py
[2025-01-19T03:46:52.473+0000] {processor.py:914} INFO - Processing file /home/vscode/.local/lib/python3.10/site-packages/airflow/example_dags/example_latest_only_with_trigger.py for tasks to queue
[2025-01-19T03:46:52.474+0000] {logging_mixin.py:190} INFO - [2025-01-19T03:46:52.474+0000] {dagbag.py:588} INFO - Filling up the DagBag from /home/vscode/.local/lib/python3.10/site-packages/airflow/example_dags/example_latest_only_with_trigger.py
[2025-01-19T03:46:52.480+0000] {processor.py:925} INFO - DAG(s) 'latest_only_with_trigger' retrieved from /home/vscode/.local/lib/python3.10/site-packages/airflow/example_dags/example_latest_only_with_trigger.py
[2025-01-19T03:46:52.492+0000] {logging_mixin.py:190} INFO - [2025-01-19T03:46:52.492+0000] {dag.py:3239} INFO - Sync 1 DAGs
[2025-01-19T03:46:52.508+0000] {logging_mixin.py:190} INFO - [2025-01-19T03:46:52.508+0000] {dag.py:4180} INFO - Setting next_dagrun for latest_only_with_trigger to 2025-01-18 20:00:00+00:00, run_after=2025-01-19 00:00:00+00:00
[2025-01-19T03:46:52.525+0000] {processor.py:208} INFO - Processing /home/vscode/.local/lib/python3.10/site-packages/airflow/example_dags/example_latest_only_with_trigger.py took 0.058 seconds
[2025-01-19T03:47:44.735+0000] {processor.py:186} INFO - Started process (PID=16895) to work on /home/vscode/.local/lib/python3.10/site-packages/airflow/example_dags/example_latest_only_with_trigger.py
[2025-01-19T03:47:44.736+0000] {processor.py:914} INFO - Processing file /home/vscode/.local/lib/python3.10/site-packages/airflow/example_dags/example_latest_only_with_trigger.py for tasks to queue
[2025-01-19T03:47:44.737+0000] {logging_mixin.py:190} INFO - [2025-01-19T03:47:44.737+0000] {dagbag.py:588} INFO - Filling up the DagBag from /home/vscode/.local/lib/python3.10/site-packages/airflow/example_dags/example_latest_only_with_trigger.py
[2025-01-19T03:47:44.743+0000] {processor.py:925} INFO - DAG(s) 'latest_only_with_trigger' retrieved from /home/vscode/.local/lib/python3.10/site-packages/airflow/example_dags/example_latest_only_with_trigger.py
[2025-01-19T03:47:44.755+0000] {logging_mixin.py:190} INFO - [2025-01-19T03:47:44.755+0000] {dag.py:3239} INFO - Sync 1 DAGs
[2025-01-19T03:47:44.770+0000] {logging_mixin.py:190} INFO - [2025-01-19T03:47:44.770+0000] {dag.py:4180} INFO - Setting next_dagrun for latest_only_with_trigger to 2025-01-18 20:00:00+00:00, run_after=2025-01-19 00:00:00+00:00
[2025-01-19T03:47:44.790+0000] {processor.py:208} INFO - Processing /home/vscode/.local/lib/python3.10/site-packages/airflow/example_dags/example_latest_only_with_trigger.py took 0.060 seconds
[2025-01-19T03:48:35.063+0000] {processor.py:186} INFO - Started process (PID=17245) to work on /home/vscode/.local/lib/python3.10/site-packages/airflow/example_dags/example_latest_only_with_trigger.py
[2025-01-19T03:48:35.064+0000] {processor.py:914} INFO - Processing file /home/vscode/.local/lib/python3.10/site-packages/airflow/example_dags/example_latest_only_with_trigger.py for tasks to queue
[2025-01-19T03:48:35.066+0000] {logging_mixin.py:190} INFO - [2025-01-19T03:48:35.065+0000] {dagbag.py:588} INFO - Filling up the DagBag from /home/vscode/.local/lib/python3.10/site-packages/airflow/example_dags/example_latest_only_with_trigger.py
[2025-01-19T03:48:35.072+0000] {processor.py:925} INFO - DAG(s) 'latest_only_with_trigger' retrieved from /home/vscode/.local/lib/python3.10/site-packages/airflow/example_dags/example_latest_only_with_trigger.py
[2025-01-19T03:48:35.084+0000] {logging_mixin.py:190} INFO - [2025-01-19T03:48:35.084+0000] {dag.py:3239} INFO - Sync 1 DAGs
[2025-01-19T03:48:35.099+0000] {logging_mixin.py:190} INFO - [2025-01-19T03:48:35.099+0000] {dag.py:4180} INFO - Setting next_dagrun for latest_only_with_trigger to 2025-01-18 20:00:00+00:00, run_after=2025-01-19 00:00:00+00:00
[2025-01-19T03:48:35.114+0000] {processor.py:208} INFO - Processing /home/vscode/.local/lib/python3.10/site-packages/airflow/example_dags/example_latest_only_with_trigger.py took 0.055 seconds
[2025-01-19T03:49:25.453+0000] {processor.py:186} INFO - Started process (PID=17709) to work on /home/vscode/.local/lib/python3.10/site-packages/airflow/example_dags/example_latest_only_with_trigger.py
[2025-01-19T03:49:25.454+0000] {processor.py:914} INFO - Processing file /home/vscode/.local/lib/python3.10/site-packages/airflow/example_dags/example_latest_only_with_trigger.py for tasks to queue
[2025-01-19T03:49:25.455+0000] {logging_mixin.py:190} INFO - [2025-01-19T03:49:25.455+0000] {dagbag.py:588} INFO - Filling up the DagBag from /home/vscode/.local/lib/python3.10/site-packages/airflow/example_dags/example_latest_only_with_trigger.py
[2025-01-19T03:49:25.461+0000] {processor.py:925} INFO - DAG(s) 'latest_only_with_trigger' retrieved from /home/vscode/.local/lib/python3.10/site-packages/airflow/example_dags/example_latest_only_with_trigger.py
[2025-01-19T03:49:25.474+0000] {logging_mixin.py:190} INFO - [2025-01-19T03:49:25.474+0000] {dag.py:3239} INFO - Sync 1 DAGs
[2025-01-19T03:49:25.489+0000] {logging_mixin.py:190} INFO - [2025-01-19T03:49:25.489+0000] {dag.py:4180} INFO - Setting next_dagrun for latest_only_with_trigger to 2025-01-18 20:00:00+00:00, run_after=2025-01-19 00:00:00+00:00
[2025-01-19T03:49:25.504+0000] {processor.py:208} INFO - Processing /home/vscode/.local/lib/python3.10/site-packages/airflow/example_dags/example_latest_only_with_trigger.py took 0.056 seconds
[2025-01-19T03:50:17.919+0000] {processor.py:186} INFO - Started process (PID=18113) to work on /home/vscode/.local/lib/python3.10/site-packages/airflow/example_dags/example_latest_only_with_trigger.py
[2025-01-19T03:50:17.920+0000] {processor.py:914} INFO - Processing file /home/vscode/.local/lib/python3.10/site-packages/airflow/example_dags/example_latest_only_with_trigger.py for tasks to queue
[2025-01-19T03:50:17.922+0000] {logging_mixin.py:190} INFO - [2025-01-19T03:50:17.922+0000] {dagbag.py:588} INFO - Filling up the DagBag from /home/vscode/.local/lib/python3.10/site-packages/airflow/example_dags/example_latest_only_with_trigger.py
[2025-01-19T03:50:17.931+0000] {processor.py:925} INFO - DAG(s) 'latest_only_with_trigger' retrieved from /home/vscode/.local/lib/python3.10/site-packages/airflow/example_dags/example_latest_only_with_trigger.py
[2025-01-19T03:50:17.943+0000] {logging_mixin.py:190} INFO - [2025-01-19T03:50:17.943+0000] {dag.py:3239} INFO - Sync 1 DAGs
[2025-01-19T03:50:17.960+0000] {logging_mixin.py:190} INFO - [2025-01-19T03:50:17.959+0000] {dag.py:4180} INFO - Setting next_dagrun for latest_only_with_trigger to 2025-01-18 20:00:00+00:00, run_after=2025-01-19 00:00:00+00:00
[2025-01-19T03:50:17.976+0000] {processor.py:208} INFO - Processing /home/vscode/.local/lib/python3.10/site-packages/airflow/example_dags/example_latest_only_with_trigger.py took 0.064 seconds
[2025-01-19T03:51:07.496+0000] {processor.py:186} INFO - Started process (PID=18493) to work on /home/vscode/.local/lib/python3.10/site-packages/airflow/example_dags/example_latest_only_with_trigger.py
[2025-01-19T03:51:07.497+0000] {processor.py:914} INFO - Processing file /home/vscode/.local/lib/python3.10/site-packages/airflow/example_dags/example_latest_only_with_trigger.py for tasks to queue
[2025-01-19T03:51:07.498+0000] {logging_mixin.py:190} INFO - [2025-01-19T03:51:07.498+0000] {dagbag.py:588} INFO - Filling up the DagBag from /home/vscode/.local/lib/python3.10/site-packages/airflow/example_dags/example_latest_only_with_trigger.py
[2025-01-19T03:51:07.504+0000] {processor.py:925} INFO - DAG(s) 'latest_only_with_trigger' retrieved from /home/vscode/.local/lib/python3.10/site-packages/airflow/example_dags/example_latest_only_with_trigger.py
[2025-01-19T03:51:07.516+0000] {logging_mixin.py:190} INFO - [2025-01-19T03:51:07.516+0000] {dag.py:3239} INFO - Sync 1 DAGs
[2025-01-19T03:51:07.533+0000] {logging_mixin.py:190} INFO - [2025-01-19T03:51:07.533+0000] {dag.py:4180} INFO - Setting next_dagrun for latest_only_with_trigger to 2025-01-18 20:00:00+00:00, run_after=2025-01-19 00:00:00+00:00
[2025-01-19T03:51:07.552+0000] {processor.py:208} INFO - Processing /home/vscode/.local/lib/python3.10/site-packages/airflow/example_dags/example_latest_only_with_trigger.py took 0.061 seconds
[2025-01-19T03:55:20.049+0000] {processor.py:186} INFO - Started process (PID=20277) to work on /home/vscode/.local/lib/python3.10/site-packages/airflow/example_dags/example_latest_only_with_trigger.py
[2025-01-19T03:55:20.049+0000] {processor.py:914} INFO - Processing file /home/vscode/.local/lib/python3.10/site-packages/airflow/example_dags/example_latest_only_with_trigger.py for tasks to queue
[2025-01-19T03:55:20.051+0000] {logging_mixin.py:190} INFO - [2025-01-19T03:55:20.051+0000] {dagbag.py:588} INFO - Filling up the DagBag from /home/vscode/.local/lib/python3.10/site-packages/airflow/example_dags/example_latest_only_with_trigger.py
[2025-01-19T03:55:20.058+0000] {processor.py:925} INFO - DAG(s) 'latest_only_with_trigger' retrieved from /home/vscode/.local/lib/python3.10/site-packages/airflow/example_dags/example_latest_only_with_trigger.py
[2025-01-19T03:55:20.071+0000] {logging_mixin.py:190} INFO - [2025-01-19T03:55:20.071+0000] {dag.py:3239} INFO - Sync 1 DAGs
[2025-01-19T03:55:20.086+0000] {logging_mixin.py:190} INFO - [2025-01-19T03:55:20.086+0000] {dag.py:4180} INFO - Setting next_dagrun for latest_only_with_trigger to 2025-01-18 20:00:00+00:00, run_after=2025-01-19 00:00:00+00:00
[2025-01-19T03:55:20.100+0000] {processor.py:208} INFO - Processing /home/vscode/.local/lib/python3.10/site-packages/airflow/example_dags/example_latest_only_with_trigger.py took 0.056 seconds
[2025-01-19T03:56:16.751+0000] {processor.py:186} INFO - Started process (PID=20661) to work on /home/vscode/.local/lib/python3.10/site-packages/airflow/example_dags/example_latest_only_with_trigger.py
[2025-01-19T03:56:16.751+0000] {processor.py:914} INFO - Processing file /home/vscode/.local/lib/python3.10/site-packages/airflow/example_dags/example_latest_only_with_trigger.py for tasks to queue
[2025-01-19T03:56:16.753+0000] {logging_mixin.py:190} INFO - [2025-01-19T03:56:16.753+0000] {dagbag.py:588} INFO - Filling up the DagBag from /home/vscode/.local/lib/python3.10/site-packages/airflow/example_dags/example_latest_only_with_trigger.py
[2025-01-19T03:56:16.759+0000] {processor.py:925} INFO - DAG(s) 'latest_only_with_trigger' retrieved from /home/vscode/.local/lib/python3.10/site-packages/airflow/example_dags/example_latest_only_with_trigger.py
[2025-01-19T03:56:16.771+0000] {logging_mixin.py:190} INFO - [2025-01-19T03:56:16.771+0000] {dag.py:3239} INFO - Sync 1 DAGs
[2025-01-19T03:56:16.786+0000] {logging_mixin.py:190} INFO - [2025-01-19T03:56:16.785+0000] {dag.py:4180} INFO - Setting next_dagrun for latest_only_with_trigger to 2025-01-18 20:00:00+00:00, run_after=2025-01-19 00:00:00+00:00
[2025-01-19T03:56:16.800+0000] {processor.py:208} INFO - Processing /home/vscode/.local/lib/python3.10/site-packages/airflow/example_dags/example_latest_only_with_trigger.py took 0.055 seconds
[2025-01-19T03:57:13.308+0000] {processor.py:186} INFO - Started process (PID=21047) to work on /home/vscode/.local/lib/python3.10/site-packages/airflow/example_dags/example_latest_only_with_trigger.py
[2025-01-19T03:57:13.309+0000] {processor.py:914} INFO - Processing file /home/vscode/.local/lib/python3.10/site-packages/airflow/example_dags/example_latest_only_with_trigger.py for tasks to queue
[2025-01-19T03:57:13.310+0000] {logging_mixin.py:190} INFO - [2025-01-19T03:57:13.310+0000] {dagbag.py:588} INFO - Filling up the DagBag from /home/vscode/.local/lib/python3.10/site-packages/airflow/example_dags/example_latest_only_with_trigger.py
[2025-01-19T03:57:13.316+0000] {processor.py:925} INFO - DAG(s) 'latest_only_with_trigger' retrieved from /home/vscode/.local/lib/python3.10/site-packages/airflow/example_dags/example_latest_only_with_trigger.py
[2025-01-19T03:57:13.329+0000] {logging_mixin.py:190} INFO - [2025-01-19T03:57:13.329+0000] {dag.py:3239} INFO - Sync 1 DAGs
[2025-01-19T03:57:13.343+0000] {logging_mixin.py:190} INFO - [2025-01-19T03:57:13.343+0000] {dag.py:4180} INFO - Setting next_dagrun for latest_only_with_trigger to 2025-01-18 20:00:00+00:00, run_after=2025-01-19 00:00:00+00:00
[2025-01-19T03:57:13.357+0000] {processor.py:208} INFO - Processing /home/vscode/.local/lib/python3.10/site-packages/airflow/example_dags/example_latest_only_with_trigger.py took 0.054 seconds
[2025-01-19T03:58:04.122+0000] {processor.py:186} INFO - Started process (PID=21394) to work on /home/vscode/.local/lib/python3.10/site-packages/airflow/example_dags/example_latest_only_with_trigger.py
[2025-01-19T03:58:04.123+0000] {processor.py:914} INFO - Processing file /home/vscode/.local/lib/python3.10/site-packages/airflow/example_dags/example_latest_only_with_trigger.py for tasks to queue
[2025-01-19T03:58:04.125+0000] {logging_mixin.py:190} INFO - [2025-01-19T03:58:04.124+0000] {dagbag.py:588} INFO - Filling up the DagBag from /home/vscode/.local/lib/python3.10/site-packages/airflow/example_dags/example_latest_only_with_trigger.py
[2025-01-19T03:58:04.131+0000] {processor.py:925} INFO - DAG(s) 'latest_only_with_trigger' retrieved from /home/vscode/.local/lib/python3.10/site-packages/airflow/example_dags/example_latest_only_with_trigger.py
[2025-01-19T03:58:04.143+0000] {logging_mixin.py:190} INFO - [2025-01-19T03:58:04.142+0000] {dag.py:3239} INFO - Sync 1 DAGs
[2025-01-19T03:58:04.157+0000] {logging_mixin.py:190} INFO - [2025-01-19T03:58:04.157+0000] {dag.py:4180} INFO - Setting next_dagrun for latest_only_with_trigger to 2025-01-18 20:00:00+00:00, run_after=2025-01-19 00:00:00+00:00
[2025-01-19T03:58:04.171+0000] {processor.py:208} INFO - Processing /home/vscode/.local/lib/python3.10/site-packages/airflow/example_dags/example_latest_only_with_trigger.py took 0.053 seconds
[2025-01-19T03:58:55.966+0000] {processor.py:186} INFO - Started process (PID=21744) to work on /home/vscode/.local/lib/python3.10/site-packages/airflow/example_dags/example_latest_only_with_trigger.py
[2025-01-19T03:58:55.966+0000] {processor.py:914} INFO - Processing file /home/vscode/.local/lib/python3.10/site-packages/airflow/example_dags/example_latest_only_with_trigger.py for tasks to queue
[2025-01-19T03:58:55.968+0000] {logging_mixin.py:190} INFO - [2025-01-19T03:58:55.968+0000] {dagbag.py:588} INFO - Filling up the DagBag from /home/vscode/.local/lib/python3.10/site-packages/airflow/example_dags/example_latest_only_with_trigger.py
[2025-01-19T03:58:55.974+0000] {processor.py:925} INFO - DAG(s) 'latest_only_with_trigger' retrieved from /home/vscode/.local/lib/python3.10/site-packages/airflow/example_dags/example_latest_only_with_trigger.py
[2025-01-19T03:58:55.986+0000] {logging_mixin.py:190} INFO - [2025-01-19T03:58:55.986+0000] {dag.py:3239} INFO - Sync 1 DAGs
[2025-01-19T03:58:56.001+0000] {logging_mixin.py:190} INFO - [2025-01-19T03:58:56.000+0000] {dag.py:4180} INFO - Setting next_dagrun for latest_only_with_trigger to 2025-01-18 20:00:00+00:00, run_after=2025-01-19 00:00:00+00:00
[2025-01-19T03:58:56.015+0000] {processor.py:208} INFO - Processing /home/vscode/.local/lib/python3.10/site-packages/airflow/example_dags/example_latest_only_with_trigger.py took 0.055 seconds
[2025-01-19T03:59:47.336+0000] {processor.py:186} INFO - Started process (PID=22089) to work on /home/vscode/.local/lib/python3.10/site-packages/airflow/example_dags/example_latest_only_with_trigger.py
[2025-01-19T03:59:47.337+0000] {processor.py:914} INFO - Processing file /home/vscode/.local/lib/python3.10/site-packages/airflow/example_dags/example_latest_only_with_trigger.py for tasks to queue
[2025-01-19T03:59:47.339+0000] {logging_mixin.py:190} INFO - [2025-01-19T03:59:47.339+0000] {dagbag.py:588} INFO - Filling up the DagBag from /home/vscode/.local/lib/python3.10/site-packages/airflow/example_dags/example_latest_only_with_trigger.py
[2025-01-19T03:59:47.345+0000] {processor.py:925} INFO - DAG(s) 'latest_only_with_trigger' retrieved from /home/vscode/.local/lib/python3.10/site-packages/airflow/example_dags/example_latest_only_with_trigger.py
[2025-01-19T03:59:47.357+0000] {logging_mixin.py:190} INFO - [2025-01-19T03:59:47.357+0000] {dag.py:3239} INFO - Sync 1 DAGs
[2025-01-19T03:59:47.371+0000] {logging_mixin.py:190} INFO - [2025-01-19T03:59:47.371+0000] {dag.py:4180} INFO - Setting next_dagrun for latest_only_with_trigger to 2025-01-18 20:00:00+00:00, run_after=2025-01-19 00:00:00+00:00
[2025-01-19T03:59:47.386+0000] {processor.py:208} INFO - Processing /home/vscode/.local/lib/python3.10/site-packages/airflow/example_dags/example_latest_only_with_trigger.py took 0.054 seconds
[2025-01-19T04:00:40.039+0000] {processor.py:186} INFO - Started process (PID=22447) to work on /home/vscode/.local/lib/python3.10/site-packages/airflow/example_dags/example_latest_only_with_trigger.py
[2025-01-19T04:00:40.040+0000] {processor.py:914} INFO - Processing file /home/vscode/.local/lib/python3.10/site-packages/airflow/example_dags/example_latest_only_with_trigger.py for tasks to queue
[2025-01-19T04:00:40.041+0000] {logging_mixin.py:190} INFO - [2025-01-19T04:00:40.041+0000] {dagbag.py:588} INFO - Filling up the DagBag from /home/vscode/.local/lib/python3.10/site-packages/airflow/example_dags/example_latest_only_with_trigger.py
[2025-01-19T04:00:40.047+0000] {processor.py:925} INFO - DAG(s) 'latest_only_with_trigger' retrieved from /home/vscode/.local/lib/python3.10/site-packages/airflow/example_dags/example_latest_only_with_trigger.py
[2025-01-19T04:00:40.059+0000] {logging_mixin.py:190} INFO - [2025-01-19T04:00:40.059+0000] {dag.py:3239} INFO - Sync 1 DAGs
[2025-01-19T04:00:40.073+0000] {logging_mixin.py:190} INFO - [2025-01-19T04:00:40.073+0000] {dag.py:4180} INFO - Setting next_dagrun for latest_only_with_trigger to 2025-01-19 00:00:00+00:00, run_after=2025-01-19 04:00:00+00:00
[2025-01-19T04:00:40.088+0000] {processor.py:208} INFO - Processing /home/vscode/.local/lib/python3.10/site-packages/airflow/example_dags/example_latest_only_with_trigger.py took 0.053 seconds
[2025-01-19T04:01:30.250+0000] {processor.py:186} INFO - Started process (PID=22788) to work on /home/vscode/.local/lib/python3.10/site-packages/airflow/example_dags/example_latest_only_with_trigger.py
[2025-01-19T04:01:30.250+0000] {processor.py:914} INFO - Processing file /home/vscode/.local/lib/python3.10/site-packages/airflow/example_dags/example_latest_only_with_trigger.py for tasks to queue
[2025-01-19T04:01:30.252+0000] {logging_mixin.py:190} INFO - [2025-01-19T04:01:30.252+0000] {dagbag.py:588} INFO - Filling up the DagBag from /home/vscode/.local/lib/python3.10/site-packages/airflow/example_dags/example_latest_only_with_trigger.py
[2025-01-19T04:01:30.258+0000] {processor.py:925} INFO - DAG(s) 'latest_only_with_trigger' retrieved from /home/vscode/.local/lib/python3.10/site-packages/airflow/example_dags/example_latest_only_with_trigger.py
[2025-01-19T04:01:30.270+0000] {logging_mixin.py:190} INFO - [2025-01-19T04:01:30.270+0000] {dag.py:3239} INFO - Sync 1 DAGs
[2025-01-19T04:01:30.285+0000] {logging_mixin.py:190} INFO - [2025-01-19T04:01:30.285+0000] {dag.py:4180} INFO - Setting next_dagrun for latest_only_with_trigger to 2025-01-19 00:00:00+00:00, run_after=2025-01-19 04:00:00+00:00
[2025-01-19T04:01:30.299+0000] {processor.py:208} INFO - Processing /home/vscode/.local/lib/python3.10/site-packages/airflow/example_dags/example_latest_only_with_trigger.py took 0.054 seconds
[2025-01-19T04:02:22.523+0000] {processor.py:186} INFO - Started process (PID=23153) to work on /home/vscode/.local/lib/python3.10/site-packages/airflow/example_dags/example_latest_only_with_trigger.py
[2025-01-19T04:02:22.523+0000] {processor.py:914} INFO - Processing file /home/vscode/.local/lib/python3.10/site-packages/airflow/example_dags/example_latest_only_with_trigger.py for tasks to queue
[2025-01-19T04:02:22.525+0000] {logging_mixin.py:190} INFO - [2025-01-19T04:02:22.525+0000] {dagbag.py:588} INFO - Filling up the DagBag from /home/vscode/.local/lib/python3.10/site-packages/airflow/example_dags/example_latest_only_with_trigger.py
[2025-01-19T04:02:22.531+0000] {processor.py:925} INFO - DAG(s) 'latest_only_with_trigger' retrieved from /home/vscode/.local/lib/python3.10/site-packages/airflow/example_dags/example_latest_only_with_trigger.py
[2025-01-19T04:02:22.548+0000] {logging_mixin.py:190} INFO - [2025-01-19T04:02:22.548+0000] {dag.py:3239} INFO - Sync 1 DAGs
[2025-01-19T04:02:22.571+0000] {logging_mixin.py:190} INFO - [2025-01-19T04:02:22.571+0000] {dag.py:4180} INFO - Setting next_dagrun for latest_only_with_trigger to 2025-01-19 00:00:00+00:00, run_after=2025-01-19 04:00:00+00:00
[2025-01-19T04:02:22.586+0000] {processor.py:208} INFO - Processing /home/vscode/.local/lib/python3.10/site-packages/airflow/example_dags/example_latest_only_with_trigger.py took 0.068 seconds
