[2025-01-19T03:21:32.315+0000] {processor.py:186} INFO - Started process (PID=5444) to work on /home/vscode/.local/lib/python3.10/site-packages/airflow/example_dags/example_dag_decorator.py
[2025-01-19T03:21:32.316+0000] {processor.py:914} INFO - Processing file /home/vscode/.local/lib/python3.10/site-packages/airflow/example_dags/example_dag_decorator.py for tasks to queue
[2025-01-19T03:21:32.318+0000] {logging_mixin.py:190} INFO - [2025-01-19T03:21:32.317+0000] {dagbag.py:588} INFO - Filling up the DagBag from /home/vscode/.local/lib/python3.10/site-packages/airflow/example_dags/example_dag_decorator.py
[2025-01-19T03:21:32.327+0000] {processor.py:925} INFO - DAG(s) 'example_dag_decorator' retrieved from /home/vscode/.local/lib/python3.10/site-packages/airflow/example_dags/example_dag_decorator.py
[2025-01-19T03:21:32.412+0000] {logging_mixin.py:190} INFO - [2025-01-19T03:21:32.411+0000] {override.py:1911} INFO - Created Permission View: can read on DAG:example_dag_decorator
[2025-01-19T03:21:32.421+0000] {logging_mixin.py:190} INFO - [2025-01-19T03:21:32.420+0000] {override.py:1911} INFO - Created Permission View: can edit on DAG:example_dag_decorator
[2025-01-19T03:21:32.427+0000] {logging_mixin.py:190} INFO - [2025-01-19T03:21:32.426+0000] {override.py:1911} INFO - Created Permission View: can delete on DAG:example_dag_decorator
[2025-01-19T03:21:32.436+0000] {logging_mixin.py:190} INFO - [2025-01-19T03:21:32.436+0000] {override.py:1911} INFO - Created Permission View: menu access on DAG Run:example_dag_decorator
[2025-01-19T03:21:32.442+0000] {logging_mixin.py:190} INFO - [2025-01-19T03:21:32.441+0000] {override.py:1911} INFO - Created Permission View: can read on DAG Run:example_dag_decorator
[2025-01-19T03:21:32.447+0000] {logging_mixin.py:190} INFO - [2025-01-19T03:21:32.447+0000] {override.py:1911} INFO - Created Permission View: can create on DAG Run:example_dag_decorator
[2025-01-19T03:21:32.453+0000] {logging_mixin.py:190} INFO - [2025-01-19T03:21:32.453+0000] {override.py:1911} INFO - Created Permission View: can delete on DAG Run:example_dag_decorator
[2025-01-19T03:21:32.454+0000] {logging_mixin.py:190} INFO - [2025-01-19T03:21:32.454+0000] {dag.py:3239} INFO - Sync 1 DAGs
[2025-01-19T03:21:32.464+0000] {logging_mixin.py:190} INFO - [2025-01-19T03:21:32.463+0000] {dag.py:3262} INFO - Creating ORM DAG for example_dag_decorator
[2025-01-19T03:21:32.464+0000] {logging_mixin.py:190} INFO - [2025-01-19T03:21:32.464+0000] {dag.py:4180} INFO - Setting next_dagrun for example_dag_decorator to None, run_after=None
[2025-01-19T03:21:32.479+0000] {processor.py:208} INFO - Processing /home/vscode/.local/lib/python3.10/site-packages/airflow/example_dags/example_dag_decorator.py took 0.168 seconds
[2025-01-19T03:22:27.409+0000] {processor.py:186} INFO - Started process (PID=5819) to work on /home/vscode/.local/lib/python3.10/site-packages/airflow/example_dags/example_dag_decorator.py
[2025-01-19T03:22:27.410+0000] {processor.py:914} INFO - Processing file /home/vscode/.local/lib/python3.10/site-packages/airflow/example_dags/example_dag_decorator.py for tasks to queue
[2025-01-19T03:22:27.411+0000] {logging_mixin.py:190} INFO - [2025-01-19T03:22:27.411+0000] {dagbag.py:588} INFO - Filling up the DagBag from /home/vscode/.local/lib/python3.10/site-packages/airflow/example_dags/example_dag_decorator.py
[2025-01-19T03:22:27.423+0000] {processor.py:925} INFO - DAG(s) 'example_dag_decorator' retrieved from /home/vscode/.local/lib/python3.10/site-packages/airflow/example_dags/example_dag_decorator.py
[2025-01-19T03:22:27.531+0000] {logging_mixin.py:190} INFO - [2025-01-19T03:22:27.531+0000] {dag.py:3239} INFO - Sync 1 DAGs
[2025-01-19T03:22:27.546+0000] {logging_mixin.py:190} INFO - [2025-01-19T03:22:27.546+0000] {dag.py:4180} INFO - Setting next_dagrun for example_dag_decorator to None, run_after=None
[2025-01-19T03:22:27.571+0000] {processor.py:208} INFO - Processing /home/vscode/.local/lib/python3.10/site-packages/airflow/example_dags/example_dag_decorator.py took 0.167 seconds
[2025-01-19T03:23:39.670+0000] {processor.py:186} INFO - Started process (PID=6434) to work on /home/vscode/.local/lib/python3.10/site-packages/airflow/example_dags/example_dag_decorator.py
[2025-01-19T03:23:39.671+0000] {processor.py:914} INFO - Processing file /home/vscode/.local/lib/python3.10/site-packages/airflow/example_dags/example_dag_decorator.py for tasks to queue
[2025-01-19T03:23:39.672+0000] {logging_mixin.py:190} INFO - [2025-01-19T03:23:39.672+0000] {dagbag.py:588} INFO - Filling up the DagBag from /home/vscode/.local/lib/python3.10/site-packages/airflow/example_dags/example_dag_decorator.py
[2025-01-19T03:23:39.681+0000] {processor.py:925} INFO - DAG(s) 'example_dag_decorator' retrieved from /home/vscode/.local/lib/python3.10/site-packages/airflow/example_dags/example_dag_decorator.py
[2025-01-19T03:23:39.761+0000] {logging_mixin.py:190} INFO - [2025-01-19T03:23:39.761+0000] {dag.py:3239} INFO - Sync 1 DAGs
[2025-01-19T03:23:39.770+0000] {logging_mixin.py:190} INFO - [2025-01-19T03:23:39.770+0000] {dag.py:4180} INFO - Setting next_dagrun for example_dag_decorator to None, run_after=None
[2025-01-19T03:23:39.784+0000] {processor.py:208} INFO - Processing /home/vscode/.local/lib/python3.10/site-packages/airflow/example_dags/example_dag_decorator.py took 0.119 seconds
[2025-01-19T03:24:36.156+0000] {processor.py:186} INFO - Started process (PID=6881) to work on /home/vscode/.local/lib/python3.10/site-packages/airflow/example_dags/example_dag_decorator.py
[2025-01-19T03:24:36.156+0000] {processor.py:914} INFO - Processing file /home/vscode/.local/lib/python3.10/site-packages/airflow/example_dags/example_dag_decorator.py for tasks to queue
[2025-01-19T03:24:36.158+0000] {logging_mixin.py:190} INFO - [2025-01-19T03:24:36.158+0000] {dagbag.py:588} INFO - Filling up the DagBag from /home/vscode/.local/lib/python3.10/site-packages/airflow/example_dags/example_dag_decorator.py
[2025-01-19T03:24:36.167+0000] {processor.py:925} INFO - DAG(s) 'example_dag_decorator' retrieved from /home/vscode/.local/lib/python3.10/site-packages/airflow/example_dags/example_dag_decorator.py
[2025-01-19T03:24:36.244+0000] {logging_mixin.py:190} INFO - [2025-01-19T03:24:36.244+0000] {dag.py:3239} INFO - Sync 1 DAGs
[2025-01-19T03:24:36.253+0000] {logging_mixin.py:190} INFO - [2025-01-19T03:24:36.253+0000] {dag.py:4180} INFO - Setting next_dagrun for example_dag_decorator to None, run_after=None
[2025-01-19T03:24:36.268+0000] {processor.py:208} INFO - Processing /home/vscode/.local/lib/python3.10/site-packages/airflow/example_dags/example_dag_decorator.py took 0.117 seconds
[2025-01-19T03:25:50.591+0000] {processor.py:186} INFO - Started process (PID=7479) to work on /home/vscode/.local/lib/python3.10/site-packages/airflow/example_dags/example_dag_decorator.py
[2025-01-19T03:25:50.592+0000] {processor.py:914} INFO - Processing file /home/vscode/.local/lib/python3.10/site-packages/airflow/example_dags/example_dag_decorator.py for tasks to queue
[2025-01-19T03:25:50.594+0000] {logging_mixin.py:190} INFO - [2025-01-19T03:25:50.594+0000] {dagbag.py:588} INFO - Filling up the DagBag from /home/vscode/.local/lib/python3.10/site-packages/airflow/example_dags/example_dag_decorator.py
[2025-01-19T03:25:50.607+0000] {processor.py:925} INFO - DAG(s) 'example_dag_decorator' retrieved from /home/vscode/.local/lib/python3.10/site-packages/airflow/example_dags/example_dag_decorator.py
[2025-01-19T03:25:50.685+0000] {logging_mixin.py:190} INFO - [2025-01-19T03:25:50.685+0000] {dag.py:3239} INFO - Sync 1 DAGs
[2025-01-19T03:25:50.693+0000] {logging_mixin.py:190} INFO - [2025-01-19T03:25:50.693+0000] {dag.py:4180} INFO - Setting next_dagrun for example_dag_decorator to None, run_after=None
[2025-01-19T03:25:50.708+0000] {processor.py:208} INFO - Processing /home/vscode/.local/lib/python3.10/site-packages/airflow/example_dags/example_dag_decorator.py took 0.124 seconds
[2025-01-19T03:27:09.801+0000] {processor.py:186} INFO - Started process (PID=8091) to work on /home/vscode/.local/lib/python3.10/site-packages/airflow/example_dags/example_dag_decorator.py
[2025-01-19T03:27:09.802+0000] {processor.py:914} INFO - Processing file /home/vscode/.local/lib/python3.10/site-packages/airflow/example_dags/example_dag_decorator.py for tasks to queue
[2025-01-19T03:27:09.803+0000] {logging_mixin.py:190} INFO - [2025-01-19T03:27:09.803+0000] {dagbag.py:588} INFO - Filling up the DagBag from /home/vscode/.local/lib/python3.10/site-packages/airflow/example_dags/example_dag_decorator.py
[2025-01-19T03:27:09.813+0000] {processor.py:925} INFO - DAG(s) 'example_dag_decorator' retrieved from /home/vscode/.local/lib/python3.10/site-packages/airflow/example_dags/example_dag_decorator.py
[2025-01-19T03:27:09.902+0000] {logging_mixin.py:190} INFO - [2025-01-19T03:27:09.901+0000] {dag.py:3239} INFO - Sync 1 DAGs
[2025-01-19T03:27:09.915+0000] {logging_mixin.py:190} INFO - [2025-01-19T03:27:09.915+0000] {dag.py:4180} INFO - Setting next_dagrun for example_dag_decorator to None, run_after=None
[2025-01-19T03:27:09.937+0000] {processor.py:208} INFO - Processing /home/vscode/.local/lib/python3.10/site-packages/airflow/example_dags/example_dag_decorator.py took 0.140 seconds
[2025-01-19T03:28:30.651+0000] {processor.py:186} INFO - Started process (PID=8783) to work on /home/vscode/.local/lib/python3.10/site-packages/airflow/example_dags/example_dag_decorator.py
[2025-01-19T03:28:30.652+0000] {processor.py:914} INFO - Processing file /home/vscode/.local/lib/python3.10/site-packages/airflow/example_dags/example_dag_decorator.py for tasks to queue
[2025-01-19T03:28:30.654+0000] {logging_mixin.py:190} INFO - [2025-01-19T03:28:30.654+0000] {dagbag.py:588} INFO - Filling up the DagBag from /home/vscode/.local/lib/python3.10/site-packages/airflow/example_dags/example_dag_decorator.py
[2025-01-19T03:28:30.667+0000] {processor.py:925} INFO - DAG(s) 'example_dag_decorator' retrieved from /home/vscode/.local/lib/python3.10/site-packages/airflow/example_dags/example_dag_decorator.py
[2025-01-19T03:28:30.781+0000] {logging_mixin.py:190} INFO - [2025-01-19T03:28:30.781+0000] {dag.py:3239} INFO - Sync 1 DAGs
[2025-01-19T03:28:30.791+0000] {logging_mixin.py:190} INFO - [2025-01-19T03:28:30.791+0000] {dag.py:4180} INFO - Setting next_dagrun for example_dag_decorator to None, run_after=None
[2025-01-19T03:28:30.806+0000] {processor.py:208} INFO - Processing /home/vscode/.local/lib/python3.10/site-packages/airflow/example_dags/example_dag_decorator.py took 0.161 seconds
[2025-01-19T03:29:49.592+0000] {processor.py:186} INFO - Started process (PID=9354) to work on /home/vscode/.local/lib/python3.10/site-packages/airflow/example_dags/example_dag_decorator.py
[2025-01-19T03:29:49.593+0000] {processor.py:914} INFO - Processing file /home/vscode/.local/lib/python3.10/site-packages/airflow/example_dags/example_dag_decorator.py for tasks to queue
[2025-01-19T03:29:49.594+0000] {logging_mixin.py:190} INFO - [2025-01-19T03:29:49.594+0000] {dagbag.py:588} INFO - Filling up the DagBag from /home/vscode/.local/lib/python3.10/site-packages/airflow/example_dags/example_dag_decorator.py
[2025-01-19T03:29:49.603+0000] {processor.py:925} INFO - DAG(s) 'example_dag_decorator' retrieved from /home/vscode/.local/lib/python3.10/site-packages/airflow/example_dags/example_dag_decorator.py
[2025-01-19T03:29:49.690+0000] {logging_mixin.py:190} INFO - [2025-01-19T03:29:49.690+0000] {dag.py:3239} INFO - Sync 1 DAGs
[2025-01-19T03:29:49.703+0000] {logging_mixin.py:190} INFO - [2025-01-19T03:29:49.703+0000] {dag.py:4180} INFO - Setting next_dagrun for example_dag_decorator to None, run_after=None
[2025-01-19T03:29:49.723+0000] {processor.py:208} INFO - Processing /home/vscode/.local/lib/python3.10/site-packages/airflow/example_dags/example_dag_decorator.py took 0.136 seconds
[2025-01-19T03:30:59.205+0000] {processor.py:186} INFO - Started process (PID=9821) to work on /home/vscode/.local/lib/python3.10/site-packages/airflow/example_dags/example_dag_decorator.py
[2025-01-19T03:30:59.206+0000] {processor.py:914} INFO - Processing file /home/vscode/.local/lib/python3.10/site-packages/airflow/example_dags/example_dag_decorator.py for tasks to queue
[2025-01-19T03:30:59.207+0000] {logging_mixin.py:190} INFO - [2025-01-19T03:30:59.207+0000] {dagbag.py:588} INFO - Filling up the DagBag from /home/vscode/.local/lib/python3.10/site-packages/airflow/example_dags/example_dag_decorator.py
[2025-01-19T03:30:59.217+0000] {processor.py:925} INFO - DAG(s) 'example_dag_decorator' retrieved from /home/vscode/.local/lib/python3.10/site-packages/airflow/example_dags/example_dag_decorator.py
[2025-01-19T03:30:59.294+0000] {logging_mixin.py:190} INFO - [2025-01-19T03:30:59.294+0000] {dag.py:3239} INFO - Sync 1 DAGs
[2025-01-19T03:30:59.302+0000] {logging_mixin.py:190} INFO - [2025-01-19T03:30:59.302+0000] {dag.py:4180} INFO - Setting next_dagrun for example_dag_decorator to None, run_after=None
[2025-01-19T03:30:59.320+0000] {processor.py:208} INFO - Processing /home/vscode/.local/lib/python3.10/site-packages/airflow/example_dags/example_dag_decorator.py took 0.120 seconds
[2025-01-19T03:32:14.042+0000] {processor.py:186} INFO - Started process (PID=10396) to work on /home/vscode/.local/lib/python3.10/site-packages/airflow/example_dags/example_dag_decorator.py
[2025-01-19T03:32:14.043+0000] {processor.py:914} INFO - Processing file /home/vscode/.local/lib/python3.10/site-packages/airflow/example_dags/example_dag_decorator.py for tasks to queue
[2025-01-19T03:32:14.044+0000] {logging_mixin.py:190} INFO - [2025-01-19T03:32:14.044+0000] {dagbag.py:588} INFO - Filling up the DagBag from /home/vscode/.local/lib/python3.10/site-packages/airflow/example_dags/example_dag_decorator.py
[2025-01-19T03:32:14.053+0000] {processor.py:925} INFO - DAG(s) 'example_dag_decorator' retrieved from /home/vscode/.local/lib/python3.10/site-packages/airflow/example_dags/example_dag_decorator.py
[2025-01-19T03:32:14.131+0000] {logging_mixin.py:190} INFO - [2025-01-19T03:32:14.131+0000] {dag.py:3239} INFO - Sync 1 DAGs
[2025-01-19T03:32:14.139+0000] {logging_mixin.py:190} INFO - [2025-01-19T03:32:14.139+0000] {dag.py:4180} INFO - Setting next_dagrun for example_dag_decorator to None, run_after=None
[2025-01-19T03:32:14.153+0000] {processor.py:208} INFO - Processing /home/vscode/.local/lib/python3.10/site-packages/airflow/example_dags/example_dag_decorator.py took 0.116 seconds
[2025-01-19T03:33:31.126+0000] {processor.py:186} INFO - Started process (PID=10997) to work on /home/vscode/.local/lib/python3.10/site-packages/airflow/example_dags/example_dag_decorator.py
[2025-01-19T03:33:31.127+0000] {processor.py:914} INFO - Processing file /home/vscode/.local/lib/python3.10/site-packages/airflow/example_dags/example_dag_decorator.py for tasks to queue
[2025-01-19T03:33:31.128+0000] {logging_mixin.py:190} INFO - [2025-01-19T03:33:31.128+0000] {dagbag.py:588} INFO - Filling up the DagBag from /home/vscode/.local/lib/python3.10/site-packages/airflow/example_dags/example_dag_decorator.py
[2025-01-19T03:33:31.137+0000] {processor.py:925} INFO - DAG(s) 'example_dag_decorator' retrieved from /home/vscode/.local/lib/python3.10/site-packages/airflow/example_dags/example_dag_decorator.py
[2025-01-19T03:33:31.213+0000] {logging_mixin.py:190} INFO - [2025-01-19T03:33:31.213+0000] {dag.py:3239} INFO - Sync 1 DAGs
[2025-01-19T03:33:31.221+0000] {logging_mixin.py:190} INFO - [2025-01-19T03:33:31.221+0000] {dag.py:4180} INFO - Setting next_dagrun for example_dag_decorator to None, run_after=None
[2025-01-19T03:33:31.235+0000] {processor.py:208} INFO - Processing /home/vscode/.local/lib/python3.10/site-packages/airflow/example_dags/example_dag_decorator.py took 0.113 seconds
[2025-01-19T03:34:45.385+0000] {processor.py:186} INFO - Started process (PID=11553) to work on /home/vscode/.local/lib/python3.10/site-packages/airflow/example_dags/example_dag_decorator.py
[2025-01-19T03:34:45.385+0000] {processor.py:914} INFO - Processing file /home/vscode/.local/lib/python3.10/site-packages/airflow/example_dags/example_dag_decorator.py for tasks to queue
[2025-01-19T03:34:45.387+0000] {logging_mixin.py:190} INFO - [2025-01-19T03:34:45.387+0000] {dagbag.py:588} INFO - Filling up the DagBag from /home/vscode/.local/lib/python3.10/site-packages/airflow/example_dags/example_dag_decorator.py
[2025-01-19T03:34:45.396+0000] {processor.py:925} INFO - DAG(s) 'example_dag_decorator' retrieved from /home/vscode/.local/lib/python3.10/site-packages/airflow/example_dags/example_dag_decorator.py
[2025-01-19T03:34:45.472+0000] {logging_mixin.py:190} INFO - [2025-01-19T03:34:45.472+0000] {dag.py:3239} INFO - Sync 1 DAGs
[2025-01-19T03:34:45.480+0000] {logging_mixin.py:190} INFO - [2025-01-19T03:34:45.480+0000] {dag.py:4180} INFO - Setting next_dagrun for example_dag_decorator to None, run_after=None
[2025-01-19T03:34:45.495+0000] {processor.py:208} INFO - Processing /home/vscode/.local/lib/python3.10/site-packages/airflow/example_dags/example_dag_decorator.py took 0.115 seconds
[2025-01-19T03:36:00.199+0000] {processor.py:186} INFO - Started process (PID=12143) to work on /home/vscode/.local/lib/python3.10/site-packages/airflow/example_dags/example_dag_decorator.py
[2025-01-19T03:36:00.199+0000] {processor.py:914} INFO - Processing file /home/vscode/.local/lib/python3.10/site-packages/airflow/example_dags/example_dag_decorator.py for tasks to queue
[2025-01-19T03:36:00.201+0000] {logging_mixin.py:190} INFO - [2025-01-19T03:36:00.201+0000] {dagbag.py:588} INFO - Filling up the DagBag from /home/vscode/.local/lib/python3.10/site-packages/airflow/example_dags/example_dag_decorator.py
[2025-01-19T03:36:00.210+0000] {processor.py:925} INFO - DAG(s) 'example_dag_decorator' retrieved from /home/vscode/.local/lib/python3.10/site-packages/airflow/example_dags/example_dag_decorator.py
[2025-01-19T03:36:00.287+0000] {logging_mixin.py:190} INFO - [2025-01-19T03:36:00.287+0000] {dag.py:3239} INFO - Sync 1 DAGs
[2025-01-19T03:36:00.296+0000] {logging_mixin.py:190} INFO - [2025-01-19T03:36:00.296+0000] {dag.py:4180} INFO - Setting next_dagrun for example_dag_decorator to None, run_after=None
[2025-01-19T03:36:00.311+0000] {processor.py:208} INFO - Processing /home/vscode/.local/lib/python3.10/site-packages/airflow/example_dags/example_dag_decorator.py took 0.117 seconds
[2025-01-19T03:37:14.280+0000] {processor.py:186} INFO - Started process (PID=12639) to work on /home/vscode/.local/lib/python3.10/site-packages/airflow/example_dags/example_dag_decorator.py
[2025-01-19T03:37:14.280+0000] {processor.py:914} INFO - Processing file /home/vscode/.local/lib/python3.10/site-packages/airflow/example_dags/example_dag_decorator.py for tasks to queue
[2025-01-19T03:37:14.282+0000] {logging_mixin.py:190} INFO - [2025-01-19T03:37:14.282+0000] {dagbag.py:588} INFO - Filling up the DagBag from /home/vscode/.local/lib/python3.10/site-packages/airflow/example_dags/example_dag_decorator.py
[2025-01-19T03:37:14.291+0000] {processor.py:925} INFO - DAG(s) 'example_dag_decorator' retrieved from /home/vscode/.local/lib/python3.10/site-packages/airflow/example_dags/example_dag_decorator.py
[2025-01-19T03:37:14.369+0000] {logging_mixin.py:190} INFO - [2025-01-19T03:37:14.369+0000] {dag.py:3239} INFO - Sync 1 DAGs
[2025-01-19T03:37:14.378+0000] {logging_mixin.py:190} INFO - [2025-01-19T03:37:14.378+0000] {dag.py:4180} INFO - Setting next_dagrun for example_dag_decorator to None, run_after=None
[2025-01-19T03:37:14.393+0000] {processor.py:208} INFO - Processing /home/vscode/.local/lib/python3.10/site-packages/airflow/example_dags/example_dag_decorator.py took 0.118 seconds
[2025-01-19T03:38:31.409+0000] {processor.py:186} INFO - Started process (PID=13173) to work on /home/vscode/.local/lib/python3.10/site-packages/airflow/example_dags/example_dag_decorator.py
[2025-01-19T03:38:31.410+0000] {processor.py:914} INFO - Processing file /home/vscode/.local/lib/python3.10/site-packages/airflow/example_dags/example_dag_decorator.py for tasks to queue
[2025-01-19T03:38:31.411+0000] {logging_mixin.py:190} INFO - [2025-01-19T03:38:31.411+0000] {dagbag.py:588} INFO - Filling up the DagBag from /home/vscode/.local/lib/python3.10/site-packages/airflow/example_dags/example_dag_decorator.py
[2025-01-19T03:38:31.420+0000] {processor.py:925} INFO - DAG(s) 'example_dag_decorator' retrieved from /home/vscode/.local/lib/python3.10/site-packages/airflow/example_dags/example_dag_decorator.py
[2025-01-19T03:38:31.498+0000] {logging_mixin.py:190} INFO - [2025-01-19T03:38:31.498+0000] {dag.py:3239} INFO - Sync 1 DAGs
[2025-01-19T03:38:31.508+0000] {logging_mixin.py:190} INFO - [2025-01-19T03:38:31.508+0000] {dag.py:4180} INFO - Setting next_dagrun for example_dag_decorator to None, run_after=None
[2025-01-19T03:38:31.525+0000] {processor.py:208} INFO - Processing /home/vscode/.local/lib/python3.10/site-packages/airflow/example_dags/example_dag_decorator.py took 0.120 seconds
[2025-01-19T03:39:45.594+0000] {processor.py:186} INFO - Started process (PID=13665) to work on /home/vscode/.local/lib/python3.10/site-packages/airflow/example_dags/example_dag_decorator.py
[2025-01-19T03:39:45.595+0000] {processor.py:914} INFO - Processing file /home/vscode/.local/lib/python3.10/site-packages/airflow/example_dags/example_dag_decorator.py for tasks to queue
[2025-01-19T03:39:45.596+0000] {logging_mixin.py:190} INFO - [2025-01-19T03:39:45.596+0000] {dagbag.py:588} INFO - Filling up the DagBag from /home/vscode/.local/lib/python3.10/site-packages/airflow/example_dags/example_dag_decorator.py
[2025-01-19T03:39:45.606+0000] {processor.py:925} INFO - DAG(s) 'example_dag_decorator' retrieved from /home/vscode/.local/lib/python3.10/site-packages/airflow/example_dags/example_dag_decorator.py
[2025-01-19T03:39:45.684+0000] {logging_mixin.py:190} INFO - [2025-01-19T03:39:45.683+0000] {dag.py:3239} INFO - Sync 1 DAGs
[2025-01-19T03:39:45.692+0000] {logging_mixin.py:190} INFO - [2025-01-19T03:39:45.692+0000] {dag.py:4180} INFO - Setting next_dagrun for example_dag_decorator to None, run_after=None
[2025-01-19T03:39:45.708+0000] {processor.py:208} INFO - Processing /home/vscode/.local/lib/python3.10/site-packages/airflow/example_dags/example_dag_decorator.py took 0.119 seconds
[2025-01-19T03:41:01.271+0000] {processor.py:186} INFO - Started process (PID=14175) to work on /home/vscode/.local/lib/python3.10/site-packages/airflow/example_dags/example_dag_decorator.py
[2025-01-19T03:41:01.272+0000] {processor.py:914} INFO - Processing file /home/vscode/.local/lib/python3.10/site-packages/airflow/example_dags/example_dag_decorator.py for tasks to queue
[2025-01-19T03:41:01.273+0000] {logging_mixin.py:190} INFO - [2025-01-19T03:41:01.273+0000] {dagbag.py:588} INFO - Filling up the DagBag from /home/vscode/.local/lib/python3.10/site-packages/airflow/example_dags/example_dag_decorator.py
[2025-01-19T03:41:01.283+0000] {processor.py:925} INFO - DAG(s) 'example_dag_decorator' retrieved from /home/vscode/.local/lib/python3.10/site-packages/airflow/example_dags/example_dag_decorator.py
[2025-01-19T03:41:01.362+0000] {logging_mixin.py:190} INFO - [2025-01-19T03:41:01.362+0000] {dag.py:3239} INFO - Sync 1 DAGs
[2025-01-19T03:41:01.370+0000] {logging_mixin.py:190} INFO - [2025-01-19T03:41:01.370+0000] {dag.py:4180} INFO - Setting next_dagrun for example_dag_decorator to None, run_after=None
[2025-01-19T03:41:01.387+0000] {processor.py:208} INFO - Processing /home/vscode/.local/lib/python3.10/site-packages/airflow/example_dags/example_dag_decorator.py took 0.121 seconds
[2025-01-19T03:42:18.098+0000] {processor.py:186} INFO - Started process (PID=14695) to work on /home/vscode/.local/lib/python3.10/site-packages/airflow/example_dags/example_dag_decorator.py
[2025-01-19T03:42:18.099+0000] {processor.py:914} INFO - Processing file /home/vscode/.local/lib/python3.10/site-packages/airflow/example_dags/example_dag_decorator.py for tasks to queue
[2025-01-19T03:42:18.100+0000] {logging_mixin.py:190} INFO - [2025-01-19T03:42:18.100+0000] {dagbag.py:588} INFO - Filling up the DagBag from /home/vscode/.local/lib/python3.10/site-packages/airflow/example_dags/example_dag_decorator.py
[2025-01-19T03:42:18.109+0000] {processor.py:925} INFO - DAG(s) 'example_dag_decorator' retrieved from /home/vscode/.local/lib/python3.10/site-packages/airflow/example_dags/example_dag_decorator.py
[2025-01-19T03:42:18.187+0000] {logging_mixin.py:190} INFO - [2025-01-19T03:42:18.187+0000] {dag.py:3239} INFO - Sync 1 DAGs
[2025-01-19T03:42:18.196+0000] {logging_mixin.py:190} INFO - [2025-01-19T03:42:18.196+0000] {dag.py:4180} INFO - Setting next_dagrun for example_dag_decorator to None, run_after=None
[2025-01-19T03:42:18.212+0000] {processor.py:208} INFO - Processing /home/vscode/.local/lib/python3.10/site-packages/airflow/example_dags/example_dag_decorator.py took 0.118 seconds
[2025-01-19T03:43:33.395+0000] {processor.py:186} INFO - Started process (PID=15209) to work on /home/vscode/.local/lib/python3.10/site-packages/airflow/example_dags/example_dag_decorator.py
[2025-01-19T03:43:33.396+0000] {processor.py:914} INFO - Processing file /home/vscode/.local/lib/python3.10/site-packages/airflow/example_dags/example_dag_decorator.py for tasks to queue
[2025-01-19T03:43:33.397+0000] {logging_mixin.py:190} INFO - [2025-01-19T03:43:33.397+0000] {dagbag.py:588} INFO - Filling up the DagBag from /home/vscode/.local/lib/python3.10/site-packages/airflow/example_dags/example_dag_decorator.py
[2025-01-19T03:43:33.406+0000] {processor.py:925} INFO - DAG(s) 'example_dag_decorator' retrieved from /home/vscode/.local/lib/python3.10/site-packages/airflow/example_dags/example_dag_decorator.py
[2025-01-19T03:43:33.519+0000] {logging_mixin.py:190} INFO - [2025-01-19T03:43:33.519+0000] {dag.py:3239} INFO - Sync 1 DAGs
[2025-01-19T03:43:33.532+0000] {logging_mixin.py:190} INFO - [2025-01-19T03:43:33.532+0000] {dag.py:4180} INFO - Setting next_dagrun for example_dag_decorator to None, run_after=None
[2025-01-19T03:43:33.552+0000] {processor.py:208} INFO - Processing /home/vscode/.local/lib/python3.10/site-packages/airflow/example_dags/example_dag_decorator.py took 0.162 seconds
[2025-01-19T03:44:53.421+0000] {processor.py:186} INFO - Started process (PID=15740) to work on /home/vscode/.local/lib/python3.10/site-packages/airflow/example_dags/example_dag_decorator.py
[2025-01-19T03:44:53.422+0000] {processor.py:914} INFO - Processing file /home/vscode/.local/lib/python3.10/site-packages/airflow/example_dags/example_dag_decorator.py for tasks to queue
[2025-01-19T03:44:53.423+0000] {logging_mixin.py:190} INFO - [2025-01-19T03:44:53.423+0000] {dagbag.py:588} INFO - Filling up the DagBag from /home/vscode/.local/lib/python3.10/site-packages/airflow/example_dags/example_dag_decorator.py
[2025-01-19T03:44:53.436+0000] {processor.py:925} INFO - DAG(s) 'example_dag_decorator' retrieved from /home/vscode/.local/lib/python3.10/site-packages/airflow/example_dags/example_dag_decorator.py
[2025-01-19T03:44:53.548+0000] {logging_mixin.py:190} INFO - [2025-01-19T03:44:53.548+0000] {dag.py:3239} INFO - Sync 1 DAGs
[2025-01-19T03:44:53.557+0000] {logging_mixin.py:190} INFO - [2025-01-19T03:44:53.557+0000] {dag.py:4180} INFO - Setting next_dagrun for example_dag_decorator to None, run_after=None
[2025-01-19T03:44:53.572+0000] {processor.py:208} INFO - Processing /home/vscode/.local/lib/python3.10/site-packages/airflow/example_dags/example_dag_decorator.py took 0.156 seconds
[2025-01-19T03:46:08.529+0000] {processor.py:186} INFO - Started process (PID=16252) to work on /home/vscode/.local/lib/python3.10/site-packages/airflow/example_dags/example_dag_decorator.py
[2025-01-19T03:46:08.530+0000] {processor.py:914} INFO - Processing file /home/vscode/.local/lib/python3.10/site-packages/airflow/example_dags/example_dag_decorator.py for tasks to queue
[2025-01-19T03:46:08.532+0000] {logging_mixin.py:190} INFO - [2025-01-19T03:46:08.531+0000] {dagbag.py:588} INFO - Filling up the DagBag from /home/vscode/.local/lib/python3.10/site-packages/airflow/example_dags/example_dag_decorator.py
[2025-01-19T03:46:08.541+0000] {processor.py:925} INFO - DAG(s) 'example_dag_decorator' retrieved from /home/vscode/.local/lib/python3.10/site-packages/airflow/example_dags/example_dag_decorator.py
[2025-01-19T03:46:08.623+0000] {logging_mixin.py:190} INFO - [2025-01-19T03:46:08.623+0000] {dag.py:3239} INFO - Sync 1 DAGs
[2025-01-19T03:46:08.631+0000] {logging_mixin.py:190} INFO - [2025-01-19T03:46:08.631+0000] {dag.py:4180} INFO - Setting next_dagrun for example_dag_decorator to None, run_after=None
[2025-01-19T03:46:08.646+0000] {processor.py:208} INFO - Processing /home/vscode/.local/lib/python3.10/site-packages/airflow/example_dags/example_dag_decorator.py took 0.121 seconds
[2025-01-19T03:47:28.445+0000] {processor.py:186} INFO - Started process (PID=16785) to work on /home/vscode/.local/lib/python3.10/site-packages/airflow/example_dags/example_dag_decorator.py
[2025-01-19T03:47:28.446+0000] {processor.py:914} INFO - Processing file /home/vscode/.local/lib/python3.10/site-packages/airflow/example_dags/example_dag_decorator.py for tasks to queue
[2025-01-19T03:47:28.448+0000] {logging_mixin.py:190} INFO - [2025-01-19T03:47:28.447+0000] {dagbag.py:588} INFO - Filling up the DagBag from /home/vscode/.local/lib/python3.10/site-packages/airflow/example_dags/example_dag_decorator.py
[2025-01-19T03:47:28.457+0000] {processor.py:925} INFO - DAG(s) 'example_dag_decorator' retrieved from /home/vscode/.local/lib/python3.10/site-packages/airflow/example_dags/example_dag_decorator.py
[2025-01-19T03:47:28.541+0000] {logging_mixin.py:190} INFO - [2025-01-19T03:47:28.541+0000] {dag.py:3239} INFO - Sync 1 DAGs
[2025-01-19T03:47:28.550+0000] {logging_mixin.py:190} INFO - [2025-01-19T03:47:28.549+0000] {dag.py:4180} INFO - Setting next_dagrun for example_dag_decorator to None, run_after=None
[2025-01-19T03:47:28.564+0000] {processor.py:208} INFO - Processing /home/vscode/.local/lib/python3.10/site-packages/airflow/example_dags/example_dag_decorator.py took 0.123 seconds
[2025-01-19T03:48:43.169+0000] {processor.py:186} INFO - Started process (PID=17310) to work on /home/vscode/.local/lib/python3.10/site-packages/airflow/example_dags/example_dag_decorator.py
[2025-01-19T03:48:43.169+0000] {processor.py:914} INFO - Processing file /home/vscode/.local/lib/python3.10/site-packages/airflow/example_dags/example_dag_decorator.py for tasks to queue
[2025-01-19T03:48:43.171+0000] {logging_mixin.py:190} INFO - [2025-01-19T03:48:43.171+0000] {dagbag.py:588} INFO - Filling up the DagBag from /home/vscode/.local/lib/python3.10/site-packages/airflow/example_dags/example_dag_decorator.py
[2025-01-19T03:48:43.180+0000] {processor.py:925} INFO - DAG(s) 'example_dag_decorator' retrieved from /home/vscode/.local/lib/python3.10/site-packages/airflow/example_dags/example_dag_decorator.py
[2025-01-19T03:48:43.263+0000] {logging_mixin.py:190} INFO - [2025-01-19T03:48:43.263+0000] {dag.py:3239} INFO - Sync 1 DAGs
[2025-01-19T03:48:43.271+0000] {logging_mixin.py:190} INFO - [2025-01-19T03:48:43.271+0000] {dag.py:4180} INFO - Setting next_dagrun for example_dag_decorator to None, run_after=None
[2025-01-19T03:48:43.288+0000] {processor.py:208} INFO - Processing /home/vscode/.local/lib/python3.10/site-packages/airflow/example_dags/example_dag_decorator.py took 0.124 seconds
[2025-01-19T03:50:00.232+0000] {processor.py:186} INFO - Started process (PID=17964) to work on /home/vscode/.local/lib/python3.10/site-packages/airflow/example_dags/example_dag_decorator.py
[2025-01-19T03:50:00.233+0000] {processor.py:914} INFO - Processing file /home/vscode/.local/lib/python3.10/site-packages/airflow/example_dags/example_dag_decorator.py for tasks to queue
[2025-01-19T03:50:00.234+0000] {logging_mixin.py:190} INFO - [2025-01-19T03:50:00.234+0000] {dagbag.py:588} INFO - Filling up the DagBag from /home/vscode/.local/lib/python3.10/site-packages/airflow/example_dags/example_dag_decorator.py
[2025-01-19T03:50:00.244+0000] {processor.py:925} INFO - DAG(s) 'example_dag_decorator' retrieved from /home/vscode/.local/lib/python3.10/site-packages/airflow/example_dags/example_dag_decorator.py
[2025-01-19T03:50:00.322+0000] {logging_mixin.py:190} INFO - [2025-01-19T03:50:00.321+0000] {dag.py:3239} INFO - Sync 1 DAGs
[2025-01-19T03:50:00.330+0000] {logging_mixin.py:190} INFO - [2025-01-19T03:50:00.330+0000] {dag.py:4180} INFO - Setting next_dagrun for example_dag_decorator to None, run_after=None
[2025-01-19T03:50:00.347+0000] {processor.py:208} INFO - Processing /home/vscode/.local/lib/python3.10/site-packages/airflow/example_dags/example_dag_decorator.py took 0.119 seconds
[2025-01-19T03:51:14.485+0000] {processor.py:186} INFO - Started process (PID=18542) to work on /home/vscode/.local/lib/python3.10/site-packages/airflow/example_dags/example_dag_decorator.py
[2025-01-19T03:51:14.486+0000] {processor.py:914} INFO - Processing file /home/vscode/.local/lib/python3.10/site-packages/airflow/example_dags/example_dag_decorator.py for tasks to queue
[2025-01-19T03:51:14.488+0000] {logging_mixin.py:190} INFO - [2025-01-19T03:51:14.487+0000] {dagbag.py:588} INFO - Filling up the DagBag from /home/vscode/.local/lib/python3.10/site-packages/airflow/example_dags/example_dag_decorator.py
[2025-01-19T03:51:14.497+0000] {processor.py:925} INFO - DAG(s) 'example_dag_decorator' retrieved from /home/vscode/.local/lib/python3.10/site-packages/airflow/example_dags/example_dag_decorator.py
[2025-01-19T03:51:14.576+0000] {logging_mixin.py:190} INFO - [2025-01-19T03:51:14.576+0000] {dag.py:3239} INFO - Sync 1 DAGs
[2025-01-19T03:51:14.585+0000] {logging_mixin.py:190} INFO - [2025-01-19T03:51:14.585+0000] {dag.py:4180} INFO - Setting next_dagrun for example_dag_decorator to None, run_after=None
[2025-01-19T03:51:14.601+0000] {processor.py:208} INFO - Processing /home/vscode/.local/lib/python3.10/site-packages/airflow/example_dags/example_dag_decorator.py took 0.121 seconds
[2025-01-19T03:55:40.731+0000] {processor.py:186} INFO - Started process (PID=20416) to work on /home/vscode/.local/lib/python3.10/site-packages/airflow/example_dags/example_dag_decorator.py
[2025-01-19T03:55:40.731+0000] {processor.py:914} INFO - Processing file /home/vscode/.local/lib/python3.10/site-packages/airflow/example_dags/example_dag_decorator.py for tasks to queue
[2025-01-19T03:55:40.733+0000] {logging_mixin.py:190} INFO - [2025-01-19T03:55:40.733+0000] {dagbag.py:588} INFO - Filling up the DagBag from /home/vscode/.local/lib/python3.10/site-packages/airflow/example_dags/example_dag_decorator.py
[2025-01-19T03:55:40.742+0000] {processor.py:925} INFO - DAG(s) 'example_dag_decorator' retrieved from /home/vscode/.local/lib/python3.10/site-packages/airflow/example_dags/example_dag_decorator.py
[2025-01-19T03:55:40.828+0000] {logging_mixin.py:190} INFO - [2025-01-19T03:55:40.827+0000] {dag.py:3239} INFO - Sync 1 DAGs
[2025-01-19T03:55:40.840+0000] {logging_mixin.py:190} INFO - [2025-01-19T03:55:40.839+0000] {dag.py:4180} INFO - Setting next_dagrun for example_dag_decorator to None, run_after=None
[2025-01-19T03:55:40.861+0000] {processor.py:208} INFO - Processing /home/vscode/.local/lib/python3.10/site-packages/airflow/example_dags/example_dag_decorator.py took 0.135 seconds
[2025-01-19T03:56:58.624+0000] {processor.py:186} INFO - Started process (PID=20943) to work on /home/vscode/.local/lib/python3.10/site-packages/airflow/example_dags/example_dag_decorator.py
[2025-01-19T03:56:58.624+0000] {processor.py:914} INFO - Processing file /home/vscode/.local/lib/python3.10/site-packages/airflow/example_dags/example_dag_decorator.py for tasks to queue
[2025-01-19T03:56:58.626+0000] {logging_mixin.py:190} INFO - [2025-01-19T03:56:58.626+0000] {dagbag.py:588} INFO - Filling up the DagBag from /home/vscode/.local/lib/python3.10/site-packages/airflow/example_dags/example_dag_decorator.py
[2025-01-19T03:56:58.635+0000] {processor.py:925} INFO - DAG(s) 'example_dag_decorator' retrieved from /home/vscode/.local/lib/python3.10/site-packages/airflow/example_dags/example_dag_decorator.py
[2025-01-19T03:56:58.713+0000] {logging_mixin.py:190} INFO - [2025-01-19T03:56:58.713+0000] {dag.py:3239} INFO - Sync 1 DAGs
[2025-01-19T03:56:58.721+0000] {logging_mixin.py:190} INFO - [2025-01-19T03:56:58.721+0000] {dag.py:4180} INFO - Setting next_dagrun for example_dag_decorator to None, run_after=None
[2025-01-19T03:56:58.736+0000] {processor.py:208} INFO - Processing /home/vscode/.local/lib/python3.10/site-packages/airflow/example_dags/example_dag_decorator.py took 0.117 seconds
[2025-01-19T03:57:52.138+0000] {processor.py:186} INFO - Started process (PID=21314) to work on /home/vscode/.local/lib/python3.10/site-packages/airflow/example_dags/example_dag_decorator.py
[2025-01-19T03:57:52.139+0000] {processor.py:914} INFO - Processing file /home/vscode/.local/lib/python3.10/site-packages/airflow/example_dags/example_dag_decorator.py for tasks to queue
[2025-01-19T03:57:52.140+0000] {logging_mixin.py:190} INFO - [2025-01-19T03:57:52.140+0000] {dagbag.py:588} INFO - Filling up the DagBag from /home/vscode/.local/lib/python3.10/site-packages/airflow/example_dags/example_dag_decorator.py
[2025-01-19T03:57:52.150+0000] {processor.py:925} INFO - DAG(s) 'example_dag_decorator' retrieved from /home/vscode/.local/lib/python3.10/site-packages/airflow/example_dags/example_dag_decorator.py
[2025-01-19T03:57:52.231+0000] {logging_mixin.py:190} INFO - [2025-01-19T03:57:52.230+0000] {dag.py:3239} INFO - Sync 1 DAGs
[2025-01-19T03:57:52.240+0000] {logging_mixin.py:190} INFO - [2025-01-19T03:57:52.240+0000] {dag.py:4180} INFO - Setting next_dagrun for example_dag_decorator to None, run_after=None
[2025-01-19T03:57:52.254+0000] {processor.py:208} INFO - Processing /home/vscode/.local/lib/python3.10/site-packages/airflow/example_dags/example_dag_decorator.py took 0.121 seconds
[2025-01-19T03:59:09.133+0000] {processor.py:186} INFO - Started process (PID=21827) to work on /home/vscode/.local/lib/python3.10/site-packages/airflow/example_dags/example_dag_decorator.py
[2025-01-19T03:59:09.134+0000] {processor.py:914} INFO - Processing file /home/vscode/.local/lib/python3.10/site-packages/airflow/example_dags/example_dag_decorator.py for tasks to queue
[2025-01-19T03:59:09.136+0000] {logging_mixin.py:190} INFO - [2025-01-19T03:59:09.135+0000] {dagbag.py:588} INFO - Filling up the DagBag from /home/vscode/.local/lib/python3.10/site-packages/airflow/example_dags/example_dag_decorator.py
[2025-01-19T03:59:09.145+0000] {processor.py:925} INFO - DAG(s) 'example_dag_decorator' retrieved from /home/vscode/.local/lib/python3.10/site-packages/airflow/example_dags/example_dag_decorator.py
[2025-01-19T03:59:09.226+0000] {logging_mixin.py:190} INFO - [2025-01-19T03:59:09.226+0000] {dag.py:3239} INFO - Sync 1 DAGs
[2025-01-19T03:59:09.238+0000] {logging_mixin.py:190} INFO - [2025-01-19T03:59:09.238+0000] {dag.py:4180} INFO - Setting next_dagrun for example_dag_decorator to None, run_after=None
[2025-01-19T03:59:09.260+0000] {processor.py:208} INFO - Processing /home/vscode/.local/lib/python3.10/site-packages/airflow/example_dags/example_dag_decorator.py took 0.131 seconds
[2025-01-19T04:00:26.300+0000] {processor.py:186} INFO - Started process (PID=22359) to work on /home/vscode/.local/lib/python3.10/site-packages/airflow/example_dags/example_dag_decorator.py
[2025-01-19T04:00:26.301+0000] {processor.py:914} INFO - Processing file /home/vscode/.local/lib/python3.10/site-packages/airflow/example_dags/example_dag_decorator.py for tasks to queue
[2025-01-19T04:00:26.302+0000] {logging_mixin.py:190} INFO - [2025-01-19T04:00:26.302+0000] {dagbag.py:588} INFO - Filling up the DagBag from /home/vscode/.local/lib/python3.10/site-packages/airflow/example_dags/example_dag_decorator.py
[2025-01-19T04:00:26.311+0000] {processor.py:925} INFO - DAG(s) 'example_dag_decorator' retrieved from /home/vscode/.local/lib/python3.10/site-packages/airflow/example_dags/example_dag_decorator.py
[2025-01-19T04:00:26.391+0000] {logging_mixin.py:190} INFO - [2025-01-19T04:00:26.390+0000] {dag.py:3239} INFO - Sync 1 DAGs
[2025-01-19T04:00:26.399+0000] {logging_mixin.py:190} INFO - [2025-01-19T04:00:26.399+0000] {dag.py:4180} INFO - Setting next_dagrun for example_dag_decorator to None, run_after=None
[2025-01-19T04:00:26.414+0000] {processor.py:208} INFO - Processing /home/vscode/.local/lib/python3.10/site-packages/airflow/example_dags/example_dag_decorator.py took 0.119 seconds
[2025-01-19T04:01:43.380+0000] {processor.py:186} INFO - Started process (PID=22883) to work on /home/vscode/.local/lib/python3.10/site-packages/airflow/example_dags/example_dag_decorator.py
[2025-01-19T04:01:43.381+0000] {processor.py:914} INFO - Processing file /home/vscode/.local/lib/python3.10/site-packages/airflow/example_dags/example_dag_decorator.py for tasks to queue
[2025-01-19T04:01:43.382+0000] {logging_mixin.py:190} INFO - [2025-01-19T04:01:43.382+0000] {dagbag.py:588} INFO - Filling up the DagBag from /home/vscode/.local/lib/python3.10/site-packages/airflow/example_dags/example_dag_decorator.py
[2025-01-19T04:01:43.392+0000] {processor.py:925} INFO - DAG(s) 'example_dag_decorator' retrieved from /home/vscode/.local/lib/python3.10/site-packages/airflow/example_dags/example_dag_decorator.py
[2025-01-19T04:01:43.472+0000] {logging_mixin.py:190} INFO - [2025-01-19T04:01:43.472+0000] {dag.py:3239} INFO - Sync 1 DAGs
[2025-01-19T04:01:43.481+0000] {logging_mixin.py:190} INFO - [2025-01-19T04:01:43.480+0000] {dag.py:4180} INFO - Setting next_dagrun for example_dag_decorator to None, run_after=None
[2025-01-19T04:01:43.496+0000] {processor.py:208} INFO - Processing /home/vscode/.local/lib/python3.10/site-packages/airflow/example_dags/example_dag_decorator.py took 0.121 seconds
[2025-01-19T04:02:59.321+0000] {processor.py:186} INFO - Started process (PID=23535) to work on /home/vscode/.local/lib/python3.10/site-packages/airflow/example_dags/example_dag_decorator.py
[2025-01-19T04:02:59.322+0000] {processor.py:914} INFO - Processing file /home/vscode/.local/lib/python3.10/site-packages/airflow/example_dags/example_dag_decorator.py for tasks to queue
[2025-01-19T04:02:59.323+0000] {logging_mixin.py:190} INFO - [2025-01-19T04:02:59.323+0000] {dagbag.py:588} INFO - Filling up the DagBag from /home/vscode/.local/lib/python3.10/site-packages/airflow/example_dags/example_dag_decorator.py
[2025-01-19T04:02:59.333+0000] {processor.py:925} INFO - DAG(s) 'example_dag_decorator' retrieved from /home/vscode/.local/lib/python3.10/site-packages/airflow/example_dags/example_dag_decorator.py
[2025-01-19T04:02:59.412+0000] {logging_mixin.py:190} INFO - [2025-01-19T04:02:59.412+0000] {dag.py:3239} INFO - Sync 1 DAGs
[2025-01-19T04:02:59.420+0000] {logging_mixin.py:190} INFO - [2025-01-19T04:02:59.420+0000] {dag.py:4180} INFO - Setting next_dagrun for example_dag_decorator to None, run_after=None
[2025-01-19T04:02:59.435+0000] {processor.py:208} INFO - Processing /home/vscode/.local/lib/python3.10/site-packages/airflow/example_dags/example_dag_decorator.py took 0.119 seconds
