[2025-01-19T03:21:35.590+0000] {processor.py:186} INFO - Started process (PID=5470) to work on /home/vscode/.local/lib/python3.10/site-packages/airflow/example_dags/example_bash_operator.py
[2025-01-19T03:21:35.591+0000] {processor.py:914} INFO - Processing file /home/vscode/.local/lib/python3.10/site-packages/airflow/example_dags/example_bash_operator.py for tasks to queue
[2025-01-19T03:21:35.593+0000] {logging_mixin.py:190} INFO - [2025-01-19T03:21:35.593+0000] {dagbag.py:588} INFO - Filling up the DagBag from /home/vscode/.local/lib/python3.10/site-packages/airflow/example_dags/example_bash_operator.py
[2025-01-19T03:21:35.603+0000] {processor.py:925} INFO - DAG(s) 'example_bash_operator' retrieved from /home/vscode/.local/lib/python3.10/site-packages/airflow/example_dags/example_bash_operator.py
[2025-01-19T03:21:35.688+0000] {logging_mixin.py:190} INFO - [2025-01-19T03:21:35.687+0000] {override.py:1911} INFO - Created Permission View: can read on DAG:example_bash_operator
[2025-01-19T03:21:35.698+0000] {logging_mixin.py:190} INFO - [2025-01-19T03:21:35.698+0000] {override.py:1911} INFO - Created Permission View: can edit on DAG:example_bash_operator
[2025-01-19T03:21:35.704+0000] {logging_mixin.py:190} INFO - [2025-01-19T03:21:35.704+0000] {override.py:1911} INFO - Created Permission View: can delete on DAG:example_bash_operator
[2025-01-19T03:21:35.712+0000] {logging_mixin.py:190} INFO - [2025-01-19T03:21:35.712+0000] {override.py:1911} INFO - Created Permission View: menu access on DAG Run:example_bash_operator
[2025-01-19T03:21:35.718+0000] {logging_mixin.py:190} INFO - [2025-01-19T03:21:35.718+0000] {override.py:1911} INFO - Created Permission View: can read on DAG Run:example_bash_operator
[2025-01-19T03:21:35.724+0000] {logging_mixin.py:190} INFO - [2025-01-19T03:21:35.724+0000] {override.py:1911} INFO - Created Permission View: can create on DAG Run:example_bash_operator
[2025-01-19T03:21:35.730+0000] {logging_mixin.py:190} INFO - [2025-01-19T03:21:35.730+0000] {override.py:1911} INFO - Created Permission View: can delete on DAG Run:example_bash_operator
[2025-01-19T03:21:35.730+0000] {logging_mixin.py:190} INFO - [2025-01-19T03:21:35.730+0000] {dag.py:3239} INFO - Sync 1 DAGs
[2025-01-19T03:21:35.739+0000] {logging_mixin.py:190} INFO - [2025-01-19T03:21:35.739+0000] {dag.py:3262} INFO - Creating ORM DAG for example_bash_operator
[2025-01-19T03:21:35.746+0000] {logging_mixin.py:190} INFO - [2025-01-19T03:21:35.746+0000] {dag.py:4180} INFO - Setting next_dagrun for example_bash_operator to 2025-01-18 00:00:00+00:00, run_after=2025-01-19 00:00:00+00:00
[2025-01-19T03:21:35.764+0000] {processor.py:208} INFO - Processing /home/vscode/.local/lib/python3.10/site-packages/airflow/example_dags/example_bash_operator.py took 0.178 seconds
[2025-01-19T03:22:30.001+0000] {processor.py:186} INFO - Started process (PID=5854) to work on /home/vscode/.local/lib/python3.10/site-packages/airflow/example_dags/example_bash_operator.py
[2025-01-19T03:22:30.002+0000] {processor.py:914} INFO - Processing file /home/vscode/.local/lib/python3.10/site-packages/airflow/example_dags/example_bash_operator.py for tasks to queue
[2025-01-19T03:22:30.004+0000] {logging_mixin.py:190} INFO - [2025-01-19T03:22:30.003+0000] {dagbag.py:588} INFO - Filling up the DagBag from /home/vscode/.local/lib/python3.10/site-packages/airflow/example_dags/example_bash_operator.py
[2025-01-19T03:22:30.014+0000] {processor.py:925} INFO - DAG(s) 'example_bash_operator' retrieved from /home/vscode/.local/lib/python3.10/site-packages/airflow/example_dags/example_bash_operator.py
[2025-01-19T03:22:30.033+0000] {logging_mixin.py:190} INFO - [2025-01-19T03:22:30.032+0000] {dag.py:3239} INFO - Sync 1 DAGs
[2025-01-19T03:22:30.049+0000] {logging_mixin.py:190} INFO - [2025-01-19T03:22:30.048+0000] {dag.py:4180} INFO - Setting next_dagrun for example_bash_operator to 2025-01-18 00:00:00+00:00, run_after=2025-01-19 00:00:00+00:00
[2025-01-19T03:22:30.063+0000] {processor.py:208} INFO - Processing /home/vscode/.local/lib/python3.10/site-packages/airflow/example_dags/example_bash_operator.py took 0.066 seconds
[2025-01-19T03:23:43.186+0000] {processor.py:186} INFO - Started process (PID=6465) to work on /home/vscode/.local/lib/python3.10/site-packages/airflow/example_dags/example_bash_operator.py
[2025-01-19T03:23:43.187+0000] {processor.py:914} INFO - Processing file /home/vscode/.local/lib/python3.10/site-packages/airflow/example_dags/example_bash_operator.py for tasks to queue
[2025-01-19T03:23:43.189+0000] {logging_mixin.py:190} INFO - [2025-01-19T03:23:43.188+0000] {dagbag.py:588} INFO - Filling up the DagBag from /home/vscode/.local/lib/python3.10/site-packages/airflow/example_dags/example_bash_operator.py
[2025-01-19T03:23:43.202+0000] {processor.py:925} INFO - DAG(s) 'example_bash_operator' retrieved from /home/vscode/.local/lib/python3.10/site-packages/airflow/example_dags/example_bash_operator.py
[2025-01-19T03:23:43.230+0000] {logging_mixin.py:190} INFO - [2025-01-19T03:23:43.229+0000] {dag.py:3239} INFO - Sync 1 DAGs
[2025-01-19T03:23:43.265+0000] {logging_mixin.py:190} INFO - [2025-01-19T03:23:43.264+0000] {dag.py:4180} INFO - Setting next_dagrun for example_bash_operator to 2025-01-18 00:00:00+00:00, run_after=2025-01-19 00:00:00+00:00
[2025-01-19T03:23:43.285+0000] {processor.py:208} INFO - Processing /home/vscode/.local/lib/python3.10/site-packages/airflow/example_dags/example_bash_operator.py took 0.103 seconds
[2025-01-19T03:25:01.714+0000] {processor.py:186} INFO - Started process (PID=7073) to work on /home/vscode/.local/lib/python3.10/site-packages/airflow/example_dags/example_bash_operator.py
[2025-01-19T03:25:01.715+0000] {processor.py:914} INFO - Processing file /home/vscode/.local/lib/python3.10/site-packages/airflow/example_dags/example_bash_operator.py for tasks to queue
[2025-01-19T03:25:01.717+0000] {logging_mixin.py:190} INFO - [2025-01-19T03:25:01.716+0000] {dagbag.py:588} INFO - Filling up the DagBag from /home/vscode/.local/lib/python3.10/site-packages/airflow/example_dags/example_bash_operator.py
[2025-01-19T03:25:01.728+0000] {processor.py:925} INFO - DAG(s) 'example_bash_operator' retrieved from /home/vscode/.local/lib/python3.10/site-packages/airflow/example_dags/example_bash_operator.py
[2025-01-19T03:25:01.747+0000] {logging_mixin.py:190} INFO - [2025-01-19T03:25:01.746+0000] {dag.py:3239} INFO - Sync 1 DAGs
[2025-01-19T03:25:01.763+0000] {logging_mixin.py:190} INFO - [2025-01-19T03:25:01.762+0000] {dag.py:4180} INFO - Setting next_dagrun for example_bash_operator to 2025-01-18 00:00:00+00:00, run_after=2025-01-19 00:00:00+00:00
[2025-01-19T03:25:01.778+0000] {processor.py:208} INFO - Processing /home/vscode/.local/lib/python3.10/site-packages/airflow/example_dags/example_bash_operator.py took 0.068 seconds
[2025-01-19T03:26:17.437+0000] {processor.py:186} INFO - Started process (PID=7687) to work on /home/vscode/.local/lib/python3.10/site-packages/airflow/example_dags/example_bash_operator.py
[2025-01-19T03:26:17.438+0000] {processor.py:914} INFO - Processing file /home/vscode/.local/lib/python3.10/site-packages/airflow/example_dags/example_bash_operator.py for tasks to queue
[2025-01-19T03:26:17.439+0000] {logging_mixin.py:190} INFO - [2025-01-19T03:26:17.439+0000] {dagbag.py:588} INFO - Filling up the DagBag from /home/vscode/.local/lib/python3.10/site-packages/airflow/example_dags/example_bash_operator.py
[2025-01-19T03:26:17.450+0000] {processor.py:925} INFO - DAG(s) 'example_bash_operator' retrieved from /home/vscode/.local/lib/python3.10/site-packages/airflow/example_dags/example_bash_operator.py
[2025-01-19T03:26:17.468+0000] {logging_mixin.py:190} INFO - [2025-01-19T03:26:17.468+0000] {dag.py:3239} INFO - Sync 1 DAGs
[2025-01-19T03:26:17.484+0000] {logging_mixin.py:190} INFO - [2025-01-19T03:26:17.484+0000] {dag.py:4180} INFO - Setting next_dagrun for example_bash_operator to 2025-01-18 00:00:00+00:00, run_after=2025-01-19 00:00:00+00:00
[2025-01-19T03:26:17.500+0000] {processor.py:208} INFO - Processing /home/vscode/.local/lib/python3.10/site-packages/airflow/example_dags/example_bash_operator.py took 0.067 seconds
[2025-01-19T03:27:37.523+0000] {processor.py:186} INFO - Started process (PID=8280) to work on /home/vscode/.local/lib/python3.10/site-packages/airflow/example_dags/example_bash_operator.py
[2025-01-19T03:27:37.524+0000] {processor.py:914} INFO - Processing file /home/vscode/.local/lib/python3.10/site-packages/airflow/example_dags/example_bash_operator.py for tasks to queue
[2025-01-19T03:27:37.526+0000] {logging_mixin.py:190} INFO - [2025-01-19T03:27:37.525+0000] {dagbag.py:588} INFO - Filling up the DagBag from /home/vscode/.local/lib/python3.10/site-packages/airflow/example_dags/example_bash_operator.py
[2025-01-19T03:27:37.536+0000] {processor.py:925} INFO - DAG(s) 'example_bash_operator' retrieved from /home/vscode/.local/lib/python3.10/site-packages/airflow/example_dags/example_bash_operator.py
[2025-01-19T03:27:37.554+0000] {logging_mixin.py:190} INFO - [2025-01-19T03:27:37.554+0000] {dag.py:3239} INFO - Sync 1 DAGs
[2025-01-19T03:27:37.570+0000] {logging_mixin.py:190} INFO - [2025-01-19T03:27:37.570+0000] {dag.py:4180} INFO - Setting next_dagrun for example_bash_operator to 2025-01-18 00:00:00+00:00, run_after=2025-01-19 00:00:00+00:00
[2025-01-19T03:27:37.584+0000] {processor.py:208} INFO - Processing /home/vscode/.local/lib/python3.10/site-packages/airflow/example_dags/example_bash_operator.py took 0.066 seconds
[2025-01-19T03:28:58.071+0000] {processor.py:186} INFO - Started process (PID=9004) to work on /home/vscode/.local/lib/python3.10/site-packages/airflow/example_dags/example_bash_operator.py
[2025-01-19T03:28:58.071+0000] {processor.py:914} INFO - Processing file /home/vscode/.local/lib/python3.10/site-packages/airflow/example_dags/example_bash_operator.py for tasks to queue
[2025-01-19T03:28:58.073+0000] {logging_mixin.py:190} INFO - [2025-01-19T03:28:58.072+0000] {dagbag.py:588} INFO - Filling up the DagBag from /home/vscode/.local/lib/python3.10/site-packages/airflow/example_dags/example_bash_operator.py
[2025-01-19T03:28:58.083+0000] {processor.py:925} INFO - DAG(s) 'example_bash_operator' retrieved from /home/vscode/.local/lib/python3.10/site-packages/airflow/example_dags/example_bash_operator.py
[2025-01-19T03:28:58.101+0000] {logging_mixin.py:190} INFO - [2025-01-19T03:28:58.101+0000] {dag.py:3239} INFO - Sync 1 DAGs
[2025-01-19T03:28:58.116+0000] {logging_mixin.py:190} INFO - [2025-01-19T03:28:58.116+0000] {dag.py:4180} INFO - Setting next_dagrun for example_bash_operator to 2025-01-18 00:00:00+00:00, run_after=2025-01-19 00:00:00+00:00
[2025-01-19T03:28:58.131+0000] {processor.py:208} INFO - Processing /home/vscode/.local/lib/python3.10/site-packages/airflow/example_dags/example_bash_operator.py took 0.065 seconds
[2025-01-19T03:30:14.077+0000] {processor.py:186} INFO - Started process (PID=9515) to work on /home/vscode/.local/lib/python3.10/site-packages/airflow/example_dags/example_bash_operator.py
[2025-01-19T03:30:14.078+0000] {processor.py:914} INFO - Processing file /home/vscode/.local/lib/python3.10/site-packages/airflow/example_dags/example_bash_operator.py for tasks to queue
[2025-01-19T03:30:14.079+0000] {logging_mixin.py:190} INFO - [2025-01-19T03:30:14.079+0000] {dagbag.py:588} INFO - Filling up the DagBag from /home/vscode/.local/lib/python3.10/site-packages/airflow/example_dags/example_bash_operator.py
[2025-01-19T03:30:14.090+0000] {processor.py:925} INFO - DAG(s) 'example_bash_operator' retrieved from /home/vscode/.local/lib/python3.10/site-packages/airflow/example_dags/example_bash_operator.py
[2025-01-19T03:30:14.108+0000] {logging_mixin.py:190} INFO - [2025-01-19T03:30:14.107+0000] {dag.py:3239} INFO - Sync 1 DAGs
[2025-01-19T03:30:14.123+0000] {logging_mixin.py:190} INFO - [2025-01-19T03:30:14.123+0000] {dag.py:4180} INFO - Setting next_dagrun for example_bash_operator to 2025-01-18 00:00:00+00:00, run_after=2025-01-19 00:00:00+00:00
[2025-01-19T03:30:14.137+0000] {processor.py:208} INFO - Processing /home/vscode/.local/lib/python3.10/site-packages/airflow/example_dags/example_bash_operator.py took 0.064 seconds
[2025-01-19T03:31:22.639+0000] {processor.py:186} INFO - Started process (PID=9986) to work on /home/vscode/.local/lib/python3.10/site-packages/airflow/example_dags/example_bash_operator.py
[2025-01-19T03:31:22.640+0000] {processor.py:914} INFO - Processing file /home/vscode/.local/lib/python3.10/site-packages/airflow/example_dags/example_bash_operator.py for tasks to queue
[2025-01-19T03:31:22.642+0000] {logging_mixin.py:190} INFO - [2025-01-19T03:31:22.641+0000] {dagbag.py:588} INFO - Filling up the DagBag from /home/vscode/.local/lib/python3.10/site-packages/airflow/example_dags/example_bash_operator.py
[2025-01-19T03:31:22.652+0000] {processor.py:925} INFO - DAG(s) 'example_bash_operator' retrieved from /home/vscode/.local/lib/python3.10/site-packages/airflow/example_dags/example_bash_operator.py
[2025-01-19T03:31:22.670+0000] {logging_mixin.py:190} INFO - [2025-01-19T03:31:22.670+0000] {dag.py:3239} INFO - Sync 1 DAGs
[2025-01-19T03:31:22.685+0000] {logging_mixin.py:190} INFO - [2025-01-19T03:31:22.685+0000] {dag.py:4180} INFO - Setting next_dagrun for example_bash_operator to 2025-01-18 00:00:00+00:00, run_after=2025-01-19 00:00:00+00:00
[2025-01-19T03:31:22.699+0000] {processor.py:208} INFO - Processing /home/vscode/.local/lib/python3.10/site-packages/airflow/example_dags/example_bash_operator.py took 0.064 seconds
[2025-01-19T03:32:38.612+0000] {processor.py:186} INFO - Started process (PID=10628) to work on /home/vscode/.local/lib/python3.10/site-packages/airflow/example_dags/example_bash_operator.py
[2025-01-19T03:32:38.613+0000] {processor.py:914} INFO - Processing file /home/vscode/.local/lib/python3.10/site-packages/airflow/example_dags/example_bash_operator.py for tasks to queue
[2025-01-19T03:32:38.615+0000] {logging_mixin.py:190} INFO - [2025-01-19T03:32:38.614+0000] {dagbag.py:588} INFO - Filling up the DagBag from /home/vscode/.local/lib/python3.10/site-packages/airflow/example_dags/example_bash_operator.py
[2025-01-19T03:32:38.625+0000] {processor.py:925} INFO - DAG(s) 'example_bash_operator' retrieved from /home/vscode/.local/lib/python3.10/site-packages/airflow/example_dags/example_bash_operator.py
[2025-01-19T03:32:38.643+0000] {logging_mixin.py:190} INFO - [2025-01-19T03:32:38.643+0000] {dag.py:3239} INFO - Sync 1 DAGs
[2025-01-19T03:32:38.658+0000] {logging_mixin.py:190} INFO - [2025-01-19T03:32:38.658+0000] {dag.py:4180} INFO - Setting next_dagrun for example_bash_operator to 2025-01-18 00:00:00+00:00, run_after=2025-01-19 00:00:00+00:00
[2025-01-19T03:32:38.672+0000] {processor.py:208} INFO - Processing /home/vscode/.local/lib/python3.10/site-packages/airflow/example_dags/example_bash_operator.py took 0.063 seconds
[2025-01-19T03:33:55.943+0000] {processor.py:186} INFO - Started process (PID=11161) to work on /home/vscode/.local/lib/python3.10/site-packages/airflow/example_dags/example_bash_operator.py
[2025-01-19T03:33:55.944+0000] {processor.py:914} INFO - Processing file /home/vscode/.local/lib/python3.10/site-packages/airflow/example_dags/example_bash_operator.py for tasks to queue
[2025-01-19T03:33:55.945+0000] {logging_mixin.py:190} INFO - [2025-01-19T03:33:55.945+0000] {dagbag.py:588} INFO - Filling up the DagBag from /home/vscode/.local/lib/python3.10/site-packages/airflow/example_dags/example_bash_operator.py
[2025-01-19T03:33:55.956+0000] {processor.py:925} INFO - DAG(s) 'example_bash_operator' retrieved from /home/vscode/.local/lib/python3.10/site-packages/airflow/example_dags/example_bash_operator.py
[2025-01-19T03:33:55.974+0000] {logging_mixin.py:190} INFO - [2025-01-19T03:33:55.974+0000] {dag.py:3239} INFO - Sync 1 DAGs
[2025-01-19T03:33:55.990+0000] {logging_mixin.py:190} INFO - [2025-01-19T03:33:55.990+0000] {dag.py:4180} INFO - Setting next_dagrun for example_bash_operator to 2025-01-18 00:00:00+00:00, run_after=2025-01-19 00:00:00+00:00
[2025-01-19T03:33:56.005+0000] {processor.py:208} INFO - Processing /home/vscode/.local/lib/python3.10/site-packages/airflow/example_dags/example_bash_operator.py took 0.066 seconds
[2025-01-19T03:35:09.995+0000] {processor.py:186} INFO - Started process (PID=11743) to work on /home/vscode/.local/lib/python3.10/site-packages/airflow/example_dags/example_bash_operator.py
[2025-01-19T03:35:09.996+0000] {processor.py:914} INFO - Processing file /home/vscode/.local/lib/python3.10/site-packages/airflow/example_dags/example_bash_operator.py for tasks to queue
[2025-01-19T03:35:09.998+0000] {logging_mixin.py:190} INFO - [2025-01-19T03:35:09.998+0000] {dagbag.py:588} INFO - Filling up the DagBag from /home/vscode/.local/lib/python3.10/site-packages/airflow/example_dags/example_bash_operator.py
[2025-01-19T03:35:10.016+0000] {processor.py:925} INFO - DAG(s) 'example_bash_operator' retrieved from /home/vscode/.local/lib/python3.10/site-packages/airflow/example_dags/example_bash_operator.py
[2025-01-19T03:35:10.042+0000] {logging_mixin.py:190} INFO - [2025-01-19T03:35:10.042+0000] {dag.py:3239} INFO - Sync 1 DAGs
[2025-01-19T03:35:10.065+0000] {logging_mixin.py:190} INFO - [2025-01-19T03:35:10.064+0000] {dag.py:4180} INFO - Setting next_dagrun for example_bash_operator to 2025-01-18 00:00:00+00:00, run_after=2025-01-19 00:00:00+00:00
[2025-01-19T03:35:10.085+0000] {processor.py:208} INFO - Processing /home/vscode/.local/lib/python3.10/site-packages/airflow/example_dags/example_bash_operator.py took 0.096 seconds
[2025-01-19T03:36:25.230+0000] {processor.py:186} INFO - Started process (PID=12306) to work on /home/vscode/.local/lib/python3.10/site-packages/airflow/example_dags/example_bash_operator.py
[2025-01-19T03:36:25.231+0000] {processor.py:914} INFO - Processing file /home/vscode/.local/lib/python3.10/site-packages/airflow/example_dags/example_bash_operator.py for tasks to queue
[2025-01-19T03:36:25.232+0000] {logging_mixin.py:190} INFO - [2025-01-19T03:36:25.232+0000] {dagbag.py:588} INFO - Filling up the DagBag from /home/vscode/.local/lib/python3.10/site-packages/airflow/example_dags/example_bash_operator.py
[2025-01-19T03:36:25.243+0000] {processor.py:925} INFO - DAG(s) 'example_bash_operator' retrieved from /home/vscode/.local/lib/python3.10/site-packages/airflow/example_dags/example_bash_operator.py
[2025-01-19T03:36:25.260+0000] {logging_mixin.py:190} INFO - [2025-01-19T03:36:25.260+0000] {dag.py:3239} INFO - Sync 1 DAGs
[2025-01-19T03:36:25.275+0000] {logging_mixin.py:190} INFO - [2025-01-19T03:36:25.275+0000] {dag.py:4180} INFO - Setting next_dagrun for example_bash_operator to 2025-01-18 00:00:00+00:00, run_after=2025-01-19 00:00:00+00:00
[2025-01-19T03:36:25.289+0000] {processor.py:208} INFO - Processing /home/vscode/.local/lib/python3.10/site-packages/airflow/example_dags/example_bash_operator.py took 0.064 seconds
[2025-01-19T03:37:42.330+0000] {processor.py:186} INFO - Started process (PID=12837) to work on /home/vscode/.local/lib/python3.10/site-packages/airflow/example_dags/example_bash_operator.py
[2025-01-19T03:37:42.331+0000] {processor.py:914} INFO - Processing file /home/vscode/.local/lib/python3.10/site-packages/airflow/example_dags/example_bash_operator.py for tasks to queue
[2025-01-19T03:37:42.333+0000] {logging_mixin.py:190} INFO - [2025-01-19T03:37:42.333+0000] {dagbag.py:588} INFO - Filling up the DagBag from /home/vscode/.local/lib/python3.10/site-packages/airflow/example_dags/example_bash_operator.py
[2025-01-19T03:37:42.347+0000] {processor.py:925} INFO - DAG(s) 'example_bash_operator' retrieved from /home/vscode/.local/lib/python3.10/site-packages/airflow/example_dags/example_bash_operator.py
[2025-01-19T03:37:42.365+0000] {logging_mixin.py:190} INFO - [2025-01-19T03:37:42.365+0000] {dag.py:3239} INFO - Sync 1 DAGs
[2025-01-19T03:37:42.381+0000] {logging_mixin.py:190} INFO - [2025-01-19T03:37:42.381+0000] {dag.py:4180} INFO - Setting next_dagrun for example_bash_operator to 2025-01-18 00:00:00+00:00, run_after=2025-01-19 00:00:00+00:00
[2025-01-19T03:37:42.395+0000] {processor.py:208} INFO - Processing /home/vscode/.local/lib/python3.10/site-packages/airflow/example_dags/example_bash_operator.py took 0.072 seconds
[2025-01-19T03:38:55.977+0000] {processor.py:186} INFO - Started process (PID=13331) to work on /home/vscode/.local/lib/python3.10/site-packages/airflow/example_dags/example_bash_operator.py
[2025-01-19T03:38:55.978+0000] {processor.py:914} INFO - Processing file /home/vscode/.local/lib/python3.10/site-packages/airflow/example_dags/example_bash_operator.py for tasks to queue
[2025-01-19T03:38:55.979+0000] {logging_mixin.py:190} INFO - [2025-01-19T03:38:55.979+0000] {dagbag.py:588} INFO - Filling up the DagBag from /home/vscode/.local/lib/python3.10/site-packages/airflow/example_dags/example_bash_operator.py
[2025-01-19T03:38:55.990+0000] {processor.py:925} INFO - DAG(s) 'example_bash_operator' retrieved from /home/vscode/.local/lib/python3.10/site-packages/airflow/example_dags/example_bash_operator.py
[2025-01-19T03:38:56.008+0000] {logging_mixin.py:190} INFO - [2025-01-19T03:38:56.008+0000] {dag.py:3239} INFO - Sync 1 DAGs
[2025-01-19T03:38:56.023+0000] {logging_mixin.py:190} INFO - [2025-01-19T03:38:56.023+0000] {dag.py:4180} INFO - Setting next_dagrun for example_bash_operator to 2025-01-18 00:00:00+00:00, run_after=2025-01-19 00:00:00+00:00
[2025-01-19T03:38:56.038+0000] {processor.py:208} INFO - Processing /home/vscode/.local/lib/python3.10/site-packages/airflow/example_dags/example_bash_operator.py took 0.066 seconds
[2025-01-19T03:40:11.940+0000] {processor.py:186} INFO - Started process (PID=13846) to work on /home/vscode/.local/lib/python3.10/site-packages/airflow/example_dags/example_bash_operator.py
[2025-01-19T03:40:11.941+0000] {processor.py:914} INFO - Processing file /home/vscode/.local/lib/python3.10/site-packages/airflow/example_dags/example_bash_operator.py for tasks to queue
[2025-01-19T03:40:11.943+0000] {logging_mixin.py:190} INFO - [2025-01-19T03:40:11.943+0000] {dagbag.py:588} INFO - Filling up the DagBag from /home/vscode/.local/lib/python3.10/site-packages/airflow/example_dags/example_bash_operator.py
[2025-01-19T03:40:11.954+0000] {processor.py:925} INFO - DAG(s) 'example_bash_operator' retrieved from /home/vscode/.local/lib/python3.10/site-packages/airflow/example_dags/example_bash_operator.py
[2025-01-19T03:40:11.972+0000] {logging_mixin.py:190} INFO - [2025-01-19T03:40:11.972+0000] {dag.py:3239} INFO - Sync 1 DAGs
[2025-01-19T03:40:11.989+0000] {logging_mixin.py:190} INFO - [2025-01-19T03:40:11.989+0000] {dag.py:4180} INFO - Setting next_dagrun for example_bash_operator to 2025-01-18 00:00:00+00:00, run_after=2025-01-19 00:00:00+00:00
[2025-01-19T03:40:12.004+0000] {processor.py:208} INFO - Processing /home/vscode/.local/lib/python3.10/site-packages/airflow/example_dags/example_bash_operator.py took 0.068 seconds
[2025-01-19T03:41:26.102+0000] {processor.py:186} INFO - Started process (PID=14351) to work on /home/vscode/.local/lib/python3.10/site-packages/airflow/example_dags/example_bash_operator.py
[2025-01-19T03:41:26.103+0000] {processor.py:914} INFO - Processing file /home/vscode/.local/lib/python3.10/site-packages/airflow/example_dags/example_bash_operator.py for tasks to queue
[2025-01-19T03:41:26.104+0000] {logging_mixin.py:190} INFO - [2025-01-19T03:41:26.104+0000] {dagbag.py:588} INFO - Filling up the DagBag from /home/vscode/.local/lib/python3.10/site-packages/airflow/example_dags/example_bash_operator.py
[2025-01-19T03:41:26.115+0000] {processor.py:925} INFO - DAG(s) 'example_bash_operator' retrieved from /home/vscode/.local/lib/python3.10/site-packages/airflow/example_dags/example_bash_operator.py
[2025-01-19T03:41:26.132+0000] {logging_mixin.py:190} INFO - [2025-01-19T03:41:26.132+0000] {dag.py:3239} INFO - Sync 1 DAGs
[2025-01-19T03:41:26.148+0000] {logging_mixin.py:190} INFO - [2025-01-19T03:41:26.148+0000] {dag.py:4180} INFO - Setting next_dagrun for example_bash_operator to 2025-01-18 00:00:00+00:00, run_after=2025-01-19 00:00:00+00:00
[2025-01-19T03:41:26.162+0000] {processor.py:208} INFO - Processing /home/vscode/.local/lib/python3.10/site-packages/airflow/example_dags/example_bash_operator.py took 0.065 seconds
[2025-01-19T03:42:44.251+0000] {processor.py:186} INFO - Started process (PID=14877) to work on /home/vscode/.local/lib/python3.10/site-packages/airflow/example_dags/example_bash_operator.py
[2025-01-19T03:42:44.252+0000] {processor.py:914} INFO - Processing file /home/vscode/.local/lib/python3.10/site-packages/airflow/example_dags/example_bash_operator.py for tasks to queue
[2025-01-19T03:42:44.254+0000] {logging_mixin.py:190} INFO - [2025-01-19T03:42:44.253+0000] {dagbag.py:588} INFO - Filling up the DagBag from /home/vscode/.local/lib/python3.10/site-packages/airflow/example_dags/example_bash_operator.py
[2025-01-19T03:42:44.264+0000] {processor.py:925} INFO - DAG(s) 'example_bash_operator' retrieved from /home/vscode/.local/lib/python3.10/site-packages/airflow/example_dags/example_bash_operator.py
[2025-01-19T03:42:44.282+0000] {logging_mixin.py:190} INFO - [2025-01-19T03:42:44.282+0000] {dag.py:3239} INFO - Sync 1 DAGs
[2025-01-19T03:42:44.298+0000] {logging_mixin.py:190} INFO - [2025-01-19T03:42:44.297+0000] {dag.py:4180} INFO - Setting next_dagrun for example_bash_operator to 2025-01-18 00:00:00+00:00, run_after=2025-01-19 00:00:00+00:00
[2025-01-19T03:42:44.312+0000] {processor.py:208} INFO - Processing /home/vscode/.local/lib/python3.10/site-packages/airflow/example_dags/example_bash_operator.py took 0.065 seconds
[2025-01-19T03:44:01.628+0000] {processor.py:186} INFO - Started process (PID=15393) to work on /home/vscode/.local/lib/python3.10/site-packages/airflow/example_dags/example_bash_operator.py
[2025-01-19T03:44:01.629+0000] {processor.py:914} INFO - Processing file /home/vscode/.local/lib/python3.10/site-packages/airflow/example_dags/example_bash_operator.py for tasks to queue
[2025-01-19T03:44:01.631+0000] {logging_mixin.py:190} INFO - [2025-01-19T03:44:01.630+0000] {dagbag.py:588} INFO - Filling up the DagBag from /home/vscode/.local/lib/python3.10/site-packages/airflow/example_dags/example_bash_operator.py
[2025-01-19T03:44:01.642+0000] {processor.py:925} INFO - DAG(s) 'example_bash_operator' retrieved from /home/vscode/.local/lib/python3.10/site-packages/airflow/example_dags/example_bash_operator.py
[2025-01-19T03:44:01.662+0000] {logging_mixin.py:190} INFO - [2025-01-19T03:44:01.661+0000] {dag.py:3239} INFO - Sync 1 DAGs
[2025-01-19T03:44:01.680+0000] {logging_mixin.py:190} INFO - [2025-01-19T03:44:01.680+0000] {dag.py:4180} INFO - Setting next_dagrun for example_bash_operator to 2025-01-18 00:00:00+00:00, run_after=2025-01-19 00:00:00+00:00
[2025-01-19T03:44:01.696+0000] {processor.py:208} INFO - Processing /home/vscode/.local/lib/python3.10/site-packages/airflow/example_dags/example_bash_operator.py took 0.073 seconds
[2025-01-19T03:45:21.209+0000] {processor.py:186} INFO - Started process (PID=15928) to work on /home/vscode/.local/lib/python3.10/site-packages/airflow/example_dags/example_bash_operator.py
[2025-01-19T03:45:21.209+0000] {processor.py:914} INFO - Processing file /home/vscode/.local/lib/python3.10/site-packages/airflow/example_dags/example_bash_operator.py for tasks to queue
[2025-01-19T03:45:21.211+0000] {logging_mixin.py:190} INFO - [2025-01-19T03:45:21.211+0000] {dagbag.py:588} INFO - Filling up the DagBag from /home/vscode/.local/lib/python3.10/site-packages/airflow/example_dags/example_bash_operator.py
[2025-01-19T03:45:21.221+0000] {processor.py:925} INFO - DAG(s) 'example_bash_operator' retrieved from /home/vscode/.local/lib/python3.10/site-packages/airflow/example_dags/example_bash_operator.py
[2025-01-19T03:45:21.239+0000] {logging_mixin.py:190} INFO - [2025-01-19T03:45:21.239+0000] {dag.py:3239} INFO - Sync 1 DAGs
[2025-01-19T03:45:21.254+0000] {logging_mixin.py:190} INFO - [2025-01-19T03:45:21.254+0000] {dag.py:4180} INFO - Setting next_dagrun for example_bash_operator to 2025-01-18 00:00:00+00:00, run_after=2025-01-19 00:00:00+00:00
[2025-01-19T03:45:21.269+0000] {processor.py:208} INFO - Processing /home/vscode/.local/lib/python3.10/site-packages/airflow/example_dags/example_bash_operator.py took 0.065 seconds
[2025-01-19T03:46:36.069+0000] {processor.py:186} INFO - Started process (PID=16434) to work on /home/vscode/.local/lib/python3.10/site-packages/airflow/example_dags/example_bash_operator.py
[2025-01-19T03:46:36.070+0000] {processor.py:914} INFO - Processing file /home/vscode/.local/lib/python3.10/site-packages/airflow/example_dags/example_bash_operator.py for tasks to queue
[2025-01-19T03:46:36.072+0000] {logging_mixin.py:190} INFO - [2025-01-19T03:46:36.072+0000] {dagbag.py:588} INFO - Filling up the DagBag from /home/vscode/.local/lib/python3.10/site-packages/airflow/example_dags/example_bash_operator.py
[2025-01-19T03:46:36.083+0000] {processor.py:925} INFO - DAG(s) 'example_bash_operator' retrieved from /home/vscode/.local/lib/python3.10/site-packages/airflow/example_dags/example_bash_operator.py
[2025-01-19T03:46:36.101+0000] {logging_mixin.py:190} INFO - [2025-01-19T03:46:36.101+0000] {dag.py:3239} INFO - Sync 1 DAGs
[2025-01-19T03:46:36.117+0000] {logging_mixin.py:190} INFO - [2025-01-19T03:46:36.117+0000] {dag.py:4180} INFO - Setting next_dagrun for example_bash_operator to 2025-01-18 00:00:00+00:00, run_after=2025-01-19 00:00:00+00:00
[2025-01-19T03:46:36.132+0000] {processor.py:208} INFO - Processing /home/vscode/.local/lib/python3.10/site-packages/airflow/example_dags/example_bash_operator.py took 0.069 seconds
[2025-01-19T03:47:53.662+0000] {processor.py:186} INFO - Started process (PID=16955) to work on /home/vscode/.local/lib/python3.10/site-packages/airflow/example_dags/example_bash_operator.py
[2025-01-19T03:47:53.662+0000] {processor.py:914} INFO - Processing file /home/vscode/.local/lib/python3.10/site-packages/airflow/example_dags/example_bash_operator.py for tasks to queue
[2025-01-19T03:47:53.664+0000] {logging_mixin.py:190} INFO - [2025-01-19T03:47:53.664+0000] {dagbag.py:588} INFO - Filling up the DagBag from /home/vscode/.local/lib/python3.10/site-packages/airflow/example_dags/example_bash_operator.py
[2025-01-19T03:47:53.674+0000] {processor.py:925} INFO - DAG(s) 'example_bash_operator' retrieved from /home/vscode/.local/lib/python3.10/site-packages/airflow/example_dags/example_bash_operator.py
[2025-01-19T03:47:53.693+0000] {logging_mixin.py:190} INFO - [2025-01-19T03:47:53.693+0000] {dag.py:3239} INFO - Sync 1 DAGs
[2025-01-19T03:47:53.709+0000] {logging_mixin.py:190} INFO - [2025-01-19T03:47:53.708+0000] {dag.py:4180} INFO - Setting next_dagrun for example_bash_operator to 2025-01-18 00:00:00+00:00, run_after=2025-01-19 00:00:00+00:00
[2025-01-19T03:47:53.726+0000] {processor.py:208} INFO - Processing /home/vscode/.local/lib/python3.10/site-packages/airflow/example_dags/example_bash_operator.py took 0.069 seconds
[2025-01-19T03:49:08.881+0000] {processor.py:186} INFO - Started process (PID=17579) to work on /home/vscode/.local/lib/python3.10/site-packages/airflow/example_dags/example_bash_operator.py
[2025-01-19T03:49:08.882+0000] {processor.py:914} INFO - Processing file /home/vscode/.local/lib/python3.10/site-packages/airflow/example_dags/example_bash_operator.py for tasks to queue
[2025-01-19T03:49:08.884+0000] {logging_mixin.py:190} INFO - [2025-01-19T03:49:08.883+0000] {dagbag.py:588} INFO - Filling up the DagBag from /home/vscode/.local/lib/python3.10/site-packages/airflow/example_dags/example_bash_operator.py
[2025-01-19T03:49:08.894+0000] {processor.py:925} INFO - DAG(s) 'example_bash_operator' retrieved from /home/vscode/.local/lib/python3.10/site-packages/airflow/example_dags/example_bash_operator.py
[2025-01-19T03:49:08.912+0000] {logging_mixin.py:190} INFO - [2025-01-19T03:49:08.912+0000] {dag.py:3239} INFO - Sync 1 DAGs
[2025-01-19T03:49:08.929+0000] {logging_mixin.py:190} INFO - [2025-01-19T03:49:08.928+0000] {dag.py:4180} INFO - Setting next_dagrun for example_bash_operator to 2025-01-18 00:00:00+00:00, run_after=2025-01-19 00:00:00+00:00
[2025-01-19T03:49:08.943+0000] {processor.py:208} INFO - Processing /home/vscode/.local/lib/python3.10/site-packages/airflow/example_dags/example_bash_operator.py took 0.066 seconds
[2025-01-19T03:50:26.924+0000] {processor.py:186} INFO - Started process (PID=18179) to work on /home/vscode/.local/lib/python3.10/site-packages/airflow/example_dags/example_bash_operator.py
[2025-01-19T03:50:26.925+0000] {processor.py:914} INFO - Processing file /home/vscode/.local/lib/python3.10/site-packages/airflow/example_dags/example_bash_operator.py for tasks to queue
[2025-01-19T03:50:26.927+0000] {logging_mixin.py:190} INFO - [2025-01-19T03:50:26.927+0000] {dagbag.py:588} INFO - Filling up the DagBag from /home/vscode/.local/lib/python3.10/site-packages/airflow/example_dags/example_bash_operator.py
[2025-01-19T03:50:26.941+0000] {processor.py:925} INFO - DAG(s) 'example_bash_operator' retrieved from /home/vscode/.local/lib/python3.10/site-packages/airflow/example_dags/example_bash_operator.py
[2025-01-19T03:50:26.960+0000] {logging_mixin.py:190} INFO - [2025-01-19T03:50:26.960+0000] {dag.py:3239} INFO - Sync 1 DAGs
[2025-01-19T03:50:26.976+0000] {logging_mixin.py:190} INFO - [2025-01-19T03:50:26.976+0000] {dag.py:4180} INFO - Setting next_dagrun for example_bash_operator to 2025-01-18 00:00:00+00:00, run_after=2025-01-19 00:00:00+00:00
[2025-01-19T03:50:26.991+0000] {processor.py:208} INFO - Processing /home/vscode/.local/lib/python3.10/site-packages/airflow/example_dags/example_bash_operator.py took 0.078 seconds
[2025-01-19T03:55:43.594+0000] {processor.py:186} INFO - Started process (PID=20442) to work on /home/vscode/.local/lib/python3.10/site-packages/airflow/example_dags/example_bash_operator.py
[2025-01-19T03:55:43.595+0000] {processor.py:914} INFO - Processing file /home/vscode/.local/lib/python3.10/site-packages/airflow/example_dags/example_bash_operator.py for tasks to queue
[2025-01-19T03:55:43.597+0000] {logging_mixin.py:190} INFO - [2025-01-19T03:55:43.596+0000] {dagbag.py:588} INFO - Filling up the DagBag from /home/vscode/.local/lib/python3.10/site-packages/airflow/example_dags/example_bash_operator.py
[2025-01-19T03:55:43.607+0000] {processor.py:925} INFO - DAG(s) 'example_bash_operator' retrieved from /home/vscode/.local/lib/python3.10/site-packages/airflow/example_dags/example_bash_operator.py
[2025-01-19T03:55:43.625+0000] {logging_mixin.py:190} INFO - [2025-01-19T03:55:43.625+0000] {dag.py:3239} INFO - Sync 1 DAGs
[2025-01-19T03:55:43.641+0000] {logging_mixin.py:190} INFO - [2025-01-19T03:55:43.641+0000] {dag.py:4180} INFO - Setting next_dagrun for example_bash_operator to 2025-01-18 00:00:00+00:00, run_after=2025-01-19 00:00:00+00:00
[2025-01-19T03:55:43.658+0000] {processor.py:208} INFO - Processing /home/vscode/.local/lib/python3.10/site-packages/airflow/example_dags/example_bash_operator.py took 0.068 seconds
[2025-01-19T03:57:01.889+0000] {processor.py:186} INFO - Started process (PID=20969) to work on /home/vscode/.local/lib/python3.10/site-packages/airflow/example_dags/example_bash_operator.py
[2025-01-19T03:57:01.890+0000] {processor.py:914} INFO - Processing file /home/vscode/.local/lib/python3.10/site-packages/airflow/example_dags/example_bash_operator.py for tasks to queue
[2025-01-19T03:57:01.891+0000] {logging_mixin.py:190} INFO - [2025-01-19T03:57:01.891+0000] {dagbag.py:588} INFO - Filling up the DagBag from /home/vscode/.local/lib/python3.10/site-packages/airflow/example_dags/example_bash_operator.py
[2025-01-19T03:57:01.902+0000] {processor.py:925} INFO - DAG(s) 'example_bash_operator' retrieved from /home/vscode/.local/lib/python3.10/site-packages/airflow/example_dags/example_bash_operator.py
[2025-01-19T03:57:01.920+0000] {logging_mixin.py:190} INFO - [2025-01-19T03:57:01.920+0000] {dag.py:3239} INFO - Sync 1 DAGs
[2025-01-19T03:57:01.936+0000] {logging_mixin.py:190} INFO - [2025-01-19T03:57:01.936+0000] {dag.py:4180} INFO - Setting next_dagrun for example_bash_operator to 2025-01-18 00:00:00+00:00, run_after=2025-01-19 00:00:00+00:00
[2025-01-19T03:57:01.951+0000] {processor.py:208} INFO - Processing /home/vscode/.local/lib/python3.10/site-packages/airflow/example_dags/example_bash_operator.py took 0.066 seconds
[2025-01-19T03:58:17.816+0000] {processor.py:186} INFO - Started process (PID=21482) to work on /home/vscode/.local/lib/python3.10/site-packages/airflow/example_dags/example_bash_operator.py
[2025-01-19T03:58:17.817+0000] {processor.py:914} INFO - Processing file /home/vscode/.local/lib/python3.10/site-packages/airflow/example_dags/example_bash_operator.py for tasks to queue
[2025-01-19T03:58:17.818+0000] {logging_mixin.py:190} INFO - [2025-01-19T03:58:17.818+0000] {dagbag.py:588} INFO - Filling up the DagBag from /home/vscode/.local/lib/python3.10/site-packages/airflow/example_dags/example_bash_operator.py
[2025-01-19T03:58:17.829+0000] {processor.py:925} INFO - DAG(s) 'example_bash_operator' retrieved from /home/vscode/.local/lib/python3.10/site-packages/airflow/example_dags/example_bash_operator.py
[2025-01-19T03:58:17.848+0000] {logging_mixin.py:190} INFO - [2025-01-19T03:58:17.848+0000] {dag.py:3239} INFO - Sync 1 DAGs
[2025-01-19T03:58:17.863+0000] {logging_mixin.py:190} INFO - [2025-01-19T03:58:17.863+0000] {dag.py:4180} INFO - Setting next_dagrun for example_bash_operator to 2025-01-18 00:00:00+00:00, run_after=2025-01-19 00:00:00+00:00
[2025-01-19T03:58:17.879+0000] {processor.py:208} INFO - Processing /home/vscode/.local/lib/python3.10/site-packages/airflow/example_dags/example_bash_operator.py took 0.067 seconds
[2025-01-19T03:59:34.947+0000] {processor.py:186} INFO - Started process (PID=22010) to work on /home/vscode/.local/lib/python3.10/site-packages/airflow/example_dags/example_bash_operator.py
[2025-01-19T03:59:34.949+0000] {processor.py:914} INFO - Processing file /home/vscode/.local/lib/python3.10/site-packages/airflow/example_dags/example_bash_operator.py for tasks to queue
[2025-01-19T03:59:34.951+0000] {logging_mixin.py:190} INFO - [2025-01-19T03:59:34.951+0000] {dagbag.py:588} INFO - Filling up the DagBag from /home/vscode/.local/lib/python3.10/site-packages/airflow/example_dags/example_bash_operator.py
[2025-01-19T03:59:34.967+0000] {processor.py:925} INFO - DAG(s) 'example_bash_operator' retrieved from /home/vscode/.local/lib/python3.10/site-packages/airflow/example_dags/example_bash_operator.py
[2025-01-19T03:59:34.995+0000] {logging_mixin.py:190} INFO - [2025-01-19T03:59:34.995+0000] {dag.py:3239} INFO - Sync 1 DAGs
[2025-01-19T03:59:35.012+0000] {logging_mixin.py:190} INFO - [2025-01-19T03:59:35.012+0000] {dag.py:4180} INFO - Setting next_dagrun for example_bash_operator to 2025-01-18 00:00:00+00:00, run_after=2025-01-19 00:00:00+00:00
[2025-01-19T03:59:35.027+0000] {processor.py:208} INFO - Processing /home/vscode/.local/lib/python3.10/site-packages/airflow/example_dags/example_bash_operator.py took 0.086 seconds
[2025-01-19T04:00:51.971+0000] {processor.py:186} INFO - Started process (PID=22536) to work on /home/vscode/.local/lib/python3.10/site-packages/airflow/example_dags/example_bash_operator.py
[2025-01-19T04:00:51.972+0000] {processor.py:914} INFO - Processing file /home/vscode/.local/lib/python3.10/site-packages/airflow/example_dags/example_bash_operator.py for tasks to queue
[2025-01-19T04:00:51.973+0000] {logging_mixin.py:190} INFO - [2025-01-19T04:00:51.973+0000] {dagbag.py:588} INFO - Filling up the DagBag from /home/vscode/.local/lib/python3.10/site-packages/airflow/example_dags/example_bash_operator.py
[2025-01-19T04:00:51.985+0000] {processor.py:925} INFO - DAG(s) 'example_bash_operator' retrieved from /home/vscode/.local/lib/python3.10/site-packages/airflow/example_dags/example_bash_operator.py
[2025-01-19T04:00:52.003+0000] {logging_mixin.py:190} INFO - [2025-01-19T04:00:52.003+0000] {dag.py:3239} INFO - Sync 1 DAGs
[2025-01-19T04:00:52.018+0000] {logging_mixin.py:190} INFO - [2025-01-19T04:00:52.018+0000] {dag.py:4180} INFO - Setting next_dagrun for example_bash_operator to 2025-01-18 00:00:00+00:00, run_after=2025-01-19 00:00:00+00:00
[2025-01-19T04:00:52.032+0000] {processor.py:208} INFO - Processing /home/vscode/.local/lib/python3.10/site-packages/airflow/example_dags/example_bash_operator.py took 0.066 seconds
[2025-01-19T04:02:10.334+0000] {processor.py:186} INFO - Started process (PID=23064) to work on /home/vscode/.local/lib/python3.10/site-packages/airflow/example_dags/example_bash_operator.py
[2025-01-19T04:02:10.335+0000] {processor.py:914} INFO - Processing file /home/vscode/.local/lib/python3.10/site-packages/airflow/example_dags/example_bash_operator.py for tasks to queue
[2025-01-19T04:02:10.336+0000] {logging_mixin.py:190} INFO - [2025-01-19T04:02:10.336+0000] {dagbag.py:588} INFO - Filling up the DagBag from /home/vscode/.local/lib/python3.10/site-packages/airflow/example_dags/example_bash_operator.py
[2025-01-19T04:02:10.347+0000] {processor.py:925} INFO - DAG(s) 'example_bash_operator' retrieved from /home/vscode/.local/lib/python3.10/site-packages/airflow/example_dags/example_bash_operator.py
[2025-01-19T04:02:10.365+0000] {logging_mixin.py:190} INFO - [2025-01-19T04:02:10.365+0000] {dag.py:3239} INFO - Sync 1 DAGs
[2025-01-19T04:02:10.380+0000] {logging_mixin.py:190} INFO - [2025-01-19T04:02:10.380+0000] {dag.py:4180} INFO - Setting next_dagrun for example_bash_operator to 2025-01-18 00:00:00+00:00, run_after=2025-01-19 00:00:00+00:00
[2025-01-19T04:02:10.395+0000] {processor.py:208} INFO - Processing /home/vscode/.local/lib/python3.10/site-packages/airflow/example_dags/example_bash_operator.py took 0.066 seconds
