[2025-01-19T03:21:31.073+0000] {processor.py:186} INFO - Started process (PID=5436) to work on /home/vscode/.local/lib/python3.10/site-packages/airflow/example_dags/example_branch_day_of_week_operator.py
[2025-01-19T03:21:31.074+0000] {processor.py:914} INFO - Processing file /home/vscode/.local/lib/python3.10/site-packages/airflow/example_dags/example_branch_day_of_week_operator.py for tasks to queue
[2025-01-19T03:21:31.075+0000] {logging_mixin.py:190} INFO - [2025-01-19T03:21:31.075+0000] {dagbag.py:588} INFO - Filling up the DagBag from /home/vscode/.local/lib/python3.10/site-packages/airflow/example_dags/example_branch_day_of_week_operator.py
[2025-01-19T03:21:31.083+0000] {processor.py:925} INFO - DAG(s) 'example_weekday_branch_operator' retrieved from /home/vscode/.local/lib/python3.10/site-packages/airflow/example_dags/example_branch_day_of_week_operator.py
[2025-01-19T03:21:31.161+0000] {logging_mixin.py:190} INFO - [2025-01-19T03:21:31.160+0000] {override.py:1911} INFO - Created Permission View: can read on DAG:example_weekday_branch_operator
[2025-01-19T03:21:31.169+0000] {logging_mixin.py:190} INFO - [2025-01-19T03:21:31.169+0000] {override.py:1911} INFO - Created Permission View: can edit on DAG:example_weekday_branch_operator
[2025-01-19T03:21:31.175+0000] {logging_mixin.py:190} INFO - [2025-01-19T03:21:31.174+0000] {override.py:1911} INFO - Created Permission View: can delete on DAG:example_weekday_branch_operator
[2025-01-19T03:21:31.184+0000] {logging_mixin.py:190} INFO - [2025-01-19T03:21:31.184+0000] {override.py:1911} INFO - Created Permission View: menu access on DAG Run:example_weekday_branch_operator
[2025-01-19T03:21:31.190+0000] {logging_mixin.py:190} INFO - [2025-01-19T03:21:31.189+0000] {override.py:1911} INFO - Created Permission View: can read on DAG Run:example_weekday_branch_operator
[2025-01-19T03:21:31.195+0000] {logging_mixin.py:190} INFO - [2025-01-19T03:21:31.195+0000] {override.py:1911} INFO - Created Permission View: can create on DAG Run:example_weekday_branch_operator
[2025-01-19T03:21:31.201+0000] {logging_mixin.py:190} INFO - [2025-01-19T03:21:31.201+0000] {override.py:1911} INFO - Created Permission View: can delete on DAG Run:example_weekday_branch_operator
[2025-01-19T03:21:31.202+0000] {logging_mixin.py:190} INFO - [2025-01-19T03:21:31.202+0000] {dag.py:3239} INFO - Sync 1 DAGs
[2025-01-19T03:21:31.212+0000] {logging_mixin.py:190} INFO - [2025-01-19T03:21:31.212+0000] {dag.py:3262} INFO - Creating ORM DAG for example_weekday_branch_operator
[2025-01-19T03:21:31.219+0000] {logging_mixin.py:190} INFO - [2025-01-19T03:21:31.219+0000] {dag.py:4180} INFO - Setting next_dagrun for example_weekday_branch_operator to 2025-01-18 00:00:00+00:00, run_after=2025-01-19 00:00:00+00:00
[2025-01-19T03:21:31.234+0000] {processor.py:208} INFO - Processing /home/vscode/.local/lib/python3.10/site-packages/airflow/example_dags/example_branch_day_of_week_operator.py took 0.165 seconds
[2025-01-19T03:22:26.274+0000] {processor.py:186} INFO - Started process (PID=5811) to work on /home/vscode/.local/lib/python3.10/site-packages/airflow/example_dags/example_branch_day_of_week_operator.py
[2025-01-19T03:22:26.275+0000] {processor.py:914} INFO - Processing file /home/vscode/.local/lib/python3.10/site-packages/airflow/example_dags/example_branch_day_of_week_operator.py for tasks to queue
[2025-01-19T03:22:26.276+0000] {logging_mixin.py:190} INFO - [2025-01-19T03:22:26.276+0000] {dagbag.py:588} INFO - Filling up the DagBag from /home/vscode/.local/lib/python3.10/site-packages/airflow/example_dags/example_branch_day_of_week_operator.py
[2025-01-19T03:22:26.284+0000] {processor.py:925} INFO - DAG(s) 'example_weekday_branch_operator' retrieved from /home/vscode/.local/lib/python3.10/site-packages/airflow/example_dags/example_branch_day_of_week_operator.py
[2025-01-19T03:22:26.296+0000] {logging_mixin.py:190} INFO - [2025-01-19T03:22:26.296+0000] {dag.py:3239} INFO - Sync 1 DAGs
[2025-01-19T03:22:26.311+0000] {logging_mixin.py:190} INFO - [2025-01-19T03:22:26.311+0000] {dag.py:4180} INFO - Setting next_dagrun for example_weekday_branch_operator to 2025-01-18 00:00:00+00:00, run_after=2025-01-19 00:00:00+00:00
[2025-01-19T03:22:26.326+0000] {processor.py:208} INFO - Processing /home/vscode/.local/lib/python3.10/site-packages/airflow/example_dags/example_branch_day_of_week_operator.py took 0.057 seconds
[2025-01-19T03:23:39.522+0000] {processor.py:186} INFO - Started process (PID=6433) to work on /home/vscode/.local/lib/python3.10/site-packages/airflow/example_dags/example_branch_day_of_week_operator.py
[2025-01-19T03:23:39.522+0000] {processor.py:914} INFO - Processing file /home/vscode/.local/lib/python3.10/site-packages/airflow/example_dags/example_branch_day_of_week_operator.py for tasks to queue
[2025-01-19T03:23:39.524+0000] {logging_mixin.py:190} INFO - [2025-01-19T03:23:39.524+0000] {dagbag.py:588} INFO - Filling up the DagBag from /home/vscode/.local/lib/python3.10/site-packages/airflow/example_dags/example_branch_day_of_week_operator.py
[2025-01-19T03:23:39.532+0000] {processor.py:925} INFO - DAG(s) 'example_weekday_branch_operator' retrieved from /home/vscode/.local/lib/python3.10/site-packages/airflow/example_dags/example_branch_day_of_week_operator.py
[2025-01-19T03:23:39.544+0000] {logging_mixin.py:190} INFO - [2025-01-19T03:23:39.544+0000] {dag.py:3239} INFO - Sync 1 DAGs
[2025-01-19T03:23:39.559+0000] {logging_mixin.py:190} INFO - [2025-01-19T03:23:39.559+0000] {dag.py:4180} INFO - Setting next_dagrun for example_weekday_branch_operator to 2025-01-18 00:00:00+00:00, run_after=2025-01-19 00:00:00+00:00
[2025-01-19T03:23:39.574+0000] {processor.py:208} INFO - Processing /home/vscode/.local/lib/python3.10/site-packages/airflow/example_dags/example_branch_day_of_week_operator.py took 0.057 seconds
[2025-01-19T03:24:35.314+0000] {processor.py:186} INFO - Started process (PID=6873) to work on /home/vscode/.local/lib/python3.10/site-packages/airflow/example_dags/example_branch_day_of_week_operator.py
[2025-01-19T03:24:35.315+0000] {processor.py:914} INFO - Processing file /home/vscode/.local/lib/python3.10/site-packages/airflow/example_dags/example_branch_day_of_week_operator.py for tasks to queue
[2025-01-19T03:24:35.316+0000] {logging_mixin.py:190} INFO - [2025-01-19T03:24:35.316+0000] {dagbag.py:588} INFO - Filling up the DagBag from /home/vscode/.local/lib/python3.10/site-packages/airflow/example_dags/example_branch_day_of_week_operator.py
[2025-01-19T03:24:35.324+0000] {processor.py:925} INFO - DAG(s) 'example_weekday_branch_operator' retrieved from /home/vscode/.local/lib/python3.10/site-packages/airflow/example_dags/example_branch_day_of_week_operator.py
[2025-01-19T03:24:35.336+0000] {logging_mixin.py:190} INFO - [2025-01-19T03:24:35.336+0000] {dag.py:3239} INFO - Sync 1 DAGs
[2025-01-19T03:24:35.352+0000] {logging_mixin.py:190} INFO - [2025-01-19T03:24:35.352+0000] {dag.py:4180} INFO - Setting next_dagrun for example_weekday_branch_operator to 2025-01-18 00:00:00+00:00, run_after=2025-01-19 00:00:00+00:00
[2025-01-19T03:24:35.368+0000] {processor.py:208} INFO - Processing /home/vscode/.local/lib/python3.10/site-packages/airflow/example_dags/example_branch_day_of_week_operator.py took 0.058 seconds
[2025-01-19T03:25:49.449+0000] {processor.py:186} INFO - Started process (PID=7471) to work on /home/vscode/.local/lib/python3.10/site-packages/airflow/example_dags/example_branch_day_of_week_operator.py
[2025-01-19T03:25:49.450+0000] {processor.py:914} INFO - Processing file /home/vscode/.local/lib/python3.10/site-packages/airflow/example_dags/example_branch_day_of_week_operator.py for tasks to queue
[2025-01-19T03:25:49.451+0000] {logging_mixin.py:190} INFO - [2025-01-19T03:25:49.451+0000] {dagbag.py:588} INFO - Filling up the DagBag from /home/vscode/.local/lib/python3.10/site-packages/airflow/example_dags/example_branch_day_of_week_operator.py
[2025-01-19T03:25:49.459+0000] {processor.py:925} INFO - DAG(s) 'example_weekday_branch_operator' retrieved from /home/vscode/.local/lib/python3.10/site-packages/airflow/example_dags/example_branch_day_of_week_operator.py
[2025-01-19T03:25:49.471+0000] {logging_mixin.py:190} INFO - [2025-01-19T03:25:49.471+0000] {dag.py:3239} INFO - Sync 1 DAGs
[2025-01-19T03:25:49.487+0000] {logging_mixin.py:190} INFO - [2025-01-19T03:25:49.486+0000] {dag.py:4180} INFO - Setting next_dagrun for example_weekday_branch_operator to 2025-01-18 00:00:00+00:00, run_after=2025-01-19 00:00:00+00:00
[2025-01-19T03:25:49.501+0000] {processor.py:208} INFO - Processing /home/vscode/.local/lib/python3.10/site-packages/airflow/example_dags/example_branch_day_of_week_operator.py took 0.057 seconds
[2025-01-19T03:27:08.664+0000] {processor.py:186} INFO - Started process (PID=8083) to work on /home/vscode/.local/lib/python3.10/site-packages/airflow/example_dags/example_branch_day_of_week_operator.py
[2025-01-19T03:27:08.665+0000] {processor.py:914} INFO - Processing file /home/vscode/.local/lib/python3.10/site-packages/airflow/example_dags/example_branch_day_of_week_operator.py for tasks to queue
[2025-01-19T03:27:08.667+0000] {logging_mixin.py:190} INFO - [2025-01-19T03:27:08.666+0000] {dagbag.py:588} INFO - Filling up the DagBag from /home/vscode/.local/lib/python3.10/site-packages/airflow/example_dags/example_branch_day_of_week_operator.py
[2025-01-19T03:27:08.677+0000] {processor.py:925} INFO - DAG(s) 'example_weekday_branch_operator' retrieved from /home/vscode/.local/lib/python3.10/site-packages/airflow/example_dags/example_branch_day_of_week_operator.py
[2025-01-19T03:27:08.695+0000] {logging_mixin.py:190} INFO - [2025-01-19T03:27:08.694+0000] {dag.py:3239} INFO - Sync 1 DAGs
[2025-01-19T03:27:08.717+0000] {logging_mixin.py:190} INFO - [2025-01-19T03:27:08.717+0000] {dag.py:4180} INFO - Setting next_dagrun for example_weekday_branch_operator to 2025-01-18 00:00:00+00:00, run_after=2025-01-19 00:00:00+00:00
[2025-01-19T03:27:08.734+0000] {processor.py:208} INFO - Processing /home/vscode/.local/lib/python3.10/site-packages/airflow/example_dags/example_branch_day_of_week_operator.py took 0.075 seconds
[2025-01-19T03:28:29.512+0000] {processor.py:186} INFO - Started process (PID=8775) to work on /home/vscode/.local/lib/python3.10/site-packages/airflow/example_dags/example_branch_day_of_week_operator.py
[2025-01-19T03:28:29.513+0000] {processor.py:914} INFO - Processing file /home/vscode/.local/lib/python3.10/site-packages/airflow/example_dags/example_branch_day_of_week_operator.py for tasks to queue
[2025-01-19T03:28:29.515+0000] {logging_mixin.py:190} INFO - [2025-01-19T03:28:29.514+0000] {dagbag.py:588} INFO - Filling up the DagBag from /home/vscode/.local/lib/python3.10/site-packages/airflow/example_dags/example_branch_day_of_week_operator.py
[2025-01-19T03:28:29.522+0000] {processor.py:925} INFO - DAG(s) 'example_weekday_branch_operator' retrieved from /home/vscode/.local/lib/python3.10/site-packages/airflow/example_dags/example_branch_day_of_week_operator.py
[2025-01-19T03:28:29.535+0000] {logging_mixin.py:190} INFO - [2025-01-19T03:28:29.535+0000] {dag.py:3239} INFO - Sync 1 DAGs
[2025-01-19T03:28:29.551+0000] {logging_mixin.py:190} INFO - [2025-01-19T03:28:29.550+0000] {dag.py:4180} INFO - Setting next_dagrun for example_weekday_branch_operator to 2025-01-18 00:00:00+00:00, run_after=2025-01-19 00:00:00+00:00
[2025-01-19T03:28:29.565+0000] {processor.py:208} INFO - Processing /home/vscode/.local/lib/python3.10/site-packages/airflow/example_dags/example_branch_day_of_week_operator.py took 0.057 seconds
[2025-01-19T03:29:48.460+0000] {processor.py:186} INFO - Started process (PID=9346) to work on /home/vscode/.local/lib/python3.10/site-packages/airflow/example_dags/example_branch_day_of_week_operator.py
[2025-01-19T03:29:48.461+0000] {processor.py:914} INFO - Processing file /home/vscode/.local/lib/python3.10/site-packages/airflow/example_dags/example_branch_day_of_week_operator.py for tasks to queue
[2025-01-19T03:29:48.463+0000] {logging_mixin.py:190} INFO - [2025-01-19T03:29:48.463+0000] {dagbag.py:588} INFO - Filling up the DagBag from /home/vscode/.local/lib/python3.10/site-packages/airflow/example_dags/example_branch_day_of_week_operator.py
[2025-01-19T03:29:48.471+0000] {processor.py:925} INFO - DAG(s) 'example_weekday_branch_operator' retrieved from /home/vscode/.local/lib/python3.10/site-packages/airflow/example_dags/example_branch_day_of_week_operator.py
[2025-01-19T03:29:48.485+0000] {logging_mixin.py:190} INFO - [2025-01-19T03:29:48.485+0000] {dag.py:3239} INFO - Sync 1 DAGs
[2025-01-19T03:29:48.501+0000] {logging_mixin.py:190} INFO - [2025-01-19T03:29:48.500+0000] {dag.py:4180} INFO - Setting next_dagrun for example_weekday_branch_operator to 2025-01-18 00:00:00+00:00, run_after=2025-01-19 00:00:00+00:00
[2025-01-19T03:29:48.515+0000] {processor.py:208} INFO - Processing /home/vscode/.local/lib/python3.10/site-packages/airflow/example_dags/example_branch_day_of_week_operator.py took 0.062 seconds
[2025-01-19T03:30:58.070+0000] {processor.py:186} INFO - Started process (PID=9819) to work on /home/vscode/.local/lib/python3.10/site-packages/airflow/example_dags/example_branch_day_of_week_operator.py
[2025-01-19T03:30:58.070+0000] {processor.py:914} INFO - Processing file /home/vscode/.local/lib/python3.10/site-packages/airflow/example_dags/example_branch_day_of_week_operator.py for tasks to queue
[2025-01-19T03:30:58.072+0000] {logging_mixin.py:190} INFO - [2025-01-19T03:30:58.072+0000] {dagbag.py:588} INFO - Filling up the DagBag from /home/vscode/.local/lib/python3.10/site-packages/airflow/example_dags/example_branch_day_of_week_operator.py
[2025-01-19T03:30:58.080+0000] {processor.py:925} INFO - DAG(s) 'example_weekday_branch_operator' retrieved from /home/vscode/.local/lib/python3.10/site-packages/airflow/example_dags/example_branch_day_of_week_operator.py
[2025-01-19T03:30:58.092+0000] {logging_mixin.py:190} INFO - [2025-01-19T03:30:58.092+0000] {dag.py:3239} INFO - Sync 1 DAGs
[2025-01-19T03:30:58.107+0000] {logging_mixin.py:190} INFO - [2025-01-19T03:30:58.107+0000] {dag.py:4180} INFO - Setting next_dagrun for example_weekday_branch_operator to 2025-01-18 00:00:00+00:00, run_after=2025-01-19 00:00:00+00:00
[2025-01-19T03:30:58.121+0000] {processor.py:208} INFO - Processing /home/vscode/.local/lib/python3.10/site-packages/airflow/example_dags/example_branch_day_of_week_operator.py took 0.056 seconds
[2025-01-19T03:32:13.442+0000] {processor.py:186} INFO - Started process (PID=10394) to work on /home/vscode/.local/lib/python3.10/site-packages/airflow/example_dags/example_branch_day_of_week_operator.py
[2025-01-19T03:32:13.443+0000] {processor.py:914} INFO - Processing file /home/vscode/.local/lib/python3.10/site-packages/airflow/example_dags/example_branch_day_of_week_operator.py for tasks to queue
[2025-01-19T03:32:13.445+0000] {logging_mixin.py:190} INFO - [2025-01-19T03:32:13.444+0000] {dagbag.py:588} INFO - Filling up the DagBag from /home/vscode/.local/lib/python3.10/site-packages/airflow/example_dags/example_branch_day_of_week_operator.py
[2025-01-19T03:32:13.452+0000] {processor.py:925} INFO - DAG(s) 'example_weekday_branch_operator' retrieved from /home/vscode/.local/lib/python3.10/site-packages/airflow/example_dags/example_branch_day_of_week_operator.py
[2025-01-19T03:32:13.464+0000] {logging_mixin.py:190} INFO - [2025-01-19T03:32:13.464+0000] {dag.py:3239} INFO - Sync 1 DAGs
[2025-01-19T03:32:13.480+0000] {logging_mixin.py:190} INFO - [2025-01-19T03:32:13.480+0000] {dag.py:4180} INFO - Setting next_dagrun for example_weekday_branch_operator to 2025-01-18 00:00:00+00:00, run_after=2025-01-19 00:00:00+00:00
[2025-01-19T03:32:13.495+0000] {processor.py:208} INFO - Processing /home/vscode/.local/lib/python3.10/site-packages/airflow/example_dags/example_branch_day_of_week_operator.py took 0.057 seconds
[2025-01-19T03:33:30.538+0000] {processor.py:186} INFO - Started process (PID=10995) to work on /home/vscode/.local/lib/python3.10/site-packages/airflow/example_dags/example_branch_day_of_week_operator.py
[2025-01-19T03:33:30.538+0000] {processor.py:914} INFO - Processing file /home/vscode/.local/lib/python3.10/site-packages/airflow/example_dags/example_branch_day_of_week_operator.py for tasks to queue
[2025-01-19T03:33:30.540+0000] {logging_mixin.py:190} INFO - [2025-01-19T03:33:30.540+0000] {dagbag.py:588} INFO - Filling up the DagBag from /home/vscode/.local/lib/python3.10/site-packages/airflow/example_dags/example_branch_day_of_week_operator.py
[2025-01-19T03:33:30.547+0000] {processor.py:925} INFO - DAG(s) 'example_weekday_branch_operator' retrieved from /home/vscode/.local/lib/python3.10/site-packages/airflow/example_dags/example_branch_day_of_week_operator.py
[2025-01-19T03:33:30.559+0000] {logging_mixin.py:190} INFO - [2025-01-19T03:33:30.559+0000] {dag.py:3239} INFO - Sync 1 DAGs
[2025-01-19T03:33:30.574+0000] {logging_mixin.py:190} INFO - [2025-01-19T03:33:30.574+0000] {dag.py:4180} INFO - Setting next_dagrun for example_weekday_branch_operator to 2025-01-18 00:00:00+00:00, run_after=2025-01-19 00:00:00+00:00
[2025-01-19T03:33:30.588+0000] {processor.py:208} INFO - Processing /home/vscode/.local/lib/python3.10/site-packages/airflow/example_dags/example_branch_day_of_week_operator.py took 0.054 seconds
[2025-01-19T03:34:44.248+0000] {processor.py:186} INFO - Started process (PID=11551) to work on /home/vscode/.local/lib/python3.10/site-packages/airflow/example_dags/example_branch_day_of_week_operator.py
[2025-01-19T03:34:44.249+0000] {processor.py:914} INFO - Processing file /home/vscode/.local/lib/python3.10/site-packages/airflow/example_dags/example_branch_day_of_week_operator.py for tasks to queue
[2025-01-19T03:34:44.250+0000] {logging_mixin.py:190} INFO - [2025-01-19T03:34:44.250+0000] {dagbag.py:588} INFO - Filling up the DagBag from /home/vscode/.local/lib/python3.10/site-packages/airflow/example_dags/example_branch_day_of_week_operator.py
[2025-01-19T03:34:44.258+0000] {processor.py:925} INFO - DAG(s) 'example_weekday_branch_operator' retrieved from /home/vscode/.local/lib/python3.10/site-packages/airflow/example_dags/example_branch_day_of_week_operator.py
[2025-01-19T03:34:44.269+0000] {logging_mixin.py:190} INFO - [2025-01-19T03:34:44.269+0000] {dag.py:3239} INFO - Sync 1 DAGs
[2025-01-19T03:34:44.284+0000] {logging_mixin.py:190} INFO - [2025-01-19T03:34:44.284+0000] {dag.py:4180} INFO - Setting next_dagrun for example_weekday_branch_operator to 2025-01-18 00:00:00+00:00, run_after=2025-01-19 00:00:00+00:00
[2025-01-19T03:34:44.299+0000] {processor.py:208} INFO - Processing /home/vscode/.local/lib/python3.10/site-packages/airflow/example_dags/example_branch_day_of_week_operator.py took 0.055 seconds
[2025-01-19T03:35:59.625+0000] {processor.py:186} INFO - Started process (PID=12141) to work on /home/vscode/.local/lib/python3.10/site-packages/airflow/example_dags/example_branch_day_of_week_operator.py
[2025-01-19T03:35:59.625+0000] {processor.py:914} INFO - Processing file /home/vscode/.local/lib/python3.10/site-packages/airflow/example_dags/example_branch_day_of_week_operator.py for tasks to queue
[2025-01-19T03:35:59.627+0000] {logging_mixin.py:190} INFO - [2025-01-19T03:35:59.627+0000] {dagbag.py:588} INFO - Filling up the DagBag from /home/vscode/.local/lib/python3.10/site-packages/airflow/example_dags/example_branch_day_of_week_operator.py
[2025-01-19T03:35:59.635+0000] {processor.py:925} INFO - DAG(s) 'example_weekday_branch_operator' retrieved from /home/vscode/.local/lib/python3.10/site-packages/airflow/example_dags/example_branch_day_of_week_operator.py
[2025-01-19T03:35:59.647+0000] {logging_mixin.py:190} INFO - [2025-01-19T03:35:59.647+0000] {dag.py:3239} INFO - Sync 1 DAGs
[2025-01-19T03:35:59.663+0000] {logging_mixin.py:190} INFO - [2025-01-19T03:35:59.662+0000] {dag.py:4180} INFO - Setting next_dagrun for example_weekday_branch_operator to 2025-01-18 00:00:00+00:00, run_after=2025-01-19 00:00:00+00:00
[2025-01-19T03:35:59.677+0000] {processor.py:208} INFO - Processing /home/vscode/.local/lib/python3.10/site-packages/airflow/example_dags/example_branch_day_of_week_operator.py took 0.057 seconds
[2025-01-19T03:37:13.139+0000] {processor.py:186} INFO - Started process (PID=12637) to work on /home/vscode/.local/lib/python3.10/site-packages/airflow/example_dags/example_branch_day_of_week_operator.py
[2025-01-19T03:37:13.139+0000] {processor.py:914} INFO - Processing file /home/vscode/.local/lib/python3.10/site-packages/airflow/example_dags/example_branch_day_of_week_operator.py for tasks to queue
[2025-01-19T03:37:13.141+0000] {logging_mixin.py:190} INFO - [2025-01-19T03:37:13.141+0000] {dagbag.py:588} INFO - Filling up the DagBag from /home/vscode/.local/lib/python3.10/site-packages/airflow/example_dags/example_branch_day_of_week_operator.py
[2025-01-19T03:37:13.149+0000] {processor.py:925} INFO - DAG(s) 'example_weekday_branch_operator' retrieved from /home/vscode/.local/lib/python3.10/site-packages/airflow/example_dags/example_branch_day_of_week_operator.py
[2025-01-19T03:37:13.160+0000] {logging_mixin.py:190} INFO - [2025-01-19T03:37:13.160+0000] {dag.py:3239} INFO - Sync 1 DAGs
[2025-01-19T03:37:13.181+0000] {logging_mixin.py:190} INFO - [2025-01-19T03:37:13.180+0000] {dag.py:4180} INFO - Setting next_dagrun for example_weekday_branch_operator to 2025-01-18 00:00:00+00:00, run_after=2025-01-19 00:00:00+00:00
[2025-01-19T03:37:13.194+0000] {processor.py:208} INFO - Processing /home/vscode/.local/lib/python3.10/site-packages/airflow/example_dags/example_branch_day_of_week_operator.py took 0.060 seconds
[2025-01-19T03:38:30.266+0000] {processor.py:186} INFO - Started process (PID=13151) to work on /home/vscode/.local/lib/python3.10/site-packages/airflow/example_dags/example_branch_day_of_week_operator.py
[2025-01-19T03:38:30.267+0000] {processor.py:914} INFO - Processing file /home/vscode/.local/lib/python3.10/site-packages/airflow/example_dags/example_branch_day_of_week_operator.py for tasks to queue
[2025-01-19T03:38:30.268+0000] {logging_mixin.py:190} INFO - [2025-01-19T03:38:30.268+0000] {dagbag.py:588} INFO - Filling up the DagBag from /home/vscode/.local/lib/python3.10/site-packages/airflow/example_dags/example_branch_day_of_week_operator.py
[2025-01-19T03:38:30.276+0000] {processor.py:925} INFO - DAG(s) 'example_weekday_branch_operator' retrieved from /home/vscode/.local/lib/python3.10/site-packages/airflow/example_dags/example_branch_day_of_week_operator.py
[2025-01-19T03:38:30.289+0000] {logging_mixin.py:190} INFO - [2025-01-19T03:38:30.288+0000] {dag.py:3239} INFO - Sync 1 DAGs
[2025-01-19T03:38:30.304+0000] {logging_mixin.py:190} INFO - [2025-01-19T03:38:30.304+0000] {dag.py:4180} INFO - Setting next_dagrun for example_weekday_branch_operator to 2025-01-18 00:00:00+00:00, run_after=2025-01-19 00:00:00+00:00
[2025-01-19T03:38:30.318+0000] {processor.py:208} INFO - Processing /home/vscode/.local/lib/python3.10/site-packages/airflow/example_dags/example_branch_day_of_week_operator.py took 0.057 seconds
[2025-01-19T03:39:44.453+0000] {processor.py:186} INFO - Started process (PID=13663) to work on /home/vscode/.local/lib/python3.10/site-packages/airflow/example_dags/example_branch_day_of_week_operator.py
[2025-01-19T03:39:44.453+0000] {processor.py:914} INFO - Processing file /home/vscode/.local/lib/python3.10/site-packages/airflow/example_dags/example_branch_day_of_week_operator.py for tasks to queue
[2025-01-19T03:39:44.455+0000] {logging_mixin.py:190} INFO - [2025-01-19T03:39:44.455+0000] {dagbag.py:588} INFO - Filling up the DagBag from /home/vscode/.local/lib/python3.10/site-packages/airflow/example_dags/example_branch_day_of_week_operator.py
[2025-01-19T03:39:44.463+0000] {processor.py:925} INFO - DAG(s) 'example_weekday_branch_operator' retrieved from /home/vscode/.local/lib/python3.10/site-packages/airflow/example_dags/example_branch_day_of_week_operator.py
[2025-01-19T03:39:44.475+0000] {logging_mixin.py:190} INFO - [2025-01-19T03:39:44.475+0000] {dag.py:3239} INFO - Sync 1 DAGs
[2025-01-19T03:39:44.492+0000] {logging_mixin.py:190} INFO - [2025-01-19T03:39:44.491+0000] {dag.py:4180} INFO - Setting next_dagrun for example_weekday_branch_operator to 2025-01-18 00:00:00+00:00, run_after=2025-01-19 00:00:00+00:00
[2025-01-19T03:39:44.510+0000] {processor.py:208} INFO - Processing /home/vscode/.local/lib/python3.10/site-packages/airflow/example_dags/example_branch_day_of_week_operator.py took 0.062 seconds
[2025-01-19T03:41:00.134+0000] {processor.py:186} INFO - Started process (PID=14173) to work on /home/vscode/.local/lib/python3.10/site-packages/airflow/example_dags/example_branch_day_of_week_operator.py
[2025-01-19T03:41:00.135+0000] {processor.py:914} INFO - Processing file /home/vscode/.local/lib/python3.10/site-packages/airflow/example_dags/example_branch_day_of_week_operator.py for tasks to queue
[2025-01-19T03:41:00.137+0000] {logging_mixin.py:190} INFO - [2025-01-19T03:41:00.137+0000] {dagbag.py:588} INFO - Filling up the DagBag from /home/vscode/.local/lib/python3.10/site-packages/airflow/example_dags/example_branch_day_of_week_operator.py
[2025-01-19T03:41:00.145+0000] {processor.py:925} INFO - DAG(s) 'example_weekday_branch_operator' retrieved from /home/vscode/.local/lib/python3.10/site-packages/airflow/example_dags/example_branch_day_of_week_operator.py
[2025-01-19T03:41:00.161+0000] {logging_mixin.py:190} INFO - [2025-01-19T03:41:00.161+0000] {dag.py:3239} INFO - Sync 1 DAGs
[2025-01-19T03:41:00.178+0000] {logging_mixin.py:190} INFO - [2025-01-19T03:41:00.177+0000] {dag.py:4180} INFO - Setting next_dagrun for example_weekday_branch_operator to 2025-01-18 00:00:00+00:00, run_after=2025-01-19 00:00:00+00:00
[2025-01-19T03:41:00.193+0000] {processor.py:208} INFO - Processing /home/vscode/.local/lib/python3.10/site-packages/airflow/example_dags/example_branch_day_of_week_operator.py took 0.063 seconds
[2025-01-19T03:42:16.956+0000] {processor.py:186} INFO - Started process (PID=14687) to work on /home/vscode/.local/lib/python3.10/site-packages/airflow/example_dags/example_branch_day_of_week_operator.py
[2025-01-19T03:42:16.957+0000] {processor.py:914} INFO - Processing file /home/vscode/.local/lib/python3.10/site-packages/airflow/example_dags/example_branch_day_of_week_operator.py for tasks to queue
[2025-01-19T03:42:16.958+0000] {logging_mixin.py:190} INFO - [2025-01-19T03:42:16.958+0000] {dagbag.py:588} INFO - Filling up the DagBag from /home/vscode/.local/lib/python3.10/site-packages/airflow/example_dags/example_branch_day_of_week_operator.py
[2025-01-19T03:42:16.966+0000] {processor.py:925} INFO - DAG(s) 'example_weekday_branch_operator' retrieved from /home/vscode/.local/lib/python3.10/site-packages/airflow/example_dags/example_branch_day_of_week_operator.py
[2025-01-19T03:42:16.979+0000] {logging_mixin.py:190} INFO - [2025-01-19T03:42:16.978+0000] {dag.py:3239} INFO - Sync 1 DAGs
[2025-01-19T03:42:16.998+0000] {logging_mixin.py:190} INFO - [2025-01-19T03:42:16.997+0000] {dag.py:4180} INFO - Setting next_dagrun for example_weekday_branch_operator to 2025-01-18 00:00:00+00:00, run_after=2025-01-19 00:00:00+00:00
[2025-01-19T03:42:17.021+0000] {processor.py:208} INFO - Processing /home/vscode/.local/lib/python3.10/site-packages/airflow/example_dags/example_branch_day_of_week_operator.py took 0.069 seconds
[2025-01-19T03:43:32.252+0000] {processor.py:186} INFO - Started process (PID=15195) to work on /home/vscode/.local/lib/python3.10/site-packages/airflow/example_dags/example_branch_day_of_week_operator.py
[2025-01-19T03:43:32.253+0000] {processor.py:914} INFO - Processing file /home/vscode/.local/lib/python3.10/site-packages/airflow/example_dags/example_branch_day_of_week_operator.py for tasks to queue
[2025-01-19T03:43:32.254+0000] {logging_mixin.py:190} INFO - [2025-01-19T03:43:32.254+0000] {dagbag.py:588} INFO - Filling up the DagBag from /home/vscode/.local/lib/python3.10/site-packages/airflow/example_dags/example_branch_day_of_week_operator.py
[2025-01-19T03:43:32.262+0000] {processor.py:925} INFO - DAG(s) 'example_weekday_branch_operator' retrieved from /home/vscode/.local/lib/python3.10/site-packages/airflow/example_dags/example_branch_day_of_week_operator.py
[2025-01-19T03:43:32.274+0000] {logging_mixin.py:190} INFO - [2025-01-19T03:43:32.274+0000] {dag.py:3239} INFO - Sync 1 DAGs
[2025-01-19T03:43:32.289+0000] {logging_mixin.py:190} INFO - [2025-01-19T03:43:32.289+0000] {dag.py:4180} INFO - Setting next_dagrun for example_weekday_branch_operator to 2025-01-18 00:00:00+00:00, run_after=2025-01-19 00:00:00+00:00
[2025-01-19T03:43:32.304+0000] {processor.py:208} INFO - Processing /home/vscode/.local/lib/python3.10/site-packages/airflow/example_dags/example_branch_day_of_week_operator.py took 0.057 seconds
[2025-01-19T03:44:28.652+0000] {processor.py:186} INFO - Started process (PID=15575) to work on /home/vscode/.local/lib/python3.10/site-packages/airflow/example_dags/example_branch_day_of_week_operator.py
[2025-01-19T03:44:28.653+0000] {processor.py:914} INFO - Processing file /home/vscode/.local/lib/python3.10/site-packages/airflow/example_dags/example_branch_day_of_week_operator.py for tasks to queue
[2025-01-19T03:44:28.655+0000] {logging_mixin.py:190} INFO - [2025-01-19T03:44:28.654+0000] {dagbag.py:588} INFO - Filling up the DagBag from /home/vscode/.local/lib/python3.10/site-packages/airflow/example_dags/example_branch_day_of_week_operator.py
[2025-01-19T03:44:28.663+0000] {processor.py:925} INFO - DAG(s) 'example_weekday_branch_operator' retrieved from /home/vscode/.local/lib/python3.10/site-packages/airflow/example_dags/example_branch_day_of_week_operator.py
[2025-01-19T03:44:28.675+0000] {logging_mixin.py:190} INFO - [2025-01-19T03:44:28.675+0000] {dag.py:3239} INFO - Sync 1 DAGs
[2025-01-19T03:44:28.690+0000] {logging_mixin.py:190} INFO - [2025-01-19T03:44:28.690+0000] {dag.py:4180} INFO - Setting next_dagrun for example_weekday_branch_operator to 2025-01-18 00:00:00+00:00, run_after=2025-01-19 00:00:00+00:00
[2025-01-19T03:44:28.705+0000] {processor.py:208} INFO - Processing /home/vscode/.local/lib/python3.10/site-packages/airflow/example_dags/example_branch_day_of_week_operator.py took 0.057 seconds
[2025-01-19T03:45:45.667+0000] {processor.py:186} INFO - Started process (PID=16096) to work on /home/vscode/.local/lib/python3.10/site-packages/airflow/example_dags/example_branch_day_of_week_operator.py
[2025-01-19T03:45:45.668+0000] {processor.py:914} INFO - Processing file /home/vscode/.local/lib/python3.10/site-packages/airflow/example_dags/example_branch_day_of_week_operator.py for tasks to queue
[2025-01-19T03:45:45.670+0000] {logging_mixin.py:190} INFO - [2025-01-19T03:45:45.669+0000] {dagbag.py:588} INFO - Filling up the DagBag from /home/vscode/.local/lib/python3.10/site-packages/airflow/example_dags/example_branch_day_of_week_operator.py
[2025-01-19T03:45:45.677+0000] {processor.py:925} INFO - DAG(s) 'example_weekday_branch_operator' retrieved from /home/vscode/.local/lib/python3.10/site-packages/airflow/example_dags/example_branch_day_of_week_operator.py
[2025-01-19T03:45:45.689+0000] {logging_mixin.py:190} INFO - [2025-01-19T03:45:45.689+0000] {dag.py:3239} INFO - Sync 1 DAGs
[2025-01-19T03:45:45.705+0000] {logging_mixin.py:190} INFO - [2025-01-19T03:45:45.705+0000] {dag.py:4180} INFO - Setting next_dagrun for example_weekday_branch_operator to 2025-01-18 00:00:00+00:00, run_after=2025-01-19 00:00:00+00:00
[2025-01-19T03:45:45.719+0000] {processor.py:208} INFO - Processing /home/vscode/.local/lib/python3.10/site-packages/airflow/example_dags/example_branch_day_of_week_operator.py took 0.056 seconds
[2025-01-19T03:47:03.085+0000] {processor.py:186} INFO - Started process (PID=16616) to work on /home/vscode/.local/lib/python3.10/site-packages/airflow/example_dags/example_branch_day_of_week_operator.py
[2025-01-19T03:47:03.086+0000] {processor.py:914} INFO - Processing file /home/vscode/.local/lib/python3.10/site-packages/airflow/example_dags/example_branch_day_of_week_operator.py for tasks to queue
[2025-01-19T03:47:03.088+0000] {logging_mixin.py:190} INFO - [2025-01-19T03:47:03.087+0000] {dagbag.py:588} INFO - Filling up the DagBag from /home/vscode/.local/lib/python3.10/site-packages/airflow/example_dags/example_branch_day_of_week_operator.py
[2025-01-19T03:47:03.096+0000] {processor.py:925} INFO - DAG(s) 'example_weekday_branch_operator' retrieved from /home/vscode/.local/lib/python3.10/site-packages/airflow/example_dags/example_branch_day_of_week_operator.py
[2025-01-19T03:47:03.108+0000] {logging_mixin.py:190} INFO - [2025-01-19T03:47:03.108+0000] {dag.py:3239} INFO - Sync 1 DAGs
[2025-01-19T03:47:03.123+0000] {logging_mixin.py:190} INFO - [2025-01-19T03:47:03.123+0000] {dag.py:4180} INFO - Setting next_dagrun for example_weekday_branch_operator to 2025-01-18 00:00:00+00:00, run_after=2025-01-19 00:00:00+00:00
[2025-01-19T03:47:03.137+0000] {processor.py:208} INFO - Processing /home/vscode/.local/lib/python3.10/site-packages/airflow/example_dags/example_branch_day_of_week_operator.py took 0.056 seconds
[2025-01-19T03:48:18.821+0000] {processor.py:186} INFO - Started process (PID=17139) to work on /home/vscode/.local/lib/python3.10/site-packages/airflow/example_dags/example_branch_day_of_week_operator.py
[2025-01-19T03:48:18.821+0000] {processor.py:914} INFO - Processing file /home/vscode/.local/lib/python3.10/site-packages/airflow/example_dags/example_branch_day_of_week_operator.py for tasks to queue
[2025-01-19T03:48:18.823+0000] {logging_mixin.py:190} INFO - [2025-01-19T03:48:18.823+0000] {dagbag.py:588} INFO - Filling up the DagBag from /home/vscode/.local/lib/python3.10/site-packages/airflow/example_dags/example_branch_day_of_week_operator.py
[2025-01-19T03:48:18.831+0000] {processor.py:925} INFO - DAG(s) 'example_weekday_branch_operator' retrieved from /home/vscode/.local/lib/python3.10/site-packages/airflow/example_dags/example_branch_day_of_week_operator.py
[2025-01-19T03:48:18.843+0000] {logging_mixin.py:190} INFO - [2025-01-19T03:48:18.842+0000] {dag.py:3239} INFO - Sync 1 DAGs
[2025-01-19T03:48:18.860+0000] {logging_mixin.py:190} INFO - [2025-01-19T03:48:18.859+0000] {dag.py:4180} INFO - Setting next_dagrun for example_weekday_branch_operator to 2025-01-18 00:00:00+00:00, run_after=2025-01-19 00:00:00+00:00
[2025-01-19T03:48:18.874+0000] {processor.py:208} INFO - Processing /home/vscode/.local/lib/python3.10/site-packages/airflow/example_dags/example_branch_day_of_week_operator.py took 0.058 seconds
[2025-01-19T03:49:35.646+0000] {processor.py:186} INFO - Started process (PID=17783) to work on /home/vscode/.local/lib/python3.10/site-packages/airflow/example_dags/example_branch_day_of_week_operator.py
[2025-01-19T03:49:35.647+0000] {processor.py:914} INFO - Processing file /home/vscode/.local/lib/python3.10/site-packages/airflow/example_dags/example_branch_day_of_week_operator.py for tasks to queue
[2025-01-19T03:49:35.648+0000] {logging_mixin.py:190} INFO - [2025-01-19T03:49:35.648+0000] {dagbag.py:588} INFO - Filling up the DagBag from /home/vscode/.local/lib/python3.10/site-packages/airflow/example_dags/example_branch_day_of_week_operator.py
[2025-01-19T03:49:35.656+0000] {processor.py:925} INFO - DAG(s) 'example_weekday_branch_operator' retrieved from /home/vscode/.local/lib/python3.10/site-packages/airflow/example_dags/example_branch_day_of_week_operator.py
[2025-01-19T03:49:35.668+0000] {logging_mixin.py:190} INFO - [2025-01-19T03:49:35.668+0000] {dag.py:3239} INFO - Sync 1 DAGs
[2025-01-19T03:49:35.683+0000] {logging_mixin.py:190} INFO - [2025-01-19T03:49:35.683+0000] {dag.py:4180} INFO - Setting next_dagrun for example_weekday_branch_operator to 2025-01-18 00:00:00+00:00, run_after=2025-01-19 00:00:00+00:00
[2025-01-19T03:49:35.700+0000] {processor.py:208} INFO - Processing /home/vscode/.local/lib/python3.10/site-packages/airflow/example_dags/example_branch_day_of_week_operator.py took 0.059 seconds
[2025-01-19T03:50:50.199+0000] {processor.py:186} INFO - Started process (PID=18360) to work on /home/vscode/.local/lib/python3.10/site-packages/airflow/example_dags/example_branch_day_of_week_operator.py
[2025-01-19T03:50:50.200+0000] {processor.py:914} INFO - Processing file /home/vscode/.local/lib/python3.10/site-packages/airflow/example_dags/example_branch_day_of_week_operator.py for tasks to queue
[2025-01-19T03:50:50.201+0000] {logging_mixin.py:190} INFO - [2025-01-19T03:50:50.201+0000] {dagbag.py:588} INFO - Filling up the DagBag from /home/vscode/.local/lib/python3.10/site-packages/airflow/example_dags/example_branch_day_of_week_operator.py
[2025-01-19T03:50:50.209+0000] {processor.py:925} INFO - DAG(s) 'example_weekday_branch_operator' retrieved from /home/vscode/.local/lib/python3.10/site-packages/airflow/example_dags/example_branch_day_of_week_operator.py
[2025-01-19T03:50:50.222+0000] {logging_mixin.py:190} INFO - [2025-01-19T03:50:50.222+0000] {dag.py:3239} INFO - Sync 1 DAGs
[2025-01-19T03:50:50.237+0000] {logging_mixin.py:190} INFO - [2025-01-19T03:50:50.237+0000] {dag.py:4180} INFO - Setting next_dagrun for example_weekday_branch_operator to 2025-01-18 00:00:00+00:00, run_after=2025-01-19 00:00:00+00:00
[2025-01-19T03:50:50.251+0000] {processor.py:208} INFO - Processing /home/vscode/.local/lib/python3.10/site-packages/airflow/example_dags/example_branch_day_of_week_operator.py took 0.057 seconds
[2025-01-19T03:55:39.595+0000] {processor.py:186} INFO - Started process (PID=20414) to work on /home/vscode/.local/lib/python3.10/site-packages/airflow/example_dags/example_branch_day_of_week_operator.py
[2025-01-19T03:55:39.595+0000] {processor.py:914} INFO - Processing file /home/vscode/.local/lib/python3.10/site-packages/airflow/example_dags/example_branch_day_of_week_operator.py for tasks to queue
[2025-01-19T03:55:39.597+0000] {logging_mixin.py:190} INFO - [2025-01-19T03:55:39.596+0000] {dagbag.py:588} INFO - Filling up the DagBag from /home/vscode/.local/lib/python3.10/site-packages/airflow/example_dags/example_branch_day_of_week_operator.py
[2025-01-19T03:55:39.604+0000] {processor.py:925} INFO - DAG(s) 'example_weekday_branch_operator' retrieved from /home/vscode/.local/lib/python3.10/site-packages/airflow/example_dags/example_branch_day_of_week_operator.py
[2025-01-19T03:55:39.616+0000] {logging_mixin.py:190} INFO - [2025-01-19T03:55:39.616+0000] {dag.py:3239} INFO - Sync 1 DAGs
[2025-01-19T03:55:39.632+0000] {logging_mixin.py:190} INFO - [2025-01-19T03:55:39.632+0000] {dag.py:4180} INFO - Setting next_dagrun for example_weekday_branch_operator to 2025-01-18 00:00:00+00:00, run_after=2025-01-19 00:00:00+00:00
[2025-01-19T03:55:39.646+0000] {processor.py:208} INFO - Processing /home/vscode/.local/lib/python3.10/site-packages/airflow/example_dags/example_branch_day_of_week_operator.py took 0.056 seconds
[2025-01-19T03:56:35.040+0000] {processor.py:186} INFO - Started process (PID=20785) to work on /home/vscode/.local/lib/python3.10/site-packages/airflow/example_dags/example_branch_day_of_week_operator.py
[2025-01-19T03:56:35.040+0000] {processor.py:914} INFO - Processing file /home/vscode/.local/lib/python3.10/site-packages/airflow/example_dags/example_branch_day_of_week_operator.py for tasks to queue
[2025-01-19T03:56:35.042+0000] {logging_mixin.py:190} INFO - [2025-01-19T03:56:35.042+0000] {dagbag.py:588} INFO - Filling up the DagBag from /home/vscode/.local/lib/python3.10/site-packages/airflow/example_dags/example_branch_day_of_week_operator.py
[2025-01-19T03:56:35.050+0000] {processor.py:925} INFO - DAG(s) 'example_weekday_branch_operator' retrieved from /home/vscode/.local/lib/python3.10/site-packages/airflow/example_dags/example_branch_day_of_week_operator.py
[2025-01-19T03:56:35.062+0000] {logging_mixin.py:190} INFO - [2025-01-19T03:56:35.062+0000] {dag.py:3239} INFO - Sync 1 DAGs
[2025-01-19T03:56:35.077+0000] {logging_mixin.py:190} INFO - [2025-01-19T03:56:35.077+0000] {dag.py:4180} INFO - Setting next_dagrun for example_weekday_branch_operator to 2025-01-18 00:00:00+00:00, run_after=2025-01-19 00:00:00+00:00
[2025-01-19T03:56:35.094+0000] {processor.py:208} INFO - Processing /home/vscode/.local/lib/python3.10/site-packages/airflow/example_dags/example_branch_day_of_week_operator.py took 0.058 seconds
[2025-01-19T03:57:51.701+0000] {processor.py:186} INFO - Started process (PID=21313) to work on /home/vscode/.local/lib/python3.10/site-packages/airflow/example_dags/example_branch_day_of_week_operator.py
[2025-01-19T03:57:51.702+0000] {processor.py:914} INFO - Processing file /home/vscode/.local/lib/python3.10/site-packages/airflow/example_dags/example_branch_day_of_week_operator.py for tasks to queue
[2025-01-19T03:57:51.703+0000] {logging_mixin.py:190} INFO - [2025-01-19T03:57:51.703+0000] {dagbag.py:588} INFO - Filling up the DagBag from /home/vscode/.local/lib/python3.10/site-packages/airflow/example_dags/example_branch_day_of_week_operator.py
[2025-01-19T03:57:51.711+0000] {processor.py:925} INFO - DAG(s) 'example_weekday_branch_operator' retrieved from /home/vscode/.local/lib/python3.10/site-packages/airflow/example_dags/example_branch_day_of_week_operator.py
[2025-01-19T03:57:51.723+0000] {logging_mixin.py:190} INFO - [2025-01-19T03:57:51.723+0000] {dag.py:3239} INFO - Sync 1 DAGs
[2025-01-19T03:57:51.739+0000] {logging_mixin.py:190} INFO - [2025-01-19T03:57:51.739+0000] {dag.py:4180} INFO - Setting next_dagrun for example_weekday_branch_operator to 2025-01-18 00:00:00+00:00, run_after=2025-01-19 00:00:00+00:00
[2025-01-19T03:57:51.755+0000] {processor.py:208} INFO - Processing /home/vscode/.local/lib/python3.10/site-packages/airflow/example_dags/example_branch_day_of_week_operator.py took 0.058 seconds
[2025-01-19T03:59:08.075+0000] {processor.py:186} INFO - Started process (PID=21825) to work on /home/vscode/.local/lib/python3.10/site-packages/airflow/example_dags/example_branch_day_of_week_operator.py
[2025-01-19T03:59:08.076+0000] {processor.py:914} INFO - Processing file /home/vscode/.local/lib/python3.10/site-packages/airflow/example_dags/example_branch_day_of_week_operator.py for tasks to queue
[2025-01-19T03:59:08.078+0000] {logging_mixin.py:190} INFO - [2025-01-19T03:59:08.077+0000] {dagbag.py:588} INFO - Filling up the DagBag from /home/vscode/.local/lib/python3.10/site-packages/airflow/example_dags/example_branch_day_of_week_operator.py
[2025-01-19T03:59:08.086+0000] {processor.py:925} INFO - DAG(s) 'example_weekday_branch_operator' retrieved from /home/vscode/.local/lib/python3.10/site-packages/airflow/example_dags/example_branch_day_of_week_operator.py
[2025-01-19T03:59:08.098+0000] {logging_mixin.py:190} INFO - [2025-01-19T03:59:08.098+0000] {dag.py:3239} INFO - Sync 1 DAGs
[2025-01-19T03:59:08.114+0000] {logging_mixin.py:190} INFO - [2025-01-19T03:59:08.114+0000] {dag.py:4180} INFO - Setting next_dagrun for example_weekday_branch_operator to 2025-01-18 00:00:00+00:00, run_after=2025-01-19 00:00:00+00:00
[2025-01-19T03:59:08.128+0000] {processor.py:208} INFO - Processing /home/vscode/.local/lib/python3.10/site-packages/airflow/example_dags/example_branch_day_of_week_operator.py took 0.057 seconds
[2025-01-19T04:00:26.046+0000] {processor.py:186} INFO - Started process (PID=22358) to work on /home/vscode/.local/lib/python3.10/site-packages/airflow/example_dags/example_branch_day_of_week_operator.py
[2025-01-19T04:00:26.046+0000] {processor.py:914} INFO - Processing file /home/vscode/.local/lib/python3.10/site-packages/airflow/example_dags/example_branch_day_of_week_operator.py for tasks to queue
[2025-01-19T04:00:26.048+0000] {logging_mixin.py:190} INFO - [2025-01-19T04:00:26.048+0000] {dagbag.py:588} INFO - Filling up the DagBag from /home/vscode/.local/lib/python3.10/site-packages/airflow/example_dags/example_branch_day_of_week_operator.py
[2025-01-19T04:00:26.060+0000] {processor.py:925} INFO - DAG(s) 'example_weekday_branch_operator' retrieved from /home/vscode/.local/lib/python3.10/site-packages/airflow/example_dags/example_branch_day_of_week_operator.py
[2025-01-19T04:00:26.080+0000] {logging_mixin.py:190} INFO - [2025-01-19T04:00:26.079+0000] {dag.py:3239} INFO - Sync 1 DAGs
[2025-01-19T04:00:26.104+0000] {logging_mixin.py:190} INFO - [2025-01-19T04:00:26.103+0000] {dag.py:4180} INFO - Setting next_dagrun for example_weekday_branch_operator to 2025-01-18 00:00:00+00:00, run_after=2025-01-19 00:00:00+00:00
[2025-01-19T04:00:26.120+0000] {processor.py:208} INFO - Processing /home/vscode/.local/lib/python3.10/site-packages/airflow/example_dags/example_branch_day_of_week_operator.py took 0.079 seconds
[2025-01-19T04:01:42.235+0000] {processor.py:186} INFO - Started process (PID=22875) to work on /home/vscode/.local/lib/python3.10/site-packages/airflow/example_dags/example_branch_day_of_week_operator.py
[2025-01-19T04:01:42.236+0000] {processor.py:914} INFO - Processing file /home/vscode/.local/lib/python3.10/site-packages/airflow/example_dags/example_branch_day_of_week_operator.py for tasks to queue
[2025-01-19T04:01:42.238+0000] {logging_mixin.py:190} INFO - [2025-01-19T04:01:42.237+0000] {dagbag.py:588} INFO - Filling up the DagBag from /home/vscode/.local/lib/python3.10/site-packages/airflow/example_dags/example_branch_day_of_week_operator.py
[2025-01-19T04:01:42.246+0000] {processor.py:925} INFO - DAG(s) 'example_weekday_branch_operator' retrieved from /home/vscode/.local/lib/python3.10/site-packages/airflow/example_dags/example_branch_day_of_week_operator.py
[2025-01-19T04:01:42.258+0000] {logging_mixin.py:190} INFO - [2025-01-19T04:01:42.258+0000] {dag.py:3239} INFO - Sync 1 DAGs
[2025-01-19T04:01:42.273+0000] {logging_mixin.py:190} INFO - [2025-01-19T04:01:42.273+0000] {dag.py:4180} INFO - Setting next_dagrun for example_weekday_branch_operator to 2025-01-18 00:00:00+00:00, run_after=2025-01-19 00:00:00+00:00
[2025-01-19T04:01:42.288+0000] {processor.py:208} INFO - Processing /home/vscode/.local/lib/python3.10/site-packages/airflow/example_dags/example_branch_day_of_week_operator.py took 0.057 seconds
[2025-01-19T04:02:57.913+0000] {processor.py:186} INFO - Started process (PID=23513) to work on /home/vscode/.local/lib/python3.10/site-packages/airflow/example_dags/example_branch_day_of_week_operator.py
[2025-01-19T04:02:57.937+0000] {processor.py:914} INFO - Processing file /home/vscode/.local/lib/python3.10/site-packages/airflow/example_dags/example_branch_day_of_week_operator.py for tasks to queue
[2025-01-19T04:02:57.942+0000] {logging_mixin.py:190} INFO - [2025-01-19T04:02:57.941+0000] {dagbag.py:588} INFO - Filling up the DagBag from /home/vscode/.local/lib/python3.10/site-packages/airflow/example_dags/example_branch_day_of_week_operator.py
[2025-01-19T04:02:57.975+0000] {processor.py:925} INFO - DAG(s) 'example_weekday_branch_operator' retrieved from /home/vscode/.local/lib/python3.10/site-packages/airflow/example_dags/example_branch_day_of_week_operator.py
[2025-01-19T04:02:58.043+0000] {logging_mixin.py:190} INFO - [2025-01-19T04:02:58.043+0000] {dag.py:3239} INFO - Sync 1 DAGs
[2025-01-19T04:02:58.084+0000] {logging_mixin.py:190} INFO - [2025-01-19T04:02:58.084+0000] {dag.py:4180} INFO - Setting next_dagrun for example_weekday_branch_operator to 2025-01-18 00:00:00+00:00, run_after=2025-01-19 00:00:00+00:00
[2025-01-19T04:02:58.142+0000] {processor.py:208} INFO - Processing /home/vscode/.local/lib/python3.10/site-packages/airflow/example_dags/example_branch_day_of_week_operator.py took 0.235 seconds
