[2025-01-19T03:20:59.404+0000] {processor.py:186} INFO - Started process (PID=5099) to work on /home/vscode/.local/lib/python3.10/site-packages/airflow/example_dags/example_dataset_alias.py
[2025-01-19T03:20:59.405+0000] {processor.py:914} INFO - Processing file /home/vscode/.local/lib/python3.10/site-packages/airflow/example_dags/example_dataset_alias.py for tasks to queue
[2025-01-19T03:20:59.406+0000] {logging_mixin.py:190} INFO - [2025-01-19T03:20:59.406+0000] {dagbag.py:588} INFO - Filling up the DagBag from /home/vscode/.local/lib/python3.10/site-packages/airflow/example_dags/example_dataset_alias.py
[2025-01-19T03:20:59.421+0000] {processor.py:925} INFO - DAG(s) 'dataset_s3_bucket_producer', 'dataset_alias_example_alias_consumer', 'dataset_alias_example_alias_producer', 'dataset_s3_bucket_consumer' retrieved from /home/vscode/.local/lib/python3.10/site-packages/airflow/example_dags/example_dataset_alias.py
[2025-01-19T03:20:59.494+0000] {logging_mixin.py:190} INFO - [2025-01-19T03:20:59.493+0000] {override.py:1911} INFO - Created Permission View: can read on DAG:dataset_s3_bucket_producer
[2025-01-19T03:20:59.502+0000] {logging_mixin.py:190} INFO - [2025-01-19T03:20:59.502+0000] {override.py:1911} INFO - Created Permission View: can edit on DAG:dataset_s3_bucket_producer
[2025-01-19T03:20:59.509+0000] {logging_mixin.py:190} INFO - [2025-01-19T03:20:59.508+0000] {override.py:1911} INFO - Created Permission View: can delete on DAG:dataset_s3_bucket_producer
[2025-01-19T03:20:59.518+0000] {logging_mixin.py:190} INFO - [2025-01-19T03:20:59.517+0000] {override.py:1911} INFO - Created Permission View: menu access on DAG Run:dataset_s3_bucket_producer
[2025-01-19T03:20:59.524+0000] {logging_mixin.py:190} INFO - [2025-01-19T03:20:59.524+0000] {override.py:1911} INFO - Created Permission View: can read on DAG Run:dataset_s3_bucket_producer
[2025-01-19T03:20:59.529+0000] {logging_mixin.py:190} INFO - [2025-01-19T03:20:59.529+0000] {override.py:1911} INFO - Created Permission View: can create on DAG Run:dataset_s3_bucket_producer
[2025-01-19T03:20:59.535+0000] {logging_mixin.py:190} INFO - [2025-01-19T03:20:59.535+0000] {override.py:1911} INFO - Created Permission View: can delete on DAG Run:dataset_s3_bucket_producer
[2025-01-19T03:20:59.549+0000] {logging_mixin.py:190} INFO - [2025-01-19T03:20:59.548+0000] {override.py:1911} INFO - Created Permission View: can read on DAG:dataset_alias_example_alias_consumer
[2025-01-19T03:20:59.555+0000] {logging_mixin.py:190} INFO - [2025-01-19T03:20:59.554+0000] {override.py:1911} INFO - Created Permission View: can edit on DAG:dataset_alias_example_alias_consumer
[2025-01-19T03:20:59.560+0000] {logging_mixin.py:190} INFO - [2025-01-19T03:20:59.560+0000] {override.py:1911} INFO - Created Permission View: can delete on DAG:dataset_alias_example_alias_consumer
[2025-01-19T03:20:59.568+0000] {logging_mixin.py:190} INFO - [2025-01-19T03:20:59.568+0000] {override.py:1911} INFO - Created Permission View: menu access on DAG Run:dataset_alias_example_alias_consumer
[2025-01-19T03:20:59.574+0000] {logging_mixin.py:190} INFO - [2025-01-19T03:20:59.574+0000] {override.py:1911} INFO - Created Permission View: can read on DAG Run:dataset_alias_example_alias_consumer
[2025-01-19T03:20:59.580+0000] {logging_mixin.py:190} INFO - [2025-01-19T03:20:59.580+0000] {override.py:1911} INFO - Created Permission View: can create on DAG Run:dataset_alias_example_alias_consumer
[2025-01-19T03:20:59.587+0000] {logging_mixin.py:190} INFO - [2025-01-19T03:20:59.587+0000] {override.py:1911} INFO - Created Permission View: can delete on DAG Run:dataset_alias_example_alias_consumer
[2025-01-19T03:20:59.604+0000] {logging_mixin.py:190} INFO - [2025-01-19T03:20:59.604+0000] {override.py:1911} INFO - Created Permission View: can read on DAG:dataset_alias_example_alias_producer
[2025-01-19T03:20:59.611+0000] {logging_mixin.py:190} INFO - [2025-01-19T03:20:59.610+0000] {override.py:1911} INFO - Created Permission View: can edit on DAG:dataset_alias_example_alias_producer
[2025-01-19T03:20:59.617+0000] {logging_mixin.py:190} INFO - [2025-01-19T03:20:59.616+0000] {override.py:1911} INFO - Created Permission View: can delete on DAG:dataset_alias_example_alias_producer
[2025-01-19T03:20:59.625+0000] {logging_mixin.py:190} INFO - [2025-01-19T03:20:59.625+0000] {override.py:1911} INFO - Created Permission View: menu access on DAG Run:dataset_alias_example_alias_producer
[2025-01-19T03:20:59.630+0000] {logging_mixin.py:190} INFO - [2025-01-19T03:20:59.630+0000] {override.py:1911} INFO - Created Permission View: can read on DAG Run:dataset_alias_example_alias_producer
[2025-01-19T03:20:59.636+0000] {logging_mixin.py:190} INFO - [2025-01-19T03:20:59.636+0000] {override.py:1911} INFO - Created Permission View: can create on DAG Run:dataset_alias_example_alias_producer
[2025-01-19T03:20:59.642+0000] {logging_mixin.py:190} INFO - [2025-01-19T03:20:59.642+0000] {override.py:1911} INFO - Created Permission View: can delete on DAG Run:dataset_alias_example_alias_producer
[2025-01-19T03:20:59.658+0000] {logging_mixin.py:190} INFO - [2025-01-19T03:20:59.658+0000] {override.py:1911} INFO - Created Permission View: can read on DAG:dataset_s3_bucket_consumer
[2025-01-19T03:20:59.665+0000] {logging_mixin.py:190} INFO - [2025-01-19T03:20:59.664+0000] {override.py:1911} INFO - Created Permission View: can edit on DAG:dataset_s3_bucket_consumer
[2025-01-19T03:20:59.670+0000] {logging_mixin.py:190} INFO - [2025-01-19T03:20:59.670+0000] {override.py:1911} INFO - Created Permission View: can delete on DAG:dataset_s3_bucket_consumer
[2025-01-19T03:20:59.678+0000] {logging_mixin.py:190} INFO - [2025-01-19T03:20:59.678+0000] {override.py:1911} INFO - Created Permission View: menu access on DAG Run:dataset_s3_bucket_consumer
[2025-01-19T03:20:59.684+0000] {logging_mixin.py:190} INFO - [2025-01-19T03:20:59.684+0000] {override.py:1911} INFO - Created Permission View: can read on DAG Run:dataset_s3_bucket_consumer
[2025-01-19T03:20:59.690+0000] {logging_mixin.py:190} INFO - [2025-01-19T03:20:59.690+0000] {override.py:1911} INFO - Created Permission View: can create on DAG Run:dataset_s3_bucket_consumer
[2025-01-19T03:20:59.696+0000] {logging_mixin.py:190} INFO - [2025-01-19T03:20:59.695+0000] {override.py:1911} INFO - Created Permission View: can delete on DAG Run:dataset_s3_bucket_consumer
[2025-01-19T03:20:59.696+0000] {logging_mixin.py:190} INFO - [2025-01-19T03:20:59.696+0000] {dag.py:3239} INFO - Sync 4 DAGs
[2025-01-19T03:20:59.705+0000] {logging_mixin.py:190} INFO - [2025-01-19T03:20:59.705+0000] {dag.py:3262} INFO - Creating ORM DAG for dataset_alias_example_alias_consumer
[2025-01-19T03:20:59.705+0000] {logging_mixin.py:190} INFO - [2025-01-19T03:20:59.705+0000] {dag.py:3262} INFO - Creating ORM DAG for dataset_s3_bucket_consumer
[2025-01-19T03:20:59.706+0000] {logging_mixin.py:190} INFO - [2025-01-19T03:20:59.706+0000] {dag.py:3262} INFO - Creating ORM DAG for dataset_s3_bucket_producer
[2025-01-19T03:20:59.706+0000] {logging_mixin.py:190} INFO - [2025-01-19T03:20:59.706+0000] {dag.py:3262} INFO - Creating ORM DAG for dataset_alias_example_alias_producer
[2025-01-19T03:20:59.712+0000] {logging_mixin.py:190} INFO - [2025-01-19T03:20:59.712+0000] {dag.py:4180} INFO - Setting next_dagrun for dataset_alias_example_alias_consumer to None, run_after=None
[2025-01-19T03:20:59.712+0000] {logging_mixin.py:190} INFO - [2025-01-19T03:20:59.712+0000] {dag.py:4180} INFO - Setting next_dagrun for dataset_alias_example_alias_producer to None, run_after=None
[2025-01-19T03:20:59.713+0000] {logging_mixin.py:190} INFO - [2025-01-19T03:20:59.713+0000] {dag.py:4180} INFO - Setting next_dagrun for dataset_s3_bucket_consumer to None, run_after=None
[2025-01-19T03:20:59.713+0000] {logging_mixin.py:190} INFO - [2025-01-19T03:20:59.713+0000] {dag.py:4180} INFO - Setting next_dagrun for dataset_s3_bucket_producer to None, run_after=None
[2025-01-19T03:20:59.736+0000] {processor.py:208} INFO - Processing /home/vscode/.local/lib/python3.10/site-packages/airflow/example_dags/example_dataset_alias.py took 0.337 seconds
[2025-01-19T03:22:01.446+0000] {processor.py:186} INFO - Started process (PID=5635) to work on /home/vscode/.local/lib/python3.10/site-packages/airflow/example_dags/example_dataset_alias.py
[2025-01-19T03:22:01.447+0000] {processor.py:914} INFO - Processing file /home/vscode/.local/lib/python3.10/site-packages/airflow/example_dags/example_dataset_alias.py for tasks to queue
[2025-01-19T03:22:01.449+0000] {logging_mixin.py:190} INFO - [2025-01-19T03:22:01.448+0000] {dagbag.py:588} INFO - Filling up the DagBag from /home/vscode/.local/lib/python3.10/site-packages/airflow/example_dags/example_dataset_alias.py
[2025-01-19T03:22:01.466+0000] {processor.py:925} INFO - DAG(s) 'dataset_alias_example_alias_consumer', 'dataset_s3_bucket_producer', 'dataset_alias_example_alias_producer', 'dataset_s3_bucket_consumer' retrieved from /home/vscode/.local/lib/python3.10/site-packages/airflow/example_dags/example_dataset_alias.py
[2025-01-19T03:22:01.482+0000] {logging_mixin.py:190} INFO - [2025-01-19T03:22:01.482+0000] {dag.py:3239} INFO - Sync 4 DAGs
[2025-01-19T03:22:01.497+0000] {logging_mixin.py:190} INFO - [2025-01-19T03:22:01.496+0000] {dag.py:4180} INFO - Setting next_dagrun for dataset_alias_example_alias_consumer to None, run_after=None
[2025-01-19T03:22:01.498+0000] {logging_mixin.py:190} INFO - [2025-01-19T03:22:01.498+0000] {dag.py:4180} INFO - Setting next_dagrun for dataset_alias_example_alias_producer to None, run_after=None
[2025-01-19T03:22:01.499+0000] {logging_mixin.py:190} INFO - [2025-01-19T03:22:01.499+0000] {dag.py:4180} INFO - Setting next_dagrun for dataset_s3_bucket_consumer to None, run_after=None
[2025-01-19T03:22:01.500+0000] {logging_mixin.py:190} INFO - [2025-01-19T03:22:01.500+0000] {dag.py:4180} INFO - Setting next_dagrun for dataset_s3_bucket_producer to None, run_after=None
[2025-01-19T03:22:01.517+0000] {processor.py:208} INFO - Processing /home/vscode/.local/lib/python3.10/site-packages/airflow/example_dags/example_dataset_alias.py took 0.077 seconds
[2025-01-19T03:22:53.469+0000] {processor.py:186} INFO - Started process (PID=6062) to work on /home/vscode/.local/lib/python3.10/site-packages/airflow/example_dags/example_dataset_alias.py
[2025-01-19T03:22:53.470+0000] {processor.py:914} INFO - Processing file /home/vscode/.local/lib/python3.10/site-packages/airflow/example_dags/example_dataset_alias.py for tasks to queue
[2025-01-19T03:22:53.472+0000] {logging_mixin.py:190} INFO - [2025-01-19T03:22:53.472+0000] {dagbag.py:588} INFO - Filling up the DagBag from /home/vscode/.local/lib/python3.10/site-packages/airflow/example_dags/example_dataset_alias.py
[2025-01-19T03:22:53.498+0000] {processor.py:925} INFO - DAG(s) 'dataset_s3_bucket_producer', 'dataset_alias_example_alias_consumer', 'dataset_alias_example_alias_producer', 'dataset_s3_bucket_consumer' retrieved from /home/vscode/.local/lib/python3.10/site-packages/airflow/example_dags/example_dataset_alias.py
[2025-01-19T03:22:53.513+0000] {logging_mixin.py:190} INFO - [2025-01-19T03:22:53.513+0000] {dag.py:3239} INFO - Sync 4 DAGs
[2025-01-19T03:22:53.528+0000] {logging_mixin.py:190} INFO - [2025-01-19T03:22:53.528+0000] {dag.py:4180} INFO - Setting next_dagrun for dataset_alias_example_alias_consumer to None, run_after=None
[2025-01-19T03:22:53.530+0000] {logging_mixin.py:190} INFO - [2025-01-19T03:22:53.529+0000] {dag.py:4180} INFO - Setting next_dagrun for dataset_alias_example_alias_producer to None, run_after=None
[2025-01-19T03:22:53.530+0000] {logging_mixin.py:190} INFO - [2025-01-19T03:22:53.530+0000] {dag.py:4180} INFO - Setting next_dagrun for dataset_s3_bucket_consumer to None, run_after=None
[2025-01-19T03:22:53.531+0000] {logging_mixin.py:190} INFO - [2025-01-19T03:22:53.531+0000] {dag.py:4180} INFO - Setting next_dagrun for dataset_s3_bucket_producer to None, run_after=None
[2025-01-19T03:22:53.548+0000] {processor.py:208} INFO - Processing /home/vscode/.local/lib/python3.10/site-packages/airflow/example_dags/example_dataset_alias.py took 0.086 seconds
[2025-01-19T03:23:48.523+0000] {processor.py:186} INFO - Started process (PID=6511) to work on /home/vscode/.local/lib/python3.10/site-packages/airflow/example_dags/example_dataset_alias.py
[2025-01-19T03:23:48.524+0000] {processor.py:914} INFO - Processing file /home/vscode/.local/lib/python3.10/site-packages/airflow/example_dags/example_dataset_alias.py for tasks to queue
[2025-01-19T03:23:48.525+0000] {logging_mixin.py:190} INFO - [2025-01-19T03:23:48.525+0000] {dagbag.py:588} INFO - Filling up the DagBag from /home/vscode/.local/lib/python3.10/site-packages/airflow/example_dags/example_dataset_alias.py
[2025-01-19T03:23:48.544+0000] {processor.py:925} INFO - DAG(s) 'dataset_alias_example_alias_consumer', 'dataset_s3_bucket_producer', 'dataset_s3_bucket_consumer', 'dataset_alias_example_alias_producer' retrieved from /home/vscode/.local/lib/python3.10/site-packages/airflow/example_dags/example_dataset_alias.py
[2025-01-19T03:23:48.560+0000] {logging_mixin.py:190} INFO - [2025-01-19T03:23:48.560+0000] {dag.py:3239} INFO - Sync 4 DAGs
[2025-01-19T03:23:48.575+0000] {logging_mixin.py:190} INFO - [2025-01-19T03:23:48.574+0000] {dag.py:4180} INFO - Setting next_dagrun for dataset_alias_example_alias_consumer to None, run_after=None
[2025-01-19T03:23:48.576+0000] {logging_mixin.py:190} INFO - [2025-01-19T03:23:48.576+0000] {dag.py:4180} INFO - Setting next_dagrun for dataset_alias_example_alias_producer to None, run_after=None
[2025-01-19T03:23:48.577+0000] {logging_mixin.py:190} INFO - [2025-01-19T03:23:48.577+0000] {dag.py:4180} INFO - Setting next_dagrun for dataset_s3_bucket_consumer to None, run_after=None
[2025-01-19T03:23:48.578+0000] {logging_mixin.py:190} INFO - [2025-01-19T03:23:48.578+0000] {dag.py:4180} INFO - Setting next_dagrun for dataset_s3_bucket_producer to None, run_after=None
[2025-01-19T03:23:48.595+0000] {processor.py:208} INFO - Processing /home/vscode/.local/lib/python3.10/site-packages/airflow/example_dags/example_dataset_alias.py took 0.077 seconds
[2025-01-19T03:24:41.440+0000] {processor.py:186} INFO - Started process (PID=6915) to work on /home/vscode/.local/lib/python3.10/site-packages/airflow/example_dags/example_dataset_alias.py
[2025-01-19T03:24:41.441+0000] {processor.py:914} INFO - Processing file /home/vscode/.local/lib/python3.10/site-packages/airflow/example_dags/example_dataset_alias.py for tasks to queue
[2025-01-19T03:24:41.442+0000] {logging_mixin.py:190} INFO - [2025-01-19T03:24:41.442+0000] {dagbag.py:588} INFO - Filling up the DagBag from /home/vscode/.local/lib/python3.10/site-packages/airflow/example_dags/example_dataset_alias.py
[2025-01-19T03:24:41.460+0000] {processor.py:925} INFO - DAG(s) 'dataset_alias_example_alias_producer', 'dataset_s3_bucket_consumer', 'dataset_alias_example_alias_consumer', 'dataset_s3_bucket_producer' retrieved from /home/vscode/.local/lib/python3.10/site-packages/airflow/example_dags/example_dataset_alias.py
[2025-01-19T03:24:41.474+0000] {logging_mixin.py:190} INFO - [2025-01-19T03:24:41.474+0000] {dag.py:3239} INFO - Sync 4 DAGs
[2025-01-19T03:24:41.490+0000] {logging_mixin.py:190} INFO - [2025-01-19T03:24:41.490+0000] {dag.py:4180} INFO - Setting next_dagrun for dataset_alias_example_alias_consumer to None, run_after=None
[2025-01-19T03:24:41.492+0000] {logging_mixin.py:190} INFO - [2025-01-19T03:24:41.492+0000] {dag.py:4180} INFO - Setting next_dagrun for dataset_alias_example_alias_producer to None, run_after=None
[2025-01-19T03:24:41.493+0000] {logging_mixin.py:190} INFO - [2025-01-19T03:24:41.493+0000] {dag.py:4180} INFO - Setting next_dagrun for dataset_s3_bucket_consumer to None, run_after=None
[2025-01-19T03:24:41.494+0000] {logging_mixin.py:190} INFO - [2025-01-19T03:24:41.493+0000] {dag.py:4180} INFO - Setting next_dagrun for dataset_s3_bucket_producer to None, run_after=None
[2025-01-19T03:24:41.510+0000] {processor.py:208} INFO - Processing /home/vscode/.local/lib/python3.10/site-packages/airflow/example_dags/example_dataset_alias.py took 0.075 seconds
[2025-01-19T03:25:31.153+0000] {processor.py:186} INFO - Started process (PID=7318) to work on /home/vscode/.local/lib/python3.10/site-packages/airflow/example_dags/example_dataset_alias.py
[2025-01-19T03:25:31.153+0000] {processor.py:914} INFO - Processing file /home/vscode/.local/lib/python3.10/site-packages/airflow/example_dags/example_dataset_alias.py for tasks to queue
[2025-01-19T03:25:31.155+0000] {logging_mixin.py:190} INFO - [2025-01-19T03:25:31.155+0000] {dagbag.py:588} INFO - Filling up the DagBag from /home/vscode/.local/lib/python3.10/site-packages/airflow/example_dags/example_dataset_alias.py
[2025-01-19T03:25:31.172+0000] {processor.py:925} INFO - DAG(s) 'dataset_s3_bucket_consumer', 'dataset_alias_example_alias_consumer', 'dataset_s3_bucket_producer', 'dataset_alias_example_alias_producer' retrieved from /home/vscode/.local/lib/python3.10/site-packages/airflow/example_dags/example_dataset_alias.py
[2025-01-19T03:25:31.187+0000] {logging_mixin.py:190} INFO - [2025-01-19T03:25:31.186+0000] {dag.py:3239} INFO - Sync 4 DAGs
[2025-01-19T03:25:31.202+0000] {logging_mixin.py:190} INFO - [2025-01-19T03:25:31.201+0000] {dag.py:4180} INFO - Setting next_dagrun for dataset_alias_example_alias_consumer to None, run_after=None
[2025-01-19T03:25:31.203+0000] {logging_mixin.py:190} INFO - [2025-01-19T03:25:31.203+0000] {dag.py:4180} INFO - Setting next_dagrun for dataset_alias_example_alias_producer to None, run_after=None
[2025-01-19T03:25:31.204+0000] {logging_mixin.py:190} INFO - [2025-01-19T03:25:31.204+0000] {dag.py:4180} INFO - Setting next_dagrun for dataset_s3_bucket_consumer to None, run_after=None
[2025-01-19T03:25:31.205+0000] {logging_mixin.py:190} INFO - [2025-01-19T03:25:31.205+0000] {dag.py:4180} INFO - Setting next_dagrun for dataset_s3_bucket_producer to None, run_after=None
[2025-01-19T03:25:31.222+0000] {processor.py:208} INFO - Processing /home/vscode/.local/lib/python3.10/site-packages/airflow/example_dags/example_dataset_alias.py took 0.074 seconds
[2025-01-19T03:26:23.259+0000] {processor.py:186} INFO - Started process (PID=7734) to work on /home/vscode/.local/lib/python3.10/site-packages/airflow/example_dags/example_dataset_alias.py
[2025-01-19T03:26:23.260+0000] {processor.py:914} INFO - Processing file /home/vscode/.local/lib/python3.10/site-packages/airflow/example_dags/example_dataset_alias.py for tasks to queue
[2025-01-19T03:26:23.262+0000] {logging_mixin.py:190} INFO - [2025-01-19T03:26:23.261+0000] {dagbag.py:588} INFO - Filling up the DagBag from /home/vscode/.local/lib/python3.10/site-packages/airflow/example_dags/example_dataset_alias.py
[2025-01-19T03:26:23.281+0000] {processor.py:925} INFO - DAG(s) 'dataset_alias_example_alias_producer', 'dataset_s3_bucket_consumer', 'dataset_alias_example_alias_consumer', 'dataset_s3_bucket_producer' retrieved from /home/vscode/.local/lib/python3.10/site-packages/airflow/example_dags/example_dataset_alias.py
[2025-01-19T03:26:23.298+0000] {logging_mixin.py:190} INFO - [2025-01-19T03:26:23.297+0000] {dag.py:3239} INFO - Sync 4 DAGs
[2025-01-19T03:26:23.313+0000] {logging_mixin.py:190} INFO - [2025-01-19T03:26:23.313+0000] {dag.py:4180} INFO - Setting next_dagrun for dataset_alias_example_alias_consumer to None, run_after=None
[2025-01-19T03:26:23.315+0000] {logging_mixin.py:190} INFO - [2025-01-19T03:26:23.315+0000] {dag.py:4180} INFO - Setting next_dagrun for dataset_alias_example_alias_producer to None, run_after=None
[2025-01-19T03:26:23.316+0000] {logging_mixin.py:190} INFO - [2025-01-19T03:26:23.315+0000] {dag.py:4180} INFO - Setting next_dagrun for dataset_s3_bucket_consumer to None, run_after=None
[2025-01-19T03:26:23.316+0000] {logging_mixin.py:190} INFO - [2025-01-19T03:26:23.316+0000] {dag.py:4180} INFO - Setting next_dagrun for dataset_s3_bucket_producer to None, run_after=None
[2025-01-19T03:26:23.334+0000] {processor.py:208} INFO - Processing /home/vscode/.local/lib/python3.10/site-packages/airflow/example_dags/example_dataset_alias.py took 0.081 seconds
[2025-01-19T03:27:15.807+0000] {processor.py:186} INFO - Started process (PID=8134) to work on /home/vscode/.local/lib/python3.10/site-packages/airflow/example_dags/example_dataset_alias.py
[2025-01-19T03:27:15.807+0000] {processor.py:914} INFO - Processing file /home/vscode/.local/lib/python3.10/site-packages/airflow/example_dags/example_dataset_alias.py for tasks to queue
[2025-01-19T03:27:15.809+0000] {logging_mixin.py:190} INFO - [2025-01-19T03:27:15.809+0000] {dagbag.py:588} INFO - Filling up the DagBag from /home/vscode/.local/lib/python3.10/site-packages/airflow/example_dags/example_dataset_alias.py
[2025-01-19T03:27:15.826+0000] {processor.py:925} INFO - DAG(s) 'dataset_s3_bucket_consumer', 'dataset_s3_bucket_producer', 'dataset_alias_example_alias_consumer', 'dataset_alias_example_alias_producer' retrieved from /home/vscode/.local/lib/python3.10/site-packages/airflow/example_dags/example_dataset_alias.py
[2025-01-19T03:27:15.841+0000] {logging_mixin.py:190} INFO - [2025-01-19T03:27:15.840+0000] {dag.py:3239} INFO - Sync 4 DAGs
[2025-01-19T03:27:15.855+0000] {logging_mixin.py:190} INFO - [2025-01-19T03:27:15.855+0000] {dag.py:4180} INFO - Setting next_dagrun for dataset_alias_example_alias_consumer to None, run_after=None
[2025-01-19T03:27:15.857+0000] {logging_mixin.py:190} INFO - [2025-01-19T03:27:15.857+0000] {dag.py:4180} INFO - Setting next_dagrun for dataset_alias_example_alias_producer to None, run_after=None
[2025-01-19T03:27:15.858+0000] {logging_mixin.py:190} INFO - [2025-01-19T03:27:15.857+0000] {dag.py:4180} INFO - Setting next_dagrun for dataset_s3_bucket_consumer to None, run_after=None
[2025-01-19T03:27:15.858+0000] {logging_mixin.py:190} INFO - [2025-01-19T03:27:15.858+0000] {dag.py:4180} INFO - Setting next_dagrun for dataset_s3_bucket_producer to None, run_after=None
[2025-01-19T03:27:15.876+0000] {processor.py:208} INFO - Processing /home/vscode/.local/lib/python3.10/site-packages/airflow/example_dags/example_dataset_alias.py took 0.074 seconds
[2025-01-19T03:28:10.376+0000] {processor.py:186} INFO - Started process (PID=8627) to work on /home/vscode/.local/lib/python3.10/site-packages/airflow/example_dags/example_dataset_alias.py
[2025-01-19T03:28:10.377+0000] {processor.py:914} INFO - Processing file /home/vscode/.local/lib/python3.10/site-packages/airflow/example_dags/example_dataset_alias.py for tasks to queue
[2025-01-19T03:28:10.378+0000] {logging_mixin.py:190} INFO - [2025-01-19T03:28:10.378+0000] {dagbag.py:588} INFO - Filling up the DagBag from /home/vscode/.local/lib/python3.10/site-packages/airflow/example_dags/example_dataset_alias.py
[2025-01-19T03:28:10.395+0000] {processor.py:925} INFO - DAG(s) 'dataset_s3_bucket_consumer', 'dataset_s3_bucket_producer', 'dataset_alias_example_alias_producer', 'dataset_alias_example_alias_consumer' retrieved from /home/vscode/.local/lib/python3.10/site-packages/airflow/example_dags/example_dataset_alias.py
[2025-01-19T03:28:10.410+0000] {logging_mixin.py:190} INFO - [2025-01-19T03:28:10.410+0000] {dag.py:3239} INFO - Sync 4 DAGs
[2025-01-19T03:28:10.425+0000] {logging_mixin.py:190} INFO - [2025-01-19T03:28:10.424+0000] {dag.py:4180} INFO - Setting next_dagrun for dataset_alias_example_alias_consumer to None, run_after=None
[2025-01-19T03:28:10.426+0000] {logging_mixin.py:190} INFO - [2025-01-19T03:28:10.426+0000] {dag.py:4180} INFO - Setting next_dagrun for dataset_alias_example_alias_producer to None, run_after=None
[2025-01-19T03:28:10.427+0000] {logging_mixin.py:190} INFO - [2025-01-19T03:28:10.427+0000] {dag.py:4180} INFO - Setting next_dagrun for dataset_s3_bucket_consumer to None, run_after=None
[2025-01-19T03:28:10.428+0000] {logging_mixin.py:190} INFO - [2025-01-19T03:28:10.428+0000] {dag.py:4180} INFO - Setting next_dagrun for dataset_s3_bucket_producer to None, run_after=None
[2025-01-19T03:28:10.444+0000] {processor.py:208} INFO - Processing /home/vscode/.local/lib/python3.10/site-packages/airflow/example_dags/example_dataset_alias.py took 0.073 seconds
[2025-01-19T03:29:03.812+0000] {processor.py:186} INFO - Started process (PID=9041) to work on /home/vscode/.local/lib/python3.10/site-packages/airflow/example_dags/example_dataset_alias.py
[2025-01-19T03:29:03.814+0000] {processor.py:914} INFO - Processing file /home/vscode/.local/lib/python3.10/site-packages/airflow/example_dags/example_dataset_alias.py for tasks to queue
[2025-01-19T03:29:03.816+0000] {logging_mixin.py:190} INFO - [2025-01-19T03:29:03.816+0000] {dagbag.py:588} INFO - Filling up the DagBag from /home/vscode/.local/lib/python3.10/site-packages/airflow/example_dags/example_dataset_alias.py
[2025-01-19T03:29:03.841+0000] {processor.py:925} INFO - DAG(s) 'dataset_alias_example_alias_consumer', 'dataset_s3_bucket_consumer', 'dataset_s3_bucket_producer', 'dataset_alias_example_alias_producer' retrieved from /home/vscode/.local/lib/python3.10/site-packages/airflow/example_dags/example_dataset_alias.py
[2025-01-19T03:29:03.863+0000] {logging_mixin.py:190} INFO - [2025-01-19T03:29:03.863+0000] {dag.py:3239} INFO - Sync 4 DAGs
[2025-01-19T03:29:03.886+0000] {logging_mixin.py:190} INFO - [2025-01-19T03:29:03.885+0000] {dag.py:4180} INFO - Setting next_dagrun for dataset_alias_example_alias_consumer to None, run_after=None
[2025-01-19T03:29:03.888+0000] {logging_mixin.py:190} INFO - [2025-01-19T03:29:03.888+0000] {dag.py:4180} INFO - Setting next_dagrun for dataset_alias_example_alias_producer to None, run_after=None
[2025-01-19T03:29:03.889+0000] {logging_mixin.py:190} INFO - [2025-01-19T03:29:03.889+0000] {dag.py:4180} INFO - Setting next_dagrun for dataset_s3_bucket_consumer to None, run_after=None
[2025-01-19T03:29:03.890+0000] {logging_mixin.py:190} INFO - [2025-01-19T03:29:03.890+0000] {dag.py:4180} INFO - Setting next_dagrun for dataset_s3_bucket_producer to None, run_after=None
[2025-01-19T03:29:03.910+0000] {processor.py:208} INFO - Processing /home/vscode/.local/lib/python3.10/site-packages/airflow/example_dags/example_dataset_alias.py took 0.104 seconds
[2025-01-19T03:29:54.081+0000] {processor.py:186} INFO - Started process (PID=9382) to work on /home/vscode/.local/lib/python3.10/site-packages/airflow/example_dags/example_dataset_alias.py
[2025-01-19T03:29:54.082+0000] {processor.py:914} INFO - Processing file /home/vscode/.local/lib/python3.10/site-packages/airflow/example_dags/example_dataset_alias.py for tasks to queue
[2025-01-19T03:29:54.084+0000] {logging_mixin.py:190} INFO - [2025-01-19T03:29:54.084+0000] {dagbag.py:588} INFO - Filling up the DagBag from /home/vscode/.local/lib/python3.10/site-packages/airflow/example_dags/example_dataset_alias.py
[2025-01-19T03:29:54.102+0000] {processor.py:925} INFO - DAG(s) 'dataset_alias_example_alias_producer', 'dataset_s3_bucket_producer', 'dataset_alias_example_alias_consumer', 'dataset_s3_bucket_consumer' retrieved from /home/vscode/.local/lib/python3.10/site-packages/airflow/example_dags/example_dataset_alias.py
[2025-01-19T03:29:54.116+0000] {logging_mixin.py:190} INFO - [2025-01-19T03:29:54.116+0000] {dag.py:3239} INFO - Sync 4 DAGs
[2025-01-19T03:29:54.131+0000] {logging_mixin.py:190} INFO - [2025-01-19T03:29:54.131+0000] {dag.py:4180} INFO - Setting next_dagrun for dataset_alias_example_alias_consumer to None, run_after=None
[2025-01-19T03:29:54.133+0000] {logging_mixin.py:190} INFO - [2025-01-19T03:29:54.133+0000] {dag.py:4180} INFO - Setting next_dagrun for dataset_alias_example_alias_producer to None, run_after=None
[2025-01-19T03:29:54.134+0000] {logging_mixin.py:190} INFO - [2025-01-19T03:29:54.134+0000] {dag.py:4180} INFO - Setting next_dagrun for dataset_s3_bucket_consumer to None, run_after=None
[2025-01-19T03:29:54.135+0000] {logging_mixin.py:190} INFO - [2025-01-19T03:29:54.135+0000] {dag.py:4180} INFO - Setting next_dagrun for dataset_s3_bucket_producer to None, run_after=None
[2025-01-19T03:29:54.151+0000] {processor.py:208} INFO - Processing /home/vscode/.local/lib/python3.10/site-packages/airflow/example_dags/example_dataset_alias.py took 0.074 seconds
[2025-01-19T03:30:41.512+0000] {processor.py:186} INFO - Started process (PID=9709) to work on /home/vscode/.local/lib/python3.10/site-packages/airflow/example_dags/example_dataset_alias.py
[2025-01-19T03:30:41.513+0000] {processor.py:914} INFO - Processing file /home/vscode/.local/lib/python3.10/site-packages/airflow/example_dags/example_dataset_alias.py for tasks to queue
[2025-01-19T03:30:41.515+0000] {logging_mixin.py:190} INFO - [2025-01-19T03:30:41.514+0000] {dagbag.py:588} INFO - Filling up the DagBag from /home/vscode/.local/lib/python3.10/site-packages/airflow/example_dags/example_dataset_alias.py
[2025-01-19T03:30:41.532+0000] {processor.py:925} INFO - DAG(s) 'dataset_s3_bucket_consumer', 'dataset_alias_example_alias_consumer', 'dataset_alias_example_alias_producer', 'dataset_s3_bucket_producer' retrieved from /home/vscode/.local/lib/python3.10/site-packages/airflow/example_dags/example_dataset_alias.py
[2025-01-19T03:30:41.547+0000] {logging_mixin.py:190} INFO - [2025-01-19T03:30:41.546+0000] {dag.py:3239} INFO - Sync 4 DAGs
[2025-01-19T03:30:41.561+0000] {logging_mixin.py:190} INFO - [2025-01-19T03:30:41.561+0000] {dag.py:4180} INFO - Setting next_dagrun for dataset_alias_example_alias_consumer to None, run_after=None
[2025-01-19T03:30:41.563+0000] {logging_mixin.py:190} INFO - [2025-01-19T03:30:41.563+0000] {dag.py:4180} INFO - Setting next_dagrun for dataset_alias_example_alias_producer to None, run_after=None
[2025-01-19T03:30:41.564+0000] {logging_mixin.py:190} INFO - [2025-01-19T03:30:41.563+0000] {dag.py:4180} INFO - Setting next_dagrun for dataset_s3_bucket_consumer to None, run_after=None
[2025-01-19T03:30:41.564+0000] {logging_mixin.py:190} INFO - [2025-01-19T03:30:41.564+0000] {dag.py:4180} INFO - Setting next_dagrun for dataset_s3_bucket_producer to None, run_after=None
[2025-01-19T03:30:41.580+0000] {processor.py:208} INFO - Processing /home/vscode/.local/lib/python3.10/site-packages/airflow/example_dags/example_dataset_alias.py took 0.073 seconds
[2025-01-19T03:31:31.752+0000] {processor.py:186} INFO - Started process (PID=10040) to work on /home/vscode/.local/lib/python3.10/site-packages/airflow/example_dags/example_dataset_alias.py
[2025-01-19T03:31:31.753+0000] {processor.py:914} INFO - Processing file /home/vscode/.local/lib/python3.10/site-packages/airflow/example_dags/example_dataset_alias.py for tasks to queue
[2025-01-19T03:31:31.755+0000] {logging_mixin.py:190} INFO - [2025-01-19T03:31:31.754+0000] {dagbag.py:588} INFO - Filling up the DagBag from /home/vscode/.local/lib/python3.10/site-packages/airflow/example_dags/example_dataset_alias.py
[2025-01-19T03:31:31.772+0000] {processor.py:925} INFO - DAG(s) 'dataset_s3_bucket_producer', 'dataset_s3_bucket_consumer', 'dataset_alias_example_alias_producer', 'dataset_alias_example_alias_consumer' retrieved from /home/vscode/.local/lib/python3.10/site-packages/airflow/example_dags/example_dataset_alias.py
[2025-01-19T03:31:31.786+0000] {logging_mixin.py:190} INFO - [2025-01-19T03:31:31.786+0000] {dag.py:3239} INFO - Sync 4 DAGs
[2025-01-19T03:31:31.801+0000] {logging_mixin.py:190} INFO - [2025-01-19T03:31:31.801+0000] {dag.py:4180} INFO - Setting next_dagrun for dataset_alias_example_alias_consumer to None, run_after=None
[2025-01-19T03:31:31.802+0000] {logging_mixin.py:190} INFO - [2025-01-19T03:31:31.802+0000] {dag.py:4180} INFO - Setting next_dagrun for dataset_alias_example_alias_producer to None, run_after=None
[2025-01-19T03:31:31.803+0000] {logging_mixin.py:190} INFO - [2025-01-19T03:31:31.803+0000] {dag.py:4180} INFO - Setting next_dagrun for dataset_s3_bucket_consumer to None, run_after=None
[2025-01-19T03:31:31.804+0000] {logging_mixin.py:190} INFO - [2025-01-19T03:31:31.804+0000] {dag.py:4180} INFO - Setting next_dagrun for dataset_s3_bucket_producer to None, run_after=None
[2025-01-19T03:31:31.821+0000] {processor.py:208} INFO - Processing /home/vscode/.local/lib/python3.10/site-packages/airflow/example_dags/example_dataset_alias.py took 0.073 seconds
[2025-01-19T03:32:23.580+0000] {processor.py:186} INFO - Started process (PID=10462) to work on /home/vscode/.local/lib/python3.10/site-packages/airflow/example_dags/example_dataset_alias.py
[2025-01-19T03:32:23.581+0000] {processor.py:914} INFO - Processing file /home/vscode/.local/lib/python3.10/site-packages/airflow/example_dags/example_dataset_alias.py for tasks to queue
[2025-01-19T03:32:23.582+0000] {logging_mixin.py:190} INFO - [2025-01-19T03:32:23.582+0000] {dagbag.py:588} INFO - Filling up the DagBag from /home/vscode/.local/lib/python3.10/site-packages/airflow/example_dags/example_dataset_alias.py
[2025-01-19T03:32:23.600+0000] {processor.py:925} INFO - DAG(s) 'dataset_s3_bucket_producer', 'dataset_alias_example_alias_consumer', 'dataset_alias_example_alias_producer', 'dataset_s3_bucket_consumer' retrieved from /home/vscode/.local/lib/python3.10/site-packages/airflow/example_dags/example_dataset_alias.py
[2025-01-19T03:32:23.614+0000] {logging_mixin.py:190} INFO - [2025-01-19T03:32:23.614+0000] {dag.py:3239} INFO - Sync 4 DAGs
[2025-01-19T03:32:23.628+0000] {logging_mixin.py:190} INFO - [2025-01-19T03:32:23.628+0000] {dag.py:4180} INFO - Setting next_dagrun for dataset_alias_example_alias_consumer to None, run_after=None
[2025-01-19T03:32:23.630+0000] {logging_mixin.py:190} INFO - [2025-01-19T03:32:23.630+0000] {dag.py:4180} INFO - Setting next_dagrun for dataset_alias_example_alias_producer to None, run_after=None
[2025-01-19T03:32:23.630+0000] {logging_mixin.py:190} INFO - [2025-01-19T03:32:23.630+0000] {dag.py:4180} INFO - Setting next_dagrun for dataset_s3_bucket_consumer to None, run_after=None
[2025-01-19T03:32:23.631+0000] {logging_mixin.py:190} INFO - [2025-01-19T03:32:23.631+0000] {dag.py:4180} INFO - Setting next_dagrun for dataset_s3_bucket_producer to None, run_after=None
[2025-01-19T03:32:23.648+0000] {processor.py:208} INFO - Processing /home/vscode/.local/lib/python3.10/site-packages/airflow/example_dags/example_dataset_alias.py took 0.072 seconds
[2025-01-19T03:33:13.126+0000] {processor.py:186} INFO - Started process (PID=10866) to work on /home/vscode/.local/lib/python3.10/site-packages/airflow/example_dags/example_dataset_alias.py
[2025-01-19T03:33:13.126+0000] {processor.py:914} INFO - Processing file /home/vscode/.local/lib/python3.10/site-packages/airflow/example_dags/example_dataset_alias.py for tasks to queue
[2025-01-19T03:33:13.128+0000] {logging_mixin.py:190} INFO - [2025-01-19T03:33:13.128+0000] {dagbag.py:588} INFO - Filling up the DagBag from /home/vscode/.local/lib/python3.10/site-packages/airflow/example_dags/example_dataset_alias.py
[2025-01-19T03:33:13.145+0000] {processor.py:925} INFO - DAG(s) 'dataset_s3_bucket_consumer', 'dataset_alias_example_alias_producer', 'dataset_s3_bucket_producer', 'dataset_alias_example_alias_consumer' retrieved from /home/vscode/.local/lib/python3.10/site-packages/airflow/example_dags/example_dataset_alias.py
[2025-01-19T03:33:13.159+0000] {logging_mixin.py:190} INFO - [2025-01-19T03:33:13.159+0000] {dag.py:3239} INFO - Sync 4 DAGs
[2025-01-19T03:33:13.173+0000] {logging_mixin.py:190} INFO - [2025-01-19T03:33:13.172+0000] {dag.py:4180} INFO - Setting next_dagrun for dataset_alias_example_alias_consumer to None, run_after=None
[2025-01-19T03:33:13.174+0000] {logging_mixin.py:190} INFO - [2025-01-19T03:33:13.174+0000] {dag.py:4180} INFO - Setting next_dagrun for dataset_alias_example_alias_producer to None, run_after=None
[2025-01-19T03:33:13.175+0000] {logging_mixin.py:190} INFO - [2025-01-19T03:33:13.175+0000] {dag.py:4180} INFO - Setting next_dagrun for dataset_s3_bucket_consumer to None, run_after=None
[2025-01-19T03:33:13.176+0000] {logging_mixin.py:190} INFO - [2025-01-19T03:33:13.176+0000] {dag.py:4180} INFO - Setting next_dagrun for dataset_s3_bucket_producer to None, run_after=None
[2025-01-19T03:33:13.192+0000] {processor.py:208} INFO - Processing /home/vscode/.local/lib/python3.10/site-packages/airflow/example_dags/example_dataset_alias.py took 0.071 seconds
[2025-01-19T03:34:03.808+0000] {processor.py:186} INFO - Started process (PID=11213) to work on /home/vscode/.local/lib/python3.10/site-packages/airflow/example_dags/example_dataset_alias.py
[2025-01-19T03:34:03.808+0000] {processor.py:914} INFO - Processing file /home/vscode/.local/lib/python3.10/site-packages/airflow/example_dags/example_dataset_alias.py for tasks to queue
[2025-01-19T03:34:03.810+0000] {logging_mixin.py:190} INFO - [2025-01-19T03:34:03.810+0000] {dagbag.py:588} INFO - Filling up the DagBag from /home/vscode/.local/lib/python3.10/site-packages/airflow/example_dags/example_dataset_alias.py
[2025-01-19T03:34:03.828+0000] {processor.py:925} INFO - DAG(s) 'dataset_s3_bucket_producer', 'dataset_s3_bucket_consumer', 'dataset_alias_example_alias_producer', 'dataset_alias_example_alias_consumer' retrieved from /home/vscode/.local/lib/python3.10/site-packages/airflow/example_dags/example_dataset_alias.py
[2025-01-19T03:34:03.842+0000] {logging_mixin.py:190} INFO - [2025-01-19T03:34:03.842+0000] {dag.py:3239} INFO - Sync 4 DAGs
[2025-01-19T03:34:03.857+0000] {logging_mixin.py:190} INFO - [2025-01-19T03:34:03.856+0000] {dag.py:4180} INFO - Setting next_dagrun for dataset_alias_example_alias_consumer to None, run_after=None
[2025-01-19T03:34:03.858+0000] {logging_mixin.py:190} INFO - [2025-01-19T03:34:03.858+0000] {dag.py:4180} INFO - Setting next_dagrun for dataset_alias_example_alias_producer to None, run_after=None
[2025-01-19T03:34:03.859+0000] {logging_mixin.py:190} INFO - [2025-01-19T03:34:03.859+0000] {dag.py:4180} INFO - Setting next_dagrun for dataset_s3_bucket_consumer to None, run_after=None
[2025-01-19T03:34:03.860+0000] {logging_mixin.py:190} INFO - [2025-01-19T03:34:03.860+0000] {dag.py:4180} INFO - Setting next_dagrun for dataset_s3_bucket_producer to None, run_after=None
[2025-01-19T03:34:03.876+0000] {processor.py:208} INFO - Processing /home/vscode/.local/lib/python3.10/site-packages/airflow/example_dags/example_dataset_alias.py took 0.073 seconds
[2025-01-19T03:34:54.386+0000] {processor.py:186} INFO - Started process (PID=11629) to work on /home/vscode/.local/lib/python3.10/site-packages/airflow/example_dags/example_dataset_alias.py
[2025-01-19T03:34:54.387+0000] {processor.py:914} INFO - Processing file /home/vscode/.local/lib/python3.10/site-packages/airflow/example_dags/example_dataset_alias.py for tasks to queue
[2025-01-19T03:34:54.388+0000] {logging_mixin.py:190} INFO - [2025-01-19T03:34:54.388+0000] {dagbag.py:588} INFO - Filling up the DagBag from /home/vscode/.local/lib/python3.10/site-packages/airflow/example_dags/example_dataset_alias.py
[2025-01-19T03:34:54.406+0000] {processor.py:925} INFO - DAG(s) 'dataset_s3_bucket_consumer', 'dataset_s3_bucket_producer', 'dataset_alias_example_alias_consumer', 'dataset_alias_example_alias_producer' retrieved from /home/vscode/.local/lib/python3.10/site-packages/airflow/example_dags/example_dataset_alias.py
[2025-01-19T03:34:54.421+0000] {logging_mixin.py:190} INFO - [2025-01-19T03:34:54.421+0000] {dag.py:3239} INFO - Sync 4 DAGs
[2025-01-19T03:34:54.437+0000] {logging_mixin.py:190} INFO - [2025-01-19T03:34:54.437+0000] {dag.py:4180} INFO - Setting next_dagrun for dataset_alias_example_alias_consumer to None, run_after=None
[2025-01-19T03:34:54.439+0000] {logging_mixin.py:190} INFO - [2025-01-19T03:34:54.438+0000] {dag.py:4180} INFO - Setting next_dagrun for dataset_alias_example_alias_producer to None, run_after=None
[2025-01-19T03:34:54.439+0000] {logging_mixin.py:190} INFO - [2025-01-19T03:34:54.439+0000] {dag.py:4180} INFO - Setting next_dagrun for dataset_s3_bucket_consumer to None, run_after=None
[2025-01-19T03:34:54.440+0000] {logging_mixin.py:190} INFO - [2025-01-19T03:34:54.440+0000] {dag.py:4180} INFO - Setting next_dagrun for dataset_s3_bucket_producer to None, run_after=None
[2025-01-19T03:34:54.457+0000] {processor.py:208} INFO - Processing /home/vscode/.local/lib/python3.10/site-packages/airflow/example_dags/example_dataset_alias.py took 0.076 seconds
[2025-01-19T03:35:44.485+0000] {processor.py:186} INFO - Started process (PID=12015) to work on /home/vscode/.local/lib/python3.10/site-packages/airflow/example_dags/example_dataset_alias.py
[2025-01-19T03:35:44.486+0000] {processor.py:914} INFO - Processing file /home/vscode/.local/lib/python3.10/site-packages/airflow/example_dags/example_dataset_alias.py for tasks to queue
[2025-01-19T03:35:44.487+0000] {logging_mixin.py:190} INFO - [2025-01-19T03:35:44.487+0000] {dagbag.py:588} INFO - Filling up the DagBag from /home/vscode/.local/lib/python3.10/site-packages/airflow/example_dags/example_dataset_alias.py
[2025-01-19T03:35:44.505+0000] {processor.py:925} INFO - DAG(s) 'dataset_s3_bucket_consumer', 'dataset_s3_bucket_producer', 'dataset_alias_example_alias_producer', 'dataset_alias_example_alias_consumer' retrieved from /home/vscode/.local/lib/python3.10/site-packages/airflow/example_dags/example_dataset_alias.py
[2025-01-19T03:35:44.520+0000] {logging_mixin.py:190} INFO - [2025-01-19T03:35:44.520+0000] {dag.py:3239} INFO - Sync 4 DAGs
[2025-01-19T03:35:44.534+0000] {logging_mixin.py:190} INFO - [2025-01-19T03:35:44.534+0000] {dag.py:4180} INFO - Setting next_dagrun for dataset_alias_example_alias_consumer to None, run_after=None
[2025-01-19T03:35:44.537+0000] {logging_mixin.py:190} INFO - [2025-01-19T03:35:44.537+0000] {dag.py:4180} INFO - Setting next_dagrun for dataset_alias_example_alias_producer to None, run_after=None
[2025-01-19T03:35:44.537+0000] {logging_mixin.py:190} INFO - [2025-01-19T03:35:44.537+0000] {dag.py:4180} INFO - Setting next_dagrun for dataset_s3_bucket_consumer to None, run_after=None
[2025-01-19T03:35:44.538+0000] {logging_mixin.py:190} INFO - [2025-01-19T03:35:44.538+0000] {dag.py:4180} INFO - Setting next_dagrun for dataset_s3_bucket_producer to None, run_after=None
[2025-01-19T03:35:44.555+0000] {processor.py:208} INFO - Processing /home/vscode/.local/lib/python3.10/site-packages/airflow/example_dags/example_dataset_alias.py took 0.075 seconds
[2025-01-19T03:36:33.238+0000] {processor.py:186} INFO - Started process (PID=12365) to work on /home/vscode/.local/lib/python3.10/site-packages/airflow/example_dags/example_dataset_alias.py
[2025-01-19T03:36:33.239+0000] {processor.py:914} INFO - Processing file /home/vscode/.local/lib/python3.10/site-packages/airflow/example_dags/example_dataset_alias.py for tasks to queue
[2025-01-19T03:36:33.240+0000] {logging_mixin.py:190} INFO - [2025-01-19T03:36:33.240+0000] {dagbag.py:588} INFO - Filling up the DagBag from /home/vscode/.local/lib/python3.10/site-packages/airflow/example_dags/example_dataset_alias.py
[2025-01-19T03:36:33.258+0000] {processor.py:925} INFO - DAG(s) 'dataset_alias_example_alias_consumer', 'dataset_s3_bucket_consumer', 'dataset_s3_bucket_producer', 'dataset_alias_example_alias_producer' retrieved from /home/vscode/.local/lib/python3.10/site-packages/airflow/example_dags/example_dataset_alias.py
[2025-01-19T03:36:33.272+0000] {logging_mixin.py:190} INFO - [2025-01-19T03:36:33.272+0000] {dag.py:3239} INFO - Sync 4 DAGs
[2025-01-19T03:36:33.286+0000] {logging_mixin.py:190} INFO - [2025-01-19T03:36:33.286+0000] {dag.py:4180} INFO - Setting next_dagrun for dataset_alias_example_alias_consumer to None, run_after=None
[2025-01-19T03:36:33.288+0000] {logging_mixin.py:190} INFO - [2025-01-19T03:36:33.288+0000] {dag.py:4180} INFO - Setting next_dagrun for dataset_alias_example_alias_producer to None, run_after=None
[2025-01-19T03:36:33.289+0000] {logging_mixin.py:190} INFO - [2025-01-19T03:36:33.289+0000] {dag.py:4180} INFO - Setting next_dagrun for dataset_s3_bucket_consumer to None, run_after=None
[2025-01-19T03:36:33.290+0000] {logging_mixin.py:190} INFO - [2025-01-19T03:36:33.290+0000] {dag.py:4180} INFO - Setting next_dagrun for dataset_s3_bucket_producer to None, run_after=None
[2025-01-19T03:36:33.306+0000] {processor.py:208} INFO - Processing /home/vscode/.local/lib/python3.10/site-packages/airflow/example_dags/example_dataset_alias.py took 0.073 seconds
[2025-01-19T03:37:23.531+0000] {processor.py:186} INFO - Started process (PID=12708) to work on /home/vscode/.local/lib/python3.10/site-packages/airflow/example_dags/example_dataset_alias.py
[2025-01-19T03:37:23.532+0000] {processor.py:914} INFO - Processing file /home/vscode/.local/lib/python3.10/site-packages/airflow/example_dags/example_dataset_alias.py for tasks to queue
[2025-01-19T03:37:23.533+0000] {logging_mixin.py:190} INFO - [2025-01-19T03:37:23.533+0000] {dagbag.py:588} INFO - Filling up the DagBag from /home/vscode/.local/lib/python3.10/site-packages/airflow/example_dags/example_dataset_alias.py
[2025-01-19T03:37:23.552+0000] {processor.py:925} INFO - DAG(s) 'dataset_s3_bucket_consumer', 'dataset_alias_example_alias_consumer', 'dataset_alias_example_alias_producer', 'dataset_s3_bucket_producer' retrieved from /home/vscode/.local/lib/python3.10/site-packages/airflow/example_dags/example_dataset_alias.py
[2025-01-19T03:37:23.567+0000] {logging_mixin.py:190} INFO - [2025-01-19T03:37:23.567+0000] {dag.py:3239} INFO - Sync 4 DAGs
[2025-01-19T03:37:23.581+0000] {logging_mixin.py:190} INFO - [2025-01-19T03:37:23.581+0000] {dag.py:4180} INFO - Setting next_dagrun for dataset_alias_example_alias_consumer to None, run_after=None
[2025-01-19T03:37:23.583+0000] {logging_mixin.py:190} INFO - [2025-01-19T03:37:23.582+0000] {dag.py:4180} INFO - Setting next_dagrun for dataset_alias_example_alias_producer to None, run_after=None
[2025-01-19T03:37:23.583+0000] {logging_mixin.py:190} INFO - [2025-01-19T03:37:23.583+0000] {dag.py:4180} INFO - Setting next_dagrun for dataset_s3_bucket_consumer to None, run_after=None
[2025-01-19T03:37:23.584+0000] {logging_mixin.py:190} INFO - [2025-01-19T03:37:23.584+0000] {dag.py:4180} INFO - Setting next_dagrun for dataset_s3_bucket_producer to None, run_after=None
[2025-01-19T03:37:23.601+0000] {processor.py:208} INFO - Processing /home/vscode/.local/lib/python3.10/site-packages/airflow/example_dags/example_dataset_alias.py took 0.074 seconds
[2025-01-19T03:38:15.987+0000] {processor.py:186} INFO - Started process (PID=13061) to work on /home/vscode/.local/lib/python3.10/site-packages/airflow/example_dags/example_dataset_alias.py
[2025-01-19T03:38:15.988+0000] {processor.py:914} INFO - Processing file /home/vscode/.local/lib/python3.10/site-packages/airflow/example_dags/example_dataset_alias.py for tasks to queue
[2025-01-19T03:38:15.989+0000] {logging_mixin.py:190} INFO - [2025-01-19T03:38:15.989+0000] {dagbag.py:588} INFO - Filling up the DagBag from /home/vscode/.local/lib/python3.10/site-packages/airflow/example_dags/example_dataset_alias.py
[2025-01-19T03:38:16.007+0000] {processor.py:925} INFO - DAG(s) 'dataset_alias_example_alias_producer', 'dataset_s3_bucket_consumer', 'dataset_s3_bucket_producer', 'dataset_alias_example_alias_consumer' retrieved from /home/vscode/.local/lib/python3.10/site-packages/airflow/example_dags/example_dataset_alias.py
[2025-01-19T03:38:16.022+0000] {logging_mixin.py:190} INFO - [2025-01-19T03:38:16.021+0000] {dag.py:3239} INFO - Sync 4 DAGs
[2025-01-19T03:38:16.036+0000] {logging_mixin.py:190} INFO - [2025-01-19T03:38:16.036+0000] {dag.py:4180} INFO - Setting next_dagrun for dataset_alias_example_alias_consumer to None, run_after=None
[2025-01-19T03:38:16.038+0000] {logging_mixin.py:190} INFO - [2025-01-19T03:38:16.038+0000] {dag.py:4180} INFO - Setting next_dagrun for dataset_alias_example_alias_producer to None, run_after=None
[2025-01-19T03:38:16.039+0000] {logging_mixin.py:190} INFO - [2025-01-19T03:38:16.038+0000] {dag.py:4180} INFO - Setting next_dagrun for dataset_s3_bucket_consumer to None, run_after=None
[2025-01-19T03:38:16.039+0000] {logging_mixin.py:190} INFO - [2025-01-19T03:38:16.039+0000] {dag.py:4180} INFO - Setting next_dagrun for dataset_s3_bucket_producer to None, run_after=None
[2025-01-19T03:38:16.056+0000] {processor.py:208} INFO - Processing /home/vscode/.local/lib/python3.10/site-packages/airflow/example_dags/example_dataset_alias.py took 0.073 seconds
[2025-01-19T03:39:04.530+0000] {processor.py:186} INFO - Started process (PID=13391) to work on /home/vscode/.local/lib/python3.10/site-packages/airflow/example_dags/example_dataset_alias.py
[2025-01-19T03:39:04.531+0000] {processor.py:914} INFO - Processing file /home/vscode/.local/lib/python3.10/site-packages/airflow/example_dags/example_dataset_alias.py for tasks to queue
[2025-01-19T03:39:04.532+0000] {logging_mixin.py:190} INFO - [2025-01-19T03:39:04.532+0000] {dagbag.py:588} INFO - Filling up the DagBag from /home/vscode/.local/lib/python3.10/site-packages/airflow/example_dags/example_dataset_alias.py
[2025-01-19T03:39:04.550+0000] {processor.py:925} INFO - DAG(s) 'dataset_s3_bucket_consumer', 'dataset_alias_example_alias_producer', 'dataset_alias_example_alias_consumer', 'dataset_s3_bucket_producer' retrieved from /home/vscode/.local/lib/python3.10/site-packages/airflow/example_dags/example_dataset_alias.py
[2025-01-19T03:39:04.565+0000] {logging_mixin.py:190} INFO - [2025-01-19T03:39:04.565+0000] {dag.py:3239} INFO - Sync 4 DAGs
[2025-01-19T03:39:04.581+0000] {logging_mixin.py:190} INFO - [2025-01-19T03:39:04.581+0000] {dag.py:4180} INFO - Setting next_dagrun for dataset_alias_example_alias_consumer to None, run_after=None
[2025-01-19T03:39:04.583+0000] {logging_mixin.py:190} INFO - [2025-01-19T03:39:04.583+0000] {dag.py:4180} INFO - Setting next_dagrun for dataset_alias_example_alias_producer to None, run_after=None
[2025-01-19T03:39:04.584+0000] {logging_mixin.py:190} INFO - [2025-01-19T03:39:04.583+0000] {dag.py:4180} INFO - Setting next_dagrun for dataset_s3_bucket_consumer to None, run_after=None
[2025-01-19T03:39:04.584+0000] {logging_mixin.py:190} INFO - [2025-01-19T03:39:04.584+0000] {dag.py:4180} INFO - Setting next_dagrun for dataset_s3_bucket_producer to None, run_after=None
[2025-01-19T03:39:04.602+0000] {processor.py:208} INFO - Processing /home/vscode/.local/lib/python3.10/site-packages/airflow/example_dags/example_dataset_alias.py took 0.076 seconds
[2025-01-19T03:39:54.783+0000] {processor.py:186} INFO - Started process (PID=13732) to work on /home/vscode/.local/lib/python3.10/site-packages/airflow/example_dags/example_dataset_alias.py
[2025-01-19T03:39:54.784+0000] {processor.py:914} INFO - Processing file /home/vscode/.local/lib/python3.10/site-packages/airflow/example_dags/example_dataset_alias.py for tasks to queue
[2025-01-19T03:39:54.785+0000] {logging_mixin.py:190} INFO - [2025-01-19T03:39:54.785+0000] {dagbag.py:588} INFO - Filling up the DagBag from /home/vscode/.local/lib/python3.10/site-packages/airflow/example_dags/example_dataset_alias.py
[2025-01-19T03:39:54.803+0000] {processor.py:925} INFO - DAG(s) 'dataset_alias_example_alias_producer', 'dataset_s3_bucket_consumer', 'dataset_s3_bucket_producer', 'dataset_alias_example_alias_consumer' retrieved from /home/vscode/.local/lib/python3.10/site-packages/airflow/example_dags/example_dataset_alias.py
[2025-01-19T03:39:54.817+0000] {logging_mixin.py:190} INFO - [2025-01-19T03:39:54.817+0000] {dag.py:3239} INFO - Sync 4 DAGs
[2025-01-19T03:39:54.831+0000] {logging_mixin.py:190} INFO - [2025-01-19T03:39:54.831+0000] {dag.py:4180} INFO - Setting next_dagrun for dataset_alias_example_alias_consumer to None, run_after=None
[2025-01-19T03:39:54.833+0000] {logging_mixin.py:190} INFO - [2025-01-19T03:39:54.833+0000] {dag.py:4180} INFO - Setting next_dagrun for dataset_alias_example_alias_producer to None, run_after=None
[2025-01-19T03:39:54.834+0000] {logging_mixin.py:190} INFO - [2025-01-19T03:39:54.834+0000] {dag.py:4180} INFO - Setting next_dagrun for dataset_s3_bucket_consumer to None, run_after=None
[2025-01-19T03:39:54.835+0000] {logging_mixin.py:190} INFO - [2025-01-19T03:39:54.834+0000] {dag.py:4180} INFO - Setting next_dagrun for dataset_s3_bucket_producer to None, run_after=None
[2025-01-19T03:39:54.852+0000] {processor.py:208} INFO - Processing /home/vscode/.local/lib/python3.10/site-packages/airflow/example_dags/example_dataset_alias.py took 0.074 seconds
[2025-01-19T03:40:46.134+0000] {processor.py:186} INFO - Started process (PID=14077) to work on /home/vscode/.local/lib/python3.10/site-packages/airflow/example_dags/example_dataset_alias.py
[2025-01-19T03:40:46.135+0000] {processor.py:914} INFO - Processing file /home/vscode/.local/lib/python3.10/site-packages/airflow/example_dags/example_dataset_alias.py for tasks to queue
[2025-01-19T03:40:46.137+0000] {logging_mixin.py:190} INFO - [2025-01-19T03:40:46.136+0000] {dagbag.py:588} INFO - Filling up the DagBag from /home/vscode/.local/lib/python3.10/site-packages/airflow/example_dags/example_dataset_alias.py
[2025-01-19T03:40:46.154+0000] {processor.py:925} INFO - DAG(s) 'dataset_s3_bucket_consumer', 'dataset_alias_example_alias_consumer', 'dataset_s3_bucket_producer', 'dataset_alias_example_alias_producer' retrieved from /home/vscode/.local/lib/python3.10/site-packages/airflow/example_dags/example_dataset_alias.py
[2025-01-19T03:40:46.169+0000] {logging_mixin.py:190} INFO - [2025-01-19T03:40:46.169+0000] {dag.py:3239} INFO - Sync 4 DAGs
[2025-01-19T03:40:46.183+0000] {logging_mixin.py:190} INFO - [2025-01-19T03:40:46.183+0000] {dag.py:4180} INFO - Setting next_dagrun for dataset_alias_example_alias_consumer to None, run_after=None
[2025-01-19T03:40:46.185+0000] {logging_mixin.py:190} INFO - [2025-01-19T03:40:46.185+0000] {dag.py:4180} INFO - Setting next_dagrun for dataset_alias_example_alias_producer to None, run_after=None
[2025-01-19T03:40:46.186+0000] {logging_mixin.py:190} INFO - [2025-01-19T03:40:46.186+0000] {dag.py:4180} INFO - Setting next_dagrun for dataset_s3_bucket_consumer to None, run_after=None
[2025-01-19T03:40:46.187+0000] {logging_mixin.py:190} INFO - [2025-01-19T03:40:46.186+0000] {dag.py:4180} INFO - Setting next_dagrun for dataset_s3_bucket_producer to None, run_after=None
[2025-01-19T03:40:46.204+0000] {processor.py:208} INFO - Processing /home/vscode/.local/lib/python3.10/site-packages/airflow/example_dags/example_dataset_alias.py took 0.074 seconds
[2025-01-19T03:41:34.107+0000] {processor.py:186} INFO - Started process (PID=14400) to work on /home/vscode/.local/lib/python3.10/site-packages/airflow/example_dags/example_dataset_alias.py
[2025-01-19T03:41:34.108+0000] {processor.py:914} INFO - Processing file /home/vscode/.local/lib/python3.10/site-packages/airflow/example_dags/example_dataset_alias.py for tasks to queue
[2025-01-19T03:41:34.110+0000] {logging_mixin.py:190} INFO - [2025-01-19T03:41:34.109+0000] {dagbag.py:588} INFO - Filling up the DagBag from /home/vscode/.local/lib/python3.10/site-packages/airflow/example_dags/example_dataset_alias.py
[2025-01-19T03:41:34.127+0000] {processor.py:925} INFO - DAG(s) 'dataset_alias_example_alias_consumer', 'dataset_alias_example_alias_producer', 'dataset_s3_bucket_producer', 'dataset_s3_bucket_consumer' retrieved from /home/vscode/.local/lib/python3.10/site-packages/airflow/example_dags/example_dataset_alias.py
[2025-01-19T03:41:34.142+0000] {logging_mixin.py:190} INFO - [2025-01-19T03:41:34.141+0000] {dag.py:3239} INFO - Sync 4 DAGs
[2025-01-19T03:41:34.156+0000] {logging_mixin.py:190} INFO - [2025-01-19T03:41:34.156+0000] {dag.py:4180} INFO - Setting next_dagrun for dataset_alias_example_alias_consumer to None, run_after=None
[2025-01-19T03:41:34.158+0000] {logging_mixin.py:190} INFO - [2025-01-19T03:41:34.158+0000] {dag.py:4180} INFO - Setting next_dagrun for dataset_alias_example_alias_producer to None, run_after=None
[2025-01-19T03:41:34.159+0000] {logging_mixin.py:190} INFO - [2025-01-19T03:41:34.159+0000] {dag.py:4180} INFO - Setting next_dagrun for dataset_s3_bucket_consumer to None, run_after=None
[2025-01-19T03:41:34.159+0000] {logging_mixin.py:190} INFO - [2025-01-19T03:41:34.159+0000] {dag.py:4180} INFO - Setting next_dagrun for dataset_s3_bucket_producer to None, run_after=None
[2025-01-19T03:41:34.176+0000] {processor.py:208} INFO - Processing /home/vscode/.local/lib/python3.10/site-packages/airflow/example_dags/example_dataset_alias.py took 0.073 seconds
[2025-01-19T03:42:28.822+0000] {processor.py:186} INFO - Started process (PID=14764) to work on /home/vscode/.local/lib/python3.10/site-packages/airflow/example_dags/example_dataset_alias.py
[2025-01-19T03:42:28.822+0000] {processor.py:914} INFO - Processing file /home/vscode/.local/lib/python3.10/site-packages/airflow/example_dags/example_dataset_alias.py for tasks to queue
[2025-01-19T03:42:28.824+0000] {logging_mixin.py:190} INFO - [2025-01-19T03:42:28.824+0000] {dagbag.py:588} INFO - Filling up the DagBag from /home/vscode/.local/lib/python3.10/site-packages/airflow/example_dags/example_dataset_alias.py
[2025-01-19T03:42:28.841+0000] {processor.py:925} INFO - DAG(s) 'dataset_alias_example_alias_consumer', 'dataset_s3_bucket_consumer', 'dataset_alias_example_alias_producer', 'dataset_s3_bucket_producer' retrieved from /home/vscode/.local/lib/python3.10/site-packages/airflow/example_dags/example_dataset_alias.py
[2025-01-19T03:42:28.856+0000] {logging_mixin.py:190} INFO - [2025-01-19T03:42:28.856+0000] {dag.py:3239} INFO - Sync 4 DAGs
[2025-01-19T03:42:28.870+0000] {logging_mixin.py:190} INFO - [2025-01-19T03:42:28.870+0000] {dag.py:4180} INFO - Setting next_dagrun for dataset_alias_example_alias_consumer to None, run_after=None
[2025-01-19T03:42:28.872+0000] {logging_mixin.py:190} INFO - [2025-01-19T03:42:28.872+0000] {dag.py:4180} INFO - Setting next_dagrun for dataset_alias_example_alias_producer to None, run_after=None
[2025-01-19T03:42:28.873+0000] {logging_mixin.py:190} INFO - [2025-01-19T03:42:28.873+0000] {dag.py:4180} INFO - Setting next_dagrun for dataset_s3_bucket_consumer to None, run_after=None
[2025-01-19T03:42:28.874+0000] {logging_mixin.py:190} INFO - [2025-01-19T03:42:28.874+0000] {dag.py:4180} INFO - Setting next_dagrun for dataset_s3_bucket_producer to None, run_after=None
[2025-01-19T03:42:28.892+0000] {processor.py:208} INFO - Processing /home/vscode/.local/lib/python3.10/site-packages/airflow/example_dags/example_dataset_alias.py took 0.075 seconds
[2025-01-19T03:43:17.972+0000] {processor.py:186} INFO - Started process (PID=15099) to work on /home/vscode/.local/lib/python3.10/site-packages/airflow/example_dags/example_dataset_alias.py
[2025-01-19T03:43:17.973+0000] {processor.py:914} INFO - Processing file /home/vscode/.local/lib/python3.10/site-packages/airflow/example_dags/example_dataset_alias.py for tasks to queue
[2025-01-19T03:43:17.974+0000] {logging_mixin.py:190} INFO - [2025-01-19T03:43:17.974+0000] {dagbag.py:588} INFO - Filling up the DagBag from /home/vscode/.local/lib/python3.10/site-packages/airflow/example_dags/example_dataset_alias.py
[2025-01-19T03:43:17.992+0000] {processor.py:925} INFO - DAG(s) 'dataset_alias_example_alias_consumer', 'dataset_alias_example_alias_producer', 'dataset_s3_bucket_producer', 'dataset_s3_bucket_consumer' retrieved from /home/vscode/.local/lib/python3.10/site-packages/airflow/example_dags/example_dataset_alias.py
[2025-01-19T03:43:18.007+0000] {logging_mixin.py:190} INFO - [2025-01-19T03:43:18.007+0000] {dag.py:3239} INFO - Sync 4 DAGs
[2025-01-19T03:43:18.022+0000] {logging_mixin.py:190} INFO - [2025-01-19T03:43:18.022+0000] {dag.py:4180} INFO - Setting next_dagrun for dataset_alias_example_alias_consumer to None, run_after=None
[2025-01-19T03:43:18.024+0000] {logging_mixin.py:190} INFO - [2025-01-19T03:43:18.024+0000] {dag.py:4180} INFO - Setting next_dagrun for dataset_alias_example_alias_producer to None, run_after=None
[2025-01-19T03:43:18.025+0000] {logging_mixin.py:190} INFO - [2025-01-19T03:43:18.024+0000] {dag.py:4180} INFO - Setting next_dagrun for dataset_s3_bucket_consumer to None, run_after=None
[2025-01-19T03:43:18.025+0000] {logging_mixin.py:190} INFO - [2025-01-19T03:43:18.025+0000] {dag.py:4180} INFO - Setting next_dagrun for dataset_s3_bucket_producer to None, run_after=None
[2025-01-19T03:43:18.042+0000] {processor.py:208} INFO - Processing /home/vscode/.local/lib/python3.10/site-packages/airflow/example_dags/example_dataset_alias.py took 0.076 seconds
[2025-01-19T03:44:10.353+0000] {processor.py:186} INFO - Started process (PID=15453) to work on /home/vscode/.local/lib/python3.10/site-packages/airflow/example_dags/example_dataset_alias.py
[2025-01-19T03:44:10.354+0000] {processor.py:914} INFO - Processing file /home/vscode/.local/lib/python3.10/site-packages/airflow/example_dags/example_dataset_alias.py for tasks to queue
[2025-01-19T03:44:10.356+0000] {logging_mixin.py:190} INFO - [2025-01-19T03:44:10.355+0000] {dagbag.py:588} INFO - Filling up the DagBag from /home/vscode/.local/lib/python3.10/site-packages/airflow/example_dags/example_dataset_alias.py
[2025-01-19T03:44:10.373+0000] {processor.py:925} INFO - DAG(s) 'dataset_alias_example_alias_consumer', 'dataset_alias_example_alias_producer', 'dataset_s3_bucket_producer', 'dataset_s3_bucket_consumer' retrieved from /home/vscode/.local/lib/python3.10/site-packages/airflow/example_dags/example_dataset_alias.py
[2025-01-19T03:44:10.388+0000] {logging_mixin.py:190} INFO - [2025-01-19T03:44:10.387+0000] {dag.py:3239} INFO - Sync 4 DAGs
[2025-01-19T03:44:10.408+0000] {logging_mixin.py:190} INFO - [2025-01-19T03:44:10.407+0000] {dag.py:4180} INFO - Setting next_dagrun for dataset_alias_example_alias_consumer to None, run_after=None
[2025-01-19T03:44:10.410+0000] {logging_mixin.py:190} INFO - [2025-01-19T03:44:10.410+0000] {dag.py:4180} INFO - Setting next_dagrun for dataset_alias_example_alias_producer to None, run_after=None
[2025-01-19T03:44:10.411+0000] {logging_mixin.py:190} INFO - [2025-01-19T03:44:10.411+0000] {dag.py:4180} INFO - Setting next_dagrun for dataset_s3_bucket_consumer to None, run_after=None
[2025-01-19T03:44:10.412+0000] {logging_mixin.py:190} INFO - [2025-01-19T03:44:10.412+0000] {dag.py:4180} INFO - Setting next_dagrun for dataset_s3_bucket_producer to None, run_after=None
[2025-01-19T03:44:10.438+0000] {processor.py:208} INFO - Processing /home/vscode/.local/lib/python3.10/site-packages/airflow/example_dags/example_dataset_alias.py took 0.089 seconds
[2025-01-19T03:45:02.430+0000] {processor.py:186} INFO - Started process (PID=15804) to work on /home/vscode/.local/lib/python3.10/site-packages/airflow/example_dags/example_dataset_alias.py
[2025-01-19T03:45:02.435+0000] {processor.py:914} INFO - Processing file /home/vscode/.local/lib/python3.10/site-packages/airflow/example_dags/example_dataset_alias.py for tasks to queue
[2025-01-19T03:45:02.437+0000] {logging_mixin.py:190} INFO - [2025-01-19T03:45:02.437+0000] {dagbag.py:588} INFO - Filling up the DagBag from /home/vscode/.local/lib/python3.10/site-packages/airflow/example_dags/example_dataset_alias.py
[2025-01-19T03:45:02.464+0000] {processor.py:925} INFO - DAG(s) 'dataset_s3_bucket_consumer', 'dataset_alias_example_alias_producer', 'dataset_s3_bucket_producer', 'dataset_alias_example_alias_consumer' retrieved from /home/vscode/.local/lib/python3.10/site-packages/airflow/example_dags/example_dataset_alias.py
[2025-01-19T03:45:02.484+0000] {logging_mixin.py:190} INFO - [2025-01-19T03:45:02.484+0000] {dag.py:3239} INFO - Sync 4 DAGs
[2025-01-19T03:45:02.500+0000] {logging_mixin.py:190} INFO - [2025-01-19T03:45:02.499+0000] {dag.py:4180} INFO - Setting next_dagrun for dataset_alias_example_alias_consumer to None, run_after=None
[2025-01-19T03:45:02.502+0000] {logging_mixin.py:190} INFO - [2025-01-19T03:45:02.501+0000] {dag.py:4180} INFO - Setting next_dagrun for dataset_alias_example_alias_producer to None, run_after=None
[2025-01-19T03:45:02.502+0000] {logging_mixin.py:190} INFO - [2025-01-19T03:45:02.502+0000] {dag.py:4180} INFO - Setting next_dagrun for dataset_s3_bucket_consumer to None, run_after=None
[2025-01-19T03:45:02.503+0000] {logging_mixin.py:190} INFO - [2025-01-19T03:45:02.503+0000] {dag.py:4180} INFO - Setting next_dagrun for dataset_s3_bucket_producer to None, run_after=None
[2025-01-19T03:45:02.520+0000] {processor.py:208} INFO - Processing /home/vscode/.local/lib/python3.10/site-packages/airflow/example_dags/example_dataset_alias.py took 0.097 seconds
[2025-01-19T03:45:54.369+0000] {processor.py:186} INFO - Started process (PID=16156) to work on /home/vscode/.local/lib/python3.10/site-packages/airflow/example_dags/example_dataset_alias.py
[2025-01-19T03:45:54.370+0000] {processor.py:914} INFO - Processing file /home/vscode/.local/lib/python3.10/site-packages/airflow/example_dags/example_dataset_alias.py for tasks to queue
[2025-01-19T03:45:54.371+0000] {logging_mixin.py:190} INFO - [2025-01-19T03:45:54.371+0000] {dagbag.py:588} INFO - Filling up the DagBag from /home/vscode/.local/lib/python3.10/site-packages/airflow/example_dags/example_dataset_alias.py
[2025-01-19T03:45:54.389+0000] {processor.py:925} INFO - DAG(s) 'dataset_alias_example_alias_consumer', 'dataset_s3_bucket_consumer', 'dataset_alias_example_alias_producer', 'dataset_s3_bucket_producer' retrieved from /home/vscode/.local/lib/python3.10/site-packages/airflow/example_dags/example_dataset_alias.py
[2025-01-19T03:45:54.404+0000] {logging_mixin.py:190} INFO - [2025-01-19T03:45:54.403+0000] {dag.py:3239} INFO - Sync 4 DAGs
[2025-01-19T03:45:54.418+0000] {logging_mixin.py:190} INFO - [2025-01-19T03:45:54.418+0000] {dag.py:4180} INFO - Setting next_dagrun for dataset_alias_example_alias_consumer to None, run_after=None
[2025-01-19T03:45:54.420+0000] {logging_mixin.py:190} INFO - [2025-01-19T03:45:54.420+0000] {dag.py:4180} INFO - Setting next_dagrun for dataset_alias_example_alias_producer to None, run_after=None
[2025-01-19T03:45:54.421+0000] {logging_mixin.py:190} INFO - [2025-01-19T03:45:54.421+0000] {dag.py:4180} INFO - Setting next_dagrun for dataset_s3_bucket_consumer to None, run_after=None
[2025-01-19T03:45:54.422+0000] {logging_mixin.py:190} INFO - [2025-01-19T03:45:54.422+0000] {dag.py:4180} INFO - Setting next_dagrun for dataset_s3_bucket_producer to None, run_after=None
[2025-01-19T03:45:54.439+0000] {processor.py:208} INFO - Processing /home/vscode/.local/lib/python3.10/site-packages/airflow/example_dags/example_dataset_alias.py took 0.074 seconds
[2025-01-19T03:46:43.922+0000] {processor.py:186} INFO - Started process (PID=16480) to work on /home/vscode/.local/lib/python3.10/site-packages/airflow/example_dags/example_dataset_alias.py
[2025-01-19T03:46:43.923+0000] {processor.py:914} INFO - Processing file /home/vscode/.local/lib/python3.10/site-packages/airflow/example_dags/example_dataset_alias.py for tasks to queue
[2025-01-19T03:46:43.924+0000] {logging_mixin.py:190} INFO - [2025-01-19T03:46:43.924+0000] {dagbag.py:588} INFO - Filling up the DagBag from /home/vscode/.local/lib/python3.10/site-packages/airflow/example_dags/example_dataset_alias.py
[2025-01-19T03:46:43.942+0000] {processor.py:925} INFO - DAG(s) 'dataset_s3_bucket_consumer', 'dataset_alias_example_alias_producer', 'dataset_s3_bucket_producer', 'dataset_alias_example_alias_consumer' retrieved from /home/vscode/.local/lib/python3.10/site-packages/airflow/example_dags/example_dataset_alias.py
[2025-01-19T03:46:43.957+0000] {logging_mixin.py:190} INFO - [2025-01-19T03:46:43.957+0000] {dag.py:3239} INFO - Sync 4 DAGs
[2025-01-19T03:46:43.972+0000] {logging_mixin.py:190} INFO - [2025-01-19T03:46:43.972+0000] {dag.py:4180} INFO - Setting next_dagrun for dataset_alias_example_alias_consumer to None, run_after=None
[2025-01-19T03:46:43.974+0000] {logging_mixin.py:190} INFO - [2025-01-19T03:46:43.974+0000] {dag.py:4180} INFO - Setting next_dagrun for dataset_alias_example_alias_producer to None, run_after=None
[2025-01-19T03:46:43.975+0000] {logging_mixin.py:190} INFO - [2025-01-19T03:46:43.975+0000] {dag.py:4180} INFO - Setting next_dagrun for dataset_s3_bucket_consumer to None, run_after=None
[2025-01-19T03:46:43.976+0000] {logging_mixin.py:190} INFO - [2025-01-19T03:46:43.975+0000] {dag.py:4180} INFO - Setting next_dagrun for dataset_s3_bucket_producer to None, run_after=None
[2025-01-19T03:46:43.992+0000] {processor.py:208} INFO - Processing /home/vscode/.local/lib/python3.10/site-packages/airflow/example_dags/example_dataset_alias.py took 0.075 seconds
[2025-01-19T03:47:37.042+0000] {processor.py:186} INFO - Started process (PID=16848) to work on /home/vscode/.local/lib/python3.10/site-packages/airflow/example_dags/example_dataset_alias.py
[2025-01-19T03:47:37.042+0000] {processor.py:914} INFO - Processing file /home/vscode/.local/lib/python3.10/site-packages/airflow/example_dags/example_dataset_alias.py for tasks to queue
[2025-01-19T03:47:37.044+0000] {logging_mixin.py:190} INFO - [2025-01-19T03:47:37.044+0000] {dagbag.py:588} INFO - Filling up the DagBag from /home/vscode/.local/lib/python3.10/site-packages/airflow/example_dags/example_dataset_alias.py
[2025-01-19T03:47:37.063+0000] {processor.py:925} INFO - DAG(s) 'dataset_s3_bucket_producer', 'dataset_alias_example_alias_consumer', 'dataset_s3_bucket_consumer', 'dataset_alias_example_alias_producer' retrieved from /home/vscode/.local/lib/python3.10/site-packages/airflow/example_dags/example_dataset_alias.py
[2025-01-19T03:47:37.078+0000] {logging_mixin.py:190} INFO - [2025-01-19T03:47:37.078+0000] {dag.py:3239} INFO - Sync 4 DAGs
[2025-01-19T03:47:37.094+0000] {logging_mixin.py:190} INFO - [2025-01-19T03:47:37.094+0000] {dag.py:4180} INFO - Setting next_dagrun for dataset_alias_example_alias_consumer to None, run_after=None
[2025-01-19T03:47:37.096+0000] {logging_mixin.py:190} INFO - [2025-01-19T03:47:37.096+0000] {dag.py:4180} INFO - Setting next_dagrun for dataset_alias_example_alias_producer to None, run_after=None
[2025-01-19T03:47:37.097+0000] {logging_mixin.py:190} INFO - [2025-01-19T03:47:37.097+0000] {dag.py:4180} INFO - Setting next_dagrun for dataset_s3_bucket_consumer to None, run_after=None
[2025-01-19T03:47:37.098+0000] {logging_mixin.py:190} INFO - [2025-01-19T03:47:37.098+0000] {dag.py:4180} INFO - Setting next_dagrun for dataset_s3_bucket_producer to None, run_after=None
[2025-01-19T03:47:37.114+0000] {processor.py:208} INFO - Processing /home/vscode/.local/lib/python3.10/site-packages/airflow/example_dags/example_dataset_alias.py took 0.077 seconds
[2025-01-19T03:48:26.597+0000] {processor.py:186} INFO - Started process (PID=17193) to work on /home/vscode/.local/lib/python3.10/site-packages/airflow/example_dags/example_dataset_alias.py
[2025-01-19T03:48:26.598+0000] {processor.py:914} INFO - Processing file /home/vscode/.local/lib/python3.10/site-packages/airflow/example_dags/example_dataset_alias.py for tasks to queue
[2025-01-19T03:48:26.600+0000] {logging_mixin.py:190} INFO - [2025-01-19T03:48:26.599+0000] {dagbag.py:588} INFO - Filling up the DagBag from /home/vscode/.local/lib/python3.10/site-packages/airflow/example_dags/example_dataset_alias.py
[2025-01-19T03:48:26.617+0000] {processor.py:925} INFO - DAG(s) 'dataset_alias_example_alias_consumer', 'dataset_s3_bucket_producer', 'dataset_s3_bucket_consumer', 'dataset_alias_example_alias_producer' retrieved from /home/vscode/.local/lib/python3.10/site-packages/airflow/example_dags/example_dataset_alias.py
[2025-01-19T03:48:26.631+0000] {logging_mixin.py:190} INFO - [2025-01-19T03:48:26.631+0000] {dag.py:3239} INFO - Sync 4 DAGs
[2025-01-19T03:48:26.646+0000] {logging_mixin.py:190} INFO - [2025-01-19T03:48:26.645+0000] {dag.py:4180} INFO - Setting next_dagrun for dataset_alias_example_alias_consumer to None, run_after=None
[2025-01-19T03:48:26.647+0000] {logging_mixin.py:190} INFO - [2025-01-19T03:48:26.647+0000] {dag.py:4180} INFO - Setting next_dagrun for dataset_alias_example_alias_producer to None, run_after=None
[2025-01-19T03:48:26.648+0000] {logging_mixin.py:190} INFO - [2025-01-19T03:48:26.648+0000] {dag.py:4180} INFO - Setting next_dagrun for dataset_s3_bucket_consumer to None, run_after=None
[2025-01-19T03:48:26.649+0000] {logging_mixin.py:190} INFO - [2025-01-19T03:48:26.649+0000] {dag.py:4180} INFO - Setting next_dagrun for dataset_s3_bucket_producer to None, run_after=None
[2025-01-19T03:48:26.667+0000] {processor.py:208} INFO - Processing /home/vscode/.local/lib/python3.10/site-packages/airflow/example_dags/example_dataset_alias.py took 0.075 seconds
[2025-01-19T03:49:18.030+0000] {processor.py:186} INFO - Started process (PID=17651) to work on /home/vscode/.local/lib/python3.10/site-packages/airflow/example_dags/example_dataset_alias.py
[2025-01-19T03:49:18.031+0000] {processor.py:914} INFO - Processing file /home/vscode/.local/lib/python3.10/site-packages/airflow/example_dags/example_dataset_alias.py for tasks to queue
[2025-01-19T03:49:18.033+0000] {logging_mixin.py:190} INFO - [2025-01-19T03:49:18.032+0000] {dagbag.py:588} INFO - Filling up the DagBag from /home/vscode/.local/lib/python3.10/site-packages/airflow/example_dags/example_dataset_alias.py
[2025-01-19T03:49:18.050+0000] {processor.py:925} INFO - DAG(s) 'dataset_s3_bucket_producer', 'dataset_s3_bucket_consumer', 'dataset_alias_example_alias_producer', 'dataset_alias_example_alias_consumer' retrieved from /home/vscode/.local/lib/python3.10/site-packages/airflow/example_dags/example_dataset_alias.py
[2025-01-19T03:49:18.065+0000] {logging_mixin.py:190} INFO - [2025-01-19T03:49:18.065+0000] {dag.py:3239} INFO - Sync 4 DAGs
[2025-01-19T03:49:18.080+0000] {logging_mixin.py:190} INFO - [2025-01-19T03:49:18.079+0000] {dag.py:4180} INFO - Setting next_dagrun for dataset_alias_example_alias_consumer to None, run_after=None
[2025-01-19T03:49:18.081+0000] {logging_mixin.py:190} INFO - [2025-01-19T03:49:18.081+0000] {dag.py:4180} INFO - Setting next_dagrun for dataset_alias_example_alias_producer to None, run_after=None
[2025-01-19T03:49:18.082+0000] {logging_mixin.py:190} INFO - [2025-01-19T03:49:18.082+0000] {dag.py:4180} INFO - Setting next_dagrun for dataset_s3_bucket_consumer to None, run_after=None
[2025-01-19T03:49:18.083+0000] {logging_mixin.py:190} INFO - [2025-01-19T03:49:18.083+0000] {dag.py:4180} INFO - Setting next_dagrun for dataset_s3_bucket_producer to None, run_after=None
[2025-01-19T03:49:18.103+0000] {processor.py:208} INFO - Processing /home/vscode/.local/lib/python3.10/site-packages/airflow/example_dags/example_dataset_alias.py took 0.077 seconds
[2025-01-19T03:50:09.379+0000] {processor.py:186} INFO - Started process (PID=18042) to work on /home/vscode/.local/lib/python3.10/site-packages/airflow/example_dags/example_dataset_alias.py
[2025-01-19T03:50:09.380+0000] {processor.py:914} INFO - Processing file /home/vscode/.local/lib/python3.10/site-packages/airflow/example_dags/example_dataset_alias.py for tasks to queue
[2025-01-19T03:50:09.382+0000] {logging_mixin.py:190} INFO - [2025-01-19T03:50:09.381+0000] {dagbag.py:588} INFO - Filling up the DagBag from /home/vscode/.local/lib/python3.10/site-packages/airflow/example_dags/example_dataset_alias.py
[2025-01-19T03:50:09.404+0000] {processor.py:925} INFO - DAG(s) 'dataset_alias_example_alias_producer', 'dataset_s3_bucket_producer', 'dataset_alias_example_alias_consumer', 'dataset_s3_bucket_consumer' retrieved from /home/vscode/.local/lib/python3.10/site-packages/airflow/example_dags/example_dataset_alias.py
[2025-01-19T03:50:09.419+0000] {logging_mixin.py:190} INFO - [2025-01-19T03:50:09.419+0000] {dag.py:3239} INFO - Sync 4 DAGs
[2025-01-19T03:50:09.435+0000] {logging_mixin.py:190} INFO - [2025-01-19T03:50:09.435+0000] {dag.py:4180} INFO - Setting next_dagrun for dataset_alias_example_alias_consumer to None, run_after=None
[2025-01-19T03:50:09.437+0000] {logging_mixin.py:190} INFO - [2025-01-19T03:50:09.437+0000] {dag.py:4180} INFO - Setting next_dagrun for dataset_alias_example_alias_producer to None, run_after=None
[2025-01-19T03:50:09.438+0000] {logging_mixin.py:190} INFO - [2025-01-19T03:50:09.438+0000] {dag.py:4180} INFO - Setting next_dagrun for dataset_s3_bucket_consumer to None, run_after=None
[2025-01-19T03:50:09.439+0000] {logging_mixin.py:190} INFO - [2025-01-19T03:50:09.439+0000] {dag.py:4180} INFO - Setting next_dagrun for dataset_s3_bucket_producer to None, run_after=None
[2025-01-19T03:50:09.455+0000] {processor.py:208} INFO - Processing /home/vscode/.local/lib/python3.10/site-packages/airflow/example_dags/example_dataset_alias.py took 0.081 seconds
[2025-01-19T03:50:59.645+0000] {processor.py:186} INFO - Started process (PID=18432) to work on /home/vscode/.local/lib/python3.10/site-packages/airflow/example_dags/example_dataset_alias.py
[2025-01-19T03:50:59.646+0000] {processor.py:914} INFO - Processing file /home/vscode/.local/lib/python3.10/site-packages/airflow/example_dags/example_dataset_alias.py for tasks to queue
[2025-01-19T03:50:59.648+0000] {logging_mixin.py:190} INFO - [2025-01-19T03:50:59.648+0000] {dagbag.py:588} INFO - Filling up the DagBag from /home/vscode/.local/lib/python3.10/site-packages/airflow/example_dags/example_dataset_alias.py
[2025-01-19T03:50:59.665+0000] {processor.py:925} INFO - DAG(s) 'dataset_s3_bucket_producer', 'dataset_alias_example_alias_consumer', 'dataset_alias_example_alias_producer', 'dataset_s3_bucket_consumer' retrieved from /home/vscode/.local/lib/python3.10/site-packages/airflow/example_dags/example_dataset_alias.py
[2025-01-19T03:50:59.680+0000] {logging_mixin.py:190} INFO - [2025-01-19T03:50:59.680+0000] {dag.py:3239} INFO - Sync 4 DAGs
[2025-01-19T03:50:59.695+0000] {logging_mixin.py:190} INFO - [2025-01-19T03:50:59.695+0000] {dag.py:4180} INFO - Setting next_dagrun for dataset_alias_example_alias_consumer to None, run_after=None
[2025-01-19T03:50:59.696+0000] {logging_mixin.py:190} INFO - [2025-01-19T03:50:59.696+0000] {dag.py:4180} INFO - Setting next_dagrun for dataset_alias_example_alias_producer to None, run_after=None
[2025-01-19T03:50:59.697+0000] {logging_mixin.py:190} INFO - [2025-01-19T03:50:59.697+0000] {dag.py:4180} INFO - Setting next_dagrun for dataset_s3_bucket_consumer to None, run_after=None
[2025-01-19T03:50:59.698+0000] {logging_mixin.py:190} INFO - [2025-01-19T03:50:59.698+0000] {dag.py:4180} INFO - Setting next_dagrun for dataset_s3_bucket_producer to None, run_after=None
[2025-01-19T03:50:59.714+0000] {processor.py:208} INFO - Processing /home/vscode/.local/lib/python3.10/site-packages/airflow/example_dags/example_dataset_alias.py took 0.074 seconds
[2025-01-19T03:55:12.627+0000] {processor.py:186} INFO - Started process (PID=20231) to work on /home/vscode/.local/lib/python3.10/site-packages/airflow/example_dags/example_dataset_alias.py
[2025-01-19T03:55:12.628+0000] {processor.py:914} INFO - Processing file /home/vscode/.local/lib/python3.10/site-packages/airflow/example_dags/example_dataset_alias.py for tasks to queue
[2025-01-19T03:55:12.630+0000] {logging_mixin.py:190} INFO - [2025-01-19T03:55:12.629+0000] {dagbag.py:588} INFO - Filling up the DagBag from /home/vscode/.local/lib/python3.10/site-packages/airflow/example_dags/example_dataset_alias.py
[2025-01-19T03:55:12.648+0000] {processor.py:925} INFO - DAG(s) 'dataset_alias_example_alias_consumer', 'dataset_s3_bucket_producer', 'dataset_alias_example_alias_producer', 'dataset_s3_bucket_consumer' retrieved from /home/vscode/.local/lib/python3.10/site-packages/airflow/example_dags/example_dataset_alias.py
[2025-01-19T03:55:12.664+0000] {logging_mixin.py:190} INFO - [2025-01-19T03:55:12.663+0000] {dag.py:3239} INFO - Sync 4 DAGs
[2025-01-19T03:55:12.678+0000] {logging_mixin.py:190} INFO - [2025-01-19T03:55:12.678+0000] {dag.py:4180} INFO - Setting next_dagrun for dataset_alias_example_alias_consumer to None, run_after=None
[2025-01-19T03:55:12.680+0000] {logging_mixin.py:190} INFO - [2025-01-19T03:55:12.680+0000] {dag.py:4180} INFO - Setting next_dagrun for dataset_alias_example_alias_producer to None, run_after=None
[2025-01-19T03:55:12.681+0000] {logging_mixin.py:190} INFO - [2025-01-19T03:55:12.680+0000] {dag.py:4180} INFO - Setting next_dagrun for dataset_s3_bucket_consumer to None, run_after=None
[2025-01-19T03:55:12.681+0000] {logging_mixin.py:190} INFO - [2025-01-19T03:55:12.681+0000] {dag.py:4180} INFO - Setting next_dagrun for dataset_s3_bucket_producer to None, run_after=None
[2025-01-19T03:55:12.698+0000] {processor.py:208} INFO - Processing /home/vscode/.local/lib/python3.10/site-packages/airflow/example_dags/example_dataset_alias.py took 0.075 seconds
[2025-01-19T03:56:08.220+0000] {processor.py:186} INFO - Started process (PID=20603) to work on /home/vscode/.local/lib/python3.10/site-packages/airflow/example_dags/example_dataset_alias.py
[2025-01-19T03:56:08.221+0000] {processor.py:914} INFO - Processing file /home/vscode/.local/lib/python3.10/site-packages/airflow/example_dags/example_dataset_alias.py for tasks to queue
[2025-01-19T03:56:08.222+0000] {logging_mixin.py:190} INFO - [2025-01-19T03:56:08.222+0000] {dagbag.py:588} INFO - Filling up the DagBag from /home/vscode/.local/lib/python3.10/site-packages/airflow/example_dags/example_dataset_alias.py
[2025-01-19T03:56:08.239+0000] {processor.py:925} INFO - DAG(s) 'dataset_s3_bucket_consumer', 'dataset_s3_bucket_producer', 'dataset_alias_example_alias_consumer', 'dataset_alias_example_alias_producer' retrieved from /home/vscode/.local/lib/python3.10/site-packages/airflow/example_dags/example_dataset_alias.py
[2025-01-19T03:56:08.254+0000] {logging_mixin.py:190} INFO - [2025-01-19T03:56:08.254+0000] {dag.py:3239} INFO - Sync 4 DAGs
[2025-01-19T03:56:08.268+0000] {logging_mixin.py:190} INFO - [2025-01-19T03:56:08.268+0000] {dag.py:4180} INFO - Setting next_dagrun for dataset_alias_example_alias_consumer to None, run_after=None
[2025-01-19T03:56:08.270+0000] {logging_mixin.py:190} INFO - [2025-01-19T03:56:08.270+0000] {dag.py:4180} INFO - Setting next_dagrun for dataset_alias_example_alias_producer to None, run_after=None
[2025-01-19T03:56:08.271+0000] {logging_mixin.py:190} INFO - [2025-01-19T03:56:08.270+0000] {dag.py:4180} INFO - Setting next_dagrun for dataset_s3_bucket_consumer to None, run_after=None
[2025-01-19T03:56:08.271+0000] {logging_mixin.py:190} INFO - [2025-01-19T03:56:08.271+0000] {dag.py:4180} INFO - Setting next_dagrun for dataset_s3_bucket_producer to None, run_after=None
[2025-01-19T03:56:08.288+0000] {processor.py:208} INFO - Processing /home/vscode/.local/lib/python3.10/site-packages/airflow/example_dags/example_dataset_alias.py took 0.072 seconds
[2025-01-19T03:57:04.759+0000] {processor.py:186} INFO - Started process (PID=20987) to work on /home/vscode/.local/lib/python3.10/site-packages/airflow/example_dags/example_dataset_alias.py
[2025-01-19T03:57:04.760+0000] {processor.py:914} INFO - Processing file /home/vscode/.local/lib/python3.10/site-packages/airflow/example_dags/example_dataset_alias.py for tasks to queue
[2025-01-19T03:57:04.761+0000] {logging_mixin.py:190} INFO - [2025-01-19T03:57:04.761+0000] {dagbag.py:588} INFO - Filling up the DagBag from /home/vscode/.local/lib/python3.10/site-packages/airflow/example_dags/example_dataset_alias.py
[2025-01-19T03:57:04.781+0000] {processor.py:925} INFO - DAG(s) 'dataset_s3_bucket_producer', 'dataset_alias_example_alias_consumer', 'dataset_alias_example_alias_producer', 'dataset_s3_bucket_consumer' retrieved from /home/vscode/.local/lib/python3.10/site-packages/airflow/example_dags/example_dataset_alias.py
[2025-01-19T03:57:04.803+0000] {logging_mixin.py:190} INFO - [2025-01-19T03:57:04.802+0000] {dag.py:3239} INFO - Sync 4 DAGs
[2025-01-19T03:57:04.827+0000] {logging_mixin.py:190} INFO - [2025-01-19T03:57:04.827+0000] {dag.py:4180} INFO - Setting next_dagrun for dataset_alias_example_alias_consumer to None, run_after=None
[2025-01-19T03:57:04.829+0000] {logging_mixin.py:190} INFO - [2025-01-19T03:57:04.829+0000] {dag.py:4180} INFO - Setting next_dagrun for dataset_alias_example_alias_producer to None, run_after=None
[2025-01-19T03:57:04.831+0000] {logging_mixin.py:190} INFO - [2025-01-19T03:57:04.830+0000] {dag.py:4180} INFO - Setting next_dagrun for dataset_s3_bucket_consumer to None, run_after=None
[2025-01-19T03:57:04.832+0000] {logging_mixin.py:190} INFO - [2025-01-19T03:57:04.832+0000] {dag.py:4180} INFO - Setting next_dagrun for dataset_s3_bucket_producer to None, run_after=None
[2025-01-19T03:57:04.850+0000] {processor.py:208} INFO - Processing /home/vscode/.local/lib/python3.10/site-packages/airflow/example_dags/example_dataset_alias.py took 0.096 seconds
[2025-01-19T03:57:56.793+0000] {processor.py:186} INFO - Started process (PID=21343) to work on /home/vscode/.local/lib/python3.10/site-packages/airflow/example_dags/example_dataset_alias.py
[2025-01-19T03:57:56.794+0000] {processor.py:914} INFO - Processing file /home/vscode/.local/lib/python3.10/site-packages/airflow/example_dags/example_dataset_alias.py for tasks to queue
[2025-01-19T03:57:56.796+0000] {logging_mixin.py:190} INFO - [2025-01-19T03:57:56.795+0000] {dagbag.py:588} INFO - Filling up the DagBag from /home/vscode/.local/lib/python3.10/site-packages/airflow/example_dags/example_dataset_alias.py
[2025-01-19T03:57:56.813+0000] {processor.py:925} INFO - DAG(s) 'dataset_s3_bucket_consumer', 'dataset_s3_bucket_producer', 'dataset_alias_example_alias_consumer', 'dataset_alias_example_alias_producer' retrieved from /home/vscode/.local/lib/python3.10/site-packages/airflow/example_dags/example_dataset_alias.py
[2025-01-19T03:57:56.828+0000] {logging_mixin.py:190} INFO - [2025-01-19T03:57:56.828+0000] {dag.py:3239} INFO - Sync 4 DAGs
[2025-01-19T03:57:56.842+0000] {logging_mixin.py:190} INFO - [2025-01-19T03:57:56.842+0000] {dag.py:4180} INFO - Setting next_dagrun for dataset_alias_example_alias_consumer to None, run_after=None
[2025-01-19T03:57:56.844+0000] {logging_mixin.py:190} INFO - [2025-01-19T03:57:56.844+0000] {dag.py:4180} INFO - Setting next_dagrun for dataset_alias_example_alias_producer to None, run_after=None
[2025-01-19T03:57:56.845+0000] {logging_mixin.py:190} INFO - [2025-01-19T03:57:56.845+0000] {dag.py:4180} INFO - Setting next_dagrun for dataset_s3_bucket_consumer to None, run_after=None
[2025-01-19T03:57:56.845+0000] {logging_mixin.py:190} INFO - [2025-01-19T03:57:56.845+0000] {dag.py:4180} INFO - Setting next_dagrun for dataset_s3_bucket_producer to None, run_after=None
[2025-01-19T03:57:56.862+0000] {processor.py:208} INFO - Processing /home/vscode/.local/lib/python3.10/site-packages/airflow/example_dags/example_dataset_alias.py took 0.073 seconds
[2025-01-19T03:58:47.614+0000] {processor.py:186} INFO - Started process (PID=21685) to work on /home/vscode/.local/lib/python3.10/site-packages/airflow/example_dags/example_dataset_alias.py
[2025-01-19T03:58:47.615+0000] {processor.py:914} INFO - Processing file /home/vscode/.local/lib/python3.10/site-packages/airflow/example_dags/example_dataset_alias.py for tasks to queue
[2025-01-19T03:58:47.616+0000] {logging_mixin.py:190} INFO - [2025-01-19T03:58:47.616+0000] {dagbag.py:588} INFO - Filling up the DagBag from /home/vscode/.local/lib/python3.10/site-packages/airflow/example_dags/example_dataset_alias.py
[2025-01-19T03:58:47.634+0000] {processor.py:925} INFO - DAG(s) 'dataset_s3_bucket_producer', 'dataset_alias_example_alias_consumer', 'dataset_alias_example_alias_producer', 'dataset_s3_bucket_consumer' retrieved from /home/vscode/.local/lib/python3.10/site-packages/airflow/example_dags/example_dataset_alias.py
[2025-01-19T03:58:47.649+0000] {logging_mixin.py:190} INFO - [2025-01-19T03:58:47.649+0000] {dag.py:3239} INFO - Sync 4 DAGs
[2025-01-19T03:58:47.664+0000] {logging_mixin.py:190} INFO - [2025-01-19T03:58:47.664+0000] {dag.py:4180} INFO - Setting next_dagrun for dataset_alias_example_alias_consumer to None, run_after=None
[2025-01-19T03:58:47.666+0000] {logging_mixin.py:190} INFO - [2025-01-19T03:58:47.666+0000] {dag.py:4180} INFO - Setting next_dagrun for dataset_alias_example_alias_producer to None, run_after=None
[2025-01-19T03:58:47.667+0000] {logging_mixin.py:190} INFO - [2025-01-19T03:58:47.667+0000] {dag.py:4180} INFO - Setting next_dagrun for dataset_s3_bucket_consumer to None, run_after=None
[2025-01-19T03:58:47.667+0000] {logging_mixin.py:190} INFO - [2025-01-19T03:58:47.667+0000] {dag.py:4180} INFO - Setting next_dagrun for dataset_s3_bucket_producer to None, run_after=None
[2025-01-19T03:58:47.684+0000] {processor.py:208} INFO - Processing /home/vscode/.local/lib/python3.10/site-packages/airflow/example_dags/example_dataset_alias.py took 0.075 seconds
[2025-01-19T03:59:39.497+0000] {processor.py:186} INFO - Started process (PID=22037) to work on /home/vscode/.local/lib/python3.10/site-packages/airflow/example_dags/example_dataset_alias.py
[2025-01-19T03:59:39.498+0000] {processor.py:914} INFO - Processing file /home/vscode/.local/lib/python3.10/site-packages/airflow/example_dags/example_dataset_alias.py for tasks to queue
[2025-01-19T03:59:39.499+0000] {logging_mixin.py:190} INFO - [2025-01-19T03:59:39.499+0000] {dagbag.py:588} INFO - Filling up the DagBag from /home/vscode/.local/lib/python3.10/site-packages/airflow/example_dags/example_dataset_alias.py
[2025-01-19T03:59:39.517+0000] {processor.py:925} INFO - DAG(s) 'dataset_s3_bucket_consumer', 'dataset_alias_example_alias_producer', 'dataset_s3_bucket_producer', 'dataset_alias_example_alias_consumer' retrieved from /home/vscode/.local/lib/python3.10/site-packages/airflow/example_dags/example_dataset_alias.py
[2025-01-19T03:59:39.532+0000] {logging_mixin.py:190} INFO - [2025-01-19T03:59:39.532+0000] {dag.py:3239} INFO - Sync 4 DAGs
[2025-01-19T03:59:39.546+0000] {logging_mixin.py:190} INFO - [2025-01-19T03:59:39.546+0000] {dag.py:4180} INFO - Setting next_dagrun for dataset_alias_example_alias_consumer to None, run_after=None
[2025-01-19T03:59:39.548+0000] {logging_mixin.py:190} INFO - [2025-01-19T03:59:39.548+0000] {dag.py:4180} INFO - Setting next_dagrun for dataset_alias_example_alias_producer to None, run_after=None
[2025-01-19T03:59:39.549+0000] {logging_mixin.py:190} INFO - [2025-01-19T03:59:39.549+0000] {dag.py:4180} INFO - Setting next_dagrun for dataset_s3_bucket_consumer to None, run_after=None
[2025-01-19T03:59:39.550+0000] {logging_mixin.py:190} INFO - [2025-01-19T03:59:39.550+0000] {dag.py:4180} INFO - Setting next_dagrun for dataset_s3_bucket_producer to None, run_after=None
[2025-01-19T03:59:39.568+0000] {processor.py:208} INFO - Processing /home/vscode/.local/lib/python3.10/site-packages/airflow/example_dags/example_dataset_alias.py took 0.076 seconds
[2025-01-19T04:00:31.544+0000] {processor.py:186} INFO - Started process (PID=22400) to work on /home/vscode/.local/lib/python3.10/site-packages/airflow/example_dags/example_dataset_alias.py
[2025-01-19T04:00:31.545+0000] {processor.py:914} INFO - Processing file /home/vscode/.local/lib/python3.10/site-packages/airflow/example_dags/example_dataset_alias.py for tasks to queue
[2025-01-19T04:00:31.547+0000] {logging_mixin.py:190} INFO - [2025-01-19T04:00:31.546+0000] {dagbag.py:588} INFO - Filling up the DagBag from /home/vscode/.local/lib/python3.10/site-packages/airflow/example_dags/example_dataset_alias.py
[2025-01-19T04:00:31.565+0000] {processor.py:925} INFO - DAG(s) 'dataset_s3_bucket_producer', 'dataset_s3_bucket_consumer', 'dataset_alias_example_alias_consumer', 'dataset_alias_example_alias_producer' retrieved from /home/vscode/.local/lib/python3.10/site-packages/airflow/example_dags/example_dataset_alias.py
[2025-01-19T04:00:31.580+0000] {logging_mixin.py:190} INFO - [2025-01-19T04:00:31.579+0000] {dag.py:3239} INFO - Sync 4 DAGs
[2025-01-19T04:00:31.595+0000] {logging_mixin.py:190} INFO - [2025-01-19T04:00:31.594+0000] {dag.py:4180} INFO - Setting next_dagrun for dataset_alias_example_alias_consumer to None, run_after=None
[2025-01-19T04:00:31.596+0000] {logging_mixin.py:190} INFO - [2025-01-19T04:00:31.596+0000] {dag.py:4180} INFO - Setting next_dagrun for dataset_alias_example_alias_producer to None, run_after=None
[2025-01-19T04:00:31.597+0000] {logging_mixin.py:190} INFO - [2025-01-19T04:00:31.597+0000] {dag.py:4180} INFO - Setting next_dagrun for dataset_s3_bucket_consumer to None, run_after=None
[2025-01-19T04:00:31.598+0000] {logging_mixin.py:190} INFO - [2025-01-19T04:00:31.598+0000] {dag.py:4180} INFO - Setting next_dagrun for dataset_s3_bucket_producer to None, run_after=None
[2025-01-19T04:00:31.615+0000] {processor.py:208} INFO - Processing /home/vscode/.local/lib/python3.10/site-packages/airflow/example_dags/example_dataset_alias.py took 0.076 seconds
[2025-01-19T04:01:21.962+0000] {processor.py:186} INFO - Started process (PID=22742) to work on /home/vscode/.local/lib/python3.10/site-packages/airflow/example_dags/example_dataset_alias.py
[2025-01-19T04:01:21.963+0000] {processor.py:914} INFO - Processing file /home/vscode/.local/lib/python3.10/site-packages/airflow/example_dags/example_dataset_alias.py for tasks to queue
[2025-01-19T04:01:21.964+0000] {logging_mixin.py:190} INFO - [2025-01-19T04:01:21.964+0000] {dagbag.py:588} INFO - Filling up the DagBag from /home/vscode/.local/lib/python3.10/site-packages/airflow/example_dags/example_dataset_alias.py
[2025-01-19T04:01:21.982+0000] {processor.py:925} INFO - DAG(s) 'dataset_s3_bucket_producer', 'dataset_alias_example_alias_producer', 'dataset_s3_bucket_consumer', 'dataset_alias_example_alias_consumer' retrieved from /home/vscode/.local/lib/python3.10/site-packages/airflow/example_dags/example_dataset_alias.py
[2025-01-19T04:01:21.997+0000] {logging_mixin.py:190} INFO - [2025-01-19T04:01:21.997+0000] {dag.py:3239} INFO - Sync 4 DAGs
[2025-01-19T04:01:22.012+0000] {logging_mixin.py:190} INFO - [2025-01-19T04:01:22.012+0000] {dag.py:4180} INFO - Setting next_dagrun for dataset_alias_example_alias_consumer to None, run_after=None
[2025-01-19T04:01:22.013+0000] {logging_mixin.py:190} INFO - [2025-01-19T04:01:22.013+0000] {dag.py:4180} INFO - Setting next_dagrun for dataset_alias_example_alias_producer to None, run_after=None
[2025-01-19T04:01:22.014+0000] {logging_mixin.py:190} INFO - [2025-01-19T04:01:22.014+0000] {dag.py:4180} INFO - Setting next_dagrun for dataset_s3_bucket_consumer to None, run_after=None
[2025-01-19T04:01:22.015+0000] {logging_mixin.py:190} INFO - [2025-01-19T04:01:22.015+0000] {dag.py:4180} INFO - Setting next_dagrun for dataset_s3_bucket_producer to None, run_after=None
[2025-01-19T04:01:22.032+0000] {processor.py:208} INFO - Processing /home/vscode/.local/lib/python3.10/site-packages/airflow/example_dags/example_dataset_alias.py took 0.075 seconds
[2025-01-19T04:02:14.342+0000] {processor.py:186} INFO - Started process (PID=23090) to work on /home/vscode/.local/lib/python3.10/site-packages/airflow/example_dags/example_dataset_alias.py
[2025-01-19T04:02:14.343+0000] {processor.py:914} INFO - Processing file /home/vscode/.local/lib/python3.10/site-packages/airflow/example_dags/example_dataset_alias.py for tasks to queue
[2025-01-19T04:02:14.345+0000] {logging_mixin.py:190} INFO - [2025-01-19T04:02:14.345+0000] {dagbag.py:588} INFO - Filling up the DagBag from /home/vscode/.local/lib/python3.10/site-packages/airflow/example_dags/example_dataset_alias.py
[2025-01-19T04:02:14.371+0000] {processor.py:925} INFO - DAG(s) 'dataset_alias_example_alias_consumer', 'dataset_s3_bucket_producer', 'dataset_s3_bucket_consumer', 'dataset_alias_example_alias_producer' retrieved from /home/vscode/.local/lib/python3.10/site-packages/airflow/example_dags/example_dataset_alias.py
[2025-01-19T04:02:14.386+0000] {logging_mixin.py:190} INFO - [2025-01-19T04:02:14.386+0000] {dag.py:3239} INFO - Sync 4 DAGs
[2025-01-19T04:02:14.408+0000] {logging_mixin.py:190} INFO - [2025-01-19T04:02:14.408+0000] {dag.py:4180} INFO - Setting next_dagrun for dataset_alias_example_alias_consumer to None, run_after=None
[2025-01-19T04:02:14.411+0000] {logging_mixin.py:190} INFO - [2025-01-19T04:02:14.411+0000] {dag.py:4180} INFO - Setting next_dagrun for dataset_alias_example_alias_producer to None, run_after=None
[2025-01-19T04:02:14.413+0000] {logging_mixin.py:190} INFO - [2025-01-19T04:02:14.412+0000] {dag.py:4180} INFO - Setting next_dagrun for dataset_s3_bucket_consumer to None, run_after=None
[2025-01-19T04:02:14.414+0000] {logging_mixin.py:190} INFO - [2025-01-19T04:02:14.413+0000] {dag.py:4180} INFO - Setting next_dagrun for dataset_s3_bucket_producer to None, run_after=None
[2025-01-19T04:02:14.434+0000] {processor.py:208} INFO - Processing /home/vscode/.local/lib/python3.10/site-packages/airflow/example_dags/example_dataset_alias.py took 0.098 seconds
[2025-01-19T04:03:03.291+0000] {processor.py:186} INFO - Started process (PID=23581) to work on /home/vscode/.local/lib/python3.10/site-packages/airflow/example_dags/example_dataset_alias.py
[2025-01-19T04:03:03.292+0000] {processor.py:914} INFO - Processing file /home/vscode/.local/lib/python3.10/site-packages/airflow/example_dags/example_dataset_alias.py for tasks to queue
[2025-01-19T04:03:03.294+0000] {logging_mixin.py:190} INFO - [2025-01-19T04:03:03.293+0000] {dagbag.py:588} INFO - Filling up the DagBag from /home/vscode/.local/lib/python3.10/site-packages/airflow/example_dags/example_dataset_alias.py
[2025-01-19T04:03:03.316+0000] {processor.py:925} INFO - DAG(s) 'dataset_alias_example_alias_consumer', 'dataset_s3_bucket_producer', 'dataset_alias_example_alias_producer', 'dataset_s3_bucket_consumer' retrieved from /home/vscode/.local/lib/python3.10/site-packages/airflow/example_dags/example_dataset_alias.py
[2025-01-19T04:03:03.331+0000] {logging_mixin.py:190} INFO - [2025-01-19T04:03:03.331+0000] {dag.py:3239} INFO - Sync 4 DAGs
[2025-01-19T04:03:03.345+0000] {logging_mixin.py:190} INFO - [2025-01-19T04:03:03.345+0000] {dag.py:4180} INFO - Setting next_dagrun for dataset_alias_example_alias_consumer to None, run_after=None
[2025-01-19T04:03:03.348+0000] {logging_mixin.py:190} INFO - [2025-01-19T04:03:03.348+0000] {dag.py:4180} INFO - Setting next_dagrun for dataset_alias_example_alias_producer to None, run_after=None
[2025-01-19T04:03:03.349+0000] {logging_mixin.py:190} INFO - [2025-01-19T04:03:03.349+0000] {dag.py:4180} INFO - Setting next_dagrun for dataset_s3_bucket_consumer to None, run_after=None
[2025-01-19T04:03:03.349+0000] {logging_mixin.py:190} INFO - [2025-01-19T04:03:03.349+0000] {dag.py:4180} INFO - Setting next_dagrun for dataset_s3_bucket_producer to None, run_after=None
[2025-01-19T04:03:03.366+0000] {processor.py:208} INFO - Processing /home/vscode/.local/lib/python3.10/site-packages/airflow/example_dags/example_dataset_alias.py took 0.079 seconds
