[2025-01-19T03:21:33.530+0000] {processor.py:186} INFO - Started process (PID=5452) to work on /home/vscode/.local/lib/python3.10/site-packages/airflow/example_dags/example_complex.py
[2025-01-19T03:21:33.530+0000] {processor.py:914} INFO - Processing file /home/vscode/.local/lib/python3.10/site-packages/airflow/example_dags/example_complex.py for tasks to queue
[2025-01-19T03:21:33.532+0000] {logging_mixin.py:190} INFO - [2025-01-19T03:21:33.532+0000] {dagbag.py:588} INFO - Filling up the DagBag from /home/vscode/.local/lib/python3.10/site-packages/airflow/example_dags/example_complex.py
[2025-01-19T03:21:33.542+0000] {processor.py:925} INFO - DAG(s) 'example_complex' retrieved from /home/vscode/.local/lib/python3.10/site-packages/airflow/example_dags/example_complex.py
[2025-01-19T03:21:33.630+0000] {logging_mixin.py:190} INFO - [2025-01-19T03:21:33.629+0000] {override.py:1911} INFO - Created Permission View: can read on DAG:example_complex
[2025-01-19T03:21:33.638+0000] {logging_mixin.py:190} INFO - [2025-01-19T03:21:33.638+0000] {override.py:1911} INFO - Created Permission View: can edit on DAG:example_complex
[2025-01-19T03:21:33.645+0000] {logging_mixin.py:190} INFO - [2025-01-19T03:21:33.645+0000] {override.py:1911} INFO - Created Permission View: can delete on DAG:example_complex
[2025-01-19T03:21:33.663+0000] {logging_mixin.py:190} INFO - [2025-01-19T03:21:33.663+0000] {override.py:1911} INFO - Created Permission View: menu access on DAG Run:example_complex
[2025-01-19T03:21:33.671+0000] {logging_mixin.py:190} INFO - [2025-01-19T03:21:33.671+0000] {override.py:1911} INFO - Created Permission View: can read on DAG Run:example_complex
[2025-01-19T03:21:33.680+0000] {logging_mixin.py:190} INFO - [2025-01-19T03:21:33.679+0000] {override.py:1911} INFO - Created Permission View: can create on DAG Run:example_complex
[2025-01-19T03:21:33.688+0000] {logging_mixin.py:190} INFO - [2025-01-19T03:21:33.688+0000] {override.py:1911} INFO - Created Permission View: can delete on DAG Run:example_complex
[2025-01-19T03:21:33.689+0000] {logging_mixin.py:190} INFO - [2025-01-19T03:21:33.688+0000] {dag.py:3239} INFO - Sync 1 DAGs
[2025-01-19T03:21:33.702+0000] {logging_mixin.py:190} INFO - [2025-01-19T03:21:33.702+0000] {dag.py:3262} INFO - Creating ORM DAG for example_complex
[2025-01-19T03:21:33.703+0000] {logging_mixin.py:190} INFO - [2025-01-19T03:21:33.703+0000] {dag.py:4180} INFO - Setting next_dagrun for example_complex to None, run_after=None
[2025-01-19T03:21:33.726+0000] {processor.py:208} INFO - Processing /home/vscode/.local/lib/python3.10/site-packages/airflow/example_dags/example_complex.py took 0.200 seconds
[2025-01-19T03:22:27.722+0000] {processor.py:186} INFO - Started process (PID=5826) to work on /home/vscode/.local/lib/python3.10/site-packages/airflow/example_dags/example_complex.py
[2025-01-19T03:22:27.723+0000] {processor.py:914} INFO - Processing file /home/vscode/.local/lib/python3.10/site-packages/airflow/example_dags/example_complex.py for tasks to queue
[2025-01-19T03:22:27.725+0000] {logging_mixin.py:190} INFO - [2025-01-19T03:22:27.725+0000] {dagbag.py:588} INFO - Filling up the DagBag from /home/vscode/.local/lib/python3.10/site-packages/airflow/example_dags/example_complex.py
[2025-01-19T03:22:27.737+0000] {processor.py:925} INFO - DAG(s) 'example_complex' retrieved from /home/vscode/.local/lib/python3.10/site-packages/airflow/example_dags/example_complex.py
[2025-01-19T03:22:27.758+0000] {logging_mixin.py:190} INFO - [2025-01-19T03:22:27.758+0000] {dag.py:3239} INFO - Sync 1 DAGs
[2025-01-19T03:22:27.768+0000] {logging_mixin.py:190} INFO - [2025-01-19T03:22:27.767+0000] {dag.py:4180} INFO - Setting next_dagrun for example_complex to None, run_after=None
[2025-01-19T03:22:27.783+0000] {processor.py:208} INFO - Processing /home/vscode/.local/lib/python3.10/site-packages/airflow/example_dags/example_complex.py took 0.065 seconds
[2025-01-19T03:23:40.913+0000] {processor.py:186} INFO - Started process (PID=6450) to work on /home/vscode/.local/lib/python3.10/site-packages/airflow/example_dags/example_complex.py
[2025-01-19T03:23:40.914+0000] {processor.py:914} INFO - Processing file /home/vscode/.local/lib/python3.10/site-packages/airflow/example_dags/example_complex.py for tasks to queue
[2025-01-19T03:23:40.915+0000] {logging_mixin.py:190} INFO - [2025-01-19T03:23:40.915+0000] {dagbag.py:588} INFO - Filling up the DagBag from /home/vscode/.local/lib/python3.10/site-packages/airflow/example_dags/example_complex.py
[2025-01-19T03:23:40.926+0000] {processor.py:925} INFO - DAG(s) 'example_complex' retrieved from /home/vscode/.local/lib/python3.10/site-packages/airflow/example_dags/example_complex.py
[2025-01-19T03:23:40.947+0000] {logging_mixin.py:190} INFO - [2025-01-19T03:23:40.947+0000] {dag.py:3239} INFO - Sync 1 DAGs
[2025-01-19T03:23:40.956+0000] {logging_mixin.py:190} INFO - [2025-01-19T03:23:40.956+0000] {dag.py:4180} INFO - Setting next_dagrun for example_complex to None, run_after=None
[2025-01-19T03:23:40.970+0000] {processor.py:208} INFO - Processing /home/vscode/.local/lib/python3.10/site-packages/airflow/example_dags/example_complex.py took 0.063 seconds
[2025-01-19T03:24:59.444+0000] {processor.py:186} INFO - Started process (PID=7057) to work on /home/vscode/.local/lib/python3.10/site-packages/airflow/example_dags/example_complex.py
[2025-01-19T03:24:59.445+0000] {processor.py:914} INFO - Processing file /home/vscode/.local/lib/python3.10/site-packages/airflow/example_dags/example_complex.py for tasks to queue
[2025-01-19T03:24:59.446+0000] {logging_mixin.py:190} INFO - [2025-01-19T03:24:59.446+0000] {dagbag.py:588} INFO - Filling up the DagBag from /home/vscode/.local/lib/python3.10/site-packages/airflow/example_dags/example_complex.py
[2025-01-19T03:24:59.457+0000] {processor.py:925} INFO - DAG(s) 'example_complex' retrieved from /home/vscode/.local/lib/python3.10/site-packages/airflow/example_dags/example_complex.py
[2025-01-19T03:24:59.478+0000] {logging_mixin.py:190} INFO - [2025-01-19T03:24:59.478+0000] {dag.py:3239} INFO - Sync 1 DAGs
[2025-01-19T03:24:59.487+0000] {logging_mixin.py:190} INFO - [2025-01-19T03:24:59.487+0000] {dag.py:4180} INFO - Setting next_dagrun for example_complex to None, run_after=None
[2025-01-19T03:24:59.502+0000] {processor.py:208} INFO - Processing /home/vscode/.local/lib/python3.10/site-packages/airflow/example_dags/example_complex.py took 0.062 seconds
[2025-01-19T03:26:15.168+0000] {processor.py:186} INFO - Started process (PID=7677) to work on /home/vscode/.local/lib/python3.10/site-packages/airflow/example_dags/example_complex.py
[2025-01-19T03:26:15.169+0000] {processor.py:914} INFO - Processing file /home/vscode/.local/lib/python3.10/site-packages/airflow/example_dags/example_complex.py for tasks to queue
[2025-01-19T03:26:15.170+0000] {logging_mixin.py:190} INFO - [2025-01-19T03:26:15.170+0000] {dagbag.py:588} INFO - Filling up the DagBag from /home/vscode/.local/lib/python3.10/site-packages/airflow/example_dags/example_complex.py
[2025-01-19T03:26:15.181+0000] {processor.py:925} INFO - DAG(s) 'example_complex' retrieved from /home/vscode/.local/lib/python3.10/site-packages/airflow/example_dags/example_complex.py
[2025-01-19T03:26:15.204+0000] {logging_mixin.py:190} INFO - [2025-01-19T03:26:15.204+0000] {dag.py:3239} INFO - Sync 1 DAGs
[2025-01-19T03:26:15.215+0000] {logging_mixin.py:190} INFO - [2025-01-19T03:26:15.215+0000] {dag.py:4180} INFO - Setting next_dagrun for example_complex to None, run_after=None
[2025-01-19T03:26:15.231+0000] {processor.py:208} INFO - Processing /home/vscode/.local/lib/python3.10/site-packages/airflow/example_dags/example_complex.py took 0.068 seconds
[2025-01-19T03:27:35.759+0000] {processor.py:186} INFO - Started process (PID=8270) to work on /home/vscode/.local/lib/python3.10/site-packages/airflow/example_dags/example_complex.py
[2025-01-19T03:27:35.760+0000] {processor.py:914} INFO - Processing file /home/vscode/.local/lib/python3.10/site-packages/airflow/example_dags/example_complex.py for tasks to queue
[2025-01-19T03:27:35.761+0000] {logging_mixin.py:190} INFO - [2025-01-19T03:27:35.761+0000] {dagbag.py:588} INFO - Filling up the DagBag from /home/vscode/.local/lib/python3.10/site-packages/airflow/example_dags/example_complex.py
[2025-01-19T03:27:35.772+0000] {processor.py:925} INFO - DAG(s) 'example_complex' retrieved from /home/vscode/.local/lib/python3.10/site-packages/airflow/example_dags/example_complex.py
[2025-01-19T03:27:35.793+0000] {logging_mixin.py:190} INFO - [2025-01-19T03:27:35.793+0000] {dag.py:3239} INFO - Sync 1 DAGs
[2025-01-19T03:27:35.803+0000] {logging_mixin.py:190} INFO - [2025-01-19T03:27:35.803+0000] {dag.py:4180} INFO - Setting next_dagrun for example_complex to None, run_after=None
[2025-01-19T03:27:35.818+0000] {processor.py:208} INFO - Processing /home/vscode/.local/lib/python3.10/site-packages/airflow/example_dags/example_complex.py took 0.063 seconds
[2025-01-19T03:28:55.797+0000] {processor.py:186} INFO - Started process (PID=8982) to work on /home/vscode/.local/lib/python3.10/site-packages/airflow/example_dags/example_complex.py
[2025-01-19T03:28:55.798+0000] {processor.py:914} INFO - Processing file /home/vscode/.local/lib/python3.10/site-packages/airflow/example_dags/example_complex.py for tasks to queue
[2025-01-19T03:28:55.799+0000] {logging_mixin.py:190} INFO - [2025-01-19T03:28:55.799+0000] {dagbag.py:588} INFO - Filling up the DagBag from /home/vscode/.local/lib/python3.10/site-packages/airflow/example_dags/example_complex.py
[2025-01-19T03:28:55.810+0000] {processor.py:925} INFO - DAG(s) 'example_complex' retrieved from /home/vscode/.local/lib/python3.10/site-packages/airflow/example_dags/example_complex.py
[2025-01-19T03:28:55.831+0000] {logging_mixin.py:190} INFO - [2025-01-19T03:28:55.831+0000] {dag.py:3239} INFO - Sync 1 DAGs
[2025-01-19T03:28:55.841+0000] {logging_mixin.py:190} INFO - [2025-01-19T03:28:55.840+0000] {dag.py:4180} INFO - Setting next_dagrun for example_complex to None, run_after=None
[2025-01-19T03:28:55.856+0000] {processor.py:208} INFO - Processing /home/vscode/.local/lib/python3.10/site-packages/airflow/example_dags/example_complex.py took 0.063 seconds
[2025-01-19T03:30:11.808+0000] {processor.py:186} INFO - Started process (PID=9505) to work on /home/vscode/.local/lib/python3.10/site-packages/airflow/example_dags/example_complex.py
[2025-01-19T03:30:11.808+0000] {processor.py:914} INFO - Processing file /home/vscode/.local/lib/python3.10/site-packages/airflow/example_dags/example_complex.py for tasks to queue
[2025-01-19T03:30:11.810+0000] {logging_mixin.py:190} INFO - [2025-01-19T03:30:11.810+0000] {dagbag.py:588} INFO - Filling up the DagBag from /home/vscode/.local/lib/python3.10/site-packages/airflow/example_dags/example_complex.py
[2025-01-19T03:30:11.821+0000] {processor.py:925} INFO - DAG(s) 'example_complex' retrieved from /home/vscode/.local/lib/python3.10/site-packages/airflow/example_dags/example_complex.py
[2025-01-19T03:30:11.842+0000] {logging_mixin.py:190} INFO - [2025-01-19T03:30:11.842+0000] {dag.py:3239} INFO - Sync 1 DAGs
[2025-01-19T03:30:11.851+0000] {logging_mixin.py:190} INFO - [2025-01-19T03:30:11.851+0000] {dag.py:4180} INFO - Setting next_dagrun for example_complex to None, run_after=None
[2025-01-19T03:30:11.866+0000] {processor.py:208} INFO - Processing /home/vscode/.local/lib/python3.10/site-packages/airflow/example_dags/example_complex.py took 0.062 seconds
[2025-01-19T03:31:20.919+0000] {processor.py:186} INFO - Started process (PID=9970) to work on /home/vscode/.local/lib/python3.10/site-packages/airflow/example_dags/example_complex.py
[2025-01-19T03:31:20.920+0000] {processor.py:914} INFO - Processing file /home/vscode/.local/lib/python3.10/site-packages/airflow/example_dags/example_complex.py for tasks to queue
[2025-01-19T03:31:20.922+0000] {logging_mixin.py:190} INFO - [2025-01-19T03:31:20.921+0000] {dagbag.py:588} INFO - Filling up the DagBag from /home/vscode/.local/lib/python3.10/site-packages/airflow/example_dags/example_complex.py
[2025-01-19T03:31:20.932+0000] {processor.py:925} INFO - DAG(s) 'example_complex' retrieved from /home/vscode/.local/lib/python3.10/site-packages/airflow/example_dags/example_complex.py
[2025-01-19T03:31:20.952+0000] {logging_mixin.py:190} INFO - [2025-01-19T03:31:20.952+0000] {dag.py:3239} INFO - Sync 1 DAGs
[2025-01-19T03:31:20.962+0000] {logging_mixin.py:190} INFO - [2025-01-19T03:31:20.961+0000] {dag.py:4180} INFO - Setting next_dagrun for example_complex to None, run_after=None
[2025-01-19T03:31:20.976+0000] {processor.py:208} INFO - Processing /home/vscode/.local/lib/python3.10/site-packages/airflow/example_dags/example_complex.py took 0.061 seconds
[2025-01-19T03:32:36.344+0000] {processor.py:186} INFO - Started process (PID=10596) to work on /home/vscode/.local/lib/python3.10/site-packages/airflow/example_dags/example_complex.py
[2025-01-19T03:32:36.344+0000] {processor.py:914} INFO - Processing file /home/vscode/.local/lib/python3.10/site-packages/airflow/example_dags/example_complex.py for tasks to queue
[2025-01-19T03:32:36.346+0000] {logging_mixin.py:190} INFO - [2025-01-19T03:32:36.346+0000] {dagbag.py:588} INFO - Filling up the DagBag from /home/vscode/.local/lib/python3.10/site-packages/airflow/example_dags/example_complex.py
[2025-01-19T03:32:36.356+0000] {processor.py:925} INFO - DAG(s) 'example_complex' retrieved from /home/vscode/.local/lib/python3.10/site-packages/airflow/example_dags/example_complex.py
[2025-01-19T03:32:36.378+0000] {logging_mixin.py:190} INFO - [2025-01-19T03:32:36.378+0000] {dag.py:3239} INFO - Sync 1 DAGs
[2025-01-19T03:32:36.387+0000] {logging_mixin.py:190} INFO - [2025-01-19T03:32:36.387+0000] {dag.py:4180} INFO - Setting next_dagrun for example_complex to None, run_after=None
[2025-01-19T03:32:36.402+0000] {processor.py:208} INFO - Processing /home/vscode/.local/lib/python3.10/site-packages/airflow/example_dags/example_complex.py took 0.063 seconds
[2025-01-19T03:33:53.672+0000] {processor.py:186} INFO - Started process (PID=11144) to work on /home/vscode/.local/lib/python3.10/site-packages/airflow/example_dags/example_complex.py
[2025-01-19T03:33:53.672+0000] {processor.py:914} INFO - Processing file /home/vscode/.local/lib/python3.10/site-packages/airflow/example_dags/example_complex.py for tasks to queue
[2025-01-19T03:33:53.674+0000] {logging_mixin.py:190} INFO - [2025-01-19T03:33:53.674+0000] {dagbag.py:588} INFO - Filling up the DagBag from /home/vscode/.local/lib/python3.10/site-packages/airflow/example_dags/example_complex.py
[2025-01-19T03:33:53.684+0000] {processor.py:925} INFO - DAG(s) 'example_complex' retrieved from /home/vscode/.local/lib/python3.10/site-packages/airflow/example_dags/example_complex.py
[2025-01-19T03:33:53.705+0000] {logging_mixin.py:190} INFO - [2025-01-19T03:33:53.705+0000] {dag.py:3239} INFO - Sync 1 DAGs
[2025-01-19T03:33:53.714+0000] {logging_mixin.py:190} INFO - [2025-01-19T03:33:53.714+0000] {dag.py:4180} INFO - Setting next_dagrun for example_complex to None, run_after=None
[2025-01-19T03:33:53.729+0000] {processor.py:208} INFO - Processing /home/vscode/.local/lib/python3.10/site-packages/airflow/example_dags/example_complex.py took 0.062 seconds
[2025-01-19T03:35:07.932+0000] {processor.py:186} INFO - Started process (PID=11727) to work on /home/vscode/.local/lib/python3.10/site-packages/airflow/example_dags/example_complex.py
[2025-01-19T03:35:07.933+0000] {processor.py:914} INFO - Processing file /home/vscode/.local/lib/python3.10/site-packages/airflow/example_dags/example_complex.py for tasks to queue
[2025-01-19T03:35:07.934+0000] {logging_mixin.py:190} INFO - [2025-01-19T03:35:07.934+0000] {dagbag.py:588} INFO - Filling up the DagBag from /home/vscode/.local/lib/python3.10/site-packages/airflow/example_dags/example_complex.py
[2025-01-19T03:35:07.945+0000] {processor.py:925} INFO - DAG(s) 'example_complex' retrieved from /home/vscode/.local/lib/python3.10/site-packages/airflow/example_dags/example_complex.py
[2025-01-19T03:35:07.967+0000] {logging_mixin.py:190} INFO - [2025-01-19T03:35:07.967+0000] {dag.py:3239} INFO - Sync 1 DAGs
[2025-01-19T03:35:07.977+0000] {logging_mixin.py:190} INFO - [2025-01-19T03:35:07.976+0000] {dag.py:4180} INFO - Setting next_dagrun for example_complex to None, run_after=None
[2025-01-19T03:35:07.991+0000] {processor.py:208} INFO - Processing /home/vscode/.local/lib/python3.10/site-packages/airflow/example_dags/example_complex.py took 0.063 seconds
[2025-01-19T03:36:22.962+0000] {processor.py:186} INFO - Started process (PID=12295) to work on /home/vscode/.local/lib/python3.10/site-packages/airflow/example_dags/example_complex.py
[2025-01-19T03:36:22.963+0000] {processor.py:914} INFO - Processing file /home/vscode/.local/lib/python3.10/site-packages/airflow/example_dags/example_complex.py for tasks to queue
[2025-01-19T03:36:22.964+0000] {logging_mixin.py:190} INFO - [2025-01-19T03:36:22.964+0000] {dagbag.py:588} INFO - Filling up the DagBag from /home/vscode/.local/lib/python3.10/site-packages/airflow/example_dags/example_complex.py
[2025-01-19T03:36:22.974+0000] {processor.py:925} INFO - DAG(s) 'example_complex' retrieved from /home/vscode/.local/lib/python3.10/site-packages/airflow/example_dags/example_complex.py
[2025-01-19T03:36:22.996+0000] {logging_mixin.py:190} INFO - [2025-01-19T03:36:22.995+0000] {dag.py:3239} INFO - Sync 1 DAGs
[2025-01-19T03:36:23.005+0000] {logging_mixin.py:190} INFO - [2025-01-19T03:36:23.005+0000] {dag.py:4180} INFO - Setting next_dagrun for example_complex to None, run_after=None
[2025-01-19T03:36:23.019+0000] {processor.py:208} INFO - Processing /home/vscode/.local/lib/python3.10/site-packages/airflow/example_dags/example_complex.py took 0.062 seconds
[2025-01-19T03:37:40.047+0000] {processor.py:186} INFO - Started process (PID=12819) to work on /home/vscode/.local/lib/python3.10/site-packages/airflow/example_dags/example_complex.py
[2025-01-19T03:37:40.049+0000] {processor.py:914} INFO - Processing file /home/vscode/.local/lib/python3.10/site-packages/airflow/example_dags/example_complex.py for tasks to queue
[2025-01-19T03:37:40.051+0000] {logging_mixin.py:190} INFO - [2025-01-19T03:37:40.050+0000] {dagbag.py:588} INFO - Filling up the DagBag from /home/vscode/.local/lib/python3.10/site-packages/airflow/example_dags/example_complex.py
[2025-01-19T03:37:40.066+0000] {processor.py:925} INFO - DAG(s) 'example_complex' retrieved from /home/vscode/.local/lib/python3.10/site-packages/airflow/example_dags/example_complex.py
[2025-01-19T03:37:40.092+0000] {logging_mixin.py:190} INFO - [2025-01-19T03:37:40.092+0000] {dag.py:3239} INFO - Sync 1 DAGs
[2025-01-19T03:37:40.101+0000] {logging_mixin.py:190} INFO - [2025-01-19T03:37:40.101+0000] {dag.py:4180} INFO - Setting next_dagrun for example_complex to None, run_after=None
[2025-01-19T03:37:40.116+0000] {processor.py:208} INFO - Processing /home/vscode/.local/lib/python3.10/site-packages/airflow/example_dags/example_complex.py took 0.075 seconds
[2025-01-19T03:38:54.238+0000] {processor.py:186} INFO - Started process (PID=13321) to work on /home/vscode/.local/lib/python3.10/site-packages/airflow/example_dags/example_complex.py
[2025-01-19T03:38:54.239+0000] {processor.py:914} INFO - Processing file /home/vscode/.local/lib/python3.10/site-packages/airflow/example_dags/example_complex.py for tasks to queue
[2025-01-19T03:38:54.240+0000] {logging_mixin.py:190} INFO - [2025-01-19T03:38:54.240+0000] {dagbag.py:588} INFO - Filling up the DagBag from /home/vscode/.local/lib/python3.10/site-packages/airflow/example_dags/example_complex.py
[2025-01-19T03:38:54.251+0000] {processor.py:925} INFO - DAG(s) 'example_complex' retrieved from /home/vscode/.local/lib/python3.10/site-packages/airflow/example_dags/example_complex.py
[2025-01-19T03:38:54.272+0000] {logging_mixin.py:190} INFO - [2025-01-19T03:38:54.272+0000] {dag.py:3239} INFO - Sync 1 DAGs
[2025-01-19T03:38:54.282+0000] {logging_mixin.py:190} INFO - [2025-01-19T03:38:54.282+0000] {dag.py:4180} INFO - Setting next_dagrun for example_complex to None, run_after=None
[2025-01-19T03:38:54.298+0000] {processor.py:208} INFO - Processing /home/vscode/.local/lib/python3.10/site-packages/airflow/example_dags/example_complex.py took 0.064 seconds
[2025-01-19T03:40:09.776+0000] {processor.py:186} INFO - Started process (PID=13829) to work on /home/vscode/.local/lib/python3.10/site-packages/airflow/example_dags/example_complex.py
[2025-01-19T03:40:09.777+0000] {processor.py:914} INFO - Processing file /home/vscode/.local/lib/python3.10/site-packages/airflow/example_dags/example_complex.py for tasks to queue
[2025-01-19T03:40:09.778+0000] {logging_mixin.py:190} INFO - [2025-01-19T03:40:09.778+0000] {dagbag.py:588} INFO - Filling up the DagBag from /home/vscode/.local/lib/python3.10/site-packages/airflow/example_dags/example_complex.py
[2025-01-19T03:40:09.788+0000] {processor.py:925} INFO - DAG(s) 'example_complex' retrieved from /home/vscode/.local/lib/python3.10/site-packages/airflow/example_dags/example_complex.py
[2025-01-19T03:40:09.813+0000] {logging_mixin.py:190} INFO - [2025-01-19T03:40:09.813+0000] {dag.py:3239} INFO - Sync 1 DAGs
[2025-01-19T03:40:09.827+0000] {logging_mixin.py:190} INFO - [2025-01-19T03:40:09.827+0000] {dag.py:4180} INFO - Setting next_dagrun for example_complex to None, run_after=None
[2025-01-19T03:40:09.848+0000] {processor.py:208} INFO - Processing /home/vscode/.local/lib/python3.10/site-packages/airflow/example_dags/example_complex.py took 0.077 seconds
[2025-01-19T03:41:23.824+0000] {processor.py:186} INFO - Started process (PID=14329) to work on /home/vscode/.local/lib/python3.10/site-packages/airflow/example_dags/example_complex.py
[2025-01-19T03:41:23.824+0000] {processor.py:914} INFO - Processing file /home/vscode/.local/lib/python3.10/site-packages/airflow/example_dags/example_complex.py for tasks to queue
[2025-01-19T03:41:23.826+0000] {logging_mixin.py:190} INFO - [2025-01-19T03:41:23.826+0000] {dagbag.py:588} INFO - Filling up the DagBag from /home/vscode/.local/lib/python3.10/site-packages/airflow/example_dags/example_complex.py
[2025-01-19T03:41:23.836+0000] {processor.py:925} INFO - DAG(s) 'example_complex' retrieved from /home/vscode/.local/lib/python3.10/site-packages/airflow/example_dags/example_complex.py
[2025-01-19T03:41:23.857+0000] {logging_mixin.py:190} INFO - [2025-01-19T03:41:23.857+0000] {dag.py:3239} INFO - Sync 1 DAGs
[2025-01-19T03:41:23.869+0000] {logging_mixin.py:190} INFO - [2025-01-19T03:41:23.868+0000] {dag.py:4180} INFO - Setting next_dagrun for example_complex to None, run_after=None
[2025-01-19T03:41:23.884+0000] {processor.py:208} INFO - Processing /home/vscode/.local/lib/python3.10/site-packages/airflow/example_dags/example_complex.py took 0.065 seconds
[2025-01-19T03:42:19.334+0000] {processor.py:186} INFO - Started process (PID=14709) to work on /home/vscode/.local/lib/python3.10/site-packages/airflow/example_dags/example_complex.py
[2025-01-19T03:42:19.335+0000] {processor.py:914} INFO - Processing file /home/vscode/.local/lib/python3.10/site-packages/airflow/example_dags/example_complex.py for tasks to queue
[2025-01-19T03:42:19.336+0000] {logging_mixin.py:190} INFO - [2025-01-19T03:42:19.336+0000] {dagbag.py:588} INFO - Filling up the DagBag from /home/vscode/.local/lib/python3.10/site-packages/airflow/example_dags/example_complex.py
[2025-01-19T03:42:19.347+0000] {processor.py:925} INFO - DAG(s) 'example_complex' retrieved from /home/vscode/.local/lib/python3.10/site-packages/airflow/example_dags/example_complex.py
[2025-01-19T03:42:19.371+0000] {logging_mixin.py:190} INFO - [2025-01-19T03:42:19.370+0000] {dag.py:3239} INFO - Sync 1 DAGs
[2025-01-19T03:42:19.380+0000] {logging_mixin.py:190} INFO - [2025-01-19T03:42:19.380+0000] {dag.py:4180} INFO - Setting next_dagrun for example_complex to None, run_after=None
[2025-01-19T03:42:19.399+0000] {processor.py:208} INFO - Processing /home/vscode/.local/lib/python3.10/site-packages/airflow/example_dags/example_complex.py took 0.069 seconds
[2025-01-19T03:43:34.642+0000] {processor.py:186} INFO - Started process (PID=15214) to work on /home/vscode/.local/lib/python3.10/site-packages/airflow/example_dags/example_complex.py
[2025-01-19T03:43:34.643+0000] {processor.py:914} INFO - Processing file /home/vscode/.local/lib/python3.10/site-packages/airflow/example_dags/example_complex.py for tasks to queue
[2025-01-19T03:43:34.645+0000] {logging_mixin.py:190} INFO - [2025-01-19T03:43:34.645+0000] {dagbag.py:588} INFO - Filling up the DagBag from /home/vscode/.local/lib/python3.10/site-packages/airflow/example_dags/example_complex.py
[2025-01-19T03:43:34.661+0000] {processor.py:925} INFO - DAG(s) 'example_complex' retrieved from /home/vscode/.local/lib/python3.10/site-packages/airflow/example_dags/example_complex.py
[2025-01-19T03:43:34.686+0000] {logging_mixin.py:190} INFO - [2025-01-19T03:43:34.686+0000] {dag.py:3239} INFO - Sync 1 DAGs
[2025-01-19T03:43:34.695+0000] {logging_mixin.py:190} INFO - [2025-01-19T03:43:34.695+0000] {dag.py:4180} INFO - Setting next_dagrun for example_complex to None, run_after=None
[2025-01-19T03:43:34.709+0000] {processor.py:208} INFO - Processing /home/vscode/.local/lib/python3.10/site-packages/airflow/example_dags/example_complex.py took 0.074 seconds
[2025-01-19T03:44:54.336+0000] {processor.py:186} INFO - Started process (PID=15754) to work on /home/vscode/.local/lib/python3.10/site-packages/airflow/example_dags/example_complex.py
[2025-01-19T03:44:54.337+0000] {processor.py:914} INFO - Processing file /home/vscode/.local/lib/python3.10/site-packages/airflow/example_dags/example_complex.py for tasks to queue
[2025-01-19T03:44:54.338+0000] {logging_mixin.py:190} INFO - [2025-01-19T03:44:54.338+0000] {dagbag.py:588} INFO - Filling up the DagBag from /home/vscode/.local/lib/python3.10/site-packages/airflow/example_dags/example_complex.py
[2025-01-19T03:44:54.348+0000] {processor.py:925} INFO - DAG(s) 'example_complex' retrieved from /home/vscode/.local/lib/python3.10/site-packages/airflow/example_dags/example_complex.py
[2025-01-19T03:44:54.370+0000] {logging_mixin.py:190} INFO - [2025-01-19T03:44:54.370+0000] {dag.py:3239} INFO - Sync 1 DAGs
[2025-01-19T03:44:54.379+0000] {logging_mixin.py:190} INFO - [2025-01-19T03:44:54.379+0000] {dag.py:4180} INFO - Setting next_dagrun for example_complex to None, run_after=None
[2025-01-19T03:44:54.394+0000] {processor.py:208} INFO - Processing /home/vscode/.local/lib/python3.10/site-packages/airflow/example_dags/example_complex.py took 0.062 seconds
[2025-01-19T03:46:09.766+0000] {processor.py:186} INFO - Started process (PID=16254) to work on /home/vscode/.local/lib/python3.10/site-packages/airflow/example_dags/example_complex.py
[2025-01-19T03:46:09.767+0000] {processor.py:914} INFO - Processing file /home/vscode/.local/lib/python3.10/site-packages/airflow/example_dags/example_complex.py for tasks to queue
[2025-01-19T03:46:09.770+0000] {logging_mixin.py:190} INFO - [2025-01-19T03:46:09.769+0000] {dagbag.py:588} INFO - Filling up the DagBag from /home/vscode/.local/lib/python3.10/site-packages/airflow/example_dags/example_complex.py
[2025-01-19T03:46:09.786+0000] {processor.py:925} INFO - DAG(s) 'example_complex' retrieved from /home/vscode/.local/lib/python3.10/site-packages/airflow/example_dags/example_complex.py
[2025-01-19T03:46:09.823+0000] {logging_mixin.py:190} INFO - [2025-01-19T03:46:09.822+0000] {dag.py:3239} INFO - Sync 1 DAGs
[2025-01-19T03:46:09.834+0000] {logging_mixin.py:190} INFO - [2025-01-19T03:46:09.833+0000] {dag.py:4180} INFO - Setting next_dagrun for example_complex to None, run_after=None
[2025-01-19T03:46:09.848+0000] {processor.py:208} INFO - Processing /home/vscode/.local/lib/python3.10/site-packages/airflow/example_dags/example_complex.py took 0.088 seconds
[2025-01-19T03:47:29.688+0000] {processor.py:186} INFO - Started process (PID=16800) to work on /home/vscode/.local/lib/python3.10/site-packages/airflow/example_dags/example_complex.py
[2025-01-19T03:47:29.688+0000] {processor.py:914} INFO - Processing file /home/vscode/.local/lib/python3.10/site-packages/airflow/example_dags/example_complex.py for tasks to queue
[2025-01-19T03:47:29.690+0000] {logging_mixin.py:190} INFO - [2025-01-19T03:47:29.690+0000] {dagbag.py:588} INFO - Filling up the DagBag from /home/vscode/.local/lib/python3.10/site-packages/airflow/example_dags/example_complex.py
[2025-01-19T03:47:29.701+0000] {processor.py:925} INFO - DAG(s) 'example_complex' retrieved from /home/vscode/.local/lib/python3.10/site-packages/airflow/example_dags/example_complex.py
[2025-01-19T03:47:29.723+0000] {logging_mixin.py:190} INFO - [2025-01-19T03:47:29.722+0000] {dag.py:3239} INFO - Sync 1 DAGs
[2025-01-19T03:47:29.732+0000] {logging_mixin.py:190} INFO - [2025-01-19T03:47:29.732+0000] {dag.py:4180} INFO - Setting next_dagrun for example_complex to None, run_after=None
[2025-01-19T03:47:29.747+0000] {processor.py:208} INFO - Processing /home/vscode/.local/lib/python3.10/site-packages/airflow/example_dags/example_complex.py took 0.064 seconds
[2025-01-19T03:48:44.405+0000] {processor.py:186} INFO - Started process (PID=17322) to work on /home/vscode/.local/lib/python3.10/site-packages/airflow/example_dags/example_complex.py
[2025-01-19T03:48:44.406+0000] {processor.py:914} INFO - Processing file /home/vscode/.local/lib/python3.10/site-packages/airflow/example_dags/example_complex.py for tasks to queue
[2025-01-19T03:48:44.407+0000] {logging_mixin.py:190} INFO - [2025-01-19T03:48:44.407+0000] {dagbag.py:588} INFO - Filling up the DagBag from /home/vscode/.local/lib/python3.10/site-packages/airflow/example_dags/example_complex.py
[2025-01-19T03:48:44.418+0000] {processor.py:925} INFO - DAG(s) 'example_complex' retrieved from /home/vscode/.local/lib/python3.10/site-packages/airflow/example_dags/example_complex.py
[2025-01-19T03:48:44.440+0000] {logging_mixin.py:190} INFO - [2025-01-19T03:48:44.440+0000] {dag.py:3239} INFO - Sync 1 DAGs
[2025-01-19T03:48:44.449+0000] {logging_mixin.py:190} INFO - [2025-01-19T03:48:44.449+0000] {dag.py:4180} INFO - Setting next_dagrun for example_complex to None, run_after=None
[2025-01-19T03:48:44.464+0000] {processor.py:208} INFO - Processing /home/vscode/.local/lib/python3.10/site-packages/airflow/example_dags/example_complex.py took 0.064 seconds
[2025-01-19T03:50:01.469+0000] {processor.py:186} INFO - Started process (PID=17985) to work on /home/vscode/.local/lib/python3.10/site-packages/airflow/example_dags/example_complex.py
[2025-01-19T03:50:01.469+0000] {processor.py:914} INFO - Processing file /home/vscode/.local/lib/python3.10/site-packages/airflow/example_dags/example_complex.py for tasks to queue
[2025-01-19T03:50:01.471+0000] {logging_mixin.py:190} INFO - [2025-01-19T03:50:01.471+0000] {dagbag.py:588} INFO - Filling up the DagBag from /home/vscode/.local/lib/python3.10/site-packages/airflow/example_dags/example_complex.py
[2025-01-19T03:50:01.482+0000] {processor.py:925} INFO - DAG(s) 'example_complex' retrieved from /home/vscode/.local/lib/python3.10/site-packages/airflow/example_dags/example_complex.py
[2025-01-19T03:50:01.505+0000] {logging_mixin.py:190} INFO - [2025-01-19T03:50:01.505+0000] {dag.py:3239} INFO - Sync 1 DAGs
[2025-01-19T03:50:01.515+0000] {logging_mixin.py:190} INFO - [2025-01-19T03:50:01.515+0000] {dag.py:4180} INFO - Setting next_dagrun for example_complex to None, run_after=None
[2025-01-19T03:50:01.533+0000] {processor.py:208} INFO - Processing /home/vscode/.local/lib/python3.10/site-packages/airflow/example_dags/example_complex.py took 0.069 seconds
[2025-01-19T03:51:15.070+0000] {processor.py:186} INFO - Started process (PID=18544) to work on /home/vscode/.local/lib/python3.10/site-packages/airflow/example_dags/example_complex.py
[2025-01-19T03:51:15.071+0000] {processor.py:914} INFO - Processing file /home/vscode/.local/lib/python3.10/site-packages/airflow/example_dags/example_complex.py for tasks to queue
[2025-01-19T03:51:15.072+0000] {logging_mixin.py:190} INFO - [2025-01-19T03:51:15.072+0000] {dagbag.py:588} INFO - Filling up the DagBag from /home/vscode/.local/lib/python3.10/site-packages/airflow/example_dags/example_complex.py
[2025-01-19T03:51:15.083+0000] {processor.py:925} INFO - DAG(s) 'example_complex' retrieved from /home/vscode/.local/lib/python3.10/site-packages/airflow/example_dags/example_complex.py
[2025-01-19T03:51:15.104+0000] {logging_mixin.py:190} INFO - [2025-01-19T03:51:15.104+0000] {dag.py:3239} INFO - Sync 1 DAGs
[2025-01-19T03:51:15.115+0000] {logging_mixin.py:190} INFO - [2025-01-19T03:51:15.115+0000] {dag.py:4180} INFO - Setting next_dagrun for example_complex to None, run_after=None
[2025-01-19T03:51:15.129+0000] {processor.py:208} INFO - Processing /home/vscode/.local/lib/python3.10/site-packages/airflow/example_dags/example_complex.py took 0.064 seconds
[2025-01-19T03:55:41.969+0000] {processor.py:186} INFO - Started process (PID=20425) to work on /home/vscode/.local/lib/python3.10/site-packages/airflow/example_dags/example_complex.py
[2025-01-19T03:55:41.970+0000] {processor.py:914} INFO - Processing file /home/vscode/.local/lib/python3.10/site-packages/airflow/example_dags/example_complex.py for tasks to queue
[2025-01-19T03:55:41.972+0000] {logging_mixin.py:190} INFO - [2025-01-19T03:55:41.972+0000] {dagbag.py:588} INFO - Filling up the DagBag from /home/vscode/.local/lib/python3.10/site-packages/airflow/example_dags/example_complex.py
[2025-01-19T03:55:41.983+0000] {processor.py:925} INFO - DAG(s) 'example_complex' retrieved from /home/vscode/.local/lib/python3.10/site-packages/airflow/example_dags/example_complex.py
[2025-01-19T03:55:42.004+0000] {logging_mixin.py:190} INFO - [2025-01-19T03:55:42.004+0000] {dag.py:3239} INFO - Sync 1 DAGs
[2025-01-19T03:55:42.014+0000] {logging_mixin.py:190} INFO - [2025-01-19T03:55:42.013+0000] {dag.py:4180} INFO - Setting next_dagrun for example_complex to None, run_after=None
[2025-01-19T03:55:42.028+0000] {processor.py:208} INFO - Processing /home/vscode/.local/lib/python3.10/site-packages/airflow/example_dags/example_complex.py took 0.064 seconds
[2025-01-19T03:56:59.864+0000] {processor.py:186} INFO - Started process (PID=20959) to work on /home/vscode/.local/lib/python3.10/site-packages/airflow/example_dags/example_complex.py
[2025-01-19T03:56:59.865+0000] {processor.py:914} INFO - Processing file /home/vscode/.local/lib/python3.10/site-packages/airflow/example_dags/example_complex.py for tasks to queue
[2025-01-19T03:56:59.867+0000] {logging_mixin.py:190} INFO - [2025-01-19T03:56:59.867+0000] {dagbag.py:588} INFO - Filling up the DagBag from /home/vscode/.local/lib/python3.10/site-packages/airflow/example_dags/example_complex.py
[2025-01-19T03:56:59.878+0000] {processor.py:925} INFO - DAG(s) 'example_complex' retrieved from /home/vscode/.local/lib/python3.10/site-packages/airflow/example_dags/example_complex.py
[2025-01-19T03:56:59.899+0000] {logging_mixin.py:190} INFO - [2025-01-19T03:56:59.899+0000] {dag.py:3239} INFO - Sync 1 DAGs
[2025-01-19T03:56:59.908+0000] {logging_mixin.py:190} INFO - [2025-01-19T03:56:59.908+0000] {dag.py:4180} INFO - Setting next_dagrun for example_complex to None, run_after=None
[2025-01-19T03:56:59.923+0000] {processor.py:208} INFO - Processing /home/vscode/.local/lib/python3.10/site-packages/airflow/example_dags/example_complex.py took 0.065 seconds
[2025-01-19T03:57:53.381+0000] {processor.py:186} INFO - Started process (PID=21317) to work on /home/vscode/.local/lib/python3.10/site-packages/airflow/example_dags/example_complex.py
[2025-01-19T03:57:53.381+0000] {processor.py:914} INFO - Processing file /home/vscode/.local/lib/python3.10/site-packages/airflow/example_dags/example_complex.py for tasks to queue
[2025-01-19T03:57:53.383+0000] {logging_mixin.py:190} INFO - [2025-01-19T03:57:53.383+0000] {dagbag.py:588} INFO - Filling up the DagBag from /home/vscode/.local/lib/python3.10/site-packages/airflow/example_dags/example_complex.py
[2025-01-19T03:57:53.394+0000] {processor.py:925} INFO - DAG(s) 'example_complex' retrieved from /home/vscode/.local/lib/python3.10/site-packages/airflow/example_dags/example_complex.py
[2025-01-19T03:57:53.416+0000] {logging_mixin.py:190} INFO - [2025-01-19T03:57:53.415+0000] {dag.py:3239} INFO - Sync 1 DAGs
[2025-01-19T03:57:53.425+0000] {logging_mixin.py:190} INFO - [2025-01-19T03:57:53.425+0000] {dag.py:4180} INFO - Setting next_dagrun for example_complex to None, run_after=None
[2025-01-19T03:57:53.440+0000] {processor.py:208} INFO - Processing /home/vscode/.local/lib/python3.10/site-packages/airflow/example_dags/example_complex.py took 0.064 seconds
[2025-01-19T03:59:10.376+0000] {processor.py:186} INFO - Started process (PID=21849) to work on /home/vscode/.local/lib/python3.10/site-packages/airflow/example_dags/example_complex.py
[2025-01-19T03:59:10.377+0000] {processor.py:914} INFO - Processing file /home/vscode/.local/lib/python3.10/site-packages/airflow/example_dags/example_complex.py for tasks to queue
[2025-01-19T03:59:10.378+0000] {logging_mixin.py:190} INFO - [2025-01-19T03:59:10.378+0000] {dagbag.py:588} INFO - Filling up the DagBag from /home/vscode/.local/lib/python3.10/site-packages/airflow/example_dags/example_complex.py
[2025-01-19T03:59:10.389+0000] {processor.py:925} INFO - DAG(s) 'example_complex' retrieved from /home/vscode/.local/lib/python3.10/site-packages/airflow/example_dags/example_complex.py
[2025-01-19T03:59:10.413+0000] {logging_mixin.py:190} INFO - [2025-01-19T03:59:10.412+0000] {dag.py:3239} INFO - Sync 1 DAGs
[2025-01-19T03:59:10.422+0000] {logging_mixin.py:190} INFO - [2025-01-19T03:59:10.422+0000] {dag.py:4180} INFO - Setting next_dagrun for example_complex to None, run_after=None
[2025-01-19T03:59:10.436+0000] {processor.py:208} INFO - Processing /home/vscode/.local/lib/python3.10/site-packages/airflow/example_dags/example_complex.py took 0.065 seconds
[2025-01-19T04:00:27.542+0000] {processor.py:186} INFO - Started process (PID=22368) to work on /home/vscode/.local/lib/python3.10/site-packages/airflow/example_dags/example_complex.py
[2025-01-19T04:00:27.543+0000] {processor.py:914} INFO - Processing file /home/vscode/.local/lib/python3.10/site-packages/airflow/example_dags/example_complex.py for tasks to queue
[2025-01-19T04:00:27.545+0000] {logging_mixin.py:190} INFO - [2025-01-19T04:00:27.544+0000] {dagbag.py:588} INFO - Filling up the DagBag from /home/vscode/.local/lib/python3.10/site-packages/airflow/example_dags/example_complex.py
[2025-01-19T04:00:27.555+0000] {processor.py:925} INFO - DAG(s) 'example_complex' retrieved from /home/vscode/.local/lib/python3.10/site-packages/airflow/example_dags/example_complex.py
[2025-01-19T04:00:27.577+0000] {logging_mixin.py:190} INFO - [2025-01-19T04:00:27.577+0000] {dag.py:3239} INFO - Sync 1 DAGs
[2025-01-19T04:00:27.586+0000] {logging_mixin.py:190} INFO - [2025-01-19T04:00:27.586+0000] {dag.py:4180} INFO - Setting next_dagrun for example_complex to None, run_after=None
[2025-01-19T04:00:27.601+0000] {processor.py:208} INFO - Processing /home/vscode/.local/lib/python3.10/site-packages/airflow/example_dags/example_complex.py took 0.063 seconds
[2025-01-19T04:01:44.622+0000] {processor.py:186} INFO - Started process (PID=22892) to work on /home/vscode/.local/lib/python3.10/site-packages/airflow/example_dags/example_complex.py
[2025-01-19T04:01:44.623+0000] {processor.py:914} INFO - Processing file /home/vscode/.local/lib/python3.10/site-packages/airflow/example_dags/example_complex.py for tasks to queue
[2025-01-19T04:01:44.624+0000] {logging_mixin.py:190} INFO - [2025-01-19T04:01:44.624+0000] {dagbag.py:588} INFO - Filling up the DagBag from /home/vscode/.local/lib/python3.10/site-packages/airflow/example_dags/example_complex.py
[2025-01-19T04:01:44.635+0000] {processor.py:925} INFO - DAG(s) 'example_complex' retrieved from /home/vscode/.local/lib/python3.10/site-packages/airflow/example_dags/example_complex.py
[2025-01-19T04:01:44.657+0000] {logging_mixin.py:190} INFO - [2025-01-19T04:01:44.656+0000] {dag.py:3239} INFO - Sync 1 DAGs
[2025-01-19T04:01:44.666+0000] {logging_mixin.py:190} INFO - [2025-01-19T04:01:44.666+0000] {dag.py:4180} INFO - Setting next_dagrun for example_complex to None, run_after=None
[2025-01-19T04:01:44.680+0000] {processor.py:208} INFO - Processing /home/vscode/.local/lib/python3.10/site-packages/airflow/example_dags/example_complex.py took 0.062 seconds
[2025-01-19T04:03:00.557+0000] {processor.py:186} INFO - Started process (PID=23548) to work on /home/vscode/.local/lib/python3.10/site-packages/airflow/example_dags/example_complex.py
[2025-01-19T04:03:00.557+0000] {processor.py:914} INFO - Processing file /home/vscode/.local/lib/python3.10/site-packages/airflow/example_dags/example_complex.py for tasks to queue
[2025-01-19T04:03:00.559+0000] {logging_mixin.py:190} INFO - [2025-01-19T04:03:00.559+0000] {dagbag.py:588} INFO - Filling up the DagBag from /home/vscode/.local/lib/python3.10/site-packages/airflow/example_dags/example_complex.py
[2025-01-19T04:03:00.570+0000] {processor.py:925} INFO - DAG(s) 'example_complex' retrieved from /home/vscode/.local/lib/python3.10/site-packages/airflow/example_dags/example_complex.py
[2025-01-19T04:03:00.594+0000] {logging_mixin.py:190} INFO - [2025-01-19T04:03:00.594+0000] {dag.py:3239} INFO - Sync 1 DAGs
[2025-01-19T04:03:00.604+0000] {logging_mixin.py:190} INFO - [2025-01-19T04:03:00.604+0000] {dag.py:4180} INFO - Setting next_dagrun for example_complex to None, run_after=None
[2025-01-19T04:03:00.619+0000] {processor.py:208} INFO - Processing /home/vscode/.local/lib/python3.10/site-packages/airflow/example_dags/example_complex.py took 0.067 seconds
