[2025-01-19T03:21:14.010+0000] {processor.py:186} INFO - Started process (PID=5222) to work on /home/vscode/.local/lib/python3.10/site-packages/airflow/example_dags/example_params_trigger_ui.py
[2025-01-19T03:21:14.011+0000] {processor.py:914} INFO - Processing file /home/vscode/.local/lib/python3.10/site-packages/airflow/example_dags/example_params_trigger_ui.py for tasks to queue
[2025-01-19T03:21:14.012+0000] {logging_mixin.py:190} INFO - [2025-01-19T03:21:14.012+0000] {dagbag.py:588} INFO - Filling up the DagBag from /home/vscode/.local/lib/python3.10/site-packages/airflow/example_dags/example_params_trigger_ui.py
[2025-01-19T03:21:14.021+0000] {processor.py:925} INFO - DAG(s) 'example_params_trigger_ui' retrieved from /home/vscode/.local/lib/python3.10/site-packages/airflow/example_dags/example_params_trigger_ui.py
[2025-01-19T03:21:14.123+0000] {logging_mixin.py:190} INFO - [2025-01-19T03:21:14.122+0000] {override.py:1911} INFO - Created Permission View: can read on DAG:example_params_trigger_ui
[2025-01-19T03:21:14.131+0000] {logging_mixin.py:190} INFO - [2025-01-19T03:21:14.130+0000] {override.py:1911} INFO - Created Permission View: can edit on DAG:example_params_trigger_ui
[2025-01-19T03:21:14.137+0000] {logging_mixin.py:190} INFO - [2025-01-19T03:21:14.136+0000] {override.py:1911} INFO - Created Permission View: can delete on DAG:example_params_trigger_ui
[2025-01-19T03:21:14.145+0000] {logging_mixin.py:190} INFO - [2025-01-19T03:21:14.145+0000] {override.py:1911} INFO - Created Permission View: menu access on DAG Run:example_params_trigger_ui
[2025-01-19T03:21:14.151+0000] {logging_mixin.py:190} INFO - [2025-01-19T03:21:14.150+0000] {override.py:1911} INFO - Created Permission View: can read on DAG Run:example_params_trigger_ui
[2025-01-19T03:21:14.156+0000] {logging_mixin.py:190} INFO - [2025-01-19T03:21:14.156+0000] {override.py:1911} INFO - Created Permission View: can create on DAG Run:example_params_trigger_ui
[2025-01-19T03:21:14.162+0000] {logging_mixin.py:190} INFO - [2025-01-19T03:21:14.162+0000] {override.py:1911} INFO - Created Permission View: can delete on DAG Run:example_params_trigger_ui
[2025-01-19T03:21:14.163+0000] {logging_mixin.py:190} INFO - [2025-01-19T03:21:14.162+0000] {dag.py:3239} INFO - Sync 1 DAGs
[2025-01-19T03:21:14.171+0000] {logging_mixin.py:190} INFO - [2025-01-19T03:21:14.171+0000] {dag.py:3262} INFO - Creating ORM DAG for example_params_trigger_ui
[2025-01-19T03:21:14.172+0000] {logging_mixin.py:190} INFO - [2025-01-19T03:21:14.172+0000] {dag.py:4180} INFO - Setting next_dagrun for example_params_trigger_ui to None, run_after=None
[2025-01-19T03:21:14.188+0000] {processor.py:208} INFO - Processing /home/vscode/.local/lib/python3.10/site-packages/airflow/example_dags/example_params_trigger_ui.py took 0.183 seconds
[2025-01-19T03:22:13.430+0000] {processor.py:186} INFO - Started process (PID=5728) to work on /home/vscode/.local/lib/python3.10/site-packages/airflow/example_dags/example_params_trigger_ui.py
[2025-01-19T03:22:13.431+0000] {processor.py:914} INFO - Processing file /home/vscode/.local/lib/python3.10/site-packages/airflow/example_dags/example_params_trigger_ui.py for tasks to queue
[2025-01-19T03:22:13.433+0000] {logging_mixin.py:190} INFO - [2025-01-19T03:22:13.432+0000] {dagbag.py:588} INFO - Filling up the DagBag from /home/vscode/.local/lib/python3.10/site-packages/airflow/example_dags/example_params_trigger_ui.py
[2025-01-19T03:22:13.441+0000] {processor.py:925} INFO - DAG(s) 'example_params_trigger_ui' retrieved from /home/vscode/.local/lib/python3.10/site-packages/airflow/example_dags/example_params_trigger_ui.py
[2025-01-19T03:22:13.476+0000] {logging_mixin.py:190} INFO - [2025-01-19T03:22:13.475+0000] {dag.py:3239} INFO - Sync 1 DAGs
[2025-01-19T03:22:13.486+0000] {logging_mixin.py:190} INFO - [2025-01-19T03:22:13.486+0000] {dag.py:4180} INFO - Setting next_dagrun for example_params_trigger_ui to None, run_after=None
[2025-01-19T03:22:13.503+0000] {processor.py:208} INFO - Processing /home/vscode/.local/lib/python3.10/site-packages/airflow/example_dags/example_params_trigger_ui.py took 0.078 seconds
[2025-01-19T03:23:05.685+0000] {processor.py:186} INFO - Started process (PID=6159) to work on /home/vscode/.local/lib/python3.10/site-packages/airflow/example_dags/example_params_trigger_ui.py
[2025-01-19T03:23:05.686+0000] {processor.py:914} INFO - Processing file /home/vscode/.local/lib/python3.10/site-packages/airflow/example_dags/example_params_trigger_ui.py for tasks to queue
[2025-01-19T03:23:05.688+0000] {logging_mixin.py:190} INFO - [2025-01-19T03:23:05.688+0000] {dagbag.py:588} INFO - Filling up the DagBag from /home/vscode/.local/lib/python3.10/site-packages/airflow/example_dags/example_params_trigger_ui.py
[2025-01-19T03:23:05.704+0000] {processor.py:925} INFO - DAG(s) 'example_params_trigger_ui' retrieved from /home/vscode/.local/lib/python3.10/site-packages/airflow/example_dags/example_params_trigger_ui.py
[2025-01-19T03:23:05.751+0000] {logging_mixin.py:190} INFO - [2025-01-19T03:23:05.750+0000] {dag.py:3239} INFO - Sync 1 DAGs
[2025-01-19T03:23:05.760+0000] {logging_mixin.py:190} INFO - [2025-01-19T03:23:05.760+0000] {dag.py:4180} INFO - Setting next_dagrun for example_params_trigger_ui to None, run_after=None
[2025-01-19T03:23:05.775+0000] {processor.py:208} INFO - Processing /home/vscode/.local/lib/python3.10/site-packages/airflow/example_dags/example_params_trigger_ui.py took 0.095 seconds
[2025-01-19T03:24:01.587+0000] {processor.py:186} INFO - Started process (PID=6607) to work on /home/vscode/.local/lib/python3.10/site-packages/airflow/example_dags/example_params_trigger_ui.py
[2025-01-19T03:24:01.588+0000] {processor.py:914} INFO - Processing file /home/vscode/.local/lib/python3.10/site-packages/airflow/example_dags/example_params_trigger_ui.py for tasks to queue
[2025-01-19T03:24:01.589+0000] {logging_mixin.py:190} INFO - [2025-01-19T03:24:01.589+0000] {dagbag.py:588} INFO - Filling up the DagBag from /home/vscode/.local/lib/python3.10/site-packages/airflow/example_dags/example_params_trigger_ui.py
[2025-01-19T03:24:01.598+0000] {processor.py:925} INFO - DAG(s) 'example_params_trigger_ui' retrieved from /home/vscode/.local/lib/python3.10/site-packages/airflow/example_dags/example_params_trigger_ui.py
[2025-01-19T03:24:01.634+0000] {logging_mixin.py:190} INFO - [2025-01-19T03:24:01.633+0000] {dag.py:3239} INFO - Sync 1 DAGs
[2025-01-19T03:24:01.648+0000] {logging_mixin.py:190} INFO - [2025-01-19T03:24:01.647+0000] {dag.py:4180} INFO - Setting next_dagrun for example_params_trigger_ui to None, run_after=None
[2025-01-19T03:24:01.671+0000] {processor.py:208} INFO - Processing /home/vscode/.local/lib/python3.10/site-packages/airflow/example_dags/example_params_trigger_ui.py took 0.088 seconds
[2025-01-19T03:24:54.003+0000] {processor.py:186} INFO - Started process (PID=7017) to work on /home/vscode/.local/lib/python3.10/site-packages/airflow/example_dags/example_params_trigger_ui.py
[2025-01-19T03:24:54.003+0000] {processor.py:914} INFO - Processing file /home/vscode/.local/lib/python3.10/site-packages/airflow/example_dags/example_params_trigger_ui.py for tasks to queue
[2025-01-19T03:24:54.005+0000] {logging_mixin.py:190} INFO - [2025-01-19T03:24:54.005+0000] {dagbag.py:588} INFO - Filling up the DagBag from /home/vscode/.local/lib/python3.10/site-packages/airflow/example_dags/example_params_trigger_ui.py
[2025-01-19T03:24:54.014+0000] {processor.py:925} INFO - DAG(s) 'example_params_trigger_ui' retrieved from /home/vscode/.local/lib/python3.10/site-packages/airflow/example_dags/example_params_trigger_ui.py
[2025-01-19T03:24:54.048+0000] {logging_mixin.py:190} INFO - [2025-01-19T03:24:54.048+0000] {dag.py:3239} INFO - Sync 1 DAGs
[2025-01-19T03:24:54.058+0000] {logging_mixin.py:190} INFO - [2025-01-19T03:24:54.058+0000] {dag.py:4180} INFO - Setting next_dagrun for example_params_trigger_ui to None, run_after=None
[2025-01-19T03:24:54.072+0000] {processor.py:208} INFO - Processing /home/vscode/.local/lib/python3.10/site-packages/airflow/example_dags/example_params_trigger_ui.py took 0.074 seconds
[2025-01-19T03:25:42.580+0000] {processor.py:186} INFO - Started process (PID=7411) to work on /home/vscode/.local/lib/python3.10/site-packages/airflow/example_dags/example_params_trigger_ui.py
[2025-01-19T03:25:42.580+0000] {processor.py:914} INFO - Processing file /home/vscode/.local/lib/python3.10/site-packages/airflow/example_dags/example_params_trigger_ui.py for tasks to queue
[2025-01-19T03:25:42.582+0000] {logging_mixin.py:190} INFO - [2025-01-19T03:25:42.582+0000] {dagbag.py:588} INFO - Filling up the DagBag from /home/vscode/.local/lib/python3.10/site-packages/airflow/example_dags/example_params_trigger_ui.py
[2025-01-19T03:25:42.591+0000] {processor.py:925} INFO - DAG(s) 'example_params_trigger_ui' retrieved from /home/vscode/.local/lib/python3.10/site-packages/airflow/example_dags/example_params_trigger_ui.py
[2025-01-19T03:25:42.624+0000] {logging_mixin.py:190} INFO - [2025-01-19T03:25:42.623+0000] {dag.py:3239} INFO - Sync 1 DAGs
[2025-01-19T03:25:42.633+0000] {logging_mixin.py:190} INFO - [2025-01-19T03:25:42.633+0000] {dag.py:4180} INFO - Setting next_dagrun for example_params_trigger_ui to None, run_after=None
[2025-01-19T03:25:42.647+0000] {processor.py:208} INFO - Processing /home/vscode/.local/lib/python3.10/site-packages/airflow/example_dags/example_params_trigger_ui.py took 0.072 seconds
[2025-01-19T03:26:35.787+0000] {processor.py:186} INFO - Started process (PID=7825) to work on /home/vscode/.local/lib/python3.10/site-packages/airflow/example_dags/example_params_trigger_ui.py
[2025-01-19T03:26:35.788+0000] {processor.py:914} INFO - Processing file /home/vscode/.local/lib/python3.10/site-packages/airflow/example_dags/example_params_trigger_ui.py for tasks to queue
[2025-01-19T03:26:35.789+0000] {logging_mixin.py:190} INFO - [2025-01-19T03:26:35.789+0000] {dagbag.py:588} INFO - Filling up the DagBag from /home/vscode/.local/lib/python3.10/site-packages/airflow/example_dags/example_params_trigger_ui.py
[2025-01-19T03:26:35.798+0000] {processor.py:925} INFO - DAG(s) 'example_params_trigger_ui' retrieved from /home/vscode/.local/lib/python3.10/site-packages/airflow/example_dags/example_params_trigger_ui.py
[2025-01-19T03:26:35.832+0000] {logging_mixin.py:190} INFO - [2025-01-19T03:26:35.832+0000] {dag.py:3239} INFO - Sync 1 DAGs
[2025-01-19T03:26:35.841+0000] {logging_mixin.py:190} INFO - [2025-01-19T03:26:35.841+0000] {dag.py:4180} INFO - Setting next_dagrun for example_params_trigger_ui to None, run_after=None
[2025-01-19T03:26:35.856+0000] {processor.py:208} INFO - Processing /home/vscode/.local/lib/python3.10/site-packages/airflow/example_dags/example_params_trigger_ui.py took 0.073 seconds
[2025-01-19T03:27:28.944+0000] {processor.py:186} INFO - Started process (PID=8220) to work on /home/vscode/.local/lib/python3.10/site-packages/airflow/example_dags/example_params_trigger_ui.py
[2025-01-19T03:27:28.945+0000] {processor.py:914} INFO - Processing file /home/vscode/.local/lib/python3.10/site-packages/airflow/example_dags/example_params_trigger_ui.py for tasks to queue
[2025-01-19T03:27:28.946+0000] {logging_mixin.py:190} INFO - [2025-01-19T03:27:28.946+0000] {dagbag.py:588} INFO - Filling up the DagBag from /home/vscode/.local/lib/python3.10/site-packages/airflow/example_dags/example_params_trigger_ui.py
[2025-01-19T03:27:28.955+0000] {processor.py:925} INFO - DAG(s) 'example_params_trigger_ui' retrieved from /home/vscode/.local/lib/python3.10/site-packages/airflow/example_dags/example_params_trigger_ui.py
[2025-01-19T03:27:28.988+0000] {logging_mixin.py:190} INFO - [2025-01-19T03:27:28.988+0000] {dag.py:3239} INFO - Sync 1 DAGs
[2025-01-19T03:27:28.998+0000] {logging_mixin.py:190} INFO - [2025-01-19T03:27:28.998+0000] {dag.py:4180} INFO - Setting next_dagrun for example_params_trigger_ui to None, run_after=None
[2025-01-19T03:27:29.013+0000] {processor.py:208} INFO - Processing /home/vscode/.local/lib/python3.10/site-packages/airflow/example_dags/example_params_trigger_ui.py took 0.073 seconds
[2025-01-19T03:28:23.238+0000] {processor.py:186} INFO - Started process (PID=8731) to work on /home/vscode/.local/lib/python3.10/site-packages/airflow/example_dags/example_params_trigger_ui.py
[2025-01-19T03:28:23.239+0000] {processor.py:914} INFO - Processing file /home/vscode/.local/lib/python3.10/site-packages/airflow/example_dags/example_params_trigger_ui.py for tasks to queue
[2025-01-19T03:28:23.241+0000] {logging_mixin.py:190} INFO - [2025-01-19T03:28:23.240+0000] {dagbag.py:588} INFO - Filling up the DagBag from /home/vscode/.local/lib/python3.10/site-packages/airflow/example_dags/example_params_trigger_ui.py
[2025-01-19T03:28:23.249+0000] {processor.py:925} INFO - DAG(s) 'example_params_trigger_ui' retrieved from /home/vscode/.local/lib/python3.10/site-packages/airflow/example_dags/example_params_trigger_ui.py
[2025-01-19T03:28:23.283+0000] {logging_mixin.py:190} INFO - [2025-01-19T03:28:23.283+0000] {dag.py:3239} INFO - Sync 1 DAGs
[2025-01-19T03:28:23.293+0000] {logging_mixin.py:190} INFO - [2025-01-19T03:28:23.293+0000] {dag.py:4180} INFO - Setting next_dagrun for example_params_trigger_ui to None, run_after=None
[2025-01-19T03:28:23.307+0000] {processor.py:208} INFO - Processing /home/vscode/.local/lib/python3.10/site-packages/airflow/example_dags/example_params_trigger_ui.py took 0.073 seconds
[2025-01-19T03:29:16.475+0000] {processor.py:186} INFO - Started process (PID=9128) to work on /home/vscode/.local/lib/python3.10/site-packages/airflow/example_dags/example_params_trigger_ui.py
[2025-01-19T03:29:16.476+0000] {processor.py:914} INFO - Processing file /home/vscode/.local/lib/python3.10/site-packages/airflow/example_dags/example_params_trigger_ui.py for tasks to queue
[2025-01-19T03:29:16.478+0000] {logging_mixin.py:190} INFO - [2025-01-19T03:29:16.477+0000] {dagbag.py:588} INFO - Filling up the DagBag from /home/vscode/.local/lib/python3.10/site-packages/airflow/example_dags/example_params_trigger_ui.py
[2025-01-19T03:29:16.487+0000] {processor.py:925} INFO - DAG(s) 'example_params_trigger_ui' retrieved from /home/vscode/.local/lib/python3.10/site-packages/airflow/example_dags/example_params_trigger_ui.py
[2025-01-19T03:29:16.521+0000] {logging_mixin.py:190} INFO - [2025-01-19T03:29:16.521+0000] {dag.py:3239} INFO - Sync 1 DAGs
[2025-01-19T03:29:16.530+0000] {logging_mixin.py:190} INFO - [2025-01-19T03:29:16.530+0000] {dag.py:4180} INFO - Setting next_dagrun for example_params_trigger_ui to None, run_after=None
[2025-01-19T03:29:16.545+0000] {processor.py:208} INFO - Processing /home/vscode/.local/lib/python3.10/site-packages/airflow/example_dags/example_params_trigger_ui.py took 0.074 seconds
[2025-01-19T03:30:06.669+0000] {processor.py:186} INFO - Started process (PID=9471) to work on /home/vscode/.local/lib/python3.10/site-packages/airflow/example_dags/example_params_trigger_ui.py
[2025-01-19T03:30:06.670+0000] {processor.py:914} INFO - Processing file /home/vscode/.local/lib/python3.10/site-packages/airflow/example_dags/example_params_trigger_ui.py for tasks to queue
[2025-01-19T03:30:06.672+0000] {logging_mixin.py:190} INFO - [2025-01-19T03:30:06.671+0000] {dagbag.py:588} INFO - Filling up the DagBag from /home/vscode/.local/lib/python3.10/site-packages/airflow/example_dags/example_params_trigger_ui.py
[2025-01-19T03:30:06.680+0000] {processor.py:925} INFO - DAG(s) 'example_params_trigger_ui' retrieved from /home/vscode/.local/lib/python3.10/site-packages/airflow/example_dags/example_params_trigger_ui.py
[2025-01-19T03:30:06.728+0000] {logging_mixin.py:190} INFO - [2025-01-19T03:30:06.727+0000] {dag.py:3239} INFO - Sync 1 DAGs
[2025-01-19T03:30:06.739+0000] {logging_mixin.py:190} INFO - [2025-01-19T03:30:06.739+0000] {dag.py:4180} INFO - Setting next_dagrun for example_params_trigger_ui to None, run_after=None
[2025-01-19T03:30:06.754+0000] {processor.py:208} INFO - Processing /home/vscode/.local/lib/python3.10/site-packages/airflow/example_dags/example_params_trigger_ui.py took 0.089 seconds
[2025-01-19T03:30:54.641+0000] {processor.py:186} INFO - Started process (PID=9789) to work on /home/vscode/.local/lib/python3.10/site-packages/airflow/example_dags/example_params_trigger_ui.py
[2025-01-19T03:30:54.641+0000] {processor.py:914} INFO - Processing file /home/vscode/.local/lib/python3.10/site-packages/airflow/example_dags/example_params_trigger_ui.py for tasks to queue
[2025-01-19T03:30:54.643+0000] {logging_mixin.py:190} INFO - [2025-01-19T03:30:54.643+0000] {dagbag.py:588} INFO - Filling up the DagBag from /home/vscode/.local/lib/python3.10/site-packages/airflow/example_dags/example_params_trigger_ui.py
[2025-01-19T03:30:54.651+0000] {processor.py:925} INFO - DAG(s) 'example_params_trigger_ui' retrieved from /home/vscode/.local/lib/python3.10/site-packages/airflow/example_dags/example_params_trigger_ui.py
[2025-01-19T03:30:54.699+0000] {logging_mixin.py:190} INFO - [2025-01-19T03:30:54.699+0000] {dag.py:3239} INFO - Sync 1 DAGs
[2025-01-19T03:30:54.713+0000] {logging_mixin.py:190} INFO - [2025-01-19T03:30:54.713+0000] {dag.py:4180} INFO - Setting next_dagrun for example_params_trigger_ui to None, run_after=None
[2025-01-19T03:30:54.732+0000] {processor.py:208} INFO - Processing /home/vscode/.local/lib/python3.10/site-packages/airflow/example_dags/example_params_trigger_ui.py took 0.096 seconds
[2025-01-19T03:32:06.035+0000] {processor.py:186} INFO - Started process (PID=10335) to work on /home/vscode/.local/lib/python3.10/site-packages/airflow/example_dags/example_params_trigger_ui.py
[2025-01-19T03:32:06.036+0000] {processor.py:914} INFO - Processing file /home/vscode/.local/lib/python3.10/site-packages/airflow/example_dags/example_params_trigger_ui.py for tasks to queue
[2025-01-19T03:32:06.037+0000] {logging_mixin.py:190} INFO - [2025-01-19T03:32:06.037+0000] {dagbag.py:588} INFO - Filling up the DagBag from /home/vscode/.local/lib/python3.10/site-packages/airflow/example_dags/example_params_trigger_ui.py
[2025-01-19T03:32:06.046+0000] {processor.py:925} INFO - DAG(s) 'example_params_trigger_ui' retrieved from /home/vscode/.local/lib/python3.10/site-packages/airflow/example_dags/example_params_trigger_ui.py
[2025-01-19T03:32:06.079+0000] {logging_mixin.py:190} INFO - [2025-01-19T03:32:06.079+0000] {dag.py:3239} INFO - Sync 1 DAGs
[2025-01-19T03:32:06.089+0000] {logging_mixin.py:190} INFO - [2025-01-19T03:32:06.089+0000] {dag.py:4180} INFO - Setting next_dagrun for example_params_trigger_ui to None, run_after=None
[2025-01-19T03:32:06.104+0000] {processor.py:208} INFO - Processing /home/vscode/.local/lib/python3.10/site-packages/airflow/example_dags/example_params_trigger_ui.py took 0.073 seconds
[2025-01-19T03:32:56.889+0000] {processor.py:186} INFO - Started process (PID=10754) to work on /home/vscode/.local/lib/python3.10/site-packages/airflow/example_dags/example_params_trigger_ui.py
[2025-01-19T03:32:56.890+0000] {processor.py:914} INFO - Processing file /home/vscode/.local/lib/python3.10/site-packages/airflow/example_dags/example_params_trigger_ui.py for tasks to queue
[2025-01-19T03:32:56.891+0000] {logging_mixin.py:190} INFO - [2025-01-19T03:32:56.891+0000] {dagbag.py:588} INFO - Filling up the DagBag from /home/vscode/.local/lib/python3.10/site-packages/airflow/example_dags/example_params_trigger_ui.py
[2025-01-19T03:32:56.899+0000] {processor.py:925} INFO - DAG(s) 'example_params_trigger_ui' retrieved from /home/vscode/.local/lib/python3.10/site-packages/airflow/example_dags/example_params_trigger_ui.py
[2025-01-19T03:32:56.932+0000] {logging_mixin.py:190} INFO - [2025-01-19T03:32:56.932+0000] {dag.py:3239} INFO - Sync 1 DAGs
[2025-01-19T03:32:56.945+0000] {logging_mixin.py:190} INFO - [2025-01-19T03:32:56.944+0000] {dag.py:4180} INFO - Setting next_dagrun for example_params_trigger_ui to None, run_after=None
[2025-01-19T03:32:56.963+0000] {processor.py:208} INFO - Processing /home/vscode/.local/lib/python3.10/site-packages/airflow/example_dags/example_params_trigger_ui.py took 0.080 seconds
[2025-01-19T03:33:48.933+0000] {processor.py:186} INFO - Started process (PID=11123) to work on /home/vscode/.local/lib/python3.10/site-packages/airflow/example_dags/example_params_trigger_ui.py
[2025-01-19T03:33:48.934+0000] {processor.py:914} INFO - Processing file /home/vscode/.local/lib/python3.10/site-packages/airflow/example_dags/example_params_trigger_ui.py for tasks to queue
[2025-01-19T03:33:48.935+0000] {logging_mixin.py:190} INFO - [2025-01-19T03:33:48.935+0000] {dagbag.py:588} INFO - Filling up the DagBag from /home/vscode/.local/lib/python3.10/site-packages/airflow/example_dags/example_params_trigger_ui.py
[2025-01-19T03:33:48.944+0000] {processor.py:925} INFO - DAG(s) 'example_params_trigger_ui' retrieved from /home/vscode/.local/lib/python3.10/site-packages/airflow/example_dags/example_params_trigger_ui.py
[2025-01-19T03:33:48.988+0000] {logging_mixin.py:190} INFO - [2025-01-19T03:33:48.988+0000] {dag.py:3239} INFO - Sync 1 DAGs
[2025-01-19T03:33:49.002+0000] {logging_mixin.py:190} INFO - [2025-01-19T03:33:49.002+0000] {dag.py:4180} INFO - Setting next_dagrun for example_params_trigger_ui to None, run_after=None
[2025-01-19T03:33:49.018+0000] {processor.py:208} INFO - Processing /home/vscode/.local/lib/python3.10/site-packages/airflow/example_dags/example_params_trigger_ui.py took 0.090 seconds
[2025-01-19T03:34:37.965+0000] {processor.py:186} INFO - Started process (PID=11490) to work on /home/vscode/.local/lib/python3.10/site-packages/airflow/example_dags/example_params_trigger_ui.py
[2025-01-19T03:34:37.965+0000] {processor.py:914} INFO - Processing file /home/vscode/.local/lib/python3.10/site-packages/airflow/example_dags/example_params_trigger_ui.py for tasks to queue
[2025-01-19T03:34:37.967+0000] {logging_mixin.py:190} INFO - [2025-01-19T03:34:37.967+0000] {dagbag.py:588} INFO - Filling up the DagBag from /home/vscode/.local/lib/python3.10/site-packages/airflow/example_dags/example_params_trigger_ui.py
[2025-01-19T03:34:37.975+0000] {processor.py:925} INFO - DAG(s) 'example_params_trigger_ui' retrieved from /home/vscode/.local/lib/python3.10/site-packages/airflow/example_dags/example_params_trigger_ui.py
[2025-01-19T03:34:38.010+0000] {logging_mixin.py:190} INFO - [2025-01-19T03:34:38.009+0000] {dag.py:3239} INFO - Sync 1 DAGs
[2025-01-19T03:34:38.019+0000] {logging_mixin.py:190} INFO - [2025-01-19T03:34:38.019+0000] {dag.py:4180} INFO - Setting next_dagrun for example_params_trigger_ui to None, run_after=None
[2025-01-19T03:34:38.033+0000] {processor.py:208} INFO - Processing /home/vscode/.local/lib/python3.10/site-packages/airflow/example_dags/example_params_trigger_ui.py took 0.073 seconds
[2025-01-19T03:35:28.211+0000] {processor.py:186} INFO - Started process (PID=11885) to work on /home/vscode/.local/lib/python3.10/site-packages/airflow/example_dags/example_params_trigger_ui.py
[2025-01-19T03:35:28.211+0000] {processor.py:914} INFO - Processing file /home/vscode/.local/lib/python3.10/site-packages/airflow/example_dags/example_params_trigger_ui.py for tasks to queue
[2025-01-19T03:35:28.213+0000] {logging_mixin.py:190} INFO - [2025-01-19T03:35:28.213+0000] {dagbag.py:588} INFO - Filling up the DagBag from /home/vscode/.local/lib/python3.10/site-packages/airflow/example_dags/example_params_trigger_ui.py
[2025-01-19T03:35:28.221+0000] {processor.py:925} INFO - DAG(s) 'example_params_trigger_ui' retrieved from /home/vscode/.local/lib/python3.10/site-packages/airflow/example_dags/example_params_trigger_ui.py
[2025-01-19T03:35:28.260+0000] {logging_mixin.py:190} INFO - [2025-01-19T03:35:28.260+0000] {dag.py:3239} INFO - Sync 1 DAGs
[2025-01-19T03:35:28.270+0000] {logging_mixin.py:190} INFO - [2025-01-19T03:35:28.270+0000] {dag.py:4180} INFO - Setting next_dagrun for example_params_trigger_ui to None, run_after=None
[2025-01-19T03:35:28.285+0000] {processor.py:208} INFO - Processing /home/vscode/.local/lib/python3.10/site-packages/airflow/example_dags/example_params_trigger_ui.py took 0.079 seconds
[2025-01-19T03:36:18.945+0000] {processor.py:186} INFO - Started process (PID=12263) to work on /home/vscode/.local/lib/python3.10/site-packages/airflow/example_dags/example_params_trigger_ui.py
[2025-01-19T03:36:18.946+0000] {processor.py:914} INFO - Processing file /home/vscode/.local/lib/python3.10/site-packages/airflow/example_dags/example_params_trigger_ui.py for tasks to queue
[2025-01-19T03:36:18.947+0000] {logging_mixin.py:190} INFO - [2025-01-19T03:36:18.947+0000] {dagbag.py:588} INFO - Filling up the DagBag from /home/vscode/.local/lib/python3.10/site-packages/airflow/example_dags/example_params_trigger_ui.py
[2025-01-19T03:36:18.956+0000] {processor.py:925} INFO - DAG(s) 'example_params_trigger_ui' retrieved from /home/vscode/.local/lib/python3.10/site-packages/airflow/example_dags/example_params_trigger_ui.py
[2025-01-19T03:36:18.988+0000] {logging_mixin.py:190} INFO - [2025-01-19T03:36:18.988+0000] {dag.py:3239} INFO - Sync 1 DAGs
[2025-01-19T03:36:18.998+0000] {logging_mixin.py:190} INFO - [2025-01-19T03:36:18.998+0000] {dag.py:4180} INFO - Setting next_dagrun for example_params_trigger_ui to None, run_after=None
[2025-01-19T03:36:19.013+0000] {processor.py:208} INFO - Processing /home/vscode/.local/lib/python3.10/site-packages/airflow/example_dags/example_params_trigger_ui.py took 0.072 seconds
[2025-01-19T03:37:06.966+0000] {processor.py:186} INFO - Started process (PID=12593) to work on /home/vscode/.local/lib/python3.10/site-packages/airflow/example_dags/example_params_trigger_ui.py
[2025-01-19T03:37:06.967+0000] {processor.py:914} INFO - Processing file /home/vscode/.local/lib/python3.10/site-packages/airflow/example_dags/example_params_trigger_ui.py for tasks to queue
[2025-01-19T03:37:06.968+0000] {logging_mixin.py:190} INFO - [2025-01-19T03:37:06.968+0000] {dagbag.py:588} INFO - Filling up the DagBag from /home/vscode/.local/lib/python3.10/site-packages/airflow/example_dags/example_params_trigger_ui.py
[2025-01-19T03:37:06.977+0000] {processor.py:925} INFO - DAG(s) 'example_params_trigger_ui' retrieved from /home/vscode/.local/lib/python3.10/site-packages/airflow/example_dags/example_params_trigger_ui.py
[2025-01-19T03:37:07.010+0000] {logging_mixin.py:190} INFO - [2025-01-19T03:37:07.010+0000] {dag.py:3239} INFO - Sync 1 DAGs
[2025-01-19T03:37:07.020+0000] {logging_mixin.py:190} INFO - [2025-01-19T03:37:07.020+0000] {dag.py:4180} INFO - Setting next_dagrun for example_params_trigger_ui to None, run_after=None
[2025-01-19T03:37:07.035+0000] {processor.py:208} INFO - Processing /home/vscode/.local/lib/python3.10/site-packages/airflow/example_dags/example_params_trigger_ui.py took 0.074 seconds
[2025-01-19T03:37:58.341+0000] {processor.py:186} INFO - Started process (PID=12945) to work on /home/vscode/.local/lib/python3.10/site-packages/airflow/example_dags/example_params_trigger_ui.py
[2025-01-19T03:37:58.342+0000] {processor.py:914} INFO - Processing file /home/vscode/.local/lib/python3.10/site-packages/airflow/example_dags/example_params_trigger_ui.py for tasks to queue
[2025-01-19T03:37:58.344+0000] {logging_mixin.py:190} INFO - [2025-01-19T03:37:58.343+0000] {dagbag.py:588} INFO - Filling up the DagBag from /home/vscode/.local/lib/python3.10/site-packages/airflow/example_dags/example_params_trigger_ui.py
[2025-01-19T03:37:58.352+0000] {processor.py:925} INFO - DAG(s) 'example_params_trigger_ui' retrieved from /home/vscode/.local/lib/python3.10/site-packages/airflow/example_dags/example_params_trigger_ui.py
[2025-01-19T03:37:58.385+0000] {logging_mixin.py:190} INFO - [2025-01-19T03:37:58.385+0000] {dag.py:3239} INFO - Sync 1 DAGs
[2025-01-19T03:37:58.395+0000] {logging_mixin.py:190} INFO - [2025-01-19T03:37:58.394+0000] {dag.py:4180} INFO - Setting next_dagrun for example_params_trigger_ui to None, run_after=None
[2025-01-19T03:37:58.411+0000] {processor.py:208} INFO - Processing /home/vscode/.local/lib/python3.10/site-packages/airflow/example_dags/example_params_trigger_ui.py took 0.075 seconds
[2025-01-19T03:38:47.533+0000] {processor.py:186} INFO - Started process (PID=13279) to work on /home/vscode/.local/lib/python3.10/site-packages/airflow/example_dags/example_params_trigger_ui.py
[2025-01-19T03:38:47.534+0000] {processor.py:914} INFO - Processing file /home/vscode/.local/lib/python3.10/site-packages/airflow/example_dags/example_params_trigger_ui.py for tasks to queue
[2025-01-19T03:38:47.536+0000] {logging_mixin.py:190} INFO - [2025-01-19T03:38:47.536+0000] {dagbag.py:588} INFO - Filling up the DagBag from /home/vscode/.local/lib/python3.10/site-packages/airflow/example_dags/example_params_trigger_ui.py
[2025-01-19T03:38:47.548+0000] {processor.py:925} INFO - DAG(s) 'example_params_trigger_ui' retrieved from /home/vscode/.local/lib/python3.10/site-packages/airflow/example_dags/example_params_trigger_ui.py
[2025-01-19T03:38:47.601+0000] {logging_mixin.py:190} INFO - [2025-01-19T03:38:47.601+0000] {dag.py:3239} INFO - Sync 1 DAGs
[2025-01-19T03:38:47.615+0000] {logging_mixin.py:190} INFO - [2025-01-19T03:38:47.615+0000] {dag.py:4180} INFO - Setting next_dagrun for example_params_trigger_ui to None, run_after=None
[2025-01-19T03:38:47.631+0000] {processor.py:208} INFO - Processing /home/vscode/.local/lib/python3.10/site-packages/airflow/example_dags/example_params_trigger_ui.py took 0.104 seconds
[2025-01-19T03:39:38.217+0000] {processor.py:186} INFO - Started process (PID=13619) to work on /home/vscode/.local/lib/python3.10/site-packages/airflow/example_dags/example_params_trigger_ui.py
[2025-01-19T03:39:38.218+0000] {processor.py:914} INFO - Processing file /home/vscode/.local/lib/python3.10/site-packages/airflow/example_dags/example_params_trigger_ui.py for tasks to queue
[2025-01-19T03:39:38.219+0000] {logging_mixin.py:190} INFO - [2025-01-19T03:39:38.219+0000] {dagbag.py:588} INFO - Filling up the DagBag from /home/vscode/.local/lib/python3.10/site-packages/airflow/example_dags/example_params_trigger_ui.py
[2025-01-19T03:39:38.228+0000] {processor.py:925} INFO - DAG(s) 'example_params_trigger_ui' retrieved from /home/vscode/.local/lib/python3.10/site-packages/airflow/example_dags/example_params_trigger_ui.py
[2025-01-19T03:39:38.262+0000] {logging_mixin.py:190} INFO - [2025-01-19T03:39:38.262+0000] {dag.py:3239} INFO - Sync 1 DAGs
[2025-01-19T03:39:38.273+0000] {logging_mixin.py:190} INFO - [2025-01-19T03:39:38.273+0000] {dag.py:4180} INFO - Setting next_dagrun for example_params_trigger_ui to None, run_after=None
[2025-01-19T03:39:38.288+0000] {processor.py:208} INFO - Processing /home/vscode/.local/lib/python3.10/site-packages/airflow/example_dags/example_params_trigger_ui.py took 0.076 seconds
[2025-01-19T03:40:31.008+0000] {processor.py:186} INFO - Started process (PID=13977) to work on /home/vscode/.local/lib/python3.10/site-packages/airflow/example_dags/example_params_trigger_ui.py
[2025-01-19T03:40:31.009+0000] {processor.py:914} INFO - Processing file /home/vscode/.local/lib/python3.10/site-packages/airflow/example_dags/example_params_trigger_ui.py for tasks to queue
[2025-01-19T03:40:31.010+0000] {logging_mixin.py:190} INFO - [2025-01-19T03:40:31.010+0000] {dagbag.py:588} INFO - Filling up the DagBag from /home/vscode/.local/lib/python3.10/site-packages/airflow/example_dags/example_params_trigger_ui.py
[2025-01-19T03:40:31.020+0000] {processor.py:925} INFO - DAG(s) 'example_params_trigger_ui' retrieved from /home/vscode/.local/lib/python3.10/site-packages/airflow/example_dags/example_params_trigger_ui.py
[2025-01-19T03:40:31.055+0000] {logging_mixin.py:190} INFO - [2025-01-19T03:40:31.054+0000] {dag.py:3239} INFO - Sync 1 DAGs
[2025-01-19T03:40:31.064+0000] {logging_mixin.py:190} INFO - [2025-01-19T03:40:31.064+0000] {dag.py:4180} INFO - Setting next_dagrun for example_params_trigger_ui to None, run_after=None
[2025-01-19T03:40:31.079+0000] {processor.py:208} INFO - Processing /home/vscode/.local/lib/python3.10/site-packages/airflow/example_dags/example_params_trigger_ui.py took 0.075 seconds
[2025-01-19T03:41:20.696+0000] {processor.py:186} INFO - Started process (PID=14311) to work on /home/vscode/.local/lib/python3.10/site-packages/airflow/example_dags/example_params_trigger_ui.py
[2025-01-19T03:41:20.696+0000] {processor.py:914} INFO - Processing file /home/vscode/.local/lib/python3.10/site-packages/airflow/example_dags/example_params_trigger_ui.py for tasks to queue
[2025-01-19T03:41:20.698+0000] {logging_mixin.py:190} INFO - [2025-01-19T03:41:20.698+0000] {dagbag.py:588} INFO - Filling up the DagBag from /home/vscode/.local/lib/python3.10/site-packages/airflow/example_dags/example_params_trigger_ui.py
[2025-01-19T03:41:20.706+0000] {processor.py:925} INFO - DAG(s) 'example_params_trigger_ui' retrieved from /home/vscode/.local/lib/python3.10/site-packages/airflow/example_dags/example_params_trigger_ui.py
[2025-01-19T03:41:20.740+0000] {logging_mixin.py:190} INFO - [2025-01-19T03:41:20.740+0000] {dag.py:3239} INFO - Sync 1 DAGs
[2025-01-19T03:41:20.750+0000] {logging_mixin.py:190} INFO - [2025-01-19T03:41:20.750+0000] {dag.py:4180} INFO - Setting next_dagrun for example_params_trigger_ui to None, run_after=None
[2025-01-19T03:41:20.764+0000] {processor.py:208} INFO - Processing /home/vscode/.local/lib/python3.10/site-packages/airflow/example_dags/example_params_trigger_ui.py took 0.073 seconds
[2025-01-19T03:42:11.394+0000] {processor.py:186} INFO - Started process (PID=14650) to work on /home/vscode/.local/lib/python3.10/site-packages/airflow/example_dags/example_params_trigger_ui.py
[2025-01-19T03:42:11.395+0000] {processor.py:914} INFO - Processing file /home/vscode/.local/lib/python3.10/site-packages/airflow/example_dags/example_params_trigger_ui.py for tasks to queue
[2025-01-19T03:42:11.396+0000] {logging_mixin.py:190} INFO - [2025-01-19T03:42:11.396+0000] {dagbag.py:588} INFO - Filling up the DagBag from /home/vscode/.local/lib/python3.10/site-packages/airflow/example_dags/example_params_trigger_ui.py
[2025-01-19T03:42:11.405+0000] {processor.py:925} INFO - DAG(s) 'example_params_trigger_ui' retrieved from /home/vscode/.local/lib/python3.10/site-packages/airflow/example_dags/example_params_trigger_ui.py
[2025-01-19T03:42:11.438+0000] {logging_mixin.py:190} INFO - [2025-01-19T03:42:11.438+0000] {dag.py:3239} INFO - Sync 1 DAGs
[2025-01-19T03:42:11.448+0000] {logging_mixin.py:190} INFO - [2025-01-19T03:42:11.448+0000] {dag.py:4180} INFO - Setting next_dagrun for example_params_trigger_ui to None, run_after=None
[2025-01-19T03:42:11.463+0000] {processor.py:208} INFO - Processing /home/vscode/.local/lib/python3.10/site-packages/airflow/example_dags/example_params_trigger_ui.py took 0.074 seconds
[2025-01-19T03:43:01.403+0000] {processor.py:186} INFO - Started process (PID=14986) to work on /home/vscode/.local/lib/python3.10/site-packages/airflow/example_dags/example_params_trigger_ui.py
[2025-01-19T03:43:01.404+0000] {processor.py:914} INFO - Processing file /home/vscode/.local/lib/python3.10/site-packages/airflow/example_dags/example_params_trigger_ui.py for tasks to queue
[2025-01-19T03:43:01.406+0000] {logging_mixin.py:190} INFO - [2025-01-19T03:43:01.406+0000] {dagbag.py:588} INFO - Filling up the DagBag from /home/vscode/.local/lib/python3.10/site-packages/airflow/example_dags/example_params_trigger_ui.py
[2025-01-19T03:43:01.415+0000] {processor.py:925} INFO - DAG(s) 'example_params_trigger_ui' retrieved from /home/vscode/.local/lib/python3.10/site-packages/airflow/example_dags/example_params_trigger_ui.py
[2025-01-19T03:43:01.449+0000] {logging_mixin.py:190} INFO - [2025-01-19T03:43:01.449+0000] {dag.py:3239} INFO - Sync 1 DAGs
[2025-01-19T03:43:01.458+0000] {logging_mixin.py:190} INFO - [2025-01-19T03:43:01.458+0000] {dag.py:4180} INFO - Setting next_dagrun for example_params_trigger_ui to None, run_after=None
[2025-01-19T03:43:01.473+0000] {processor.py:208} INFO - Processing /home/vscode/.local/lib/python3.10/site-packages/airflow/example_dags/example_params_trigger_ui.py took 0.074 seconds
[2025-01-19T03:43:53.791+0000] {processor.py:186} INFO - Started process (PID=15348) to work on /home/vscode/.local/lib/python3.10/site-packages/airflow/example_dags/example_params_trigger_ui.py
[2025-01-19T03:43:53.792+0000] {processor.py:914} INFO - Processing file /home/vscode/.local/lib/python3.10/site-packages/airflow/example_dags/example_params_trigger_ui.py for tasks to queue
[2025-01-19T03:43:53.794+0000] {logging_mixin.py:190} INFO - [2025-01-19T03:43:53.794+0000] {dagbag.py:588} INFO - Filling up the DagBag from /home/vscode/.local/lib/python3.10/site-packages/airflow/example_dags/example_params_trigger_ui.py
[2025-01-19T03:43:53.806+0000] {processor.py:925} INFO - DAG(s) 'example_params_trigger_ui' retrieved from /home/vscode/.local/lib/python3.10/site-packages/airflow/example_dags/example_params_trigger_ui.py
[2025-01-19T03:43:53.858+0000] {logging_mixin.py:190} INFO - [2025-01-19T03:43:53.858+0000] {dag.py:3239} INFO - Sync 1 DAGs
[2025-01-19T03:43:53.873+0000] {logging_mixin.py:190} INFO - [2025-01-19T03:43:53.872+0000] {dag.py:4180} INFO - Setting next_dagrun for example_params_trigger_ui to None, run_after=None
[2025-01-19T03:43:53.891+0000] {processor.py:208} INFO - Processing /home/vscode/.local/lib/python3.10/site-packages/airflow/example_dags/example_params_trigger_ui.py took 0.110 seconds
[2025-01-19T03:44:46.916+0000] {processor.py:186} INFO - Started process (PID=15704) to work on /home/vscode/.local/lib/python3.10/site-packages/airflow/example_dags/example_params_trigger_ui.py
[2025-01-19T03:44:46.917+0000] {processor.py:914} INFO - Processing file /home/vscode/.local/lib/python3.10/site-packages/airflow/example_dags/example_params_trigger_ui.py for tasks to queue
[2025-01-19T03:44:46.918+0000] {logging_mixin.py:190} INFO - [2025-01-19T03:44:46.918+0000] {dagbag.py:588} INFO - Filling up the DagBag from /home/vscode/.local/lib/python3.10/site-packages/airflow/example_dags/example_params_trigger_ui.py
[2025-01-19T03:44:46.927+0000] {processor.py:925} INFO - DAG(s) 'example_params_trigger_ui' retrieved from /home/vscode/.local/lib/python3.10/site-packages/airflow/example_dags/example_params_trigger_ui.py
[2025-01-19T03:44:46.961+0000] {logging_mixin.py:190} INFO - [2025-01-19T03:44:46.961+0000] {dag.py:3239} INFO - Sync 1 DAGs
[2025-01-19T03:44:46.970+0000] {logging_mixin.py:190} INFO - [2025-01-19T03:44:46.970+0000] {dag.py:4180} INFO - Setting next_dagrun for example_params_trigger_ui to None, run_after=None
[2025-01-19T03:44:46.985+0000] {processor.py:208} INFO - Processing /home/vscode/.local/lib/python3.10/site-packages/airflow/example_dags/example_params_trigger_ui.py took 0.073 seconds
[2025-01-19T03:45:39.042+0000] {processor.py:186} INFO - Started process (PID=16045) to work on /home/vscode/.local/lib/python3.10/site-packages/airflow/example_dags/example_params_trigger_ui.py
[2025-01-19T03:45:39.043+0000] {processor.py:914} INFO - Processing file /home/vscode/.local/lib/python3.10/site-packages/airflow/example_dags/example_params_trigger_ui.py for tasks to queue
[2025-01-19T03:45:39.044+0000] {logging_mixin.py:190} INFO - [2025-01-19T03:45:39.044+0000] {dagbag.py:588} INFO - Filling up the DagBag from /home/vscode/.local/lib/python3.10/site-packages/airflow/example_dags/example_params_trigger_ui.py
[2025-01-19T03:45:39.053+0000] {processor.py:925} INFO - DAG(s) 'example_params_trigger_ui' retrieved from /home/vscode/.local/lib/python3.10/site-packages/airflow/example_dags/example_params_trigger_ui.py
[2025-01-19T03:45:39.086+0000] {logging_mixin.py:190} INFO - [2025-01-19T03:45:39.086+0000] {dag.py:3239} INFO - Sync 1 DAGs
[2025-01-19T03:45:39.096+0000] {logging_mixin.py:190} INFO - [2025-01-19T03:45:39.096+0000] {dag.py:4180} INFO - Setting next_dagrun for example_params_trigger_ui to None, run_after=None
[2025-01-19T03:45:39.111+0000] {processor.py:208} INFO - Processing /home/vscode/.local/lib/python3.10/site-packages/airflow/example_dags/example_params_trigger_ui.py took 0.073 seconds
[2025-01-19T03:46:29.088+0000] {processor.py:186} INFO - Started process (PID=16383) to work on /home/vscode/.local/lib/python3.10/site-packages/airflow/example_dags/example_params_trigger_ui.py
[2025-01-19T03:46:29.088+0000] {processor.py:914} INFO - Processing file /home/vscode/.local/lib/python3.10/site-packages/airflow/example_dags/example_params_trigger_ui.py for tasks to queue
[2025-01-19T03:46:29.090+0000] {logging_mixin.py:190} INFO - [2025-01-19T03:46:29.090+0000] {dagbag.py:588} INFO - Filling up the DagBag from /home/vscode/.local/lib/python3.10/site-packages/airflow/example_dags/example_params_trigger_ui.py
[2025-01-19T03:46:29.098+0000] {processor.py:925} INFO - DAG(s) 'example_params_trigger_ui' retrieved from /home/vscode/.local/lib/python3.10/site-packages/airflow/example_dags/example_params_trigger_ui.py
[2025-01-19T03:46:29.132+0000] {logging_mixin.py:190} INFO - [2025-01-19T03:46:29.131+0000] {dag.py:3239} INFO - Sync 1 DAGs
[2025-01-19T03:46:29.141+0000] {logging_mixin.py:190} INFO - [2025-01-19T03:46:29.141+0000] {dag.py:4180} INFO - Setting next_dagrun for example_params_trigger_ui to None, run_after=None
[2025-01-19T03:46:29.157+0000] {processor.py:208} INFO - Processing /home/vscode/.local/lib/python3.10/site-packages/airflow/example_dags/example_params_trigger_ui.py took 0.073 seconds
[2025-01-19T03:47:21.584+0000] {processor.py:186} INFO - Started process (PID=16740) to work on /home/vscode/.local/lib/python3.10/site-packages/airflow/example_dags/example_params_trigger_ui.py
[2025-01-19T03:47:21.585+0000] {processor.py:914} INFO - Processing file /home/vscode/.local/lib/python3.10/site-packages/airflow/example_dags/example_params_trigger_ui.py for tasks to queue
[2025-01-19T03:47:21.587+0000] {logging_mixin.py:190} INFO - [2025-01-19T03:47:21.586+0000] {dagbag.py:588} INFO - Filling up the DagBag from /home/vscode/.local/lib/python3.10/site-packages/airflow/example_dags/example_params_trigger_ui.py
[2025-01-19T03:47:21.595+0000] {processor.py:925} INFO - DAG(s) 'example_params_trigger_ui' retrieved from /home/vscode/.local/lib/python3.10/site-packages/airflow/example_dags/example_params_trigger_ui.py
[2025-01-19T03:47:21.628+0000] {logging_mixin.py:190} INFO - [2025-01-19T03:47:21.628+0000] {dag.py:3239} INFO - Sync 1 DAGs
[2025-01-19T03:47:21.638+0000] {logging_mixin.py:190} INFO - [2025-01-19T03:47:21.637+0000] {dag.py:4180} INFO - Setting next_dagrun for example_params_trigger_ui to None, run_after=None
[2025-01-19T03:47:21.652+0000] {processor.py:208} INFO - Processing /home/vscode/.local/lib/python3.10/site-packages/airflow/example_dags/example_params_trigger_ui.py took 0.072 seconds
[2025-01-19T03:48:13.564+0000] {processor.py:186} INFO - Started process (PID=17096) to work on /home/vscode/.local/lib/python3.10/site-packages/airflow/example_dags/example_params_trigger_ui.py
[2025-01-19T03:48:13.565+0000] {processor.py:914} INFO - Processing file /home/vscode/.local/lib/python3.10/site-packages/airflow/example_dags/example_params_trigger_ui.py for tasks to queue
[2025-01-19T03:48:13.567+0000] {logging_mixin.py:190} INFO - [2025-01-19T03:48:13.566+0000] {dagbag.py:588} INFO - Filling up the DagBag from /home/vscode/.local/lib/python3.10/site-packages/airflow/example_dags/example_params_trigger_ui.py
[2025-01-19T03:48:13.575+0000] {processor.py:925} INFO - DAG(s) 'example_params_trigger_ui' retrieved from /home/vscode/.local/lib/python3.10/site-packages/airflow/example_dags/example_params_trigger_ui.py
[2025-01-19T03:48:13.609+0000] {logging_mixin.py:190} INFO - [2025-01-19T03:48:13.609+0000] {dag.py:3239} INFO - Sync 1 DAGs
[2025-01-19T03:48:13.619+0000] {logging_mixin.py:190} INFO - [2025-01-19T03:48:13.619+0000] {dag.py:4180} INFO - Setting next_dagrun for example_params_trigger_ui to None, run_after=None
[2025-01-19T03:48:13.634+0000] {processor.py:208} INFO - Processing /home/vscode/.local/lib/python3.10/site-packages/airflow/example_dags/example_params_trigger_ui.py took 0.075 seconds
[2025-01-19T03:49:03.866+0000] {processor.py:186} INFO - Started process (PID=17515) to work on /home/vscode/.local/lib/python3.10/site-packages/airflow/example_dags/example_params_trigger_ui.py
[2025-01-19T03:49:03.867+0000] {processor.py:914} INFO - Processing file /home/vscode/.local/lib/python3.10/site-packages/airflow/example_dags/example_params_trigger_ui.py for tasks to queue
[2025-01-19T03:49:03.869+0000] {logging_mixin.py:190} INFO - [2025-01-19T03:49:03.868+0000] {dagbag.py:588} INFO - Filling up the DagBag from /home/vscode/.local/lib/python3.10/site-packages/airflow/example_dags/example_params_trigger_ui.py
[2025-01-19T03:49:03.880+0000] {processor.py:925} INFO - DAG(s) 'example_params_trigger_ui' retrieved from /home/vscode/.local/lib/python3.10/site-packages/airflow/example_dags/example_params_trigger_ui.py
[2025-01-19T03:49:03.929+0000] {logging_mixin.py:190} INFO - [2025-01-19T03:49:03.928+0000] {dag.py:3239} INFO - Sync 1 DAGs
[2025-01-19T03:49:03.943+0000] {logging_mixin.py:190} INFO - [2025-01-19T03:49:03.943+0000] {dag.py:4180} INFO - Setting next_dagrun for example_params_trigger_ui to None, run_after=None
[2025-01-19T03:49:03.962+0000] {processor.py:208} INFO - Processing /home/vscode/.local/lib/python3.10/site-packages/airflow/example_dags/example_params_trigger_ui.py took 0.102 seconds
[2025-01-19T03:49:53.951+0000] {processor.py:186} INFO - Started process (PID=17916) to work on /home/vscode/.local/lib/python3.10/site-packages/airflow/example_dags/example_params_trigger_ui.py
[2025-01-19T03:49:53.952+0000] {processor.py:914} INFO - Processing file /home/vscode/.local/lib/python3.10/site-packages/airflow/example_dags/example_params_trigger_ui.py for tasks to queue
[2025-01-19T03:49:53.953+0000] {logging_mixin.py:190} INFO - [2025-01-19T03:49:53.953+0000] {dagbag.py:588} INFO - Filling up the DagBag from /home/vscode/.local/lib/python3.10/site-packages/airflow/example_dags/example_params_trigger_ui.py
[2025-01-19T03:49:53.962+0000] {processor.py:925} INFO - DAG(s) 'example_params_trigger_ui' retrieved from /home/vscode/.local/lib/python3.10/site-packages/airflow/example_dags/example_params_trigger_ui.py
[2025-01-19T03:49:53.995+0000] {logging_mixin.py:190} INFO - [2025-01-19T03:49:53.995+0000] {dag.py:3239} INFO - Sync 1 DAGs
[2025-01-19T03:49:54.004+0000] {logging_mixin.py:190} INFO - [2025-01-19T03:49:54.004+0000] {dag.py:4180} INFO - Setting next_dagrun for example_params_trigger_ui to None, run_after=None
[2025-01-19T03:49:54.019+0000] {processor.py:208} INFO - Processing /home/vscode/.local/lib/python3.10/site-packages/airflow/example_dags/example_params_trigger_ui.py took 0.073 seconds
[2025-01-19T03:50:43.644+0000] {processor.py:186} INFO - Started process (PID=18304) to work on /home/vscode/.local/lib/python3.10/site-packages/airflow/example_dags/example_params_trigger_ui.py
[2025-01-19T03:50:43.645+0000] {processor.py:914} INFO - Processing file /home/vscode/.local/lib/python3.10/site-packages/airflow/example_dags/example_params_trigger_ui.py for tasks to queue
[2025-01-19T03:50:43.646+0000] {logging_mixin.py:190} INFO - [2025-01-19T03:50:43.646+0000] {dagbag.py:588} INFO - Filling up the DagBag from /home/vscode/.local/lib/python3.10/site-packages/airflow/example_dags/example_params_trigger_ui.py
[2025-01-19T03:50:43.655+0000] {processor.py:925} INFO - DAG(s) 'example_params_trigger_ui' retrieved from /home/vscode/.local/lib/python3.10/site-packages/airflow/example_dags/example_params_trigger_ui.py
[2025-01-19T03:50:43.689+0000] {logging_mixin.py:190} INFO - [2025-01-19T03:50:43.688+0000] {dag.py:3239} INFO - Sync 1 DAGs
[2025-01-19T03:50:43.698+0000] {logging_mixin.py:190} INFO - [2025-01-19T03:50:43.698+0000] {dag.py:4180} INFO - Setting next_dagrun for example_params_trigger_ui to None, run_after=None
[2025-01-19T03:50:43.712+0000] {processor.py:208} INFO - Processing /home/vscode/.local/lib/python3.10/site-packages/airflow/example_dags/example_params_trigger_ui.py took 0.072 seconds
[2025-01-19T03:51:32.787+0000] {processor.py:186} INFO - Started process (PID=18739) to work on /home/vscode/.local/lib/python3.10/site-packages/airflow/example_dags/example_params_trigger_ui.py
[2025-01-19T03:51:32.789+0000] {processor.py:914} INFO - Processing file /home/vscode/.local/lib/python3.10/site-packages/airflow/example_dags/example_params_trigger_ui.py for tasks to queue
[2025-01-19T03:51:32.791+0000] {logging_mixin.py:190} INFO - [2025-01-19T03:51:32.790+0000] {dagbag.py:588} INFO - Filling up the DagBag from /home/vscode/.local/lib/python3.10/site-packages/airflow/example_dags/example_params_trigger_ui.py
[2025-01-19T03:51:32.801+0000] {processor.py:925} INFO - DAG(s) 'example_params_trigger_ui' retrieved from /home/vscode/.local/lib/python3.10/site-packages/airflow/example_dags/example_params_trigger_ui.py
[2025-01-19T03:51:32.836+0000] {logging_mixin.py:190} INFO - [2025-01-19T03:51:32.836+0000] {dag.py:3239} INFO - Sync 1 DAGs
[2025-01-19T03:51:32.846+0000] {logging_mixin.py:190} INFO - [2025-01-19T03:51:32.845+0000] {dag.py:4180} INFO - Setting next_dagrun for example_params_trigger_ui to None, run_after=None
[2025-01-19T03:51:32.861+0000] {processor.py:208} INFO - Processing /home/vscode/.local/lib/python3.10/site-packages/airflow/example_dags/example_params_trigger_ui.py took 0.080 seconds
[2025-01-19T03:55:25.193+0000] {processor.py:186} INFO - Started process (PID=20312) to work on /home/vscode/.local/lib/python3.10/site-packages/airflow/example_dags/example_params_trigger_ui.py
[2025-01-19T03:55:25.194+0000] {processor.py:914} INFO - Processing file /home/vscode/.local/lib/python3.10/site-packages/airflow/example_dags/example_params_trigger_ui.py for tasks to queue
[2025-01-19T03:55:25.196+0000] {logging_mixin.py:190} INFO - [2025-01-19T03:55:25.195+0000] {dagbag.py:588} INFO - Filling up the DagBag from /home/vscode/.local/lib/python3.10/site-packages/airflow/example_dags/example_params_trigger_ui.py
[2025-01-19T03:55:25.204+0000] {processor.py:925} INFO - DAG(s) 'example_params_trigger_ui' retrieved from /home/vscode/.local/lib/python3.10/site-packages/airflow/example_dags/example_params_trigger_ui.py
[2025-01-19T03:55:25.237+0000] {logging_mixin.py:190} INFO - [2025-01-19T03:55:25.237+0000] {dag.py:3239} INFO - Sync 1 DAGs
[2025-01-19T03:55:25.246+0000] {logging_mixin.py:190} INFO - [2025-01-19T03:55:25.246+0000] {dag.py:4180} INFO - Setting next_dagrun for example_params_trigger_ui to None, run_after=None
[2025-01-19T03:55:25.260+0000] {processor.py:208} INFO - Processing /home/vscode/.local/lib/python3.10/site-packages/airflow/example_dags/example_params_trigger_ui.py took 0.071 seconds
[2025-01-19T03:56:20.757+0000] {processor.py:186} INFO - Started process (PID=20688) to work on /home/vscode/.local/lib/python3.10/site-packages/airflow/example_dags/example_params_trigger_ui.py
[2025-01-19T03:56:20.758+0000] {processor.py:914} INFO - Processing file /home/vscode/.local/lib/python3.10/site-packages/airflow/example_dags/example_params_trigger_ui.py for tasks to queue
[2025-01-19T03:56:20.759+0000] {logging_mixin.py:190} INFO - [2025-01-19T03:56:20.759+0000] {dagbag.py:588} INFO - Filling up the DagBag from /home/vscode/.local/lib/python3.10/site-packages/airflow/example_dags/example_params_trigger_ui.py
[2025-01-19T03:56:20.768+0000] {processor.py:925} INFO - DAG(s) 'example_params_trigger_ui' retrieved from /home/vscode/.local/lib/python3.10/site-packages/airflow/example_dags/example_params_trigger_ui.py
[2025-01-19T03:56:20.801+0000] {logging_mixin.py:190} INFO - [2025-01-19T03:56:20.800+0000] {dag.py:3239} INFO - Sync 1 DAGs
[2025-01-19T03:56:20.810+0000] {logging_mixin.py:190} INFO - [2025-01-19T03:56:20.810+0000] {dag.py:4180} INFO - Setting next_dagrun for example_params_trigger_ui to None, run_after=None
[2025-01-19T03:56:20.824+0000] {processor.py:208} INFO - Processing /home/vscode/.local/lib/python3.10/site-packages/airflow/example_dags/example_params_trigger_ui.py took 0.071 seconds
[2025-01-19T03:57:18.450+0000] {processor.py:186} INFO - Started process (PID=21076) to work on /home/vscode/.local/lib/python3.10/site-packages/airflow/example_dags/example_params_trigger_ui.py
[2025-01-19T03:57:18.451+0000] {processor.py:914} INFO - Processing file /home/vscode/.local/lib/python3.10/site-packages/airflow/example_dags/example_params_trigger_ui.py for tasks to queue
[2025-01-19T03:57:18.452+0000] {logging_mixin.py:190} INFO - [2025-01-19T03:57:18.452+0000] {dagbag.py:588} INFO - Filling up the DagBag from /home/vscode/.local/lib/python3.10/site-packages/airflow/example_dags/example_params_trigger_ui.py
[2025-01-19T03:57:18.461+0000] {processor.py:925} INFO - DAG(s) 'example_params_trigger_ui' retrieved from /home/vscode/.local/lib/python3.10/site-packages/airflow/example_dags/example_params_trigger_ui.py
[2025-01-19T03:57:18.494+0000] {logging_mixin.py:190} INFO - [2025-01-19T03:57:18.493+0000] {dag.py:3239} INFO - Sync 1 DAGs
[2025-01-19T03:57:18.503+0000] {logging_mixin.py:190} INFO - [2025-01-19T03:57:18.503+0000] {dag.py:4180} INFO - Setting next_dagrun for example_params_trigger_ui to None, run_after=None
[2025-01-19T03:57:18.517+0000] {processor.py:208} INFO - Processing /home/vscode/.local/lib/python3.10/site-packages/airflow/example_dags/example_params_trigger_ui.py took 0.072 seconds
[2025-01-19T03:58:09.725+0000] {processor.py:186} INFO - Started process (PID=21423) to work on /home/vscode/.local/lib/python3.10/site-packages/airflow/example_dags/example_params_trigger_ui.py
[2025-01-19T03:58:09.726+0000] {processor.py:914} INFO - Processing file /home/vscode/.local/lib/python3.10/site-packages/airflow/example_dags/example_params_trigger_ui.py for tasks to queue
[2025-01-19T03:58:09.727+0000] {logging_mixin.py:190} INFO - [2025-01-19T03:58:09.727+0000] {dagbag.py:588} INFO - Filling up the DagBag from /home/vscode/.local/lib/python3.10/site-packages/airflow/example_dags/example_params_trigger_ui.py
[2025-01-19T03:58:09.736+0000] {processor.py:925} INFO - DAG(s) 'example_params_trigger_ui' retrieved from /home/vscode/.local/lib/python3.10/site-packages/airflow/example_dags/example_params_trigger_ui.py
[2025-01-19T03:58:09.786+0000] {logging_mixin.py:190} INFO - [2025-01-19T03:58:09.785+0000] {dag.py:3239} INFO - Sync 1 DAGs
[2025-01-19T03:58:09.796+0000] {logging_mixin.py:190} INFO - [2025-01-19T03:58:09.796+0000] {dag.py:4180} INFO - Setting next_dagrun for example_params_trigger_ui to None, run_after=None
[2025-01-19T03:58:09.812+0000] {processor.py:208} INFO - Processing /home/vscode/.local/lib/python3.10/site-packages/airflow/example_dags/example_params_trigger_ui.py took 0.093 seconds
[2025-01-19T03:59:00.406+0000] {processor.py:186} INFO - Started process (PID=21778) to work on /home/vscode/.local/lib/python3.10/site-packages/airflow/example_dags/example_params_trigger_ui.py
[2025-01-19T03:59:00.407+0000] {processor.py:914} INFO - Processing file /home/vscode/.local/lib/python3.10/site-packages/airflow/example_dags/example_params_trigger_ui.py for tasks to queue
[2025-01-19T03:59:00.409+0000] {logging_mixin.py:190} INFO - [2025-01-19T03:59:00.408+0000] {dagbag.py:588} INFO - Filling up the DagBag from /home/vscode/.local/lib/python3.10/site-packages/airflow/example_dags/example_params_trigger_ui.py
[2025-01-19T03:59:00.417+0000] {processor.py:925} INFO - DAG(s) 'example_params_trigger_ui' retrieved from /home/vscode/.local/lib/python3.10/site-packages/airflow/example_dags/example_params_trigger_ui.py
[2025-01-19T03:59:00.450+0000] {logging_mixin.py:190} INFO - [2025-01-19T03:59:00.450+0000] {dag.py:3239} INFO - Sync 1 DAGs
[2025-01-19T03:59:00.460+0000] {logging_mixin.py:190} INFO - [2025-01-19T03:59:00.460+0000] {dag.py:4180} INFO - Setting next_dagrun for example_params_trigger_ui to None, run_after=None
[2025-01-19T03:59:00.475+0000] {processor.py:208} INFO - Processing /home/vscode/.local/lib/python3.10/site-packages/airflow/example_dags/example_params_trigger_ui.py took 0.073 seconds
[2025-01-19T03:59:51.089+0000] {processor.py:186} INFO - Started process (PID=22123) to work on /home/vscode/.local/lib/python3.10/site-packages/airflow/example_dags/example_params_trigger_ui.py
[2025-01-19T03:59:51.090+0000] {processor.py:914} INFO - Processing file /home/vscode/.local/lib/python3.10/site-packages/airflow/example_dags/example_params_trigger_ui.py for tasks to queue
[2025-01-19T03:59:51.092+0000] {logging_mixin.py:190} INFO - [2025-01-19T03:59:51.091+0000] {dagbag.py:588} INFO - Filling up the DagBag from /home/vscode/.local/lib/python3.10/site-packages/airflow/example_dags/example_params_trigger_ui.py
[2025-01-19T03:59:51.100+0000] {processor.py:925} INFO - DAG(s) 'example_params_trigger_ui' retrieved from /home/vscode/.local/lib/python3.10/site-packages/airflow/example_dags/example_params_trigger_ui.py
[2025-01-19T03:59:51.133+0000] {logging_mixin.py:190} INFO - [2025-01-19T03:59:51.133+0000] {dag.py:3239} INFO - Sync 1 DAGs
[2025-01-19T03:59:51.142+0000] {logging_mixin.py:190} INFO - [2025-01-19T03:59:51.142+0000] {dag.py:4180} INFO - Setting next_dagrun for example_params_trigger_ui to None, run_after=None
[2025-01-19T03:59:51.159+0000] {processor.py:208} INFO - Processing /home/vscode/.local/lib/python3.10/site-packages/airflow/example_dags/example_params_trigger_ui.py took 0.074 seconds
[2025-01-19T04:00:45.101+0000] {processor.py:186} INFO - Started process (PID=22483) to work on /home/vscode/.local/lib/python3.10/site-packages/airflow/example_dags/example_params_trigger_ui.py
[2025-01-19T04:00:45.102+0000] {processor.py:914} INFO - Processing file /home/vscode/.local/lib/python3.10/site-packages/airflow/example_dags/example_params_trigger_ui.py for tasks to queue
[2025-01-19T04:00:45.104+0000] {logging_mixin.py:190} INFO - [2025-01-19T04:00:45.103+0000] {dagbag.py:588} INFO - Filling up the DagBag from /home/vscode/.local/lib/python3.10/site-packages/airflow/example_dags/example_params_trigger_ui.py
[2025-01-19T04:00:45.112+0000] {processor.py:925} INFO - DAG(s) 'example_params_trigger_ui' retrieved from /home/vscode/.local/lib/python3.10/site-packages/airflow/example_dags/example_params_trigger_ui.py
[2025-01-19T04:00:45.162+0000] {logging_mixin.py:190} INFO - [2025-01-19T04:00:45.162+0000] {dag.py:3239} INFO - Sync 1 DAGs
[2025-01-19T04:00:45.175+0000] {logging_mixin.py:190} INFO - [2025-01-19T04:00:45.175+0000] {dag.py:4180} INFO - Setting next_dagrun for example_params_trigger_ui to None, run_after=None
[2025-01-19T04:00:45.192+0000] {processor.py:208} INFO - Processing /home/vscode/.local/lib/python3.10/site-packages/airflow/example_dags/example_params_trigger_ui.py took 0.095 seconds
[2025-01-19T04:01:35.392+0000] {processor.py:186} INFO - Started process (PID=22823) to work on /home/vscode/.local/lib/python3.10/site-packages/airflow/example_dags/example_params_trigger_ui.py
[2025-01-19T04:01:35.393+0000] {processor.py:914} INFO - Processing file /home/vscode/.local/lib/python3.10/site-packages/airflow/example_dags/example_params_trigger_ui.py for tasks to queue
[2025-01-19T04:01:35.395+0000] {logging_mixin.py:190} INFO - [2025-01-19T04:01:35.394+0000] {dagbag.py:588} INFO - Filling up the DagBag from /home/vscode/.local/lib/python3.10/site-packages/airflow/example_dags/example_params_trigger_ui.py
[2025-01-19T04:01:35.404+0000] {processor.py:925} INFO - DAG(s) 'example_params_trigger_ui' retrieved from /home/vscode/.local/lib/python3.10/site-packages/airflow/example_dags/example_params_trigger_ui.py
[2025-01-19T04:01:35.437+0000] {logging_mixin.py:190} INFO - [2025-01-19T04:01:35.437+0000] {dag.py:3239} INFO - Sync 1 DAGs
[2025-01-19T04:01:35.447+0000] {logging_mixin.py:190} INFO - [2025-01-19T04:01:35.446+0000] {dag.py:4180} INFO - Setting next_dagrun for example_params_trigger_ui to None, run_after=None
[2025-01-19T04:01:35.461+0000] {processor.py:208} INFO - Processing /home/vscode/.local/lib/python3.10/site-packages/airflow/example_dags/example_params_trigger_ui.py took 0.073 seconds
[2025-01-19T04:02:27.015+0000] {processor.py:186} INFO - Started process (PID=23187) to work on /home/vscode/.local/lib/python3.10/site-packages/airflow/example_dags/example_params_trigger_ui.py
[2025-01-19T04:02:27.016+0000] {processor.py:914} INFO - Processing file /home/vscode/.local/lib/python3.10/site-packages/airflow/example_dags/example_params_trigger_ui.py for tasks to queue
[2025-01-19T04:02:27.017+0000] {logging_mixin.py:190} INFO - [2025-01-19T04:02:27.017+0000] {dagbag.py:588} INFO - Filling up the DagBag from /home/vscode/.local/lib/python3.10/site-packages/airflow/example_dags/example_params_trigger_ui.py
[2025-01-19T04:02:27.026+0000] {processor.py:925} INFO - DAG(s) 'example_params_trigger_ui' retrieved from /home/vscode/.local/lib/python3.10/site-packages/airflow/example_dags/example_params_trigger_ui.py
[2025-01-19T04:02:27.058+0000] {logging_mixin.py:190} INFO - [2025-01-19T04:02:27.058+0000] {dag.py:3239} INFO - Sync 1 DAGs
[2025-01-19T04:02:27.068+0000] {logging_mixin.py:190} INFO - [2025-01-19T04:02:27.068+0000] {dag.py:4180} INFO - Setting next_dagrun for example_params_trigger_ui to None, run_after=None
[2025-01-19T04:02:27.082+0000] {processor.py:208} INFO - Processing /home/vscode/.local/lib/python3.10/site-packages/airflow/example_dags/example_params_trigger_ui.py took 0.072 seconds
