[2025-01-19T03:21:25.484+0000] {processor.py:186} INFO - Started process (PID=5368) to work on /home/vscode/.local/lib/python3.10/site-packages/airflow/example_dags/example_branch_python_dop_operator_3.py
[2025-01-19T03:21:25.485+0000] {processor.py:914} INFO - Processing file /home/vscode/.local/lib/python3.10/site-packages/airflow/example_dags/example_branch_python_dop_operator_3.py for tasks to queue
[2025-01-19T03:21:25.486+0000] {logging_mixin.py:190} INFO - [2025-01-19T03:21:25.486+0000] {dagbag.py:588} INFO - Filling up the DagBag from /home/vscode/.local/lib/python3.10/site-packages/airflow/example_dags/example_branch_python_dop_operator_3.py
[2025-01-19T03:21:25.495+0000] {processor.py:925} INFO - DAG(s) 'example_branch_dop_operator_v3' retrieved from /home/vscode/.local/lib/python3.10/site-packages/airflow/example_dags/example_branch_python_dop_operator_3.py
[2025-01-19T03:21:25.576+0000] {logging_mixin.py:190} INFO - [2025-01-19T03:21:25.575+0000] {override.py:1911} INFO - Created Permission View: can read on DAG:example_branch_dop_operator_v3
[2025-01-19T03:21:25.584+0000] {logging_mixin.py:190} INFO - [2025-01-19T03:21:25.584+0000] {override.py:1911} INFO - Created Permission View: can edit on DAG:example_branch_dop_operator_v3
[2025-01-19T03:21:25.591+0000] {logging_mixin.py:190} INFO - [2025-01-19T03:21:25.590+0000] {override.py:1911} INFO - Created Permission View: can delete on DAG:example_branch_dop_operator_v3
[2025-01-19T03:21:25.599+0000] {logging_mixin.py:190} INFO - [2025-01-19T03:21:25.599+0000] {override.py:1911} INFO - Created Permission View: menu access on DAG Run:example_branch_dop_operator_v3
[2025-01-19T03:21:25.605+0000] {logging_mixin.py:190} INFO - [2025-01-19T03:21:25.605+0000] {override.py:1911} INFO - Created Permission View: can read on DAG Run:example_branch_dop_operator_v3
[2025-01-19T03:21:25.611+0000] {logging_mixin.py:190} INFO - [2025-01-19T03:21:25.611+0000] {override.py:1911} INFO - Created Permission View: can create on DAG Run:example_branch_dop_operator_v3
[2025-01-19T03:21:25.620+0000] {logging_mixin.py:190} INFO - [2025-01-19T03:21:25.619+0000] {override.py:1911} INFO - Created Permission View: can delete on DAG Run:example_branch_dop_operator_v3
[2025-01-19T03:21:25.620+0000] {logging_mixin.py:190} INFO - [2025-01-19T03:21:25.620+0000] {dag.py:3239} INFO - Sync 1 DAGs
[2025-01-19T03:21:25.636+0000] {logging_mixin.py:190} INFO - [2025-01-19T03:21:25.635+0000] {dag.py:3262} INFO - Creating ORM DAG for example_branch_dop_operator_v3
[2025-01-19T03:21:25.651+0000] {logging_mixin.py:190} INFO - [2025-01-19T03:21:25.651+0000] {dag.py:4180} INFO - Setting next_dagrun for example_branch_dop_operator_v3 to 2025-01-19 03:20:00+00:00, run_after=2025-01-19 03:21:00+00:00
[2025-01-19T03:21:25.673+0000] {processor.py:208} INFO - Processing /home/vscode/.local/lib/python3.10/site-packages/airflow/example_dags/example_branch_python_dop_operator_3.py took 0.194 seconds
[2025-01-19T03:22:22.136+0000] {processor.py:186} INFO - Started process (PID=5777) to work on /home/vscode/.local/lib/python3.10/site-packages/airflow/example_dags/example_branch_python_dop_operator_3.py
[2025-01-19T03:22:22.137+0000] {processor.py:914} INFO - Processing file /home/vscode/.local/lib/python3.10/site-packages/airflow/example_dags/example_branch_python_dop_operator_3.py for tasks to queue
[2025-01-19T03:22:22.139+0000] {logging_mixin.py:190} INFO - [2025-01-19T03:22:22.138+0000] {dagbag.py:588} INFO - Filling up the DagBag from /home/vscode/.local/lib/python3.10/site-packages/airflow/example_dags/example_branch_python_dop_operator_3.py
[2025-01-19T03:22:22.147+0000] {processor.py:925} INFO - DAG(s) 'example_branch_dop_operator_v3' retrieved from /home/vscode/.local/lib/python3.10/site-packages/airflow/example_dags/example_branch_python_dop_operator_3.py
[2025-01-19T03:22:22.158+0000] {logging_mixin.py:190} INFO - [2025-01-19T03:22:22.158+0000] {dag.py:3239} INFO - Sync 1 DAGs
[2025-01-19T03:22:22.176+0000] {logging_mixin.py:190} INFO - [2025-01-19T03:22:22.176+0000] {dag.py:4180} INFO - Setting next_dagrun for example_branch_dop_operator_v3 to 2025-01-19 03:21:00+00:00, run_after=2025-01-19 03:22:00+00:00
[2025-01-19T03:22:22.191+0000] {processor.py:208} INFO - Processing /home/vscode/.local/lib/python3.10/site-packages/airflow/example_dags/example_branch_python_dop_operator_3.py took 0.059 seconds
[2025-01-19T03:23:15.827+0000] {processor.py:186} INFO - Started process (PID=6249) to work on /home/vscode/.local/lib/python3.10/site-packages/airflow/example_dags/example_branch_python_dop_operator_3.py
[2025-01-19T03:23:15.828+0000] {processor.py:914} INFO - Processing file /home/vscode/.local/lib/python3.10/site-packages/airflow/example_dags/example_branch_python_dop_operator_3.py for tasks to queue
[2025-01-19T03:23:15.830+0000] {logging_mixin.py:190} INFO - [2025-01-19T03:23:15.829+0000] {dagbag.py:588} INFO - Filling up the DagBag from /home/vscode/.local/lib/python3.10/site-packages/airflow/example_dags/example_branch_python_dop_operator_3.py
[2025-01-19T03:23:15.838+0000] {processor.py:925} INFO - DAG(s) 'example_branch_dop_operator_v3' retrieved from /home/vscode/.local/lib/python3.10/site-packages/airflow/example_dags/example_branch_python_dop_operator_3.py
[2025-01-19T03:23:15.849+0000] {logging_mixin.py:190} INFO - [2025-01-19T03:23:15.849+0000] {dag.py:3239} INFO - Sync 1 DAGs
[2025-01-19T03:23:15.869+0000] {logging_mixin.py:190} INFO - [2025-01-19T03:23:15.869+0000] {dag.py:4180} INFO - Setting next_dagrun for example_branch_dop_operator_v3 to 2025-01-19 03:22:00+00:00, run_after=2025-01-19 03:23:00+00:00
[2025-01-19T03:23:15.888+0000] {processor.py:208} INFO - Processing /home/vscode/.local/lib/python3.10/site-packages/airflow/example_dags/example_branch_python_dop_operator_3.py took 0.065 seconds
[2025-01-19T03:24:30.170+0000] {processor.py:186} INFO - Started process (PID=6834) to work on /home/vscode/.local/lib/python3.10/site-packages/airflow/example_dags/example_branch_python_dop_operator_3.py
[2025-01-19T03:24:30.171+0000] {processor.py:914} INFO - Processing file /home/vscode/.local/lib/python3.10/site-packages/airflow/example_dags/example_branch_python_dop_operator_3.py for tasks to queue
[2025-01-19T03:24:30.173+0000] {logging_mixin.py:190} INFO - [2025-01-19T03:24:30.173+0000] {dagbag.py:588} INFO - Filling up the DagBag from /home/vscode/.local/lib/python3.10/site-packages/airflow/example_dags/example_branch_python_dop_operator_3.py
[2025-01-19T03:24:30.181+0000] {processor.py:925} INFO - DAG(s) 'example_branch_dop_operator_v3' retrieved from /home/vscode/.local/lib/python3.10/site-packages/airflow/example_dags/example_branch_python_dop_operator_3.py
[2025-01-19T03:24:30.192+0000] {logging_mixin.py:190} INFO - [2025-01-19T03:24:30.192+0000] {dag.py:3239} INFO - Sync 1 DAGs
[2025-01-19T03:24:30.210+0000] {logging_mixin.py:190} INFO - [2025-01-19T03:24:30.210+0000] {dag.py:4180} INFO - Setting next_dagrun for example_branch_dop_operator_v3 to 2025-01-19 03:23:00+00:00, run_after=2025-01-19 03:24:00+00:00
[2025-01-19T03:24:30.224+0000] {processor.py:208} INFO - Processing /home/vscode/.local/lib/python3.10/site-packages/airflow/example_dags/example_branch_python_dop_operator_3.py took 0.059 seconds
[2025-01-19T03:25:24.873+0000] {processor.py:186} INFO - Started process (PID=7275) to work on /home/vscode/.local/lib/python3.10/site-packages/airflow/example_dags/example_branch_python_dop_operator_3.py
[2025-01-19T03:25:24.874+0000] {processor.py:914} INFO - Processing file /home/vscode/.local/lib/python3.10/site-packages/airflow/example_dags/example_branch_python_dop_operator_3.py for tasks to queue
[2025-01-19T03:25:24.875+0000] {logging_mixin.py:190} INFO - [2025-01-19T03:25:24.875+0000] {dagbag.py:588} INFO - Filling up the DagBag from /home/vscode/.local/lib/python3.10/site-packages/airflow/example_dags/example_branch_python_dop_operator_3.py
[2025-01-19T03:25:24.884+0000] {processor.py:925} INFO - DAG(s) 'example_branch_dop_operator_v3' retrieved from /home/vscode/.local/lib/python3.10/site-packages/airflow/example_dags/example_branch_python_dop_operator_3.py
[2025-01-19T03:25:24.896+0000] {logging_mixin.py:190} INFO - [2025-01-19T03:25:24.896+0000] {dag.py:3239} INFO - Sync 1 DAGs
[2025-01-19T03:25:24.915+0000] {logging_mixin.py:190} INFO - [2025-01-19T03:25:24.915+0000] {dag.py:4180} INFO - Setting next_dagrun for example_branch_dop_operator_v3 to 2025-01-19 03:24:00+00:00, run_after=2025-01-19 03:25:00+00:00
[2025-01-19T03:25:24.930+0000] {processor.py:208} INFO - Processing /home/vscode/.local/lib/python3.10/site-packages/airflow/example_dags/example_branch_python_dop_operator_3.py took 0.062 seconds
[2025-01-19T03:26:40.933+0000] {processor.py:186} INFO - Started process (PID=7860) to work on /home/vscode/.local/lib/python3.10/site-packages/airflow/example_dags/example_branch_python_dop_operator_3.py
[2025-01-19T03:26:40.934+0000] {processor.py:914} INFO - Processing file /home/vscode/.local/lib/python3.10/site-packages/airflow/example_dags/example_branch_python_dop_operator_3.py for tasks to queue
[2025-01-19T03:26:40.936+0000] {logging_mixin.py:190} INFO - [2025-01-19T03:26:40.935+0000] {dagbag.py:588} INFO - Filling up the DagBag from /home/vscode/.local/lib/python3.10/site-packages/airflow/example_dags/example_branch_python_dop_operator_3.py
[2025-01-19T03:26:40.944+0000] {processor.py:925} INFO - DAG(s) 'example_branch_dop_operator_v3' retrieved from /home/vscode/.local/lib/python3.10/site-packages/airflow/example_dags/example_branch_python_dop_operator_3.py
[2025-01-19T03:26:40.955+0000] {logging_mixin.py:190} INFO - [2025-01-19T03:26:40.955+0000] {dag.py:3239} INFO - Sync 1 DAGs
[2025-01-19T03:26:40.973+0000] {logging_mixin.py:190} INFO - [2025-01-19T03:26:40.973+0000] {dag.py:4180} INFO - Setting next_dagrun for example_branch_dop_operator_v3 to 2025-01-19 03:25:00+00:00, run_after=2025-01-19 03:26:00+00:00
[2025-01-19T03:26:40.988+0000] {processor.py:208} INFO - Processing /home/vscode/.local/lib/python3.10/site-packages/airflow/example_dags/example_branch_python_dop_operator_3.py took 0.059 seconds
[2025-01-19T03:28:00.364+0000] {processor.py:186} INFO - Started process (PID=8510) to work on /home/vscode/.local/lib/python3.10/site-packages/airflow/example_dags/example_branch_python_dop_operator_3.py
[2025-01-19T03:28:00.365+0000] {processor.py:914} INFO - Processing file /home/vscode/.local/lib/python3.10/site-packages/airflow/example_dags/example_branch_python_dop_operator_3.py for tasks to queue
[2025-01-19T03:28:00.366+0000] {logging_mixin.py:190} INFO - [2025-01-19T03:28:00.366+0000] {dagbag.py:588} INFO - Filling up the DagBag from /home/vscode/.local/lib/python3.10/site-packages/airflow/example_dags/example_branch_python_dop_operator_3.py
[2025-01-19T03:28:00.375+0000] {processor.py:925} INFO - DAG(s) 'example_branch_dop_operator_v3' retrieved from /home/vscode/.local/lib/python3.10/site-packages/airflow/example_dags/example_branch_python_dop_operator_3.py
[2025-01-19T03:28:00.386+0000] {logging_mixin.py:190} INFO - [2025-01-19T03:28:00.386+0000] {dag.py:3239} INFO - Sync 1 DAGs
[2025-01-19T03:28:00.408+0000] {logging_mixin.py:190} INFO - [2025-01-19T03:28:00.408+0000] {dag.py:4180} INFO - Setting next_dagrun for example_branch_dop_operator_v3 to 2025-01-19 03:27:00+00:00, run_after=2025-01-19 03:28:00+00:00
[2025-01-19T03:28:00.428+0000] {processor.py:208} INFO - Processing /home/vscode/.local/lib/python3.10/site-packages/airflow/example_dags/example_branch_python_dop_operator_3.py took 0.069 seconds
[2025-01-19T03:28:53.519+0000] {processor.py:186} INFO - Started process (PID=8963) to work on /home/vscode/.local/lib/python3.10/site-packages/airflow/example_dags/example_branch_python_dop_operator_3.py
[2025-01-19T03:28:53.520+0000] {processor.py:914} INFO - Processing file /home/vscode/.local/lib/python3.10/site-packages/airflow/example_dags/example_branch_python_dop_operator_3.py for tasks to queue
[2025-01-19T03:28:53.521+0000] {logging_mixin.py:190} INFO - [2025-01-19T03:28:53.521+0000] {dagbag.py:588} INFO - Filling up the DagBag from /home/vscode/.local/lib/python3.10/site-packages/airflow/example_dags/example_branch_python_dop_operator_3.py
[2025-01-19T03:28:53.530+0000] {processor.py:925} INFO - DAG(s) 'example_branch_dop_operator_v3' retrieved from /home/vscode/.local/lib/python3.10/site-packages/airflow/example_dags/example_branch_python_dop_operator_3.py
[2025-01-19T03:28:53.542+0000] {logging_mixin.py:190} INFO - [2025-01-19T03:28:53.542+0000] {dag.py:3239} INFO - Sync 1 DAGs
[2025-01-19T03:28:53.560+0000] {logging_mixin.py:190} INFO - [2025-01-19T03:28:53.560+0000] {dag.py:4180} INFO - Setting next_dagrun for example_branch_dop_operator_v3 to 2025-01-19 03:27:00+00:00, run_after=2025-01-19 03:28:00+00:00
[2025-01-19T03:28:53.575+0000] {processor.py:208} INFO - Processing /home/vscode/.local/lib/python3.10/site-packages/airflow/example_dags/example_branch_python_dop_operator_3.py took 0.061 seconds
[2025-01-19T03:29:47.317+0000] {processor.py:186} INFO - Started process (PID=9337) to work on /home/vscode/.local/lib/python3.10/site-packages/airflow/example_dags/example_branch_python_dop_operator_3.py
[2025-01-19T03:29:47.318+0000] {processor.py:914} INFO - Processing file /home/vscode/.local/lib/python3.10/site-packages/airflow/example_dags/example_branch_python_dop_operator_3.py for tasks to queue
[2025-01-19T03:29:47.320+0000] {logging_mixin.py:190} INFO - [2025-01-19T03:29:47.319+0000] {dagbag.py:588} INFO - Filling up the DagBag from /home/vscode/.local/lib/python3.10/site-packages/airflow/example_dags/example_branch_python_dop_operator_3.py
[2025-01-19T03:29:47.332+0000] {processor.py:925} INFO - DAG(s) 'example_branch_dop_operator_v3' retrieved from /home/vscode/.local/lib/python3.10/site-packages/airflow/example_dags/example_branch_python_dop_operator_3.py
[2025-01-19T03:29:47.343+0000] {logging_mixin.py:190} INFO - [2025-01-19T03:29:47.343+0000] {dag.py:3239} INFO - Sync 1 DAGs
[2025-01-19T03:29:47.361+0000] {logging_mixin.py:190} INFO - [2025-01-19T03:29:47.361+0000] {dag.py:4180} INFO - Setting next_dagrun for example_branch_dop_operator_v3 to 2025-01-19 03:28:00+00:00, run_after=2025-01-19 03:29:00+00:00
[2025-01-19T03:29:47.377+0000] {processor.py:208} INFO - Processing /home/vscode/.local/lib/python3.10/site-packages/airflow/example_dags/example_branch_python_dop_operator_3.py took 0.064 seconds
[2025-01-19T03:30:56.921+0000] {processor.py:186} INFO - Started process (PID=9805) to work on /home/vscode/.local/lib/python3.10/site-packages/airflow/example_dags/example_branch_python_dop_operator_3.py
[2025-01-19T03:30:56.922+0000] {processor.py:914} INFO - Processing file /home/vscode/.local/lib/python3.10/site-packages/airflow/example_dags/example_branch_python_dop_operator_3.py for tasks to queue
[2025-01-19T03:30:56.924+0000] {logging_mixin.py:190} INFO - [2025-01-19T03:30:56.924+0000] {dagbag.py:588} INFO - Filling up the DagBag from /home/vscode/.local/lib/python3.10/site-packages/airflow/example_dags/example_branch_python_dop_operator_3.py
[2025-01-19T03:30:56.934+0000] {processor.py:925} INFO - DAG(s) 'example_branch_dop_operator_v3' retrieved from /home/vscode/.local/lib/python3.10/site-packages/airflow/example_dags/example_branch_python_dop_operator_3.py
[2025-01-19T03:30:56.947+0000] {logging_mixin.py:190} INFO - [2025-01-19T03:30:56.947+0000] {dag.py:3239} INFO - Sync 1 DAGs
[2025-01-19T03:30:56.965+0000] {logging_mixin.py:190} INFO - [2025-01-19T03:30:56.965+0000] {dag.py:4180} INFO - Setting next_dagrun for example_branch_dop_operator_v3 to 2025-01-19 03:29:00+00:00, run_after=2025-01-19 03:30:00+00:00
[2025-01-19T03:30:56.980+0000] {processor.py:208} INFO - Processing /home/vscode/.local/lib/python3.10/site-packages/airflow/example_dags/example_branch_python_dop_operator_3.py took 0.064 seconds
[2025-01-19T03:32:11.473+0000] {processor.py:186} INFO - Started process (PID=10384) to work on /home/vscode/.local/lib/python3.10/site-packages/airflow/example_dags/example_branch_python_dop_operator_3.py
[2025-01-19T03:32:11.474+0000] {processor.py:914} INFO - Processing file /home/vscode/.local/lib/python3.10/site-packages/airflow/example_dags/example_branch_python_dop_operator_3.py for tasks to queue
[2025-01-19T03:32:11.476+0000] {logging_mixin.py:190} INFO - [2025-01-19T03:32:11.475+0000] {dagbag.py:588} INFO - Filling up the DagBag from /home/vscode/.local/lib/python3.10/site-packages/airflow/example_dags/example_branch_python_dop_operator_3.py
[2025-01-19T03:32:11.484+0000] {processor.py:925} INFO - DAG(s) 'example_branch_dop_operator_v3' retrieved from /home/vscode/.local/lib/python3.10/site-packages/airflow/example_dags/example_branch_python_dop_operator_3.py
[2025-01-19T03:32:11.496+0000] {logging_mixin.py:190} INFO - [2025-01-19T03:32:11.496+0000] {dag.py:3239} INFO - Sync 1 DAGs
[2025-01-19T03:32:11.514+0000] {logging_mixin.py:190} INFO - [2025-01-19T03:32:11.514+0000] {dag.py:4180} INFO - Setting next_dagrun for example_branch_dop_operator_v3 to 2025-01-19 03:31:00+00:00, run_after=2025-01-19 03:32:00+00:00
[2025-01-19T03:32:11.528+0000] {processor.py:208} INFO - Processing /home/vscode/.local/lib/python3.10/site-packages/airflow/example_dags/example_branch_python_dop_operator_3.py took 0.060 seconds
[2025-01-19T03:33:28.268+0000] {processor.py:186} INFO - Started process (PID=10979) to work on /home/vscode/.local/lib/python3.10/site-packages/airflow/example_dags/example_branch_python_dop_operator_3.py
[2025-01-19T03:33:28.269+0000] {processor.py:914} INFO - Processing file /home/vscode/.local/lib/python3.10/site-packages/airflow/example_dags/example_branch_python_dop_operator_3.py for tasks to queue
[2025-01-19T03:33:28.270+0000] {logging_mixin.py:190} INFO - [2025-01-19T03:33:28.270+0000] {dagbag.py:588} INFO - Filling up the DagBag from /home/vscode/.local/lib/python3.10/site-packages/airflow/example_dags/example_branch_python_dop_operator_3.py
[2025-01-19T03:33:28.279+0000] {processor.py:925} INFO - DAG(s) 'example_branch_dop_operator_v3' retrieved from /home/vscode/.local/lib/python3.10/site-packages/airflow/example_dags/example_branch_python_dop_operator_3.py
[2025-01-19T03:33:28.290+0000] {logging_mixin.py:190} INFO - [2025-01-19T03:33:28.289+0000] {dag.py:3239} INFO - Sync 1 DAGs
[2025-01-19T03:33:28.310+0000] {logging_mixin.py:190} INFO - [2025-01-19T03:33:28.310+0000] {dag.py:4180} INFO - Setting next_dagrun for example_branch_dop_operator_v3 to 2025-01-19 03:32:00+00:00, run_after=2025-01-19 03:33:00+00:00
[2025-01-19T03:33:28.331+0000] {processor.py:208} INFO - Processing /home/vscode/.local/lib/python3.10/site-packages/airflow/example_dags/example_branch_python_dop_operator_3.py took 0.067 seconds
[2025-01-19T03:34:42.826+0000] {processor.py:186} INFO - Started process (PID=11541) to work on /home/vscode/.local/lib/python3.10/site-packages/airflow/example_dags/example_branch_python_dop_operator_3.py
[2025-01-19T03:34:42.827+0000] {processor.py:914} INFO - Processing file /home/vscode/.local/lib/python3.10/site-packages/airflow/example_dags/example_branch_python_dop_operator_3.py for tasks to queue
[2025-01-19T03:34:42.830+0000] {logging_mixin.py:190} INFO - [2025-01-19T03:34:42.830+0000] {dagbag.py:588} INFO - Filling up the DagBag from /home/vscode/.local/lib/python3.10/site-packages/airflow/example_dags/example_branch_python_dop_operator_3.py
[2025-01-19T03:34:42.841+0000] {processor.py:925} INFO - DAG(s) 'example_branch_dop_operator_v3' retrieved from /home/vscode/.local/lib/python3.10/site-packages/airflow/example_dags/example_branch_python_dop_operator_3.py
[2025-01-19T03:34:42.853+0000] {logging_mixin.py:190} INFO - [2025-01-19T03:34:42.852+0000] {dag.py:3239} INFO - Sync 1 DAGs
[2025-01-19T03:34:42.875+0000] {logging_mixin.py:190} INFO - [2025-01-19T03:34:42.874+0000] {dag.py:4180} INFO - Setting next_dagrun for example_branch_dop_operator_v3 to 2025-01-19 03:33:00+00:00, run_after=2025-01-19 03:34:00+00:00
[2025-01-19T03:34:42.891+0000] {processor.py:208} INFO - Processing /home/vscode/.local/lib/python3.10/site-packages/airflow/example_dags/example_branch_python_dop_operator_3.py took 0.071 seconds
[2025-01-19T03:35:57.350+0000] {processor.py:186} INFO - Started process (PID=12113) to work on /home/vscode/.local/lib/python3.10/site-packages/airflow/example_dags/example_branch_python_dop_operator_3.py
[2025-01-19T03:35:57.351+0000] {processor.py:914} INFO - Processing file /home/vscode/.local/lib/python3.10/site-packages/airflow/example_dags/example_branch_python_dop_operator_3.py for tasks to queue
[2025-01-19T03:35:57.352+0000] {logging_mixin.py:190} INFO - [2025-01-19T03:35:57.352+0000] {dagbag.py:588} INFO - Filling up the DagBag from /home/vscode/.local/lib/python3.10/site-packages/airflow/example_dags/example_branch_python_dop_operator_3.py
[2025-01-19T03:35:57.361+0000] {processor.py:925} INFO - DAG(s) 'example_branch_dop_operator_v3' retrieved from /home/vscode/.local/lib/python3.10/site-packages/airflow/example_dags/example_branch_python_dop_operator_3.py
[2025-01-19T03:35:57.373+0000] {logging_mixin.py:190} INFO - [2025-01-19T03:35:57.372+0000] {dag.py:3239} INFO - Sync 1 DAGs
[2025-01-19T03:35:57.391+0000] {logging_mixin.py:190} INFO - [2025-01-19T03:35:57.391+0000] {dag.py:4180} INFO - Setting next_dagrun for example_branch_dop_operator_v3 to 2025-01-19 03:34:00+00:00, run_after=2025-01-19 03:35:00+00:00
[2025-01-19T03:35:57.406+0000] {processor.py:208} INFO - Processing /home/vscode/.local/lib/python3.10/site-packages/airflow/example_dags/example_branch_python_dop_operator_3.py took 0.061 seconds
[2025-01-19T03:37:11.512+0000] {processor.py:186} INFO - Started process (PID=12627) to work on /home/vscode/.local/lib/python3.10/site-packages/airflow/example_dags/example_branch_python_dop_operator_3.py
[2025-01-19T03:37:11.513+0000] {processor.py:914} INFO - Processing file /home/vscode/.local/lib/python3.10/site-packages/airflow/example_dags/example_branch_python_dop_operator_3.py for tasks to queue
[2025-01-19T03:37:11.515+0000] {logging_mixin.py:190} INFO - [2025-01-19T03:37:11.514+0000] {dagbag.py:588} INFO - Filling up the DagBag from /home/vscode/.local/lib/python3.10/site-packages/airflow/example_dags/example_branch_python_dop_operator_3.py
[2025-01-19T03:37:11.523+0000] {processor.py:925} INFO - DAG(s) 'example_branch_dop_operator_v3' retrieved from /home/vscode/.local/lib/python3.10/site-packages/airflow/example_dags/example_branch_python_dop_operator_3.py
[2025-01-19T03:37:11.534+0000] {logging_mixin.py:190} INFO - [2025-01-19T03:37:11.534+0000] {dag.py:3239} INFO - Sync 1 DAGs
[2025-01-19T03:37:11.552+0000] {logging_mixin.py:190} INFO - [2025-01-19T03:37:11.552+0000] {dag.py:4180} INFO - Setting next_dagrun for example_branch_dop_operator_v3 to 2025-01-19 03:36:00+00:00, run_after=2025-01-19 03:37:00+00:00
[2025-01-19T03:37:11.567+0000] {processor.py:208} INFO - Processing /home/vscode/.local/lib/python3.10/site-packages/airflow/example_dags/example_branch_python_dop_operator_3.py took 0.060 seconds
[2025-01-19T03:38:03.482+0000] {processor.py:186} INFO - Started process (PID=12974) to work on /home/vscode/.local/lib/python3.10/site-packages/airflow/example_dags/example_branch_python_dop_operator_3.py
[2025-01-19T03:38:03.483+0000] {processor.py:914} INFO - Processing file /home/vscode/.local/lib/python3.10/site-packages/airflow/example_dags/example_branch_python_dop_operator_3.py for tasks to queue
[2025-01-19T03:38:03.485+0000] {logging_mixin.py:190} INFO - [2025-01-19T03:38:03.484+0000] {dagbag.py:588} INFO - Filling up the DagBag from /home/vscode/.local/lib/python3.10/site-packages/airflow/example_dags/example_branch_python_dop_operator_3.py
[2025-01-19T03:38:03.493+0000] {processor.py:925} INFO - DAG(s) 'example_branch_dop_operator_v3' retrieved from /home/vscode/.local/lib/python3.10/site-packages/airflow/example_dags/example_branch_python_dop_operator_3.py
[2025-01-19T03:38:03.504+0000] {logging_mixin.py:190} INFO - [2025-01-19T03:38:03.504+0000] {dag.py:3239} INFO - Sync 1 DAGs
[2025-01-19T03:38:03.522+0000] {logging_mixin.py:190} INFO - [2025-01-19T03:38:03.522+0000] {dag.py:4180} INFO - Setting next_dagrun for example_branch_dop_operator_v3 to 2025-01-19 03:37:00+00:00, run_after=2025-01-19 03:38:00+00:00
[2025-01-19T03:38:03.538+0000] {processor.py:208} INFO - Processing /home/vscode/.local/lib/python3.10/site-packages/airflow/example_dags/example_branch_python_dop_operator_3.py took 0.060 seconds
[2025-01-19T03:39:16.482+0000] {processor.py:186} INFO - Started process (PID=13469) to work on /home/vscode/.local/lib/python3.10/site-packages/airflow/example_dags/example_branch_python_dop_operator_3.py
[2025-01-19T03:39:16.483+0000] {processor.py:914} INFO - Processing file /home/vscode/.local/lib/python3.10/site-packages/airflow/example_dags/example_branch_python_dop_operator_3.py for tasks to queue
[2025-01-19T03:39:16.485+0000] {logging_mixin.py:190} INFO - [2025-01-19T03:39:16.484+0000] {dagbag.py:588} INFO - Filling up the DagBag from /home/vscode/.local/lib/python3.10/site-packages/airflow/example_dags/example_branch_python_dop_operator_3.py
[2025-01-19T03:39:16.493+0000] {processor.py:925} INFO - DAG(s) 'example_branch_dop_operator_v3' retrieved from /home/vscode/.local/lib/python3.10/site-packages/airflow/example_dags/example_branch_python_dop_operator_3.py
[2025-01-19T03:39:16.504+0000] {logging_mixin.py:190} INFO - [2025-01-19T03:39:16.504+0000] {dag.py:3239} INFO - Sync 1 DAGs
[2025-01-19T03:39:16.522+0000] {logging_mixin.py:190} INFO - [2025-01-19T03:39:16.522+0000] {dag.py:4180} INFO - Setting next_dagrun for example_branch_dop_operator_v3 to 2025-01-19 03:38:00+00:00, run_after=2025-01-19 03:39:00+00:00
[2025-01-19T03:39:16.537+0000] {processor.py:208} INFO - Processing /home/vscode/.local/lib/python3.10/site-packages/airflow/example_dags/example_branch_python_dop_operator_3.py took 0.059 seconds
[2025-01-19T03:40:34.626+0000] {processor.py:186} INFO - Started process (PID=13998) to work on /home/vscode/.local/lib/python3.10/site-packages/airflow/example_dags/example_branch_python_dop_operator_3.py
[2025-01-19T03:40:34.627+0000] {processor.py:914} INFO - Processing file /home/vscode/.local/lib/python3.10/site-packages/airflow/example_dags/example_branch_python_dop_operator_3.py for tasks to queue
[2025-01-19T03:40:34.629+0000] {logging_mixin.py:190} INFO - [2025-01-19T03:40:34.628+0000] {dagbag.py:588} INFO - Filling up the DagBag from /home/vscode/.local/lib/python3.10/site-packages/airflow/example_dags/example_branch_python_dop_operator_3.py
[2025-01-19T03:40:34.637+0000] {processor.py:925} INFO - DAG(s) 'example_branch_dop_operator_v3' retrieved from /home/vscode/.local/lib/python3.10/site-packages/airflow/example_dags/example_branch_python_dop_operator_3.py
[2025-01-19T03:40:34.648+0000] {logging_mixin.py:190} INFO - [2025-01-19T03:40:34.648+0000] {dag.py:3239} INFO - Sync 1 DAGs
[2025-01-19T03:40:34.667+0000] {logging_mixin.py:190} INFO - [2025-01-19T03:40:34.667+0000] {dag.py:4180} INFO - Setting next_dagrun for example_branch_dop_operator_v3 to 2025-01-19 03:39:00+00:00, run_after=2025-01-19 03:40:00+00:00
[2025-01-19T03:40:34.683+0000] {processor.py:208} INFO - Processing /home/vscode/.local/lib/python3.10/site-packages/airflow/example_dags/example_branch_python_dop_operator_3.py took 0.061 seconds
[2025-01-19T03:41:49.530+0000] {processor.py:186} INFO - Started process (PID=14502) to work on /home/vscode/.local/lib/python3.10/site-packages/airflow/example_dags/example_branch_python_dop_operator_3.py
[2025-01-19T03:41:49.531+0000] {processor.py:914} INFO - Processing file /home/vscode/.local/lib/python3.10/site-packages/airflow/example_dags/example_branch_python_dop_operator_3.py for tasks to queue
[2025-01-19T03:41:49.532+0000] {logging_mixin.py:190} INFO - [2025-01-19T03:41:49.532+0000] {dagbag.py:588} INFO - Filling up the DagBag from /home/vscode/.local/lib/python3.10/site-packages/airflow/example_dags/example_branch_python_dop_operator_3.py
[2025-01-19T03:41:49.541+0000] {processor.py:925} INFO - DAG(s) 'example_branch_dop_operator_v3' retrieved from /home/vscode/.local/lib/python3.10/site-packages/airflow/example_dags/example_branch_python_dop_operator_3.py
[2025-01-19T03:41:49.552+0000] {logging_mixin.py:190} INFO - [2025-01-19T03:41:49.552+0000] {dag.py:3239} INFO - Sync 1 DAGs
[2025-01-19T03:41:49.576+0000] {logging_mixin.py:190} INFO - [2025-01-19T03:41:49.576+0000] {dag.py:4180} INFO - Setting next_dagrun for example_branch_dop_operator_v3 to 2025-01-19 03:40:00+00:00, run_after=2025-01-19 03:41:00+00:00
[2025-01-19T03:41:49.592+0000] {processor.py:208} INFO - Processing /home/vscode/.local/lib/python3.10/site-packages/airflow/example_dags/example_branch_python_dop_operator_3.py took 0.067 seconds
[2025-01-19T03:42:40.827+0000] {processor.py:186} INFO - Started process (PID=14846) to work on /home/vscode/.local/lib/python3.10/site-packages/airflow/example_dags/example_branch_python_dop_operator_3.py
[2025-01-19T03:42:40.828+0000] {processor.py:914} INFO - Processing file /home/vscode/.local/lib/python3.10/site-packages/airflow/example_dags/example_branch_python_dop_operator_3.py for tasks to queue
[2025-01-19T03:42:40.829+0000] {logging_mixin.py:190} INFO - [2025-01-19T03:42:40.829+0000] {dagbag.py:588} INFO - Filling up the DagBag from /home/vscode/.local/lib/python3.10/site-packages/airflow/example_dags/example_branch_python_dop_operator_3.py
[2025-01-19T03:42:40.837+0000] {processor.py:925} INFO - DAG(s) 'example_branch_dop_operator_v3' retrieved from /home/vscode/.local/lib/python3.10/site-packages/airflow/example_dags/example_branch_python_dop_operator_3.py
[2025-01-19T03:42:40.849+0000] {logging_mixin.py:190} INFO - [2025-01-19T03:42:40.848+0000] {dag.py:3239} INFO - Sync 1 DAGs
[2025-01-19T03:42:40.867+0000] {logging_mixin.py:190} INFO - [2025-01-19T03:42:40.866+0000] {dag.py:4180} INFO - Setting next_dagrun for example_branch_dop_operator_v3 to 2025-01-19 03:41:00+00:00, run_after=2025-01-19 03:42:00+00:00
[2025-01-19T03:42:40.881+0000] {processor.py:208} INFO - Processing /home/vscode/.local/lib/python3.10/site-packages/airflow/example_dags/example_branch_python_dop_operator_3.py took 0.058 seconds
[2025-01-19T03:43:58.933+0000] {processor.py:186} INFO - Started process (PID=15376) to work on /home/vscode/.local/lib/python3.10/site-packages/airflow/example_dags/example_branch_python_dop_operator_3.py
[2025-01-19T03:43:58.934+0000] {processor.py:914} INFO - Processing file /home/vscode/.local/lib/python3.10/site-packages/airflow/example_dags/example_branch_python_dop_operator_3.py for tasks to queue
[2025-01-19T03:43:58.936+0000] {logging_mixin.py:190} INFO - [2025-01-19T03:43:58.935+0000] {dagbag.py:588} INFO - Filling up the DagBag from /home/vscode/.local/lib/python3.10/site-packages/airflow/example_dags/example_branch_python_dop_operator_3.py
[2025-01-19T03:43:58.948+0000] {processor.py:925} INFO - DAG(s) 'example_branch_dop_operator_v3' retrieved from /home/vscode/.local/lib/python3.10/site-packages/airflow/example_dags/example_branch_python_dop_operator_3.py
[2025-01-19T03:43:58.964+0000] {logging_mixin.py:190} INFO - [2025-01-19T03:43:58.964+0000] {dag.py:3239} INFO - Sync 1 DAGs
[2025-01-19T03:43:58.991+0000] {logging_mixin.py:190} INFO - [2025-01-19T03:43:58.991+0000] {dag.py:4180} INFO - Setting next_dagrun for example_branch_dop_operator_v3 to 2025-01-19 03:42:00+00:00, run_after=2025-01-19 03:43:00+00:00
[2025-01-19T03:43:59.012+0000] {processor.py:208} INFO - Processing /home/vscode/.local/lib/python3.10/site-packages/airflow/example_dags/example_branch_python_dop_operator_3.py took 0.085 seconds
[2025-01-19T03:44:52.283+0000] {processor.py:186} INFO - Started process (PID=15738) to work on /home/vscode/.local/lib/python3.10/site-packages/airflow/example_dags/example_branch_python_dop_operator_3.py
[2025-01-19T03:44:52.284+0000] {processor.py:914} INFO - Processing file /home/vscode/.local/lib/python3.10/site-packages/airflow/example_dags/example_branch_python_dop_operator_3.py for tasks to queue
[2025-01-19T03:44:52.286+0000] {logging_mixin.py:190} INFO - [2025-01-19T03:44:52.285+0000] {dagbag.py:588} INFO - Filling up the DagBag from /home/vscode/.local/lib/python3.10/site-packages/airflow/example_dags/example_branch_python_dop_operator_3.py
[2025-01-19T03:44:52.294+0000] {processor.py:925} INFO - DAG(s) 'example_branch_dop_operator_v3' retrieved from /home/vscode/.local/lib/python3.10/site-packages/airflow/example_dags/example_branch_python_dop_operator_3.py
[2025-01-19T03:44:52.305+0000] {logging_mixin.py:190} INFO - [2025-01-19T03:44:52.305+0000] {dag.py:3239} INFO - Sync 1 DAGs
[2025-01-19T03:44:52.323+0000] {logging_mixin.py:190} INFO - [2025-01-19T03:44:52.323+0000] {dag.py:4180} INFO - Setting next_dagrun for example_branch_dop_operator_v3 to 2025-01-19 03:43:00+00:00, run_after=2025-01-19 03:44:00+00:00
[2025-01-19T03:44:52.338+0000] {processor.py:208} INFO - Processing /home/vscode/.local/lib/python3.10/site-packages/airflow/example_dags/example_branch_python_dop_operator_3.py took 0.059 seconds
[2025-01-19T03:46:07.385+0000] {processor.py:186} INFO - Started process (PID=16238) to work on /home/vscode/.local/lib/python3.10/site-packages/airflow/example_dags/example_branch_python_dop_operator_3.py
[2025-01-19T03:46:07.386+0000] {processor.py:914} INFO - Processing file /home/vscode/.local/lib/python3.10/site-packages/airflow/example_dags/example_branch_python_dop_operator_3.py for tasks to queue
[2025-01-19T03:46:07.388+0000] {logging_mixin.py:190} INFO - [2025-01-19T03:46:07.387+0000] {dagbag.py:588} INFO - Filling up the DagBag from /home/vscode/.local/lib/python3.10/site-packages/airflow/example_dags/example_branch_python_dop_operator_3.py
[2025-01-19T03:46:07.396+0000] {processor.py:925} INFO - DAG(s) 'example_branch_dop_operator_v3' retrieved from /home/vscode/.local/lib/python3.10/site-packages/airflow/example_dags/example_branch_python_dop_operator_3.py
[2025-01-19T03:46:07.408+0000] {logging_mixin.py:190} INFO - [2025-01-19T03:46:07.407+0000] {dag.py:3239} INFO - Sync 1 DAGs
[2025-01-19T03:46:07.426+0000] {logging_mixin.py:190} INFO - [2025-01-19T03:46:07.426+0000] {dag.py:4180} INFO - Setting next_dagrun for example_branch_dop_operator_v3 to 2025-01-19 03:45:00+00:00, run_after=2025-01-19 03:46:00+00:00
[2025-01-19T03:46:07.441+0000] {processor.py:208} INFO - Processing /home/vscode/.local/lib/python3.10/site-packages/airflow/example_dags/example_branch_python_dop_operator_3.py took 0.060 seconds
[2025-01-19T03:47:26.721+0000] {processor.py:186} INFO - Started process (PID=16775) to work on /home/vscode/.local/lib/python3.10/site-packages/airflow/example_dags/example_branch_python_dop_operator_3.py
[2025-01-19T03:47:26.722+0000] {processor.py:914} INFO - Processing file /home/vscode/.local/lib/python3.10/site-packages/airflow/example_dags/example_branch_python_dop_operator_3.py for tasks to queue
[2025-01-19T03:47:26.723+0000] {logging_mixin.py:190} INFO - [2025-01-19T03:47:26.723+0000] {dagbag.py:588} INFO - Filling up the DagBag from /home/vscode/.local/lib/python3.10/site-packages/airflow/example_dags/example_branch_python_dop_operator_3.py
[2025-01-19T03:47:26.731+0000] {processor.py:925} INFO - DAG(s) 'example_branch_dop_operator_v3' retrieved from /home/vscode/.local/lib/python3.10/site-packages/airflow/example_dags/example_branch_python_dop_operator_3.py
[2025-01-19T03:47:26.743+0000] {logging_mixin.py:190} INFO - [2025-01-19T03:47:26.742+0000] {dag.py:3239} INFO - Sync 1 DAGs
[2025-01-19T03:47:26.760+0000] {logging_mixin.py:190} INFO - [2025-01-19T03:47:26.760+0000] {dag.py:4180} INFO - Setting next_dagrun for example_branch_dop_operator_v3 to 2025-01-19 03:46:00+00:00, run_after=2025-01-19 03:47:00+00:00
[2025-01-19T03:47:26.775+0000] {processor.py:208} INFO - Processing /home/vscode/.local/lib/python3.10/site-packages/airflow/example_dags/example_branch_python_dop_operator_3.py took 0.058 seconds
[2025-01-19T03:48:40.885+0000] {processor.py:186} INFO - Started process (PID=17295) to work on /home/vscode/.local/lib/python3.10/site-packages/airflow/example_dags/example_branch_python_dop_operator_3.py
[2025-01-19T03:48:40.886+0000] {processor.py:914} INFO - Processing file /home/vscode/.local/lib/python3.10/site-packages/airflow/example_dags/example_branch_python_dop_operator_3.py for tasks to queue
[2025-01-19T03:48:40.887+0000] {logging_mixin.py:190} INFO - [2025-01-19T03:48:40.887+0000] {dagbag.py:588} INFO - Filling up the DagBag from /home/vscode/.local/lib/python3.10/site-packages/airflow/example_dags/example_branch_python_dop_operator_3.py
[2025-01-19T03:48:40.896+0000] {processor.py:925} INFO - DAG(s) 'example_branch_dop_operator_v3' retrieved from /home/vscode/.local/lib/python3.10/site-packages/airflow/example_dags/example_branch_python_dop_operator_3.py
[2025-01-19T03:48:40.908+0000] {logging_mixin.py:190} INFO - [2025-01-19T03:48:40.908+0000] {dag.py:3239} INFO - Sync 1 DAGs
[2025-01-19T03:48:40.926+0000] {logging_mixin.py:190} INFO - [2025-01-19T03:48:40.925+0000] {dag.py:4180} INFO - Setting next_dagrun for example_branch_dop_operator_v3 to 2025-01-19 03:47:00+00:00, run_after=2025-01-19 03:48:00+00:00
[2025-01-19T03:48:40.941+0000] {processor.py:208} INFO - Processing /home/vscode/.local/lib/python3.10/site-packages/airflow/example_dags/example_branch_python_dop_operator_3.py took 0.060 seconds
[2025-01-19T03:49:57.958+0000] {processor.py:186} INFO - Started process (PID=17954) to work on /home/vscode/.local/lib/python3.10/site-packages/airflow/example_dags/example_branch_python_dop_operator_3.py
[2025-01-19T03:49:57.960+0000] {processor.py:914} INFO - Processing file /home/vscode/.local/lib/python3.10/site-packages/airflow/example_dags/example_branch_python_dop_operator_3.py for tasks to queue
[2025-01-19T03:49:57.963+0000] {logging_mixin.py:190} INFO - [2025-01-19T03:49:57.962+0000] {dagbag.py:588} INFO - Filling up the DagBag from /home/vscode/.local/lib/python3.10/site-packages/airflow/example_dags/example_branch_python_dop_operator_3.py
[2025-01-19T03:49:57.977+0000] {processor.py:925} INFO - DAG(s) 'example_branch_dop_operator_v3' retrieved from /home/vscode/.local/lib/python3.10/site-packages/airflow/example_dags/example_branch_python_dop_operator_3.py
[2025-01-19T03:49:57.994+0000] {logging_mixin.py:190} INFO - [2025-01-19T03:49:57.993+0000] {dag.py:3239} INFO - Sync 1 DAGs
[2025-01-19T03:49:58.013+0000] {logging_mixin.py:190} INFO - [2025-01-19T03:49:58.013+0000] {dag.py:4180} INFO - Setting next_dagrun for example_branch_dop_operator_v3 to 2025-01-19 03:48:00+00:00, run_after=2025-01-19 03:49:00+00:00
[2025-01-19T03:49:58.031+0000] {processor.py:208} INFO - Processing /home/vscode/.local/lib/python3.10/site-packages/airflow/example_dags/example_branch_python_dop_operator_3.py took 0.079 seconds
[2025-01-19T03:51:12.218+0000] {processor.py:186} INFO - Started process (PID=18532) to work on /home/vscode/.local/lib/python3.10/site-packages/airflow/example_dags/example_branch_python_dop_operator_3.py
[2025-01-19T03:51:12.219+0000] {processor.py:914} INFO - Processing file /home/vscode/.local/lib/python3.10/site-packages/airflow/example_dags/example_branch_python_dop_operator_3.py for tasks to queue
[2025-01-19T03:51:12.221+0000] {logging_mixin.py:190} INFO - [2025-01-19T03:51:12.221+0000] {dagbag.py:588} INFO - Filling up the DagBag from /home/vscode/.local/lib/python3.10/site-packages/airflow/example_dags/example_branch_python_dop_operator_3.py
[2025-01-19T03:51:12.233+0000] {processor.py:925} INFO - DAG(s) 'example_branch_dop_operator_v3' retrieved from /home/vscode/.local/lib/python3.10/site-packages/airflow/example_dags/example_branch_python_dop_operator_3.py
[2025-01-19T03:51:12.249+0000] {logging_mixin.py:190} INFO - [2025-01-19T03:51:12.249+0000] {dag.py:3239} INFO - Sync 1 DAGs
[2025-01-19T03:51:12.271+0000] {logging_mixin.py:190} INFO - [2025-01-19T03:51:12.271+0000] {dag.py:4180} INFO - Setting next_dagrun for example_branch_dop_operator_v3 to 2025-01-19 03:50:00+00:00, run_after=2025-01-19 03:51:00+00:00
[2025-01-19T03:51:12.285+0000] {processor.py:208} INFO - Processing /home/vscode/.local/lib/python3.10/site-packages/airflow/example_dags/example_branch_python_dop_operator_3.py took 0.074 seconds
[2025-01-19T03:55:34.347+0000] {processor.py:186} INFO - Started process (PID=20374) to work on /home/vscode/.local/lib/python3.10/site-packages/airflow/example_dags/example_branch_python_dop_operator_3.py
[2025-01-19T03:55:34.348+0000] {processor.py:914} INFO - Processing file /home/vscode/.local/lib/python3.10/site-packages/airflow/example_dags/example_branch_python_dop_operator_3.py for tasks to queue
[2025-01-19T03:55:34.349+0000] {logging_mixin.py:190} INFO - [2025-01-19T03:55:34.349+0000] {dagbag.py:588} INFO - Filling up the DagBag from /home/vscode/.local/lib/python3.10/site-packages/airflow/example_dags/example_branch_python_dop_operator_3.py
[2025-01-19T03:55:34.358+0000] {processor.py:925} INFO - DAG(s) 'example_branch_dop_operator_v3' retrieved from /home/vscode/.local/lib/python3.10/site-packages/airflow/example_dags/example_branch_python_dop_operator_3.py
[2025-01-19T03:55:34.369+0000] {logging_mixin.py:190} INFO - [2025-01-19T03:55:34.368+0000] {dag.py:3239} INFO - Sync 1 DAGs
[2025-01-19T03:55:34.386+0000] {logging_mixin.py:190} INFO - [2025-01-19T03:55:34.386+0000] {dag.py:4180} INFO - Setting next_dagrun for example_branch_dop_operator_v3 to 2025-01-19 03:54:00+00:00, run_after=2025-01-19 03:55:00+00:00
[2025-01-19T03:55:34.401+0000] {processor.py:208} INFO - Processing /home/vscode/.local/lib/python3.10/site-packages/airflow/example_dags/example_branch_python_dop_operator_3.py took 0.058 seconds
[2025-01-19T03:56:29.898+0000] {processor.py:186} INFO - Started process (PID=20757) to work on /home/vscode/.local/lib/python3.10/site-packages/airflow/example_dags/example_branch_python_dop_operator_3.py
[2025-01-19T03:56:29.899+0000] {processor.py:914} INFO - Processing file /home/vscode/.local/lib/python3.10/site-packages/airflow/example_dags/example_branch_python_dop_operator_3.py for tasks to queue
[2025-01-19T03:56:29.900+0000] {logging_mixin.py:190} INFO - [2025-01-19T03:56:29.900+0000] {dagbag.py:588} INFO - Filling up the DagBag from /home/vscode/.local/lib/python3.10/site-packages/airflow/example_dags/example_branch_python_dop_operator_3.py
[2025-01-19T03:56:29.909+0000] {processor.py:925} INFO - DAG(s) 'example_branch_dop_operator_v3' retrieved from /home/vscode/.local/lib/python3.10/site-packages/airflow/example_dags/example_branch_python_dop_operator_3.py
[2025-01-19T03:56:29.920+0000] {logging_mixin.py:190} INFO - [2025-01-19T03:56:29.920+0000] {dag.py:3239} INFO - Sync 1 DAGs
[2025-01-19T03:56:29.938+0000] {logging_mixin.py:190} INFO - [2025-01-19T03:56:29.938+0000] {dag.py:4180} INFO - Setting next_dagrun for example_branch_dop_operator_v3 to 2025-01-19 03:55:00+00:00, run_after=2025-01-19 03:56:00+00:00
[2025-01-19T03:56:29.955+0000] {processor.py:208} INFO - Processing /home/vscode/.local/lib/python3.10/site-packages/airflow/example_dags/example_branch_python_dop_operator_3.py took 0.061 seconds
[2025-01-19T03:57:27.570+0000] {processor.py:186} INFO - Started process (PID=21144) to work on /home/vscode/.local/lib/python3.10/site-packages/airflow/example_dags/example_branch_python_dop_operator_3.py
[2025-01-19T03:57:27.571+0000] {processor.py:914} INFO - Processing file /home/vscode/.local/lib/python3.10/site-packages/airflow/example_dags/example_branch_python_dop_operator_3.py for tasks to queue
[2025-01-19T03:57:27.573+0000] {logging_mixin.py:190} INFO - [2025-01-19T03:57:27.572+0000] {dagbag.py:588} INFO - Filling up the DagBag from /home/vscode/.local/lib/python3.10/site-packages/airflow/example_dags/example_branch_python_dop_operator_3.py
[2025-01-19T03:57:27.581+0000] {processor.py:925} INFO - DAG(s) 'example_branch_dop_operator_v3' retrieved from /home/vscode/.local/lib/python3.10/site-packages/airflow/example_dags/example_branch_python_dop_operator_3.py
[2025-01-19T03:57:27.593+0000] {logging_mixin.py:190} INFO - [2025-01-19T03:57:27.593+0000] {dag.py:3239} INFO - Sync 1 DAGs
[2025-01-19T03:57:27.612+0000] {logging_mixin.py:190} INFO - [2025-01-19T03:57:27.612+0000] {dag.py:4180} INFO - Setting next_dagrun for example_branch_dop_operator_v3 to 2025-01-19 03:56:00+00:00, run_after=2025-01-19 03:57:00+00:00
[2025-01-19T03:57:27.627+0000] {processor.py:208} INFO - Processing /home/vscode/.local/lib/python3.10/site-packages/airflow/example_dags/example_branch_python_dop_operator_3.py took 0.061 seconds
[2025-01-19T03:58:42.406+0000] {processor.py:186} INFO - Started process (PID=21650) to work on /home/vscode/.local/lib/python3.10/site-packages/airflow/example_dags/example_branch_python_dop_operator_3.py
[2025-01-19T03:58:42.407+0000] {processor.py:914} INFO - Processing file /home/vscode/.local/lib/python3.10/site-packages/airflow/example_dags/example_branch_python_dop_operator_3.py for tasks to queue
[2025-01-19T03:58:42.408+0000] {logging_mixin.py:190} INFO - [2025-01-19T03:58:42.408+0000] {dagbag.py:588} INFO - Filling up the DagBag from /home/vscode/.local/lib/python3.10/site-packages/airflow/example_dags/example_branch_python_dop_operator_3.py
[2025-01-19T03:58:42.417+0000] {processor.py:925} INFO - DAG(s) 'example_branch_dop_operator_v3' retrieved from /home/vscode/.local/lib/python3.10/site-packages/airflow/example_dags/example_branch_python_dop_operator_3.py
[2025-01-19T03:58:42.428+0000] {logging_mixin.py:190} INFO - [2025-01-19T03:58:42.428+0000] {dag.py:3239} INFO - Sync 1 DAGs
[2025-01-19T03:58:42.446+0000] {logging_mixin.py:190} INFO - [2025-01-19T03:58:42.446+0000] {dag.py:4180} INFO - Setting next_dagrun for example_branch_dop_operator_v3 to 2025-01-19 03:57:00+00:00, run_after=2025-01-19 03:58:00+00:00
[2025-01-19T03:58:42.460+0000] {processor.py:208} INFO - Processing /home/vscode/.local/lib/python3.10/site-packages/airflow/example_dags/example_branch_python_dop_operator_3.py took 0.059 seconds
[2025-01-19T03:59:58.933+0000] {processor.py:186} INFO - Started process (PID=22174) to work on /home/vscode/.local/lib/python3.10/site-packages/airflow/example_dags/example_branch_python_dop_operator_3.py
[2025-01-19T03:59:58.934+0000] {processor.py:914} INFO - Processing file /home/vscode/.local/lib/python3.10/site-packages/airflow/example_dags/example_branch_python_dop_operator_3.py for tasks to queue
[2025-01-19T03:59:58.936+0000] {logging_mixin.py:190} INFO - [2025-01-19T03:59:58.935+0000] {dagbag.py:588} INFO - Filling up the DagBag from /home/vscode/.local/lib/python3.10/site-packages/airflow/example_dags/example_branch_python_dop_operator_3.py
[2025-01-19T03:59:58.945+0000] {processor.py:925} INFO - DAG(s) 'example_branch_dop_operator_v3' retrieved from /home/vscode/.local/lib/python3.10/site-packages/airflow/example_dags/example_branch_python_dop_operator_3.py
[2025-01-19T03:59:58.961+0000] {logging_mixin.py:190} INFO - [2025-01-19T03:59:58.961+0000] {dag.py:3239} INFO - Sync 1 DAGs
[2025-01-19T03:59:58.980+0000] {logging_mixin.py:190} INFO - [2025-01-19T03:59:58.980+0000] {dag.py:4180} INFO - Setting next_dagrun for example_branch_dop_operator_v3 to 2025-01-19 03:58:00+00:00, run_after=2025-01-19 03:59:00+00:00
[2025-01-19T03:59:58.995+0000] {processor.py:208} INFO - Processing /home/vscode/.local/lib/python3.10/site-packages/airflow/example_dags/example_branch_python_dop_operator_3.py took 0.066 seconds
[2025-01-19T04:01:14.829+0000] {processor.py:186} INFO - Started process (PID=22691) to work on /home/vscode/.local/lib/python3.10/site-packages/airflow/example_dags/example_branch_python_dop_operator_3.py
[2025-01-19T04:01:14.830+0000] {processor.py:914} INFO - Processing file /home/vscode/.local/lib/python3.10/site-packages/airflow/example_dags/example_branch_python_dop_operator_3.py for tasks to queue
[2025-01-19T04:01:14.832+0000] {logging_mixin.py:190} INFO - [2025-01-19T04:01:14.831+0000] {dagbag.py:588} INFO - Filling up the DagBag from /home/vscode/.local/lib/python3.10/site-packages/airflow/example_dags/example_branch_python_dop_operator_3.py
[2025-01-19T04:01:14.840+0000] {processor.py:925} INFO - DAG(s) 'example_branch_dop_operator_v3' retrieved from /home/vscode/.local/lib/python3.10/site-packages/airflow/example_dags/example_branch_python_dop_operator_3.py
[2025-01-19T04:01:14.851+0000] {logging_mixin.py:190} INFO - [2025-01-19T04:01:14.851+0000] {dag.py:3239} INFO - Sync 1 DAGs
[2025-01-19T04:01:14.869+0000] {logging_mixin.py:190} INFO - [2025-01-19T04:01:14.869+0000] {dag.py:4180} INFO - Setting next_dagrun for example_branch_dop_operator_v3 to 2025-01-19 04:00:00+00:00, run_after=2025-01-19 04:01:00+00:00
[2025-01-19T04:01:14.884+0000] {processor.py:208} INFO - Processing /home/vscode/.local/lib/python3.10/site-packages/airflow/example_dags/example_branch_python_dop_operator_3.py took 0.060 seconds
[2025-01-19T04:02:08.513+0000] {processor.py:186} INFO - Started process (PID=23047) to work on /home/vscode/.local/lib/python3.10/site-packages/airflow/example_dags/example_branch_python_dop_operator_3.py
[2025-01-19T04:02:08.514+0000] {processor.py:914} INFO - Processing file /home/vscode/.local/lib/python3.10/site-packages/airflow/example_dags/example_branch_python_dop_operator_3.py for tasks to queue
[2025-01-19T04:02:08.515+0000] {logging_mixin.py:190} INFO - [2025-01-19T04:02:08.515+0000] {dagbag.py:588} INFO - Filling up the DagBag from /home/vscode/.local/lib/python3.10/site-packages/airflow/example_dags/example_branch_python_dop_operator_3.py
[2025-01-19T04:02:08.524+0000] {processor.py:925} INFO - DAG(s) 'example_branch_dop_operator_v3' retrieved from /home/vscode/.local/lib/python3.10/site-packages/airflow/example_dags/example_branch_python_dop_operator_3.py
[2025-01-19T04:02:08.536+0000] {logging_mixin.py:190} INFO - [2025-01-19T04:02:08.535+0000] {dag.py:3239} INFO - Sync 1 DAGs
[2025-01-19T04:02:08.553+0000] {logging_mixin.py:190} INFO - [2025-01-19T04:02:08.553+0000] {dag.py:4180} INFO - Setting next_dagrun for example_branch_dop_operator_v3 to 2025-01-19 04:01:00+00:00, run_after=2025-01-19 04:02:00+00:00
[2025-01-19T04:02:08.569+0000] {processor.py:208} INFO - Processing /home/vscode/.local/lib/python3.10/site-packages/airflow/example_dags/example_branch_python_dop_operator_3.py took 0.060 seconds
