[2025-01-19T03:21:24.248+0000] {processor.py:186} INFO - Started process (PID=5340) to work on /home/vscode/.local/lib/python3.10/site-packages/airflow/example_dags/example_short_circuit_decorator.py
[2025-01-19T03:21:24.248+0000] {processor.py:914} INFO - Processing file /home/vscode/.local/lib/python3.10/site-packages/airflow/example_dags/example_short_circuit_decorator.py for tasks to queue
[2025-01-19T03:21:24.250+0000] {logging_mixin.py:190} INFO - [2025-01-19T03:21:24.250+0000] {dagbag.py:588} INFO - Filling up the DagBag from /home/vscode/.local/lib/python3.10/site-packages/airflow/example_dags/example_short_circuit_decorator.py
[2025-01-19T03:21:24.259+0000] {processor.py:925} INFO - DAG(s) 'example_short_circuit_decorator' retrieved from /home/vscode/.local/lib/python3.10/site-packages/airflow/example_dags/example_short_circuit_decorator.py
[2025-01-19T03:21:24.341+0000] {logging_mixin.py:190} INFO - [2025-01-19T03:21:24.341+0000] {override.py:1911} INFO - Created Permission View: can read on DAG:example_short_circuit_decorator
[2025-01-19T03:21:24.349+0000] {logging_mixin.py:190} INFO - [2025-01-19T03:21:24.349+0000] {override.py:1911} INFO - Created Permission View: can edit on DAG:example_short_circuit_decorator
[2025-01-19T03:21:24.356+0000] {logging_mixin.py:190} INFO - [2025-01-19T03:21:24.356+0000] {override.py:1911} INFO - Created Permission View: can delete on DAG:example_short_circuit_decorator
[2025-01-19T03:21:24.365+0000] {logging_mixin.py:190} INFO - [2025-01-19T03:21:24.364+0000] {override.py:1911} INFO - Created Permission View: menu access on DAG Run:example_short_circuit_decorator
[2025-01-19T03:21:24.371+0000] {logging_mixin.py:190} INFO - [2025-01-19T03:21:24.371+0000] {override.py:1911} INFO - Created Permission View: can read on DAG Run:example_short_circuit_decorator
[2025-01-19T03:21:24.378+0000] {logging_mixin.py:190} INFO - [2025-01-19T03:21:24.378+0000] {override.py:1911} INFO - Created Permission View: can create on DAG Run:example_short_circuit_decorator
[2025-01-19T03:21:24.385+0000] {logging_mixin.py:190} INFO - [2025-01-19T03:21:24.385+0000] {override.py:1911} INFO - Created Permission View: can delete on DAG Run:example_short_circuit_decorator
[2025-01-19T03:21:24.385+0000] {logging_mixin.py:190} INFO - [2025-01-19T03:21:24.385+0000] {dag.py:3239} INFO - Sync 1 DAGs
[2025-01-19T03:21:24.400+0000] {logging_mixin.py:190} INFO - [2025-01-19T03:21:24.400+0000] {dag.py:3262} INFO - Creating ORM DAG for example_short_circuit_decorator
[2025-01-19T03:21:24.401+0000] {logging_mixin.py:190} INFO - [2025-01-19T03:21:24.401+0000] {dag.py:4180} INFO - Setting next_dagrun for example_short_circuit_decorator to None, run_after=None
[2025-01-19T03:21:24.420+0000] {processor.py:208} INFO - Processing /home/vscode/.local/lib/python3.10/site-packages/airflow/example_dags/example_short_circuit_decorator.py took 0.178 seconds
[2025-01-19T03:22:21.002+0000] {processor.py:186} INFO - Started process (PID=5775) to work on /home/vscode/.local/lib/python3.10/site-packages/airflow/example_dags/example_short_circuit_decorator.py
[2025-01-19T03:22:21.002+0000] {processor.py:914} INFO - Processing file /home/vscode/.local/lib/python3.10/site-packages/airflow/example_dags/example_short_circuit_decorator.py for tasks to queue
[2025-01-19T03:22:21.004+0000] {logging_mixin.py:190} INFO - [2025-01-19T03:22:21.004+0000] {dagbag.py:588} INFO - Filling up the DagBag from /home/vscode/.local/lib/python3.10/site-packages/airflow/example_dags/example_short_circuit_decorator.py
[2025-01-19T03:22:21.012+0000] {processor.py:925} INFO - DAG(s) 'example_short_circuit_decorator' retrieved from /home/vscode/.local/lib/python3.10/site-packages/airflow/example_dags/example_short_circuit_decorator.py
[2025-01-19T03:22:21.026+0000] {logging_mixin.py:190} INFO - [2025-01-19T03:22:21.026+0000] {dag.py:3239} INFO - Sync 1 DAGs
[2025-01-19T03:22:21.035+0000] {logging_mixin.py:190} INFO - [2025-01-19T03:22:21.035+0000] {dag.py:4180} INFO - Setting next_dagrun for example_short_circuit_decorator to None, run_after=None
[2025-01-19T03:22:21.049+0000] {processor.py:208} INFO - Processing /home/vscode/.local/lib/python3.10/site-packages/airflow/example_dags/example_short_circuit_decorator.py took 0.052 seconds
[2025-01-19T03:23:15.192+0000] {processor.py:186} INFO - Started process (PID=6247) to work on /home/vscode/.local/lib/python3.10/site-packages/airflow/example_dags/example_short_circuit_decorator.py
[2025-01-19T03:23:15.193+0000] {processor.py:914} INFO - Processing file /home/vscode/.local/lib/python3.10/site-packages/airflow/example_dags/example_short_circuit_decorator.py for tasks to queue
[2025-01-19T03:23:15.195+0000] {logging_mixin.py:190} INFO - [2025-01-19T03:23:15.194+0000] {dagbag.py:588} INFO - Filling up the DagBag from /home/vscode/.local/lib/python3.10/site-packages/airflow/example_dags/example_short_circuit_decorator.py
[2025-01-19T03:23:15.203+0000] {processor.py:925} INFO - DAG(s) 'example_short_circuit_decorator' retrieved from /home/vscode/.local/lib/python3.10/site-packages/airflow/example_dags/example_short_circuit_decorator.py
[2025-01-19T03:23:15.218+0000] {logging_mixin.py:190} INFO - [2025-01-19T03:23:15.217+0000] {dag.py:3239} INFO - Sync 1 DAGs
[2025-01-19T03:23:15.227+0000] {logging_mixin.py:190} INFO - [2025-01-19T03:23:15.227+0000] {dag.py:4180} INFO - Setting next_dagrun for example_short_circuit_decorator to None, run_after=None
[2025-01-19T03:23:15.241+0000] {processor.py:208} INFO - Processing /home/vscode/.local/lib/python3.10/site-packages/airflow/example_dags/example_short_circuit_decorator.py took 0.054 seconds
[2025-01-19T03:24:29.045+0000] {processor.py:186} INFO - Started process (PID=6826) to work on /home/vscode/.local/lib/python3.10/site-packages/airflow/example_dags/example_short_circuit_decorator.py
[2025-01-19T03:24:29.046+0000] {processor.py:914} INFO - Processing file /home/vscode/.local/lib/python3.10/site-packages/airflow/example_dags/example_short_circuit_decorator.py for tasks to queue
[2025-01-19T03:24:29.049+0000] {logging_mixin.py:190} INFO - [2025-01-19T03:24:29.048+0000] {dagbag.py:588} INFO - Filling up the DagBag from /home/vscode/.local/lib/python3.10/site-packages/airflow/example_dags/example_short_circuit_decorator.py
[2025-01-19T03:24:29.059+0000] {processor.py:925} INFO - DAG(s) 'example_short_circuit_decorator' retrieved from /home/vscode/.local/lib/python3.10/site-packages/airflow/example_dags/example_short_circuit_decorator.py
[2025-01-19T03:24:29.073+0000] {logging_mixin.py:190} INFO - [2025-01-19T03:24:29.073+0000] {dag.py:3239} INFO - Sync 1 DAGs
[2025-01-19T03:24:29.082+0000] {logging_mixin.py:190} INFO - [2025-01-19T03:24:29.082+0000] {dag.py:4180} INFO - Setting next_dagrun for example_short_circuit_decorator to None, run_after=None
[2025-01-19T03:24:29.097+0000] {processor.py:208} INFO - Processing /home/vscode/.local/lib/python3.10/site-packages/airflow/example_dags/example_short_circuit_decorator.py took 0.059 seconds
[2025-01-19T03:25:23.737+0000] {processor.py:186} INFO - Started process (PID=7261) to work on /home/vscode/.local/lib/python3.10/site-packages/airflow/example_dags/example_short_circuit_decorator.py
[2025-01-19T03:25:23.738+0000] {processor.py:914} INFO - Processing file /home/vscode/.local/lib/python3.10/site-packages/airflow/example_dags/example_short_circuit_decorator.py for tasks to queue
[2025-01-19T03:25:23.739+0000] {logging_mixin.py:190} INFO - [2025-01-19T03:25:23.739+0000] {dagbag.py:588} INFO - Filling up the DagBag from /home/vscode/.local/lib/python3.10/site-packages/airflow/example_dags/example_short_circuit_decorator.py
[2025-01-19T03:25:23.747+0000] {processor.py:925} INFO - DAG(s) 'example_short_circuit_decorator' retrieved from /home/vscode/.local/lib/python3.10/site-packages/airflow/example_dags/example_short_circuit_decorator.py
[2025-01-19T03:25:23.761+0000] {logging_mixin.py:190} INFO - [2025-01-19T03:25:23.761+0000] {dag.py:3239} INFO - Sync 1 DAGs
[2025-01-19T03:25:23.771+0000] {logging_mixin.py:190} INFO - [2025-01-19T03:25:23.770+0000] {dag.py:4180} INFO - Setting next_dagrun for example_short_circuit_decorator to None, run_after=None
[2025-01-19T03:25:23.785+0000] {processor.py:208} INFO - Processing /home/vscode/.local/lib/python3.10/site-packages/airflow/example_dags/example_short_circuit_decorator.py took 0.053 seconds
[2025-01-19T03:26:39.795+0000] {processor.py:186} INFO - Started process (PID=7852) to work on /home/vscode/.local/lib/python3.10/site-packages/airflow/example_dags/example_short_circuit_decorator.py
[2025-01-19T03:26:39.796+0000] {processor.py:914} INFO - Processing file /home/vscode/.local/lib/python3.10/site-packages/airflow/example_dags/example_short_circuit_decorator.py for tasks to queue
[2025-01-19T03:26:39.797+0000] {logging_mixin.py:190} INFO - [2025-01-19T03:26:39.797+0000] {dagbag.py:588} INFO - Filling up the DagBag from /home/vscode/.local/lib/python3.10/site-packages/airflow/example_dags/example_short_circuit_decorator.py
[2025-01-19T03:26:39.805+0000] {processor.py:925} INFO - DAG(s) 'example_short_circuit_decorator' retrieved from /home/vscode/.local/lib/python3.10/site-packages/airflow/example_dags/example_short_circuit_decorator.py
[2025-01-19T03:26:39.820+0000] {logging_mixin.py:190} INFO - [2025-01-19T03:26:39.819+0000] {dag.py:3239} INFO - Sync 1 DAGs
[2025-01-19T03:26:39.829+0000] {logging_mixin.py:190} INFO - [2025-01-19T03:26:39.829+0000] {dag.py:4180} INFO - Setting next_dagrun for example_short_circuit_decorator to None, run_after=None
[2025-01-19T03:26:39.848+0000] {processor.py:208} INFO - Processing /home/vscode/.local/lib/python3.10/site-packages/airflow/example_dags/example_short_circuit_decorator.py took 0.059 seconds
[2025-01-19T03:27:34.620+0000] {processor.py:186} INFO - Started process (PID=8256) to work on /home/vscode/.local/lib/python3.10/site-packages/airflow/example_dags/example_short_circuit_decorator.py
[2025-01-19T03:27:34.621+0000] {processor.py:914} INFO - Processing file /home/vscode/.local/lib/python3.10/site-packages/airflow/example_dags/example_short_circuit_decorator.py for tasks to queue
[2025-01-19T03:27:34.622+0000] {logging_mixin.py:190} INFO - [2025-01-19T03:27:34.622+0000] {dagbag.py:588} INFO - Filling up the DagBag from /home/vscode/.local/lib/python3.10/site-packages/airflow/example_dags/example_short_circuit_decorator.py
[2025-01-19T03:27:34.631+0000] {processor.py:925} INFO - DAG(s) 'example_short_circuit_decorator' retrieved from /home/vscode/.local/lib/python3.10/site-packages/airflow/example_dags/example_short_circuit_decorator.py
[2025-01-19T03:27:34.645+0000] {logging_mixin.py:190} INFO - [2025-01-19T03:27:34.644+0000] {dag.py:3239} INFO - Sync 1 DAGs
[2025-01-19T03:27:34.654+0000] {logging_mixin.py:190} INFO - [2025-01-19T03:27:34.654+0000] {dag.py:4180} INFO - Setting next_dagrun for example_short_circuit_decorator to None, run_after=None
[2025-01-19T03:27:34.668+0000] {processor.py:208} INFO - Processing /home/vscode/.local/lib/python3.10/site-packages/airflow/example_dags/example_short_circuit_decorator.py took 0.053 seconds
[2025-01-19T03:28:28.952+0000] {processor.py:186} INFO - Started process (PID=8773) to work on /home/vscode/.local/lib/python3.10/site-packages/airflow/example_dags/example_short_circuit_decorator.py
[2025-01-19T03:28:28.953+0000] {processor.py:914} INFO - Processing file /home/vscode/.local/lib/python3.10/site-packages/airflow/example_dags/example_short_circuit_decorator.py for tasks to queue
[2025-01-19T03:28:28.955+0000] {logging_mixin.py:190} INFO - [2025-01-19T03:28:28.954+0000] {dagbag.py:588} INFO - Filling up the DagBag from /home/vscode/.local/lib/python3.10/site-packages/airflow/example_dags/example_short_circuit_decorator.py
[2025-01-19T03:28:28.963+0000] {processor.py:925} INFO - DAG(s) 'example_short_circuit_decorator' retrieved from /home/vscode/.local/lib/python3.10/site-packages/airflow/example_dags/example_short_circuit_decorator.py
[2025-01-19T03:28:28.977+0000] {logging_mixin.py:190} INFO - [2025-01-19T03:28:28.977+0000] {dag.py:3239} INFO - Sync 1 DAGs
[2025-01-19T03:28:28.986+0000] {logging_mixin.py:190} INFO - [2025-01-19T03:28:28.986+0000] {dag.py:4180} INFO - Setting next_dagrun for example_short_circuit_decorator to None, run_after=None
[2025-01-19T03:28:29.000+0000] {processor.py:208} INFO - Processing /home/vscode/.local/lib/python3.10/site-packages/airflow/example_dags/example_short_circuit_decorator.py took 0.053 seconds
[2025-01-19T03:29:46.182+0000] {processor.py:186} INFO - Started process (PID=9328) to work on /home/vscode/.local/lib/python3.10/site-packages/airflow/example_dags/example_short_circuit_decorator.py
[2025-01-19T03:29:46.183+0000] {processor.py:914} INFO - Processing file /home/vscode/.local/lib/python3.10/site-packages/airflow/example_dags/example_short_circuit_decorator.py for tasks to queue
[2025-01-19T03:29:46.184+0000] {logging_mixin.py:190} INFO - [2025-01-19T03:29:46.184+0000] {dagbag.py:588} INFO - Filling up the DagBag from /home/vscode/.local/lib/python3.10/site-packages/airflow/example_dags/example_short_circuit_decorator.py
[2025-01-19T03:29:46.192+0000] {processor.py:925} INFO - DAG(s) 'example_short_circuit_decorator' retrieved from /home/vscode/.local/lib/python3.10/site-packages/airflow/example_dags/example_short_circuit_decorator.py
[2025-01-19T03:29:46.207+0000] {logging_mixin.py:190} INFO - [2025-01-19T03:29:46.206+0000] {dag.py:3239} INFO - Sync 1 DAGs
[2025-01-19T03:29:46.217+0000] {logging_mixin.py:190} INFO - [2025-01-19T03:29:46.217+0000] {dag.py:4180} INFO - Setting next_dagrun for example_short_circuit_decorator to None, run_after=None
[2025-01-19T03:29:46.232+0000] {processor.py:208} INFO - Processing /home/vscode/.local/lib/python3.10/site-packages/airflow/example_dags/example_short_circuit_decorator.py took 0.054 seconds
[2025-01-19T03:30:55.785+0000] {processor.py:186} INFO - Started process (PID=9803) to work on /home/vscode/.local/lib/python3.10/site-packages/airflow/example_dags/example_short_circuit_decorator.py
[2025-01-19T03:30:55.786+0000] {processor.py:914} INFO - Processing file /home/vscode/.local/lib/python3.10/site-packages/airflow/example_dags/example_short_circuit_decorator.py for tasks to queue
[2025-01-19T03:30:55.787+0000] {logging_mixin.py:190} INFO - [2025-01-19T03:30:55.787+0000] {dagbag.py:588} INFO - Filling up the DagBag from /home/vscode/.local/lib/python3.10/site-packages/airflow/example_dags/example_short_circuit_decorator.py
[2025-01-19T03:30:55.795+0000] {processor.py:925} INFO - DAG(s) 'example_short_circuit_decorator' retrieved from /home/vscode/.local/lib/python3.10/site-packages/airflow/example_dags/example_short_circuit_decorator.py
[2025-01-19T03:30:55.809+0000] {logging_mixin.py:190} INFO - [2025-01-19T03:30:55.809+0000] {dag.py:3239} INFO - Sync 1 DAGs
[2025-01-19T03:30:55.819+0000] {logging_mixin.py:190} INFO - [2025-01-19T03:30:55.818+0000] {dag.py:4180} INFO - Setting next_dagrun for example_short_circuit_decorator to None, run_after=None
[2025-01-19T03:30:55.834+0000] {processor.py:208} INFO - Processing /home/vscode/.local/lib/python3.10/site-packages/airflow/example_dags/example_short_circuit_decorator.py took 0.053 seconds
[2025-01-19T03:32:10.329+0000] {processor.py:186} INFO - Started process (PID=10365) to work on /home/vscode/.local/lib/python3.10/site-packages/airflow/example_dags/example_short_circuit_decorator.py
[2025-01-19T03:32:10.330+0000] {processor.py:914} INFO - Processing file /home/vscode/.local/lib/python3.10/site-packages/airflow/example_dags/example_short_circuit_decorator.py for tasks to queue
[2025-01-19T03:32:10.331+0000] {logging_mixin.py:190} INFO - [2025-01-19T03:32:10.331+0000] {dagbag.py:588} INFO - Filling up the DagBag from /home/vscode/.local/lib/python3.10/site-packages/airflow/example_dags/example_short_circuit_decorator.py
[2025-01-19T03:32:10.339+0000] {processor.py:925} INFO - DAG(s) 'example_short_circuit_decorator' retrieved from /home/vscode/.local/lib/python3.10/site-packages/airflow/example_dags/example_short_circuit_decorator.py
[2025-01-19T03:32:10.353+0000] {logging_mixin.py:190} INFO - [2025-01-19T03:32:10.353+0000] {dag.py:3239} INFO - Sync 1 DAGs
[2025-01-19T03:32:10.362+0000] {logging_mixin.py:190} INFO - [2025-01-19T03:32:10.362+0000] {dag.py:4180} INFO - Setting next_dagrun for example_short_circuit_decorator to None, run_after=None
[2025-01-19T03:32:10.376+0000] {processor.py:208} INFO - Processing /home/vscode/.local/lib/python3.10/site-packages/airflow/example_dags/example_short_circuit_decorator.py took 0.052 seconds
[2025-01-19T03:33:27.137+0000] {processor.py:186} INFO - Started process (PID=10971) to work on /home/vscode/.local/lib/python3.10/site-packages/airflow/example_dags/example_short_circuit_decorator.py
[2025-01-19T03:33:27.138+0000] {processor.py:914} INFO - Processing file /home/vscode/.local/lib/python3.10/site-packages/airflow/example_dags/example_short_circuit_decorator.py for tasks to queue
[2025-01-19T03:33:27.140+0000] {logging_mixin.py:190} INFO - [2025-01-19T03:33:27.140+0000] {dagbag.py:588} INFO - Filling up the DagBag from /home/vscode/.local/lib/python3.10/site-packages/airflow/example_dags/example_short_circuit_decorator.py
[2025-01-19T03:33:27.148+0000] {processor.py:925} INFO - DAG(s) 'example_short_circuit_decorator' retrieved from /home/vscode/.local/lib/python3.10/site-packages/airflow/example_dags/example_short_circuit_decorator.py
[2025-01-19T03:33:27.162+0000] {logging_mixin.py:190} INFO - [2025-01-19T03:33:27.162+0000] {dag.py:3239} INFO - Sync 1 DAGs
[2025-01-19T03:33:27.171+0000] {logging_mixin.py:190} INFO - [2025-01-19T03:33:27.171+0000] {dag.py:4180} INFO - Setting next_dagrun for example_short_circuit_decorator to None, run_after=None
[2025-01-19T03:33:27.186+0000] {processor.py:208} INFO - Processing /home/vscode/.local/lib/python3.10/site-packages/airflow/example_dags/example_short_circuit_decorator.py took 0.056 seconds
[2025-01-19T03:34:41.680+0000] {processor.py:186} INFO - Started process (PID=11527) to work on /home/vscode/.local/lib/python3.10/site-packages/airflow/example_dags/example_short_circuit_decorator.py
[2025-01-19T03:34:41.680+0000] {processor.py:914} INFO - Processing file /home/vscode/.local/lib/python3.10/site-packages/airflow/example_dags/example_short_circuit_decorator.py for tasks to queue
[2025-01-19T03:34:41.682+0000] {logging_mixin.py:190} INFO - [2025-01-19T03:34:41.682+0000] {dagbag.py:588} INFO - Filling up the DagBag from /home/vscode/.local/lib/python3.10/site-packages/airflow/example_dags/example_short_circuit_decorator.py
[2025-01-19T03:34:41.690+0000] {processor.py:925} INFO - DAG(s) 'example_short_circuit_decorator' retrieved from /home/vscode/.local/lib/python3.10/site-packages/airflow/example_dags/example_short_circuit_decorator.py
[2025-01-19T03:34:41.704+0000] {logging_mixin.py:190} INFO - [2025-01-19T03:34:41.704+0000] {dag.py:3239} INFO - Sync 1 DAGs
[2025-01-19T03:34:41.713+0000] {logging_mixin.py:190} INFO - [2025-01-19T03:34:41.713+0000] {dag.py:4180} INFO - Setting next_dagrun for example_short_circuit_decorator to None, run_after=None
[2025-01-19T03:34:41.727+0000] {processor.py:208} INFO - Processing /home/vscode/.local/lib/python3.10/site-packages/airflow/example_dags/example_short_circuit_decorator.py took 0.052 seconds
[2025-01-19T03:35:56.380+0000] {processor.py:186} INFO - Started process (PID=12106) to work on /home/vscode/.local/lib/python3.10/site-packages/airflow/example_dags/example_short_circuit_decorator.py
[2025-01-19T03:35:56.381+0000] {processor.py:914} INFO - Processing file /home/vscode/.local/lib/python3.10/site-packages/airflow/example_dags/example_short_circuit_decorator.py for tasks to queue
[2025-01-19T03:35:56.382+0000] {logging_mixin.py:190} INFO - [2025-01-19T03:35:56.382+0000] {dagbag.py:588} INFO - Filling up the DagBag from /home/vscode/.local/lib/python3.10/site-packages/airflow/example_dags/example_short_circuit_decorator.py
[2025-01-19T03:35:56.390+0000] {processor.py:925} INFO - DAG(s) 'example_short_circuit_decorator' retrieved from /home/vscode/.local/lib/python3.10/site-packages/airflow/example_dags/example_short_circuit_decorator.py
[2025-01-19T03:35:56.405+0000] {logging_mixin.py:190} INFO - [2025-01-19T03:35:56.405+0000] {dag.py:3239} INFO - Sync 1 DAGs
[2025-01-19T03:35:56.414+0000] {logging_mixin.py:190} INFO - [2025-01-19T03:35:56.414+0000] {dag.py:4180} INFO - Setting next_dagrun for example_short_circuit_decorator to None, run_after=None
[2025-01-19T03:35:56.429+0000] {processor.py:208} INFO - Processing /home/vscode/.local/lib/python3.10/site-packages/airflow/example_dags/example_short_circuit_decorator.py took 0.053 seconds
[2025-01-19T03:37:10.376+0000] {processor.py:186} INFO - Started process (PID=12619) to work on /home/vscode/.local/lib/python3.10/site-packages/airflow/example_dags/example_short_circuit_decorator.py
[2025-01-19T03:37:10.377+0000] {processor.py:914} INFO - Processing file /home/vscode/.local/lib/python3.10/site-packages/airflow/example_dags/example_short_circuit_decorator.py for tasks to queue
[2025-01-19T03:37:10.379+0000] {logging_mixin.py:190} INFO - [2025-01-19T03:37:10.379+0000] {dagbag.py:588} INFO - Filling up the DagBag from /home/vscode/.local/lib/python3.10/site-packages/airflow/example_dags/example_short_circuit_decorator.py
[2025-01-19T03:37:10.387+0000] {processor.py:925} INFO - DAG(s) 'example_short_circuit_decorator' retrieved from /home/vscode/.local/lib/python3.10/site-packages/airflow/example_dags/example_short_circuit_decorator.py
[2025-01-19T03:37:10.401+0000] {logging_mixin.py:190} INFO - [2025-01-19T03:37:10.401+0000] {dag.py:3239} INFO - Sync 1 DAGs
[2025-01-19T03:37:10.411+0000] {logging_mixin.py:190} INFO - [2025-01-19T03:37:10.410+0000] {dag.py:4180} INFO - Setting next_dagrun for example_short_circuit_decorator to None, run_after=None
[2025-01-19T03:37:10.425+0000] {processor.py:208} INFO - Processing /home/vscode/.local/lib/python3.10/site-packages/airflow/example_dags/example_short_circuit_decorator.py took 0.053 seconds
[2025-01-19T03:38:03.110+0000] {processor.py:186} INFO - Started process (PID=12972) to work on /home/vscode/.local/lib/python3.10/site-packages/airflow/example_dags/example_short_circuit_decorator.py
[2025-01-19T03:38:03.111+0000] {processor.py:914} INFO - Processing file /home/vscode/.local/lib/python3.10/site-packages/airflow/example_dags/example_short_circuit_decorator.py for tasks to queue
[2025-01-19T03:38:03.112+0000] {logging_mixin.py:190} INFO - [2025-01-19T03:38:03.112+0000] {dagbag.py:588} INFO - Filling up the DagBag from /home/vscode/.local/lib/python3.10/site-packages/airflow/example_dags/example_short_circuit_decorator.py
[2025-01-19T03:38:03.120+0000] {processor.py:925} INFO - DAG(s) 'example_short_circuit_decorator' retrieved from /home/vscode/.local/lib/python3.10/site-packages/airflow/example_dags/example_short_circuit_decorator.py
[2025-01-19T03:38:03.134+0000] {logging_mixin.py:190} INFO - [2025-01-19T03:38:03.134+0000] {dag.py:3239} INFO - Sync 1 DAGs
[2025-01-19T03:38:03.143+0000] {logging_mixin.py:190} INFO - [2025-01-19T03:38:03.143+0000] {dag.py:4180} INFO - Setting next_dagrun for example_short_circuit_decorator to None, run_after=None
[2025-01-19T03:38:03.158+0000] {processor.py:208} INFO - Processing /home/vscode/.local/lib/python3.10/site-packages/airflow/example_dags/example_short_circuit_decorator.py took 0.052 seconds
[2025-01-19T03:39:15.330+0000] {processor.py:186} INFO - Started process (PID=13461) to work on /home/vscode/.local/lib/python3.10/site-packages/airflow/example_dags/example_short_circuit_decorator.py
[2025-01-19T03:39:15.331+0000] {processor.py:914} INFO - Processing file /home/vscode/.local/lib/python3.10/site-packages/airflow/example_dags/example_short_circuit_decorator.py for tasks to queue
[2025-01-19T03:39:15.332+0000] {logging_mixin.py:190} INFO - [2025-01-19T03:39:15.332+0000] {dagbag.py:588} INFO - Filling up the DagBag from /home/vscode/.local/lib/python3.10/site-packages/airflow/example_dags/example_short_circuit_decorator.py
[2025-01-19T03:39:15.340+0000] {processor.py:925} INFO - DAG(s) 'example_short_circuit_decorator' retrieved from /home/vscode/.local/lib/python3.10/site-packages/airflow/example_dags/example_short_circuit_decorator.py
[2025-01-19T03:39:15.355+0000] {logging_mixin.py:190} INFO - [2025-01-19T03:39:15.355+0000] {dag.py:3239} INFO - Sync 1 DAGs
[2025-01-19T03:39:15.373+0000] {logging_mixin.py:190} INFO - [2025-01-19T03:39:15.372+0000] {dag.py:4180} INFO - Setting next_dagrun for example_short_circuit_decorator to None, run_after=None
[2025-01-19T03:39:15.394+0000] {processor.py:208} INFO - Processing /home/vscode/.local/lib/python3.10/site-packages/airflow/example_dags/example_short_circuit_decorator.py took 0.068 seconds
[2025-01-19T03:40:08.631+0000] {processor.py:186} INFO - Started process (PID=13820) to work on /home/vscode/.local/lib/python3.10/site-packages/airflow/example_dags/example_short_circuit_decorator.py
[2025-01-19T03:40:08.632+0000] {processor.py:914} INFO - Processing file /home/vscode/.local/lib/python3.10/site-packages/airflow/example_dags/example_short_circuit_decorator.py for tasks to queue
[2025-01-19T03:40:08.633+0000] {logging_mixin.py:190} INFO - [2025-01-19T03:40:08.633+0000] {dagbag.py:588} INFO - Filling up the DagBag from /home/vscode/.local/lib/python3.10/site-packages/airflow/example_dags/example_short_circuit_decorator.py
[2025-01-19T03:40:08.641+0000] {processor.py:925} INFO - DAG(s) 'example_short_circuit_decorator' retrieved from /home/vscode/.local/lib/python3.10/site-packages/airflow/example_dags/example_short_circuit_decorator.py
[2025-01-19T03:40:08.655+0000] {logging_mixin.py:190} INFO - [2025-01-19T03:40:08.655+0000] {dag.py:3239} INFO - Sync 1 DAGs
[2025-01-19T03:40:08.664+0000] {logging_mixin.py:190} INFO - [2025-01-19T03:40:08.664+0000] {dag.py:4180} INFO - Setting next_dagrun for example_short_circuit_decorator to None, run_after=None
[2025-01-19T03:40:08.679+0000] {processor.py:208} INFO - Processing /home/vscode/.local/lib/python3.10/site-packages/airflow/example_dags/example_short_circuit_decorator.py took 0.052 seconds
[2025-01-19T03:41:22.974+0000] {processor.py:186} INFO - Started process (PID=14327) to work on /home/vscode/.local/lib/python3.10/site-packages/airflow/example_dags/example_short_circuit_decorator.py
[2025-01-19T03:41:22.975+0000] {processor.py:914} INFO - Processing file /home/vscode/.local/lib/python3.10/site-packages/airflow/example_dags/example_short_circuit_decorator.py for tasks to queue
[2025-01-19T03:41:22.976+0000] {logging_mixin.py:190} INFO - [2025-01-19T03:41:22.976+0000] {dagbag.py:588} INFO - Filling up the DagBag from /home/vscode/.local/lib/python3.10/site-packages/airflow/example_dags/example_short_circuit_decorator.py
[2025-01-19T03:41:22.984+0000] {processor.py:925} INFO - DAG(s) 'example_short_circuit_decorator' retrieved from /home/vscode/.local/lib/python3.10/site-packages/airflow/example_dags/example_short_circuit_decorator.py
[2025-01-19T03:41:22.998+0000] {logging_mixin.py:190} INFO - [2025-01-19T03:41:22.998+0000] {dag.py:3239} INFO - Sync 1 DAGs
[2025-01-19T03:41:23.008+0000] {logging_mixin.py:190} INFO - [2025-01-19T03:41:23.007+0000] {dag.py:4180} INFO - Setting next_dagrun for example_short_circuit_decorator to None, run_after=None
[2025-01-19T03:41:23.023+0000] {processor.py:208} INFO - Processing /home/vscode/.local/lib/python3.10/site-packages/airflow/example_dags/example_short_circuit_decorator.py took 0.053 seconds
[2025-01-19T03:42:15.815+0000] {processor.py:186} INFO - Started process (PID=14685) to work on /home/vscode/.local/lib/python3.10/site-packages/airflow/example_dags/example_short_circuit_decorator.py
[2025-01-19T03:42:15.815+0000] {processor.py:914} INFO - Processing file /home/vscode/.local/lib/python3.10/site-packages/airflow/example_dags/example_short_circuit_decorator.py for tasks to queue
[2025-01-19T03:42:15.817+0000] {logging_mixin.py:190} INFO - [2025-01-19T03:42:15.817+0000] {dagbag.py:588} INFO - Filling up the DagBag from /home/vscode/.local/lib/python3.10/site-packages/airflow/example_dags/example_short_circuit_decorator.py
[2025-01-19T03:42:15.825+0000] {processor.py:925} INFO - DAG(s) 'example_short_circuit_decorator' retrieved from /home/vscode/.local/lib/python3.10/site-packages/airflow/example_dags/example_short_circuit_decorator.py
[2025-01-19T03:42:15.838+0000] {logging_mixin.py:190} INFO - [2025-01-19T03:42:15.838+0000] {dag.py:3239} INFO - Sync 1 DAGs
[2025-01-19T03:42:15.848+0000] {logging_mixin.py:190} INFO - [2025-01-19T03:42:15.847+0000] {dag.py:4180} INFO - Setting next_dagrun for example_short_circuit_decorator to None, run_after=None
[2025-01-19T03:42:15.863+0000] {processor.py:208} INFO - Processing /home/vscode/.local/lib/python3.10/site-packages/airflow/example_dags/example_short_circuit_decorator.py took 0.053 seconds
[2025-01-19T03:43:31.374+0000] {processor.py:186} INFO - Started process (PID=15193) to work on /home/vscode/.local/lib/python3.10/site-packages/airflow/example_dags/example_short_circuit_decorator.py
[2025-01-19T03:43:31.375+0000] {processor.py:914} INFO - Processing file /home/vscode/.local/lib/python3.10/site-packages/airflow/example_dags/example_short_circuit_decorator.py for tasks to queue
[2025-01-19T03:43:31.376+0000] {logging_mixin.py:190} INFO - [2025-01-19T03:43:31.376+0000] {dagbag.py:588} INFO - Filling up the DagBag from /home/vscode/.local/lib/python3.10/site-packages/airflow/example_dags/example_short_circuit_decorator.py
[2025-01-19T03:43:31.384+0000] {processor.py:925} INFO - DAG(s) 'example_short_circuit_decorator' retrieved from /home/vscode/.local/lib/python3.10/site-packages/airflow/example_dags/example_short_circuit_decorator.py
[2025-01-19T03:43:31.399+0000] {logging_mixin.py:190} INFO - [2025-01-19T03:43:31.399+0000] {dag.py:3239} INFO - Sync 1 DAGs
[2025-01-19T03:43:31.409+0000] {logging_mixin.py:190} INFO - [2025-01-19T03:43:31.409+0000] {dag.py:4180} INFO - Setting next_dagrun for example_short_circuit_decorator to None, run_after=None
[2025-01-19T03:43:31.428+0000] {processor.py:208} INFO - Processing /home/vscode/.local/lib/python3.10/site-packages/airflow/example_dags/example_short_circuit_decorator.py took 0.059 seconds
[2025-01-19T03:44:24.654+0000] {processor.py:186} INFO - Started process (PID=15555) to work on /home/vscode/.local/lib/python3.10/site-packages/airflow/example_dags/example_short_circuit_decorator.py
[2025-01-19T03:44:24.654+0000] {processor.py:914} INFO - Processing file /home/vscode/.local/lib/python3.10/site-packages/airflow/example_dags/example_short_circuit_decorator.py for tasks to queue
[2025-01-19T03:44:24.656+0000] {logging_mixin.py:190} INFO - [2025-01-19T03:44:24.656+0000] {dagbag.py:588} INFO - Filling up the DagBag from /home/vscode/.local/lib/python3.10/site-packages/airflow/example_dags/example_short_circuit_decorator.py
[2025-01-19T03:44:24.664+0000] {processor.py:925} INFO - DAG(s) 'example_short_circuit_decorator' retrieved from /home/vscode/.local/lib/python3.10/site-packages/airflow/example_dags/example_short_circuit_decorator.py
[2025-01-19T03:44:24.679+0000] {logging_mixin.py:190} INFO - [2025-01-19T03:44:24.679+0000] {dag.py:3239} INFO - Sync 1 DAGs
[2025-01-19T03:44:24.688+0000] {logging_mixin.py:190} INFO - [2025-01-19T03:44:24.688+0000] {dag.py:4180} INFO - Setting next_dagrun for example_short_circuit_decorator to None, run_after=None
[2025-01-19T03:44:24.704+0000] {processor.py:208} INFO - Processing /home/vscode/.local/lib/python3.10/site-packages/airflow/example_dags/example_short_circuit_decorator.py took 0.055 seconds
[2025-01-19T03:45:18.335+0000] {processor.py:186} INFO - Started process (PID=15904) to work on /home/vscode/.local/lib/python3.10/site-packages/airflow/example_dags/example_short_circuit_decorator.py
[2025-01-19T03:45:18.336+0000] {processor.py:914} INFO - Processing file /home/vscode/.local/lib/python3.10/site-packages/airflow/example_dags/example_short_circuit_decorator.py for tasks to queue
[2025-01-19T03:45:18.338+0000] {logging_mixin.py:190} INFO - [2025-01-19T03:45:18.337+0000] {dagbag.py:588} INFO - Filling up the DagBag from /home/vscode/.local/lib/python3.10/site-packages/airflow/example_dags/example_short_circuit_decorator.py
[2025-01-19T03:45:18.346+0000] {processor.py:925} INFO - DAG(s) 'example_short_circuit_decorator' retrieved from /home/vscode/.local/lib/python3.10/site-packages/airflow/example_dags/example_short_circuit_decorator.py
[2025-01-19T03:45:18.360+0000] {logging_mixin.py:190} INFO - [2025-01-19T03:45:18.360+0000] {dag.py:3239} INFO - Sync 1 DAGs
[2025-01-19T03:45:18.372+0000] {logging_mixin.py:190} INFO - [2025-01-19T03:45:18.372+0000] {dag.py:4180} INFO - Setting next_dagrun for example_short_circuit_decorator to None, run_after=None
[2025-01-19T03:45:18.389+0000] {processor.py:208} INFO - Processing /home/vscode/.local/lib/python3.10/site-packages/airflow/example_dags/example_short_circuit_decorator.py took 0.058 seconds
[2025-01-19T03:46:32.809+0000] {processor.py:186} INFO - Started process (PID=16408) to work on /home/vscode/.local/lib/python3.10/site-packages/airflow/example_dags/example_short_circuit_decorator.py
[2025-01-19T03:46:32.810+0000] {processor.py:914} INFO - Processing file /home/vscode/.local/lib/python3.10/site-packages/airflow/example_dags/example_short_circuit_decorator.py for tasks to queue
[2025-01-19T03:46:32.812+0000] {logging_mixin.py:190} INFO - [2025-01-19T03:46:32.811+0000] {dagbag.py:588} INFO - Filling up the DagBag from /home/vscode/.local/lib/python3.10/site-packages/airflow/example_dags/example_short_circuit_decorator.py
[2025-01-19T03:46:32.820+0000] {processor.py:925} INFO - DAG(s) 'example_short_circuit_decorator' retrieved from /home/vscode/.local/lib/python3.10/site-packages/airflow/example_dags/example_short_circuit_decorator.py
[2025-01-19T03:46:32.834+0000] {logging_mixin.py:190} INFO - [2025-01-19T03:46:32.834+0000] {dag.py:3239} INFO - Sync 1 DAGs
[2025-01-19T03:46:32.843+0000] {logging_mixin.py:190} INFO - [2025-01-19T03:46:32.843+0000] {dag.py:4180} INFO - Setting next_dagrun for example_short_circuit_decorator to None, run_after=None
[2025-01-19T03:46:32.858+0000] {processor.py:208} INFO - Processing /home/vscode/.local/lib/python3.10/site-packages/airflow/example_dags/example_short_circuit_decorator.py took 0.053 seconds
[2025-01-19T03:47:25.586+0000] {processor.py:186} INFO - Started process (PID=16773) to work on /home/vscode/.local/lib/python3.10/site-packages/airflow/example_dags/example_short_circuit_decorator.py
[2025-01-19T03:47:25.587+0000] {processor.py:914} INFO - Processing file /home/vscode/.local/lib/python3.10/site-packages/airflow/example_dags/example_short_circuit_decorator.py for tasks to queue
[2025-01-19T03:47:25.589+0000] {logging_mixin.py:190} INFO - [2025-01-19T03:47:25.588+0000] {dagbag.py:588} INFO - Filling up the DagBag from /home/vscode/.local/lib/python3.10/site-packages/airflow/example_dags/example_short_circuit_decorator.py
[2025-01-19T03:47:25.597+0000] {processor.py:925} INFO - DAG(s) 'example_short_circuit_decorator' retrieved from /home/vscode/.local/lib/python3.10/site-packages/airflow/example_dags/example_short_circuit_decorator.py
[2025-01-19T03:47:25.611+0000] {logging_mixin.py:190} INFO - [2025-01-19T03:47:25.611+0000] {dag.py:3239} INFO - Sync 1 DAGs
[2025-01-19T03:47:25.620+0000] {logging_mixin.py:190} INFO - [2025-01-19T03:47:25.620+0000] {dag.py:4180} INFO - Setting next_dagrun for example_short_circuit_decorator to None, run_after=None
[2025-01-19T03:47:25.634+0000] {processor.py:208} INFO - Processing /home/vscode/.local/lib/python3.10/site-packages/airflow/example_dags/example_short_circuit_decorator.py took 0.053 seconds
[2025-01-19T03:48:40.687+0000] {processor.py:186} INFO - Started process (PID=17288) to work on /home/vscode/.local/lib/python3.10/site-packages/airflow/example_dags/example_short_circuit_decorator.py
[2025-01-19T03:48:40.688+0000] {processor.py:914} INFO - Processing file /home/vscode/.local/lib/python3.10/site-packages/airflow/example_dags/example_short_circuit_decorator.py for tasks to queue
[2025-01-19T03:48:40.689+0000] {logging_mixin.py:190} INFO - [2025-01-19T03:48:40.689+0000] {dagbag.py:588} INFO - Filling up the DagBag from /home/vscode/.local/lib/python3.10/site-packages/airflow/example_dags/example_short_circuit_decorator.py
[2025-01-19T03:48:40.697+0000] {processor.py:925} INFO - DAG(s) 'example_short_circuit_decorator' retrieved from /home/vscode/.local/lib/python3.10/site-packages/airflow/example_dags/example_short_circuit_decorator.py
[2025-01-19T03:48:40.711+0000] {logging_mixin.py:190} INFO - [2025-01-19T03:48:40.711+0000] {dag.py:3239} INFO - Sync 1 DAGs
[2025-01-19T03:48:40.720+0000] {logging_mixin.py:190} INFO - [2025-01-19T03:48:40.720+0000] {dag.py:4180} INFO - Setting next_dagrun for example_short_circuit_decorator to None, run_after=None
[2025-01-19T03:48:40.735+0000] {processor.py:208} INFO - Processing /home/vscode/.local/lib/python3.10/site-packages/airflow/example_dags/example_short_circuit_decorator.py took 0.052 seconds
[2025-01-19T03:49:57.635+0000] {processor.py:186} INFO - Started process (PID=17953) to work on /home/vscode/.local/lib/python3.10/site-packages/airflow/example_dags/example_short_circuit_decorator.py
[2025-01-19T03:49:57.636+0000] {processor.py:914} INFO - Processing file /home/vscode/.local/lib/python3.10/site-packages/airflow/example_dags/example_short_circuit_decorator.py for tasks to queue
[2025-01-19T03:49:57.637+0000] {logging_mixin.py:190} INFO - [2025-01-19T03:49:57.637+0000] {dagbag.py:588} INFO - Filling up the DagBag from /home/vscode/.local/lib/python3.10/site-packages/airflow/example_dags/example_short_circuit_decorator.py
[2025-01-19T03:49:57.645+0000] {processor.py:925} INFO - DAG(s) 'example_short_circuit_decorator' retrieved from /home/vscode/.local/lib/python3.10/site-packages/airflow/example_dags/example_short_circuit_decorator.py
[2025-01-19T03:49:57.659+0000] {logging_mixin.py:190} INFO - [2025-01-19T03:49:57.659+0000] {dag.py:3239} INFO - Sync 1 DAGs
[2025-01-19T03:49:57.671+0000] {logging_mixin.py:190} INFO - [2025-01-19T03:49:57.669+0000] {dag.py:4180} INFO - Setting next_dagrun for example_short_circuit_decorator to None, run_after=None
[2025-01-19T03:49:57.691+0000] {processor.py:208} INFO - Processing /home/vscode/.local/lib/python3.10/site-packages/airflow/example_dags/example_short_circuit_decorator.py took 0.060 seconds
[2025-01-19T03:50:47.220+0000] {processor.py:186} INFO - Started process (PID=18335) to work on /home/vscode/.local/lib/python3.10/site-packages/airflow/example_dags/example_short_circuit_decorator.py
[2025-01-19T03:50:47.220+0000] {processor.py:914} INFO - Processing file /home/vscode/.local/lib/python3.10/site-packages/airflow/example_dags/example_short_circuit_decorator.py for tasks to queue
[2025-01-19T03:50:47.222+0000] {logging_mixin.py:190} INFO - [2025-01-19T03:50:47.222+0000] {dagbag.py:588} INFO - Filling up the DagBag from /home/vscode/.local/lib/python3.10/site-packages/airflow/example_dags/example_short_circuit_decorator.py
[2025-01-19T03:50:47.231+0000] {processor.py:925} INFO - DAG(s) 'example_short_circuit_decorator' retrieved from /home/vscode/.local/lib/python3.10/site-packages/airflow/example_dags/example_short_circuit_decorator.py
[2025-01-19T03:50:47.246+0000] {logging_mixin.py:190} INFO - [2025-01-19T03:50:47.245+0000] {dag.py:3239} INFO - Sync 1 DAGs
[2025-01-19T03:50:47.255+0000] {logging_mixin.py:190} INFO - [2025-01-19T03:50:47.255+0000] {dag.py:4180} INFO - Setting next_dagrun for example_short_circuit_decorator to None, run_after=None
[2025-01-19T03:50:47.269+0000] {processor.py:208} INFO - Processing /home/vscode/.local/lib/python3.10/site-packages/airflow/example_dags/example_short_circuit_decorator.py took 0.054 seconds
[2025-01-19T03:55:33.198+0000] {processor.py:186} INFO - Started process (PID=20372) to work on /home/vscode/.local/lib/python3.10/site-packages/airflow/example_dags/example_short_circuit_decorator.py
[2025-01-19T03:55:33.199+0000] {processor.py:914} INFO - Processing file /home/vscode/.local/lib/python3.10/site-packages/airflow/example_dags/example_short_circuit_decorator.py for tasks to queue
[2025-01-19T03:55:33.201+0000] {logging_mixin.py:190} INFO - [2025-01-19T03:55:33.200+0000] {dagbag.py:588} INFO - Filling up the DagBag from /home/vscode/.local/lib/python3.10/site-packages/airflow/example_dags/example_short_circuit_decorator.py
[2025-01-19T03:55:33.209+0000] {processor.py:925} INFO - DAG(s) 'example_short_circuit_decorator' retrieved from /home/vscode/.local/lib/python3.10/site-packages/airflow/example_dags/example_short_circuit_decorator.py
[2025-01-19T03:55:33.223+0000] {logging_mixin.py:190} INFO - [2025-01-19T03:55:33.222+0000] {dag.py:3239} INFO - Sync 1 DAGs
[2025-01-19T03:55:33.232+0000] {logging_mixin.py:190} INFO - [2025-01-19T03:55:33.232+0000] {dag.py:4180} INFO - Setting next_dagrun for example_short_circuit_decorator to None, run_after=None
[2025-01-19T03:55:33.246+0000] {processor.py:208} INFO - Processing /home/vscode/.local/lib/python3.10/site-packages/airflow/example_dags/example_short_circuit_decorator.py took 0.053 seconds
[2025-01-19T03:56:29.498+0000] {processor.py:186} INFO - Started process (PID=20750) to work on /home/vscode/.local/lib/python3.10/site-packages/airflow/example_dags/example_short_circuit_decorator.py
[2025-01-19T03:56:29.498+0000] {processor.py:914} INFO - Processing file /home/vscode/.local/lib/python3.10/site-packages/airflow/example_dags/example_short_circuit_decorator.py for tasks to queue
[2025-01-19T03:56:29.500+0000] {logging_mixin.py:190} INFO - [2025-01-19T03:56:29.500+0000] {dagbag.py:588} INFO - Filling up the DagBag from /home/vscode/.local/lib/python3.10/site-packages/airflow/example_dags/example_short_circuit_decorator.py
[2025-01-19T03:56:29.508+0000] {processor.py:925} INFO - DAG(s) 'example_short_circuit_decorator' retrieved from /home/vscode/.local/lib/python3.10/site-packages/airflow/example_dags/example_short_circuit_decorator.py
[2025-01-19T03:56:29.522+0000] {logging_mixin.py:190} INFO - [2025-01-19T03:56:29.522+0000] {dag.py:3239} INFO - Sync 1 DAGs
[2025-01-19T03:56:29.532+0000] {logging_mixin.py:190} INFO - [2025-01-19T03:56:29.531+0000] {dag.py:4180} INFO - Setting next_dagrun for example_short_circuit_decorator to None, run_after=None
[2025-01-19T03:56:29.546+0000] {processor.py:208} INFO - Processing /home/vscode/.local/lib/python3.10/site-packages/airflow/example_dags/example_short_circuit_decorator.py took 0.053 seconds
[2025-01-19T03:57:26.425+0000] {processor.py:186} INFO - Started process (PID=21130) to work on /home/vscode/.local/lib/python3.10/site-packages/airflow/example_dags/example_short_circuit_decorator.py
[2025-01-19T03:57:26.426+0000] {processor.py:914} INFO - Processing file /home/vscode/.local/lib/python3.10/site-packages/airflow/example_dags/example_short_circuit_decorator.py for tasks to queue
[2025-01-19T03:57:26.427+0000] {logging_mixin.py:190} INFO - [2025-01-19T03:57:26.427+0000] {dagbag.py:588} INFO - Filling up the DagBag from /home/vscode/.local/lib/python3.10/site-packages/airflow/example_dags/example_short_circuit_decorator.py
[2025-01-19T03:57:26.435+0000] {processor.py:925} INFO - DAG(s) 'example_short_circuit_decorator' retrieved from /home/vscode/.local/lib/python3.10/site-packages/airflow/example_dags/example_short_circuit_decorator.py
[2025-01-19T03:57:26.449+0000] {logging_mixin.py:190} INFO - [2025-01-19T03:57:26.449+0000] {dag.py:3239} INFO - Sync 1 DAGs
[2025-01-19T03:57:26.459+0000] {logging_mixin.py:190} INFO - [2025-01-19T03:57:26.459+0000] {dag.py:4180} INFO - Setting next_dagrun for example_short_circuit_decorator to None, run_after=None
[2025-01-19T03:57:26.474+0000] {processor.py:208} INFO - Processing /home/vscode/.local/lib/python3.10/site-packages/airflow/example_dags/example_short_circuit_decorator.py took 0.054 seconds
[2025-01-19T03:58:41.271+0000] {processor.py:186} INFO - Started process (PID=21648) to work on /home/vscode/.local/lib/python3.10/site-packages/airflow/example_dags/example_short_circuit_decorator.py
[2025-01-19T03:58:41.272+0000] {processor.py:914} INFO - Processing file /home/vscode/.local/lib/python3.10/site-packages/airflow/example_dags/example_short_circuit_decorator.py for tasks to queue
[2025-01-19T03:58:41.273+0000] {logging_mixin.py:190} INFO - [2025-01-19T03:58:41.273+0000] {dagbag.py:588} INFO - Filling up the DagBag from /home/vscode/.local/lib/python3.10/site-packages/airflow/example_dags/example_short_circuit_decorator.py
[2025-01-19T03:58:41.281+0000] {processor.py:925} INFO - DAG(s) 'example_short_circuit_decorator' retrieved from /home/vscode/.local/lib/python3.10/site-packages/airflow/example_dags/example_short_circuit_decorator.py
[2025-01-19T03:58:41.295+0000] {logging_mixin.py:190} INFO - [2025-01-19T03:58:41.295+0000] {dag.py:3239} INFO - Sync 1 DAGs
[2025-01-19T03:58:41.304+0000] {logging_mixin.py:190} INFO - [2025-01-19T03:58:41.304+0000] {dag.py:4180} INFO - Setting next_dagrun for example_short_circuit_decorator to None, run_after=None
[2025-01-19T03:58:41.318+0000] {processor.py:208} INFO - Processing /home/vscode/.local/lib/python3.10/site-packages/airflow/example_dags/example_short_circuit_decorator.py took 0.052 seconds
[2025-01-19T03:59:57.798+0000] {processor.py:186} INFO - Started process (PID=22160) to work on /home/vscode/.local/lib/python3.10/site-packages/airflow/example_dags/example_short_circuit_decorator.py
[2025-01-19T03:59:57.799+0000] {processor.py:914} INFO - Processing file /home/vscode/.local/lib/python3.10/site-packages/airflow/example_dags/example_short_circuit_decorator.py for tasks to queue
[2025-01-19T03:59:57.800+0000] {logging_mixin.py:190} INFO - [2025-01-19T03:59:57.800+0000] {dagbag.py:588} INFO - Filling up the DagBag from /home/vscode/.local/lib/python3.10/site-packages/airflow/example_dags/example_short_circuit_decorator.py
[2025-01-19T03:59:57.808+0000] {processor.py:925} INFO - DAG(s) 'example_short_circuit_decorator' retrieved from /home/vscode/.local/lib/python3.10/site-packages/airflow/example_dags/example_short_circuit_decorator.py
[2025-01-19T03:59:57.823+0000] {logging_mixin.py:190} INFO - [2025-01-19T03:59:57.823+0000] {dag.py:3239} INFO - Sync 1 DAGs
[2025-01-19T03:59:57.832+0000] {logging_mixin.py:190} INFO - [2025-01-19T03:59:57.832+0000] {dag.py:4180} INFO - Setting next_dagrun for example_short_circuit_decorator to None, run_after=None
[2025-01-19T03:59:57.847+0000] {processor.py:208} INFO - Processing /home/vscode/.local/lib/python3.10/site-packages/airflow/example_dags/example_short_circuit_decorator.py took 0.053 seconds
[2025-01-19T04:00:50.623+0000] {processor.py:186} INFO - Started process (PID=22520) to work on /home/vscode/.local/lib/python3.10/site-packages/airflow/example_dags/example_short_circuit_decorator.py
[2025-01-19T04:00:50.624+0000] {processor.py:914} INFO - Processing file /home/vscode/.local/lib/python3.10/site-packages/airflow/example_dags/example_short_circuit_decorator.py for tasks to queue
[2025-01-19T04:00:50.625+0000] {logging_mixin.py:190} INFO - [2025-01-19T04:00:50.625+0000] {dagbag.py:588} INFO - Filling up the DagBag from /home/vscode/.local/lib/python3.10/site-packages/airflow/example_dags/example_short_circuit_decorator.py
[2025-01-19T04:00:50.634+0000] {processor.py:925} INFO - DAG(s) 'example_short_circuit_decorator' retrieved from /home/vscode/.local/lib/python3.10/site-packages/airflow/example_dags/example_short_circuit_decorator.py
[2025-01-19T04:00:50.655+0000] {logging_mixin.py:190} INFO - [2025-01-19T04:00:50.655+0000] {dag.py:3239} INFO - Sync 1 DAGs
[2025-01-19T04:00:50.668+0000] {logging_mixin.py:190} INFO - [2025-01-19T04:00:50.667+0000] {dag.py:4180} INFO - Setting next_dagrun for example_short_circuit_decorator to None, run_after=None
[2025-01-19T04:00:50.694+0000] {processor.py:208} INFO - Processing /home/vscode/.local/lib/python3.10/site-packages/airflow/example_dags/example_short_circuit_decorator.py took 0.076 seconds
[2025-01-19T04:02:07.378+0000] {processor.py:186} INFO - Started process (PID=23045) to work on /home/vscode/.local/lib/python3.10/site-packages/airflow/example_dags/example_short_circuit_decorator.py
[2025-01-19T04:02:07.379+0000] {processor.py:914} INFO - Processing file /home/vscode/.local/lib/python3.10/site-packages/airflow/example_dags/example_short_circuit_decorator.py for tasks to queue
[2025-01-19T04:02:07.380+0000] {logging_mixin.py:190} INFO - [2025-01-19T04:02:07.380+0000] {dagbag.py:588} INFO - Filling up the DagBag from /home/vscode/.local/lib/python3.10/site-packages/airflow/example_dags/example_short_circuit_decorator.py
[2025-01-19T04:02:07.388+0000] {processor.py:925} INFO - DAG(s) 'example_short_circuit_decorator' retrieved from /home/vscode/.local/lib/python3.10/site-packages/airflow/example_dags/example_short_circuit_decorator.py
[2025-01-19T04:02:07.402+0000] {logging_mixin.py:190} INFO - [2025-01-19T04:02:07.402+0000] {dag.py:3239} INFO - Sync 1 DAGs
[2025-01-19T04:02:07.411+0000] {logging_mixin.py:190} INFO - [2025-01-19T04:02:07.411+0000] {dag.py:4180} INFO - Setting next_dagrun for example_short_circuit_decorator to None, run_after=None
[2025-01-19T04:02:07.426+0000] {processor.py:208} INFO - Processing /home/vscode/.local/lib/python3.10/site-packages/airflow/example_dags/example_short_circuit_decorator.py took 0.053 seconds
