[2025-01-19T03:20:47.499+0000] {processor.py:186} INFO - Started process (PID=5015) to work on /home/vscode/.local/lib/python3.10/site-packages/airflow/example_dags/example_trigger_target_dag.py
[2025-01-19T03:20:47.500+0000] {processor.py:914} INFO - Processing file /home/vscode/.local/lib/python3.10/site-packages/airflow/example_dags/example_trigger_target_dag.py for tasks to queue
[2025-01-19T03:20:47.502+0000] {logging_mixin.py:190} INFO - [2025-01-19T03:20:47.502+0000] {dagbag.py:588} INFO - Filling up the DagBag from /home/vscode/.local/lib/python3.10/site-packages/airflow/example_dags/example_trigger_target_dag.py
[2025-01-19T03:20:47.509+0000] {processor.py:925} INFO - DAG(s) 'example_trigger_target_dag' retrieved from /home/vscode/.local/lib/python3.10/site-packages/airflow/example_dags/example_trigger_target_dag.py
[2025-01-19T03:20:47.595+0000] {logging_mixin.py:190} INFO - [2025-01-19T03:20:47.594+0000] {override.py:1911} INFO - Created Permission View: can read on DAG:example_trigger_target_dag
[2025-01-19T03:20:47.605+0000] {logging_mixin.py:190} INFO - [2025-01-19T03:20:47.605+0000] {override.py:1911} INFO - Created Permission View: can edit on DAG:example_trigger_target_dag
[2025-01-19T03:20:47.611+0000] {logging_mixin.py:190} INFO - [2025-01-19T03:20:47.611+0000] {override.py:1911} INFO - Created Permission View: can delete on DAG:example_trigger_target_dag
[2025-01-19T03:20:47.620+0000] {logging_mixin.py:190} INFO - [2025-01-19T03:20:47.619+0000] {override.py:1911} INFO - Created Permission View: menu access on DAG Run:example_trigger_target_dag
[2025-01-19T03:20:47.625+0000] {logging_mixin.py:190} INFO - [2025-01-19T03:20:47.625+0000] {override.py:1911} INFO - Created Permission View: can read on DAG Run:example_trigger_target_dag
[2025-01-19T03:20:47.631+0000] {logging_mixin.py:190} INFO - [2025-01-19T03:20:47.631+0000] {override.py:1911} INFO - Created Permission View: can create on DAG Run:example_trigger_target_dag
[2025-01-19T03:20:47.637+0000] {logging_mixin.py:190} INFO - [2025-01-19T03:20:47.637+0000] {override.py:1911} INFO - Created Permission View: can delete on DAG Run:example_trigger_target_dag
[2025-01-19T03:20:47.637+0000] {logging_mixin.py:190} INFO - [2025-01-19T03:20:47.637+0000] {dag.py:3239} INFO - Sync 1 DAGs
[2025-01-19T03:20:47.646+0000] {logging_mixin.py:190} INFO - [2025-01-19T03:20:47.646+0000] {dag.py:3262} INFO - Creating ORM DAG for example_trigger_target_dag
[2025-01-19T03:20:47.647+0000] {logging_mixin.py:190} INFO - [2025-01-19T03:20:47.647+0000] {dag.py:4180} INFO - Setting next_dagrun for example_trigger_target_dag to None, run_after=None
[2025-01-19T03:20:47.661+0000] {processor.py:208} INFO - Processing /home/vscode/.local/lib/python3.10/site-packages/airflow/example_dags/example_trigger_target_dag.py took 0.167 seconds
[2025-01-19T03:21:48.882+0000] {processor.py:186} INFO - Started process (PID=5556) to work on /home/vscode/.local/lib/python3.10/site-packages/airflow/example_dags/example_trigger_target_dag.py
[2025-01-19T03:21:48.883+0000] {processor.py:914} INFO - Processing file /home/vscode/.local/lib/python3.10/site-packages/airflow/example_dags/example_trigger_target_dag.py for tasks to queue
[2025-01-19T03:21:48.885+0000] {logging_mixin.py:190} INFO - [2025-01-19T03:21:48.885+0000] {dagbag.py:588} INFO - Filling up the DagBag from /home/vscode/.local/lib/python3.10/site-packages/airflow/example_dags/example_trigger_target_dag.py
[2025-01-19T03:21:48.894+0000] {processor.py:925} INFO - DAG(s) 'example_trigger_target_dag' retrieved from /home/vscode/.local/lib/python3.10/site-packages/airflow/example_dags/example_trigger_target_dag.py
[2025-01-19T03:21:48.909+0000] {logging_mixin.py:190} INFO - [2025-01-19T03:21:48.909+0000] {dag.py:3239} INFO - Sync 1 DAGs
[2025-01-19T03:21:48.924+0000] {logging_mixin.py:190} INFO - [2025-01-19T03:21:48.923+0000] {dag.py:4180} INFO - Setting next_dagrun for example_trigger_target_dag to None, run_after=None
[2025-01-19T03:21:48.952+0000] {processor.py:208} INFO - Processing /home/vscode/.local/lib/python3.10/site-packages/airflow/example_dags/example_trigger_target_dag.py took 0.076 seconds
[2025-01-19T03:22:41.430+0000] {processor.py:186} INFO - Started process (PID=5963) to work on /home/vscode/.local/lib/python3.10/site-packages/airflow/example_dags/example_trigger_target_dag.py
[2025-01-19T03:22:41.431+0000] {processor.py:914} INFO - Processing file /home/vscode/.local/lib/python3.10/site-packages/airflow/example_dags/example_trigger_target_dag.py for tasks to queue
[2025-01-19T03:22:41.433+0000] {logging_mixin.py:190} INFO - [2025-01-19T03:22:41.432+0000] {dagbag.py:588} INFO - Filling up the DagBag from /home/vscode/.local/lib/python3.10/site-packages/airflow/example_dags/example_trigger_target_dag.py
[2025-01-19T03:22:41.439+0000] {processor.py:925} INFO - DAG(s) 'example_trigger_target_dag' retrieved from /home/vscode/.local/lib/python3.10/site-packages/airflow/example_dags/example_trigger_target_dag.py
[2025-01-19T03:22:41.450+0000] {logging_mixin.py:190} INFO - [2025-01-19T03:22:41.450+0000] {dag.py:3239} INFO - Sync 1 DAGs
[2025-01-19T03:22:41.459+0000] {logging_mixin.py:190} INFO - [2025-01-19T03:22:41.459+0000] {dag.py:4180} INFO - Setting next_dagrun for example_trigger_target_dag to None, run_after=None
[2025-01-19T03:22:41.474+0000] {processor.py:208} INFO - Processing /home/vscode/.local/lib/python3.10/site-packages/airflow/example_dags/example_trigger_target_dag.py took 0.048 seconds
[2025-01-19T03:23:29.382+0000] {processor.py:186} INFO - Started process (PID=6361) to work on /home/vscode/.local/lib/python3.10/site-packages/airflow/example_dags/example_trigger_target_dag.py
[2025-01-19T03:23:29.383+0000] {processor.py:914} INFO - Processing file /home/vscode/.local/lib/python3.10/site-packages/airflow/example_dags/example_trigger_target_dag.py for tasks to queue
[2025-01-19T03:23:29.384+0000] {logging_mixin.py:190} INFO - [2025-01-19T03:23:29.384+0000] {dagbag.py:588} INFO - Filling up the DagBag from /home/vscode/.local/lib/python3.10/site-packages/airflow/example_dags/example_trigger_target_dag.py
[2025-01-19T03:23:29.391+0000] {processor.py:925} INFO - DAG(s) 'example_trigger_target_dag' retrieved from /home/vscode/.local/lib/python3.10/site-packages/airflow/example_dags/example_trigger_target_dag.py
[2025-01-19T03:23:29.402+0000] {logging_mixin.py:190} INFO - [2025-01-19T03:23:29.402+0000] {dag.py:3239} INFO - Sync 1 DAGs
[2025-01-19T03:23:29.411+0000] {logging_mixin.py:190} INFO - [2025-01-19T03:23:29.411+0000] {dag.py:4180} INFO - Setting next_dagrun for example_trigger_target_dag to None, run_after=None
[2025-01-19T03:23:29.431+0000] {processor.py:208} INFO - Processing /home/vscode/.local/lib/python3.10/site-packages/airflow/example_dags/example_trigger_target_dag.py took 0.053 seconds
[2025-01-19T03:24:22.154+0000] {processor.py:186} INFO - Started process (PID=6765) to work on /home/vscode/.local/lib/python3.10/site-packages/airflow/example_dags/example_trigger_target_dag.py
[2025-01-19T03:24:22.155+0000] {processor.py:914} INFO - Processing file /home/vscode/.local/lib/python3.10/site-packages/airflow/example_dags/example_trigger_target_dag.py for tasks to queue
[2025-01-19T03:24:22.157+0000] {logging_mixin.py:190} INFO - [2025-01-19T03:24:22.156+0000] {dagbag.py:588} INFO - Filling up the DagBag from /home/vscode/.local/lib/python3.10/site-packages/airflow/example_dags/example_trigger_target_dag.py
[2025-01-19T03:24:22.163+0000] {processor.py:925} INFO - DAG(s) 'example_trigger_target_dag' retrieved from /home/vscode/.local/lib/python3.10/site-packages/airflow/example_dags/example_trigger_target_dag.py
[2025-01-19T03:24:22.174+0000] {logging_mixin.py:190} INFO - [2025-01-19T03:24:22.174+0000] {dag.py:3239} INFO - Sync 1 DAGs
[2025-01-19T03:24:22.183+0000] {logging_mixin.py:190} INFO - [2025-01-19T03:24:22.183+0000] {dag.py:4180} INFO - Setting next_dagrun for example_trigger_target_dag to None, run_after=None
[2025-01-19T03:24:22.198+0000] {processor.py:208} INFO - Processing /home/vscode/.local/lib/python3.10/site-packages/airflow/example_dags/example_trigger_target_dag.py took 0.048 seconds
[2025-01-19T03:25:13.453+0000] {processor.py:186} INFO - Started process (PID=7166) to work on /home/vscode/.local/lib/python3.10/site-packages/airflow/example_dags/example_trigger_target_dag.py
[2025-01-19T03:25:13.454+0000] {processor.py:914} INFO - Processing file /home/vscode/.local/lib/python3.10/site-packages/airflow/example_dags/example_trigger_target_dag.py for tasks to queue
[2025-01-19T03:25:13.456+0000] {logging_mixin.py:190} INFO - [2025-01-19T03:25:13.455+0000] {dagbag.py:588} INFO - Filling up the DagBag from /home/vscode/.local/lib/python3.10/site-packages/airflow/example_dags/example_trigger_target_dag.py
[2025-01-19T03:25:13.462+0000] {processor.py:925} INFO - DAG(s) 'example_trigger_target_dag' retrieved from /home/vscode/.local/lib/python3.10/site-packages/airflow/example_dags/example_trigger_target_dag.py
[2025-01-19T03:25:13.473+0000] {logging_mixin.py:190} INFO - [2025-01-19T03:25:13.473+0000] {dag.py:3239} INFO - Sync 1 DAGs
[2025-01-19T03:25:13.482+0000] {logging_mixin.py:190} INFO - [2025-01-19T03:25:13.482+0000] {dag.py:4180} INFO - Setting next_dagrun for example_trigger_target_dag to None, run_after=None
[2025-01-19T03:25:13.497+0000] {processor.py:208} INFO - Processing /home/vscode/.local/lib/python3.10/site-packages/airflow/example_dags/example_trigger_target_dag.py took 0.048 seconds
[2025-01-19T03:26:03.735+0000] {processor.py:186} INFO - Started process (PID=7577) to work on /home/vscode/.local/lib/python3.10/site-packages/airflow/example_dags/example_trigger_target_dag.py
[2025-01-19T03:26:03.736+0000] {processor.py:914} INFO - Processing file /home/vscode/.local/lib/python3.10/site-packages/airflow/example_dags/example_trigger_target_dag.py for tasks to queue
[2025-01-19T03:26:03.737+0000] {logging_mixin.py:190} INFO - [2025-01-19T03:26:03.737+0000] {dagbag.py:588} INFO - Filling up the DagBag from /home/vscode/.local/lib/python3.10/site-packages/airflow/example_dags/example_trigger_target_dag.py
[2025-01-19T03:26:03.744+0000] {processor.py:925} INFO - DAG(s) 'example_trigger_target_dag' retrieved from /home/vscode/.local/lib/python3.10/site-packages/airflow/example_dags/example_trigger_target_dag.py
[2025-01-19T03:26:03.754+0000] {logging_mixin.py:190} INFO - [2025-01-19T03:26:03.754+0000] {dag.py:3239} INFO - Sync 1 DAGs
[2025-01-19T03:26:03.763+0000] {logging_mixin.py:190} INFO - [2025-01-19T03:26:03.763+0000] {dag.py:4180} INFO - Setting next_dagrun for example_trigger_target_dag to None, run_after=None
[2025-01-19T03:26:03.778+0000] {processor.py:208} INFO - Processing /home/vscode/.local/lib/python3.10/site-packages/airflow/example_dags/example_trigger_target_dag.py took 0.047 seconds
[2025-01-19T03:26:56.374+0000] {processor.py:186} INFO - Started process (PID=8002) to work on /home/vscode/.local/lib/python3.10/site-packages/airflow/example_dags/example_trigger_target_dag.py
[2025-01-19T03:26:56.375+0000] {processor.py:914} INFO - Processing file /home/vscode/.local/lib/python3.10/site-packages/airflow/example_dags/example_trigger_target_dag.py for tasks to queue
[2025-01-19T03:26:56.377+0000] {logging_mixin.py:190} INFO - [2025-01-19T03:26:56.376+0000] {dagbag.py:588} INFO - Filling up the DagBag from /home/vscode/.local/lib/python3.10/site-packages/airflow/example_dags/example_trigger_target_dag.py
[2025-01-19T03:26:56.383+0000] {processor.py:925} INFO - DAG(s) 'example_trigger_target_dag' retrieved from /home/vscode/.local/lib/python3.10/site-packages/airflow/example_dags/example_trigger_target_dag.py
[2025-01-19T03:26:56.395+0000] {logging_mixin.py:190} INFO - [2025-01-19T03:26:56.395+0000] {dag.py:3239} INFO - Sync 1 DAGs
[2025-01-19T03:26:56.404+0000] {logging_mixin.py:190} INFO - [2025-01-19T03:26:56.404+0000] {dag.py:4180} INFO - Setting next_dagrun for example_trigger_target_dag to None, run_after=None
[2025-01-19T03:26:56.424+0000] {processor.py:208} INFO - Processing /home/vscode/.local/lib/python3.10/site-packages/airflow/example_dags/example_trigger_target_dag.py took 0.055 seconds
[2025-01-19T03:27:49.089+0000] {processor.py:186} INFO - Started process (PID=8384) to work on /home/vscode/.local/lib/python3.10/site-packages/airflow/example_dags/example_trigger_target_dag.py
[2025-01-19T03:27:49.090+0000] {processor.py:914} INFO - Processing file /home/vscode/.local/lib/python3.10/site-packages/airflow/example_dags/example_trigger_target_dag.py for tasks to queue
[2025-01-19T03:27:49.091+0000] {logging_mixin.py:190} INFO - [2025-01-19T03:27:49.091+0000] {dagbag.py:588} INFO - Filling up the DagBag from /home/vscode/.local/lib/python3.10/site-packages/airflow/example_dags/example_trigger_target_dag.py
[2025-01-19T03:27:49.097+0000] {processor.py:925} INFO - DAG(s) 'example_trigger_target_dag' retrieved from /home/vscode/.local/lib/python3.10/site-packages/airflow/example_dags/example_trigger_target_dag.py
[2025-01-19T03:27:49.108+0000] {logging_mixin.py:190} INFO - [2025-01-19T03:27:49.108+0000] {dag.py:3239} INFO - Sync 1 DAGs
[2025-01-19T03:27:49.117+0000] {logging_mixin.py:190} INFO - [2025-01-19T03:27:49.117+0000] {dag.py:4180} INFO - Setting next_dagrun for example_trigger_target_dag to None, run_after=None
[2025-01-19T03:27:49.132+0000] {processor.py:208} INFO - Processing /home/vscode/.local/lib/python3.10/site-packages/airflow/example_dags/example_trigger_target_dag.py took 0.048 seconds
[2025-01-19T03:28:43.235+0000] {processor.py:186} INFO - Started process (PID=8862) to work on /home/vscode/.local/lib/python3.10/site-packages/airflow/example_dags/example_trigger_target_dag.py
[2025-01-19T03:28:43.236+0000] {processor.py:914} INFO - Processing file /home/vscode/.local/lib/python3.10/site-packages/airflow/example_dags/example_trigger_target_dag.py for tasks to queue
[2025-01-19T03:28:43.238+0000] {logging_mixin.py:190} INFO - [2025-01-19T03:28:43.237+0000] {dagbag.py:588} INFO - Filling up the DagBag from /home/vscode/.local/lib/python3.10/site-packages/airflow/example_dags/example_trigger_target_dag.py
[2025-01-19T03:28:43.244+0000] {processor.py:925} INFO - DAG(s) 'example_trigger_target_dag' retrieved from /home/vscode/.local/lib/python3.10/site-packages/airflow/example_dags/example_trigger_target_dag.py
[2025-01-19T03:28:43.255+0000] {logging_mixin.py:190} INFO - [2025-01-19T03:28:43.255+0000] {dag.py:3239} INFO - Sync 1 DAGs
[2025-01-19T03:28:43.264+0000] {logging_mixin.py:190} INFO - [2025-01-19T03:28:43.264+0000] {dag.py:4180} INFO - Setting next_dagrun for example_trigger_target_dag to None, run_after=None
[2025-01-19T03:28:43.279+0000] {processor.py:208} INFO - Processing /home/vscode/.local/lib/python3.10/site-packages/airflow/example_dags/example_trigger_target_dag.py took 0.048 seconds
[2025-01-19T03:29:35.904+0000] {processor.py:186} INFO - Started process (PID=9258) to work on /home/vscode/.local/lib/python3.10/site-packages/airflow/example_dags/example_trigger_target_dag.py
[2025-01-19T03:29:35.904+0000] {processor.py:914} INFO - Processing file /home/vscode/.local/lib/python3.10/site-packages/airflow/example_dags/example_trigger_target_dag.py for tasks to queue
[2025-01-19T03:29:35.906+0000] {logging_mixin.py:190} INFO - [2025-01-19T03:29:35.906+0000] {dagbag.py:588} INFO - Filling up the DagBag from /home/vscode/.local/lib/python3.10/site-packages/airflow/example_dags/example_trigger_target_dag.py
[2025-01-19T03:29:35.912+0000] {processor.py:925} INFO - DAG(s) 'example_trigger_target_dag' retrieved from /home/vscode/.local/lib/python3.10/site-packages/airflow/example_dags/example_trigger_target_dag.py
[2025-01-19T03:29:35.923+0000] {logging_mixin.py:190} INFO - [2025-01-19T03:29:35.923+0000] {dag.py:3239} INFO - Sync 1 DAGs
[2025-01-19T03:29:35.933+0000] {logging_mixin.py:190} INFO - [2025-01-19T03:29:35.932+0000] {dag.py:4180} INFO - Setting next_dagrun for example_trigger_target_dag to None, run_after=None
[2025-01-19T03:29:35.947+0000] {processor.py:208} INFO - Processing /home/vscode/.local/lib/python3.10/site-packages/airflow/example_dags/example_trigger_target_dag.py took 0.048 seconds
[2025-01-19T03:30:26.088+0000] {processor.py:186} INFO - Started process (PID=9594) to work on /home/vscode/.local/lib/python3.10/site-packages/airflow/example_dags/example_trigger_target_dag.py
[2025-01-19T03:30:26.089+0000] {processor.py:914} INFO - Processing file /home/vscode/.local/lib/python3.10/site-packages/airflow/example_dags/example_trigger_target_dag.py for tasks to queue
[2025-01-19T03:30:26.090+0000] {logging_mixin.py:190} INFO - [2025-01-19T03:30:26.090+0000] {dagbag.py:588} INFO - Filling up the DagBag from /home/vscode/.local/lib/python3.10/site-packages/airflow/example_dags/example_trigger_target_dag.py
[2025-01-19T03:30:26.097+0000] {processor.py:925} INFO - DAG(s) 'example_trigger_target_dag' retrieved from /home/vscode/.local/lib/python3.10/site-packages/airflow/example_dags/example_trigger_target_dag.py
[2025-01-19T03:30:26.108+0000] {logging_mixin.py:190} INFO - [2025-01-19T03:30:26.108+0000] {dag.py:3239} INFO - Sync 1 DAGs
[2025-01-19T03:30:26.117+0000] {logging_mixin.py:190} INFO - [2025-01-19T03:30:26.117+0000] {dag.py:4180} INFO - Setting next_dagrun for example_trigger_target_dag to None, run_after=None
[2025-01-19T03:30:26.131+0000] {processor.py:208} INFO - Processing /home/vscode/.local/lib/python3.10/site-packages/airflow/example_dags/example_trigger_target_dag.py took 0.048 seconds
[2025-01-19T03:31:11.479+0000] {processor.py:186} INFO - Started process (PID=9908) to work on /home/vscode/.local/lib/python3.10/site-packages/airflow/example_dags/example_trigger_target_dag.py
[2025-01-19T03:31:11.480+0000] {processor.py:914} INFO - Processing file /home/vscode/.local/lib/python3.10/site-packages/airflow/example_dags/example_trigger_target_dag.py for tasks to queue
[2025-01-19T03:31:11.482+0000] {logging_mixin.py:190} INFO - [2025-01-19T03:31:11.481+0000] {dagbag.py:588} INFO - Filling up the DagBag from /home/vscode/.local/lib/python3.10/site-packages/airflow/example_dags/example_trigger_target_dag.py
[2025-01-19T03:31:11.488+0000] {processor.py:925} INFO - DAG(s) 'example_trigger_target_dag' retrieved from /home/vscode/.local/lib/python3.10/site-packages/airflow/example_dags/example_trigger_target_dag.py
[2025-01-19T03:31:11.500+0000] {logging_mixin.py:190} INFO - [2025-01-19T03:31:11.500+0000] {dag.py:3239} INFO - Sync 1 DAGs
[2025-01-19T03:31:11.509+0000] {logging_mixin.py:190} INFO - [2025-01-19T03:31:11.509+0000] {dag.py:4180} INFO - Setting next_dagrun for example_trigger_target_dag to None, run_after=None
[2025-01-19T03:31:11.524+0000] {processor.py:208} INFO - Processing /home/vscode/.local/lib/python3.10/site-packages/airflow/example_dags/example_trigger_target_dag.py took 0.049 seconds
[2025-01-19T03:32:02.029+0000] {processor.py:186} INFO - Started process (PID=10270) to work on /home/vscode/.local/lib/python3.10/site-packages/airflow/example_dags/example_trigger_target_dag.py
[2025-01-19T03:32:02.030+0000] {processor.py:914} INFO - Processing file /home/vscode/.local/lib/python3.10/site-packages/airflow/example_dags/example_trigger_target_dag.py for tasks to queue
[2025-01-19T03:32:02.032+0000] {logging_mixin.py:190} INFO - [2025-01-19T03:32:02.031+0000] {dagbag.py:588} INFO - Filling up the DagBag from /home/vscode/.local/lib/python3.10/site-packages/airflow/example_dags/example_trigger_target_dag.py
[2025-01-19T03:32:02.038+0000] {processor.py:925} INFO - DAG(s) 'example_trigger_target_dag' retrieved from /home/vscode/.local/lib/python3.10/site-packages/airflow/example_dags/example_trigger_target_dag.py
[2025-01-19T03:32:02.049+0000] {logging_mixin.py:190} INFO - [2025-01-19T03:32:02.048+0000] {dag.py:3239} INFO - Sync 1 DAGs
[2025-01-19T03:32:02.058+0000] {logging_mixin.py:190} INFO - [2025-01-19T03:32:02.058+0000] {dag.py:4180} INFO - Setting next_dagrun for example_trigger_target_dag to None, run_after=None
[2025-01-19T03:32:02.072+0000] {processor.py:208} INFO - Processing /home/vscode/.local/lib/python3.10/site-packages/airflow/example_dags/example_trigger_target_dag.py took 0.047 seconds
[2025-01-19T03:32:52.312+0000] {processor.py:186} INFO - Started process (PID=10725) to work on /home/vscode/.local/lib/python3.10/site-packages/airflow/example_dags/example_trigger_target_dag.py
[2025-01-19T03:32:52.313+0000] {processor.py:914} INFO - Processing file /home/vscode/.local/lib/python3.10/site-packages/airflow/example_dags/example_trigger_target_dag.py for tasks to queue
[2025-01-19T03:32:52.315+0000] {logging_mixin.py:190} INFO - [2025-01-19T03:32:52.314+0000] {dagbag.py:588} INFO - Filling up the DagBag from /home/vscode/.local/lib/python3.10/site-packages/airflow/example_dags/example_trigger_target_dag.py
[2025-01-19T03:32:52.321+0000] {processor.py:925} INFO - DAG(s) 'example_trigger_target_dag' retrieved from /home/vscode/.local/lib/python3.10/site-packages/airflow/example_dags/example_trigger_target_dag.py
[2025-01-19T03:32:52.332+0000] {logging_mixin.py:190} INFO - [2025-01-19T03:32:52.331+0000] {dag.py:3239} INFO - Sync 1 DAGs
[2025-01-19T03:32:52.341+0000] {logging_mixin.py:190} INFO - [2025-01-19T03:32:52.340+0000] {dag.py:4180} INFO - Setting next_dagrun for example_trigger_target_dag to None, run_after=None
[2025-01-19T03:32:52.354+0000] {processor.py:208} INFO - Processing /home/vscode/.local/lib/python3.10/site-packages/airflow/example_dags/example_trigger_target_dag.py took 0.046 seconds
[2025-01-19T03:33:43.534+0000] {processor.py:186} INFO - Started process (PID=11082) to work on /home/vscode/.local/lib/python3.10/site-packages/airflow/example_dags/example_trigger_target_dag.py
[2025-01-19T03:33:43.535+0000] {processor.py:914} INFO - Processing file /home/vscode/.local/lib/python3.10/site-packages/airflow/example_dags/example_trigger_target_dag.py for tasks to queue
[2025-01-19T03:33:43.537+0000] {logging_mixin.py:190} INFO - [2025-01-19T03:33:43.537+0000] {dagbag.py:588} INFO - Filling up the DagBag from /home/vscode/.local/lib/python3.10/site-packages/airflow/example_dags/example_trigger_target_dag.py
[2025-01-19T03:33:43.543+0000] {processor.py:925} INFO - DAG(s) 'example_trigger_target_dag' retrieved from /home/vscode/.local/lib/python3.10/site-packages/airflow/example_dags/example_trigger_target_dag.py
[2025-01-19T03:33:43.555+0000] {logging_mixin.py:190} INFO - [2025-01-19T03:33:43.555+0000] {dag.py:3239} INFO - Sync 1 DAGs
[2025-01-19T03:33:43.564+0000] {logging_mixin.py:190} INFO - [2025-01-19T03:33:43.564+0000] {dag.py:4180} INFO - Setting next_dagrun for example_trigger_target_dag to None, run_after=None
[2025-01-19T03:33:43.579+0000] {processor.py:208} INFO - Processing /home/vscode/.local/lib/python3.10/site-packages/airflow/example_dags/example_trigger_target_dag.py took 0.049 seconds
[2025-01-19T03:34:33.965+0000] {processor.py:186} INFO - Started process (PID=11457) to work on /home/vscode/.local/lib/python3.10/site-packages/airflow/example_dags/example_trigger_target_dag.py
[2025-01-19T03:34:33.965+0000] {processor.py:914} INFO - Processing file /home/vscode/.local/lib/python3.10/site-packages/airflow/example_dags/example_trigger_target_dag.py for tasks to queue
[2025-01-19T03:34:33.967+0000] {logging_mixin.py:190} INFO - [2025-01-19T03:34:33.967+0000] {dagbag.py:588} INFO - Filling up the DagBag from /home/vscode/.local/lib/python3.10/site-packages/airflow/example_dags/example_trigger_target_dag.py
[2025-01-19T03:34:33.974+0000] {processor.py:925} INFO - DAG(s) 'example_trigger_target_dag' retrieved from /home/vscode/.local/lib/python3.10/site-packages/airflow/example_dags/example_trigger_target_dag.py
[2025-01-19T03:34:33.985+0000] {logging_mixin.py:190} INFO - [2025-01-19T03:34:33.985+0000] {dag.py:3239} INFO - Sync 1 DAGs
[2025-01-19T03:34:33.994+0000] {logging_mixin.py:190} INFO - [2025-01-19T03:34:33.994+0000] {dag.py:4180} INFO - Setting next_dagrun for example_trigger_target_dag to None, run_after=None
[2025-01-19T03:34:34.009+0000] {processor.py:208} INFO - Processing /home/vscode/.local/lib/python3.10/site-packages/airflow/example_dags/example_trigger_target_dag.py took 0.049 seconds
[2025-01-19T03:35:23.683+0000] {processor.py:186} INFO - Started process (PID=11852) to work on /home/vscode/.local/lib/python3.10/site-packages/airflow/example_dags/example_trigger_target_dag.py
[2025-01-19T03:35:23.683+0000] {processor.py:914} INFO - Processing file /home/vscode/.local/lib/python3.10/site-packages/airflow/example_dags/example_trigger_target_dag.py for tasks to queue
[2025-01-19T03:35:23.685+0000] {logging_mixin.py:190} INFO - [2025-01-19T03:35:23.685+0000] {dagbag.py:588} INFO - Filling up the DagBag from /home/vscode/.local/lib/python3.10/site-packages/airflow/example_dags/example_trigger_target_dag.py
[2025-01-19T03:35:23.691+0000] {processor.py:925} INFO - DAG(s) 'example_trigger_target_dag' retrieved from /home/vscode/.local/lib/python3.10/site-packages/airflow/example_dags/example_trigger_target_dag.py
[2025-01-19T03:35:23.704+0000] {logging_mixin.py:190} INFO - [2025-01-19T03:35:23.704+0000] {dag.py:3239} INFO - Sync 1 DAGs
[2025-01-19T03:35:23.718+0000] {logging_mixin.py:190} INFO - [2025-01-19T03:35:23.717+0000] {dag.py:4180} INFO - Setting next_dagrun for example_trigger_target_dag to None, run_after=None
[2025-01-19T03:35:23.739+0000] {processor.py:208} INFO - Processing /home/vscode/.local/lib/python3.10/site-packages/airflow/example_dags/example_trigger_target_dag.py took 0.061 seconds
[2025-01-19T03:36:13.627+0000] {processor.py:186} INFO - Started process (PID=12229) to work on /home/vscode/.local/lib/python3.10/site-packages/airflow/example_dags/example_trigger_target_dag.py
[2025-01-19T03:36:13.627+0000] {processor.py:914} INFO - Processing file /home/vscode/.local/lib/python3.10/site-packages/airflow/example_dags/example_trigger_target_dag.py for tasks to queue
[2025-01-19T03:36:13.629+0000] {logging_mixin.py:190} INFO - [2025-01-19T03:36:13.629+0000] {dagbag.py:588} INFO - Filling up the DagBag from /home/vscode/.local/lib/python3.10/site-packages/airflow/example_dags/example_trigger_target_dag.py
[2025-01-19T03:36:13.635+0000] {processor.py:925} INFO - DAG(s) 'example_trigger_target_dag' retrieved from /home/vscode/.local/lib/python3.10/site-packages/airflow/example_dags/example_trigger_target_dag.py
[2025-01-19T03:36:13.646+0000] {logging_mixin.py:190} INFO - [2025-01-19T03:36:13.646+0000] {dag.py:3239} INFO - Sync 1 DAGs
[2025-01-19T03:36:13.658+0000] {logging_mixin.py:190} INFO - [2025-01-19T03:36:13.658+0000] {dag.py:4180} INFO - Setting next_dagrun for example_trigger_target_dag to None, run_after=None
[2025-01-19T03:36:13.676+0000] {processor.py:208} INFO - Processing /home/vscode/.local/lib/python3.10/site-packages/airflow/example_dags/example_trigger_target_dag.py took 0.054 seconds
[2025-01-19T03:37:01.824+0000] {processor.py:186} INFO - Started process (PID=12559) to work on /home/vscode/.local/lib/python3.10/site-packages/airflow/example_dags/example_trigger_target_dag.py
[2025-01-19T03:37:01.824+0000] {processor.py:914} INFO - Processing file /home/vscode/.local/lib/python3.10/site-packages/airflow/example_dags/example_trigger_target_dag.py for tasks to queue
[2025-01-19T03:37:01.826+0000] {logging_mixin.py:190} INFO - [2025-01-19T03:37:01.825+0000] {dagbag.py:588} INFO - Filling up the DagBag from /home/vscode/.local/lib/python3.10/site-packages/airflow/example_dags/example_trigger_target_dag.py
[2025-01-19T03:37:01.832+0000] {processor.py:925} INFO - DAG(s) 'example_trigger_target_dag' retrieved from /home/vscode/.local/lib/python3.10/site-packages/airflow/example_dags/example_trigger_target_dag.py
[2025-01-19T03:37:01.843+0000] {logging_mixin.py:190} INFO - [2025-01-19T03:37:01.842+0000] {dag.py:3239} INFO - Sync 1 DAGs
[2025-01-19T03:37:01.851+0000] {logging_mixin.py:190} INFO - [2025-01-19T03:37:01.851+0000] {dag.py:4180} INFO - Setting next_dagrun for example_trigger_target_dag to None, run_after=None
[2025-01-19T03:37:01.867+0000] {processor.py:208} INFO - Processing /home/vscode/.local/lib/python3.10/site-packages/airflow/example_dags/example_trigger_target_dag.py took 0.048 seconds
[2025-01-19T03:37:54.342+0000] {processor.py:186} INFO - Started process (PID=12918) to work on /home/vscode/.local/lib/python3.10/site-packages/airflow/example_dags/example_trigger_target_dag.py
[2025-01-19T03:37:54.342+0000] {processor.py:914} INFO - Processing file /home/vscode/.local/lib/python3.10/site-packages/airflow/example_dags/example_trigger_target_dag.py for tasks to queue
[2025-01-19T03:37:54.344+0000] {logging_mixin.py:190} INFO - [2025-01-19T03:37:54.344+0000] {dagbag.py:588} INFO - Filling up the DagBag from /home/vscode/.local/lib/python3.10/site-packages/airflow/example_dags/example_trigger_target_dag.py
[2025-01-19T03:37:54.350+0000] {processor.py:925} INFO - DAG(s) 'example_trigger_target_dag' retrieved from /home/vscode/.local/lib/python3.10/site-packages/airflow/example_dags/example_trigger_target_dag.py
[2025-01-19T03:37:54.361+0000] {logging_mixin.py:190} INFO - [2025-01-19T03:37:54.361+0000] {dag.py:3239} INFO - Sync 1 DAGs
[2025-01-19T03:37:54.370+0000] {logging_mixin.py:190} INFO - [2025-01-19T03:37:54.370+0000] {dag.py:4180} INFO - Setting next_dagrun for example_trigger_target_dag to None, run_after=None
[2025-01-19T03:37:54.384+0000] {processor.py:208} INFO - Processing /home/vscode/.local/lib/python3.10/site-packages/airflow/example_dags/example_trigger_target_dag.py took 0.047 seconds
[2025-01-19T03:38:42.822+0000] {processor.py:186} INFO - Started process (PID=13251) to work on /home/vscode/.local/lib/python3.10/site-packages/airflow/example_dags/example_trigger_target_dag.py
[2025-01-19T03:38:42.822+0000] {processor.py:914} INFO - Processing file /home/vscode/.local/lib/python3.10/site-packages/airflow/example_dags/example_trigger_target_dag.py for tasks to queue
[2025-01-19T03:38:42.824+0000] {logging_mixin.py:190} INFO - [2025-01-19T03:38:42.824+0000] {dagbag.py:588} INFO - Filling up the DagBag from /home/vscode/.local/lib/python3.10/site-packages/airflow/example_dags/example_trigger_target_dag.py
[2025-01-19T03:38:42.830+0000] {processor.py:925} INFO - DAG(s) 'example_trigger_target_dag' retrieved from /home/vscode/.local/lib/python3.10/site-packages/airflow/example_dags/example_trigger_target_dag.py
[2025-01-19T03:38:42.841+0000] {logging_mixin.py:190} INFO - [2025-01-19T03:38:42.841+0000] {dag.py:3239} INFO - Sync 1 DAGs
[2025-01-19T03:38:42.850+0000] {logging_mixin.py:190} INFO - [2025-01-19T03:38:42.850+0000] {dag.py:4180} INFO - Setting next_dagrun for example_trigger_target_dag to None, run_after=None
[2025-01-19T03:38:42.865+0000] {processor.py:208} INFO - Processing /home/vscode/.local/lib/python3.10/site-packages/airflow/example_dags/example_trigger_target_dag.py took 0.048 seconds
[2025-01-19T03:39:31.933+0000] {processor.py:186} INFO - Started process (PID=13582) to work on /home/vscode/.local/lib/python3.10/site-packages/airflow/example_dags/example_trigger_target_dag.py
[2025-01-19T03:39:31.934+0000] {processor.py:914} INFO - Processing file /home/vscode/.local/lib/python3.10/site-packages/airflow/example_dags/example_trigger_target_dag.py for tasks to queue
[2025-01-19T03:39:31.935+0000] {logging_mixin.py:190} INFO - [2025-01-19T03:39:31.935+0000] {dagbag.py:588} INFO - Filling up the DagBag from /home/vscode/.local/lib/python3.10/site-packages/airflow/example_dags/example_trigger_target_dag.py
[2025-01-19T03:39:31.942+0000] {processor.py:925} INFO - DAG(s) 'example_trigger_target_dag' retrieved from /home/vscode/.local/lib/python3.10/site-packages/airflow/example_dags/example_trigger_target_dag.py
[2025-01-19T03:39:31.953+0000] {logging_mixin.py:190} INFO - [2025-01-19T03:39:31.953+0000] {dag.py:3239} INFO - Sync 1 DAGs
[2025-01-19T03:39:31.962+0000] {logging_mixin.py:190} INFO - [2025-01-19T03:39:31.962+0000] {dag.py:4180} INFO - Setting next_dagrun for example_trigger_target_dag to None, run_after=None
[2025-01-19T03:39:31.977+0000] {processor.py:208} INFO - Processing /home/vscode/.local/lib/python3.10/site-packages/airflow/example_dags/example_trigger_target_dag.py took 0.048 seconds
[2025-01-19T03:40:25.561+0000] {processor.py:186} INFO - Started process (PID=13941) to work on /home/vscode/.local/lib/python3.10/site-packages/airflow/example_dags/example_trigger_target_dag.py
[2025-01-19T03:40:25.562+0000] {processor.py:914} INFO - Processing file /home/vscode/.local/lib/python3.10/site-packages/airflow/example_dags/example_trigger_target_dag.py for tasks to queue
[2025-01-19T03:40:25.564+0000] {logging_mixin.py:190} INFO - [2025-01-19T03:40:25.563+0000] {dagbag.py:588} INFO - Filling up the DagBag from /home/vscode/.local/lib/python3.10/site-packages/airflow/example_dags/example_trigger_target_dag.py
[2025-01-19T03:40:25.570+0000] {processor.py:925} INFO - DAG(s) 'example_trigger_target_dag' retrieved from /home/vscode/.local/lib/python3.10/site-packages/airflow/example_dags/example_trigger_target_dag.py
[2025-01-19T03:40:25.581+0000] {logging_mixin.py:190} INFO - [2025-01-19T03:40:25.581+0000] {dag.py:3239} INFO - Sync 1 DAGs
[2025-01-19T03:40:25.591+0000] {logging_mixin.py:190} INFO - [2025-01-19T03:40:25.590+0000] {dag.py:4180} INFO - Setting next_dagrun for example_trigger_target_dag to None, run_after=None
[2025-01-19T03:40:25.605+0000] {processor.py:208} INFO - Processing /home/vscode/.local/lib/python3.10/site-packages/airflow/example_dags/example_trigger_target_dag.py took 0.049 seconds
[2025-01-19T03:41:14.711+0000] {processor.py:186} INFO - Started process (PID=14275) to work on /home/vscode/.local/lib/python3.10/site-packages/airflow/example_dags/example_trigger_target_dag.py
[2025-01-19T03:41:14.712+0000] {processor.py:914} INFO - Processing file /home/vscode/.local/lib/python3.10/site-packages/airflow/example_dags/example_trigger_target_dag.py for tasks to queue
[2025-01-19T03:41:14.713+0000] {logging_mixin.py:190} INFO - [2025-01-19T03:41:14.713+0000] {dagbag.py:588} INFO - Filling up the DagBag from /home/vscode/.local/lib/python3.10/site-packages/airflow/example_dags/example_trigger_target_dag.py
[2025-01-19T03:41:14.719+0000] {processor.py:925} INFO - DAG(s) 'example_trigger_target_dag' retrieved from /home/vscode/.local/lib/python3.10/site-packages/airflow/example_dags/example_trigger_target_dag.py
[2025-01-19T03:41:14.730+0000] {logging_mixin.py:190} INFO - [2025-01-19T03:41:14.730+0000] {dag.py:3239} INFO - Sync 1 DAGs
[2025-01-19T03:41:14.740+0000] {logging_mixin.py:190} INFO - [2025-01-19T03:41:14.739+0000] {dag.py:4180} INFO - Setting next_dagrun for example_trigger_target_dag to None, run_after=None
[2025-01-19T03:41:14.755+0000] {processor.py:208} INFO - Processing /home/vscode/.local/lib/python3.10/site-packages/airflow/example_dags/example_trigger_target_dag.py took 0.048 seconds
[2025-01-19T03:42:05.976+0000] {processor.py:186} INFO - Started process (PID=14615) to work on /home/vscode/.local/lib/python3.10/site-packages/airflow/example_dags/example_trigger_target_dag.py
[2025-01-19T03:42:05.977+0000] {processor.py:914} INFO - Processing file /home/vscode/.local/lib/python3.10/site-packages/airflow/example_dags/example_trigger_target_dag.py for tasks to queue
[2025-01-19T03:42:05.979+0000] {logging_mixin.py:190} INFO - [2025-01-19T03:42:05.978+0000] {dagbag.py:588} INFO - Filling up the DagBag from /home/vscode/.local/lib/python3.10/site-packages/airflow/example_dags/example_trigger_target_dag.py
[2025-01-19T03:42:05.985+0000] {processor.py:925} INFO - DAG(s) 'example_trigger_target_dag' retrieved from /home/vscode/.local/lib/python3.10/site-packages/airflow/example_dags/example_trigger_target_dag.py
[2025-01-19T03:42:05.997+0000] {logging_mixin.py:190} INFO - [2025-01-19T03:42:05.996+0000] {dag.py:3239} INFO - Sync 1 DAGs
[2025-01-19T03:42:06.006+0000] {logging_mixin.py:190} INFO - [2025-01-19T03:42:06.006+0000] {dag.py:4180} INFO - Setting next_dagrun for example_trigger_target_dag to None, run_after=None
[2025-01-19T03:42:06.020+0000] {processor.py:208} INFO - Processing /home/vscode/.local/lib/python3.10/site-packages/airflow/example_dags/example_trigger_target_dag.py took 0.048 seconds
[2025-01-19T03:42:56.261+0000] {processor.py:186} INFO - Started process (PID=14957) to work on /home/vscode/.local/lib/python3.10/site-packages/airflow/example_dags/example_trigger_target_dag.py
[2025-01-19T03:42:56.262+0000] {processor.py:914} INFO - Processing file /home/vscode/.local/lib/python3.10/site-packages/airflow/example_dags/example_trigger_target_dag.py for tasks to queue
[2025-01-19T03:42:56.263+0000] {logging_mixin.py:190} INFO - [2025-01-19T03:42:56.263+0000] {dagbag.py:588} INFO - Filling up the DagBag from /home/vscode/.local/lib/python3.10/site-packages/airflow/example_dags/example_trigger_target_dag.py
[2025-01-19T03:42:56.269+0000] {processor.py:925} INFO - DAG(s) 'example_trigger_target_dag' retrieved from /home/vscode/.local/lib/python3.10/site-packages/airflow/example_dags/example_trigger_target_dag.py
[2025-01-19T03:42:56.280+0000] {logging_mixin.py:190} INFO - [2025-01-19T03:42:56.280+0000] {dag.py:3239} INFO - Sync 1 DAGs
[2025-01-19T03:42:56.289+0000] {logging_mixin.py:190} INFO - [2025-01-19T03:42:56.289+0000] {dag.py:4180} INFO - Setting next_dagrun for example_trigger_target_dag to None, run_after=None
[2025-01-19T03:42:56.303+0000] {processor.py:208} INFO - Processing /home/vscode/.local/lib/python3.10/site-packages/airflow/example_dags/example_trigger_target_dag.py took 0.047 seconds
[2025-01-19T03:43:47.631+0000] {processor.py:186} INFO - Started process (PID=15305) to work on /home/vscode/.local/lib/python3.10/site-packages/airflow/example_dags/example_trigger_target_dag.py
[2025-01-19T03:43:47.632+0000] {processor.py:914} INFO - Processing file /home/vscode/.local/lib/python3.10/site-packages/airflow/example_dags/example_trigger_target_dag.py for tasks to queue
[2025-01-19T03:43:47.634+0000] {logging_mixin.py:190} INFO - [2025-01-19T03:43:47.633+0000] {dagbag.py:588} INFO - Filling up the DagBag from /home/vscode/.local/lib/python3.10/site-packages/airflow/example_dags/example_trigger_target_dag.py
[2025-01-19T03:43:47.640+0000] {processor.py:925} INFO - DAG(s) 'example_trigger_target_dag' retrieved from /home/vscode/.local/lib/python3.10/site-packages/airflow/example_dags/example_trigger_target_dag.py
[2025-01-19T03:43:47.651+0000] {logging_mixin.py:190} INFO - [2025-01-19T03:43:47.651+0000] {dag.py:3239} INFO - Sync 1 DAGs
[2025-01-19T03:43:47.660+0000] {logging_mixin.py:190} INFO - [2025-01-19T03:43:47.660+0000] {dag.py:4180} INFO - Setting next_dagrun for example_trigger_target_dag to None, run_after=None
[2025-01-19T03:43:47.675+0000] {processor.py:208} INFO - Processing /home/vscode/.local/lib/python3.10/site-packages/airflow/example_dags/example_trigger_target_dag.py took 0.048 seconds
[2025-01-19T03:44:41.184+0000] {processor.py:186} INFO - Started process (PID=15662) to work on /home/vscode/.local/lib/python3.10/site-packages/airflow/example_dags/example_trigger_target_dag.py
[2025-01-19T03:44:41.185+0000] {processor.py:914} INFO - Processing file /home/vscode/.local/lib/python3.10/site-packages/airflow/example_dags/example_trigger_target_dag.py for tasks to queue
[2025-01-19T03:44:41.186+0000] {logging_mixin.py:190} INFO - [2025-01-19T03:44:41.186+0000] {dagbag.py:588} INFO - Filling up the DagBag from /home/vscode/.local/lib/python3.10/site-packages/airflow/example_dags/example_trigger_target_dag.py
[2025-01-19T03:44:41.193+0000] {processor.py:925} INFO - DAG(s) 'example_trigger_target_dag' retrieved from /home/vscode/.local/lib/python3.10/site-packages/airflow/example_dags/example_trigger_target_dag.py
[2025-01-19T03:44:41.204+0000] {logging_mixin.py:190} INFO - [2025-01-19T03:44:41.204+0000] {dag.py:3239} INFO - Sync 1 DAGs
[2025-01-19T03:44:41.214+0000] {logging_mixin.py:190} INFO - [2025-01-19T03:44:41.214+0000] {dag.py:4180} INFO - Setting next_dagrun for example_trigger_target_dag to None, run_after=None
[2025-01-19T03:44:41.228+0000] {processor.py:208} INFO - Processing /home/vscode/.local/lib/python3.10/site-packages/airflow/example_dags/example_trigger_target_dag.py took 0.048 seconds
[2025-01-19T03:45:34.086+0000] {processor.py:186} INFO - Started process (PID=16016) to work on /home/vscode/.local/lib/python3.10/site-packages/airflow/example_dags/example_trigger_target_dag.py
[2025-01-19T03:45:34.087+0000] {processor.py:914} INFO - Processing file /home/vscode/.local/lib/python3.10/site-packages/airflow/example_dags/example_trigger_target_dag.py for tasks to queue
[2025-01-19T03:45:34.088+0000] {logging_mixin.py:190} INFO - [2025-01-19T03:45:34.088+0000] {dagbag.py:588} INFO - Filling up the DagBag from /home/vscode/.local/lib/python3.10/site-packages/airflow/example_dags/example_trigger_target_dag.py
[2025-01-19T03:45:34.095+0000] {processor.py:925} INFO - DAG(s) 'example_trigger_target_dag' retrieved from /home/vscode/.local/lib/python3.10/site-packages/airflow/example_dags/example_trigger_target_dag.py
[2025-01-19T03:45:34.106+0000] {logging_mixin.py:190} INFO - [2025-01-19T03:45:34.106+0000] {dag.py:3239} INFO - Sync 1 DAGs
[2025-01-19T03:45:34.116+0000] {logging_mixin.py:190} INFO - [2025-01-19T03:45:34.115+0000] {dag.py:4180} INFO - Setting next_dagrun for example_trigger_target_dag to None, run_after=None
[2025-01-19T03:45:34.130+0000] {processor.py:208} INFO - Processing /home/vscode/.local/lib/python3.10/site-packages/airflow/example_dags/example_trigger_target_dag.py took 0.048 seconds
[2025-01-19T03:46:22.810+0000] {processor.py:186} INFO - Started process (PID=16340) to work on /home/vscode/.local/lib/python3.10/site-packages/airflow/example_dags/example_trigger_target_dag.py
[2025-01-19T03:46:22.811+0000] {processor.py:914} INFO - Processing file /home/vscode/.local/lib/python3.10/site-packages/airflow/example_dags/example_trigger_target_dag.py for tasks to queue
[2025-01-19T03:46:22.812+0000] {logging_mixin.py:190} INFO - [2025-01-19T03:46:22.812+0000] {dagbag.py:588} INFO - Filling up the DagBag from /home/vscode/.local/lib/python3.10/site-packages/airflow/example_dags/example_trigger_target_dag.py
[2025-01-19T03:46:22.818+0000] {processor.py:925} INFO - DAG(s) 'example_trigger_target_dag' retrieved from /home/vscode/.local/lib/python3.10/site-packages/airflow/example_dags/example_trigger_target_dag.py
[2025-01-19T03:46:22.829+0000] {logging_mixin.py:190} INFO - [2025-01-19T03:46:22.829+0000] {dag.py:3239} INFO - Sync 1 DAGs
[2025-01-19T03:46:22.838+0000] {logging_mixin.py:190} INFO - [2025-01-19T03:46:22.838+0000] {dag.py:4180} INFO - Setting next_dagrun for example_trigger_target_dag to None, run_after=None
[2025-01-19T03:46:22.852+0000] {processor.py:208} INFO - Processing /home/vscode/.local/lib/python3.10/site-packages/airflow/example_dags/example_trigger_target_dag.py took 0.047 seconds
[2025-01-19T03:47:15.482+0000] {processor.py:186} INFO - Started process (PID=16704) to work on /home/vscode/.local/lib/python3.10/site-packages/airflow/example_dags/example_trigger_target_dag.py
[2025-01-19T03:47:15.483+0000] {processor.py:914} INFO - Processing file /home/vscode/.local/lib/python3.10/site-packages/airflow/example_dags/example_trigger_target_dag.py for tasks to queue
[2025-01-19T03:47:15.484+0000] {logging_mixin.py:190} INFO - [2025-01-19T03:47:15.484+0000] {dagbag.py:588} INFO - Filling up the DagBag from /home/vscode/.local/lib/python3.10/site-packages/airflow/example_dags/example_trigger_target_dag.py
[2025-01-19T03:47:15.491+0000] {processor.py:925} INFO - DAG(s) 'example_trigger_target_dag' retrieved from /home/vscode/.local/lib/python3.10/site-packages/airflow/example_dags/example_trigger_target_dag.py
[2025-01-19T03:47:15.502+0000] {logging_mixin.py:190} INFO - [2025-01-19T03:47:15.502+0000] {dag.py:3239} INFO - Sync 1 DAGs
[2025-01-19T03:47:15.511+0000] {logging_mixin.py:190} INFO - [2025-01-19T03:47:15.511+0000] {dag.py:4180} INFO - Setting next_dagrun for example_trigger_target_dag to None, run_after=None
[2025-01-19T03:47:15.525+0000] {processor.py:208} INFO - Processing /home/vscode/.local/lib/python3.10/site-packages/airflow/example_dags/example_trigger_target_dag.py took 0.048 seconds
[2025-01-19T03:48:07.301+0000] {processor.py:186} INFO - Started process (PID=17060) to work on /home/vscode/.local/lib/python3.10/site-packages/airflow/example_dags/example_trigger_target_dag.py
[2025-01-19T03:48:07.302+0000] {processor.py:914} INFO - Processing file /home/vscode/.local/lib/python3.10/site-packages/airflow/example_dags/example_trigger_target_dag.py for tasks to queue
[2025-01-19T03:48:07.304+0000] {logging_mixin.py:190} INFO - [2025-01-19T03:48:07.304+0000] {dagbag.py:588} INFO - Filling up the DagBag from /home/vscode/.local/lib/python3.10/site-packages/airflow/example_dags/example_trigger_target_dag.py
[2025-01-19T03:48:07.310+0000] {processor.py:925} INFO - DAG(s) 'example_trigger_target_dag' retrieved from /home/vscode/.local/lib/python3.10/site-packages/airflow/example_dags/example_trigger_target_dag.py
[2025-01-19T03:48:07.321+0000] {logging_mixin.py:190} INFO - [2025-01-19T03:48:07.321+0000] {dag.py:3239} INFO - Sync 1 DAGs
[2025-01-19T03:48:07.330+0000] {logging_mixin.py:190} INFO - [2025-01-19T03:48:07.330+0000] {dag.py:4180} INFO - Setting next_dagrun for example_trigger_target_dag to None, run_after=None
[2025-01-19T03:48:07.344+0000] {processor.py:208} INFO - Processing /home/vscode/.local/lib/python3.10/site-packages/airflow/example_dags/example_trigger_target_dag.py took 0.048 seconds
[2025-01-19T03:48:57.456+0000] {processor.py:186} INFO - Started process (PID=17438) to work on /home/vscode/.local/lib/python3.10/site-packages/airflow/example_dags/example_trigger_target_dag.py
[2025-01-19T03:48:57.457+0000] {processor.py:914} INFO - Processing file /home/vscode/.local/lib/python3.10/site-packages/airflow/example_dags/example_trigger_target_dag.py for tasks to queue
[2025-01-19T03:48:57.458+0000] {logging_mixin.py:190} INFO - [2025-01-19T03:48:57.458+0000] {dagbag.py:588} INFO - Filling up the DagBag from /home/vscode/.local/lib/python3.10/site-packages/airflow/example_dags/example_trigger_target_dag.py
[2025-01-19T03:48:57.465+0000] {processor.py:925} INFO - DAG(s) 'example_trigger_target_dag' retrieved from /home/vscode/.local/lib/python3.10/site-packages/airflow/example_dags/example_trigger_target_dag.py
[2025-01-19T03:48:57.476+0000] {logging_mixin.py:190} INFO - [2025-01-19T03:48:57.476+0000] {dag.py:3239} INFO - Sync 1 DAGs
[2025-01-19T03:48:57.486+0000] {logging_mixin.py:190} INFO - [2025-01-19T03:48:57.485+0000] {dag.py:4180} INFO - Setting next_dagrun for example_trigger_target_dag to None, run_after=None
[2025-01-19T03:48:57.501+0000] {processor.py:208} INFO - Processing /home/vscode/.local/lib/python3.10/site-packages/airflow/example_dags/example_trigger_target_dag.py took 0.049 seconds
[2025-01-19T03:49:47.649+0000] {processor.py:186} INFO - Started process (PID=17879) to work on /home/vscode/.local/lib/python3.10/site-packages/airflow/example_dags/example_trigger_target_dag.py
[2025-01-19T03:49:47.649+0000] {processor.py:914} INFO - Processing file /home/vscode/.local/lib/python3.10/site-packages/airflow/example_dags/example_trigger_target_dag.py for tasks to queue
[2025-01-19T03:49:47.651+0000] {logging_mixin.py:190} INFO - [2025-01-19T03:49:47.651+0000] {dagbag.py:588} INFO - Filling up the DagBag from /home/vscode/.local/lib/python3.10/site-packages/airflow/example_dags/example_trigger_target_dag.py
[2025-01-19T03:49:47.657+0000] {processor.py:925} INFO - DAG(s) 'example_trigger_target_dag' retrieved from /home/vscode/.local/lib/python3.10/site-packages/airflow/example_dags/example_trigger_target_dag.py
[2025-01-19T03:49:47.668+0000] {logging_mixin.py:190} INFO - [2025-01-19T03:49:47.668+0000] {dag.py:3239} INFO - Sync 1 DAGs
[2025-01-19T03:49:47.678+0000] {logging_mixin.py:190} INFO - [2025-01-19T03:49:47.677+0000] {dag.py:4180} INFO - Setting next_dagrun for example_trigger_target_dag to None, run_after=None
[2025-01-19T03:49:47.692+0000] {processor.py:208} INFO - Processing /home/vscode/.local/lib/python3.10/site-packages/airflow/example_dags/example_trigger_target_dag.py took 0.048 seconds
[2025-01-19T03:50:37.505+0000] {processor.py:186} INFO - Started process (PID=18262) to work on /home/vscode/.local/lib/python3.10/site-packages/airflow/example_dags/example_trigger_target_dag.py
[2025-01-19T03:50:37.506+0000] {processor.py:914} INFO - Processing file /home/vscode/.local/lib/python3.10/site-packages/airflow/example_dags/example_trigger_target_dag.py for tasks to queue
[2025-01-19T03:50:37.507+0000] {logging_mixin.py:190} INFO - [2025-01-19T03:50:37.507+0000] {dagbag.py:588} INFO - Filling up the DagBag from /home/vscode/.local/lib/python3.10/site-packages/airflow/example_dags/example_trigger_target_dag.py
[2025-01-19T03:50:37.514+0000] {processor.py:925} INFO - DAG(s) 'example_trigger_target_dag' retrieved from /home/vscode/.local/lib/python3.10/site-packages/airflow/example_dags/example_trigger_target_dag.py
[2025-01-19T03:50:37.525+0000] {logging_mixin.py:190} INFO - [2025-01-19T03:50:37.525+0000] {dag.py:3239} INFO - Sync 1 DAGs
[2025-01-19T03:50:37.534+0000] {logging_mixin.py:190} INFO - [2025-01-19T03:50:37.534+0000] {dag.py:4180} INFO - Setting next_dagrun for example_trigger_target_dag to None, run_after=None
[2025-01-19T03:50:37.548+0000] {processor.py:208} INFO - Processing /home/vscode/.local/lib/python3.10/site-packages/airflow/example_dags/example_trigger_target_dag.py took 0.047 seconds
[2025-01-19T03:51:26.499+0000] {processor.py:186} INFO - Started process (PID=18638) to work on /home/vscode/.local/lib/python3.10/site-packages/airflow/example_dags/example_trigger_target_dag.py
[2025-01-19T03:51:26.500+0000] {processor.py:914} INFO - Processing file /home/vscode/.local/lib/python3.10/site-packages/airflow/example_dags/example_trigger_target_dag.py for tasks to queue
[2025-01-19T03:51:26.501+0000] {logging_mixin.py:190} INFO - [2025-01-19T03:51:26.501+0000] {dagbag.py:588} INFO - Filling up the DagBag from /home/vscode/.local/lib/python3.10/site-packages/airflow/example_dags/example_trigger_target_dag.py
[2025-01-19T03:51:26.507+0000] {processor.py:925} INFO - DAG(s) 'example_trigger_target_dag' retrieved from /home/vscode/.local/lib/python3.10/site-packages/airflow/example_dags/example_trigger_target_dag.py
[2025-01-19T03:51:26.518+0000] {logging_mixin.py:190} INFO - [2025-01-19T03:51:26.518+0000] {dag.py:3239} INFO - Sync 1 DAGs
[2025-01-19T03:51:26.538+0000] {logging_mixin.py:190} INFO - [2025-01-19T03:51:26.538+0000] {dag.py:4180} INFO - Setting next_dagrun for example_trigger_target_dag to None, run_after=None
[2025-01-19T03:51:26.559+0000] {processor.py:208} INFO - Processing /home/vscode/.local/lib/python3.10/site-packages/airflow/example_dags/example_trigger_target_dag.py took 0.064 seconds
[2025-01-19T03:55:00.760+0000] {processor.py:186} INFO - Started process (PID=20152) to work on /home/vscode/.local/lib/python3.10/site-packages/airflow/example_dags/example_trigger_target_dag.py
[2025-01-19T03:55:00.760+0000] {processor.py:914} INFO - Processing file /home/vscode/.local/lib/python3.10/site-packages/airflow/example_dags/example_trigger_target_dag.py for tasks to queue
[2025-01-19T03:55:00.762+0000] {logging_mixin.py:190} INFO - [2025-01-19T03:55:00.762+0000] {dagbag.py:588} INFO - Filling up the DagBag from /home/vscode/.local/lib/python3.10/site-packages/airflow/example_dags/example_trigger_target_dag.py
[2025-01-19T03:55:00.768+0000] {processor.py:925} INFO - DAG(s) 'example_trigger_target_dag' retrieved from /home/vscode/.local/lib/python3.10/site-packages/airflow/example_dags/example_trigger_target_dag.py
[2025-01-19T03:55:00.780+0000] {logging_mixin.py:190} INFO - [2025-01-19T03:55:00.780+0000] {dag.py:3239} INFO - Sync 1 DAGs
[2025-01-19T03:55:00.790+0000] {logging_mixin.py:190} INFO - [2025-01-19T03:55:00.790+0000] {dag.py:4180} INFO - Setting next_dagrun for example_trigger_target_dag to None, run_after=None
[2025-01-19T03:55:00.805+0000] {processor.py:208} INFO - Processing /home/vscode/.local/lib/python3.10/site-packages/airflow/example_dags/example_trigger_target_dag.py took 0.049 seconds
[2025-01-19T03:55:56.175+0000] {processor.py:186} INFO - Started process (PID=20524) to work on /home/vscode/.local/lib/python3.10/site-packages/airflow/example_dags/example_trigger_target_dag.py
[2025-01-19T03:55:56.176+0000] {processor.py:914} INFO - Processing file /home/vscode/.local/lib/python3.10/site-packages/airflow/example_dags/example_trigger_target_dag.py for tasks to queue
[2025-01-19T03:55:56.178+0000] {logging_mixin.py:190} INFO - [2025-01-19T03:55:56.177+0000] {dagbag.py:588} INFO - Filling up the DagBag from /home/vscode/.local/lib/python3.10/site-packages/airflow/example_dags/example_trigger_target_dag.py
[2025-01-19T03:55:56.184+0000] {processor.py:925} INFO - DAG(s) 'example_trigger_target_dag' retrieved from /home/vscode/.local/lib/python3.10/site-packages/airflow/example_dags/example_trigger_target_dag.py
[2025-01-19T03:55:56.195+0000] {logging_mixin.py:190} INFO - [2025-01-19T03:55:56.195+0000] {dag.py:3239} INFO - Sync 1 DAGs
[2025-01-19T03:55:56.204+0000] {logging_mixin.py:190} INFO - [2025-01-19T03:55:56.204+0000] {dag.py:4180} INFO - Setting next_dagrun for example_trigger_target_dag to None, run_after=None
[2025-01-19T03:55:56.218+0000] {processor.py:208} INFO - Processing /home/vscode/.local/lib/python3.10/site-packages/airflow/example_dags/example_trigger_target_dag.py took 0.047 seconds
[2025-01-19T03:56:48.481+0000] {processor.py:186} INFO - Started process (PID=20873) to work on /home/vscode/.local/lib/python3.10/site-packages/airflow/example_dags/example_trigger_target_dag.py
[2025-01-19T03:56:48.482+0000] {processor.py:914} INFO - Processing file /home/vscode/.local/lib/python3.10/site-packages/airflow/example_dags/example_trigger_target_dag.py for tasks to queue
[2025-01-19T03:56:48.484+0000] {logging_mixin.py:190} INFO - [2025-01-19T03:56:48.484+0000] {dagbag.py:588} INFO - Filling up the DagBag from /home/vscode/.local/lib/python3.10/site-packages/airflow/example_dags/example_trigger_target_dag.py
[2025-01-19T03:56:48.493+0000] {processor.py:925} INFO - DAG(s) 'example_trigger_target_dag' retrieved from /home/vscode/.local/lib/python3.10/site-packages/airflow/example_dags/example_trigger_target_dag.py
[2025-01-19T03:56:48.511+0000] {logging_mixin.py:190} INFO - [2025-01-19T03:56:48.510+0000] {dag.py:3239} INFO - Sync 1 DAGs
[2025-01-19T03:56:48.525+0000] {logging_mixin.py:190} INFO - [2025-01-19T03:56:48.525+0000] {dag.py:4180} INFO - Setting next_dagrun for example_trigger_target_dag to None, run_after=None
[2025-01-19T03:56:48.542+0000] {processor.py:208} INFO - Processing /home/vscode/.local/lib/python3.10/site-packages/airflow/example_dags/example_trigger_target_dag.py took 0.065 seconds
[2025-01-19T03:57:41.555+0000] {processor.py:186} INFO - Started process (PID=21241) to work on /home/vscode/.local/lib/python3.10/site-packages/airflow/example_dags/example_trigger_target_dag.py
[2025-01-19T03:57:41.555+0000] {processor.py:914} INFO - Processing file /home/vscode/.local/lib/python3.10/site-packages/airflow/example_dags/example_trigger_target_dag.py for tasks to queue
[2025-01-19T03:57:41.557+0000] {logging_mixin.py:190} INFO - [2025-01-19T03:57:41.557+0000] {dagbag.py:588} INFO - Filling up the DagBag from /home/vscode/.local/lib/python3.10/site-packages/airflow/example_dags/example_trigger_target_dag.py
[2025-01-19T03:57:41.563+0000] {processor.py:925} INFO - DAG(s) 'example_trigger_target_dag' retrieved from /home/vscode/.local/lib/python3.10/site-packages/airflow/example_dags/example_trigger_target_dag.py
[2025-01-19T03:57:41.574+0000] {logging_mixin.py:190} INFO - [2025-01-19T03:57:41.574+0000] {dag.py:3239} INFO - Sync 1 DAGs
[2025-01-19T03:57:41.584+0000] {logging_mixin.py:190} INFO - [2025-01-19T03:57:41.584+0000] {dag.py:4180} INFO - Setting next_dagrun for example_trigger_target_dag to None, run_after=None
[2025-01-19T03:57:41.599+0000] {processor.py:208} INFO - Processing /home/vscode/.local/lib/python3.10/site-packages/airflow/example_dags/example_trigger_target_dag.py took 0.049 seconds
[2025-01-19T03:58:29.997+0000] {processor.py:186} INFO - Started process (PID=21569) to work on /home/vscode/.local/lib/python3.10/site-packages/airflow/example_dags/example_trigger_target_dag.py
[2025-01-19T03:58:29.998+0000] {processor.py:914} INFO - Processing file /home/vscode/.local/lib/python3.10/site-packages/airflow/example_dags/example_trigger_target_dag.py for tasks to queue
[2025-01-19T03:58:30.000+0000] {logging_mixin.py:190} INFO - [2025-01-19T03:58:29.999+0000] {dagbag.py:588} INFO - Filling up the DagBag from /home/vscode/.local/lib/python3.10/site-packages/airflow/example_dags/example_trigger_target_dag.py
[2025-01-19T03:58:30.006+0000] {processor.py:925} INFO - DAG(s) 'example_trigger_target_dag' retrieved from /home/vscode/.local/lib/python3.10/site-packages/airflow/example_dags/example_trigger_target_dag.py
[2025-01-19T03:58:30.017+0000] {logging_mixin.py:190} INFO - [2025-01-19T03:58:30.017+0000] {dag.py:3239} INFO - Sync 1 DAGs
[2025-01-19T03:58:30.026+0000] {logging_mixin.py:190} INFO - [2025-01-19T03:58:30.026+0000] {dag.py:4180} INFO - Setting next_dagrun for example_trigger_target_dag to None, run_after=None
[2025-01-19T03:58:30.040+0000] {processor.py:208} INFO - Processing /home/vscode/.local/lib/python3.10/site-packages/airflow/example_dags/example_trigger_target_dag.py took 0.048 seconds
[2025-01-19T03:59:21.816+0000] {processor.py:186} INFO - Started process (PID=21928) to work on /home/vscode/.local/lib/python3.10/site-packages/airflow/example_dags/example_trigger_target_dag.py
[2025-01-19T03:59:21.817+0000] {processor.py:914} INFO - Processing file /home/vscode/.local/lib/python3.10/site-packages/airflow/example_dags/example_trigger_target_dag.py for tasks to queue
[2025-01-19T03:59:21.819+0000] {logging_mixin.py:190} INFO - [2025-01-19T03:59:21.818+0000] {dagbag.py:588} INFO - Filling up the DagBag from /home/vscode/.local/lib/python3.10/site-packages/airflow/example_dags/example_trigger_target_dag.py
[2025-01-19T03:59:21.825+0000] {processor.py:925} INFO - DAG(s) 'example_trigger_target_dag' retrieved from /home/vscode/.local/lib/python3.10/site-packages/airflow/example_dags/example_trigger_target_dag.py
[2025-01-19T03:59:21.836+0000] {logging_mixin.py:190} INFO - [2025-01-19T03:59:21.836+0000] {dag.py:3239} INFO - Sync 1 DAGs
[2025-01-19T03:59:21.845+0000] {logging_mixin.py:190} INFO - [2025-01-19T03:59:21.845+0000] {dag.py:4180} INFO - Setting next_dagrun for example_trigger_target_dag to None, run_after=None
[2025-01-19T03:59:21.859+0000] {processor.py:208} INFO - Processing /home/vscode/.local/lib/python3.10/site-packages/airflow/example_dags/example_trigger_target_dag.py took 0.047 seconds
[2025-01-19T04:00:13.638+0000] {processor.py:186} INFO - Started process (PID=22273) to work on /home/vscode/.local/lib/python3.10/site-packages/airflow/example_dags/example_trigger_target_dag.py
[2025-01-19T04:00:13.639+0000] {processor.py:914} INFO - Processing file /home/vscode/.local/lib/python3.10/site-packages/airflow/example_dags/example_trigger_target_dag.py for tasks to queue
[2025-01-19T04:00:13.641+0000] {logging_mixin.py:190} INFO - [2025-01-19T04:00:13.640+0000] {dagbag.py:588} INFO - Filling up the DagBag from /home/vscode/.local/lib/python3.10/site-packages/airflow/example_dags/example_trigger_target_dag.py
[2025-01-19T04:00:13.647+0000] {processor.py:925} INFO - DAG(s) 'example_trigger_target_dag' retrieved from /home/vscode/.local/lib/python3.10/site-packages/airflow/example_dags/example_trigger_target_dag.py
[2025-01-19T04:00:13.658+0000] {logging_mixin.py:190} INFO - [2025-01-19T04:00:13.657+0000] {dag.py:3239} INFO - Sync 1 DAGs
[2025-01-19T04:00:13.667+0000] {logging_mixin.py:190} INFO - [2025-01-19T04:00:13.667+0000] {dag.py:4180} INFO - Setting next_dagrun for example_trigger_target_dag to None, run_after=None
[2025-01-19T04:00:13.680+0000] {processor.py:208} INFO - Processing /home/vscode/.local/lib/python3.10/site-packages/airflow/example_dags/example_trigger_target_dag.py took 0.047 seconds
[2025-01-19T04:01:04.537+0000] {processor.py:186} INFO - Started process (PID=22622) to work on /home/vscode/.local/lib/python3.10/site-packages/airflow/example_dags/example_trigger_target_dag.py
[2025-01-19T04:01:04.538+0000] {processor.py:914} INFO - Processing file /home/vscode/.local/lib/python3.10/site-packages/airflow/example_dags/example_trigger_target_dag.py for tasks to queue
[2025-01-19T04:01:04.539+0000] {logging_mixin.py:190} INFO - [2025-01-19T04:01:04.539+0000] {dagbag.py:588} INFO - Filling up the DagBag from /home/vscode/.local/lib/python3.10/site-packages/airflow/example_dags/example_trigger_target_dag.py
[2025-01-19T04:01:04.546+0000] {processor.py:925} INFO - DAG(s) 'example_trigger_target_dag' retrieved from /home/vscode/.local/lib/python3.10/site-packages/airflow/example_dags/example_trigger_target_dag.py
[2025-01-19T04:01:04.557+0000] {logging_mixin.py:190} INFO - [2025-01-19T04:01:04.557+0000] {dag.py:3239} INFO - Sync 1 DAGs
[2025-01-19T04:01:04.567+0000] {logging_mixin.py:190} INFO - [2025-01-19T04:01:04.567+0000] {dag.py:4180} INFO - Setting next_dagrun for example_trigger_target_dag to None, run_after=None
[2025-01-19T04:01:04.582+0000] {processor.py:208} INFO - Processing /home/vscode/.local/lib/python3.10/site-packages/airflow/example_dags/example_trigger_target_dag.py took 0.049 seconds
[2025-01-19T04:01:56.050+0000] {processor.py:186} INFO - Started process (PID=22966) to work on /home/vscode/.local/lib/python3.10/site-packages/airflow/example_dags/example_trigger_target_dag.py
[2025-01-19T04:01:56.051+0000] {processor.py:914} INFO - Processing file /home/vscode/.local/lib/python3.10/site-packages/airflow/example_dags/example_trigger_target_dag.py for tasks to queue
[2025-01-19T04:01:56.053+0000] {logging_mixin.py:190} INFO - [2025-01-19T04:01:56.053+0000] {dagbag.py:588} INFO - Filling up the DagBag from /home/vscode/.local/lib/python3.10/site-packages/airflow/example_dags/example_trigger_target_dag.py
[2025-01-19T04:01:56.062+0000] {processor.py:925} INFO - DAG(s) 'example_trigger_target_dag' retrieved from /home/vscode/.local/lib/python3.10/site-packages/airflow/example_dags/example_trigger_target_dag.py
[2025-01-19T04:01:56.079+0000] {logging_mixin.py:190} INFO - [2025-01-19T04:01:56.079+0000] {dag.py:3239} INFO - Sync 1 DAGs
[2025-01-19T04:01:56.093+0000] {logging_mixin.py:190} INFO - [2025-01-19T04:01:56.093+0000] {dag.py:4180} INFO - Setting next_dagrun for example_trigger_target_dag to None, run_after=None
[2025-01-19T04:01:56.109+0000] {processor.py:208} INFO - Processing /home/vscode/.local/lib/python3.10/site-packages/airflow/example_dags/example_trigger_target_dag.py took 0.067 seconds
[2025-01-19T04:02:47.571+0000] {processor.py:186} INFO - Started process (PID=23387) to work on /home/vscode/.local/lib/python3.10/site-packages/airflow/example_dags/example_trigger_target_dag.py
[2025-01-19T04:02:47.572+0000] {processor.py:914} INFO - Processing file /home/vscode/.local/lib/python3.10/site-packages/airflow/example_dags/example_trigger_target_dag.py for tasks to queue
[2025-01-19T04:02:47.573+0000] {logging_mixin.py:190} INFO - [2025-01-19T04:02:47.573+0000] {dagbag.py:588} INFO - Filling up the DagBag from /home/vscode/.local/lib/python3.10/site-packages/airflow/example_dags/example_trigger_target_dag.py
[2025-01-19T04:02:47.581+0000] {processor.py:925} INFO - DAG(s) 'example_trigger_target_dag' retrieved from /home/vscode/.local/lib/python3.10/site-packages/airflow/example_dags/example_trigger_target_dag.py
[2025-01-19T04:02:47.597+0000] {logging_mixin.py:190} INFO - [2025-01-19T04:02:47.597+0000] {dag.py:3239} INFO - Sync 1 DAGs
[2025-01-19T04:02:47.612+0000] {logging_mixin.py:190} INFO - [2025-01-19T04:02:47.612+0000] {dag.py:4180} INFO - Setting next_dagrun for example_trigger_target_dag to None, run_after=None
[2025-01-19T04:02:47.631+0000] {processor.py:208} INFO - Processing /home/vscode/.local/lib/python3.10/site-packages/airflow/example_dags/example_trigger_target_dag.py took 0.065 seconds
