[2025-01-19T03:20:45.025+0000] {processor.py:186} INFO - Started process (PID=4995) to work on /home/vscode/.local/lib/python3.10/site-packages/airflow/example_dags/example_time_delta_sensor_async.py
[2025-01-19T03:20:45.026+0000] {processor.py:914} INFO - Processing file /home/vscode/.local/lib/python3.10/site-packages/airflow/example_dags/example_time_delta_sensor_async.py for tasks to queue
[2025-01-19T03:20:45.027+0000] {logging_mixin.py:190} INFO - [2025-01-19T03:20:45.027+0000] {dagbag.py:588} INFO - Filling up the DagBag from /home/vscode/.local/lib/python3.10/site-packages/airflow/example_dags/example_time_delta_sensor_async.py
[2025-01-19T03:20:45.033+0000] {processor.py:925} INFO - DAG(s) 'example_time_delta_sensor_async' retrieved from /home/vscode/.local/lib/python3.10/site-packages/airflow/example_dags/example_time_delta_sensor_async.py
[2025-01-19T03:20:45.111+0000] {logging_mixin.py:190} INFO - [2025-01-19T03:20:45.110+0000] {override.py:1911} INFO - Created Permission View: can read on DAG:example_time_delta_sensor_async
[2025-01-19T03:20:45.119+0000] {logging_mixin.py:190} INFO - [2025-01-19T03:20:45.119+0000] {override.py:1911} INFO - Created Permission View: can edit on DAG:example_time_delta_sensor_async
[2025-01-19T03:20:45.126+0000] {logging_mixin.py:190} INFO - [2025-01-19T03:20:45.126+0000] {override.py:1911} INFO - Created Permission View: can delete on DAG:example_time_delta_sensor_async
[2025-01-19T03:20:45.134+0000] {logging_mixin.py:190} INFO - [2025-01-19T03:20:45.134+0000] {override.py:1911} INFO - Created Permission View: menu access on DAG Run:example_time_delta_sensor_async
[2025-01-19T03:20:45.140+0000] {logging_mixin.py:190} INFO - [2025-01-19T03:20:45.140+0000] {override.py:1911} INFO - Created Permission View: can read on DAG Run:example_time_delta_sensor_async
[2025-01-19T03:20:45.146+0000] {logging_mixin.py:190} INFO - [2025-01-19T03:20:45.146+0000] {override.py:1911} INFO - Created Permission View: can create on DAG Run:example_time_delta_sensor_async
[2025-01-19T03:20:45.153+0000] {logging_mixin.py:190} INFO - [2025-01-19T03:20:45.153+0000] {override.py:1911} INFO - Created Permission View: can delete on DAG Run:example_time_delta_sensor_async
[2025-01-19T03:20:45.153+0000] {logging_mixin.py:190} INFO - [2025-01-19T03:20:45.153+0000] {dag.py:3239} INFO - Sync 1 DAGs
[2025-01-19T03:20:45.162+0000] {logging_mixin.py:190} INFO - [2025-01-19T03:20:45.162+0000] {dag.py:3262} INFO - Creating ORM DAG for example_time_delta_sensor_async
[2025-01-19T03:20:45.163+0000] {logging_mixin.py:190} INFO - [2025-01-19T03:20:45.163+0000] {dag.py:4180} INFO - Setting next_dagrun for example_time_delta_sensor_async to None, run_after=None
[2025-01-19T03:20:45.176+0000] {processor.py:208} INFO - Processing /home/vscode/.local/lib/python3.10/site-packages/airflow/example_dags/example_time_delta_sensor_async.py took 0.156 seconds
[2025-01-19T03:21:46.597+0000] {processor.py:186} INFO - Started process (PID=5546) to work on /home/vscode/.local/lib/python3.10/site-packages/airflow/example_dags/example_time_delta_sensor_async.py
[2025-01-19T03:21:46.598+0000] {processor.py:914} INFO - Processing file /home/vscode/.local/lib/python3.10/site-packages/airflow/example_dags/example_time_delta_sensor_async.py for tasks to queue
[2025-01-19T03:21:46.599+0000] {logging_mixin.py:190} INFO - [2025-01-19T03:21:46.599+0000] {dagbag.py:588} INFO - Filling up the DagBag from /home/vscode/.local/lib/python3.10/site-packages/airflow/example_dags/example_time_delta_sensor_async.py
[2025-01-19T03:21:46.605+0000] {processor.py:925} INFO - DAG(s) 'example_time_delta_sensor_async' retrieved from /home/vscode/.local/lib/python3.10/site-packages/airflow/example_dags/example_time_delta_sensor_async.py
[2025-01-19T03:21:46.616+0000] {logging_mixin.py:190} INFO - [2025-01-19T03:21:46.616+0000] {dag.py:3239} INFO - Sync 1 DAGs
[2025-01-19T03:21:46.626+0000] {logging_mixin.py:190} INFO - [2025-01-19T03:21:46.626+0000] {dag.py:4180} INFO - Setting next_dagrun for example_time_delta_sensor_async to None, run_after=None
[2025-01-19T03:21:46.640+0000] {processor.py:208} INFO - Processing /home/vscode/.local/lib/python3.10/site-packages/airflow/example_dags/example_time_delta_sensor_async.py took 0.047 seconds
[2025-01-19T03:22:39.161+0000] {processor.py:186} INFO - Started process (PID=5939) to work on /home/vscode/.local/lib/python3.10/site-packages/airflow/example_dags/example_time_delta_sensor_async.py
[2025-01-19T03:22:39.162+0000] {processor.py:914} INFO - Processing file /home/vscode/.local/lib/python3.10/site-packages/airflow/example_dags/example_time_delta_sensor_async.py for tasks to queue
[2025-01-19T03:22:39.163+0000] {logging_mixin.py:190} INFO - [2025-01-19T03:22:39.163+0000] {dagbag.py:588} INFO - Filling up the DagBag from /home/vscode/.local/lib/python3.10/site-packages/airflow/example_dags/example_time_delta_sensor_async.py
[2025-01-19T03:22:39.169+0000] {processor.py:925} INFO - DAG(s) 'example_time_delta_sensor_async' retrieved from /home/vscode/.local/lib/python3.10/site-packages/airflow/example_dags/example_time_delta_sensor_async.py
[2025-01-19T03:22:39.179+0000] {logging_mixin.py:190} INFO - [2025-01-19T03:22:39.179+0000] {dag.py:3239} INFO - Sync 1 DAGs
[2025-01-19T03:22:39.188+0000] {logging_mixin.py:190} INFO - [2025-01-19T03:22:39.188+0000] {dag.py:4180} INFO - Setting next_dagrun for example_time_delta_sensor_async to None, run_after=None
[2025-01-19T03:22:39.203+0000] {processor.py:208} INFO - Processing /home/vscode/.local/lib/python3.10/site-packages/airflow/example_dags/example_time_delta_sensor_async.py took 0.048 seconds
[2025-01-19T03:23:27.108+0000] {processor.py:186} INFO - Started process (PID=6337) to work on /home/vscode/.local/lib/python3.10/site-packages/airflow/example_dags/example_time_delta_sensor_async.py
[2025-01-19T03:23:27.109+0000] {processor.py:914} INFO - Processing file /home/vscode/.local/lib/python3.10/site-packages/airflow/example_dags/example_time_delta_sensor_async.py for tasks to queue
[2025-01-19T03:23:27.110+0000] {logging_mixin.py:190} INFO - [2025-01-19T03:23:27.110+0000] {dagbag.py:588} INFO - Filling up the DagBag from /home/vscode/.local/lib/python3.10/site-packages/airflow/example_dags/example_time_delta_sensor_async.py
[2025-01-19T03:23:27.116+0000] {processor.py:925} INFO - DAG(s) 'example_time_delta_sensor_async' retrieved from /home/vscode/.local/lib/python3.10/site-packages/airflow/example_dags/example_time_delta_sensor_async.py
[2025-01-19T03:23:27.129+0000] {logging_mixin.py:190} INFO - [2025-01-19T03:23:27.128+0000] {dag.py:3239} INFO - Sync 1 DAGs
[2025-01-19T03:23:27.144+0000] {logging_mixin.py:190} INFO - [2025-01-19T03:23:27.143+0000] {dag.py:4180} INFO - Setting next_dagrun for example_time_delta_sensor_async to None, run_after=None
[2025-01-19T03:23:27.174+0000] {processor.py:208} INFO - Processing /home/vscode/.local/lib/python3.10/site-packages/airflow/example_dags/example_time_delta_sensor_async.py took 0.070 seconds
[2025-01-19T03:24:20.027+0000] {processor.py:186} INFO - Started process (PID=6755) to work on /home/vscode/.local/lib/python3.10/site-packages/airflow/example_dags/example_time_delta_sensor_async.py
[2025-01-19T03:24:20.028+0000] {processor.py:914} INFO - Processing file /home/vscode/.local/lib/python3.10/site-packages/airflow/example_dags/example_time_delta_sensor_async.py for tasks to queue
[2025-01-19T03:24:20.030+0000] {logging_mixin.py:190} INFO - [2025-01-19T03:24:20.029+0000] {dagbag.py:588} INFO - Filling up the DagBag from /home/vscode/.local/lib/python3.10/site-packages/airflow/example_dags/example_time_delta_sensor_async.py
[2025-01-19T03:24:20.035+0000] {processor.py:925} INFO - DAG(s) 'example_time_delta_sensor_async' retrieved from /home/vscode/.local/lib/python3.10/site-packages/airflow/example_dags/example_time_delta_sensor_async.py
[2025-01-19T03:24:20.046+0000] {logging_mixin.py:190} INFO - [2025-01-19T03:24:20.046+0000] {dag.py:3239} INFO - Sync 1 DAGs
[2025-01-19T03:24:20.055+0000] {logging_mixin.py:190} INFO - [2025-01-19T03:24:20.055+0000] {dag.py:4180} INFO - Setting next_dagrun for example_time_delta_sensor_async to None, run_after=None
[2025-01-19T03:24:20.069+0000] {processor.py:208} INFO - Processing /home/vscode/.local/lib/python3.10/site-packages/airflow/example_dags/example_time_delta_sensor_async.py took 0.047 seconds
[2025-01-19T03:25:11.853+0000] {processor.py:186} INFO - Started process (PID=7150) to work on /home/vscode/.local/lib/python3.10/site-packages/airflow/example_dags/example_time_delta_sensor_async.py
[2025-01-19T03:25:11.854+0000] {processor.py:914} INFO - Processing file /home/vscode/.local/lib/python3.10/site-packages/airflow/example_dags/example_time_delta_sensor_async.py for tasks to queue
[2025-01-19T03:25:11.856+0000] {logging_mixin.py:190} INFO - [2025-01-19T03:25:11.856+0000] {dagbag.py:588} INFO - Filling up the DagBag from /home/vscode/.local/lib/python3.10/site-packages/airflow/example_dags/example_time_delta_sensor_async.py
[2025-01-19T03:25:11.862+0000] {processor.py:925} INFO - DAG(s) 'example_time_delta_sensor_async' retrieved from /home/vscode/.local/lib/python3.10/site-packages/airflow/example_dags/example_time_delta_sensor_async.py
[2025-01-19T03:25:11.874+0000] {logging_mixin.py:190} INFO - [2025-01-19T03:25:11.874+0000] {dag.py:3239} INFO - Sync 1 DAGs
[2025-01-19T03:25:11.884+0000] {logging_mixin.py:190} INFO - [2025-01-19T03:25:11.884+0000] {dag.py:4180} INFO - Setting next_dagrun for example_time_delta_sensor_async to None, run_after=None
[2025-01-19T03:25:11.898+0000] {processor.py:208} INFO - Processing /home/vscode/.local/lib/python3.10/site-packages/airflow/example_dags/example_time_delta_sensor_async.py took 0.050 seconds
[2025-01-19T03:26:02.006+0000] {processor.py:186} INFO - Started process (PID=7567) to work on /home/vscode/.local/lib/python3.10/site-packages/airflow/example_dags/example_time_delta_sensor_async.py
[2025-01-19T03:26:02.007+0000] {processor.py:914} INFO - Processing file /home/vscode/.local/lib/python3.10/site-packages/airflow/example_dags/example_time_delta_sensor_async.py for tasks to queue
[2025-01-19T03:26:02.009+0000] {logging_mixin.py:190} INFO - [2025-01-19T03:26:02.008+0000] {dagbag.py:588} INFO - Filling up the DagBag from /home/vscode/.local/lib/python3.10/site-packages/airflow/example_dags/example_time_delta_sensor_async.py
[2025-01-19T03:26:02.014+0000] {processor.py:925} INFO - DAG(s) 'example_time_delta_sensor_async' retrieved from /home/vscode/.local/lib/python3.10/site-packages/airflow/example_dags/example_time_delta_sensor_async.py
[2025-01-19T03:26:02.026+0000] {logging_mixin.py:190} INFO - [2025-01-19T03:26:02.026+0000] {dag.py:3239} INFO - Sync 1 DAGs
[2025-01-19T03:26:02.035+0000] {logging_mixin.py:190} INFO - [2025-01-19T03:26:02.035+0000] {dag.py:4180} INFO - Setting next_dagrun for example_time_delta_sensor_async to None, run_after=None
[2025-01-19T03:26:02.050+0000] {processor.py:208} INFO - Processing /home/vscode/.local/lib/python3.10/site-packages/airflow/example_dags/example_time_delta_sensor_async.py took 0.048 seconds
[2025-01-19T03:26:54.650+0000] {processor.py:186} INFO - Started process (PID=7977) to work on /home/vscode/.local/lib/python3.10/site-packages/airflow/example_dags/example_time_delta_sensor_async.py
[2025-01-19T03:26:54.650+0000] {processor.py:914} INFO - Processing file /home/vscode/.local/lib/python3.10/site-packages/airflow/example_dags/example_time_delta_sensor_async.py for tasks to queue
[2025-01-19T03:26:54.652+0000] {logging_mixin.py:190} INFO - [2025-01-19T03:26:54.652+0000] {dagbag.py:588} INFO - Filling up the DagBag from /home/vscode/.local/lib/python3.10/site-packages/airflow/example_dags/example_time_delta_sensor_async.py
[2025-01-19T03:26:54.657+0000] {processor.py:925} INFO - DAG(s) 'example_time_delta_sensor_async' retrieved from /home/vscode/.local/lib/python3.10/site-packages/airflow/example_dags/example_time_delta_sensor_async.py
[2025-01-19T03:26:54.668+0000] {logging_mixin.py:190} INFO - [2025-01-19T03:26:54.668+0000] {dag.py:3239} INFO - Sync 1 DAGs
[2025-01-19T03:26:54.677+0000] {logging_mixin.py:190} INFO - [2025-01-19T03:26:54.677+0000] {dag.py:4180} INFO - Setting next_dagrun for example_time_delta_sensor_async to None, run_after=None
[2025-01-19T03:26:54.692+0000] {processor.py:208} INFO - Processing /home/vscode/.local/lib/python3.10/site-packages/airflow/example_dags/example_time_delta_sensor_async.py took 0.046 seconds
[2025-01-19T03:27:47.808+0000] {processor.py:186} INFO - Started process (PID=8367) to work on /home/vscode/.local/lib/python3.10/site-packages/airflow/example_dags/example_time_delta_sensor_async.py
[2025-01-19T03:27:47.809+0000] {processor.py:914} INFO - Processing file /home/vscode/.local/lib/python3.10/site-packages/airflow/example_dags/example_time_delta_sensor_async.py for tasks to queue
[2025-01-19T03:27:47.811+0000] {logging_mixin.py:190} INFO - [2025-01-19T03:27:47.811+0000] {dagbag.py:588} INFO - Filling up the DagBag from /home/vscode/.local/lib/python3.10/site-packages/airflow/example_dags/example_time_delta_sensor_async.py
[2025-01-19T03:27:47.816+0000] {processor.py:925} INFO - DAG(s) 'example_time_delta_sensor_async' retrieved from /home/vscode/.local/lib/python3.10/site-packages/airflow/example_dags/example_time_delta_sensor_async.py
[2025-01-19T03:27:47.827+0000] {logging_mixin.py:190} INFO - [2025-01-19T03:27:47.827+0000] {dag.py:3239} INFO - Sync 1 DAGs
[2025-01-19T03:27:47.837+0000] {logging_mixin.py:190} INFO - [2025-01-19T03:27:47.836+0000] {dag.py:4180} INFO - Setting next_dagrun for example_time_delta_sensor_async to None, run_after=None
[2025-01-19T03:27:47.851+0000] {processor.py:208} INFO - Processing /home/vscode/.local/lib/python3.10/site-packages/airflow/example_dags/example_time_delta_sensor_async.py took 0.047 seconds
[2025-01-19T03:28:41.799+0000] {processor.py:186} INFO - Started process (PID=8853) to work on /home/vscode/.local/lib/python3.10/site-packages/airflow/example_dags/example_time_delta_sensor_async.py
[2025-01-19T03:28:41.799+0000] {processor.py:914} INFO - Processing file /home/vscode/.local/lib/python3.10/site-packages/airflow/example_dags/example_time_delta_sensor_async.py for tasks to queue
[2025-01-19T03:28:41.801+0000] {logging_mixin.py:190} INFO - [2025-01-19T03:28:41.801+0000] {dagbag.py:588} INFO - Filling up the DagBag from /home/vscode/.local/lib/python3.10/site-packages/airflow/example_dags/example_time_delta_sensor_async.py
[2025-01-19T03:28:41.806+0000] {processor.py:925} INFO - DAG(s) 'example_time_delta_sensor_async' retrieved from /home/vscode/.local/lib/python3.10/site-packages/airflow/example_dags/example_time_delta_sensor_async.py
[2025-01-19T03:28:41.817+0000] {logging_mixin.py:190} INFO - [2025-01-19T03:28:41.817+0000] {dag.py:3239} INFO - Sync 1 DAGs
[2025-01-19T03:28:41.826+0000] {logging_mixin.py:190} INFO - [2025-01-19T03:28:41.826+0000] {dag.py:4180} INFO - Setting next_dagrun for example_time_delta_sensor_async to None, run_after=None
[2025-01-19T03:28:41.841+0000] {processor.py:208} INFO - Processing /home/vscode/.local/lib/python3.10/site-packages/airflow/example_dags/example_time_delta_sensor_async.py took 0.047 seconds
[2025-01-19T03:29:33.620+0000] {processor.py:186} INFO - Started process (PID=9242) to work on /home/vscode/.local/lib/python3.10/site-packages/airflow/example_dags/example_time_delta_sensor_async.py
[2025-01-19T03:29:33.621+0000] {processor.py:914} INFO - Processing file /home/vscode/.local/lib/python3.10/site-packages/airflow/example_dags/example_time_delta_sensor_async.py for tasks to queue
[2025-01-19T03:29:33.624+0000] {logging_mixin.py:190} INFO - [2025-01-19T03:29:33.623+0000] {dagbag.py:588} INFO - Filling up the DagBag from /home/vscode/.local/lib/python3.10/site-packages/airflow/example_dags/example_time_delta_sensor_async.py
[2025-01-19T03:29:33.631+0000] {processor.py:925} INFO - DAG(s) 'example_time_delta_sensor_async' retrieved from /home/vscode/.local/lib/python3.10/site-packages/airflow/example_dags/example_time_delta_sensor_async.py
[2025-01-19T03:29:33.648+0000] {logging_mixin.py:190} INFO - [2025-01-19T03:29:33.647+0000] {dag.py:3239} INFO - Sync 1 DAGs
[2025-01-19T03:29:33.661+0000] {logging_mixin.py:190} INFO - [2025-01-19T03:29:33.661+0000] {dag.py:4180} INFO - Setting next_dagrun for example_time_delta_sensor_async to None, run_after=None
[2025-01-19T03:29:33.678+0000] {processor.py:208} INFO - Processing /home/vscode/.local/lib/python3.10/site-packages/airflow/example_dags/example_time_delta_sensor_async.py took 0.064 seconds
[2025-01-19T03:30:24.361+0000] {processor.py:186} INFO - Started process (PID=9584) to work on /home/vscode/.local/lib/python3.10/site-packages/airflow/example_dags/example_time_delta_sensor_async.py
[2025-01-19T03:30:24.362+0000] {processor.py:914} INFO - Processing file /home/vscode/.local/lib/python3.10/site-packages/airflow/example_dags/example_time_delta_sensor_async.py for tasks to queue
[2025-01-19T03:30:24.363+0000] {logging_mixin.py:190} INFO - [2025-01-19T03:30:24.363+0000] {dagbag.py:588} INFO - Filling up the DagBag from /home/vscode/.local/lib/python3.10/site-packages/airflow/example_dags/example_time_delta_sensor_async.py
[2025-01-19T03:30:24.369+0000] {processor.py:925} INFO - DAG(s) 'example_time_delta_sensor_async' retrieved from /home/vscode/.local/lib/python3.10/site-packages/airflow/example_dags/example_time_delta_sensor_async.py
[2025-01-19T03:30:24.381+0000] {logging_mixin.py:190} INFO - [2025-01-19T03:30:24.380+0000] {dag.py:3239} INFO - Sync 1 DAGs
[2025-01-19T03:30:24.390+0000] {logging_mixin.py:190} INFO - [2025-01-19T03:30:24.390+0000] {dag.py:4180} INFO - Setting next_dagrun for example_time_delta_sensor_async to None, run_after=None
[2025-01-19T03:30:24.404+0000] {processor.py:208} INFO - Processing /home/vscode/.local/lib/python3.10/site-packages/airflow/example_dags/example_time_delta_sensor_async.py took 0.049 seconds
[2025-01-19T03:31:09.784+0000] {processor.py:186} INFO - Started process (PID=9898) to work on /home/vscode/.local/lib/python3.10/site-packages/airflow/example_dags/example_time_delta_sensor_async.py
[2025-01-19T03:31:09.785+0000] {processor.py:914} INFO - Processing file /home/vscode/.local/lib/python3.10/site-packages/airflow/example_dags/example_time_delta_sensor_async.py for tasks to queue
[2025-01-19T03:31:09.786+0000] {logging_mixin.py:190} INFO - [2025-01-19T03:31:09.786+0000] {dagbag.py:588} INFO - Filling up the DagBag from /home/vscode/.local/lib/python3.10/site-packages/airflow/example_dags/example_time_delta_sensor_async.py
[2025-01-19T03:31:09.792+0000] {processor.py:925} INFO - DAG(s) 'example_time_delta_sensor_async' retrieved from /home/vscode/.local/lib/python3.10/site-packages/airflow/example_dags/example_time_delta_sensor_async.py
[2025-01-19T03:31:09.803+0000] {logging_mixin.py:190} INFO - [2025-01-19T03:31:09.803+0000] {dag.py:3239} INFO - Sync 1 DAGs
[2025-01-19T03:31:09.812+0000] {logging_mixin.py:190} INFO - [2025-01-19T03:31:09.812+0000] {dag.py:4180} INFO - Setting next_dagrun for example_time_delta_sensor_async to None, run_after=None
[2025-01-19T03:31:09.826+0000] {processor.py:208} INFO - Processing /home/vscode/.local/lib/python3.10/site-packages/airflow/example_dags/example_time_delta_sensor_async.py took 0.046 seconds
[2025-01-19T03:31:59.759+0000] {processor.py:186} INFO - Started process (PID=10236) to work on /home/vscode/.local/lib/python3.10/site-packages/airflow/example_dags/example_time_delta_sensor_async.py
[2025-01-19T03:31:59.760+0000] {processor.py:914} INFO - Processing file /home/vscode/.local/lib/python3.10/site-packages/airflow/example_dags/example_time_delta_sensor_async.py for tasks to queue
[2025-01-19T03:31:59.761+0000] {logging_mixin.py:190} INFO - [2025-01-19T03:31:59.761+0000] {dagbag.py:588} INFO - Filling up the DagBag from /home/vscode/.local/lib/python3.10/site-packages/airflow/example_dags/example_time_delta_sensor_async.py
[2025-01-19T03:31:59.767+0000] {processor.py:925} INFO - DAG(s) 'example_time_delta_sensor_async' retrieved from /home/vscode/.local/lib/python3.10/site-packages/airflow/example_dags/example_time_delta_sensor_async.py
[2025-01-19T03:31:59.778+0000] {logging_mixin.py:190} INFO - [2025-01-19T03:31:59.778+0000] {dag.py:3239} INFO - Sync 1 DAGs
[2025-01-19T03:31:59.787+0000] {logging_mixin.py:190} INFO - [2025-01-19T03:31:59.787+0000] {dag.py:4180} INFO - Setting next_dagrun for example_time_delta_sensor_async to None, run_after=None
[2025-01-19T03:31:59.802+0000] {processor.py:208} INFO - Processing /home/vscode/.local/lib/python3.10/site-packages/airflow/example_dags/example_time_delta_sensor_async.py took 0.048 seconds
[2025-01-19T03:32:50.032+0000] {processor.py:186} INFO - Started process (PID=10715) to work on /home/vscode/.local/lib/python3.10/site-packages/airflow/example_dags/example_time_delta_sensor_async.py
[2025-01-19T03:32:50.033+0000] {processor.py:914} INFO - Processing file /home/vscode/.local/lib/python3.10/site-packages/airflow/example_dags/example_time_delta_sensor_async.py for tasks to queue
[2025-01-19T03:32:50.035+0000] {logging_mixin.py:190} INFO - [2025-01-19T03:32:50.035+0000] {dagbag.py:588} INFO - Filling up the DagBag from /home/vscode/.local/lib/python3.10/site-packages/airflow/example_dags/example_time_delta_sensor_async.py
[2025-01-19T03:32:50.040+0000] {processor.py:925} INFO - DAG(s) 'example_time_delta_sensor_async' retrieved from /home/vscode/.local/lib/python3.10/site-packages/airflow/example_dags/example_time_delta_sensor_async.py
[2025-01-19T03:32:50.053+0000] {logging_mixin.py:190} INFO - [2025-01-19T03:32:50.053+0000] {dag.py:3239} INFO - Sync 1 DAGs
[2025-01-19T03:32:50.062+0000] {logging_mixin.py:190} INFO - [2025-01-19T03:32:50.062+0000] {dag.py:4180} INFO - Setting next_dagrun for example_time_delta_sensor_async to None, run_after=None
[2025-01-19T03:32:50.076+0000] {processor.py:208} INFO - Processing /home/vscode/.local/lib/python3.10/site-packages/airflow/example_dags/example_time_delta_sensor_async.py took 0.048 seconds
[2025-01-19T03:33:41.511+0000] {processor.py:186} INFO - Started process (PID=11066) to work on /home/vscode/.local/lib/python3.10/site-packages/airflow/example_dags/example_time_delta_sensor_async.py
[2025-01-19T03:33:41.512+0000] {processor.py:914} INFO - Processing file /home/vscode/.local/lib/python3.10/site-packages/airflow/example_dags/example_time_delta_sensor_async.py for tasks to queue
[2025-01-19T03:33:41.513+0000] {logging_mixin.py:190} INFO - [2025-01-19T03:33:41.513+0000] {dagbag.py:588} INFO - Filling up the DagBag from /home/vscode/.local/lib/python3.10/site-packages/airflow/example_dags/example_time_delta_sensor_async.py
[2025-01-19T03:33:41.519+0000] {processor.py:925} INFO - DAG(s) 'example_time_delta_sensor_async' retrieved from /home/vscode/.local/lib/python3.10/site-packages/airflow/example_dags/example_time_delta_sensor_async.py
[2025-01-19T03:33:41.530+0000] {logging_mixin.py:190} INFO - [2025-01-19T03:33:41.530+0000] {dag.py:3239} INFO - Sync 1 DAGs
[2025-01-19T03:33:41.540+0000] {logging_mixin.py:190} INFO - [2025-01-19T03:33:41.539+0000] {dag.py:4180} INFO - Setting next_dagrun for example_time_delta_sensor_async to None, run_after=None
[2025-01-19T03:33:41.555+0000] {processor.py:208} INFO - Processing /home/vscode/.local/lib/python3.10/site-packages/airflow/example_dags/example_time_delta_sensor_async.py took 0.049 seconds
[2025-01-19T03:34:32.231+0000] {processor.py:186} INFO - Started process (PID=11435) to work on /home/vscode/.local/lib/python3.10/site-packages/airflow/example_dags/example_time_delta_sensor_async.py
[2025-01-19T03:34:32.232+0000] {processor.py:914} INFO - Processing file /home/vscode/.local/lib/python3.10/site-packages/airflow/example_dags/example_time_delta_sensor_async.py for tasks to queue
[2025-01-19T03:34:32.234+0000] {logging_mixin.py:190} INFO - [2025-01-19T03:34:32.234+0000] {dagbag.py:588} INFO - Filling up the DagBag from /home/vscode/.local/lib/python3.10/site-packages/airflow/example_dags/example_time_delta_sensor_async.py
[2025-01-19T03:34:32.239+0000] {processor.py:925} INFO - DAG(s) 'example_time_delta_sensor_async' retrieved from /home/vscode/.local/lib/python3.10/site-packages/airflow/example_dags/example_time_delta_sensor_async.py
[2025-01-19T03:34:32.250+0000] {logging_mixin.py:190} INFO - [2025-01-19T03:34:32.250+0000] {dag.py:3239} INFO - Sync 1 DAGs
[2025-01-19T03:34:32.259+0000] {logging_mixin.py:190} INFO - [2025-01-19T03:34:32.259+0000] {dag.py:4180} INFO - Setting next_dagrun for example_time_delta_sensor_async to None, run_after=None
[2025-01-19T03:34:32.278+0000] {processor.py:208} INFO - Processing /home/vscode/.local/lib/python3.10/site-packages/airflow/example_dags/example_time_delta_sensor_async.py took 0.051 seconds
[2025-01-19T03:35:21.416+0000] {processor.py:186} INFO - Started process (PID=11840) to work on /home/vscode/.local/lib/python3.10/site-packages/airflow/example_dags/example_time_delta_sensor_async.py
[2025-01-19T03:35:21.417+0000] {processor.py:914} INFO - Processing file /home/vscode/.local/lib/python3.10/site-packages/airflow/example_dags/example_time_delta_sensor_async.py for tasks to queue
[2025-01-19T03:35:21.419+0000] {logging_mixin.py:190} INFO - [2025-01-19T03:35:21.419+0000] {dagbag.py:588} INFO - Filling up the DagBag from /home/vscode/.local/lib/python3.10/site-packages/airflow/example_dags/example_time_delta_sensor_async.py
[2025-01-19T03:35:21.428+0000] {processor.py:925} INFO - DAG(s) 'example_time_delta_sensor_async' retrieved from /home/vscode/.local/lib/python3.10/site-packages/airflow/example_dags/example_time_delta_sensor_async.py
[2025-01-19T03:35:21.441+0000] {logging_mixin.py:190} INFO - [2025-01-19T03:35:21.441+0000] {dag.py:3239} INFO - Sync 1 DAGs
[2025-01-19T03:35:21.451+0000] {logging_mixin.py:190} INFO - [2025-01-19T03:35:21.451+0000] {dag.py:4180} INFO - Setting next_dagrun for example_time_delta_sensor_async to None, run_after=None
[2025-01-19T03:35:21.467+0000] {processor.py:208} INFO - Processing /home/vscode/.local/lib/python3.10/site-packages/airflow/example_dags/example_time_delta_sensor_async.py took 0.058 seconds
[2025-01-19T03:36:11.670+0000] {processor.py:186} INFO - Started process (PID=12219) to work on /home/vscode/.local/lib/python3.10/site-packages/airflow/example_dags/example_time_delta_sensor_async.py
[2025-01-19T03:36:11.671+0000] {processor.py:914} INFO - Processing file /home/vscode/.local/lib/python3.10/site-packages/airflow/example_dags/example_time_delta_sensor_async.py for tasks to queue
[2025-01-19T03:36:11.672+0000] {logging_mixin.py:190} INFO - [2025-01-19T03:36:11.672+0000] {dagbag.py:588} INFO - Filling up the DagBag from /home/vscode/.local/lib/python3.10/site-packages/airflow/example_dags/example_time_delta_sensor_async.py
[2025-01-19T03:36:11.678+0000] {processor.py:925} INFO - DAG(s) 'example_time_delta_sensor_async' retrieved from /home/vscode/.local/lib/python3.10/site-packages/airflow/example_dags/example_time_delta_sensor_async.py
[2025-01-19T03:36:11.693+0000] {logging_mixin.py:190} INFO - [2025-01-19T03:36:11.693+0000] {dag.py:3239} INFO - Sync 1 DAGs
[2025-01-19T03:36:11.708+0000] {logging_mixin.py:190} INFO - [2025-01-19T03:36:11.708+0000] {dag.py:4180} INFO - Setting next_dagrun for example_time_delta_sensor_async to None, run_after=None
[2025-01-19T03:36:11.728+0000] {processor.py:208} INFO - Processing /home/vscode/.local/lib/python3.10/site-packages/airflow/example_dags/example_time_delta_sensor_async.py took 0.063 seconds
[2025-01-19T03:37:00.273+0000] {processor.py:186} INFO - Started process (PID=12550) to work on /home/vscode/.local/lib/python3.10/site-packages/airflow/example_dags/example_time_delta_sensor_async.py
[2025-01-19T03:37:00.274+0000] {processor.py:914} INFO - Processing file /home/vscode/.local/lib/python3.10/site-packages/airflow/example_dags/example_time_delta_sensor_async.py for tasks to queue
[2025-01-19T03:37:00.276+0000] {logging_mixin.py:190} INFO - [2025-01-19T03:37:00.275+0000] {dagbag.py:588} INFO - Filling up the DagBag from /home/vscode/.local/lib/python3.10/site-packages/airflow/example_dags/example_time_delta_sensor_async.py
[2025-01-19T03:37:00.281+0000] {processor.py:925} INFO - DAG(s) 'example_time_delta_sensor_async' retrieved from /home/vscode/.local/lib/python3.10/site-packages/airflow/example_dags/example_time_delta_sensor_async.py
[2025-01-19T03:37:00.292+0000] {logging_mixin.py:190} INFO - [2025-01-19T03:37:00.292+0000] {dag.py:3239} INFO - Sync 1 DAGs
[2025-01-19T03:37:00.301+0000] {logging_mixin.py:190} INFO - [2025-01-19T03:37:00.301+0000] {dag.py:4180} INFO - Setting next_dagrun for example_time_delta_sensor_async to None, run_after=None
[2025-01-19T03:37:00.316+0000] {processor.py:208} INFO - Processing /home/vscode/.local/lib/python3.10/site-packages/airflow/example_dags/example_time_delta_sensor_async.py took 0.047 seconds
[2025-01-19T03:37:52.604+0000] {processor.py:186} INFO - Started process (PID=12902) to work on /home/vscode/.local/lib/python3.10/site-packages/airflow/example_dags/example_time_delta_sensor_async.py
[2025-01-19T03:37:52.604+0000] {processor.py:914} INFO - Processing file /home/vscode/.local/lib/python3.10/site-packages/airflow/example_dags/example_time_delta_sensor_async.py for tasks to queue
[2025-01-19T03:37:52.606+0000] {logging_mixin.py:190} INFO - [2025-01-19T03:37:52.606+0000] {dagbag.py:588} INFO - Filling up the DagBag from /home/vscode/.local/lib/python3.10/site-packages/airflow/example_dags/example_time_delta_sensor_async.py
[2025-01-19T03:37:52.611+0000] {processor.py:925} INFO - DAG(s) 'example_time_delta_sensor_async' retrieved from /home/vscode/.local/lib/python3.10/site-packages/airflow/example_dags/example_time_delta_sensor_async.py
[2025-01-19T03:37:52.623+0000] {logging_mixin.py:190} INFO - [2025-01-19T03:37:52.622+0000] {dag.py:3239} INFO - Sync 1 DAGs
[2025-01-19T03:37:52.632+0000] {logging_mixin.py:190} INFO - [2025-01-19T03:37:52.631+0000] {dag.py:4180} INFO - Setting next_dagrun for example_time_delta_sensor_async to None, run_after=None
[2025-01-19T03:37:52.646+0000] {processor.py:208} INFO - Processing /home/vscode/.local/lib/python3.10/site-packages/airflow/example_dags/example_time_delta_sensor_async.py took 0.047 seconds
[2025-01-19T03:38:40.548+0000] {processor.py:186} INFO - Started process (PID=13229) to work on /home/vscode/.local/lib/python3.10/site-packages/airflow/example_dags/example_time_delta_sensor_async.py
[2025-01-19T03:38:40.549+0000] {processor.py:914} INFO - Processing file /home/vscode/.local/lib/python3.10/site-packages/airflow/example_dags/example_time_delta_sensor_async.py for tasks to queue
[2025-01-19T03:38:40.550+0000] {logging_mixin.py:190} INFO - [2025-01-19T03:38:40.550+0000] {dagbag.py:588} INFO - Filling up the DagBag from /home/vscode/.local/lib/python3.10/site-packages/airflow/example_dags/example_time_delta_sensor_async.py
[2025-01-19T03:38:40.556+0000] {processor.py:925} INFO - DAG(s) 'example_time_delta_sensor_async' retrieved from /home/vscode/.local/lib/python3.10/site-packages/airflow/example_dags/example_time_delta_sensor_async.py
[2025-01-19T03:38:40.567+0000] {logging_mixin.py:190} INFO - [2025-01-19T03:38:40.567+0000] {dag.py:3239} INFO - Sync 1 DAGs
[2025-01-19T03:38:40.576+0000] {logging_mixin.py:190} INFO - [2025-01-19T03:38:40.576+0000] {dag.py:4180} INFO - Setting next_dagrun for example_time_delta_sensor_async to None, run_after=None
[2025-01-19T03:38:40.590+0000] {processor.py:208} INFO - Processing /home/vscode/.local/lib/python3.10/site-packages/airflow/example_dags/example_time_delta_sensor_async.py took 0.047 seconds
[2025-01-19T03:39:30.453+0000] {processor.py:186} INFO - Started process (PID=13560) to work on /home/vscode/.local/lib/python3.10/site-packages/airflow/example_dags/example_time_delta_sensor_async.py
[2025-01-19T03:39:30.453+0000] {processor.py:914} INFO - Processing file /home/vscode/.local/lib/python3.10/site-packages/airflow/example_dags/example_time_delta_sensor_async.py for tasks to queue
[2025-01-19T03:39:30.455+0000] {logging_mixin.py:190} INFO - [2025-01-19T03:39:30.455+0000] {dagbag.py:588} INFO - Filling up the DagBag from /home/vscode/.local/lib/python3.10/site-packages/airflow/example_dags/example_time_delta_sensor_async.py
[2025-01-19T03:39:30.461+0000] {processor.py:925} INFO - DAG(s) 'example_time_delta_sensor_async' retrieved from /home/vscode/.local/lib/python3.10/site-packages/airflow/example_dags/example_time_delta_sensor_async.py
[2025-01-19T03:39:30.472+0000] {logging_mixin.py:190} INFO - [2025-01-19T03:39:30.471+0000] {dag.py:3239} INFO - Sync 1 DAGs
[2025-01-19T03:39:30.481+0000] {logging_mixin.py:190} INFO - [2025-01-19T03:39:30.481+0000] {dag.py:4180} INFO - Setting next_dagrun for example_time_delta_sensor_async to None, run_after=None
[2025-01-19T03:39:30.496+0000] {processor.py:208} INFO - Processing /home/vscode/.local/lib/python3.10/site-packages/airflow/example_dags/example_time_delta_sensor_async.py took 0.048 seconds
[2025-01-19T03:40:23.289+0000] {processor.py:186} INFO - Started process (PID=13924) to work on /home/vscode/.local/lib/python3.10/site-packages/airflow/example_dags/example_time_delta_sensor_async.py
[2025-01-19T03:40:23.290+0000] {processor.py:914} INFO - Processing file /home/vscode/.local/lib/python3.10/site-packages/airflow/example_dags/example_time_delta_sensor_async.py for tasks to queue
[2025-01-19T03:40:23.291+0000] {logging_mixin.py:190} INFO - [2025-01-19T03:40:23.291+0000] {dagbag.py:588} INFO - Filling up the DagBag from /home/vscode/.local/lib/python3.10/site-packages/airflow/example_dags/example_time_delta_sensor_async.py
[2025-01-19T03:40:23.297+0000] {processor.py:925} INFO - DAG(s) 'example_time_delta_sensor_async' retrieved from /home/vscode/.local/lib/python3.10/site-packages/airflow/example_dags/example_time_delta_sensor_async.py
[2025-01-19T03:40:23.309+0000] {logging_mixin.py:190} INFO - [2025-01-19T03:40:23.308+0000] {dag.py:3239} INFO - Sync 1 DAGs
[2025-01-19T03:40:23.318+0000] {logging_mixin.py:190} INFO - [2025-01-19T03:40:23.318+0000] {dag.py:4180} INFO - Setting next_dagrun for example_time_delta_sensor_async to None, run_after=None
[2025-01-19T03:40:23.333+0000] {processor.py:208} INFO - Processing /home/vscode/.local/lib/python3.10/site-packages/airflow/example_dags/example_time_delta_sensor_async.py took 0.048 seconds
[2025-01-19T03:41:12.935+0000] {processor.py:186} INFO - Started process (PID=14258) to work on /home/vscode/.local/lib/python3.10/site-packages/airflow/example_dags/example_time_delta_sensor_async.py
[2025-01-19T03:41:12.936+0000] {processor.py:914} INFO - Processing file /home/vscode/.local/lib/python3.10/site-packages/airflow/example_dags/example_time_delta_sensor_async.py for tasks to queue
[2025-01-19T03:41:12.937+0000] {logging_mixin.py:190} INFO - [2025-01-19T03:41:12.937+0000] {dagbag.py:588} INFO - Filling up the DagBag from /home/vscode/.local/lib/python3.10/site-packages/airflow/example_dags/example_time_delta_sensor_async.py
[2025-01-19T03:41:12.943+0000] {processor.py:925} INFO - DAG(s) 'example_time_delta_sensor_async' retrieved from /home/vscode/.local/lib/python3.10/site-packages/airflow/example_dags/example_time_delta_sensor_async.py
[2025-01-19T03:41:12.954+0000] {logging_mixin.py:190} INFO - [2025-01-19T03:41:12.954+0000] {dag.py:3239} INFO - Sync 1 DAGs
[2025-01-19T03:41:12.963+0000] {logging_mixin.py:190} INFO - [2025-01-19T03:41:12.963+0000] {dag.py:4180} INFO - Setting next_dagrun for example_time_delta_sensor_async to None, run_after=None
[2025-01-19T03:41:12.978+0000] {processor.py:208} INFO - Processing /home/vscode/.local/lib/python3.10/site-packages/airflow/example_dags/example_time_delta_sensor_async.py took 0.047 seconds
[2025-01-19T03:42:04.103+0000] {processor.py:186} INFO - Started process (PID=14605) to work on /home/vscode/.local/lib/python3.10/site-packages/airflow/example_dags/example_time_delta_sensor_async.py
[2025-01-19T03:42:04.104+0000] {processor.py:914} INFO - Processing file /home/vscode/.local/lib/python3.10/site-packages/airflow/example_dags/example_time_delta_sensor_async.py for tasks to queue
[2025-01-19T03:42:04.106+0000] {logging_mixin.py:190} INFO - [2025-01-19T03:42:04.105+0000] {dagbag.py:588} INFO - Filling up the DagBag from /home/vscode/.local/lib/python3.10/site-packages/airflow/example_dags/example_time_delta_sensor_async.py
[2025-01-19T03:42:04.112+0000] {processor.py:925} INFO - DAG(s) 'example_time_delta_sensor_async' retrieved from /home/vscode/.local/lib/python3.10/site-packages/airflow/example_dags/example_time_delta_sensor_async.py
[2025-01-19T03:42:04.122+0000] {logging_mixin.py:190} INFO - [2025-01-19T03:42:04.122+0000] {dag.py:3239} INFO - Sync 1 DAGs
[2025-01-19T03:42:04.131+0000] {logging_mixin.py:190} INFO - [2025-01-19T03:42:04.131+0000] {dag.py:4180} INFO - Setting next_dagrun for example_time_delta_sensor_async to None, run_after=None
[2025-01-19T03:42:04.146+0000] {processor.py:208} INFO - Processing /home/vscode/.local/lib/python3.10/site-packages/airflow/example_dags/example_time_delta_sensor_async.py took 0.047 seconds
[2025-01-19T03:42:54.531+0000] {processor.py:186} INFO - Started process (PID=14947) to work on /home/vscode/.local/lib/python3.10/site-packages/airflow/example_dags/example_time_delta_sensor_async.py
[2025-01-19T03:42:54.531+0000] {processor.py:914} INFO - Processing file /home/vscode/.local/lib/python3.10/site-packages/airflow/example_dags/example_time_delta_sensor_async.py for tasks to queue
[2025-01-19T03:42:54.533+0000] {logging_mixin.py:190} INFO - [2025-01-19T03:42:54.532+0000] {dagbag.py:588} INFO - Filling up the DagBag from /home/vscode/.local/lib/python3.10/site-packages/airflow/example_dags/example_time_delta_sensor_async.py
[2025-01-19T03:42:54.538+0000] {processor.py:925} INFO - DAG(s) 'example_time_delta_sensor_async' retrieved from /home/vscode/.local/lib/python3.10/site-packages/airflow/example_dags/example_time_delta_sensor_async.py
[2025-01-19T03:42:54.550+0000] {logging_mixin.py:190} INFO - [2025-01-19T03:42:54.550+0000] {dag.py:3239} INFO - Sync 1 DAGs
[2025-01-19T03:42:54.559+0000] {logging_mixin.py:190} INFO - [2025-01-19T03:42:54.559+0000] {dag.py:4180} INFO - Setting next_dagrun for example_time_delta_sensor_async to None, run_after=None
[2025-01-19T03:42:54.574+0000] {processor.py:208} INFO - Processing /home/vscode/.local/lib/python3.10/site-packages/airflow/example_dags/example_time_delta_sensor_async.py took 0.048 seconds
[2025-01-19T03:43:45.908+0000] {processor.py:186} INFO - Started process (PID=15289) to work on /home/vscode/.local/lib/python3.10/site-packages/airflow/example_dags/example_time_delta_sensor_async.py
[2025-01-19T03:43:45.909+0000] {processor.py:914} INFO - Processing file /home/vscode/.local/lib/python3.10/site-packages/airflow/example_dags/example_time_delta_sensor_async.py for tasks to queue
[2025-01-19T03:43:45.911+0000] {logging_mixin.py:190} INFO - [2025-01-19T03:43:45.911+0000] {dagbag.py:588} INFO - Filling up the DagBag from /home/vscode/.local/lib/python3.10/site-packages/airflow/example_dags/example_time_delta_sensor_async.py
[2025-01-19T03:43:45.917+0000] {processor.py:925} INFO - DAG(s) 'example_time_delta_sensor_async' retrieved from /home/vscode/.local/lib/python3.10/site-packages/airflow/example_dags/example_time_delta_sensor_async.py
[2025-01-19T03:43:45.928+0000] {logging_mixin.py:190} INFO - [2025-01-19T03:43:45.928+0000] {dag.py:3239} INFO - Sync 1 DAGs
[2025-01-19T03:43:45.938+0000] {logging_mixin.py:190} INFO - [2025-01-19T03:43:45.938+0000] {dag.py:4180} INFO - Setting next_dagrun for example_time_delta_sensor_async to None, run_after=None
[2025-01-19T03:43:45.952+0000] {processor.py:208} INFO - Processing /home/vscode/.local/lib/python3.10/site-packages/airflow/example_dags/example_time_delta_sensor_async.py took 0.049 seconds
[2025-01-19T03:44:38.908+0000] {processor.py:186} INFO - Started process (PID=15646) to work on /home/vscode/.local/lib/python3.10/site-packages/airflow/example_dags/example_time_delta_sensor_async.py
[2025-01-19T03:44:38.909+0000] {processor.py:914} INFO - Processing file /home/vscode/.local/lib/python3.10/site-packages/airflow/example_dags/example_time_delta_sensor_async.py for tasks to queue
[2025-01-19T03:44:38.911+0000] {logging_mixin.py:190} INFO - [2025-01-19T03:44:38.910+0000] {dagbag.py:588} INFO - Filling up the DagBag from /home/vscode/.local/lib/python3.10/site-packages/airflow/example_dags/example_time_delta_sensor_async.py
[2025-01-19T03:44:38.916+0000] {processor.py:925} INFO - DAG(s) 'example_time_delta_sensor_async' retrieved from /home/vscode/.local/lib/python3.10/site-packages/airflow/example_dags/example_time_delta_sensor_async.py
[2025-01-19T03:44:38.928+0000] {logging_mixin.py:190} INFO - [2025-01-19T03:44:38.928+0000] {dag.py:3239} INFO - Sync 1 DAGs
[2025-01-19T03:44:38.938+0000] {logging_mixin.py:190} INFO - [2025-01-19T03:44:38.937+0000] {dag.py:4180} INFO - Setting next_dagrun for example_time_delta_sensor_async to None, run_after=None
[2025-01-19T03:44:38.952+0000] {processor.py:208} INFO - Processing /home/vscode/.local/lib/python3.10/site-packages/airflow/example_dags/example_time_delta_sensor_async.py took 0.051 seconds
[2025-01-19T03:45:32.335+0000] {processor.py:186} INFO - Started process (PID=15999) to work on /home/vscode/.local/lib/python3.10/site-packages/airflow/example_dags/example_time_delta_sensor_async.py
[2025-01-19T03:45:32.336+0000] {processor.py:914} INFO - Processing file /home/vscode/.local/lib/python3.10/site-packages/airflow/example_dags/example_time_delta_sensor_async.py for tasks to queue
[2025-01-19T03:45:32.337+0000] {logging_mixin.py:190} INFO - [2025-01-19T03:45:32.337+0000] {dagbag.py:588} INFO - Filling up the DagBag from /home/vscode/.local/lib/python3.10/site-packages/airflow/example_dags/example_time_delta_sensor_async.py
[2025-01-19T03:45:32.342+0000] {processor.py:925} INFO - DAG(s) 'example_time_delta_sensor_async' retrieved from /home/vscode/.local/lib/python3.10/site-packages/airflow/example_dags/example_time_delta_sensor_async.py
[2025-01-19T03:45:32.353+0000] {logging_mixin.py:190} INFO - [2025-01-19T03:45:32.353+0000] {dag.py:3239} INFO - Sync 1 DAGs
[2025-01-19T03:45:32.363+0000] {logging_mixin.py:190} INFO - [2025-01-19T03:45:32.362+0000] {dag.py:4180} INFO - Setting next_dagrun for example_time_delta_sensor_async to None, run_after=None
[2025-01-19T03:45:32.376+0000] {processor.py:208} INFO - Processing /home/vscode/.local/lib/python3.10/site-packages/airflow/example_dags/example_time_delta_sensor_async.py took 0.046 seconds
[2025-01-19T03:46:21.084+0000] {processor.py:186} INFO - Started process (PID=16331) to work on /home/vscode/.local/lib/python3.10/site-packages/airflow/example_dags/example_time_delta_sensor_async.py
[2025-01-19T03:46:21.085+0000] {processor.py:914} INFO - Processing file /home/vscode/.local/lib/python3.10/site-packages/airflow/example_dags/example_time_delta_sensor_async.py for tasks to queue
[2025-01-19T03:46:21.087+0000] {logging_mixin.py:190} INFO - [2025-01-19T03:46:21.087+0000] {dagbag.py:588} INFO - Filling up the DagBag from /home/vscode/.local/lib/python3.10/site-packages/airflow/example_dags/example_time_delta_sensor_async.py
[2025-01-19T03:46:21.092+0000] {processor.py:925} INFO - DAG(s) 'example_time_delta_sensor_async' retrieved from /home/vscode/.local/lib/python3.10/site-packages/airflow/example_dags/example_time_delta_sensor_async.py
[2025-01-19T03:46:21.103+0000] {logging_mixin.py:190} INFO - [2025-01-19T03:46:21.103+0000] {dag.py:3239} INFO - Sync 1 DAGs
[2025-01-19T03:46:21.112+0000] {logging_mixin.py:190} INFO - [2025-01-19T03:46:21.112+0000] {dag.py:4180} INFO - Setting next_dagrun for example_time_delta_sensor_async to None, run_after=None
[2025-01-19T03:46:21.126+0000] {processor.py:208} INFO - Processing /home/vscode/.local/lib/python3.10/site-packages/airflow/example_dags/example_time_delta_sensor_async.py took 0.046 seconds
[2025-01-19T03:47:14.153+0000] {processor.py:186} INFO - Started process (PID=16689) to work on /home/vscode/.local/lib/python3.10/site-packages/airflow/example_dags/example_time_delta_sensor_async.py
[2025-01-19T03:47:14.154+0000] {processor.py:914} INFO - Processing file /home/vscode/.local/lib/python3.10/site-packages/airflow/example_dags/example_time_delta_sensor_async.py for tasks to queue
[2025-01-19T03:47:14.156+0000] {logging_mixin.py:190} INFO - [2025-01-19T03:47:14.156+0000] {dagbag.py:588} INFO - Filling up the DagBag from /home/vscode/.local/lib/python3.10/site-packages/airflow/example_dags/example_time_delta_sensor_async.py
[2025-01-19T03:47:14.161+0000] {processor.py:925} INFO - DAG(s) 'example_time_delta_sensor_async' retrieved from /home/vscode/.local/lib/python3.10/site-packages/airflow/example_dags/example_time_delta_sensor_async.py
[2025-01-19T03:47:14.172+0000] {logging_mixin.py:190} INFO - [2025-01-19T03:47:14.172+0000] {dag.py:3239} INFO - Sync 1 DAGs
[2025-01-19T03:47:14.181+0000] {logging_mixin.py:190} INFO - [2025-01-19T03:47:14.181+0000] {dag.py:4180} INFO - Setting next_dagrun for example_time_delta_sensor_async to None, run_after=None
[2025-01-19T03:47:14.196+0000] {processor.py:208} INFO - Processing /home/vscode/.local/lib/python3.10/site-packages/airflow/example_dags/example_time_delta_sensor_async.py took 0.047 seconds
[2025-01-19T03:48:04.687+0000] {processor.py:186} INFO - Started process (PID=17037) to work on /home/vscode/.local/lib/python3.10/site-packages/airflow/example_dags/example_time_delta_sensor_async.py
[2025-01-19T03:48:04.688+0000] {processor.py:914} INFO - Processing file /home/vscode/.local/lib/python3.10/site-packages/airflow/example_dags/example_time_delta_sensor_async.py for tasks to queue
[2025-01-19T03:48:04.696+0000] {logging_mixin.py:190} INFO - [2025-01-19T03:48:04.695+0000] {dagbag.py:588} INFO - Filling up the DagBag from /home/vscode/.local/lib/python3.10/site-packages/airflow/example_dags/example_time_delta_sensor_async.py
[2025-01-19T03:48:04.710+0000] {processor.py:925} INFO - DAG(s) 'example_time_delta_sensor_async' retrieved from /home/vscode/.local/lib/python3.10/site-packages/airflow/example_dags/example_time_delta_sensor_async.py
[2025-01-19T03:48:04.791+0000] {logging_mixin.py:190} INFO - [2025-01-19T03:48:04.791+0000] {dag.py:3239} INFO - Sync 1 DAGs
[2025-01-19T03:48:04.810+0000] {logging_mixin.py:190} INFO - [2025-01-19T03:48:04.809+0000] {dag.py:4180} INFO - Setting next_dagrun for example_time_delta_sensor_async to None, run_after=None
[2025-01-19T03:48:04.835+0000] {processor.py:208} INFO - Processing /home/vscode/.local/lib/python3.10/site-packages/airflow/example_dags/example_time_delta_sensor_async.py took 0.160 seconds
[2025-01-19T03:48:55.678+0000] {processor.py:186} INFO - Started process (PID=17422) to work on /home/vscode/.local/lib/python3.10/site-packages/airflow/example_dags/example_time_delta_sensor_async.py
[2025-01-19T03:48:55.678+0000] {processor.py:914} INFO - Processing file /home/vscode/.local/lib/python3.10/site-packages/airflow/example_dags/example_time_delta_sensor_async.py for tasks to queue
[2025-01-19T03:48:55.680+0000] {logging_mixin.py:190} INFO - [2025-01-19T03:48:55.680+0000] {dagbag.py:588} INFO - Filling up the DagBag from /home/vscode/.local/lib/python3.10/site-packages/airflow/example_dags/example_time_delta_sensor_async.py
[2025-01-19T03:48:55.685+0000] {processor.py:925} INFO - DAG(s) 'example_time_delta_sensor_async' retrieved from /home/vscode/.local/lib/python3.10/site-packages/airflow/example_dags/example_time_delta_sensor_async.py
[2025-01-19T03:48:55.696+0000] {logging_mixin.py:190} INFO - [2025-01-19T03:48:55.696+0000] {dag.py:3239} INFO - Sync 1 DAGs
[2025-01-19T03:48:55.706+0000] {logging_mixin.py:190} INFO - [2025-01-19T03:48:55.705+0000] {dag.py:4180} INFO - Setting next_dagrun for example_time_delta_sensor_async to None, run_after=None
[2025-01-19T03:48:55.720+0000] {processor.py:208} INFO - Processing /home/vscode/.local/lib/python3.10/site-packages/airflow/example_dags/example_time_delta_sensor_async.py took 0.047 seconds
[2025-01-19T03:49:46.362+0000] {processor.py:186} INFO - Started process (PID=17875) to work on /home/vscode/.local/lib/python3.10/site-packages/airflow/example_dags/example_time_delta_sensor_async.py
[2025-01-19T03:49:46.363+0000] {processor.py:914} INFO - Processing file /home/vscode/.local/lib/python3.10/site-packages/airflow/example_dags/example_time_delta_sensor_async.py for tasks to queue
[2025-01-19T03:49:46.365+0000] {logging_mixin.py:190} INFO - [2025-01-19T03:49:46.364+0000] {dagbag.py:588} INFO - Filling up the DagBag from /home/vscode/.local/lib/python3.10/site-packages/airflow/example_dags/example_time_delta_sensor_async.py
[2025-01-19T03:49:46.370+0000] {processor.py:925} INFO - DAG(s) 'example_time_delta_sensor_async' retrieved from /home/vscode/.local/lib/python3.10/site-packages/airflow/example_dags/example_time_delta_sensor_async.py
[2025-01-19T03:49:46.382+0000] {logging_mixin.py:190} INFO - [2025-01-19T03:49:46.382+0000] {dag.py:3239} INFO - Sync 1 DAGs
[2025-01-19T03:49:46.391+0000] {logging_mixin.py:190} INFO - [2025-01-19T03:49:46.391+0000] {dag.py:4180} INFO - Setting next_dagrun for example_time_delta_sensor_async to None, run_after=None
[2025-01-19T03:49:46.406+0000] {processor.py:208} INFO - Processing /home/vscode/.local/lib/python3.10/site-packages/airflow/example_dags/example_time_delta_sensor_async.py took 0.049 seconds
[2025-01-19T03:50:36.338+0000] {processor.py:186} INFO - Started process (PID=18247) to work on /home/vscode/.local/lib/python3.10/site-packages/airflow/example_dags/example_time_delta_sensor_async.py
[2025-01-19T03:50:36.339+0000] {processor.py:914} INFO - Processing file /home/vscode/.local/lib/python3.10/site-packages/airflow/example_dags/example_time_delta_sensor_async.py for tasks to queue
[2025-01-19T03:50:36.341+0000] {logging_mixin.py:190} INFO - [2025-01-19T03:50:36.341+0000] {dagbag.py:588} INFO - Filling up the DagBag from /home/vscode/.local/lib/python3.10/site-packages/airflow/example_dags/example_time_delta_sensor_async.py
[2025-01-19T03:50:36.348+0000] {processor.py:925} INFO - DAG(s) 'example_time_delta_sensor_async' retrieved from /home/vscode/.local/lib/python3.10/site-packages/airflow/example_dags/example_time_delta_sensor_async.py
[2025-01-19T03:50:36.364+0000] {logging_mixin.py:190} INFO - [2025-01-19T03:50:36.363+0000] {dag.py:3239} INFO - Sync 1 DAGs
[2025-01-19T03:50:36.378+0000] {logging_mixin.py:190} INFO - [2025-01-19T03:50:36.378+0000] {dag.py:4180} INFO - Setting next_dagrun for example_time_delta_sensor_async to None, run_after=None
[2025-01-19T03:50:36.396+0000] {processor.py:208} INFO - Processing /home/vscode/.local/lib/python3.10/site-packages/airflow/example_dags/example_time_delta_sensor_async.py took 0.062 seconds
[2025-01-19T03:51:25.135+0000] {processor.py:186} INFO - Started process (PID=18629) to work on /home/vscode/.local/lib/python3.10/site-packages/airflow/example_dags/example_time_delta_sensor_async.py
[2025-01-19T03:51:25.136+0000] {processor.py:914} INFO - Processing file /home/vscode/.local/lib/python3.10/site-packages/airflow/example_dags/example_time_delta_sensor_async.py for tasks to queue
[2025-01-19T03:51:25.138+0000] {logging_mixin.py:190} INFO - [2025-01-19T03:51:25.138+0000] {dagbag.py:588} INFO - Filling up the DagBag from /home/vscode/.local/lib/python3.10/site-packages/airflow/example_dags/example_time_delta_sensor_async.py
[2025-01-19T03:51:25.143+0000] {processor.py:925} INFO - DAG(s) 'example_time_delta_sensor_async' retrieved from /home/vscode/.local/lib/python3.10/site-packages/airflow/example_dags/example_time_delta_sensor_async.py
[2025-01-19T03:51:25.155+0000] {logging_mixin.py:190} INFO - [2025-01-19T03:51:25.155+0000] {dag.py:3239} INFO - Sync 1 DAGs
[2025-01-19T03:51:25.165+0000] {logging_mixin.py:190} INFO - [2025-01-19T03:51:25.165+0000] {dag.py:4180} INFO - Setting next_dagrun for example_time_delta_sensor_async to None, run_after=None
[2025-01-19T03:51:25.180+0000] {processor.py:208} INFO - Processing /home/vscode/.local/lib/python3.10/site-packages/airflow/example_dags/example_time_delta_sensor_async.py took 0.050 seconds
[2025-01-19T03:54:58.489+0000] {processor.py:186} INFO - Started process (PID=20135) to work on /home/vscode/.local/lib/python3.10/site-packages/airflow/example_dags/example_time_delta_sensor_async.py
[2025-01-19T03:54:58.490+0000] {processor.py:914} INFO - Processing file /home/vscode/.local/lib/python3.10/site-packages/airflow/example_dags/example_time_delta_sensor_async.py for tasks to queue
[2025-01-19T03:54:58.491+0000] {logging_mixin.py:190} INFO - [2025-01-19T03:54:58.491+0000] {dagbag.py:588} INFO - Filling up the DagBag from /home/vscode/.local/lib/python3.10/site-packages/airflow/example_dags/example_time_delta_sensor_async.py
[2025-01-19T03:54:58.496+0000] {processor.py:925} INFO - DAG(s) 'example_time_delta_sensor_async' retrieved from /home/vscode/.local/lib/python3.10/site-packages/airflow/example_dags/example_time_delta_sensor_async.py
[2025-01-19T03:54:58.509+0000] {logging_mixin.py:190} INFO - [2025-01-19T03:54:58.508+0000] {dag.py:3239} INFO - Sync 1 DAGs
[2025-01-19T03:54:58.519+0000] {logging_mixin.py:190} INFO - [2025-01-19T03:54:58.519+0000] {dag.py:4180} INFO - Setting next_dagrun for example_time_delta_sensor_async to None, run_after=None
[2025-01-19T03:54:58.533+0000] {processor.py:208} INFO - Processing /home/vscode/.local/lib/python3.10/site-packages/airflow/example_dags/example_time_delta_sensor_async.py took 0.049 seconds
[2025-01-19T03:55:53.894+0000] {processor.py:186} INFO - Started process (PID=20506) to work on /home/vscode/.local/lib/python3.10/site-packages/airflow/example_dags/example_time_delta_sensor_async.py
[2025-01-19T03:55:53.895+0000] {processor.py:914} INFO - Processing file /home/vscode/.local/lib/python3.10/site-packages/airflow/example_dags/example_time_delta_sensor_async.py for tasks to queue
[2025-01-19T03:55:53.896+0000] {logging_mixin.py:190} INFO - [2025-01-19T03:55:53.896+0000] {dagbag.py:588} INFO - Filling up the DagBag from /home/vscode/.local/lib/python3.10/site-packages/airflow/example_dags/example_time_delta_sensor_async.py
[2025-01-19T03:55:53.901+0000] {processor.py:925} INFO - DAG(s) 'example_time_delta_sensor_async' retrieved from /home/vscode/.local/lib/python3.10/site-packages/airflow/example_dags/example_time_delta_sensor_async.py
[2025-01-19T03:55:53.913+0000] {logging_mixin.py:190} INFO - [2025-01-19T03:55:53.912+0000] {dag.py:3239} INFO - Sync 1 DAGs
[2025-01-19T03:55:53.923+0000] {logging_mixin.py:190} INFO - [2025-01-19T03:55:53.922+0000] {dag.py:4180} INFO - Setting next_dagrun for example_time_delta_sensor_async to None, run_after=None
[2025-01-19T03:55:53.942+0000] {processor.py:208} INFO - Processing /home/vscode/.local/lib/python3.10/site-packages/airflow/example_dags/example_time_delta_sensor_async.py took 0.053 seconds
[2025-01-19T03:56:46.463+0000] {processor.py:186} INFO - Started process (PID=20863) to work on /home/vscode/.local/lib/python3.10/site-packages/airflow/example_dags/example_time_delta_sensor_async.py
[2025-01-19T03:56:46.464+0000] {processor.py:914} INFO - Processing file /home/vscode/.local/lib/python3.10/site-packages/airflow/example_dags/example_time_delta_sensor_async.py for tasks to queue
[2025-01-19T03:56:46.465+0000] {logging_mixin.py:190} INFO - [2025-01-19T03:56:46.465+0000] {dagbag.py:588} INFO - Filling up the DagBag from /home/vscode/.local/lib/python3.10/site-packages/airflow/example_dags/example_time_delta_sensor_async.py
[2025-01-19T03:56:46.471+0000] {processor.py:925} INFO - DAG(s) 'example_time_delta_sensor_async' retrieved from /home/vscode/.local/lib/python3.10/site-packages/airflow/example_dags/example_time_delta_sensor_async.py
[2025-01-19T03:56:46.482+0000] {logging_mixin.py:190} INFO - [2025-01-19T03:56:46.481+0000] {dag.py:3239} INFO - Sync 1 DAGs
[2025-01-19T03:56:46.491+0000] {logging_mixin.py:190} INFO - [2025-01-19T03:56:46.490+0000] {dag.py:4180} INFO - Setting next_dagrun for example_time_delta_sensor_async to None, run_after=None
[2025-01-19T03:56:46.505+0000] {processor.py:208} INFO - Processing /home/vscode/.local/lib/python3.10/site-packages/airflow/example_dags/example_time_delta_sensor_async.py took 0.046 seconds
[2025-01-19T03:57:39.281+0000] {processor.py:186} INFO - Started process (PID=21225) to work on /home/vscode/.local/lib/python3.10/site-packages/airflow/example_dags/example_time_delta_sensor_async.py
[2025-01-19T03:57:39.282+0000] {processor.py:914} INFO - Processing file /home/vscode/.local/lib/python3.10/site-packages/airflow/example_dags/example_time_delta_sensor_async.py for tasks to queue
[2025-01-19T03:57:39.284+0000] {logging_mixin.py:190} INFO - [2025-01-19T03:57:39.284+0000] {dagbag.py:588} INFO - Filling up the DagBag from /home/vscode/.local/lib/python3.10/site-packages/airflow/example_dags/example_time_delta_sensor_async.py
[2025-01-19T03:57:39.289+0000] {processor.py:925} INFO - DAG(s) 'example_time_delta_sensor_async' retrieved from /home/vscode/.local/lib/python3.10/site-packages/airflow/example_dags/example_time_delta_sensor_async.py
[2025-01-19T03:57:39.300+0000] {logging_mixin.py:190} INFO - [2025-01-19T03:57:39.300+0000] {dag.py:3239} INFO - Sync 1 DAGs
[2025-01-19T03:57:39.309+0000] {logging_mixin.py:190} INFO - [2025-01-19T03:57:39.309+0000] {dag.py:4180} INFO - Setting next_dagrun for example_time_delta_sensor_async to None, run_after=None
[2025-01-19T03:57:39.323+0000] {processor.py:208} INFO - Processing /home/vscode/.local/lib/python3.10/site-packages/airflow/example_dags/example_time_delta_sensor_async.py took 0.047 seconds
[2025-01-19T03:58:28.100+0000] {processor.py:186} INFO - Started process (PID=21552) to work on /home/vscode/.local/lib/python3.10/site-packages/airflow/example_dags/example_time_delta_sensor_async.py
[2025-01-19T03:58:28.100+0000] {processor.py:914} INFO - Processing file /home/vscode/.local/lib/python3.10/site-packages/airflow/example_dags/example_time_delta_sensor_async.py for tasks to queue
[2025-01-19T03:58:28.102+0000] {logging_mixin.py:190} INFO - [2025-01-19T03:58:28.102+0000] {dagbag.py:588} INFO - Filling up the DagBag from /home/vscode/.local/lib/python3.10/site-packages/airflow/example_dags/example_time_delta_sensor_async.py
[2025-01-19T03:58:28.107+0000] {processor.py:925} INFO - DAG(s) 'example_time_delta_sensor_async' retrieved from /home/vscode/.local/lib/python3.10/site-packages/airflow/example_dags/example_time_delta_sensor_async.py
[2025-01-19T03:58:28.118+0000] {logging_mixin.py:190} INFO - [2025-01-19T03:58:28.118+0000] {dag.py:3239} INFO - Sync 1 DAGs
[2025-01-19T03:58:28.128+0000] {logging_mixin.py:190} INFO - [2025-01-19T03:58:28.128+0000] {dag.py:4180} INFO - Setting next_dagrun for example_time_delta_sensor_async to None, run_after=None
[2025-01-19T03:58:28.143+0000] {processor.py:208} INFO - Processing /home/vscode/.local/lib/python3.10/site-packages/airflow/example_dags/example_time_delta_sensor_async.py took 0.048 seconds
[2025-01-19T03:59:19.804+0000] {processor.py:186} INFO - Started process (PID=21905) to work on /home/vscode/.local/lib/python3.10/site-packages/airflow/example_dags/example_time_delta_sensor_async.py
[2025-01-19T03:59:19.805+0000] {processor.py:914} INFO - Processing file /home/vscode/.local/lib/python3.10/site-packages/airflow/example_dags/example_time_delta_sensor_async.py for tasks to queue
[2025-01-19T03:59:19.807+0000] {logging_mixin.py:190} INFO - [2025-01-19T03:59:19.807+0000] {dagbag.py:588} INFO - Filling up the DagBag from /home/vscode/.local/lib/python3.10/site-packages/airflow/example_dags/example_time_delta_sensor_async.py
[2025-01-19T03:59:19.812+0000] {processor.py:925} INFO - DAG(s) 'example_time_delta_sensor_async' retrieved from /home/vscode/.local/lib/python3.10/site-packages/airflow/example_dags/example_time_delta_sensor_async.py
[2025-01-19T03:59:19.824+0000] {logging_mixin.py:190} INFO - [2025-01-19T03:59:19.824+0000] {dag.py:3239} INFO - Sync 1 DAGs
[2025-01-19T03:59:19.834+0000] {logging_mixin.py:190} INFO - [2025-01-19T03:59:19.834+0000] {dag.py:4180} INFO - Setting next_dagrun for example_time_delta_sensor_async to None, run_after=None
[2025-01-19T03:59:19.858+0000] {processor.py:208} INFO - Processing /home/vscode/.local/lib/python3.10/site-packages/airflow/example_dags/example_time_delta_sensor_async.py took 0.058 seconds
[2025-01-19T04:00:11.362+0000] {processor.py:186} INFO - Started process (PID=22262) to work on /home/vscode/.local/lib/python3.10/site-packages/airflow/example_dags/example_time_delta_sensor_async.py
[2025-01-19T04:00:11.363+0000] {processor.py:914} INFO - Processing file /home/vscode/.local/lib/python3.10/site-packages/airflow/example_dags/example_time_delta_sensor_async.py for tasks to queue
[2025-01-19T04:00:11.365+0000] {logging_mixin.py:190} INFO - [2025-01-19T04:00:11.365+0000] {dagbag.py:588} INFO - Filling up the DagBag from /home/vscode/.local/lib/python3.10/site-packages/airflow/example_dags/example_time_delta_sensor_async.py
[2025-01-19T04:00:11.370+0000] {processor.py:925} INFO - DAG(s) 'example_time_delta_sensor_async' retrieved from /home/vscode/.local/lib/python3.10/site-packages/airflow/example_dags/example_time_delta_sensor_async.py
[2025-01-19T04:00:11.382+0000] {logging_mixin.py:190} INFO - [2025-01-19T04:00:11.382+0000] {dag.py:3239} INFO - Sync 1 DAGs
[2025-01-19T04:00:11.391+0000] {logging_mixin.py:190} INFO - [2025-01-19T04:00:11.391+0000] {dag.py:4180} INFO - Setting next_dagrun for example_time_delta_sensor_async to None, run_after=None
[2025-01-19T04:00:11.406+0000] {processor.py:208} INFO - Processing /home/vscode/.local/lib/python3.10/site-packages/airflow/example_dags/example_time_delta_sensor_async.py took 0.048 seconds
[2025-01-19T04:01:02.254+0000] {processor.py:186} INFO - Started process (PID=22605) to work on /home/vscode/.local/lib/python3.10/site-packages/airflow/example_dags/example_time_delta_sensor_async.py
[2025-01-19T04:01:02.255+0000] {processor.py:914} INFO - Processing file /home/vscode/.local/lib/python3.10/site-packages/airflow/example_dags/example_time_delta_sensor_async.py for tasks to queue
[2025-01-19T04:01:02.257+0000] {logging_mixin.py:190} INFO - [2025-01-19T04:01:02.257+0000] {dagbag.py:588} INFO - Filling up the DagBag from /home/vscode/.local/lib/python3.10/site-packages/airflow/example_dags/example_time_delta_sensor_async.py
[2025-01-19T04:01:02.265+0000] {processor.py:925} INFO - DAG(s) 'example_time_delta_sensor_async' retrieved from /home/vscode/.local/lib/python3.10/site-packages/airflow/example_dags/example_time_delta_sensor_async.py
[2025-01-19T04:01:02.276+0000] {logging_mixin.py:190} INFO - [2025-01-19T04:01:02.276+0000] {dag.py:3239} INFO - Sync 1 DAGs
[2025-01-19T04:01:02.285+0000] {logging_mixin.py:190} INFO - [2025-01-19T04:01:02.285+0000] {dag.py:4180} INFO - Setting next_dagrun for example_time_delta_sensor_async to None, run_after=None
[2025-01-19T04:01:02.300+0000] {processor.py:208} INFO - Processing /home/vscode/.local/lib/python3.10/site-packages/airflow/example_dags/example_time_delta_sensor_async.py took 0.051 seconds
[2025-01-19T04:01:53.761+0000] {processor.py:186} INFO - Started process (PID=22956) to work on /home/vscode/.local/lib/python3.10/site-packages/airflow/example_dags/example_time_delta_sensor_async.py
[2025-01-19T04:01:53.762+0000] {processor.py:914} INFO - Processing file /home/vscode/.local/lib/python3.10/site-packages/airflow/example_dags/example_time_delta_sensor_async.py for tasks to queue
[2025-01-19T04:01:53.764+0000] {logging_mixin.py:190} INFO - [2025-01-19T04:01:53.763+0000] {dagbag.py:588} INFO - Filling up the DagBag from /home/vscode/.local/lib/python3.10/site-packages/airflow/example_dags/example_time_delta_sensor_async.py
[2025-01-19T04:01:53.769+0000] {processor.py:925} INFO - DAG(s) 'example_time_delta_sensor_async' retrieved from /home/vscode/.local/lib/python3.10/site-packages/airflow/example_dags/example_time_delta_sensor_async.py
[2025-01-19T04:01:53.780+0000] {logging_mixin.py:190} INFO - [2025-01-19T04:01:53.780+0000] {dag.py:3239} INFO - Sync 1 DAGs
[2025-01-19T04:01:53.790+0000] {logging_mixin.py:190} INFO - [2025-01-19T04:01:53.789+0000] {dag.py:4180} INFO - Setting next_dagrun for example_time_delta_sensor_async to None, run_after=None
[2025-01-19T04:01:53.804+0000] {processor.py:208} INFO - Processing /home/vscode/.local/lib/python3.10/site-packages/airflow/example_dags/example_time_delta_sensor_async.py took 0.047 seconds
[2025-01-19T04:02:45.291+0000] {processor.py:186} INFO - Started process (PID=23368) to work on /home/vscode/.local/lib/python3.10/site-packages/airflow/example_dags/example_time_delta_sensor_async.py
[2025-01-19T04:02:45.292+0000] {processor.py:914} INFO - Processing file /home/vscode/.local/lib/python3.10/site-packages/airflow/example_dags/example_time_delta_sensor_async.py for tasks to queue
[2025-01-19T04:02:45.293+0000] {logging_mixin.py:190} INFO - [2025-01-19T04:02:45.293+0000] {dagbag.py:588} INFO - Filling up the DagBag from /home/vscode/.local/lib/python3.10/site-packages/airflow/example_dags/example_time_delta_sensor_async.py
[2025-01-19T04:02:45.299+0000] {processor.py:925} INFO - DAG(s) 'example_time_delta_sensor_async' retrieved from /home/vscode/.local/lib/python3.10/site-packages/airflow/example_dags/example_time_delta_sensor_async.py
[2025-01-19T04:02:45.310+0000] {logging_mixin.py:190} INFO - [2025-01-19T04:02:45.310+0000] {dag.py:3239} INFO - Sync 1 DAGs
[2025-01-19T04:02:45.319+0000] {logging_mixin.py:190} INFO - [2025-01-19T04:02:45.319+0000] {dag.py:4180} INFO - Setting next_dagrun for example_time_delta_sensor_async to None, run_after=None
[2025-01-19T04:02:45.334+0000] {processor.py:208} INFO - Processing /home/vscode/.local/lib/python3.10/site-packages/airflow/example_dags/example_time_delta_sensor_async.py took 0.048 seconds
