[2025-01-19T03:21:15.247+0000] {processor.py:186} INFO - Started process (PID=5232) to work on /home/vscode/.local/lib/python3.10/site-packages/airflow/example_dags/example_outlet_event_extra.py
[2025-01-19T03:21:15.248+0000] {processor.py:914} INFO - Processing file /home/vscode/.local/lib/python3.10/site-packages/airflow/example_dags/example_outlet_event_extra.py for tasks to queue
[2025-01-19T03:21:15.249+0000] {logging_mixin.py:190} INFO - [2025-01-19T03:21:15.249+0000] {dagbag.py:588} INFO - Filling up the DagBag from /home/vscode/.local/lib/python3.10/site-packages/airflow/example_dags/example_outlet_event_extra.py
[2025-01-19T03:21:15.260+0000] {processor.py:925} INFO - DAG(s) 'dataset_with_extra_by_context', 'dataset_with_extra_by_yield', 'dataset_with_extra_from_classic_operator' retrieved from /home/vscode/.local/lib/python3.10/site-packages/airflow/example_dags/example_outlet_event_extra.py
[2025-01-19T03:21:15.337+0000] {logging_mixin.py:190} INFO - [2025-01-19T03:21:15.337+0000] {override.py:1911} INFO - Created Permission View: can read on DAG:dataset_with_extra_by_context
[2025-01-19T03:21:15.346+0000] {logging_mixin.py:190} INFO - [2025-01-19T03:21:15.345+0000] {override.py:1911} INFO - Created Permission View: can edit on DAG:dataset_with_extra_by_context
[2025-01-19T03:21:15.352+0000] {logging_mixin.py:190} INFO - [2025-01-19T03:21:15.351+0000] {override.py:1911} INFO - Created Permission View: can delete on DAG:dataset_with_extra_by_context
[2025-01-19T03:21:15.360+0000] {logging_mixin.py:190} INFO - [2025-01-19T03:21:15.360+0000] {override.py:1911} INFO - Created Permission View: menu access on DAG Run:dataset_with_extra_by_context
[2025-01-19T03:21:15.366+0000] {logging_mixin.py:190} INFO - [2025-01-19T03:21:15.365+0000] {override.py:1911} INFO - Created Permission View: can read on DAG Run:dataset_with_extra_by_context
[2025-01-19T03:21:15.372+0000] {logging_mixin.py:190} INFO - [2025-01-19T03:21:15.372+0000] {override.py:1911} INFO - Created Permission View: can create on DAG Run:dataset_with_extra_by_context
[2025-01-19T03:21:15.379+0000] {logging_mixin.py:190} INFO - [2025-01-19T03:21:15.379+0000] {override.py:1911} INFO - Created Permission View: can delete on DAG Run:dataset_with_extra_by_context
[2025-01-19T03:21:15.392+0000] {logging_mixin.py:190} INFO - [2025-01-19T03:21:15.392+0000] {override.py:1911} INFO - Created Permission View: can read on DAG:dataset_with_extra_by_yield
[2025-01-19T03:21:15.399+0000] {logging_mixin.py:190} INFO - [2025-01-19T03:21:15.398+0000] {override.py:1911} INFO - Created Permission View: can edit on DAG:dataset_with_extra_by_yield
[2025-01-19T03:21:15.407+0000] {logging_mixin.py:190} INFO - [2025-01-19T03:21:15.407+0000] {override.py:1911} INFO - Created Permission View: can delete on DAG:dataset_with_extra_by_yield
[2025-01-19T03:21:15.419+0000] {logging_mixin.py:190} INFO - [2025-01-19T03:21:15.419+0000] {override.py:1911} INFO - Created Permission View: menu access on DAG Run:dataset_with_extra_by_yield
[2025-01-19T03:21:15.427+0000] {logging_mixin.py:190} INFO - [2025-01-19T03:21:15.427+0000] {override.py:1911} INFO - Created Permission View: can read on DAG Run:dataset_with_extra_by_yield
[2025-01-19T03:21:15.434+0000] {logging_mixin.py:190} INFO - [2025-01-19T03:21:15.434+0000] {override.py:1911} INFO - Created Permission View: can create on DAG Run:dataset_with_extra_by_yield
[2025-01-19T03:21:15.441+0000] {logging_mixin.py:190} INFO - [2025-01-19T03:21:15.441+0000] {override.py:1911} INFO - Created Permission View: can delete on DAG Run:dataset_with_extra_by_yield
[2025-01-19T03:21:15.457+0000] {logging_mixin.py:190} INFO - [2025-01-19T03:21:15.457+0000] {override.py:1911} INFO - Created Permission View: can read on DAG:dataset_with_extra_from_classic_operator
[2025-01-19T03:21:15.463+0000] {logging_mixin.py:190} INFO - [2025-01-19T03:21:15.462+0000] {override.py:1911} INFO - Created Permission View: can edit on DAG:dataset_with_extra_from_classic_operator
[2025-01-19T03:21:15.468+0000] {logging_mixin.py:190} INFO - [2025-01-19T03:21:15.468+0000] {override.py:1911} INFO - Created Permission View: can delete on DAG:dataset_with_extra_from_classic_operator
[2025-01-19T03:21:15.477+0000] {logging_mixin.py:190} INFO - [2025-01-19T03:21:15.476+0000] {override.py:1911} INFO - Created Permission View: menu access on DAG Run:dataset_with_extra_from_classic_operator
[2025-01-19T03:21:15.482+0000] {logging_mixin.py:190} INFO - [2025-01-19T03:21:15.482+0000] {override.py:1911} INFO - Created Permission View: can read on DAG Run:dataset_with_extra_from_classic_operator
[2025-01-19T03:21:15.488+0000] {logging_mixin.py:190} INFO - [2025-01-19T03:21:15.488+0000] {override.py:1911} INFO - Created Permission View: can create on DAG Run:dataset_with_extra_from_classic_operator
[2025-01-19T03:21:15.494+0000] {logging_mixin.py:190} INFO - [2025-01-19T03:21:15.494+0000] {override.py:1911} INFO - Created Permission View: can delete on DAG Run:dataset_with_extra_from_classic_operator
[2025-01-19T03:21:15.494+0000] {logging_mixin.py:190} INFO - [2025-01-19T03:21:15.494+0000] {dag.py:3239} INFO - Sync 3 DAGs
[2025-01-19T03:21:15.504+0000] {logging_mixin.py:190} INFO - [2025-01-19T03:21:15.503+0000] {dag.py:3262} INFO - Creating ORM DAG for dataset_with_extra_from_classic_operator
[2025-01-19T03:21:15.504+0000] {logging_mixin.py:190} INFO - [2025-01-19T03:21:15.504+0000] {dag.py:3262} INFO - Creating ORM DAG for dataset_with_extra_by_context
[2025-01-19T03:21:15.505+0000] {logging_mixin.py:190} INFO - [2025-01-19T03:21:15.505+0000] {dag.py:3262} INFO - Creating ORM DAG for dataset_with_extra_by_yield
[2025-01-19T03:21:15.513+0000] {logging_mixin.py:190} INFO - [2025-01-19T03:21:15.513+0000] {dag.py:4180} INFO - Setting next_dagrun for dataset_with_extra_by_context to 2025-01-18 00:00:00+00:00, run_after=2025-01-19 00:00:00+00:00
[2025-01-19T03:21:15.514+0000] {logging_mixin.py:190} INFO - [2025-01-19T03:21:15.514+0000] {dag.py:4180} INFO - Setting next_dagrun for dataset_with_extra_by_yield to 2025-01-18 00:00:00+00:00, run_after=2025-01-19 00:00:00+00:00
[2025-01-19T03:21:15.516+0000] {logging_mixin.py:190} INFO - [2025-01-19T03:21:15.516+0000] {dag.py:4180} INFO - Setting next_dagrun for dataset_with_extra_from_classic_operator to 2025-01-18 00:00:00+00:00, run_after=2025-01-19 00:00:00+00:00
[2025-01-19T03:21:15.535+0000] {processor.py:208} INFO - Processing /home/vscode/.local/lib/python3.10/site-packages/airflow/example_dags/example_outlet_event_extra.py took 0.292 seconds
[2025-01-19T03:22:14.566+0000] {processor.py:186} INFO - Started process (PID=5730) to work on /home/vscode/.local/lib/python3.10/site-packages/airflow/example_dags/example_outlet_event_extra.py
[2025-01-19T03:22:14.567+0000] {processor.py:914} INFO - Processing file /home/vscode/.local/lib/python3.10/site-packages/airflow/example_dags/example_outlet_event_extra.py for tasks to queue
[2025-01-19T03:22:14.569+0000] {logging_mixin.py:190} INFO - [2025-01-19T03:22:14.569+0000] {dagbag.py:588} INFO - Filling up the DagBag from /home/vscode/.local/lib/python3.10/site-packages/airflow/example_dags/example_outlet_event_extra.py
[2025-01-19T03:22:14.585+0000] {processor.py:925} INFO - DAG(s) 'dataset_with_extra_by_yield', 'dataset_with_extra_by_context', 'dataset_with_extra_from_classic_operator' retrieved from /home/vscode/.local/lib/python3.10/site-packages/airflow/example_dags/example_outlet_event_extra.py
[2025-01-19T03:22:14.608+0000] {logging_mixin.py:190} INFO - [2025-01-19T03:22:14.607+0000] {dag.py:3239} INFO - Sync 3 DAGs
[2025-01-19T03:22:14.629+0000] {logging_mixin.py:190} INFO - [2025-01-19T03:22:14.629+0000] {dag.py:4180} INFO - Setting next_dagrun for dataset_with_extra_by_context to 2025-01-18 00:00:00+00:00, run_after=2025-01-19 00:00:00+00:00
[2025-01-19T03:22:14.633+0000] {logging_mixin.py:190} INFO - [2025-01-19T03:22:14.632+0000] {dag.py:4180} INFO - Setting next_dagrun for dataset_with_extra_by_yield to 2025-01-18 00:00:00+00:00, run_after=2025-01-19 00:00:00+00:00
[2025-01-19T03:22:14.634+0000] {logging_mixin.py:190} INFO - [2025-01-19T03:22:14.634+0000] {dag.py:4180} INFO - Setting next_dagrun for dataset_with_extra_from_classic_operator to 2025-01-18 00:00:00+00:00, run_after=2025-01-19 00:00:00+00:00
[2025-01-19T03:22:14.652+0000] {processor.py:208} INFO - Processing /home/vscode/.local/lib/python3.10/site-packages/airflow/example_dags/example_outlet_event_extra.py took 0.091 seconds
[2025-01-19T03:23:06.826+0000] {processor.py:186} INFO - Started process (PID=6171) to work on /home/vscode/.local/lib/python3.10/site-packages/airflow/example_dags/example_outlet_event_extra.py
[2025-01-19T03:23:06.827+0000] {processor.py:914} INFO - Processing file /home/vscode/.local/lib/python3.10/site-packages/airflow/example_dags/example_outlet_event_extra.py for tasks to queue
[2025-01-19T03:23:06.829+0000] {logging_mixin.py:190} INFO - [2025-01-19T03:23:06.828+0000] {dagbag.py:588} INFO - Filling up the DagBag from /home/vscode/.local/lib/python3.10/site-packages/airflow/example_dags/example_outlet_event_extra.py
[2025-01-19T03:23:06.840+0000] {processor.py:925} INFO - DAG(s) 'dataset_with_extra_by_context', 'dataset_with_extra_by_yield', 'dataset_with_extra_from_classic_operator' retrieved from /home/vscode/.local/lib/python3.10/site-packages/airflow/example_dags/example_outlet_event_extra.py
[2025-01-19T03:23:06.855+0000] {logging_mixin.py:190} INFO - [2025-01-19T03:23:06.855+0000] {dag.py:3239} INFO - Sync 3 DAGs
[2025-01-19T03:23:06.871+0000] {logging_mixin.py:190} INFO - [2025-01-19T03:23:06.871+0000] {dag.py:4180} INFO - Setting next_dagrun for dataset_with_extra_by_context to 2025-01-18 00:00:00+00:00, run_after=2025-01-19 00:00:00+00:00
[2025-01-19T03:23:06.874+0000] {logging_mixin.py:190} INFO - [2025-01-19T03:23:06.874+0000] {dag.py:4180} INFO - Setting next_dagrun for dataset_with_extra_by_yield to 2025-01-18 00:00:00+00:00, run_after=2025-01-19 00:00:00+00:00
[2025-01-19T03:23:06.876+0000] {logging_mixin.py:190} INFO - [2025-01-19T03:23:06.876+0000] {dag.py:4180} INFO - Setting next_dagrun for dataset_with_extra_from_classic_operator to 2025-01-18 00:00:00+00:00, run_after=2025-01-19 00:00:00+00:00
[2025-01-19T03:23:06.892+0000] {processor.py:208} INFO - Processing /home/vscode/.local/lib/python3.10/site-packages/airflow/example_dags/example_outlet_event_extra.py took 0.070 seconds
[2025-01-19T03:24:02.722+0000] {processor.py:186} INFO - Started process (PID=6615) to work on /home/vscode/.local/lib/python3.10/site-packages/airflow/example_dags/example_outlet_event_extra.py
[2025-01-19T03:24:02.722+0000] {processor.py:914} INFO - Processing file /home/vscode/.local/lib/python3.10/site-packages/airflow/example_dags/example_outlet_event_extra.py for tasks to queue
[2025-01-19T03:24:02.724+0000] {logging_mixin.py:190} INFO - [2025-01-19T03:24:02.724+0000] {dagbag.py:588} INFO - Filling up the DagBag from /home/vscode/.local/lib/python3.10/site-packages/airflow/example_dags/example_outlet_event_extra.py
[2025-01-19T03:24:02.734+0000] {processor.py:925} INFO - DAG(s) 'dataset_with_extra_from_classic_operator', 'dataset_with_extra_by_context', 'dataset_with_extra_by_yield' retrieved from /home/vscode/.local/lib/python3.10/site-packages/airflow/example_dags/example_outlet_event_extra.py
[2025-01-19T03:24:02.749+0000] {logging_mixin.py:190} INFO - [2025-01-19T03:24:02.749+0000] {dag.py:3239} INFO - Sync 3 DAGs
[2025-01-19T03:24:02.765+0000] {logging_mixin.py:190} INFO - [2025-01-19T03:24:02.765+0000] {dag.py:4180} INFO - Setting next_dagrun for dataset_with_extra_by_context to 2025-01-18 00:00:00+00:00, run_after=2025-01-19 00:00:00+00:00
[2025-01-19T03:24:02.768+0000] {logging_mixin.py:190} INFO - [2025-01-19T03:24:02.768+0000] {dag.py:4180} INFO - Setting next_dagrun for dataset_with_extra_by_yield to 2025-01-18 00:00:00+00:00, run_after=2025-01-19 00:00:00+00:00
[2025-01-19T03:24:02.770+0000] {logging_mixin.py:190} INFO - [2025-01-19T03:24:02.770+0000] {dag.py:4180} INFO - Setting next_dagrun for dataset_with_extra_from_classic_operator to 2025-01-18 00:00:00+00:00, run_after=2025-01-19 00:00:00+00:00
[2025-01-19T03:24:02.786+0000] {processor.py:208} INFO - Processing /home/vscode/.local/lib/python3.10/site-packages/airflow/example_dags/example_outlet_event_extra.py took 0.069 seconds
[2025-01-19T03:24:55.138+0000] {processor.py:186} INFO - Started process (PID=7025) to work on /home/vscode/.local/lib/python3.10/site-packages/airflow/example_dags/example_outlet_event_extra.py
[2025-01-19T03:24:55.139+0000] {processor.py:914} INFO - Processing file /home/vscode/.local/lib/python3.10/site-packages/airflow/example_dags/example_outlet_event_extra.py for tasks to queue
[2025-01-19T03:24:55.140+0000] {logging_mixin.py:190} INFO - [2025-01-19T03:24:55.140+0000] {dagbag.py:588} INFO - Filling up the DagBag from /home/vscode/.local/lib/python3.10/site-packages/airflow/example_dags/example_outlet_event_extra.py
[2025-01-19T03:24:55.151+0000] {processor.py:925} INFO - DAG(s) 'dataset_with_extra_from_classic_operator', 'dataset_with_extra_by_yield', 'dataset_with_extra_by_context' retrieved from /home/vscode/.local/lib/python3.10/site-packages/airflow/example_dags/example_outlet_event_extra.py
[2025-01-19T03:24:55.166+0000] {logging_mixin.py:190} INFO - [2025-01-19T03:24:55.166+0000] {dag.py:3239} INFO - Sync 3 DAGs
[2025-01-19T03:24:55.182+0000] {logging_mixin.py:190} INFO - [2025-01-19T03:24:55.182+0000] {dag.py:4180} INFO - Setting next_dagrun for dataset_with_extra_by_context to 2025-01-18 00:00:00+00:00, run_after=2025-01-19 00:00:00+00:00
[2025-01-19T03:24:55.185+0000] {logging_mixin.py:190} INFO - [2025-01-19T03:24:55.185+0000] {dag.py:4180} INFO - Setting next_dagrun for dataset_with_extra_by_yield to 2025-01-18 00:00:00+00:00, run_after=2025-01-19 00:00:00+00:00
[2025-01-19T03:24:55.187+0000] {logging_mixin.py:190} INFO - [2025-01-19T03:24:55.187+0000] {dag.py:4180} INFO - Setting next_dagrun for dataset_with_extra_from_classic_operator to 2025-01-18 00:00:00+00:00, run_after=2025-01-19 00:00:00+00:00
[2025-01-19T03:24:55.204+0000] {processor.py:208} INFO - Processing /home/vscode/.local/lib/python3.10/site-packages/airflow/example_dags/example_outlet_event_extra.py took 0.070 seconds
[2025-01-19T03:25:43.163+0000] {processor.py:186} INFO - Started process (PID=7419) to work on /home/vscode/.local/lib/python3.10/site-packages/airflow/example_dags/example_outlet_event_extra.py
[2025-01-19T03:25:43.164+0000] {processor.py:914} INFO - Processing file /home/vscode/.local/lib/python3.10/site-packages/airflow/example_dags/example_outlet_event_extra.py for tasks to queue
[2025-01-19T03:25:43.166+0000] {logging_mixin.py:190} INFO - [2025-01-19T03:25:43.165+0000] {dagbag.py:588} INFO - Filling up the DagBag from /home/vscode/.local/lib/python3.10/site-packages/airflow/example_dags/example_outlet_event_extra.py
[2025-01-19T03:25:43.176+0000] {processor.py:925} INFO - DAG(s) 'dataset_with_extra_by_yield', 'dataset_with_extra_from_classic_operator', 'dataset_with_extra_by_context' retrieved from /home/vscode/.local/lib/python3.10/site-packages/airflow/example_dags/example_outlet_event_extra.py
[2025-01-19T03:25:43.191+0000] {logging_mixin.py:190} INFO - [2025-01-19T03:25:43.191+0000] {dag.py:3239} INFO - Sync 3 DAGs
[2025-01-19T03:25:43.210+0000] {logging_mixin.py:190} INFO - [2025-01-19T03:25:43.210+0000] {dag.py:4180} INFO - Setting next_dagrun for dataset_with_extra_by_context to 2025-01-18 00:00:00+00:00, run_after=2025-01-19 00:00:00+00:00
[2025-01-19T03:25:43.215+0000] {logging_mixin.py:190} INFO - [2025-01-19T03:25:43.215+0000] {dag.py:4180} INFO - Setting next_dagrun for dataset_with_extra_by_yield to 2025-01-18 00:00:00+00:00, run_after=2025-01-19 00:00:00+00:00
[2025-01-19T03:25:43.217+0000] {logging_mixin.py:190} INFO - [2025-01-19T03:25:43.217+0000] {dag.py:4180} INFO - Setting next_dagrun for dataset_with_extra_from_classic_operator to 2025-01-18 00:00:00+00:00, run_after=2025-01-19 00:00:00+00:00
[2025-01-19T03:25:43.234+0000] {processor.py:208} INFO - Processing /home/vscode/.local/lib/python3.10/site-packages/airflow/example_dags/example_outlet_event_extra.py took 0.075 seconds
[2025-01-19T03:26:36.923+0000] {processor.py:186} INFO - Started process (PID=7833) to work on /home/vscode/.local/lib/python3.10/site-packages/airflow/example_dags/example_outlet_event_extra.py
[2025-01-19T03:26:36.924+0000] {processor.py:914} INFO - Processing file /home/vscode/.local/lib/python3.10/site-packages/airflow/example_dags/example_outlet_event_extra.py for tasks to queue
[2025-01-19T03:26:36.926+0000] {logging_mixin.py:190} INFO - [2025-01-19T03:26:36.926+0000] {dagbag.py:588} INFO - Filling up the DagBag from /home/vscode/.local/lib/python3.10/site-packages/airflow/example_dags/example_outlet_event_extra.py
[2025-01-19T03:26:36.937+0000] {processor.py:925} INFO - DAG(s) 'dataset_with_extra_from_classic_operator', 'dataset_with_extra_by_yield', 'dataset_with_extra_by_context' retrieved from /home/vscode/.local/lib/python3.10/site-packages/airflow/example_dags/example_outlet_event_extra.py
[2025-01-19T03:26:36.951+0000] {logging_mixin.py:190} INFO - [2025-01-19T03:26:36.951+0000] {dag.py:3239} INFO - Sync 3 DAGs
[2025-01-19T03:26:36.968+0000] {logging_mixin.py:190} INFO - [2025-01-19T03:26:36.968+0000] {dag.py:4180} INFO - Setting next_dagrun for dataset_with_extra_by_context to 2025-01-18 00:00:00+00:00, run_after=2025-01-19 00:00:00+00:00
[2025-01-19T03:26:36.971+0000] {logging_mixin.py:190} INFO - [2025-01-19T03:26:36.971+0000] {dag.py:4180} INFO - Setting next_dagrun for dataset_with_extra_by_yield to 2025-01-18 00:00:00+00:00, run_after=2025-01-19 00:00:00+00:00
[2025-01-19T03:26:36.973+0000] {logging_mixin.py:190} INFO - [2025-01-19T03:26:36.973+0000] {dag.py:4180} INFO - Setting next_dagrun for dataset_with_extra_from_classic_operator to 2025-01-18 00:00:00+00:00, run_after=2025-01-19 00:00:00+00:00
[2025-01-19T03:26:36.989+0000] {processor.py:208} INFO - Processing /home/vscode/.local/lib/python3.10/site-packages/airflow/example_dags/example_outlet_event_extra.py took 0.070 seconds
[2025-01-19T03:27:30.081+0000] {processor.py:186} INFO - Started process (PID=8228) to work on /home/vscode/.local/lib/python3.10/site-packages/airflow/example_dags/example_outlet_event_extra.py
[2025-01-19T03:27:30.082+0000] {processor.py:914} INFO - Processing file /home/vscode/.local/lib/python3.10/site-packages/airflow/example_dags/example_outlet_event_extra.py for tasks to queue
[2025-01-19T03:27:30.083+0000] {logging_mixin.py:190} INFO - [2025-01-19T03:27:30.083+0000] {dagbag.py:588} INFO - Filling up the DagBag from /home/vscode/.local/lib/python3.10/site-packages/airflow/example_dags/example_outlet_event_extra.py
[2025-01-19T03:27:30.098+0000] {processor.py:925} INFO - DAG(s) 'dataset_with_extra_by_yield', 'dataset_with_extra_from_classic_operator', 'dataset_with_extra_by_context' retrieved from /home/vscode/.local/lib/python3.10/site-packages/airflow/example_dags/example_outlet_event_extra.py
[2025-01-19T03:27:30.122+0000] {logging_mixin.py:190} INFO - [2025-01-19T03:27:30.122+0000] {dag.py:3239} INFO - Sync 3 DAGs
[2025-01-19T03:27:30.148+0000] {logging_mixin.py:190} INFO - [2025-01-19T03:27:30.148+0000] {dag.py:4180} INFO - Setting next_dagrun for dataset_with_extra_by_context to 2025-01-18 00:00:00+00:00, run_after=2025-01-19 00:00:00+00:00
[2025-01-19T03:27:30.155+0000] {logging_mixin.py:190} INFO - [2025-01-19T03:27:30.155+0000] {dag.py:4180} INFO - Setting next_dagrun for dataset_with_extra_by_yield to 2025-01-18 00:00:00+00:00, run_after=2025-01-19 00:00:00+00:00
[2025-01-19T03:27:30.159+0000] {logging_mixin.py:190} INFO - [2025-01-19T03:27:30.158+0000] {dag.py:4180} INFO - Setting next_dagrun for dataset_with_extra_from_classic_operator to 2025-01-18 00:00:00+00:00, run_after=2025-01-19 00:00:00+00:00
[2025-01-19T03:27:30.180+0000] {processor.py:208} INFO - Processing /home/vscode/.local/lib/python3.10/site-packages/airflow/example_dags/example_outlet_event_extra.py took 0.104 seconds
[2025-01-19T03:28:24.375+0000] {processor.py:186} INFO - Started process (PID=8740) to work on /home/vscode/.local/lib/python3.10/site-packages/airflow/example_dags/example_outlet_event_extra.py
[2025-01-19T03:28:24.376+0000] {processor.py:914} INFO - Processing file /home/vscode/.local/lib/python3.10/site-packages/airflow/example_dags/example_outlet_event_extra.py for tasks to queue
[2025-01-19T03:28:24.378+0000] {logging_mixin.py:190} INFO - [2025-01-19T03:28:24.377+0000] {dagbag.py:588} INFO - Filling up the DagBag from /home/vscode/.local/lib/python3.10/site-packages/airflow/example_dags/example_outlet_event_extra.py
[2025-01-19T03:28:24.388+0000] {processor.py:925} INFO - DAG(s) 'dataset_with_extra_by_yield', 'dataset_with_extra_by_context', 'dataset_with_extra_from_classic_operator' retrieved from /home/vscode/.local/lib/python3.10/site-packages/airflow/example_dags/example_outlet_event_extra.py
[2025-01-19T03:28:24.404+0000] {logging_mixin.py:190} INFO - [2025-01-19T03:28:24.404+0000] {dag.py:3239} INFO - Sync 3 DAGs
[2025-01-19T03:28:24.422+0000] {logging_mixin.py:190} INFO - [2025-01-19T03:28:24.422+0000] {dag.py:4180} INFO - Setting next_dagrun for dataset_with_extra_by_context to 2025-01-18 00:00:00+00:00, run_after=2025-01-19 00:00:00+00:00
[2025-01-19T03:28:24.426+0000] {logging_mixin.py:190} INFO - [2025-01-19T03:28:24.425+0000] {dag.py:4180} INFO - Setting next_dagrun for dataset_with_extra_by_yield to 2025-01-18 00:00:00+00:00, run_after=2025-01-19 00:00:00+00:00
[2025-01-19T03:28:24.428+0000] {logging_mixin.py:190} INFO - [2025-01-19T03:28:24.428+0000] {dag.py:4180} INFO - Setting next_dagrun for dataset_with_extra_from_classic_operator to 2025-01-18 00:00:00+00:00, run_after=2025-01-19 00:00:00+00:00
[2025-01-19T03:28:24.446+0000] {processor.py:208} INFO - Processing /home/vscode/.local/lib/python3.10/site-packages/airflow/example_dags/example_outlet_event_extra.py took 0.075 seconds
[2025-01-19T03:29:17.610+0000] {processor.py:186} INFO - Started process (PID=9142) to work on /home/vscode/.local/lib/python3.10/site-packages/airflow/example_dags/example_outlet_event_extra.py
[2025-01-19T03:29:17.611+0000] {processor.py:914} INFO - Processing file /home/vscode/.local/lib/python3.10/site-packages/airflow/example_dags/example_outlet_event_extra.py for tasks to queue
[2025-01-19T03:29:17.612+0000] {logging_mixin.py:190} INFO - [2025-01-19T03:29:17.612+0000] {dagbag.py:588} INFO - Filling up the DagBag from /home/vscode/.local/lib/python3.10/site-packages/airflow/example_dags/example_outlet_event_extra.py
[2025-01-19T03:29:17.623+0000] {processor.py:925} INFO - DAG(s) 'dataset_with_extra_by_context', 'dataset_with_extra_by_yield', 'dataset_with_extra_from_classic_operator' retrieved from /home/vscode/.local/lib/python3.10/site-packages/airflow/example_dags/example_outlet_event_extra.py
[2025-01-19T03:29:17.638+0000] {logging_mixin.py:190} INFO - [2025-01-19T03:29:17.638+0000] {dag.py:3239} INFO - Sync 3 DAGs
[2025-01-19T03:29:17.654+0000] {logging_mixin.py:190} INFO - [2025-01-19T03:29:17.654+0000] {dag.py:4180} INFO - Setting next_dagrun for dataset_with_extra_by_context to 2025-01-18 00:00:00+00:00, run_after=2025-01-19 00:00:00+00:00
[2025-01-19T03:29:17.658+0000] {logging_mixin.py:190} INFO - [2025-01-19T03:29:17.658+0000] {dag.py:4180} INFO - Setting next_dagrun for dataset_with_extra_by_yield to 2025-01-18 00:00:00+00:00, run_after=2025-01-19 00:00:00+00:00
[2025-01-19T03:29:17.659+0000] {logging_mixin.py:190} INFO - [2025-01-19T03:29:17.659+0000] {dag.py:4180} INFO - Setting next_dagrun for dataset_with_extra_from_classic_operator to 2025-01-18 00:00:00+00:00, run_after=2025-01-19 00:00:00+00:00
[2025-01-19T03:29:17.675+0000] {processor.py:208} INFO - Processing /home/vscode/.local/lib/python3.10/site-packages/airflow/example_dags/example_outlet_event_extra.py took 0.070 seconds
[2025-01-19T03:30:07.804+0000] {processor.py:186} INFO - Started process (PID=9478) to work on /home/vscode/.local/lib/python3.10/site-packages/airflow/example_dags/example_outlet_event_extra.py
[2025-01-19T03:30:07.805+0000] {processor.py:914} INFO - Processing file /home/vscode/.local/lib/python3.10/site-packages/airflow/example_dags/example_outlet_event_extra.py for tasks to queue
[2025-01-19T03:30:07.807+0000] {logging_mixin.py:190} INFO - [2025-01-19T03:30:07.806+0000] {dagbag.py:588} INFO - Filling up the DagBag from /home/vscode/.local/lib/python3.10/site-packages/airflow/example_dags/example_outlet_event_extra.py
[2025-01-19T03:30:07.817+0000] {processor.py:925} INFO - DAG(s) 'dataset_with_extra_by_yield', 'dataset_with_extra_from_classic_operator', 'dataset_with_extra_by_context' retrieved from /home/vscode/.local/lib/python3.10/site-packages/airflow/example_dags/example_outlet_event_extra.py
[2025-01-19T03:30:07.833+0000] {logging_mixin.py:190} INFO - [2025-01-19T03:30:07.833+0000] {dag.py:3239} INFO - Sync 3 DAGs
[2025-01-19T03:30:07.849+0000] {logging_mixin.py:190} INFO - [2025-01-19T03:30:07.849+0000] {dag.py:4180} INFO - Setting next_dagrun for dataset_with_extra_by_context to 2025-01-18 00:00:00+00:00, run_after=2025-01-19 00:00:00+00:00
[2025-01-19T03:30:07.852+0000] {logging_mixin.py:190} INFO - [2025-01-19T03:30:07.852+0000] {dag.py:4180} INFO - Setting next_dagrun for dataset_with_extra_by_yield to 2025-01-18 00:00:00+00:00, run_after=2025-01-19 00:00:00+00:00
[2025-01-19T03:30:07.854+0000] {logging_mixin.py:190} INFO - [2025-01-19T03:30:07.854+0000] {dag.py:4180} INFO - Setting next_dagrun for dataset_with_extra_from_classic_operator to 2025-01-18 00:00:00+00:00, run_after=2025-01-19 00:00:00+00:00
[2025-01-19T03:30:07.871+0000] {processor.py:208} INFO - Processing /home/vscode/.local/lib/python3.10/site-packages/airflow/example_dags/example_outlet_event_extra.py took 0.071 seconds
[2025-01-19T03:31:15.765+0000] {processor.py:186} INFO - Started process (PID=9935) to work on /home/vscode/.local/lib/python3.10/site-packages/airflow/example_dags/example_outlet_event_extra.py
[2025-01-19T03:31:15.766+0000] {processor.py:914} INFO - Processing file /home/vscode/.local/lib/python3.10/site-packages/airflow/example_dags/example_outlet_event_extra.py for tasks to queue
[2025-01-19T03:31:15.767+0000] {logging_mixin.py:190} INFO - [2025-01-19T03:31:15.767+0000] {dagbag.py:588} INFO - Filling up the DagBag from /home/vscode/.local/lib/python3.10/site-packages/airflow/example_dags/example_outlet_event_extra.py
[2025-01-19T03:31:15.778+0000] {processor.py:925} INFO - DAG(s) 'dataset_with_extra_by_yield', 'dataset_with_extra_by_context', 'dataset_with_extra_from_classic_operator' retrieved from /home/vscode/.local/lib/python3.10/site-packages/airflow/example_dags/example_outlet_event_extra.py
[2025-01-19T03:31:15.793+0000] {logging_mixin.py:190} INFO - [2025-01-19T03:31:15.793+0000] {dag.py:3239} INFO - Sync 3 DAGs
[2025-01-19T03:31:15.809+0000] {logging_mixin.py:190} INFO - [2025-01-19T03:31:15.809+0000] {dag.py:4180} INFO - Setting next_dagrun for dataset_with_extra_by_context to 2025-01-18 00:00:00+00:00, run_after=2025-01-19 00:00:00+00:00
[2025-01-19T03:31:15.812+0000] {logging_mixin.py:190} INFO - [2025-01-19T03:31:15.812+0000] {dag.py:4180} INFO - Setting next_dagrun for dataset_with_extra_by_yield to 2025-01-18 00:00:00+00:00, run_after=2025-01-19 00:00:00+00:00
[2025-01-19T03:31:15.814+0000] {logging_mixin.py:190} INFO - [2025-01-19T03:31:15.814+0000] {dag.py:4180} INFO - Setting next_dagrun for dataset_with_extra_from_classic_operator to 2025-01-18 00:00:00+00:00, run_after=2025-01-19 00:00:00+00:00
[2025-01-19T03:31:15.830+0000] {processor.py:208} INFO - Processing /home/vscode/.local/lib/python3.10/site-packages/airflow/example_dags/example_outlet_event_extra.py took 0.069 seconds
[2025-01-19T03:32:07.170+0000] {processor.py:186} INFO - Started process (PID=10346) to work on /home/vscode/.local/lib/python3.10/site-packages/airflow/example_dags/example_outlet_event_extra.py
[2025-01-19T03:32:07.171+0000] {processor.py:914} INFO - Processing file /home/vscode/.local/lib/python3.10/site-packages/airflow/example_dags/example_outlet_event_extra.py for tasks to queue
[2025-01-19T03:32:07.172+0000] {logging_mixin.py:190} INFO - [2025-01-19T03:32:07.172+0000] {dagbag.py:588} INFO - Filling up the DagBag from /home/vscode/.local/lib/python3.10/site-packages/airflow/example_dags/example_outlet_event_extra.py
[2025-01-19T03:32:07.183+0000] {processor.py:925} INFO - DAG(s) 'dataset_with_extra_by_yield', 'dataset_with_extra_by_context', 'dataset_with_extra_from_classic_operator' retrieved from /home/vscode/.local/lib/python3.10/site-packages/airflow/example_dags/example_outlet_event_extra.py
[2025-01-19T03:32:07.199+0000] {logging_mixin.py:190} INFO - [2025-01-19T03:32:07.198+0000] {dag.py:3239} INFO - Sync 3 DAGs
[2025-01-19T03:32:07.215+0000] {logging_mixin.py:190} INFO - [2025-01-19T03:32:07.214+0000] {dag.py:4180} INFO - Setting next_dagrun for dataset_with_extra_by_context to 2025-01-18 00:00:00+00:00, run_after=2025-01-19 00:00:00+00:00
[2025-01-19T03:32:07.218+0000] {logging_mixin.py:190} INFO - [2025-01-19T03:32:07.218+0000] {dag.py:4180} INFO - Setting next_dagrun for dataset_with_extra_by_yield to 2025-01-18 00:00:00+00:00, run_after=2025-01-19 00:00:00+00:00
[2025-01-19T03:32:07.220+0000] {logging_mixin.py:190} INFO - [2025-01-19T03:32:07.220+0000] {dag.py:4180} INFO - Setting next_dagrun for dataset_with_extra_from_classic_operator to 2025-01-18 00:00:00+00:00, run_after=2025-01-19 00:00:00+00:00
[2025-01-19T03:32:07.236+0000] {processor.py:208} INFO - Processing /home/vscode/.local/lib/python3.10/site-packages/airflow/example_dags/example_outlet_event_extra.py took 0.070 seconds
[2025-01-19T03:32:58.022+0000] {processor.py:186} INFO - Started process (PID=10768) to work on /home/vscode/.local/lib/python3.10/site-packages/airflow/example_dags/example_outlet_event_extra.py
[2025-01-19T03:32:58.023+0000] {processor.py:914} INFO - Processing file /home/vscode/.local/lib/python3.10/site-packages/airflow/example_dags/example_outlet_event_extra.py for tasks to queue
[2025-01-19T03:32:58.024+0000] {logging_mixin.py:190} INFO - [2025-01-19T03:32:58.024+0000] {dagbag.py:588} INFO - Filling up the DagBag from /home/vscode/.local/lib/python3.10/site-packages/airflow/example_dags/example_outlet_event_extra.py
[2025-01-19T03:32:58.036+0000] {processor.py:925} INFO - DAG(s) 'dataset_with_extra_by_yield', 'dataset_with_extra_from_classic_operator', 'dataset_with_extra_by_context' retrieved from /home/vscode/.local/lib/python3.10/site-packages/airflow/example_dags/example_outlet_event_extra.py
[2025-01-19T03:32:58.051+0000] {logging_mixin.py:190} INFO - [2025-01-19T03:32:58.051+0000] {dag.py:3239} INFO - Sync 3 DAGs
[2025-01-19T03:32:58.067+0000] {logging_mixin.py:190} INFO - [2025-01-19T03:32:58.067+0000] {dag.py:4180} INFO - Setting next_dagrun for dataset_with_extra_by_context to 2025-01-18 00:00:00+00:00, run_after=2025-01-19 00:00:00+00:00
[2025-01-19T03:32:58.071+0000] {logging_mixin.py:190} INFO - [2025-01-19T03:32:58.071+0000] {dag.py:4180} INFO - Setting next_dagrun for dataset_with_extra_by_yield to 2025-01-18 00:00:00+00:00, run_after=2025-01-19 00:00:00+00:00
[2025-01-19T03:32:58.073+0000] {logging_mixin.py:190} INFO - [2025-01-19T03:32:58.073+0000] {dag.py:4180} INFO - Setting next_dagrun for dataset_with_extra_from_classic_operator to 2025-01-18 00:00:00+00:00, run_after=2025-01-19 00:00:00+00:00
[2025-01-19T03:32:58.088+0000] {processor.py:208} INFO - Processing /home/vscode/.local/lib/python3.10/site-packages/airflow/example_dags/example_outlet_event_extra.py took 0.071 seconds
[2025-01-19T03:33:50.068+0000] {processor.py:186} INFO - Started process (PID=11125) to work on /home/vscode/.local/lib/python3.10/site-packages/airflow/example_dags/example_outlet_event_extra.py
[2025-01-19T03:33:50.069+0000] {processor.py:914} INFO - Processing file /home/vscode/.local/lib/python3.10/site-packages/airflow/example_dags/example_outlet_event_extra.py for tasks to queue
[2025-01-19T03:33:50.070+0000] {logging_mixin.py:190} INFO - [2025-01-19T03:33:50.070+0000] {dagbag.py:588} INFO - Filling up the DagBag from /home/vscode/.local/lib/python3.10/site-packages/airflow/example_dags/example_outlet_event_extra.py
[2025-01-19T03:33:50.081+0000] {processor.py:925} INFO - DAG(s) 'dataset_with_extra_by_context', 'dataset_with_extra_from_classic_operator', 'dataset_with_extra_by_yield' retrieved from /home/vscode/.local/lib/python3.10/site-packages/airflow/example_dags/example_outlet_event_extra.py
[2025-01-19T03:33:50.096+0000] {logging_mixin.py:190} INFO - [2025-01-19T03:33:50.096+0000] {dag.py:3239} INFO - Sync 3 DAGs
[2025-01-19T03:33:50.112+0000] {logging_mixin.py:190} INFO - [2025-01-19T03:33:50.112+0000] {dag.py:4180} INFO - Setting next_dagrun for dataset_with_extra_by_context to 2025-01-18 00:00:00+00:00, run_after=2025-01-19 00:00:00+00:00
[2025-01-19T03:33:50.116+0000] {logging_mixin.py:190} INFO - [2025-01-19T03:33:50.115+0000] {dag.py:4180} INFO - Setting next_dagrun for dataset_with_extra_by_yield to 2025-01-18 00:00:00+00:00, run_after=2025-01-19 00:00:00+00:00
[2025-01-19T03:33:50.117+0000] {logging_mixin.py:190} INFO - [2025-01-19T03:33:50.117+0000] {dag.py:4180} INFO - Setting next_dagrun for dataset_with_extra_from_classic_operator to 2025-01-18 00:00:00+00:00, run_after=2025-01-19 00:00:00+00:00
[2025-01-19T03:33:50.135+0000] {processor.py:208} INFO - Processing /home/vscode/.local/lib/python3.10/site-packages/airflow/example_dags/example_outlet_event_extra.py took 0.072 seconds
[2025-01-19T03:34:39.114+0000] {processor.py:186} INFO - Started process (PID=11508) to work on /home/vscode/.local/lib/python3.10/site-packages/airflow/example_dags/example_outlet_event_extra.py
[2025-01-19T03:34:39.115+0000] {processor.py:914} INFO - Processing file /home/vscode/.local/lib/python3.10/site-packages/airflow/example_dags/example_outlet_event_extra.py for tasks to queue
[2025-01-19T03:34:39.117+0000] {logging_mixin.py:190} INFO - [2025-01-19T03:34:39.116+0000] {dagbag.py:588} INFO - Filling up the DagBag from /home/vscode/.local/lib/python3.10/site-packages/airflow/example_dags/example_outlet_event_extra.py
[2025-01-19T03:34:39.128+0000] {processor.py:925} INFO - DAG(s) 'dataset_with_extra_by_yield', 'dataset_with_extra_by_context', 'dataset_with_extra_from_classic_operator' retrieved from /home/vscode/.local/lib/python3.10/site-packages/airflow/example_dags/example_outlet_event_extra.py
[2025-01-19T03:34:39.143+0000] {logging_mixin.py:190} INFO - [2025-01-19T03:34:39.143+0000] {dag.py:3239} INFO - Sync 3 DAGs
[2025-01-19T03:34:39.158+0000] {logging_mixin.py:190} INFO - [2025-01-19T03:34:39.158+0000] {dag.py:4180} INFO - Setting next_dagrun for dataset_with_extra_by_context to 2025-01-18 00:00:00+00:00, run_after=2025-01-19 00:00:00+00:00
[2025-01-19T03:34:39.162+0000] {logging_mixin.py:190} INFO - [2025-01-19T03:34:39.162+0000] {dag.py:4180} INFO - Setting next_dagrun for dataset_with_extra_by_yield to 2025-01-18 00:00:00+00:00, run_after=2025-01-19 00:00:00+00:00
[2025-01-19T03:34:39.163+0000] {logging_mixin.py:190} INFO - [2025-01-19T03:34:39.163+0000] {dag.py:4180} INFO - Setting next_dagrun for dataset_with_extra_from_classic_operator to 2025-01-18 00:00:00+00:00, run_after=2025-01-19 00:00:00+00:00
[2025-01-19T03:34:39.180+0000] {processor.py:208} INFO - Processing /home/vscode/.local/lib/python3.10/site-packages/airflow/example_dags/example_outlet_event_extra.py took 0.070 seconds
[2025-01-19T03:35:29.346+0000] {processor.py:186} INFO - Started process (PID=11900) to work on /home/vscode/.local/lib/python3.10/site-packages/airflow/example_dags/example_outlet_event_extra.py
[2025-01-19T03:35:29.347+0000] {processor.py:914} INFO - Processing file /home/vscode/.local/lib/python3.10/site-packages/airflow/example_dags/example_outlet_event_extra.py for tasks to queue
[2025-01-19T03:35:29.348+0000] {logging_mixin.py:190} INFO - [2025-01-19T03:35:29.348+0000] {dagbag.py:588} INFO - Filling up the DagBag from /home/vscode/.local/lib/python3.10/site-packages/airflow/example_dags/example_outlet_event_extra.py
[2025-01-19T03:35:29.359+0000] {processor.py:925} INFO - DAG(s) 'dataset_with_extra_by_yield', 'dataset_with_extra_from_classic_operator', 'dataset_with_extra_by_context' retrieved from /home/vscode/.local/lib/python3.10/site-packages/airflow/example_dags/example_outlet_event_extra.py
[2025-01-19T03:35:29.374+0000] {logging_mixin.py:190} INFO - [2025-01-19T03:35:29.374+0000] {dag.py:3239} INFO - Sync 3 DAGs
[2025-01-19T03:35:29.390+0000] {logging_mixin.py:190} INFO - [2025-01-19T03:35:29.390+0000] {dag.py:4180} INFO - Setting next_dagrun for dataset_with_extra_by_context to 2025-01-18 00:00:00+00:00, run_after=2025-01-19 00:00:00+00:00
[2025-01-19T03:35:29.394+0000] {logging_mixin.py:190} INFO - [2025-01-19T03:35:29.393+0000] {dag.py:4180} INFO - Setting next_dagrun for dataset_with_extra_by_yield to 2025-01-18 00:00:00+00:00, run_after=2025-01-19 00:00:00+00:00
[2025-01-19T03:35:29.395+0000] {logging_mixin.py:190} INFO - [2025-01-19T03:35:29.395+0000] {dag.py:4180} INFO - Setting next_dagrun for dataset_with_extra_from_classic_operator to 2025-01-18 00:00:00+00:00, run_after=2025-01-19 00:00:00+00:00
[2025-01-19T03:35:29.411+0000] {processor.py:208} INFO - Processing /home/vscode/.local/lib/python3.10/site-packages/airflow/example_dags/example_outlet_event_extra.py took 0.070 seconds
[2025-01-19T03:36:20.080+0000] {processor.py:186} INFO - Started process (PID=12278) to work on /home/vscode/.local/lib/python3.10/site-packages/airflow/example_dags/example_outlet_event_extra.py
[2025-01-19T03:36:20.080+0000] {processor.py:914} INFO - Processing file /home/vscode/.local/lib/python3.10/site-packages/airflow/example_dags/example_outlet_event_extra.py for tasks to queue
[2025-01-19T03:36:20.082+0000] {logging_mixin.py:190} INFO - [2025-01-19T03:36:20.082+0000] {dagbag.py:588} INFO - Filling up the DagBag from /home/vscode/.local/lib/python3.10/site-packages/airflow/example_dags/example_outlet_event_extra.py
[2025-01-19T03:36:20.093+0000] {processor.py:925} INFO - DAG(s) 'dataset_with_extra_from_classic_operator', 'dataset_with_extra_by_context', 'dataset_with_extra_by_yield' retrieved from /home/vscode/.local/lib/python3.10/site-packages/airflow/example_dags/example_outlet_event_extra.py
[2025-01-19T03:36:20.108+0000] {logging_mixin.py:190} INFO - [2025-01-19T03:36:20.108+0000] {dag.py:3239} INFO - Sync 3 DAGs
[2025-01-19T03:36:20.125+0000] {logging_mixin.py:190} INFO - [2025-01-19T03:36:20.125+0000] {dag.py:4180} INFO - Setting next_dagrun for dataset_with_extra_by_context to 2025-01-18 00:00:00+00:00, run_after=2025-01-19 00:00:00+00:00
[2025-01-19T03:36:20.128+0000] {logging_mixin.py:190} INFO - [2025-01-19T03:36:20.128+0000] {dag.py:4180} INFO - Setting next_dagrun for dataset_with_extra_by_yield to 2025-01-18 00:00:00+00:00, run_after=2025-01-19 00:00:00+00:00
[2025-01-19T03:36:20.130+0000] {logging_mixin.py:190} INFO - [2025-01-19T03:36:20.130+0000] {dag.py:4180} INFO - Setting next_dagrun for dataset_with_extra_from_classic_operator to 2025-01-18 00:00:00+00:00, run_after=2025-01-19 00:00:00+00:00
[2025-01-19T03:36:20.146+0000] {processor.py:208} INFO - Processing /home/vscode/.local/lib/python3.10/site-packages/airflow/example_dags/example_outlet_event_extra.py took 0.071 seconds
[2025-01-19T03:37:08.107+0000] {processor.py:186} INFO - Started process (PID=12595) to work on /home/vscode/.local/lib/python3.10/site-packages/airflow/example_dags/example_outlet_event_extra.py
[2025-01-19T03:37:08.108+0000] {processor.py:914} INFO - Processing file /home/vscode/.local/lib/python3.10/site-packages/airflow/example_dags/example_outlet_event_extra.py for tasks to queue
[2025-01-19T03:37:08.109+0000] {logging_mixin.py:190} INFO - [2025-01-19T03:37:08.109+0000] {dagbag.py:588} INFO - Filling up the DagBag from /home/vscode/.local/lib/python3.10/site-packages/airflow/example_dags/example_outlet_event_extra.py
[2025-01-19T03:37:08.124+0000] {processor.py:925} INFO - DAG(s) 'dataset_with_extra_by_context', 'dataset_with_extra_from_classic_operator', 'dataset_with_extra_by_yield' retrieved from /home/vscode/.local/lib/python3.10/site-packages/airflow/example_dags/example_outlet_event_extra.py
[2025-01-19T03:37:08.140+0000] {logging_mixin.py:190} INFO - [2025-01-19T03:37:08.140+0000] {dag.py:3239} INFO - Sync 3 DAGs
[2025-01-19T03:37:08.156+0000] {logging_mixin.py:190} INFO - [2025-01-19T03:37:08.156+0000] {dag.py:4180} INFO - Setting next_dagrun for dataset_with_extra_by_context to 2025-01-18 00:00:00+00:00, run_after=2025-01-19 00:00:00+00:00
[2025-01-19T03:37:08.159+0000] {logging_mixin.py:190} INFO - [2025-01-19T03:37:08.159+0000] {dag.py:4180} INFO - Setting next_dagrun for dataset_with_extra_by_yield to 2025-01-18 00:00:00+00:00, run_after=2025-01-19 00:00:00+00:00
[2025-01-19T03:37:08.161+0000] {logging_mixin.py:190} INFO - [2025-01-19T03:37:08.161+0000] {dag.py:4180} INFO - Setting next_dagrun for dataset_with_extra_from_classic_operator to 2025-01-18 00:00:00+00:00, run_after=2025-01-19 00:00:00+00:00
[2025-01-19T03:37:08.177+0000] {processor.py:208} INFO - Processing /home/vscode/.local/lib/python3.10/site-packages/airflow/example_dags/example_outlet_event_extra.py took 0.074 seconds
[2025-01-19T03:37:58.555+0000] {processor.py:186} INFO - Started process (PID=12946) to work on /home/vscode/.local/lib/python3.10/site-packages/airflow/example_dags/example_outlet_event_extra.py
[2025-01-19T03:37:58.556+0000] {processor.py:914} INFO - Processing file /home/vscode/.local/lib/python3.10/site-packages/airflow/example_dags/example_outlet_event_extra.py for tasks to queue
[2025-01-19T03:37:58.558+0000] {logging_mixin.py:190} INFO - [2025-01-19T03:37:58.557+0000] {dagbag.py:588} INFO - Filling up the DagBag from /home/vscode/.local/lib/python3.10/site-packages/airflow/example_dags/example_outlet_event_extra.py
[2025-01-19T03:37:58.572+0000] {processor.py:925} INFO - DAG(s) 'dataset_with_extra_by_yield', 'dataset_with_extra_from_classic_operator', 'dataset_with_extra_by_context' retrieved from /home/vscode/.local/lib/python3.10/site-packages/airflow/example_dags/example_outlet_event_extra.py
[2025-01-19T03:37:58.598+0000] {logging_mixin.py:190} INFO - [2025-01-19T03:37:58.597+0000] {dag.py:3239} INFO - Sync 3 DAGs
[2025-01-19T03:37:58.623+0000] {logging_mixin.py:190} INFO - [2025-01-19T03:37:58.623+0000] {dag.py:4180} INFO - Setting next_dagrun for dataset_with_extra_by_context to 2025-01-18 00:00:00+00:00, run_after=2025-01-19 00:00:00+00:00
[2025-01-19T03:37:58.628+0000] {logging_mixin.py:190} INFO - [2025-01-19T03:37:58.628+0000] {dag.py:4180} INFO - Setting next_dagrun for dataset_with_extra_by_yield to 2025-01-18 00:00:00+00:00, run_after=2025-01-19 00:00:00+00:00
[2025-01-19T03:37:58.631+0000] {logging_mixin.py:190} INFO - [2025-01-19T03:37:58.631+0000] {dag.py:4180} INFO - Setting next_dagrun for dataset_with_extra_from_classic_operator to 2025-01-18 00:00:00+00:00, run_after=2025-01-19 00:00:00+00:00
[2025-01-19T03:37:58.648+0000] {processor.py:208} INFO - Processing /home/vscode/.local/lib/python3.10/site-packages/airflow/example_dags/example_outlet_event_extra.py took 0.097 seconds
[2025-01-19T03:38:48.769+0000] {processor.py:186} INFO - Started process (PID=13281) to work on /home/vscode/.local/lib/python3.10/site-packages/airflow/example_dags/example_outlet_event_extra.py
[2025-01-19T03:38:48.770+0000] {processor.py:914} INFO - Processing file /home/vscode/.local/lib/python3.10/site-packages/airflow/example_dags/example_outlet_event_extra.py for tasks to queue
[2025-01-19T03:38:48.771+0000] {logging_mixin.py:190} INFO - [2025-01-19T03:38:48.771+0000] {dagbag.py:588} INFO - Filling up the DagBag from /home/vscode/.local/lib/python3.10/site-packages/airflow/example_dags/example_outlet_event_extra.py
[2025-01-19T03:38:48.783+0000] {processor.py:925} INFO - DAG(s) 'dataset_with_extra_from_classic_operator', 'dataset_with_extra_by_yield', 'dataset_with_extra_by_context' retrieved from /home/vscode/.local/lib/python3.10/site-packages/airflow/example_dags/example_outlet_event_extra.py
[2025-01-19T03:38:48.798+0000] {logging_mixin.py:190} INFO - [2025-01-19T03:38:48.797+0000] {dag.py:3239} INFO - Sync 3 DAGs
[2025-01-19T03:38:48.817+0000] {logging_mixin.py:190} INFO - [2025-01-19T03:38:48.817+0000] {dag.py:4180} INFO - Setting next_dagrun for dataset_with_extra_by_context to 2025-01-18 00:00:00+00:00, run_after=2025-01-19 00:00:00+00:00
[2025-01-19T03:38:48.822+0000] {logging_mixin.py:190} INFO - [2025-01-19T03:38:48.822+0000] {dag.py:4180} INFO - Setting next_dagrun for dataset_with_extra_by_yield to 2025-01-18 00:00:00+00:00, run_after=2025-01-19 00:00:00+00:00
[2025-01-19T03:38:48.825+0000] {logging_mixin.py:190} INFO - [2025-01-19T03:38:48.825+0000] {dag.py:4180} INFO - Setting next_dagrun for dataset_with_extra_from_classic_operator to 2025-01-18 00:00:00+00:00, run_after=2025-01-19 00:00:00+00:00
[2025-01-19T03:38:48.849+0000] {processor.py:208} INFO - Processing /home/vscode/.local/lib/python3.10/site-packages/airflow/example_dags/example_outlet_event_extra.py took 0.085 seconds
[2025-01-19T03:39:39.355+0000] {processor.py:186} INFO - Started process (PID=13621) to work on /home/vscode/.local/lib/python3.10/site-packages/airflow/example_dags/example_outlet_event_extra.py
[2025-01-19T03:39:39.356+0000] {processor.py:914} INFO - Processing file /home/vscode/.local/lib/python3.10/site-packages/airflow/example_dags/example_outlet_event_extra.py for tasks to queue
[2025-01-19T03:39:39.358+0000] {logging_mixin.py:190} INFO - [2025-01-19T03:39:39.357+0000] {dagbag.py:588} INFO - Filling up the DagBag from /home/vscode/.local/lib/python3.10/site-packages/airflow/example_dags/example_outlet_event_extra.py
[2025-01-19T03:39:39.369+0000] {processor.py:925} INFO - DAG(s) 'dataset_with_extra_by_context', 'dataset_with_extra_from_classic_operator', 'dataset_with_extra_by_yield' retrieved from /home/vscode/.local/lib/python3.10/site-packages/airflow/example_dags/example_outlet_event_extra.py
[2025-01-19T03:39:39.385+0000] {logging_mixin.py:190} INFO - [2025-01-19T03:39:39.385+0000] {dag.py:3239} INFO - Sync 3 DAGs
[2025-01-19T03:39:39.401+0000] {logging_mixin.py:190} INFO - [2025-01-19T03:39:39.401+0000] {dag.py:4180} INFO - Setting next_dagrun for dataset_with_extra_by_context to 2025-01-18 00:00:00+00:00, run_after=2025-01-19 00:00:00+00:00
[2025-01-19T03:39:39.404+0000] {logging_mixin.py:190} INFO - [2025-01-19T03:39:39.404+0000] {dag.py:4180} INFO - Setting next_dagrun for dataset_with_extra_by_yield to 2025-01-18 00:00:00+00:00, run_after=2025-01-19 00:00:00+00:00
[2025-01-19T03:39:39.406+0000] {logging_mixin.py:190} INFO - [2025-01-19T03:39:39.406+0000] {dag.py:4180} INFO - Setting next_dagrun for dataset_with_extra_from_classic_operator to 2025-01-18 00:00:00+00:00, run_after=2025-01-19 00:00:00+00:00
[2025-01-19T03:39:39.422+0000] {processor.py:208} INFO - Processing /home/vscode/.local/lib/python3.10/site-packages/airflow/example_dags/example_outlet_event_extra.py took 0.072 seconds
[2025-01-19T03:40:32.143+0000] {processor.py:186} INFO - Started process (PID=13985) to work on /home/vscode/.local/lib/python3.10/site-packages/airflow/example_dags/example_outlet_event_extra.py
[2025-01-19T03:40:32.144+0000] {processor.py:914} INFO - Processing file /home/vscode/.local/lib/python3.10/site-packages/airflow/example_dags/example_outlet_event_extra.py for tasks to queue
[2025-01-19T03:40:32.146+0000] {logging_mixin.py:190} INFO - [2025-01-19T03:40:32.145+0000] {dagbag.py:588} INFO - Filling up the DagBag from /home/vscode/.local/lib/python3.10/site-packages/airflow/example_dags/example_outlet_event_extra.py
[2025-01-19T03:40:32.156+0000] {processor.py:925} INFO - DAG(s) 'dataset_with_extra_by_context', 'dataset_with_extra_from_classic_operator', 'dataset_with_extra_by_yield' retrieved from /home/vscode/.local/lib/python3.10/site-packages/airflow/example_dags/example_outlet_event_extra.py
[2025-01-19T03:40:32.172+0000] {logging_mixin.py:190} INFO - [2025-01-19T03:40:32.172+0000] {dag.py:3239} INFO - Sync 3 DAGs
[2025-01-19T03:40:32.189+0000] {logging_mixin.py:190} INFO - [2025-01-19T03:40:32.189+0000] {dag.py:4180} INFO - Setting next_dagrun for dataset_with_extra_by_context to 2025-01-18 00:00:00+00:00, run_after=2025-01-19 00:00:00+00:00
[2025-01-19T03:40:32.192+0000] {logging_mixin.py:190} INFO - [2025-01-19T03:40:32.192+0000] {dag.py:4180} INFO - Setting next_dagrun for dataset_with_extra_by_yield to 2025-01-18 00:00:00+00:00, run_after=2025-01-19 00:00:00+00:00
[2025-01-19T03:40:32.194+0000] {logging_mixin.py:190} INFO - [2025-01-19T03:40:32.194+0000] {dag.py:4180} INFO - Setting next_dagrun for dataset_with_extra_from_classic_operator to 2025-01-18 00:00:00+00:00, run_after=2025-01-19 00:00:00+00:00
[2025-01-19T03:40:32.210+0000] {processor.py:208} INFO - Processing /home/vscode/.local/lib/python3.10/site-packages/airflow/example_dags/example_outlet_event_extra.py took 0.071 seconds
[2025-01-19T03:41:21.839+0000] {processor.py:186} INFO - Started process (PID=14313) to work on /home/vscode/.local/lib/python3.10/site-packages/airflow/example_dags/example_outlet_event_extra.py
[2025-01-19T03:41:21.840+0000] {processor.py:914} INFO - Processing file /home/vscode/.local/lib/python3.10/site-packages/airflow/example_dags/example_outlet_event_extra.py for tasks to queue
[2025-01-19T03:41:21.842+0000] {logging_mixin.py:190} INFO - [2025-01-19T03:41:21.842+0000] {dagbag.py:588} INFO - Filling up the DagBag from /home/vscode/.local/lib/python3.10/site-packages/airflow/example_dags/example_outlet_event_extra.py
[2025-01-19T03:41:21.858+0000] {processor.py:925} INFO - DAG(s) 'dataset_with_extra_by_yield', 'dataset_with_extra_by_context', 'dataset_with_extra_from_classic_operator' retrieved from /home/vscode/.local/lib/python3.10/site-packages/airflow/example_dags/example_outlet_event_extra.py
[2025-01-19T03:41:21.878+0000] {logging_mixin.py:190} INFO - [2025-01-19T03:41:21.878+0000] {dag.py:3239} INFO - Sync 3 DAGs
[2025-01-19T03:41:21.903+0000] {logging_mixin.py:190} INFO - [2025-01-19T03:41:21.903+0000] {dag.py:4180} INFO - Setting next_dagrun for dataset_with_extra_by_context to 2025-01-18 00:00:00+00:00, run_after=2025-01-19 00:00:00+00:00
[2025-01-19T03:41:21.907+0000] {logging_mixin.py:190} INFO - [2025-01-19T03:41:21.907+0000] {dag.py:4180} INFO - Setting next_dagrun for dataset_with_extra_by_yield to 2025-01-18 00:00:00+00:00, run_after=2025-01-19 00:00:00+00:00
[2025-01-19T03:41:21.909+0000] {logging_mixin.py:190} INFO - [2025-01-19T03:41:21.909+0000] {dag.py:4180} INFO - Setting next_dagrun for dataset_with_extra_from_classic_operator to 2025-01-18 00:00:00+00:00, run_after=2025-01-19 00:00:00+00:00
[2025-01-19T03:41:21.926+0000] {processor.py:208} INFO - Processing /home/vscode/.local/lib/python3.10/site-packages/airflow/example_dags/example_outlet_event_extra.py took 0.094 seconds
[2025-01-19T03:42:12.529+0000] {processor.py:186} INFO - Started process (PID=14658) to work on /home/vscode/.local/lib/python3.10/site-packages/airflow/example_dags/example_outlet_event_extra.py
[2025-01-19T03:42:12.530+0000] {processor.py:914} INFO - Processing file /home/vscode/.local/lib/python3.10/site-packages/airflow/example_dags/example_outlet_event_extra.py for tasks to queue
[2025-01-19T03:42:12.532+0000] {logging_mixin.py:190} INFO - [2025-01-19T03:42:12.531+0000] {dagbag.py:588} INFO - Filling up the DagBag from /home/vscode/.local/lib/python3.10/site-packages/airflow/example_dags/example_outlet_event_extra.py
[2025-01-19T03:42:12.543+0000] {processor.py:925} INFO - DAG(s) 'dataset_with_extra_by_yield', 'dataset_with_extra_from_classic_operator', 'dataset_with_extra_by_context' retrieved from /home/vscode/.local/lib/python3.10/site-packages/airflow/example_dags/example_outlet_event_extra.py
[2025-01-19T03:42:12.558+0000] {logging_mixin.py:190} INFO - [2025-01-19T03:42:12.557+0000] {dag.py:3239} INFO - Sync 3 DAGs
[2025-01-19T03:42:12.577+0000] {logging_mixin.py:190} INFO - [2025-01-19T03:42:12.577+0000] {dag.py:4180} INFO - Setting next_dagrun for dataset_with_extra_by_context to 2025-01-18 00:00:00+00:00, run_after=2025-01-19 00:00:00+00:00
[2025-01-19T03:42:12.583+0000] {logging_mixin.py:190} INFO - [2025-01-19T03:42:12.583+0000] {dag.py:4180} INFO - Setting next_dagrun for dataset_with_extra_by_yield to 2025-01-18 00:00:00+00:00, run_after=2025-01-19 00:00:00+00:00
[2025-01-19T03:42:12.586+0000] {logging_mixin.py:190} INFO - [2025-01-19T03:42:12.586+0000] {dag.py:4180} INFO - Setting next_dagrun for dataset_with_extra_from_classic_operator to 2025-01-18 00:00:00+00:00, run_after=2025-01-19 00:00:00+00:00
[2025-01-19T03:42:12.609+0000] {processor.py:208} INFO - Processing /home/vscode/.local/lib/python3.10/site-packages/airflow/example_dags/example_outlet_event_extra.py took 0.084 seconds
[2025-01-19T03:43:02.550+0000] {processor.py:186} INFO - Started process (PID=14994) to work on /home/vscode/.local/lib/python3.10/site-packages/airflow/example_dags/example_outlet_event_extra.py
[2025-01-19T03:43:02.551+0000] {processor.py:914} INFO - Processing file /home/vscode/.local/lib/python3.10/site-packages/airflow/example_dags/example_outlet_event_extra.py for tasks to queue
[2025-01-19T03:43:02.553+0000] {logging_mixin.py:190} INFO - [2025-01-19T03:43:02.553+0000] {dagbag.py:588} INFO - Filling up the DagBag from /home/vscode/.local/lib/python3.10/site-packages/airflow/example_dags/example_outlet_event_extra.py
[2025-01-19T03:43:02.567+0000] {processor.py:925} INFO - DAG(s) 'dataset_with_extra_by_yield', 'dataset_with_extra_from_classic_operator', 'dataset_with_extra_by_context' retrieved from /home/vscode/.local/lib/python3.10/site-packages/airflow/example_dags/example_outlet_event_extra.py
[2025-01-19T03:43:02.591+0000] {logging_mixin.py:190} INFO - [2025-01-19T03:43:02.591+0000] {dag.py:3239} INFO - Sync 3 DAGs
[2025-01-19T03:43:02.610+0000] {logging_mixin.py:190} INFO - [2025-01-19T03:43:02.610+0000] {dag.py:4180} INFO - Setting next_dagrun for dataset_with_extra_by_context to 2025-01-18 00:00:00+00:00, run_after=2025-01-19 00:00:00+00:00
[2025-01-19T03:43:02.614+0000] {logging_mixin.py:190} INFO - [2025-01-19T03:43:02.614+0000] {dag.py:4180} INFO - Setting next_dagrun for dataset_with_extra_by_yield to 2025-01-18 00:00:00+00:00, run_after=2025-01-19 00:00:00+00:00
[2025-01-19T03:43:02.616+0000] {logging_mixin.py:190} INFO - [2025-01-19T03:43:02.616+0000] {dag.py:4180} INFO - Setting next_dagrun for dataset_with_extra_from_classic_operator to 2025-01-18 00:00:00+00:00, run_after=2025-01-19 00:00:00+00:00
[2025-01-19T03:43:02.646+0000] {processor.py:208} INFO - Processing /home/vscode/.local/lib/python3.10/site-packages/airflow/example_dags/example_outlet_event_extra.py took 0.102 seconds
[2025-01-19T03:43:55.019+0000] {processor.py:186} INFO - Started process (PID=15350) to work on /home/vscode/.local/lib/python3.10/site-packages/airflow/example_dags/example_outlet_event_extra.py
[2025-01-19T03:43:55.020+0000] {processor.py:914} INFO - Processing file /home/vscode/.local/lib/python3.10/site-packages/airflow/example_dags/example_outlet_event_extra.py for tasks to queue
[2025-01-19T03:43:55.022+0000] {logging_mixin.py:190} INFO - [2025-01-19T03:43:55.021+0000] {dagbag.py:588} INFO - Filling up the DagBag from /home/vscode/.local/lib/python3.10/site-packages/airflow/example_dags/example_outlet_event_extra.py
[2025-01-19T03:43:55.033+0000] {processor.py:925} INFO - DAG(s) 'dataset_with_extra_by_yield', 'dataset_with_extra_from_classic_operator', 'dataset_with_extra_by_context' retrieved from /home/vscode/.local/lib/python3.10/site-packages/airflow/example_dags/example_outlet_event_extra.py
[2025-01-19T03:43:55.055+0000] {logging_mixin.py:190} INFO - [2025-01-19T03:43:55.054+0000] {dag.py:3239} INFO - Sync 3 DAGs
[2025-01-19T03:43:55.079+0000] {logging_mixin.py:190} INFO - [2025-01-19T03:43:55.079+0000] {dag.py:4180} INFO - Setting next_dagrun for dataset_with_extra_by_context to 2025-01-18 00:00:00+00:00, run_after=2025-01-19 00:00:00+00:00
[2025-01-19T03:43:55.084+0000] {logging_mixin.py:190} INFO - [2025-01-19T03:43:55.084+0000] {dag.py:4180} INFO - Setting next_dagrun for dataset_with_extra_by_yield to 2025-01-18 00:00:00+00:00, run_after=2025-01-19 00:00:00+00:00
[2025-01-19T03:43:55.087+0000] {logging_mixin.py:190} INFO - [2025-01-19T03:43:55.087+0000] {dag.py:4180} INFO - Setting next_dagrun for dataset_with_extra_from_classic_operator to 2025-01-18 00:00:00+00:00, run_after=2025-01-19 00:00:00+00:00
[2025-01-19T03:43:55.103+0000] {processor.py:208} INFO - Processing /home/vscode/.local/lib/python3.10/site-packages/airflow/example_dags/example_outlet_event_extra.py took 0.089 seconds
[2025-01-19T03:44:48.057+0000] {processor.py:186} INFO - Started process (PID=15706) to work on /home/vscode/.local/lib/python3.10/site-packages/airflow/example_dags/example_outlet_event_extra.py
[2025-01-19T03:44:48.058+0000] {processor.py:914} INFO - Processing file /home/vscode/.local/lib/python3.10/site-packages/airflow/example_dags/example_outlet_event_extra.py for tasks to queue
[2025-01-19T03:44:48.059+0000] {logging_mixin.py:190} INFO - [2025-01-19T03:44:48.059+0000] {dagbag.py:588} INFO - Filling up the DagBag from /home/vscode/.local/lib/python3.10/site-packages/airflow/example_dags/example_outlet_event_extra.py
[2025-01-19T03:44:48.070+0000] {processor.py:925} INFO - DAG(s) 'dataset_with_extra_by_yield', 'dataset_with_extra_by_context', 'dataset_with_extra_from_classic_operator' retrieved from /home/vscode/.local/lib/python3.10/site-packages/airflow/example_dags/example_outlet_event_extra.py
[2025-01-19T03:44:48.085+0000] {logging_mixin.py:190} INFO - [2025-01-19T03:44:48.085+0000] {dag.py:3239} INFO - Sync 3 DAGs
[2025-01-19T03:44:48.104+0000] {logging_mixin.py:190} INFO - [2025-01-19T03:44:48.104+0000] {dag.py:4180} INFO - Setting next_dagrun for dataset_with_extra_by_context to 2025-01-18 00:00:00+00:00, run_after=2025-01-19 00:00:00+00:00
[2025-01-19T03:44:48.109+0000] {logging_mixin.py:190} INFO - [2025-01-19T03:44:48.109+0000] {dag.py:4180} INFO - Setting next_dagrun for dataset_with_extra_by_yield to 2025-01-18 00:00:00+00:00, run_after=2025-01-19 00:00:00+00:00
[2025-01-19T03:44:48.110+0000] {logging_mixin.py:190} INFO - [2025-01-19T03:44:48.110+0000] {dag.py:4180} INFO - Setting next_dagrun for dataset_with_extra_from_classic_operator to 2025-01-18 00:00:00+00:00, run_after=2025-01-19 00:00:00+00:00
[2025-01-19T03:44:48.129+0000] {processor.py:208} INFO - Processing /home/vscode/.local/lib/python3.10/site-packages/airflow/example_dags/example_outlet_event_extra.py took 0.076 seconds
[2025-01-19T03:45:40.177+0000] {processor.py:186} INFO - Started process (PID=16053) to work on /home/vscode/.local/lib/python3.10/site-packages/airflow/example_dags/example_outlet_event_extra.py
[2025-01-19T03:45:40.178+0000] {processor.py:914} INFO - Processing file /home/vscode/.local/lib/python3.10/site-packages/airflow/example_dags/example_outlet_event_extra.py for tasks to queue
[2025-01-19T03:45:40.180+0000] {logging_mixin.py:190} INFO - [2025-01-19T03:45:40.179+0000] {dagbag.py:588} INFO - Filling up the DagBag from /home/vscode/.local/lib/python3.10/site-packages/airflow/example_dags/example_outlet_event_extra.py
[2025-01-19T03:45:40.191+0000] {processor.py:925} INFO - DAG(s) 'dataset_with_extra_from_classic_operator', 'dataset_with_extra_by_yield', 'dataset_with_extra_by_context' retrieved from /home/vscode/.local/lib/python3.10/site-packages/airflow/example_dags/example_outlet_event_extra.py
[2025-01-19T03:45:40.206+0000] {logging_mixin.py:190} INFO - [2025-01-19T03:45:40.206+0000] {dag.py:3239} INFO - Sync 3 DAGs
[2025-01-19T03:45:40.222+0000] {logging_mixin.py:190} INFO - [2025-01-19T03:45:40.222+0000] {dag.py:4180} INFO - Setting next_dagrun for dataset_with_extra_by_context to 2025-01-18 00:00:00+00:00, run_after=2025-01-19 00:00:00+00:00
[2025-01-19T03:45:40.226+0000] {logging_mixin.py:190} INFO - [2025-01-19T03:45:40.225+0000] {dag.py:4180} INFO - Setting next_dagrun for dataset_with_extra_by_yield to 2025-01-18 00:00:00+00:00, run_after=2025-01-19 00:00:00+00:00
[2025-01-19T03:45:40.227+0000] {logging_mixin.py:190} INFO - [2025-01-19T03:45:40.227+0000] {dag.py:4180} INFO - Setting next_dagrun for dataset_with_extra_from_classic_operator to 2025-01-18 00:00:00+00:00, run_after=2025-01-19 00:00:00+00:00
[2025-01-19T03:45:40.243+0000] {processor.py:208} INFO - Processing /home/vscode/.local/lib/python3.10/site-packages/airflow/example_dags/example_outlet_event_extra.py took 0.071 seconds
[2025-01-19T03:46:30.229+0000] {processor.py:186} INFO - Started process (PID=16392) to work on /home/vscode/.local/lib/python3.10/site-packages/airflow/example_dags/example_outlet_event_extra.py
[2025-01-19T03:46:30.230+0000] {processor.py:914} INFO - Processing file /home/vscode/.local/lib/python3.10/site-packages/airflow/example_dags/example_outlet_event_extra.py for tasks to queue
[2025-01-19T03:46:30.232+0000] {logging_mixin.py:190} INFO - [2025-01-19T03:46:30.232+0000] {dagbag.py:588} INFO - Filling up the DagBag from /home/vscode/.local/lib/python3.10/site-packages/airflow/example_dags/example_outlet_event_extra.py
[2025-01-19T03:46:30.249+0000] {processor.py:925} INFO - DAG(s) 'dataset_with_extra_by_yield', 'dataset_with_extra_by_context', 'dataset_with_extra_from_classic_operator' retrieved from /home/vscode/.local/lib/python3.10/site-packages/airflow/example_dags/example_outlet_event_extra.py
[2025-01-19T03:46:30.270+0000] {logging_mixin.py:190} INFO - [2025-01-19T03:46:30.270+0000] {dag.py:3239} INFO - Sync 3 DAGs
[2025-01-19T03:46:30.287+0000] {logging_mixin.py:190} INFO - [2025-01-19T03:46:30.287+0000] {dag.py:4180} INFO - Setting next_dagrun for dataset_with_extra_by_context to 2025-01-18 00:00:00+00:00, run_after=2025-01-19 00:00:00+00:00
[2025-01-19T03:46:30.291+0000] {logging_mixin.py:190} INFO - [2025-01-19T03:46:30.291+0000] {dag.py:4180} INFO - Setting next_dagrun for dataset_with_extra_by_yield to 2025-01-18 00:00:00+00:00, run_after=2025-01-19 00:00:00+00:00
[2025-01-19T03:46:30.293+0000] {logging_mixin.py:190} INFO - [2025-01-19T03:46:30.293+0000] {dag.py:4180} INFO - Setting next_dagrun for dataset_with_extra_from_classic_operator to 2025-01-18 00:00:00+00:00, run_after=2025-01-19 00:00:00+00:00
[2025-01-19T03:46:30.309+0000] {processor.py:208} INFO - Processing /home/vscode/.local/lib/python3.10/site-packages/airflow/example_dags/example_outlet_event_extra.py took 0.086 seconds
[2025-01-19T03:47:22.719+0000] {processor.py:186} INFO - Started process (PID=16742) to work on /home/vscode/.local/lib/python3.10/site-packages/airflow/example_dags/example_outlet_event_extra.py
[2025-01-19T03:47:22.720+0000] {processor.py:914} INFO - Processing file /home/vscode/.local/lib/python3.10/site-packages/airflow/example_dags/example_outlet_event_extra.py for tasks to queue
[2025-01-19T03:47:22.721+0000] {logging_mixin.py:190} INFO - [2025-01-19T03:47:22.721+0000] {dagbag.py:588} INFO - Filling up the DagBag from /home/vscode/.local/lib/python3.10/site-packages/airflow/example_dags/example_outlet_event_extra.py
[2025-01-19T03:47:22.732+0000] {processor.py:925} INFO - DAG(s) 'dataset_with_extra_from_classic_operator', 'dataset_with_extra_by_context', 'dataset_with_extra_by_yield' retrieved from /home/vscode/.local/lib/python3.10/site-packages/airflow/example_dags/example_outlet_event_extra.py
[2025-01-19T03:47:22.747+0000] {logging_mixin.py:190} INFO - [2025-01-19T03:47:22.747+0000] {dag.py:3239} INFO - Sync 3 DAGs
[2025-01-19T03:47:22.763+0000] {logging_mixin.py:190} INFO - [2025-01-19T03:47:22.763+0000] {dag.py:4180} INFO - Setting next_dagrun for dataset_with_extra_by_context to 2025-01-18 00:00:00+00:00, run_after=2025-01-19 00:00:00+00:00
[2025-01-19T03:47:22.766+0000] {logging_mixin.py:190} INFO - [2025-01-19T03:47:22.766+0000] {dag.py:4180} INFO - Setting next_dagrun for dataset_with_extra_by_yield to 2025-01-18 00:00:00+00:00, run_after=2025-01-19 00:00:00+00:00
[2025-01-19T03:47:22.768+0000] {logging_mixin.py:190} INFO - [2025-01-19T03:47:22.768+0000] {dag.py:4180} INFO - Setting next_dagrun for dataset_with_extra_from_classic_operator to 2025-01-18 00:00:00+00:00, run_after=2025-01-19 00:00:00+00:00
[2025-01-19T03:47:22.785+0000] {processor.py:208} INFO - Processing /home/vscode/.local/lib/python3.10/site-packages/airflow/example_dags/example_outlet_event_extra.py took 0.070 seconds
[2025-01-19T03:48:14.700+0000] {processor.py:186} INFO - Started process (PID=17104) to work on /home/vscode/.local/lib/python3.10/site-packages/airflow/example_dags/example_outlet_event_extra.py
[2025-01-19T03:48:14.700+0000] {processor.py:914} INFO - Processing file /home/vscode/.local/lib/python3.10/site-packages/airflow/example_dags/example_outlet_event_extra.py for tasks to queue
[2025-01-19T03:48:14.702+0000] {logging_mixin.py:190} INFO - [2025-01-19T03:48:14.702+0000] {dagbag.py:588} INFO - Filling up the DagBag from /home/vscode/.local/lib/python3.10/site-packages/airflow/example_dags/example_outlet_event_extra.py
[2025-01-19T03:48:14.713+0000] {processor.py:925} INFO - DAG(s) 'dataset_with_extra_by_context', 'dataset_with_extra_from_classic_operator', 'dataset_with_extra_by_yield' retrieved from /home/vscode/.local/lib/python3.10/site-packages/airflow/example_dags/example_outlet_event_extra.py
[2025-01-19T03:48:14.729+0000] {logging_mixin.py:190} INFO - [2025-01-19T03:48:14.728+0000] {dag.py:3239} INFO - Sync 3 DAGs
[2025-01-19T03:48:14.745+0000] {logging_mixin.py:190} INFO - [2025-01-19T03:48:14.744+0000] {dag.py:4180} INFO - Setting next_dagrun for dataset_with_extra_by_context to 2025-01-18 00:00:00+00:00, run_after=2025-01-19 00:00:00+00:00
[2025-01-19T03:48:14.748+0000] {logging_mixin.py:190} INFO - [2025-01-19T03:48:14.748+0000] {dag.py:4180} INFO - Setting next_dagrun for dataset_with_extra_by_yield to 2025-01-18 00:00:00+00:00, run_after=2025-01-19 00:00:00+00:00
[2025-01-19T03:48:14.750+0000] {logging_mixin.py:190} INFO - [2025-01-19T03:48:14.750+0000] {dag.py:4180} INFO - Setting next_dagrun for dataset_with_extra_from_classic_operator to 2025-01-18 00:00:00+00:00, run_after=2025-01-19 00:00:00+00:00
[2025-01-19T03:48:14.766+0000] {processor.py:208} INFO - Processing /home/vscode/.local/lib/python3.10/site-packages/airflow/example_dags/example_outlet_event_extra.py took 0.071 seconds
[2025-01-19T03:49:04.235+0000] {processor.py:186} INFO - Started process (PID=17527) to work on /home/vscode/.local/lib/python3.10/site-packages/airflow/example_dags/example_outlet_event_extra.py
[2025-01-19T03:49:04.236+0000] {processor.py:914} INFO - Processing file /home/vscode/.local/lib/python3.10/site-packages/airflow/example_dags/example_outlet_event_extra.py for tasks to queue
[2025-01-19T03:49:04.237+0000] {logging_mixin.py:190} INFO - [2025-01-19T03:49:04.237+0000] {dagbag.py:588} INFO - Filling up the DagBag from /home/vscode/.local/lib/python3.10/site-packages/airflow/example_dags/example_outlet_event_extra.py
[2025-01-19T03:49:04.248+0000] {processor.py:925} INFO - DAG(s) 'dataset_with_extra_by_yield', 'dataset_with_extra_from_classic_operator', 'dataset_with_extra_by_context' retrieved from /home/vscode/.local/lib/python3.10/site-packages/airflow/example_dags/example_outlet_event_extra.py
[2025-01-19T03:49:04.264+0000] {logging_mixin.py:190} INFO - [2025-01-19T03:49:04.263+0000] {dag.py:3239} INFO - Sync 3 DAGs
[2025-01-19T03:49:04.281+0000] {logging_mixin.py:190} INFO - [2025-01-19T03:49:04.281+0000] {dag.py:4180} INFO - Setting next_dagrun for dataset_with_extra_by_context to 2025-01-18 00:00:00+00:00, run_after=2025-01-19 00:00:00+00:00
[2025-01-19T03:49:04.284+0000] {logging_mixin.py:190} INFO - [2025-01-19T03:49:04.284+0000] {dag.py:4180} INFO - Setting next_dagrun for dataset_with_extra_by_yield to 2025-01-18 00:00:00+00:00, run_after=2025-01-19 00:00:00+00:00
[2025-01-19T03:49:04.286+0000] {logging_mixin.py:190} INFO - [2025-01-19T03:49:04.286+0000] {dag.py:4180} INFO - Setting next_dagrun for dataset_with_extra_from_classic_operator to 2025-01-18 00:00:00+00:00, run_after=2025-01-19 00:00:00+00:00
[2025-01-19T03:49:04.302+0000] {processor.py:208} INFO - Processing /home/vscode/.local/lib/python3.10/site-packages/airflow/example_dags/example_outlet_event_extra.py took 0.072 seconds
[2025-01-19T03:49:55.086+0000] {processor.py:186} INFO - Started process (PID=17924) to work on /home/vscode/.local/lib/python3.10/site-packages/airflow/example_dags/example_outlet_event_extra.py
[2025-01-19T03:49:55.087+0000] {processor.py:914} INFO - Processing file /home/vscode/.local/lib/python3.10/site-packages/airflow/example_dags/example_outlet_event_extra.py for tasks to queue
[2025-01-19T03:49:55.089+0000] {logging_mixin.py:190} INFO - [2025-01-19T03:49:55.088+0000] {dagbag.py:588} INFO - Filling up the DagBag from /home/vscode/.local/lib/python3.10/site-packages/airflow/example_dags/example_outlet_event_extra.py
[2025-01-19T03:49:55.100+0000] {processor.py:925} INFO - DAG(s) 'dataset_with_extra_by_yield', 'dataset_with_extra_from_classic_operator', 'dataset_with_extra_by_context' retrieved from /home/vscode/.local/lib/python3.10/site-packages/airflow/example_dags/example_outlet_event_extra.py
[2025-01-19T03:49:55.115+0000] {logging_mixin.py:190} INFO - [2025-01-19T03:49:55.114+0000] {dag.py:3239} INFO - Sync 3 DAGs
[2025-01-19T03:49:55.131+0000] {logging_mixin.py:190} INFO - [2025-01-19T03:49:55.131+0000] {dag.py:4180} INFO - Setting next_dagrun for dataset_with_extra_by_context to 2025-01-18 00:00:00+00:00, run_after=2025-01-19 00:00:00+00:00
[2025-01-19T03:49:55.135+0000] {logging_mixin.py:190} INFO - [2025-01-19T03:49:55.135+0000] {dag.py:4180} INFO - Setting next_dagrun for dataset_with_extra_by_yield to 2025-01-18 00:00:00+00:00, run_after=2025-01-19 00:00:00+00:00
[2025-01-19T03:49:55.137+0000] {logging_mixin.py:190} INFO - [2025-01-19T03:49:55.137+0000] {dag.py:4180} INFO - Setting next_dagrun for dataset_with_extra_from_classic_operator to 2025-01-18 00:00:00+00:00, run_after=2025-01-19 00:00:00+00:00
[2025-01-19T03:49:55.153+0000] {processor.py:208} INFO - Processing /home/vscode/.local/lib/python3.10/site-packages/airflow/example_dags/example_outlet_event_extra.py took 0.071 seconds
[2025-01-19T03:50:44.239+0000] {processor.py:186} INFO - Started process (PID=18305) to work on /home/vscode/.local/lib/python3.10/site-packages/airflow/example_dags/example_outlet_event_extra.py
[2025-01-19T03:50:44.240+0000] {processor.py:914} INFO - Processing file /home/vscode/.local/lib/python3.10/site-packages/airflow/example_dags/example_outlet_event_extra.py for tasks to queue
[2025-01-19T03:50:44.242+0000] {logging_mixin.py:190} INFO - [2025-01-19T03:50:44.241+0000] {dagbag.py:588} INFO - Filling up the DagBag from /home/vscode/.local/lib/python3.10/site-packages/airflow/example_dags/example_outlet_event_extra.py
[2025-01-19T03:50:44.252+0000] {processor.py:925} INFO - DAG(s) 'dataset_with_extra_by_context', 'dataset_with_extra_from_classic_operator', 'dataset_with_extra_by_yield' retrieved from /home/vscode/.local/lib/python3.10/site-packages/airflow/example_dags/example_outlet_event_extra.py
[2025-01-19T03:50:44.267+0000] {logging_mixin.py:190} INFO - [2025-01-19T03:50:44.267+0000] {dag.py:3239} INFO - Sync 3 DAGs
[2025-01-19T03:50:44.284+0000] {logging_mixin.py:190} INFO - [2025-01-19T03:50:44.283+0000] {dag.py:4180} INFO - Setting next_dagrun for dataset_with_extra_by_context to 2025-01-18 00:00:00+00:00, run_after=2025-01-19 00:00:00+00:00
[2025-01-19T03:50:44.287+0000] {logging_mixin.py:190} INFO - [2025-01-19T03:50:44.287+0000] {dag.py:4180} INFO - Setting next_dagrun for dataset_with_extra_by_yield to 2025-01-18 00:00:00+00:00, run_after=2025-01-19 00:00:00+00:00
[2025-01-19T03:50:44.289+0000] {logging_mixin.py:190} INFO - [2025-01-19T03:50:44.289+0000] {dag.py:4180} INFO - Setting next_dagrun for dataset_with_extra_from_classic_operator to 2025-01-18 00:00:00+00:00, run_after=2025-01-19 00:00:00+00:00
[2025-01-19T03:50:44.307+0000] {processor.py:208} INFO - Processing /home/vscode/.local/lib/python3.10/site-packages/airflow/example_dags/example_outlet_event_extra.py took 0.073 seconds
[2025-01-19T03:51:33.921+0000] {processor.py:186} INFO - Started process (PID=18751) to work on /home/vscode/.local/lib/python3.10/site-packages/airflow/example_dags/example_outlet_event_extra.py
[2025-01-19T03:51:33.922+0000] {processor.py:914} INFO - Processing file /home/vscode/.local/lib/python3.10/site-packages/airflow/example_dags/example_outlet_event_extra.py for tasks to queue
[2025-01-19T03:51:33.924+0000] {logging_mixin.py:190} INFO - [2025-01-19T03:51:33.924+0000] {dagbag.py:588} INFO - Filling up the DagBag from /home/vscode/.local/lib/python3.10/site-packages/airflow/example_dags/example_outlet_event_extra.py
[2025-01-19T03:51:33.936+0000] {processor.py:925} INFO - DAG(s) 'dataset_with_extra_by_yield', 'dataset_with_extra_from_classic_operator', 'dataset_with_extra_by_context' retrieved from /home/vscode/.local/lib/python3.10/site-packages/airflow/example_dags/example_outlet_event_extra.py
[2025-01-19T03:51:33.952+0000] {logging_mixin.py:190} INFO - [2025-01-19T03:51:33.952+0000] {dag.py:3239} INFO - Sync 3 DAGs
[2025-01-19T03:51:33.969+0000] {logging_mixin.py:190} INFO - [2025-01-19T03:51:33.969+0000] {dag.py:4180} INFO - Setting next_dagrun for dataset_with_extra_by_context to 2025-01-18 00:00:00+00:00, run_after=2025-01-19 00:00:00+00:00
[2025-01-19T03:51:33.972+0000] {logging_mixin.py:190} INFO - [2025-01-19T03:51:33.972+0000] {dag.py:4180} INFO - Setting next_dagrun for dataset_with_extra_by_yield to 2025-01-18 00:00:00+00:00, run_after=2025-01-19 00:00:00+00:00
[2025-01-19T03:51:33.974+0000] {logging_mixin.py:190} INFO - [2025-01-19T03:51:33.974+0000] {dag.py:4180} INFO - Setting next_dagrun for dataset_with_extra_from_classic_operator to 2025-01-18 00:00:00+00:00, run_after=2025-01-19 00:00:00+00:00
[2025-01-19T03:51:33.991+0000] {processor.py:208} INFO - Processing /home/vscode/.local/lib/python3.10/site-packages/airflow/example_dags/example_outlet_event_extra.py took 0.075 seconds
[2025-01-19T03:55:26.330+0000] {processor.py:186} INFO - Started process (PID=20314) to work on /home/vscode/.local/lib/python3.10/site-packages/airflow/example_dags/example_outlet_event_extra.py
[2025-01-19T03:55:26.330+0000] {processor.py:914} INFO - Processing file /home/vscode/.local/lib/python3.10/site-packages/airflow/example_dags/example_outlet_event_extra.py for tasks to queue
[2025-01-19T03:55:26.332+0000] {logging_mixin.py:190} INFO - [2025-01-19T03:55:26.332+0000] {dagbag.py:588} INFO - Filling up the DagBag from /home/vscode/.local/lib/python3.10/site-packages/airflow/example_dags/example_outlet_event_extra.py
[2025-01-19T03:55:26.343+0000] {processor.py:925} INFO - DAG(s) 'dataset_with_extra_by_yield', 'dataset_with_extra_by_context', 'dataset_with_extra_from_classic_operator' retrieved from /home/vscode/.local/lib/python3.10/site-packages/airflow/example_dags/example_outlet_event_extra.py
[2025-01-19T03:55:26.358+0000] {logging_mixin.py:190} INFO - [2025-01-19T03:55:26.357+0000] {dag.py:3239} INFO - Sync 3 DAGs
[2025-01-19T03:55:26.374+0000] {logging_mixin.py:190} INFO - [2025-01-19T03:55:26.373+0000] {dag.py:4180} INFO - Setting next_dagrun for dataset_with_extra_by_context to 2025-01-18 00:00:00+00:00, run_after=2025-01-19 00:00:00+00:00
[2025-01-19T03:55:26.377+0000] {logging_mixin.py:190} INFO - [2025-01-19T03:55:26.377+0000] {dag.py:4180} INFO - Setting next_dagrun for dataset_with_extra_by_yield to 2025-01-18 00:00:00+00:00, run_after=2025-01-19 00:00:00+00:00
[2025-01-19T03:55:26.379+0000] {logging_mixin.py:190} INFO - [2025-01-19T03:55:26.379+0000] {dag.py:4180} INFO - Setting next_dagrun for dataset_with_extra_from_classic_operator to 2025-01-18 00:00:00+00:00, run_after=2025-01-19 00:00:00+00:00
[2025-01-19T03:55:26.396+0000] {processor.py:208} INFO - Processing /home/vscode/.local/lib/python3.10/site-packages/airflow/example_dags/example_outlet_event_extra.py took 0.071 seconds
[2025-01-19T03:56:21.892+0000] {processor.py:186} INFO - Started process (PID=20701) to work on /home/vscode/.local/lib/python3.10/site-packages/airflow/example_dags/example_outlet_event_extra.py
[2025-01-19T03:56:21.892+0000] {processor.py:914} INFO - Processing file /home/vscode/.local/lib/python3.10/site-packages/airflow/example_dags/example_outlet_event_extra.py for tasks to queue
[2025-01-19T03:56:21.894+0000] {logging_mixin.py:190} INFO - [2025-01-19T03:56:21.893+0000] {dagbag.py:588} INFO - Filling up the DagBag from /home/vscode/.local/lib/python3.10/site-packages/airflow/example_dags/example_outlet_event_extra.py
[2025-01-19T03:56:21.905+0000] {processor.py:925} INFO - DAG(s) 'dataset_with_extra_by_yield', 'dataset_with_extra_from_classic_operator', 'dataset_with_extra_by_context' retrieved from /home/vscode/.local/lib/python3.10/site-packages/airflow/example_dags/example_outlet_event_extra.py
[2025-01-19T03:56:21.922+0000] {logging_mixin.py:190} INFO - [2025-01-19T03:56:21.922+0000] {dag.py:3239} INFO - Sync 3 DAGs
[2025-01-19T03:56:21.938+0000] {logging_mixin.py:190} INFO - [2025-01-19T03:56:21.938+0000] {dag.py:4180} INFO - Setting next_dagrun for dataset_with_extra_by_context to 2025-01-18 00:00:00+00:00, run_after=2025-01-19 00:00:00+00:00
[2025-01-19T03:56:21.942+0000] {logging_mixin.py:190} INFO - [2025-01-19T03:56:21.941+0000] {dag.py:4180} INFO - Setting next_dagrun for dataset_with_extra_by_yield to 2025-01-18 00:00:00+00:00, run_after=2025-01-19 00:00:00+00:00
[2025-01-19T03:56:21.943+0000] {logging_mixin.py:190} INFO - [2025-01-19T03:56:21.943+0000] {dag.py:4180} INFO - Setting next_dagrun for dataset_with_extra_from_classic_operator to 2025-01-18 00:00:00+00:00, run_after=2025-01-19 00:00:00+00:00
[2025-01-19T03:56:21.961+0000] {processor.py:208} INFO - Processing /home/vscode/.local/lib/python3.10/site-packages/airflow/example_dags/example_outlet_event_extra.py took 0.074 seconds
[2025-01-19T03:57:18.766+0000] {processor.py:186} INFO - Started process (PID=21080) to work on /home/vscode/.local/lib/python3.10/site-packages/airflow/example_dags/example_outlet_event_extra.py
[2025-01-19T03:57:18.767+0000] {processor.py:914} INFO - Processing file /home/vscode/.local/lib/python3.10/site-packages/airflow/example_dags/example_outlet_event_extra.py for tasks to queue
[2025-01-19T03:57:18.769+0000] {logging_mixin.py:190} INFO - [2025-01-19T03:57:18.769+0000] {dagbag.py:588} INFO - Filling up the DagBag from /home/vscode/.local/lib/python3.10/site-packages/airflow/example_dags/example_outlet_event_extra.py
[2025-01-19T03:57:18.784+0000] {processor.py:925} INFO - DAG(s) 'dataset_with_extra_from_classic_operator', 'dataset_with_extra_by_yield', 'dataset_with_extra_by_context' retrieved from /home/vscode/.local/lib/python3.10/site-packages/airflow/example_dags/example_outlet_event_extra.py
[2025-01-19T03:57:18.800+0000] {logging_mixin.py:190} INFO - [2025-01-19T03:57:18.800+0000] {dag.py:3239} INFO - Sync 3 DAGs
[2025-01-19T03:57:18.816+0000] {logging_mixin.py:190} INFO - [2025-01-19T03:57:18.816+0000] {dag.py:4180} INFO - Setting next_dagrun for dataset_with_extra_by_context to 2025-01-18 00:00:00+00:00, run_after=2025-01-19 00:00:00+00:00
[2025-01-19T03:57:18.819+0000] {logging_mixin.py:190} INFO - [2025-01-19T03:57:18.819+0000] {dag.py:4180} INFO - Setting next_dagrun for dataset_with_extra_by_yield to 2025-01-18 00:00:00+00:00, run_after=2025-01-19 00:00:00+00:00
[2025-01-19T03:57:18.821+0000] {logging_mixin.py:190} INFO - [2025-01-19T03:57:18.821+0000] {dag.py:4180} INFO - Setting next_dagrun for dataset_with_extra_from_classic_operator to 2025-01-18 00:00:00+00:00, run_after=2025-01-19 00:00:00+00:00
[2025-01-19T03:57:18.837+0000] {processor.py:208} INFO - Processing /home/vscode/.local/lib/python3.10/site-packages/airflow/example_dags/example_outlet_event_extra.py took 0.078 seconds
[2025-01-19T03:58:10.860+0000] {processor.py:186} INFO - Started process (PID=21444) to work on /home/vscode/.local/lib/python3.10/site-packages/airflow/example_dags/example_outlet_event_extra.py
[2025-01-19T03:58:10.860+0000] {processor.py:914} INFO - Processing file /home/vscode/.local/lib/python3.10/site-packages/airflow/example_dags/example_outlet_event_extra.py for tasks to queue
[2025-01-19T03:58:10.862+0000] {logging_mixin.py:190} INFO - [2025-01-19T03:58:10.862+0000] {dagbag.py:588} INFO - Filling up the DagBag from /home/vscode/.local/lib/python3.10/site-packages/airflow/example_dags/example_outlet_event_extra.py
[2025-01-19T03:58:10.873+0000] {processor.py:925} INFO - DAG(s) 'dataset_with_extra_by_yield', 'dataset_with_extra_by_context', 'dataset_with_extra_from_classic_operator' retrieved from /home/vscode/.local/lib/python3.10/site-packages/airflow/example_dags/example_outlet_event_extra.py
[2025-01-19T03:58:10.888+0000] {logging_mixin.py:190} INFO - [2025-01-19T03:58:10.888+0000] {dag.py:3239} INFO - Sync 3 DAGs
[2025-01-19T03:58:10.903+0000] {logging_mixin.py:190} INFO - [2025-01-19T03:58:10.903+0000] {dag.py:4180} INFO - Setting next_dagrun for dataset_with_extra_by_context to 2025-01-18 00:00:00+00:00, run_after=2025-01-19 00:00:00+00:00
[2025-01-19T03:58:10.907+0000] {logging_mixin.py:190} INFO - [2025-01-19T03:58:10.907+0000] {dag.py:4180} INFO - Setting next_dagrun for dataset_with_extra_by_yield to 2025-01-18 00:00:00+00:00, run_after=2025-01-19 00:00:00+00:00
[2025-01-19T03:58:10.908+0000] {logging_mixin.py:190} INFO - [2025-01-19T03:58:10.908+0000] {dag.py:4180} INFO - Setting next_dagrun for dataset_with_extra_from_classic_operator to 2025-01-18 00:00:00+00:00, run_after=2025-01-19 00:00:00+00:00
[2025-01-19T03:58:10.924+0000] {processor.py:208} INFO - Processing /home/vscode/.local/lib/python3.10/site-packages/airflow/example_dags/example_outlet_event_extra.py took 0.069 seconds
[2025-01-19T03:59:01.543+0000] {processor.py:186} INFO - Started process (PID=21786) to work on /home/vscode/.local/lib/python3.10/site-packages/airflow/example_dags/example_outlet_event_extra.py
[2025-01-19T03:59:01.544+0000] {processor.py:914} INFO - Processing file /home/vscode/.local/lib/python3.10/site-packages/airflow/example_dags/example_outlet_event_extra.py for tasks to queue
[2025-01-19T03:59:01.546+0000] {logging_mixin.py:190} INFO - [2025-01-19T03:59:01.546+0000] {dagbag.py:588} INFO - Filling up the DagBag from /home/vscode/.local/lib/python3.10/site-packages/airflow/example_dags/example_outlet_event_extra.py
[2025-01-19T03:59:01.557+0000] {processor.py:925} INFO - DAG(s) 'dataset_with_extra_from_classic_operator', 'dataset_with_extra_by_context', 'dataset_with_extra_by_yield' retrieved from /home/vscode/.local/lib/python3.10/site-packages/airflow/example_dags/example_outlet_event_extra.py
[2025-01-19T03:59:01.572+0000] {logging_mixin.py:190} INFO - [2025-01-19T03:59:01.572+0000] {dag.py:3239} INFO - Sync 3 DAGs
[2025-01-19T03:59:01.589+0000] {logging_mixin.py:190} INFO - [2025-01-19T03:59:01.588+0000] {dag.py:4180} INFO - Setting next_dagrun for dataset_with_extra_by_context to 2025-01-18 00:00:00+00:00, run_after=2025-01-19 00:00:00+00:00
[2025-01-19T03:59:01.592+0000] {logging_mixin.py:190} INFO - [2025-01-19T03:59:01.592+0000] {dag.py:4180} INFO - Setting next_dagrun for dataset_with_extra_by_yield to 2025-01-18 00:00:00+00:00, run_after=2025-01-19 00:00:00+00:00
[2025-01-19T03:59:01.594+0000] {logging_mixin.py:190} INFO - [2025-01-19T03:59:01.594+0000] {dag.py:4180} INFO - Setting next_dagrun for dataset_with_extra_from_classic_operator to 2025-01-18 00:00:00+00:00, run_after=2025-01-19 00:00:00+00:00
[2025-01-19T03:59:01.610+0000] {processor.py:208} INFO - Processing /home/vscode/.local/lib/python3.10/site-packages/airflow/example_dags/example_outlet_event_extra.py took 0.071 seconds
[2025-01-19T03:59:52.234+0000] {processor.py:186} INFO - Started process (PID=22131) to work on /home/vscode/.local/lib/python3.10/site-packages/airflow/example_dags/example_outlet_event_extra.py
[2025-01-19T03:59:52.235+0000] {processor.py:914} INFO - Processing file /home/vscode/.local/lib/python3.10/site-packages/airflow/example_dags/example_outlet_event_extra.py for tasks to queue
[2025-01-19T03:59:52.237+0000] {logging_mixin.py:190} INFO - [2025-01-19T03:59:52.236+0000] {dagbag.py:588} INFO - Filling up the DagBag from /home/vscode/.local/lib/python3.10/site-packages/airflow/example_dags/example_outlet_event_extra.py
[2025-01-19T03:59:52.249+0000] {processor.py:925} INFO - DAG(s) 'dataset_with_extra_from_classic_operator', 'dataset_with_extra_by_yield', 'dataset_with_extra_by_context' retrieved from /home/vscode/.local/lib/python3.10/site-packages/airflow/example_dags/example_outlet_event_extra.py
[2025-01-19T03:59:52.264+0000] {logging_mixin.py:190} INFO - [2025-01-19T03:59:52.263+0000] {dag.py:3239} INFO - Sync 3 DAGs
[2025-01-19T03:59:52.280+0000] {logging_mixin.py:190} INFO - [2025-01-19T03:59:52.280+0000] {dag.py:4180} INFO - Setting next_dagrun for dataset_with_extra_by_context to 2025-01-18 00:00:00+00:00, run_after=2025-01-19 00:00:00+00:00
[2025-01-19T03:59:52.284+0000] {logging_mixin.py:190} INFO - [2025-01-19T03:59:52.283+0000] {dag.py:4180} INFO - Setting next_dagrun for dataset_with_extra_by_yield to 2025-01-18 00:00:00+00:00, run_after=2025-01-19 00:00:00+00:00
[2025-01-19T03:59:52.285+0000] {logging_mixin.py:190} INFO - [2025-01-19T03:59:52.285+0000] {dag.py:4180} INFO - Setting next_dagrun for dataset_with_extra_from_classic_operator to 2025-01-18 00:00:00+00:00, run_after=2025-01-19 00:00:00+00:00
[2025-01-19T03:59:52.302+0000] {processor.py:208} INFO - Processing /home/vscode/.local/lib/python3.10/site-packages/airflow/example_dags/example_outlet_event_extra.py took 0.073 seconds
[2025-01-19T04:00:46.247+0000] {processor.py:186} INFO - Started process (PID=22491) to work on /home/vscode/.local/lib/python3.10/site-packages/airflow/example_dags/example_outlet_event_extra.py
[2025-01-19T04:00:46.248+0000] {processor.py:914} INFO - Processing file /home/vscode/.local/lib/python3.10/site-packages/airflow/example_dags/example_outlet_event_extra.py for tasks to queue
[2025-01-19T04:00:46.249+0000] {logging_mixin.py:190} INFO - [2025-01-19T04:00:46.249+0000] {dagbag.py:588} INFO - Filling up the DagBag from /home/vscode/.local/lib/python3.10/site-packages/airflow/example_dags/example_outlet_event_extra.py
[2025-01-19T04:00:46.260+0000] {processor.py:925} INFO - DAG(s) 'dataset_with_extra_by_context', 'dataset_with_extra_from_classic_operator', 'dataset_with_extra_by_yield' retrieved from /home/vscode/.local/lib/python3.10/site-packages/airflow/example_dags/example_outlet_event_extra.py
[2025-01-19T04:00:46.275+0000] {logging_mixin.py:190} INFO - [2025-01-19T04:00:46.275+0000] {dag.py:3239} INFO - Sync 3 DAGs
[2025-01-19T04:00:46.291+0000] {logging_mixin.py:190} INFO - [2025-01-19T04:00:46.291+0000] {dag.py:4180} INFO - Setting next_dagrun for dataset_with_extra_by_context to 2025-01-18 00:00:00+00:00, run_after=2025-01-19 00:00:00+00:00
[2025-01-19T04:00:46.295+0000] {logging_mixin.py:190} INFO - [2025-01-19T04:00:46.295+0000] {dag.py:4180} INFO - Setting next_dagrun for dataset_with_extra_by_yield to 2025-01-18 00:00:00+00:00, run_after=2025-01-19 00:00:00+00:00
[2025-01-19T04:00:46.296+0000] {logging_mixin.py:190} INFO - [2025-01-19T04:00:46.296+0000] {dag.py:4180} INFO - Setting next_dagrun for dataset_with_extra_from_classic_operator to 2025-01-18 00:00:00+00:00, run_after=2025-01-19 00:00:00+00:00
[2025-01-19T04:00:46.314+0000] {processor.py:208} INFO - Processing /home/vscode/.local/lib/python3.10/site-packages/airflow/example_dags/example_outlet_event_extra.py took 0.071 seconds
[2025-01-19T04:01:35.962+0000] {processor.py:186} INFO - Started process (PID=22825) to work on /home/vscode/.local/lib/python3.10/site-packages/airflow/example_dags/example_outlet_event_extra.py
[2025-01-19T04:01:35.962+0000] {processor.py:914} INFO - Processing file /home/vscode/.local/lib/python3.10/site-packages/airflow/example_dags/example_outlet_event_extra.py for tasks to queue
[2025-01-19T04:01:35.964+0000] {logging_mixin.py:190} INFO - [2025-01-19T04:01:35.964+0000] {dagbag.py:588} INFO - Filling up the DagBag from /home/vscode/.local/lib/python3.10/site-packages/airflow/example_dags/example_outlet_event_extra.py
[2025-01-19T04:01:35.975+0000] {processor.py:925} INFO - DAG(s) 'dataset_with_extra_from_classic_operator', 'dataset_with_extra_by_yield', 'dataset_with_extra_by_context' retrieved from /home/vscode/.local/lib/python3.10/site-packages/airflow/example_dags/example_outlet_event_extra.py
[2025-01-19T04:01:35.991+0000] {logging_mixin.py:190} INFO - [2025-01-19T04:01:35.991+0000] {dag.py:3239} INFO - Sync 3 DAGs
[2025-01-19T04:01:36.007+0000] {logging_mixin.py:190} INFO - [2025-01-19T04:01:36.007+0000] {dag.py:4180} INFO - Setting next_dagrun for dataset_with_extra_by_context to 2025-01-18 00:00:00+00:00, run_after=2025-01-19 00:00:00+00:00
[2025-01-19T04:01:36.010+0000] {logging_mixin.py:190} INFO - [2025-01-19T04:01:36.010+0000] {dag.py:4180} INFO - Setting next_dagrun for dataset_with_extra_by_yield to 2025-01-18 00:00:00+00:00, run_after=2025-01-19 00:00:00+00:00
[2025-01-19T04:01:36.012+0000] {logging_mixin.py:190} INFO - [2025-01-19T04:01:36.012+0000] {dag.py:4180} INFO - Setting next_dagrun for dataset_with_extra_from_classic_operator to 2025-01-18 00:00:00+00:00, run_after=2025-01-19 00:00:00+00:00
[2025-01-19T04:01:36.028+0000] {processor.py:208} INFO - Processing /home/vscode/.local/lib/python3.10/site-packages/airflow/example_dags/example_outlet_event_extra.py took 0.071 seconds
[2025-01-19T04:02:28.150+0000] {processor.py:186} INFO - Started process (PID=23195) to work on /home/vscode/.local/lib/python3.10/site-packages/airflow/example_dags/example_outlet_event_extra.py
[2025-01-19T04:02:28.151+0000] {processor.py:914} INFO - Processing file /home/vscode/.local/lib/python3.10/site-packages/airflow/example_dags/example_outlet_event_extra.py for tasks to queue
[2025-01-19T04:02:28.152+0000] {logging_mixin.py:190} INFO - [2025-01-19T04:02:28.152+0000] {dagbag.py:588} INFO - Filling up the DagBag from /home/vscode/.local/lib/python3.10/site-packages/airflow/example_dags/example_outlet_event_extra.py
[2025-01-19T04:02:28.163+0000] {processor.py:925} INFO - DAG(s) 'dataset_with_extra_by_context', 'dataset_with_extra_from_classic_operator', 'dataset_with_extra_by_yield' retrieved from /home/vscode/.local/lib/python3.10/site-packages/airflow/example_dags/example_outlet_event_extra.py
[2025-01-19T04:02:28.178+0000] {logging_mixin.py:190} INFO - [2025-01-19T04:02:28.178+0000] {dag.py:3239} INFO - Sync 3 DAGs
[2025-01-19T04:02:28.194+0000] {logging_mixin.py:190} INFO - [2025-01-19T04:02:28.194+0000] {dag.py:4180} INFO - Setting next_dagrun for dataset_with_extra_by_context to 2025-01-18 00:00:00+00:00, run_after=2025-01-19 00:00:00+00:00
[2025-01-19T04:02:28.198+0000] {logging_mixin.py:190} INFO - [2025-01-19T04:02:28.198+0000] {dag.py:4180} INFO - Setting next_dagrun for dataset_with_extra_by_yield to 2025-01-18 00:00:00+00:00, run_after=2025-01-19 00:00:00+00:00
[2025-01-19T04:02:28.199+0000] {logging_mixin.py:190} INFO - [2025-01-19T04:02:28.199+0000] {dag.py:4180} INFO - Setting next_dagrun for dataset_with_extra_from_classic_operator to 2025-01-18 00:00:00+00:00, run_after=2025-01-19 00:00:00+00:00
[2025-01-19T04:02:28.219+0000] {processor.py:208} INFO - Processing /home/vscode/.local/lib/python3.10/site-packages/airflow/example_dags/example_outlet_event_extra.py took 0.074 seconds
