[2025-01-19T03:21:07.530+0000] {processor.py:186} INFO - Started process (PID=5158) to work on /home/vscode/.local/lib/python3.10/site-packages/airflow/example_dags/example_latest_only.py
[2025-01-19T03:21:07.530+0000] {processor.py:914} INFO - Processing file /home/vscode/.local/lib/python3.10/site-packages/airflow/example_dags/example_latest_only.py for tasks to queue
[2025-01-19T03:21:07.532+0000] {logging_mixin.py:190} INFO - [2025-01-19T03:21:07.532+0000] {dagbag.py:588} INFO - Filling up the DagBag from /home/vscode/.local/lib/python3.10/site-packages/airflow/example_dags/example_latest_only.py
[2025-01-19T03:21:07.537+0000] {processor.py:925} INFO - DAG(s) 'latest_only' retrieved from /home/vscode/.local/lib/python3.10/site-packages/airflow/example_dags/example_latest_only.py
[2025-01-19T03:21:07.618+0000] {logging_mixin.py:190} INFO - [2025-01-19T03:21:07.618+0000] {override.py:1911} INFO - Created Permission View: can read on DAG:latest_only
[2025-01-19T03:21:07.626+0000] {logging_mixin.py:190} INFO - [2025-01-19T03:21:07.626+0000] {override.py:1911} INFO - Created Permission View: can edit on DAG:latest_only
[2025-01-19T03:21:07.632+0000] {logging_mixin.py:190} INFO - [2025-01-19T03:21:07.632+0000] {override.py:1911} INFO - Created Permission View: can delete on DAG:latest_only
[2025-01-19T03:21:07.642+0000] {logging_mixin.py:190} INFO - [2025-01-19T03:21:07.642+0000] {override.py:1911} INFO - Created Permission View: menu access on DAG Run:latest_only
[2025-01-19T03:21:07.648+0000] {logging_mixin.py:190} INFO - [2025-01-19T03:21:07.648+0000] {override.py:1911} INFO - Created Permission View: can read on DAG Run:latest_only
[2025-01-19T03:21:07.654+0000] {logging_mixin.py:190} INFO - [2025-01-19T03:21:07.653+0000] {override.py:1911} INFO - Created Permission View: can create on DAG Run:latest_only
[2025-01-19T03:21:07.660+0000] {logging_mixin.py:190} INFO - [2025-01-19T03:21:07.659+0000] {override.py:1911} INFO - Created Permission View: can delete on DAG Run:latest_only
[2025-01-19T03:21:07.660+0000] {logging_mixin.py:190} INFO - [2025-01-19T03:21:07.660+0000] {dag.py:3239} INFO - Sync 1 DAGs
[2025-01-19T03:21:07.669+0000] {logging_mixin.py:190} INFO - [2025-01-19T03:21:07.669+0000] {dag.py:3262} INFO - Creating ORM DAG for latest_only
[2025-01-19T03:21:07.675+0000] {logging_mixin.py:190} INFO - [2025-01-19T03:21:07.675+0000] {dag.py:4180} INFO - Setting next_dagrun for latest_only to 2025-01-18 20:00:00+00:00, run_after=2025-01-19 00:00:00+00:00
[2025-01-19T03:21:07.696+0000] {processor.py:208} INFO - Processing /home/vscode/.local/lib/python3.10/site-packages/airflow/example_dags/example_latest_only.py took 0.171 seconds
[2025-01-19T03:22:07.138+0000] {processor.py:186} INFO - Started process (PID=5679) to work on /home/vscode/.local/lib/python3.10/site-packages/airflow/example_dags/example_latest_only.py
[2025-01-19T03:22:07.139+0000] {processor.py:914} INFO - Processing file /home/vscode/.local/lib/python3.10/site-packages/airflow/example_dags/example_latest_only.py for tasks to queue
[2025-01-19T03:22:07.140+0000] {logging_mixin.py:190} INFO - [2025-01-19T03:22:07.140+0000] {dagbag.py:588} INFO - Filling up the DagBag from /home/vscode/.local/lib/python3.10/site-packages/airflow/example_dags/example_latest_only.py
[2025-01-19T03:22:07.146+0000] {processor.py:925} INFO - DAG(s) 'latest_only' retrieved from /home/vscode/.local/lib/python3.10/site-packages/airflow/example_dags/example_latest_only.py
[2025-01-19T03:22:07.157+0000] {logging_mixin.py:190} INFO - [2025-01-19T03:22:07.157+0000] {dag.py:3239} INFO - Sync 1 DAGs
[2025-01-19T03:22:07.172+0000] {logging_mixin.py:190} INFO - [2025-01-19T03:22:07.171+0000] {dag.py:4180} INFO - Setting next_dagrun for latest_only to 2025-01-18 20:00:00+00:00, run_after=2025-01-19 00:00:00+00:00
[2025-01-19T03:22:07.186+0000] {processor.py:208} INFO - Processing /home/vscode/.local/lib/python3.10/site-packages/airflow/example_dags/example_latest_only.py took 0.052 seconds
[2025-01-19T03:23:00.885+0000] {processor.py:186} INFO - Started process (PID=6112) to work on /home/vscode/.local/lib/python3.10/site-packages/airflow/example_dags/example_latest_only.py
[2025-01-19T03:23:00.885+0000] {processor.py:914} INFO - Processing file /home/vscode/.local/lib/python3.10/site-packages/airflow/example_dags/example_latest_only.py for tasks to queue
[2025-01-19T03:23:00.887+0000] {logging_mixin.py:190} INFO - [2025-01-19T03:23:00.887+0000] {dagbag.py:588} INFO - Filling up the DagBag from /home/vscode/.local/lib/python3.10/site-packages/airflow/example_dags/example_latest_only.py
[2025-01-19T03:23:00.892+0000] {processor.py:925} INFO - DAG(s) 'latest_only' retrieved from /home/vscode/.local/lib/python3.10/site-packages/airflow/example_dags/example_latest_only.py
[2025-01-19T03:23:00.903+0000] {logging_mixin.py:190} INFO - [2025-01-19T03:23:00.903+0000] {dag.py:3239} INFO - Sync 1 DAGs
[2025-01-19T03:23:00.918+0000] {logging_mixin.py:190} INFO - [2025-01-19T03:23:00.918+0000] {dag.py:4180} INFO - Setting next_dagrun for latest_only to 2025-01-18 20:00:00+00:00, run_after=2025-01-19 00:00:00+00:00
[2025-01-19T03:23:00.932+0000] {processor.py:208} INFO - Processing /home/vscode/.local/lib/python3.10/site-packages/airflow/example_dags/example_latest_only.py took 0.052 seconds
[2025-01-19T03:23:55.195+0000] {processor.py:186} INFO - Started process (PID=6566) to work on /home/vscode/.local/lib/python3.10/site-packages/airflow/example_dags/example_latest_only.py
[2025-01-19T03:23:55.196+0000] {processor.py:914} INFO - Processing file /home/vscode/.local/lib/python3.10/site-packages/airflow/example_dags/example_latest_only.py for tasks to queue
[2025-01-19T03:23:55.197+0000] {logging_mixin.py:190} INFO - [2025-01-19T03:23:55.197+0000] {dagbag.py:588} INFO - Filling up the DagBag from /home/vscode/.local/lib/python3.10/site-packages/airflow/example_dags/example_latest_only.py
[2025-01-19T03:23:55.202+0000] {processor.py:925} INFO - DAG(s) 'latest_only' retrieved from /home/vscode/.local/lib/python3.10/site-packages/airflow/example_dags/example_latest_only.py
[2025-01-19T03:23:55.213+0000] {logging_mixin.py:190} INFO - [2025-01-19T03:23:55.213+0000] {dag.py:3239} INFO - Sync 1 DAGs
[2025-01-19T03:23:55.228+0000] {logging_mixin.py:190} INFO - [2025-01-19T03:23:55.228+0000] {dag.py:4180} INFO - Setting next_dagrun for latest_only to 2025-01-18 20:00:00+00:00, run_after=2025-01-19 00:00:00+00:00
[2025-01-19T03:23:55.242+0000] {processor.py:208} INFO - Processing /home/vscode/.local/lib/python3.10/site-packages/airflow/example_dags/example_latest_only.py took 0.052 seconds
[2025-01-19T03:24:48.173+0000] {processor.py:186} INFO - Started process (PID=6971) to work on /home/vscode/.local/lib/python3.10/site-packages/airflow/example_dags/example_latest_only.py
[2025-01-19T03:24:48.174+0000] {processor.py:914} INFO - Processing file /home/vscode/.local/lib/python3.10/site-packages/airflow/example_dags/example_latest_only.py for tasks to queue
[2025-01-19T03:24:48.175+0000] {logging_mixin.py:190} INFO - [2025-01-19T03:24:48.175+0000] {dagbag.py:588} INFO - Filling up the DagBag from /home/vscode/.local/lib/python3.10/site-packages/airflow/example_dags/example_latest_only.py
[2025-01-19T03:24:48.181+0000] {processor.py:925} INFO - DAG(s) 'latest_only' retrieved from /home/vscode/.local/lib/python3.10/site-packages/airflow/example_dags/example_latest_only.py
[2025-01-19T03:24:48.192+0000] {logging_mixin.py:190} INFO - [2025-01-19T03:24:48.192+0000] {dag.py:3239} INFO - Sync 1 DAGs
[2025-01-19T03:24:48.207+0000] {logging_mixin.py:190} INFO - [2025-01-19T03:24:48.207+0000] {dag.py:4180} INFO - Setting next_dagrun for latest_only to 2025-01-18 20:00:00+00:00, run_after=2025-01-19 00:00:00+00:00
[2025-01-19T03:24:48.222+0000] {processor.py:208} INFO - Processing /home/vscode/.local/lib/python3.10/site-packages/airflow/example_dags/example_latest_only.py took 0.054 seconds
[2025-01-19T03:25:36.811+0000] {processor.py:186} INFO - Started process (PID=7376) to work on /home/vscode/.local/lib/python3.10/site-packages/airflow/example_dags/example_latest_only.py
[2025-01-19T03:25:36.812+0000] {processor.py:914} INFO - Processing file /home/vscode/.local/lib/python3.10/site-packages/airflow/example_dags/example_latest_only.py for tasks to queue
[2025-01-19T03:25:36.813+0000] {logging_mixin.py:190} INFO - [2025-01-19T03:25:36.813+0000] {dagbag.py:588} INFO - Filling up the DagBag from /home/vscode/.local/lib/python3.10/site-packages/airflow/example_dags/example_latest_only.py
[2025-01-19T03:25:36.819+0000] {processor.py:925} INFO - DAG(s) 'latest_only' retrieved from /home/vscode/.local/lib/python3.10/site-packages/airflow/example_dags/example_latest_only.py
[2025-01-19T03:25:36.830+0000] {logging_mixin.py:190} INFO - [2025-01-19T03:25:36.830+0000] {dag.py:3239} INFO - Sync 1 DAGs
[2025-01-19T03:25:36.845+0000] {logging_mixin.py:190} INFO - [2025-01-19T03:25:36.845+0000] {dag.py:4180} INFO - Setting next_dagrun for latest_only to 2025-01-18 20:00:00+00:00, run_after=2025-01-19 00:00:00+00:00
[2025-01-19T03:25:36.859+0000] {processor.py:208} INFO - Processing /home/vscode/.local/lib/python3.10/site-packages/airflow/example_dags/example_latest_only.py took 0.053 seconds
[2025-01-19T03:26:30.646+0000] {processor.py:186} INFO - Started process (PID=7790) to work on /home/vscode/.local/lib/python3.10/site-packages/airflow/example_dags/example_latest_only.py
[2025-01-19T03:26:30.647+0000] {processor.py:914} INFO - Processing file /home/vscode/.local/lib/python3.10/site-packages/airflow/example_dags/example_latest_only.py for tasks to queue
[2025-01-19T03:26:30.649+0000] {logging_mixin.py:190} INFO - [2025-01-19T03:26:30.648+0000] {dagbag.py:588} INFO - Filling up the DagBag from /home/vscode/.local/lib/python3.10/site-packages/airflow/example_dags/example_latest_only.py
[2025-01-19T03:26:30.654+0000] {processor.py:925} INFO - DAG(s) 'latest_only' retrieved from /home/vscode/.local/lib/python3.10/site-packages/airflow/example_dags/example_latest_only.py
[2025-01-19T03:26:30.666+0000] {logging_mixin.py:190} INFO - [2025-01-19T03:26:30.665+0000] {dag.py:3239} INFO - Sync 1 DAGs
[2025-01-19T03:26:30.680+0000] {logging_mixin.py:190} INFO - [2025-01-19T03:26:30.680+0000] {dag.py:4180} INFO - Setting next_dagrun for latest_only to 2025-01-18 20:00:00+00:00, run_after=2025-01-19 00:00:00+00:00
[2025-01-19T03:26:30.694+0000] {processor.py:208} INFO - Processing /home/vscode/.local/lib/python3.10/site-packages/airflow/example_dags/example_latest_only.py took 0.054 seconds
[2025-01-19T03:27:22.664+0000] {processor.py:186} INFO - Started process (PID=8172) to work on /home/vscode/.local/lib/python3.10/site-packages/airflow/example_dags/example_latest_only.py
[2025-01-19T03:27:22.665+0000] {processor.py:914} INFO - Processing file /home/vscode/.local/lib/python3.10/site-packages/airflow/example_dags/example_latest_only.py for tasks to queue
[2025-01-19T03:27:22.667+0000] {logging_mixin.py:190} INFO - [2025-01-19T03:27:22.667+0000] {dagbag.py:588} INFO - Filling up the DagBag from /home/vscode/.local/lib/python3.10/site-packages/airflow/example_dags/example_latest_only.py
[2025-01-19T03:27:22.673+0000] {processor.py:925} INFO - DAG(s) 'latest_only' retrieved from /home/vscode/.local/lib/python3.10/site-packages/airflow/example_dags/example_latest_only.py
[2025-01-19T03:27:22.687+0000] {logging_mixin.py:190} INFO - [2025-01-19T03:27:22.686+0000] {dag.py:3239} INFO - Sync 1 DAGs
[2025-01-19T03:27:22.701+0000] {logging_mixin.py:190} INFO - [2025-01-19T03:27:22.701+0000] {dag.py:4180} INFO - Setting next_dagrun for latest_only to 2025-01-18 20:00:00+00:00, run_after=2025-01-19 00:00:00+00:00
[2025-01-19T03:27:22.715+0000] {processor.py:208} INFO - Processing /home/vscode/.local/lib/python3.10/site-packages/airflow/example_dags/example_latest_only.py took 0.056 seconds
[2025-01-19T03:28:17.522+0000] {processor.py:186} INFO - Started process (PID=8695) to work on /home/vscode/.local/lib/python3.10/site-packages/airflow/example_dags/example_latest_only.py
[2025-01-19T03:28:17.523+0000] {processor.py:914} INFO - Processing file /home/vscode/.local/lib/python3.10/site-packages/airflow/example_dags/example_latest_only.py for tasks to queue
[2025-01-19T03:28:17.524+0000] {logging_mixin.py:190} INFO - [2025-01-19T03:28:17.524+0000] {dagbag.py:588} INFO - Filling up the DagBag from /home/vscode/.local/lib/python3.10/site-packages/airflow/example_dags/example_latest_only.py
[2025-01-19T03:28:17.530+0000] {processor.py:925} INFO - DAG(s) 'latest_only' retrieved from /home/vscode/.local/lib/python3.10/site-packages/airflow/example_dags/example_latest_only.py
[2025-01-19T03:28:17.541+0000] {logging_mixin.py:190} INFO - [2025-01-19T03:28:17.541+0000] {dag.py:3239} INFO - Sync 1 DAGs
[2025-01-19T03:28:17.555+0000] {logging_mixin.py:190} INFO - [2025-01-19T03:28:17.555+0000] {dag.py:4180} INFO - Setting next_dagrun for latest_only to 2025-01-18 20:00:00+00:00, run_after=2025-01-19 00:00:00+00:00
[2025-01-19T03:28:17.571+0000] {processor.py:208} INFO - Processing /home/vscode/.local/lib/python3.10/site-packages/airflow/example_dags/example_latest_only.py took 0.054 seconds
[2025-01-19T03:29:09.938+0000] {processor.py:186} INFO - Started process (PID=9084) to work on /home/vscode/.local/lib/python3.10/site-packages/airflow/example_dags/example_latest_only.py
[2025-01-19T03:29:09.939+0000] {processor.py:914} INFO - Processing file /home/vscode/.local/lib/python3.10/site-packages/airflow/example_dags/example_latest_only.py for tasks to queue
[2025-01-19T03:29:09.940+0000] {logging_mixin.py:190} INFO - [2025-01-19T03:29:09.940+0000] {dagbag.py:588} INFO - Filling up the DagBag from /home/vscode/.local/lib/python3.10/site-packages/airflow/example_dags/example_latest_only.py
[2025-01-19T03:29:09.946+0000] {processor.py:925} INFO - DAG(s) 'latest_only' retrieved from /home/vscode/.local/lib/python3.10/site-packages/airflow/example_dags/example_latest_only.py
[2025-01-19T03:29:09.957+0000] {logging_mixin.py:190} INFO - [2025-01-19T03:29:09.957+0000] {dag.py:3239} INFO - Sync 1 DAGs
[2025-01-19T03:29:09.972+0000] {logging_mixin.py:190} INFO - [2025-01-19T03:29:09.972+0000] {dag.py:4180} INFO - Setting next_dagrun for latest_only to 2025-01-18 20:00:00+00:00, run_after=2025-01-19 00:00:00+00:00
[2025-01-19T03:29:09.987+0000] {processor.py:208} INFO - Processing /home/vscode/.local/lib/python3.10/site-packages/airflow/example_dags/example_latest_only.py took 0.053 seconds
[2025-01-19T03:30:00.624+0000] {processor.py:186} INFO - Started process (PID=9433) to work on /home/vscode/.local/lib/python3.10/site-packages/airflow/example_dags/example_latest_only.py
[2025-01-19T03:30:00.625+0000] {processor.py:914} INFO - Processing file /home/vscode/.local/lib/python3.10/site-packages/airflow/example_dags/example_latest_only.py for tasks to queue
[2025-01-19T03:30:00.627+0000] {logging_mixin.py:190} INFO - [2025-01-19T03:30:00.627+0000] {dagbag.py:588} INFO - Filling up the DagBag from /home/vscode/.local/lib/python3.10/site-packages/airflow/example_dags/example_latest_only.py
[2025-01-19T03:30:00.633+0000] {processor.py:925} INFO - DAG(s) 'latest_only' retrieved from /home/vscode/.local/lib/python3.10/site-packages/airflow/example_dags/example_latest_only.py
[2025-01-19T03:30:00.646+0000] {logging_mixin.py:190} INFO - [2025-01-19T03:30:00.646+0000] {dag.py:3239} INFO - Sync 1 DAGs
[2025-01-19T03:30:00.663+0000] {logging_mixin.py:190} INFO - [2025-01-19T03:30:00.662+0000] {dag.py:4180} INFO - Setting next_dagrun for latest_only to 2025-01-18 20:00:00+00:00, run_after=2025-01-19 00:00:00+00:00
[2025-01-19T03:30:00.677+0000] {processor.py:208} INFO - Processing /home/vscode/.local/lib/python3.10/site-packages/airflow/example_dags/example_latest_only.py took 0.058 seconds
[2025-01-19T03:30:48.934+0000] {processor.py:186} INFO - Started process (PID=9753) to work on /home/vscode/.local/lib/python3.10/site-packages/airflow/example_dags/example_latest_only.py
[2025-01-19T03:30:48.935+0000] {processor.py:914} INFO - Processing file /home/vscode/.local/lib/python3.10/site-packages/airflow/example_dags/example_latest_only.py for tasks to queue
[2025-01-19T03:30:48.937+0000] {logging_mixin.py:190} INFO - [2025-01-19T03:30:48.937+0000] {dagbag.py:588} INFO - Filling up the DagBag from /home/vscode/.local/lib/python3.10/site-packages/airflow/example_dags/example_latest_only.py
[2025-01-19T03:30:48.942+0000] {processor.py:925} INFO - DAG(s) 'latest_only' retrieved from /home/vscode/.local/lib/python3.10/site-packages/airflow/example_dags/example_latest_only.py
[2025-01-19T03:30:48.953+0000] {logging_mixin.py:190} INFO - [2025-01-19T03:30:48.953+0000] {dag.py:3239} INFO - Sync 1 DAGs
[2025-01-19T03:30:48.968+0000] {logging_mixin.py:190} INFO - [2025-01-19T03:30:48.968+0000] {dag.py:4180} INFO - Setting next_dagrun for latest_only to 2025-01-18 20:00:00+00:00, run_after=2025-01-19 00:00:00+00:00
[2025-01-19T03:30:48.983+0000] {processor.py:208} INFO - Processing /home/vscode/.local/lib/python3.10/site-packages/airflow/example_dags/example_latest_only.py took 0.053 seconds
[2025-01-19T03:31:39.195+0000] {processor.py:186} INFO - Started process (PID=10097) to work on /home/vscode/.local/lib/python3.10/site-packages/airflow/example_dags/example_latest_only.py
[2025-01-19T03:31:39.195+0000] {processor.py:914} INFO - Processing file /home/vscode/.local/lib/python3.10/site-packages/airflow/example_dags/example_latest_only.py for tasks to queue
[2025-01-19T03:31:39.197+0000] {logging_mixin.py:190} INFO - [2025-01-19T03:31:39.196+0000] {dagbag.py:588} INFO - Filling up the DagBag from /home/vscode/.local/lib/python3.10/site-packages/airflow/example_dags/example_latest_only.py
[2025-01-19T03:31:39.202+0000] {processor.py:925} INFO - DAG(s) 'latest_only' retrieved from /home/vscode/.local/lib/python3.10/site-packages/airflow/example_dags/example_latest_only.py
[2025-01-19T03:31:39.213+0000] {logging_mixin.py:190} INFO - [2025-01-19T03:31:39.213+0000] {dag.py:3239} INFO - Sync 1 DAGs
[2025-01-19T03:31:39.228+0000] {logging_mixin.py:190} INFO - [2025-01-19T03:31:39.228+0000] {dag.py:4180} INFO - Setting next_dagrun for latest_only to 2025-01-18 20:00:00+00:00, run_after=2025-01-19 00:00:00+00:00
[2025-01-19T03:31:39.243+0000] {processor.py:208} INFO - Processing /home/vscode/.local/lib/python3.10/site-packages/airflow/example_dags/example_latest_only.py took 0.053 seconds
[2025-01-19T03:32:30.710+0000] {processor.py:186} INFO - Started process (PID=10517) to work on /home/vscode/.local/lib/python3.10/site-packages/airflow/example_dags/example_latest_only.py
[2025-01-19T03:32:30.711+0000] {processor.py:914} INFO - Processing file /home/vscode/.local/lib/python3.10/site-packages/airflow/example_dags/example_latest_only.py for tasks to queue
[2025-01-19T03:32:30.713+0000] {logging_mixin.py:190} INFO - [2025-01-19T03:32:30.712+0000] {dagbag.py:588} INFO - Filling up the DagBag from /home/vscode/.local/lib/python3.10/site-packages/airflow/example_dags/example_latest_only.py
[2025-01-19T03:32:30.718+0000] {processor.py:925} INFO - DAG(s) 'latest_only' retrieved from /home/vscode/.local/lib/python3.10/site-packages/airflow/example_dags/example_latest_only.py
[2025-01-19T03:32:30.734+0000] {logging_mixin.py:190} INFO - [2025-01-19T03:32:30.734+0000] {dag.py:3239} INFO - Sync 1 DAGs
[2025-01-19T03:32:30.750+0000] {logging_mixin.py:190} INFO - [2025-01-19T03:32:30.749+0000] {dag.py:4180} INFO - Setting next_dagrun for latest_only to 2025-01-18 20:00:00+00:00, run_after=2025-01-19 00:00:00+00:00
[2025-01-19T03:32:30.765+0000] {processor.py:208} INFO - Processing /home/vscode/.local/lib/python3.10/site-packages/airflow/example_dags/example_latest_only.py took 0.059 seconds
[2025-01-19T03:33:20.276+0000] {processor.py:186} INFO - Started process (PID=10916) to work on /home/vscode/.local/lib/python3.10/site-packages/airflow/example_dags/example_latest_only.py
[2025-01-19T03:33:20.277+0000] {processor.py:914} INFO - Processing file /home/vscode/.local/lib/python3.10/site-packages/airflow/example_dags/example_latest_only.py for tasks to queue
[2025-01-19T03:33:20.278+0000] {logging_mixin.py:190} INFO - [2025-01-19T03:33:20.278+0000] {dagbag.py:588} INFO - Filling up the DagBag from /home/vscode/.local/lib/python3.10/site-packages/airflow/example_dags/example_latest_only.py
[2025-01-19T03:33:20.284+0000] {processor.py:925} INFO - DAG(s) 'latest_only' retrieved from /home/vscode/.local/lib/python3.10/site-packages/airflow/example_dags/example_latest_only.py
[2025-01-19T03:33:20.295+0000] {logging_mixin.py:190} INFO - [2025-01-19T03:33:20.295+0000] {dag.py:3239} INFO - Sync 1 DAGs
[2025-01-19T03:33:20.309+0000] {logging_mixin.py:190} INFO - [2025-01-19T03:33:20.309+0000] {dag.py:4180} INFO - Setting next_dagrun for latest_only to 2025-01-18 20:00:00+00:00, run_after=2025-01-19 00:00:00+00:00
[2025-01-19T03:33:20.322+0000] {processor.py:208} INFO - Processing /home/vscode/.local/lib/python3.10/site-packages/airflow/example_dags/example_latest_only.py took 0.051 seconds
[2025-01-19T03:34:11.401+0000] {processor.py:186} INFO - Started process (PID=11272) to work on /home/vscode/.local/lib/python3.10/site-packages/airflow/example_dags/example_latest_only.py
[2025-01-19T03:34:11.402+0000] {processor.py:914} INFO - Processing file /home/vscode/.local/lib/python3.10/site-packages/airflow/example_dags/example_latest_only.py for tasks to queue
[2025-01-19T03:34:11.404+0000] {logging_mixin.py:190} INFO - [2025-01-19T03:34:11.403+0000] {dagbag.py:588} INFO - Filling up the DagBag from /home/vscode/.local/lib/python3.10/site-packages/airflow/example_dags/example_latest_only.py
[2025-01-19T03:34:11.409+0000] {processor.py:925} INFO - DAG(s) 'latest_only' retrieved from /home/vscode/.local/lib/python3.10/site-packages/airflow/example_dags/example_latest_only.py
[2025-01-19T03:34:11.421+0000] {logging_mixin.py:190} INFO - [2025-01-19T03:34:11.421+0000] {dag.py:3239} INFO - Sync 1 DAGs
[2025-01-19T03:34:11.436+0000] {logging_mixin.py:190} INFO - [2025-01-19T03:34:11.436+0000] {dag.py:4180} INFO - Setting next_dagrun for latest_only to 2025-01-18 20:00:00+00:00, run_after=2025-01-19 00:00:00+00:00
[2025-01-19T03:34:11.450+0000] {processor.py:208} INFO - Processing /home/vscode/.local/lib/python3.10/site-packages/airflow/example_dags/example_latest_only.py took 0.054 seconds
[2025-01-19T03:35:00.833+0000] {processor.py:186} INFO - Started process (PID=11678) to work on /home/vscode/.local/lib/python3.10/site-packages/airflow/example_dags/example_latest_only.py
[2025-01-19T03:35:00.833+0000] {processor.py:914} INFO - Processing file /home/vscode/.local/lib/python3.10/site-packages/airflow/example_dags/example_latest_only.py for tasks to queue
[2025-01-19T03:35:00.835+0000] {logging_mixin.py:190} INFO - [2025-01-19T03:35:00.835+0000] {dagbag.py:588} INFO - Filling up the DagBag from /home/vscode/.local/lib/python3.10/site-packages/airflow/example_dags/example_latest_only.py
[2025-01-19T03:35:00.840+0000] {processor.py:925} INFO - DAG(s) 'latest_only' retrieved from /home/vscode/.local/lib/python3.10/site-packages/airflow/example_dags/example_latest_only.py
[2025-01-19T03:35:00.851+0000] {logging_mixin.py:190} INFO - [2025-01-19T03:35:00.851+0000] {dag.py:3239} INFO - Sync 1 DAGs
[2025-01-19T03:35:00.866+0000] {logging_mixin.py:190} INFO - [2025-01-19T03:35:00.866+0000] {dag.py:4180} INFO - Setting next_dagrun for latest_only to 2025-01-18 20:00:00+00:00, run_after=2025-01-19 00:00:00+00:00
[2025-01-19T03:35:00.881+0000] {processor.py:208} INFO - Processing /home/vscode/.local/lib/python3.10/site-packages/airflow/example_dags/example_latest_only.py took 0.053 seconds
[2025-01-19T03:35:49.910+0000] {processor.py:186} INFO - Started process (PID=12063) to work on /home/vscode/.local/lib/python3.10/site-packages/airflow/example_dags/example_latest_only.py
[2025-01-19T03:35:49.910+0000] {processor.py:914} INFO - Processing file /home/vscode/.local/lib/python3.10/site-packages/airflow/example_dags/example_latest_only.py for tasks to queue
[2025-01-19T03:35:49.912+0000] {logging_mixin.py:190} INFO - [2025-01-19T03:35:49.912+0000] {dagbag.py:588} INFO - Filling up the DagBag from /home/vscode/.local/lib/python3.10/site-packages/airflow/example_dags/example_latest_only.py
[2025-01-19T03:35:49.918+0000] {processor.py:925} INFO - DAG(s) 'latest_only' retrieved from /home/vscode/.local/lib/python3.10/site-packages/airflow/example_dags/example_latest_only.py
[2025-01-19T03:35:49.929+0000] {logging_mixin.py:190} INFO - [2025-01-19T03:35:49.929+0000] {dag.py:3239} INFO - Sync 1 DAGs
[2025-01-19T03:35:49.944+0000] {logging_mixin.py:190} INFO - [2025-01-19T03:35:49.943+0000] {dag.py:4180} INFO - Setting next_dagrun for latest_only to 2025-01-18 20:00:00+00:00, run_after=2025-01-19 00:00:00+00:00
[2025-01-19T03:35:49.959+0000] {processor.py:208} INFO - Processing /home/vscode/.local/lib/python3.10/site-packages/airflow/example_dags/example_latest_only.py took 0.054 seconds
[2025-01-19T03:36:38.386+0000] {processor.py:186} INFO - Started process (PID=12401) to work on /home/vscode/.local/lib/python3.10/site-packages/airflow/example_dags/example_latest_only.py
[2025-01-19T03:36:38.386+0000] {processor.py:914} INFO - Processing file /home/vscode/.local/lib/python3.10/site-packages/airflow/example_dags/example_latest_only.py for tasks to queue
[2025-01-19T03:36:38.388+0000] {logging_mixin.py:190} INFO - [2025-01-19T03:36:38.388+0000] {dagbag.py:588} INFO - Filling up the DagBag from /home/vscode/.local/lib/python3.10/site-packages/airflow/example_dags/example_latest_only.py
[2025-01-19T03:36:38.393+0000] {processor.py:925} INFO - DAG(s) 'latest_only' retrieved from /home/vscode/.local/lib/python3.10/site-packages/airflow/example_dags/example_latest_only.py
[2025-01-19T03:36:38.405+0000] {logging_mixin.py:190} INFO - [2025-01-19T03:36:38.404+0000] {dag.py:3239} INFO - Sync 1 DAGs
[2025-01-19T03:36:38.419+0000] {logging_mixin.py:190} INFO - [2025-01-19T03:36:38.419+0000] {dag.py:4180} INFO - Setting next_dagrun for latest_only to 2025-01-18 20:00:00+00:00, run_after=2025-01-19 00:00:00+00:00
[2025-01-19T03:36:38.433+0000] {processor.py:208} INFO - Processing /home/vscode/.local/lib/python3.10/site-packages/airflow/example_dags/example_latest_only.py took 0.051 seconds
[2025-01-19T03:37:30.552+0000] {processor.py:186} INFO - Started process (PID=12752) to work on /home/vscode/.local/lib/python3.10/site-packages/airflow/example_dags/example_latest_only.py
[2025-01-19T03:37:30.552+0000] {processor.py:914} INFO - Processing file /home/vscode/.local/lib/python3.10/site-packages/airflow/example_dags/example_latest_only.py for tasks to queue
[2025-01-19T03:37:30.554+0000] {logging_mixin.py:190} INFO - [2025-01-19T03:37:30.554+0000] {dagbag.py:588} INFO - Filling up the DagBag from /home/vscode/.local/lib/python3.10/site-packages/airflow/example_dags/example_latest_only.py
[2025-01-19T03:37:30.559+0000] {processor.py:925} INFO - DAG(s) 'latest_only' retrieved from /home/vscode/.local/lib/python3.10/site-packages/airflow/example_dags/example_latest_only.py
[2025-01-19T03:37:30.570+0000] {logging_mixin.py:190} INFO - [2025-01-19T03:37:30.570+0000] {dag.py:3239} INFO - Sync 1 DAGs
[2025-01-19T03:37:30.584+0000] {logging_mixin.py:190} INFO - [2025-01-19T03:37:30.584+0000] {dag.py:4180} INFO - Setting next_dagrun for latest_only to 2025-01-18 20:00:00+00:00, run_after=2025-01-19 00:00:00+00:00
[2025-01-19T03:37:30.598+0000] {processor.py:208} INFO - Processing /home/vscode/.local/lib/python3.10/site-packages/airflow/example_dags/example_latest_only.py took 0.051 seconds
[2025-01-19T03:38:23.497+0000] {processor.py:186} INFO - Started process (PID=13112) to work on /home/vscode/.local/lib/python3.10/site-packages/airflow/example_dags/example_latest_only.py
[2025-01-19T03:38:23.497+0000] {processor.py:914} INFO - Processing file /home/vscode/.local/lib/python3.10/site-packages/airflow/example_dags/example_latest_only.py for tasks to queue
[2025-01-19T03:38:23.499+0000] {logging_mixin.py:190} INFO - [2025-01-19T03:38:23.499+0000] {dagbag.py:588} INFO - Filling up the DagBag from /home/vscode/.local/lib/python3.10/site-packages/airflow/example_dags/example_latest_only.py
[2025-01-19T03:38:23.504+0000] {processor.py:925} INFO - DAG(s) 'latest_only' retrieved from /home/vscode/.local/lib/python3.10/site-packages/airflow/example_dags/example_latest_only.py
[2025-01-19T03:38:23.515+0000] {logging_mixin.py:190} INFO - [2025-01-19T03:38:23.515+0000] {dag.py:3239} INFO - Sync 1 DAGs
[2025-01-19T03:38:23.530+0000] {logging_mixin.py:190} INFO - [2025-01-19T03:38:23.530+0000] {dag.py:4180} INFO - Setting next_dagrun for latest_only to 2025-01-18 20:00:00+00:00, run_after=2025-01-19 00:00:00+00:00
[2025-01-19T03:38:23.544+0000] {processor.py:208} INFO - Processing /home/vscode/.local/lib/python3.10/site-packages/airflow/example_dags/example_latest_only.py took 0.052 seconds
[2025-01-19T03:39:11.330+0000] {processor.py:186} INFO - Started process (PID=13441) to work on /home/vscode/.local/lib/python3.10/site-packages/airflow/example_dags/example_latest_only.py
[2025-01-19T03:39:11.331+0000] {processor.py:914} INFO - Processing file /home/vscode/.local/lib/python3.10/site-packages/airflow/example_dags/example_latest_only.py for tasks to queue
[2025-01-19T03:39:11.332+0000] {logging_mixin.py:190} INFO - [2025-01-19T03:39:11.332+0000] {dagbag.py:588} INFO - Filling up the DagBag from /home/vscode/.local/lib/python3.10/site-packages/airflow/example_dags/example_latest_only.py
[2025-01-19T03:39:11.338+0000] {processor.py:925} INFO - DAG(s) 'latest_only' retrieved from /home/vscode/.local/lib/python3.10/site-packages/airflow/example_dags/example_latest_only.py
[2025-01-19T03:39:11.350+0000] {logging_mixin.py:190} INFO - [2025-01-19T03:39:11.350+0000] {dag.py:3239} INFO - Sync 1 DAGs
[2025-01-19T03:39:11.366+0000] {logging_mixin.py:190} INFO - [2025-01-19T03:39:11.365+0000] {dag.py:4180} INFO - Setting next_dagrun for latest_only to 2025-01-18 20:00:00+00:00, run_after=2025-01-19 00:00:00+00:00
[2025-01-19T03:39:11.380+0000] {processor.py:208} INFO - Processing /home/vscode/.local/lib/python3.10/site-packages/airflow/example_dags/example_latest_only.py took 0.054 seconds
[2025-01-19T03:40:01.659+0000] {processor.py:186} INFO - Started process (PID=13776) to work on /home/vscode/.local/lib/python3.10/site-packages/airflow/example_dags/example_latest_only.py
[2025-01-19T03:40:01.660+0000] {processor.py:914} INFO - Processing file /home/vscode/.local/lib/python3.10/site-packages/airflow/example_dags/example_latest_only.py for tasks to queue
[2025-01-19T03:40:01.662+0000] {logging_mixin.py:190} INFO - [2025-01-19T03:40:01.661+0000] {dagbag.py:588} INFO - Filling up the DagBag from /home/vscode/.local/lib/python3.10/site-packages/airflow/example_dags/example_latest_only.py
[2025-01-19T03:40:01.668+0000] {processor.py:925} INFO - DAG(s) 'latest_only' retrieved from /home/vscode/.local/lib/python3.10/site-packages/airflow/example_dags/example_latest_only.py
[2025-01-19T03:40:01.681+0000] {logging_mixin.py:190} INFO - [2025-01-19T03:40:01.680+0000] {dag.py:3239} INFO - Sync 1 DAGs
[2025-01-19T03:40:01.697+0000] {logging_mixin.py:190} INFO - [2025-01-19T03:40:01.697+0000] {dag.py:4180} INFO - Setting next_dagrun for latest_only to 2025-01-18 20:00:00+00:00, run_after=2025-01-19 00:00:00+00:00
[2025-01-19T03:40:01.712+0000] {processor.py:208} INFO - Processing /home/vscode/.local/lib/python3.10/site-packages/airflow/example_dags/example_latest_only.py took 0.058 seconds
[2025-01-19T03:40:52.599+0000] {processor.py:186} INFO - Started process (PID=14128) to work on /home/vscode/.local/lib/python3.10/site-packages/airflow/example_dags/example_latest_only.py
[2025-01-19T03:40:52.600+0000] {processor.py:914} INFO - Processing file /home/vscode/.local/lib/python3.10/site-packages/airflow/example_dags/example_latest_only.py for tasks to queue
[2025-01-19T03:40:52.601+0000] {logging_mixin.py:190} INFO - [2025-01-19T03:40:52.601+0000] {dagbag.py:588} INFO - Filling up the DagBag from /home/vscode/.local/lib/python3.10/site-packages/airflow/example_dags/example_latest_only.py
[2025-01-19T03:40:52.607+0000] {processor.py:925} INFO - DAG(s) 'latest_only' retrieved from /home/vscode/.local/lib/python3.10/site-packages/airflow/example_dags/example_latest_only.py
[2025-01-19T03:40:52.618+0000] {logging_mixin.py:190} INFO - [2025-01-19T03:40:52.618+0000] {dag.py:3239} INFO - Sync 1 DAGs
[2025-01-19T03:40:52.633+0000] {logging_mixin.py:190} INFO - [2025-01-19T03:40:52.633+0000] {dag.py:4180} INFO - Setting next_dagrun for latest_only to 2025-01-18 20:00:00+00:00, run_after=2025-01-19 00:00:00+00:00
[2025-01-19T03:40:52.648+0000] {processor.py:208} INFO - Processing /home/vscode/.local/lib/python3.10/site-packages/airflow/example_dags/example_latest_only.py took 0.054 seconds
[2025-01-19T03:41:40.969+0000] {processor.py:186} INFO - Started process (PID=14444) to work on /home/vscode/.local/lib/python3.10/site-packages/airflow/example_dags/example_latest_only.py
[2025-01-19T03:41:40.969+0000] {processor.py:914} INFO - Processing file /home/vscode/.local/lib/python3.10/site-packages/airflow/example_dags/example_latest_only.py for tasks to queue
[2025-01-19T03:41:40.971+0000] {logging_mixin.py:190} INFO - [2025-01-19T03:41:40.971+0000] {dagbag.py:588} INFO - Filling up the DagBag from /home/vscode/.local/lib/python3.10/site-packages/airflow/example_dags/example_latest_only.py
[2025-01-19T03:41:40.976+0000] {processor.py:925} INFO - DAG(s) 'latest_only' retrieved from /home/vscode/.local/lib/python3.10/site-packages/airflow/example_dags/example_latest_only.py
[2025-01-19T03:41:40.987+0000] {logging_mixin.py:190} INFO - [2025-01-19T03:41:40.987+0000] {dag.py:3239} INFO - Sync 1 DAGs
[2025-01-19T03:41:41.002+0000] {logging_mixin.py:190} INFO - [2025-01-19T03:41:41.001+0000] {dag.py:4180} INFO - Setting next_dagrun for latest_only to 2025-01-18 20:00:00+00:00, run_after=2025-01-19 00:00:00+00:00
[2025-01-19T03:41:41.016+0000] {processor.py:208} INFO - Processing /home/vscode/.local/lib/python3.10/site-packages/airflow/example_dags/example_latest_only.py took 0.052 seconds
[2025-01-19T03:42:34.470+0000] {processor.py:186} INFO - Started process (PID=14806) to work on /home/vscode/.local/lib/python3.10/site-packages/airflow/example_dags/example_latest_only.py
[2025-01-19T03:42:34.471+0000] {processor.py:914} INFO - Processing file /home/vscode/.local/lib/python3.10/site-packages/airflow/example_dags/example_latest_only.py for tasks to queue
[2025-01-19T03:42:34.472+0000] {logging_mixin.py:190} INFO - [2025-01-19T03:42:34.472+0000] {dagbag.py:588} INFO - Filling up the DagBag from /home/vscode/.local/lib/python3.10/site-packages/airflow/example_dags/example_latest_only.py
[2025-01-19T03:42:34.478+0000] {processor.py:925} INFO - DAG(s) 'latest_only' retrieved from /home/vscode/.local/lib/python3.10/site-packages/airflow/example_dags/example_latest_only.py
[2025-01-19T03:42:34.489+0000] {logging_mixin.py:190} INFO - [2025-01-19T03:42:34.489+0000] {dag.py:3239} INFO - Sync 1 DAGs
[2025-01-19T03:42:34.504+0000] {logging_mixin.py:190} INFO - [2025-01-19T03:42:34.504+0000] {dag.py:4180} INFO - Setting next_dagrun for latest_only to 2025-01-18 20:00:00+00:00, run_after=2025-01-19 00:00:00+00:00
[2025-01-19T03:42:34.518+0000] {processor.py:208} INFO - Processing /home/vscode/.local/lib/python3.10/site-packages/airflow/example_dags/example_latest_only.py took 0.053 seconds
[2025-01-19T03:43:25.384+0000] {processor.py:186} INFO - Started process (PID=15155) to work on /home/vscode/.local/lib/python3.10/site-packages/airflow/example_dags/example_latest_only.py
[2025-01-19T03:43:25.384+0000] {processor.py:914} INFO - Processing file /home/vscode/.local/lib/python3.10/site-packages/airflow/example_dags/example_latest_only.py for tasks to queue
[2025-01-19T03:43:25.386+0000] {logging_mixin.py:190} INFO - [2025-01-19T03:43:25.386+0000] {dagbag.py:588} INFO - Filling up the DagBag from /home/vscode/.local/lib/python3.10/site-packages/airflow/example_dags/example_latest_only.py
[2025-01-19T03:43:25.391+0000] {processor.py:925} INFO - DAG(s) 'latest_only' retrieved from /home/vscode/.local/lib/python3.10/site-packages/airflow/example_dags/example_latest_only.py
[2025-01-19T03:43:25.402+0000] {logging_mixin.py:190} INFO - [2025-01-19T03:43:25.402+0000] {dag.py:3239} INFO - Sync 1 DAGs
[2025-01-19T03:43:25.417+0000] {logging_mixin.py:190} INFO - [2025-01-19T03:43:25.417+0000] {dag.py:4180} INFO - Setting next_dagrun for latest_only to 2025-01-18 20:00:00+00:00, run_after=2025-01-19 00:00:00+00:00
[2025-01-19T03:43:25.431+0000] {processor.py:208} INFO - Processing /home/vscode/.local/lib/python3.10/site-packages/airflow/example_dags/example_latest_only.py took 0.052 seconds
[2025-01-19T03:44:16.631+0000] {processor.py:186} INFO - Started process (PID=15497) to work on /home/vscode/.local/lib/python3.10/site-packages/airflow/example_dags/example_latest_only.py
[2025-01-19T03:44:16.632+0000] {processor.py:914} INFO - Processing file /home/vscode/.local/lib/python3.10/site-packages/airflow/example_dags/example_latest_only.py for tasks to queue
[2025-01-19T03:44:16.633+0000] {logging_mixin.py:190} INFO - [2025-01-19T03:44:16.633+0000] {dagbag.py:588} INFO - Filling up the DagBag from /home/vscode/.local/lib/python3.10/site-packages/airflow/example_dags/example_latest_only.py
[2025-01-19T03:44:16.639+0000] {processor.py:925} INFO - DAG(s) 'latest_only' retrieved from /home/vscode/.local/lib/python3.10/site-packages/airflow/example_dags/example_latest_only.py
[2025-01-19T03:44:16.650+0000] {logging_mixin.py:190} INFO - [2025-01-19T03:44:16.650+0000] {dag.py:3239} INFO - Sync 1 DAGs
[2025-01-19T03:44:16.664+0000] {logging_mixin.py:190} INFO - [2025-01-19T03:44:16.664+0000] {dag.py:4180} INFO - Setting next_dagrun for latest_only to 2025-01-18 20:00:00+00:00, run_after=2025-01-19 00:00:00+00:00
[2025-01-19T03:44:16.678+0000] {processor.py:208} INFO - Processing /home/vscode/.local/lib/python3.10/site-packages/airflow/example_dags/example_latest_only.py took 0.052 seconds
[2025-01-19T03:45:09.783+0000] {processor.py:186} INFO - Started process (PID=15851) to work on /home/vscode/.local/lib/python3.10/site-packages/airflow/example_dags/example_latest_only.py
[2025-01-19T03:45:09.784+0000] {processor.py:914} INFO - Processing file /home/vscode/.local/lib/python3.10/site-packages/airflow/example_dags/example_latest_only.py for tasks to queue
[2025-01-19T03:45:09.787+0000] {logging_mixin.py:190} INFO - [2025-01-19T03:45:09.786+0000] {dagbag.py:588} INFO - Filling up the DagBag from /home/vscode/.local/lib/python3.10/site-packages/airflow/example_dags/example_latest_only.py
[2025-01-19T03:45:09.799+0000] {processor.py:925} INFO - DAG(s) 'latest_only' retrieved from /home/vscode/.local/lib/python3.10/site-packages/airflow/example_dags/example_latest_only.py
[2025-01-19T03:45:09.812+0000] {logging_mixin.py:190} INFO - [2025-01-19T03:45:09.811+0000] {dag.py:3239} INFO - Sync 1 DAGs
[2025-01-19T03:45:09.826+0000] {logging_mixin.py:190} INFO - [2025-01-19T03:45:09.826+0000] {dag.py:4180} INFO - Setting next_dagrun for latest_only to 2025-01-18 20:00:00+00:00, run_after=2025-01-19 00:00:00+00:00
[2025-01-19T03:45:09.840+0000] {processor.py:208} INFO - Processing /home/vscode/.local/lib/python3.10/site-packages/airflow/example_dags/example_latest_only.py took 0.063 seconds
[2025-01-19T03:46:01.101+0000] {processor.py:186} INFO - Started process (PID=16195) to work on /home/vscode/.local/lib/python3.10/site-packages/airflow/example_dags/example_latest_only.py
[2025-01-19T03:46:01.102+0000] {processor.py:914} INFO - Processing file /home/vscode/.local/lib/python3.10/site-packages/airflow/example_dags/example_latest_only.py for tasks to queue
[2025-01-19T03:46:01.104+0000] {logging_mixin.py:190} INFO - [2025-01-19T03:46:01.104+0000] {dagbag.py:588} INFO - Filling up the DagBag from /home/vscode/.local/lib/python3.10/site-packages/airflow/example_dags/example_latest_only.py
[2025-01-19T03:46:01.109+0000] {processor.py:925} INFO - DAG(s) 'latest_only' retrieved from /home/vscode/.local/lib/python3.10/site-packages/airflow/example_dags/example_latest_only.py
[2025-01-19T03:46:01.121+0000] {logging_mixin.py:190} INFO - [2025-01-19T03:46:01.121+0000] {dag.py:3239} INFO - Sync 1 DAGs
[2025-01-19T03:46:01.135+0000] {logging_mixin.py:190} INFO - [2025-01-19T03:46:01.135+0000] {dag.py:4180} INFO - Setting next_dagrun for latest_only to 2025-01-18 20:00:00+00:00, run_after=2025-01-19 00:00:00+00:00
[2025-01-19T03:46:01.150+0000] {processor.py:208} INFO - Processing /home/vscode/.local/lib/python3.10/site-packages/airflow/example_dags/example_latest_only.py took 0.053 seconds
[2025-01-19T03:46:51.362+0000] {processor.py:186} INFO - Started process (PID=16539) to work on /home/vscode/.local/lib/python3.10/site-packages/airflow/example_dags/example_latest_only.py
[2025-01-19T03:46:51.363+0000] {processor.py:914} INFO - Processing file /home/vscode/.local/lib/python3.10/site-packages/airflow/example_dags/example_latest_only.py for tasks to queue
[2025-01-19T03:46:51.364+0000] {logging_mixin.py:190} INFO - [2025-01-19T03:46:51.364+0000] {dagbag.py:588} INFO - Filling up the DagBag from /home/vscode/.local/lib/python3.10/site-packages/airflow/example_dags/example_latest_only.py
[2025-01-19T03:46:51.370+0000] {processor.py:925} INFO - DAG(s) 'latest_only' retrieved from /home/vscode/.local/lib/python3.10/site-packages/airflow/example_dags/example_latest_only.py
[2025-01-19T03:46:51.381+0000] {logging_mixin.py:190} INFO - [2025-01-19T03:46:51.381+0000] {dag.py:3239} INFO - Sync 1 DAGs
[2025-01-19T03:46:51.396+0000] {logging_mixin.py:190} INFO - [2025-01-19T03:46:51.396+0000] {dag.py:4180} INFO - Setting next_dagrun for latest_only to 2025-01-18 20:00:00+00:00, run_after=2025-01-19 00:00:00+00:00
[2025-01-19T03:46:51.411+0000] {processor.py:208} INFO - Processing /home/vscode/.local/lib/python3.10/site-packages/airflow/example_dags/example_latest_only.py took 0.054 seconds
[2025-01-19T03:47:43.968+0000] {processor.py:186} INFO - Started process (PID=16893) to work on /home/vscode/.local/lib/python3.10/site-packages/airflow/example_dags/example_latest_only.py
[2025-01-19T03:47:43.969+0000] {processor.py:914} INFO - Processing file /home/vscode/.local/lib/python3.10/site-packages/airflow/example_dags/example_latest_only.py for tasks to queue
[2025-01-19T03:47:43.970+0000] {logging_mixin.py:190} INFO - [2025-01-19T03:47:43.970+0000] {dagbag.py:588} INFO - Filling up the DagBag from /home/vscode/.local/lib/python3.10/site-packages/airflow/example_dags/example_latest_only.py
[2025-01-19T03:47:43.976+0000] {processor.py:925} INFO - DAG(s) 'latest_only' retrieved from /home/vscode/.local/lib/python3.10/site-packages/airflow/example_dags/example_latest_only.py
[2025-01-19T03:47:43.987+0000] {logging_mixin.py:190} INFO - [2025-01-19T03:47:43.987+0000] {dag.py:3239} INFO - Sync 1 DAGs
[2025-01-19T03:47:44.002+0000] {logging_mixin.py:190} INFO - [2025-01-19T03:47:44.001+0000] {dag.py:4180} INFO - Setting next_dagrun for latest_only to 2025-01-18 20:00:00+00:00, run_after=2025-01-19 00:00:00+00:00
[2025-01-19T03:47:44.016+0000] {processor.py:208} INFO - Processing /home/vscode/.local/lib/python3.10/site-packages/airflow/example_dags/example_latest_only.py took 0.052 seconds
[2025-01-19T03:48:33.958+0000] {processor.py:186} INFO - Started process (PID=17231) to work on /home/vscode/.local/lib/python3.10/site-packages/airflow/example_dags/example_latest_only.py
[2025-01-19T03:48:33.959+0000] {processor.py:914} INFO - Processing file /home/vscode/.local/lib/python3.10/site-packages/airflow/example_dags/example_latest_only.py for tasks to queue
[2025-01-19T03:48:33.960+0000] {logging_mixin.py:190} INFO - [2025-01-19T03:48:33.960+0000] {dagbag.py:588} INFO - Filling up the DagBag from /home/vscode/.local/lib/python3.10/site-packages/airflow/example_dags/example_latest_only.py
[2025-01-19T03:48:33.966+0000] {processor.py:925} INFO - DAG(s) 'latest_only' retrieved from /home/vscode/.local/lib/python3.10/site-packages/airflow/example_dags/example_latest_only.py
[2025-01-19T03:48:33.977+0000] {logging_mixin.py:190} INFO - [2025-01-19T03:48:33.977+0000] {dag.py:3239} INFO - Sync 1 DAGs
[2025-01-19T03:48:33.992+0000] {logging_mixin.py:190} INFO - [2025-01-19T03:48:33.991+0000] {dag.py:4180} INFO - Setting next_dagrun for latest_only to 2025-01-18 20:00:00+00:00, run_after=2025-01-19 00:00:00+00:00
[2025-01-19T03:48:34.006+0000] {processor.py:208} INFO - Processing /home/vscode/.local/lib/python3.10/site-packages/airflow/example_dags/example_latest_only.py took 0.053 seconds
[2025-01-19T03:49:24.318+0000] {processor.py:186} INFO - Started process (PID=17706) to work on /home/vscode/.local/lib/python3.10/site-packages/airflow/example_dags/example_latest_only.py
[2025-01-19T03:49:24.319+0000] {processor.py:914} INFO - Processing file /home/vscode/.local/lib/python3.10/site-packages/airflow/example_dags/example_latest_only.py for tasks to queue
[2025-01-19T03:49:24.321+0000] {logging_mixin.py:190} INFO - [2025-01-19T03:49:24.321+0000] {dagbag.py:588} INFO - Filling up the DagBag from /home/vscode/.local/lib/python3.10/site-packages/airflow/example_dags/example_latest_only.py
[2025-01-19T03:49:24.327+0000] {processor.py:925} INFO - DAG(s) 'latest_only' retrieved from /home/vscode/.local/lib/python3.10/site-packages/airflow/example_dags/example_latest_only.py
[2025-01-19T03:49:24.339+0000] {logging_mixin.py:190} INFO - [2025-01-19T03:49:24.339+0000] {dag.py:3239} INFO - Sync 1 DAGs
[2025-01-19T03:49:24.355+0000] {logging_mixin.py:190} INFO - [2025-01-19T03:49:24.354+0000] {dag.py:4180} INFO - Setting next_dagrun for latest_only to 2025-01-18 20:00:00+00:00, run_after=2025-01-19 00:00:00+00:00
[2025-01-19T03:49:24.369+0000] {processor.py:208} INFO - Processing /home/vscode/.local/lib/python3.10/site-packages/airflow/example_dags/example_latest_only.py took 0.056 seconds
[2025-01-19T03:50:16.774+0000] {processor.py:186} INFO - Started process (PID=18105) to work on /home/vscode/.local/lib/python3.10/site-packages/airflow/example_dags/example_latest_only.py
[2025-01-19T03:50:16.775+0000] {processor.py:914} INFO - Processing file /home/vscode/.local/lib/python3.10/site-packages/airflow/example_dags/example_latest_only.py for tasks to queue
[2025-01-19T03:50:16.776+0000] {logging_mixin.py:190} INFO - [2025-01-19T03:50:16.776+0000] {dagbag.py:588} INFO - Filling up the DagBag from /home/vscode/.local/lib/python3.10/site-packages/airflow/example_dags/example_latest_only.py
[2025-01-19T03:50:16.782+0000] {processor.py:925} INFO - DAG(s) 'latest_only' retrieved from /home/vscode/.local/lib/python3.10/site-packages/airflow/example_dags/example_latest_only.py
[2025-01-19T03:50:16.793+0000] {logging_mixin.py:190} INFO - [2025-01-19T03:50:16.792+0000] {dag.py:3239} INFO - Sync 1 DAGs
[2025-01-19T03:50:16.807+0000] {logging_mixin.py:190} INFO - [2025-01-19T03:50:16.807+0000] {dag.py:4180} INFO - Setting next_dagrun for latest_only to 2025-01-18 20:00:00+00:00, run_after=2025-01-19 00:00:00+00:00
[2025-01-19T03:50:16.822+0000] {processor.py:208} INFO - Processing /home/vscode/.local/lib/python3.10/site-packages/airflow/example_dags/example_latest_only.py took 0.052 seconds
[2025-01-19T03:51:06.489+0000] {processor.py:186} INFO - Started process (PID=18480) to work on /home/vscode/.local/lib/python3.10/site-packages/airflow/example_dags/example_latest_only.py
[2025-01-19T03:51:06.490+0000] {processor.py:914} INFO - Processing file /home/vscode/.local/lib/python3.10/site-packages/airflow/example_dags/example_latest_only.py for tasks to queue
[2025-01-19T03:51:06.492+0000] {logging_mixin.py:190} INFO - [2025-01-19T03:51:06.492+0000] {dagbag.py:588} INFO - Filling up the DagBag from /home/vscode/.local/lib/python3.10/site-packages/airflow/example_dags/example_latest_only.py
[2025-01-19T03:51:06.500+0000] {processor.py:925} INFO - DAG(s) 'latest_only' retrieved from /home/vscode/.local/lib/python3.10/site-packages/airflow/example_dags/example_latest_only.py
[2025-01-19T03:51:06.512+0000] {logging_mixin.py:190} INFO - [2025-01-19T03:51:06.512+0000] {dag.py:3239} INFO - Sync 1 DAGs
[2025-01-19T03:51:06.536+0000] {logging_mixin.py:190} INFO - [2025-01-19T03:51:06.535+0000] {dag.py:4180} INFO - Setting next_dagrun for latest_only to 2025-01-18 20:00:00+00:00, run_after=2025-01-19 00:00:00+00:00
[2025-01-19T03:51:06.570+0000] {processor.py:208} INFO - Processing /home/vscode/.local/lib/python3.10/site-packages/airflow/example_dags/example_latest_only.py took 0.088 seconds
[2025-01-19T03:55:18.915+0000] {processor.py:186} INFO - Started process (PID=20274) to work on /home/vscode/.local/lib/python3.10/site-packages/airflow/example_dags/example_latest_only.py
[2025-01-19T03:55:18.916+0000] {processor.py:914} INFO - Processing file /home/vscode/.local/lib/python3.10/site-packages/airflow/example_dags/example_latest_only.py for tasks to queue
[2025-01-19T03:55:18.918+0000] {logging_mixin.py:190} INFO - [2025-01-19T03:55:18.917+0000] {dagbag.py:588} INFO - Filling up the DagBag from /home/vscode/.local/lib/python3.10/site-packages/airflow/example_dags/example_latest_only.py
[2025-01-19T03:55:18.924+0000] {processor.py:925} INFO - DAG(s) 'latest_only' retrieved from /home/vscode/.local/lib/python3.10/site-packages/airflow/example_dags/example_latest_only.py
[2025-01-19T03:55:18.936+0000] {logging_mixin.py:190} INFO - [2025-01-19T03:55:18.936+0000] {dag.py:3239} INFO - Sync 1 DAGs
[2025-01-19T03:55:18.951+0000] {logging_mixin.py:190} INFO - [2025-01-19T03:55:18.950+0000] {dag.py:4180} INFO - Setting next_dagrun for latest_only to 2025-01-18 20:00:00+00:00, run_after=2025-01-19 00:00:00+00:00
[2025-01-19T03:55:18.965+0000] {processor.py:208} INFO - Processing /home/vscode/.local/lib/python3.10/site-packages/airflow/example_dags/example_latest_only.py took 0.056 seconds
[2025-01-19T03:56:15.615+0000] {processor.py:186} INFO - Started process (PID=20653) to work on /home/vscode/.local/lib/python3.10/site-packages/airflow/example_dags/example_latest_only.py
[2025-01-19T03:56:15.616+0000] {processor.py:914} INFO - Processing file /home/vscode/.local/lib/python3.10/site-packages/airflow/example_dags/example_latest_only.py for tasks to queue
[2025-01-19T03:56:15.617+0000] {logging_mixin.py:190} INFO - [2025-01-19T03:56:15.617+0000] {dagbag.py:588} INFO - Filling up the DagBag from /home/vscode/.local/lib/python3.10/site-packages/airflow/example_dags/example_latest_only.py
[2025-01-19T03:56:15.623+0000] {processor.py:925} INFO - DAG(s) 'latest_only' retrieved from /home/vscode/.local/lib/python3.10/site-packages/airflow/example_dags/example_latest_only.py
[2025-01-19T03:56:15.634+0000] {logging_mixin.py:190} INFO - [2025-01-19T03:56:15.634+0000] {dag.py:3239} INFO - Sync 1 DAGs
[2025-01-19T03:56:15.648+0000] {logging_mixin.py:190} INFO - [2025-01-19T03:56:15.648+0000] {dag.py:4180} INFO - Setting next_dagrun for latest_only to 2025-01-18 20:00:00+00:00, run_after=2025-01-19 00:00:00+00:00
[2025-01-19T03:56:15.662+0000] {processor.py:208} INFO - Processing /home/vscode/.local/lib/python3.10/site-packages/airflow/example_dags/example_latest_only.py took 0.052 seconds
[2025-01-19T03:57:12.173+0000] {processor.py:186} INFO - Started process (PID=21039) to work on /home/vscode/.local/lib/python3.10/site-packages/airflow/example_dags/example_latest_only.py
[2025-01-19T03:57:12.174+0000] {processor.py:914} INFO - Processing file /home/vscode/.local/lib/python3.10/site-packages/airflow/example_dags/example_latest_only.py for tasks to queue
[2025-01-19T03:57:12.175+0000] {logging_mixin.py:190} INFO - [2025-01-19T03:57:12.175+0000] {dagbag.py:588} INFO - Filling up the DagBag from /home/vscode/.local/lib/python3.10/site-packages/airflow/example_dags/example_latest_only.py
[2025-01-19T03:57:12.181+0000] {processor.py:925} INFO - DAG(s) 'latest_only' retrieved from /home/vscode/.local/lib/python3.10/site-packages/airflow/example_dags/example_latest_only.py
[2025-01-19T03:57:12.193+0000] {logging_mixin.py:190} INFO - [2025-01-19T03:57:12.192+0000] {dag.py:3239} INFO - Sync 1 DAGs
[2025-01-19T03:57:12.207+0000] {logging_mixin.py:190} INFO - [2025-01-19T03:57:12.207+0000] {dag.py:4180} INFO - Setting next_dagrun for latest_only to 2025-01-18 20:00:00+00:00, run_after=2025-01-19 00:00:00+00:00
[2025-01-19T03:57:12.221+0000] {processor.py:208} INFO - Processing /home/vscode/.local/lib/python3.10/site-packages/airflow/example_dags/example_latest_only.py took 0.053 seconds
[2025-01-19T03:58:03.663+0000] {processor.py:186} INFO - Started process (PID=21387) to work on /home/vscode/.local/lib/python3.10/site-packages/airflow/example_dags/example_latest_only.py
[2025-01-19T03:58:03.664+0000] {processor.py:914} INFO - Processing file /home/vscode/.local/lib/python3.10/site-packages/airflow/example_dags/example_latest_only.py for tasks to queue
[2025-01-19T03:58:03.665+0000] {logging_mixin.py:190} INFO - [2025-01-19T03:58:03.665+0000] {dagbag.py:588} INFO - Filling up the DagBag from /home/vscode/.local/lib/python3.10/site-packages/airflow/example_dags/example_latest_only.py
[2025-01-19T03:58:03.671+0000] {processor.py:925} INFO - DAG(s) 'latest_only' retrieved from /home/vscode/.local/lib/python3.10/site-packages/airflow/example_dags/example_latest_only.py
[2025-01-19T03:58:03.682+0000] {logging_mixin.py:190} INFO - [2025-01-19T03:58:03.682+0000] {dag.py:3239} INFO - Sync 1 DAGs
[2025-01-19T03:58:03.696+0000] {logging_mixin.py:190} INFO - [2025-01-19T03:58:03.696+0000] {dag.py:4180} INFO - Setting next_dagrun for latest_only to 2025-01-18 20:00:00+00:00, run_after=2025-01-19 00:00:00+00:00
[2025-01-19T03:58:03.710+0000] {processor.py:208} INFO - Processing /home/vscode/.local/lib/python3.10/site-packages/airflow/example_dags/example_latest_only.py took 0.052 seconds
[2025-01-19T03:58:54.828+0000] {processor.py:186} INFO - Started process (PID=21736) to work on /home/vscode/.local/lib/python3.10/site-packages/airflow/example_dags/example_latest_only.py
[2025-01-19T03:58:54.829+0000] {processor.py:914} INFO - Processing file /home/vscode/.local/lib/python3.10/site-packages/airflow/example_dags/example_latest_only.py for tasks to queue
[2025-01-19T03:58:54.831+0000] {logging_mixin.py:190} INFO - [2025-01-19T03:58:54.830+0000] {dagbag.py:588} INFO - Filling up the DagBag from /home/vscode/.local/lib/python3.10/site-packages/airflow/example_dags/example_latest_only.py
[2025-01-19T03:58:54.836+0000] {processor.py:925} INFO - DAG(s) 'latest_only' retrieved from /home/vscode/.local/lib/python3.10/site-packages/airflow/example_dags/example_latest_only.py
[2025-01-19T03:58:54.847+0000] {logging_mixin.py:190} INFO - [2025-01-19T03:58:54.847+0000] {dag.py:3239} INFO - Sync 1 DAGs
[2025-01-19T03:58:54.862+0000] {logging_mixin.py:190} INFO - [2025-01-19T03:58:54.862+0000] {dag.py:4180} INFO - Setting next_dagrun for latest_only to 2025-01-18 20:00:00+00:00, run_after=2025-01-19 00:00:00+00:00
[2025-01-19T03:58:54.877+0000] {processor.py:208} INFO - Processing /home/vscode/.local/lib/python3.10/site-packages/airflow/example_dags/example_latest_only.py took 0.053 seconds
[2025-01-19T03:59:46.373+0000] {processor.py:186} INFO - Started process (PID=22088) to work on /home/vscode/.local/lib/python3.10/site-packages/airflow/example_dags/example_latest_only.py
[2025-01-19T03:59:46.373+0000] {processor.py:914} INFO - Processing file /home/vscode/.local/lib/python3.10/site-packages/airflow/example_dags/example_latest_only.py for tasks to queue
[2025-01-19T03:59:46.375+0000] {logging_mixin.py:190} INFO - [2025-01-19T03:59:46.375+0000] {dagbag.py:588} INFO - Filling up the DagBag from /home/vscode/.local/lib/python3.10/site-packages/airflow/example_dags/example_latest_only.py
[2025-01-19T03:59:46.381+0000] {processor.py:925} INFO - DAG(s) 'latest_only' retrieved from /home/vscode/.local/lib/python3.10/site-packages/airflow/example_dags/example_latest_only.py
[2025-01-19T03:59:46.392+0000] {logging_mixin.py:190} INFO - [2025-01-19T03:59:46.392+0000] {dag.py:3239} INFO - Sync 1 DAGs
[2025-01-19T03:59:46.406+0000] {logging_mixin.py:190} INFO - [2025-01-19T03:59:46.406+0000] {dag.py:4180} INFO - Setting next_dagrun for latest_only to 2025-01-18 20:00:00+00:00, run_after=2025-01-19 00:00:00+00:00
[2025-01-19T03:59:46.420+0000] {processor.py:208} INFO - Processing /home/vscode/.local/lib/python3.10/site-packages/airflow/example_dags/example_latest_only.py took 0.053 seconds
[2025-01-19T04:00:38.900+0000] {processor.py:186} INFO - Started process (PID=22439) to work on /home/vscode/.local/lib/python3.10/site-packages/airflow/example_dags/example_latest_only.py
[2025-01-19T04:00:38.901+0000] {processor.py:914} INFO - Processing file /home/vscode/.local/lib/python3.10/site-packages/airflow/example_dags/example_latest_only.py for tasks to queue
[2025-01-19T04:00:38.902+0000] {logging_mixin.py:190} INFO - [2025-01-19T04:00:38.902+0000] {dagbag.py:588} INFO - Filling up the DagBag from /home/vscode/.local/lib/python3.10/site-packages/airflow/example_dags/example_latest_only.py
[2025-01-19T04:00:38.908+0000] {processor.py:925} INFO - DAG(s) 'latest_only' retrieved from /home/vscode/.local/lib/python3.10/site-packages/airflow/example_dags/example_latest_only.py
[2025-01-19T04:00:38.919+0000] {logging_mixin.py:190} INFO - [2025-01-19T04:00:38.919+0000] {dag.py:3239} INFO - Sync 1 DAGs
[2025-01-19T04:00:38.933+0000] {logging_mixin.py:190} INFO - [2025-01-19T04:00:38.933+0000] {dag.py:4180} INFO - Setting next_dagrun for latest_only to 2025-01-19 00:00:00+00:00, run_after=2025-01-19 04:00:00+00:00
[2025-01-19T04:00:38.948+0000] {processor.py:208} INFO - Processing /home/vscode/.local/lib/python3.10/site-packages/airflow/example_dags/example_latest_only.py took 0.052 seconds
[2025-01-19T04:01:29.115+0000] {processor.py:186} INFO - Started process (PID=22780) to work on /home/vscode/.local/lib/python3.10/site-packages/airflow/example_dags/example_latest_only.py
[2025-01-19T04:01:29.116+0000] {processor.py:914} INFO - Processing file /home/vscode/.local/lib/python3.10/site-packages/airflow/example_dags/example_latest_only.py for tasks to queue
[2025-01-19T04:01:29.117+0000] {logging_mixin.py:190} INFO - [2025-01-19T04:01:29.117+0000] {dagbag.py:588} INFO - Filling up the DagBag from /home/vscode/.local/lib/python3.10/site-packages/airflow/example_dags/example_latest_only.py
[2025-01-19T04:01:29.123+0000] {processor.py:925} INFO - DAG(s) 'latest_only' retrieved from /home/vscode/.local/lib/python3.10/site-packages/airflow/example_dags/example_latest_only.py
[2025-01-19T04:01:29.134+0000] {logging_mixin.py:190} INFO - [2025-01-19T04:01:29.134+0000] {dag.py:3239} INFO - Sync 1 DAGs
[2025-01-19T04:01:29.149+0000] {logging_mixin.py:190} INFO - [2025-01-19T04:01:29.149+0000] {dag.py:4180} INFO - Setting next_dagrun for latest_only to 2025-01-19 00:00:00+00:00, run_after=2025-01-19 04:00:00+00:00
[2025-01-19T04:01:29.163+0000] {processor.py:208} INFO - Processing /home/vscode/.local/lib/python3.10/site-packages/airflow/example_dags/example_latest_only.py took 0.052 seconds
[2025-01-19T04:02:21.382+0000] {processor.py:186} INFO - Started process (PID=23145) to work on /home/vscode/.local/lib/python3.10/site-packages/airflow/example_dags/example_latest_only.py
[2025-01-19T04:02:21.383+0000] {processor.py:914} INFO - Processing file /home/vscode/.local/lib/python3.10/site-packages/airflow/example_dags/example_latest_only.py for tasks to queue
[2025-01-19T04:02:21.385+0000] {logging_mixin.py:190} INFO - [2025-01-19T04:02:21.385+0000] {dagbag.py:588} INFO - Filling up the DagBag from /home/vscode/.local/lib/python3.10/site-packages/airflow/example_dags/example_latest_only.py
[2025-01-19T04:02:21.396+0000] {processor.py:925} INFO - DAG(s) 'latest_only' retrieved from /home/vscode/.local/lib/python3.10/site-packages/airflow/example_dags/example_latest_only.py
[2025-01-19T04:02:21.413+0000] {logging_mixin.py:190} INFO - [2025-01-19T04:02:21.413+0000] {dag.py:3239} INFO - Sync 1 DAGs
[2025-01-19T04:02:21.435+0000] {logging_mixin.py:190} INFO - [2025-01-19T04:02:21.435+0000] {dag.py:4180} INFO - Setting next_dagrun for latest_only to 2025-01-19 00:00:00+00:00, run_after=2025-01-19 04:00:00+00:00
[2025-01-19T04:02:21.452+0000] {processor.py:208} INFO - Processing /home/vscode/.local/lib/python3.10/site-packages/airflow/example_dags/example_latest_only.py took 0.075 seconds
