[2025-01-19T03:21:20.589+0000] {processor.py:186} INFO - Started process (PID=5296) to work on /home/vscode/.local/lib/python3.10/site-packages/airflow/example_dags/example_display_name.py
[2025-01-19T03:21:20.590+0000] {processor.py:914} INFO - Processing file /home/vscode/.local/lib/python3.10/site-packages/airflow/example_dags/example_display_name.py for tasks to queue
[2025-01-19T03:21:20.592+0000] {logging_mixin.py:190} INFO - [2025-01-19T03:21:20.591+0000] {dagbag.py:588} INFO - Filling up the DagBag from /home/vscode/.local/lib/python3.10/site-packages/airflow/example_dags/example_display_name.py
[2025-01-19T03:21:20.598+0000] {processor.py:925} INFO - DAG(s) 'example_display_name' retrieved from /home/vscode/.local/lib/python3.10/site-packages/airflow/example_dags/example_display_name.py
[2025-01-19T03:21:20.675+0000] {logging_mixin.py:190} INFO - [2025-01-19T03:21:20.674+0000] {override.py:1911} INFO - Created Permission View: can read on DAG:example_display_name
[2025-01-19T03:21:20.683+0000] {logging_mixin.py:190} INFO - [2025-01-19T03:21:20.683+0000] {override.py:1911} INFO - Created Permission View: can edit on DAG:example_display_name
[2025-01-19T03:21:20.689+0000] {logging_mixin.py:190} INFO - [2025-01-19T03:21:20.689+0000] {override.py:1911} INFO - Created Permission View: can delete on DAG:example_display_name
[2025-01-19T03:21:20.697+0000] {logging_mixin.py:190} INFO - [2025-01-19T03:21:20.697+0000] {override.py:1911} INFO - Created Permission View: menu access on DAG Run:example_display_name
[2025-01-19T03:21:20.704+0000] {logging_mixin.py:190} INFO - [2025-01-19T03:21:20.704+0000] {override.py:1911} INFO - Created Permission View: can read on DAG Run:example_display_name
[2025-01-19T03:21:20.711+0000] {logging_mixin.py:190} INFO - [2025-01-19T03:21:20.710+0000] {override.py:1911} INFO - Created Permission View: can create on DAG Run:example_display_name
[2025-01-19T03:21:20.716+0000] {logging_mixin.py:190} INFO - [2025-01-19T03:21:20.716+0000] {override.py:1911} INFO - Created Permission View: can delete on DAG Run:example_display_name
[2025-01-19T03:21:20.717+0000] {logging_mixin.py:190} INFO - [2025-01-19T03:21:20.717+0000] {dag.py:3239} INFO - Sync 1 DAGs
[2025-01-19T03:21:20.726+0000] {logging_mixin.py:190} INFO - [2025-01-19T03:21:20.726+0000] {dag.py:3262} INFO - Creating ORM DAG for example_display_name
[2025-01-19T03:21:20.726+0000] {logging_mixin.py:190} INFO - [2025-01-19T03:21:20.726+0000] {dag.py:4180} INFO - Setting next_dagrun for example_display_name to None, run_after=None
[2025-01-19T03:21:20.742+0000] {processor.py:208} INFO - Processing /home/vscode/.local/lib/python3.10/site-packages/airflow/example_dags/example_display_name.py took 0.158 seconds
[2025-01-19T03:22:18.584+0000] {processor.py:186} INFO - Started process (PID=5757) to work on /home/vscode/.local/lib/python3.10/site-packages/airflow/example_dags/example_display_name.py
[2025-01-19T03:22:18.585+0000] {processor.py:914} INFO - Processing file /home/vscode/.local/lib/python3.10/site-packages/airflow/example_dags/example_display_name.py for tasks to queue
[2025-01-19T03:22:18.587+0000] {logging_mixin.py:190} INFO - [2025-01-19T03:22:18.587+0000] {dagbag.py:588} INFO - Filling up the DagBag from /home/vscode/.local/lib/python3.10/site-packages/airflow/example_dags/example_display_name.py
[2025-01-19T03:22:18.595+0000] {processor.py:925} INFO - DAG(s) 'example_display_name' retrieved from /home/vscode/.local/lib/python3.10/site-packages/airflow/example_dags/example_display_name.py
[2025-01-19T03:22:18.611+0000] {logging_mixin.py:190} INFO - [2025-01-19T03:22:18.610+0000] {dag.py:3239} INFO - Sync 1 DAGs
[2025-01-19T03:22:18.620+0000] {logging_mixin.py:190} INFO - [2025-01-19T03:22:18.620+0000] {dag.py:4180} INFO - Setting next_dagrun for example_display_name to None, run_after=None
[2025-01-19T03:22:18.635+0000] {processor.py:208} INFO - Processing /home/vscode/.local/lib/python3.10/site-packages/airflow/example_dags/example_display_name.py took 0.057 seconds
[2025-01-19T03:23:12.310+0000] {processor.py:186} INFO - Started process (PID=6211) to work on /home/vscode/.local/lib/python3.10/site-packages/airflow/example_dags/example_display_name.py
[2025-01-19T03:23:12.311+0000] {processor.py:914} INFO - Processing file /home/vscode/.local/lib/python3.10/site-packages/airflow/example_dags/example_display_name.py for tasks to queue
[2025-01-19T03:23:12.313+0000] {logging_mixin.py:190} INFO - [2025-01-19T03:23:12.312+0000] {dagbag.py:588} INFO - Filling up the DagBag from /home/vscode/.local/lib/python3.10/site-packages/airflow/example_dags/example_display_name.py
[2025-01-19T03:23:12.319+0000] {processor.py:925} INFO - DAG(s) 'example_display_name' retrieved from /home/vscode/.local/lib/python3.10/site-packages/airflow/example_dags/example_display_name.py
[2025-01-19T03:23:12.329+0000] {logging_mixin.py:190} INFO - [2025-01-19T03:23:12.329+0000] {dag.py:3239} INFO - Sync 1 DAGs
[2025-01-19T03:23:12.339+0000] {logging_mixin.py:190} INFO - [2025-01-19T03:23:12.338+0000] {dag.py:4180} INFO - Setting next_dagrun for example_display_name to None, run_after=None
[2025-01-19T03:23:12.353+0000] {processor.py:208} INFO - Processing /home/vscode/.local/lib/python3.10/site-packages/airflow/example_dags/example_display_name.py took 0.047 seconds
[2025-01-19T03:24:06.484+0000] {processor.py:186} INFO - Started process (PID=6647) to work on /home/vscode/.local/lib/python3.10/site-packages/airflow/example_dags/example_display_name.py
[2025-01-19T03:24:06.485+0000] {processor.py:914} INFO - Processing file /home/vscode/.local/lib/python3.10/site-packages/airflow/example_dags/example_display_name.py for tasks to queue
[2025-01-19T03:24:06.487+0000] {logging_mixin.py:190} INFO - [2025-01-19T03:24:06.486+0000] {dagbag.py:588} INFO - Filling up the DagBag from /home/vscode/.local/lib/python3.10/site-packages/airflow/example_dags/example_display_name.py
[2025-01-19T03:24:06.493+0000] {processor.py:925} INFO - DAG(s) 'example_display_name' retrieved from /home/vscode/.local/lib/python3.10/site-packages/airflow/example_dags/example_display_name.py
[2025-01-19T03:24:06.504+0000] {logging_mixin.py:190} INFO - [2025-01-19T03:24:06.504+0000] {dag.py:3239} INFO - Sync 1 DAGs
[2025-01-19T03:24:06.513+0000] {logging_mixin.py:190} INFO - [2025-01-19T03:24:06.513+0000] {dag.py:4180} INFO - Setting next_dagrun for example_display_name to None, run_after=None
[2025-01-19T03:24:06.527+0000] {processor.py:208} INFO - Processing /home/vscode/.local/lib/python3.10/site-packages/airflow/example_dags/example_display_name.py took 0.047 seconds
[2025-01-19T03:25:20.864+0000] {processor.py:186} INFO - Started process (PID=7227) to work on /home/vscode/.local/lib/python3.10/site-packages/airflow/example_dags/example_display_name.py
[2025-01-19T03:25:20.865+0000] {processor.py:914} INFO - Processing file /home/vscode/.local/lib/python3.10/site-packages/airflow/example_dags/example_display_name.py for tasks to queue
[2025-01-19T03:25:20.867+0000] {logging_mixin.py:190} INFO - [2025-01-19T03:25:20.866+0000] {dagbag.py:588} INFO - Filling up the DagBag from /home/vscode/.local/lib/python3.10/site-packages/airflow/example_dags/example_display_name.py
[2025-01-19T03:25:20.873+0000] {processor.py:925} INFO - DAG(s) 'example_display_name' retrieved from /home/vscode/.local/lib/python3.10/site-packages/airflow/example_dags/example_display_name.py
[2025-01-19T03:25:20.883+0000] {logging_mixin.py:190} INFO - [2025-01-19T03:25:20.883+0000] {dag.py:3239} INFO - Sync 1 DAGs
[2025-01-19T03:25:20.892+0000] {logging_mixin.py:190} INFO - [2025-01-19T03:25:20.892+0000] {dag.py:4180} INFO - Setting next_dagrun for example_display_name to None, run_after=None
[2025-01-19T03:25:20.907+0000] {processor.py:208} INFO - Processing /home/vscode/.local/lib/python3.10/site-packages/airflow/example_dags/example_display_name.py took 0.048 seconds
[2025-01-19T03:26:13.433+0000] {processor.py:186} INFO - Started process (PID=7655) to work on /home/vscode/.local/lib/python3.10/site-packages/airflow/example_dags/example_display_name.py
[2025-01-19T03:26:13.433+0000] {processor.py:914} INFO - Processing file /home/vscode/.local/lib/python3.10/site-packages/airflow/example_dags/example_display_name.py for tasks to queue
[2025-01-19T03:26:13.435+0000] {logging_mixin.py:190} INFO - [2025-01-19T03:26:13.435+0000] {dagbag.py:588} INFO - Filling up the DagBag from /home/vscode/.local/lib/python3.10/site-packages/airflow/example_dags/example_display_name.py
[2025-01-19T03:26:13.441+0000] {processor.py:925} INFO - DAG(s) 'example_display_name' retrieved from /home/vscode/.local/lib/python3.10/site-packages/airflow/example_dags/example_display_name.py
[2025-01-19T03:26:13.452+0000] {logging_mixin.py:190} INFO - [2025-01-19T03:26:13.451+0000] {dag.py:3239} INFO - Sync 1 DAGs
[2025-01-19T03:26:13.461+0000] {logging_mixin.py:190} INFO - [2025-01-19T03:26:13.461+0000] {dag.py:4180} INFO - Setting next_dagrun for example_display_name to None, run_after=None
[2025-01-19T03:26:13.483+0000] {processor.py:208} INFO - Processing /home/vscode/.local/lib/python3.10/site-packages/airflow/example_dags/example_display_name.py took 0.055 seconds
[2025-01-19T03:27:05.521+0000] {processor.py:186} INFO - Started process (PID=8065) to work on /home/vscode/.local/lib/python3.10/site-packages/airflow/example_dags/example_display_name.py
[2025-01-19T03:27:05.522+0000] {processor.py:914} INFO - Processing file /home/vscode/.local/lib/python3.10/site-packages/airflow/example_dags/example_display_name.py for tasks to queue
[2025-01-19T03:27:05.523+0000] {logging_mixin.py:190} INFO - [2025-01-19T03:27:05.523+0000] {dagbag.py:588} INFO - Filling up the DagBag from /home/vscode/.local/lib/python3.10/site-packages/airflow/example_dags/example_display_name.py
[2025-01-19T03:27:05.529+0000] {processor.py:925} INFO - DAG(s) 'example_display_name' retrieved from /home/vscode/.local/lib/python3.10/site-packages/airflow/example_dags/example_display_name.py
[2025-01-19T03:27:05.540+0000] {logging_mixin.py:190} INFO - [2025-01-19T03:27:05.540+0000] {dag.py:3239} INFO - Sync 1 DAGs
[2025-01-19T03:27:05.550+0000] {logging_mixin.py:190} INFO - [2025-01-19T03:27:05.550+0000] {dag.py:4180} INFO - Setting next_dagrun for example_display_name to None, run_after=None
[2025-01-19T03:27:05.564+0000] {processor.py:208} INFO - Processing /home/vscode/.local/lib/python3.10/site-packages/airflow/example_dags/example_display_name.py took 0.048 seconds
[2025-01-19T03:27:58.094+0000] {processor.py:186} INFO - Started process (PID=8491) to work on /home/vscode/.local/lib/python3.10/site-packages/airflow/example_dags/example_display_name.py
[2025-01-19T03:27:58.094+0000] {processor.py:914} INFO - Processing file /home/vscode/.local/lib/python3.10/site-packages/airflow/example_dags/example_display_name.py for tasks to queue
[2025-01-19T03:27:58.096+0000] {logging_mixin.py:190} INFO - [2025-01-19T03:27:58.096+0000] {dagbag.py:588} INFO - Filling up the DagBag from /home/vscode/.local/lib/python3.10/site-packages/airflow/example_dags/example_display_name.py
[2025-01-19T03:27:58.102+0000] {processor.py:925} INFO - DAG(s) 'example_display_name' retrieved from /home/vscode/.local/lib/python3.10/site-packages/airflow/example_dags/example_display_name.py
[2025-01-19T03:27:58.116+0000] {logging_mixin.py:190} INFO - [2025-01-19T03:27:58.116+0000] {dag.py:3239} INFO - Sync 1 DAGs
[2025-01-19T03:27:58.130+0000] {logging_mixin.py:190} INFO - [2025-01-19T03:27:58.130+0000] {dag.py:4180} INFO - Setting next_dagrun for example_display_name to None, run_after=None
[2025-01-19T03:27:58.153+0000] {processor.py:208} INFO - Processing /home/vscode/.local/lib/python3.10/site-packages/airflow/example_dags/example_display_name.py took 0.064 seconds
[2025-01-19T03:28:51.942+0000] {processor.py:186} INFO - Started process (PID=8944) to work on /home/vscode/.local/lib/python3.10/site-packages/airflow/example_dags/example_display_name.py
[2025-01-19T03:28:51.943+0000] {processor.py:914} INFO - Processing file /home/vscode/.local/lib/python3.10/site-packages/airflow/example_dags/example_display_name.py for tasks to queue
[2025-01-19T03:28:51.944+0000] {logging_mixin.py:190} INFO - [2025-01-19T03:28:51.944+0000] {dagbag.py:588} INFO - Filling up the DagBag from /home/vscode/.local/lib/python3.10/site-packages/airflow/example_dags/example_display_name.py
[2025-01-19T03:28:51.951+0000] {processor.py:925} INFO - DAG(s) 'example_display_name' retrieved from /home/vscode/.local/lib/python3.10/site-packages/airflow/example_dags/example_display_name.py
[2025-01-19T03:28:51.962+0000] {logging_mixin.py:190} INFO - [2025-01-19T03:28:51.961+0000] {dag.py:3239} INFO - Sync 1 DAGs
[2025-01-19T03:28:51.971+0000] {logging_mixin.py:190} INFO - [2025-01-19T03:28:51.971+0000] {dag.py:4180} INFO - Setting next_dagrun for example_display_name to None, run_after=None
[2025-01-19T03:28:51.986+0000] {processor.py:208} INFO - Processing /home/vscode/.local/lib/python3.10/site-packages/airflow/example_dags/example_display_name.py took 0.049 seconds
[2025-01-19T03:29:44.896+0000] {processor.py:186} INFO - Started process (PID=9319) to work on /home/vscode/.local/lib/python3.10/site-packages/airflow/example_dags/example_display_name.py
[2025-01-19T03:29:44.897+0000] {processor.py:914} INFO - Processing file /home/vscode/.local/lib/python3.10/site-packages/airflow/example_dags/example_display_name.py for tasks to queue
[2025-01-19T03:29:44.899+0000] {logging_mixin.py:190} INFO - [2025-01-19T03:29:44.898+0000] {dagbag.py:588} INFO - Filling up the DagBag from /home/vscode/.local/lib/python3.10/site-packages/airflow/example_dags/example_display_name.py
[2025-01-19T03:29:44.905+0000] {processor.py:925} INFO - DAG(s) 'example_display_name' retrieved from /home/vscode/.local/lib/python3.10/site-packages/airflow/example_dags/example_display_name.py
[2025-01-19T03:29:44.916+0000] {logging_mixin.py:190} INFO - [2025-01-19T03:29:44.916+0000] {dag.py:3239} INFO - Sync 1 DAGs
[2025-01-19T03:29:44.926+0000] {logging_mixin.py:190} INFO - [2025-01-19T03:29:44.925+0000] {dag.py:4180} INFO - Setting next_dagrun for example_display_name to None, run_after=None
[2025-01-19T03:29:44.940+0000] {processor.py:208} INFO - Processing /home/vscode/.local/lib/python3.10/site-packages/airflow/example_dags/example_display_name.py took 0.048 seconds
[2025-01-19T03:30:33.665+0000] {processor.py:186} INFO - Started process (PID=9654) to work on /home/vscode/.local/lib/python3.10/site-packages/airflow/example_dags/example_display_name.py
[2025-01-19T03:30:33.666+0000] {processor.py:914} INFO - Processing file /home/vscode/.local/lib/python3.10/site-packages/airflow/example_dags/example_display_name.py for tasks to queue
[2025-01-19T03:30:33.668+0000] {logging_mixin.py:190} INFO - [2025-01-19T03:30:33.667+0000] {dagbag.py:588} INFO - Filling up the DagBag from /home/vscode/.local/lib/python3.10/site-packages/airflow/example_dags/example_display_name.py
[2025-01-19T03:30:33.674+0000] {processor.py:925} INFO - DAG(s) 'example_display_name' retrieved from /home/vscode/.local/lib/python3.10/site-packages/airflow/example_dags/example_display_name.py
[2025-01-19T03:30:33.685+0000] {logging_mixin.py:190} INFO - [2025-01-19T03:30:33.684+0000] {dag.py:3239} INFO - Sync 1 DAGs
[2025-01-19T03:30:33.694+0000] {logging_mixin.py:190} INFO - [2025-01-19T03:30:33.694+0000] {dag.py:4180} INFO - Setting next_dagrun for example_display_name to None, run_after=None
[2025-01-19T03:30:33.708+0000] {processor.py:208} INFO - Processing /home/vscode/.local/lib/python3.10/site-packages/airflow/example_dags/example_display_name.py took 0.047 seconds
[2025-01-19T03:31:45.474+0000] {processor.py:186} INFO - Started process (PID=10135) to work on /home/vscode/.local/lib/python3.10/site-packages/airflow/example_dags/example_display_name.py
[2025-01-19T03:31:45.474+0000] {processor.py:914} INFO - Processing file /home/vscode/.local/lib/python3.10/site-packages/airflow/example_dags/example_display_name.py for tasks to queue
[2025-01-19T03:31:45.476+0000] {logging_mixin.py:190} INFO - [2025-01-19T03:31:45.476+0000] {dagbag.py:588} INFO - Filling up the DagBag from /home/vscode/.local/lib/python3.10/site-packages/airflow/example_dags/example_display_name.py
[2025-01-19T03:31:45.482+0000] {processor.py:925} INFO - DAG(s) 'example_display_name' retrieved from /home/vscode/.local/lib/python3.10/site-packages/airflow/example_dags/example_display_name.py
[2025-01-19T03:31:45.501+0000] {logging_mixin.py:190} INFO - [2025-01-19T03:31:45.501+0000] {dag.py:3239} INFO - Sync 1 DAGs
[2025-01-19T03:31:45.515+0000] {logging_mixin.py:190} INFO - [2025-01-19T03:31:45.515+0000] {dag.py:4180} INFO - Setting next_dagrun for example_display_name to None, run_after=None
[2025-01-19T03:31:45.535+0000] {processor.py:208} INFO - Processing /home/vscode/.local/lib/python3.10/site-packages/airflow/example_dags/example_display_name.py took 0.066 seconds
[2025-01-19T03:33:01.408+0000] {processor.py:186} INFO - Started process (PID=10787) to work on /home/vscode/.local/lib/python3.10/site-packages/airflow/example_dags/example_display_name.py
[2025-01-19T03:33:01.409+0000] {processor.py:914} INFO - Processing file /home/vscode/.local/lib/python3.10/site-packages/airflow/example_dags/example_display_name.py for tasks to queue
[2025-01-19T03:33:01.411+0000] {logging_mixin.py:190} INFO - [2025-01-19T03:33:01.410+0000] {dagbag.py:588} INFO - Filling up the DagBag from /home/vscode/.local/lib/python3.10/site-packages/airflow/example_dags/example_display_name.py
[2025-01-19T03:33:01.417+0000] {processor.py:925} INFO - DAG(s) 'example_display_name' retrieved from /home/vscode/.local/lib/python3.10/site-packages/airflow/example_dags/example_display_name.py
[2025-01-19T03:33:01.428+0000] {logging_mixin.py:190} INFO - [2025-01-19T03:33:01.428+0000] {dag.py:3239} INFO - Sync 1 DAGs
[2025-01-19T03:33:01.437+0000] {logging_mixin.py:190} INFO - [2025-01-19T03:33:01.437+0000] {dag.py:4180} INFO - Setting next_dagrun for example_display_name to None, run_after=None
[2025-01-19T03:33:01.452+0000] {processor.py:208} INFO - Processing /home/vscode/.local/lib/python3.10/site-packages/airflow/example_dags/example_display_name.py took 0.048 seconds
[2025-01-19T03:33:53.040+0000] {processor.py:186} INFO - Started process (PID=11143) to work on /home/vscode/.local/lib/python3.10/site-packages/airflow/example_dags/example_display_name.py
[2025-01-19T03:33:53.041+0000] {processor.py:914} INFO - Processing file /home/vscode/.local/lib/python3.10/site-packages/airflow/example_dags/example_display_name.py for tasks to queue
[2025-01-19T03:33:53.043+0000] {logging_mixin.py:190} INFO - [2025-01-19T03:33:53.043+0000] {dagbag.py:588} INFO - Filling up the DagBag from /home/vscode/.local/lib/python3.10/site-packages/airflow/example_dags/example_display_name.py
[2025-01-19T03:33:53.053+0000] {processor.py:925} INFO - DAG(s) 'example_display_name' retrieved from /home/vscode/.local/lib/python3.10/site-packages/airflow/example_dags/example_display_name.py
[2025-01-19T03:33:53.070+0000] {logging_mixin.py:190} INFO - [2025-01-19T03:33:53.070+0000] {dag.py:3239} INFO - Sync 1 DAGs
[2025-01-19T03:33:53.083+0000] {logging_mixin.py:190} INFO - [2025-01-19T03:33:53.083+0000] {dag.py:4180} INFO - Setting next_dagrun for example_display_name to None, run_after=None
[2025-01-19T03:33:53.104+0000] {processor.py:208} INFO - Processing /home/vscode/.local/lib/python3.10/site-packages/airflow/example_dags/example_display_name.py took 0.070 seconds
[2025-01-19T03:35:06.796+0000] {processor.py:186} INFO - Started process (PID=11724) to work on /home/vscode/.local/lib/python3.10/site-packages/airflow/example_dags/example_display_name.py
[2025-01-19T03:35:06.797+0000] {processor.py:914} INFO - Processing file /home/vscode/.local/lib/python3.10/site-packages/airflow/example_dags/example_display_name.py for tasks to queue
[2025-01-19T03:35:06.798+0000] {logging_mixin.py:190} INFO - [2025-01-19T03:35:06.798+0000] {dagbag.py:588} INFO - Filling up the DagBag from /home/vscode/.local/lib/python3.10/site-packages/airflow/example_dags/example_display_name.py
[2025-01-19T03:35:06.805+0000] {processor.py:925} INFO - DAG(s) 'example_display_name' retrieved from /home/vscode/.local/lib/python3.10/site-packages/airflow/example_dags/example_display_name.py
[2025-01-19T03:35:06.815+0000] {logging_mixin.py:190} INFO - [2025-01-19T03:35:06.815+0000] {dag.py:3239} INFO - Sync 1 DAGs
[2025-01-19T03:35:06.824+0000] {logging_mixin.py:190} INFO - [2025-01-19T03:35:06.824+0000] {dag.py:4180} INFO - Setting next_dagrun for example_display_name to None, run_after=None
[2025-01-19T03:35:06.839+0000] {processor.py:208} INFO - Processing /home/vscode/.local/lib/python3.10/site-packages/airflow/example_dags/example_display_name.py took 0.048 seconds
[2025-01-19T03:36:21.817+0000] {processor.py:186} INFO - Started process (PID=12287) to work on /home/vscode/.local/lib/python3.10/site-packages/airflow/example_dags/example_display_name.py
[2025-01-19T03:36:21.817+0000] {processor.py:914} INFO - Processing file /home/vscode/.local/lib/python3.10/site-packages/airflow/example_dags/example_display_name.py for tasks to queue
[2025-01-19T03:36:21.819+0000] {logging_mixin.py:190} INFO - [2025-01-19T03:36:21.819+0000] {dagbag.py:588} INFO - Filling up the DagBag from /home/vscode/.local/lib/python3.10/site-packages/airflow/example_dags/example_display_name.py
[2025-01-19T03:36:21.825+0000] {processor.py:925} INFO - DAG(s) 'example_display_name' retrieved from /home/vscode/.local/lib/python3.10/site-packages/airflow/example_dags/example_display_name.py
[2025-01-19T03:36:21.836+0000] {logging_mixin.py:190} INFO - [2025-01-19T03:36:21.835+0000] {dag.py:3239} INFO - Sync 1 DAGs
[2025-01-19T03:36:21.845+0000] {logging_mixin.py:190} INFO - [2025-01-19T03:36:21.845+0000] {dag.py:4180} INFO - Setting next_dagrun for example_display_name to None, run_after=None
[2025-01-19T03:36:21.859+0000] {processor.py:208} INFO - Processing /home/vscode/.local/lib/python3.10/site-packages/airflow/example_dags/example_display_name.py took 0.047 seconds
[2025-01-19T03:37:38.909+0000] {processor.py:186} INFO - Started process (PID=12805) to work on /home/vscode/.local/lib/python3.10/site-packages/airflow/example_dags/example_display_name.py
[2025-01-19T03:37:38.910+0000] {processor.py:914} INFO - Processing file /home/vscode/.local/lib/python3.10/site-packages/airflow/example_dags/example_display_name.py for tasks to queue
[2025-01-19T03:37:38.911+0000] {logging_mixin.py:190} INFO - [2025-01-19T03:37:38.911+0000] {dagbag.py:588} INFO - Filling up the DagBag from /home/vscode/.local/lib/python3.10/site-packages/airflow/example_dags/example_display_name.py
[2025-01-19T03:37:38.918+0000] {processor.py:925} INFO - DAG(s) 'example_display_name' retrieved from /home/vscode/.local/lib/python3.10/site-packages/airflow/example_dags/example_display_name.py
[2025-01-19T03:37:38.928+0000] {logging_mixin.py:190} INFO - [2025-01-19T03:37:38.928+0000] {dag.py:3239} INFO - Sync 1 DAGs
[2025-01-19T03:37:38.937+0000] {logging_mixin.py:190} INFO - [2025-01-19T03:37:38.937+0000] {dag.py:4180} INFO - Setting next_dagrun for example_display_name to None, run_after=None
[2025-01-19T03:37:38.951+0000] {processor.py:208} INFO - Processing /home/vscode/.local/lib/python3.10/site-packages/airflow/example_dags/example_display_name.py took 0.046 seconds
[2025-01-19T03:38:50.832+0000] {processor.py:186} INFO - Started process (PID=13297) to work on /home/vscode/.local/lib/python3.10/site-packages/airflow/example_dags/example_display_name.py
[2025-01-19T03:38:50.833+0000] {processor.py:914} INFO - Processing file /home/vscode/.local/lib/python3.10/site-packages/airflow/example_dags/example_display_name.py for tasks to queue
[2025-01-19T03:38:50.834+0000] {logging_mixin.py:190} INFO - [2025-01-19T03:38:50.834+0000] {dagbag.py:588} INFO - Filling up the DagBag from /home/vscode/.local/lib/python3.10/site-packages/airflow/example_dags/example_display_name.py
[2025-01-19T03:38:50.840+0000] {processor.py:925} INFO - DAG(s) 'example_display_name' retrieved from /home/vscode/.local/lib/python3.10/site-packages/airflow/example_dags/example_display_name.py
[2025-01-19T03:38:50.851+0000] {logging_mixin.py:190} INFO - [2025-01-19T03:38:50.851+0000] {dag.py:3239} INFO - Sync 1 DAGs
[2025-01-19T03:38:50.861+0000] {logging_mixin.py:190} INFO - [2025-01-19T03:38:50.861+0000] {dag.py:4180} INFO - Setting next_dagrun for example_display_name to None, run_after=None
[2025-01-19T03:38:50.880+0000] {processor.py:208} INFO - Processing /home/vscode/.local/lib/python3.10/site-packages/airflow/example_dags/example_display_name.py took 0.053 seconds
[2025-01-19T03:40:06.212+0000] {processor.py:186} INFO - Started process (PID=13802) to work on /home/vscode/.local/lib/python3.10/site-packages/airflow/example_dags/example_display_name.py
[2025-01-19T03:40:06.214+0000] {processor.py:914} INFO - Processing file /home/vscode/.local/lib/python3.10/site-packages/airflow/example_dags/example_display_name.py for tasks to queue
[2025-01-19T03:40:06.216+0000] {logging_mixin.py:190} INFO - [2025-01-19T03:40:06.215+0000] {dagbag.py:588} INFO - Filling up the DagBag from /home/vscode/.local/lib/python3.10/site-packages/airflow/example_dags/example_display_name.py
[2025-01-19T03:40:06.223+0000] {processor.py:925} INFO - DAG(s) 'example_display_name' retrieved from /home/vscode/.local/lib/python3.10/site-packages/airflow/example_dags/example_display_name.py
[2025-01-19T03:40:06.239+0000] {logging_mixin.py:190} INFO - [2025-01-19T03:40:06.239+0000] {dag.py:3239} INFO - Sync 1 DAGs
[2025-01-19T03:40:06.253+0000] {logging_mixin.py:190} INFO - [2025-01-19T03:40:06.252+0000] {dag.py:4180} INFO - Setting next_dagrun for example_display_name to None, run_after=None
[2025-01-19T03:40:06.274+0000] {processor.py:208} INFO - Processing /home/vscode/.local/lib/python3.10/site-packages/airflow/example_dags/example_display_name.py took 0.068 seconds
[2025-01-19T03:40:57.544+0000] {processor.py:186} INFO - Started process (PID=14156) to work on /home/vscode/.local/lib/python3.10/site-packages/airflow/example_dags/example_display_name.py
[2025-01-19T03:40:57.545+0000] {processor.py:914} INFO - Processing file /home/vscode/.local/lib/python3.10/site-packages/airflow/example_dags/example_display_name.py for tasks to queue
[2025-01-19T03:40:57.546+0000] {logging_mixin.py:190} INFO - [2025-01-19T03:40:57.546+0000] {dagbag.py:588} INFO - Filling up the DagBag from /home/vscode/.local/lib/python3.10/site-packages/airflow/example_dags/example_display_name.py
[2025-01-19T03:40:57.552+0000] {processor.py:925} INFO - DAG(s) 'example_display_name' retrieved from /home/vscode/.local/lib/python3.10/site-packages/airflow/example_dags/example_display_name.py
[2025-01-19T03:40:57.563+0000] {logging_mixin.py:190} INFO - [2025-01-19T03:40:57.563+0000] {dag.py:3239} INFO - Sync 1 DAGs
[2025-01-19T03:40:57.572+0000] {logging_mixin.py:190} INFO - [2025-01-19T03:40:57.572+0000] {dag.py:4180} INFO - Setting next_dagrun for example_display_name to None, run_after=None
[2025-01-19T03:40:57.587+0000] {processor.py:208} INFO - Processing /home/vscode/.local/lib/python3.10/site-packages/airflow/example_dags/example_display_name.py took 0.047 seconds
[2025-01-19T03:42:13.675+0000] {processor.py:186} INFO - Started process (PID=14667) to work on /home/vscode/.local/lib/python3.10/site-packages/airflow/example_dags/example_display_name.py
[2025-01-19T03:42:13.676+0000] {processor.py:914} INFO - Processing file /home/vscode/.local/lib/python3.10/site-packages/airflow/example_dags/example_display_name.py for tasks to queue
[2025-01-19T03:42:13.677+0000] {logging_mixin.py:190} INFO - [2025-01-19T03:42:13.677+0000] {dagbag.py:588} INFO - Filling up the DagBag from /home/vscode/.local/lib/python3.10/site-packages/airflow/example_dags/example_display_name.py
[2025-01-19T03:42:13.683+0000] {processor.py:925} INFO - DAG(s) 'example_display_name' retrieved from /home/vscode/.local/lib/python3.10/site-packages/airflow/example_dags/example_display_name.py
[2025-01-19T03:42:13.694+0000] {logging_mixin.py:190} INFO - [2025-01-19T03:42:13.694+0000] {dag.py:3239} INFO - Sync 1 DAGs
[2025-01-19T03:42:13.704+0000] {logging_mixin.py:190} INFO - [2025-01-19T03:42:13.703+0000] {dag.py:4180} INFO - Setting next_dagrun for example_display_name to None, run_after=None
[2025-01-19T03:42:13.718+0000] {processor.py:208} INFO - Processing /home/vscode/.local/lib/python3.10/site-packages/airflow/example_dags/example_display_name.py took 0.048 seconds
[2025-01-19T03:43:03.781+0000] {processor.py:186} INFO - Started process (PID=15011) to work on /home/vscode/.local/lib/python3.10/site-packages/airflow/example_dags/example_display_name.py
[2025-01-19T03:43:03.782+0000] {processor.py:914} INFO - Processing file /home/vscode/.local/lib/python3.10/site-packages/airflow/example_dags/example_display_name.py for tasks to queue
[2025-01-19T03:43:03.784+0000] {logging_mixin.py:190} INFO - [2025-01-19T03:43:03.783+0000] {dagbag.py:588} INFO - Filling up the DagBag from /home/vscode/.local/lib/python3.10/site-packages/airflow/example_dags/example_display_name.py
[2025-01-19T03:43:03.790+0000] {processor.py:925} INFO - DAG(s) 'example_display_name' retrieved from /home/vscode/.local/lib/python3.10/site-packages/airflow/example_dags/example_display_name.py
[2025-01-19T03:43:03.801+0000] {logging_mixin.py:190} INFO - [2025-01-19T03:43:03.800+0000] {dag.py:3239} INFO - Sync 1 DAGs
[2025-01-19T03:43:03.810+0000] {logging_mixin.py:190} INFO - [2025-01-19T03:43:03.810+0000] {dag.py:4180} INFO - Setting next_dagrun for example_display_name to None, run_after=None
[2025-01-19T03:43:03.824+0000] {processor.py:208} INFO - Processing /home/vscode/.local/lib/python3.10/site-packages/airflow/example_dags/example_display_name.py took 0.047 seconds
[2025-01-19T03:43:57.289+0000] {processor.py:186} INFO - Started process (PID=15372) to work on /home/vscode/.local/lib/python3.10/site-packages/airflow/example_dags/example_display_name.py
[2025-01-19T03:43:57.290+0000] {processor.py:914} INFO - Processing file /home/vscode/.local/lib/python3.10/site-packages/airflow/example_dags/example_display_name.py for tasks to queue
[2025-01-19T03:43:57.291+0000] {logging_mixin.py:190} INFO - [2025-01-19T03:43:57.291+0000] {dagbag.py:588} INFO - Filling up the DagBag from /home/vscode/.local/lib/python3.10/site-packages/airflow/example_dags/example_display_name.py
[2025-01-19T03:43:57.297+0000] {processor.py:925} INFO - DAG(s) 'example_display_name' retrieved from /home/vscode/.local/lib/python3.10/site-packages/airflow/example_dags/example_display_name.py
[2025-01-19T03:43:57.308+0000] {logging_mixin.py:190} INFO - [2025-01-19T03:43:57.308+0000] {dag.py:3239} INFO - Sync 1 DAGs
[2025-01-19T03:43:57.318+0000] {logging_mixin.py:190} INFO - [2025-01-19T03:43:57.318+0000] {dag.py:4180} INFO - Setting next_dagrun for example_display_name to None, run_after=None
[2025-01-19T03:43:57.332+0000] {processor.py:208} INFO - Processing /home/vscode/.local/lib/python3.10/site-packages/airflow/example_dags/example_display_name.py took 0.048 seconds
[2025-01-19T03:44:50.335+0000] {processor.py:186} INFO - Started process (PID=15722) to work on /home/vscode/.local/lib/python3.10/site-packages/airflow/example_dags/example_display_name.py
[2025-01-19T03:44:50.336+0000] {processor.py:914} INFO - Processing file /home/vscode/.local/lib/python3.10/site-packages/airflow/example_dags/example_display_name.py for tasks to queue
[2025-01-19T03:44:50.338+0000] {logging_mixin.py:190} INFO - [2025-01-19T03:44:50.337+0000] {dagbag.py:588} INFO - Filling up the DagBag from /home/vscode/.local/lib/python3.10/site-packages/airflow/example_dags/example_display_name.py
[2025-01-19T03:44:50.344+0000] {processor.py:925} INFO - DAG(s) 'example_display_name' retrieved from /home/vscode/.local/lib/python3.10/site-packages/airflow/example_dags/example_display_name.py
[2025-01-19T03:44:50.355+0000] {logging_mixin.py:190} INFO - [2025-01-19T03:44:50.355+0000] {dag.py:3239} INFO - Sync 1 DAGs
[2025-01-19T03:44:50.364+0000] {logging_mixin.py:190} INFO - [2025-01-19T03:44:50.364+0000] {dag.py:4180} INFO - Setting next_dagrun for example_display_name to None, run_after=None
[2025-01-19T03:44:50.379+0000] {processor.py:208} INFO - Processing /home/vscode/.local/lib/python3.10/site-packages/airflow/example_dags/example_display_name.py took 0.047 seconds
[2025-01-19T03:45:41.668+0000] {processor.py:186} INFO - Started process (PID=16068) to work on /home/vscode/.local/lib/python3.10/site-packages/airflow/example_dags/example_display_name.py
[2025-01-19T03:45:41.668+0000] {processor.py:914} INFO - Processing file /home/vscode/.local/lib/python3.10/site-packages/airflow/example_dags/example_display_name.py for tasks to queue
[2025-01-19T03:45:41.670+0000] {logging_mixin.py:190} INFO - [2025-01-19T03:45:41.670+0000] {dagbag.py:588} INFO - Filling up the DagBag from /home/vscode/.local/lib/python3.10/site-packages/airflow/example_dags/example_display_name.py
[2025-01-19T03:45:41.676+0000] {processor.py:925} INFO - DAG(s) 'example_display_name' retrieved from /home/vscode/.local/lib/python3.10/site-packages/airflow/example_dags/example_display_name.py
[2025-01-19T03:45:41.687+0000] {logging_mixin.py:190} INFO - [2025-01-19T03:45:41.687+0000] {dag.py:3239} INFO - Sync 1 DAGs
[2025-01-19T03:45:41.696+0000] {logging_mixin.py:190} INFO - [2025-01-19T03:45:41.696+0000] {dag.py:4180} INFO - Setting next_dagrun for example_display_name to None, run_after=None
[2025-01-19T03:45:41.711+0000] {processor.py:208} INFO - Processing /home/vscode/.local/lib/python3.10/site-packages/airflow/example_dags/example_display_name.py took 0.048 seconds
[2025-01-19T03:46:58.706+0000] {processor.py:186} INFO - Started process (PID=16583) to work on /home/vscode/.local/lib/python3.10/site-packages/airflow/example_dags/example_display_name.py
[2025-01-19T03:46:58.707+0000] {processor.py:914} INFO - Processing file /home/vscode/.local/lib/python3.10/site-packages/airflow/example_dags/example_display_name.py for tasks to queue
[2025-01-19T03:46:58.708+0000] {logging_mixin.py:190} INFO - [2025-01-19T03:46:58.708+0000] {dagbag.py:588} INFO - Filling up the DagBag from /home/vscode/.local/lib/python3.10/site-packages/airflow/example_dags/example_display_name.py
[2025-01-19T03:46:58.714+0000] {processor.py:925} INFO - DAG(s) 'example_display_name' retrieved from /home/vscode/.local/lib/python3.10/site-packages/airflow/example_dags/example_display_name.py
[2025-01-19T03:46:58.725+0000] {logging_mixin.py:190} INFO - [2025-01-19T03:46:58.724+0000] {dag.py:3239} INFO - Sync 1 DAGs
[2025-01-19T03:46:58.734+0000] {logging_mixin.py:190} INFO - [2025-01-19T03:46:58.734+0000] {dag.py:4180} INFO - Setting next_dagrun for example_display_name to None, run_after=None
[2025-01-19T03:46:58.748+0000] {processor.py:208} INFO - Processing /home/vscode/.local/lib/python3.10/site-packages/airflow/example_dags/example_display_name.py took 0.047 seconds
[2025-01-19T03:47:50.251+0000] {processor.py:186} INFO - Started process (PID=16937) to work on /home/vscode/.local/lib/python3.10/site-packages/airflow/example_dags/example_display_name.py
[2025-01-19T03:47:50.252+0000] {processor.py:914} INFO - Processing file /home/vscode/.local/lib/python3.10/site-packages/airflow/example_dags/example_display_name.py for tasks to queue
[2025-01-19T03:47:50.253+0000] {logging_mixin.py:190} INFO - [2025-01-19T03:47:50.253+0000] {dagbag.py:588} INFO - Filling up the DagBag from /home/vscode/.local/lib/python3.10/site-packages/airflow/example_dags/example_display_name.py
[2025-01-19T03:47:50.259+0000] {processor.py:925} INFO - DAG(s) 'example_display_name' retrieved from /home/vscode/.local/lib/python3.10/site-packages/airflow/example_dags/example_display_name.py
[2025-01-19T03:47:50.270+0000] {logging_mixin.py:190} INFO - [2025-01-19T03:47:50.270+0000] {dag.py:3239} INFO - Sync 1 DAGs
[2025-01-19T03:47:50.279+0000] {logging_mixin.py:190} INFO - [2025-01-19T03:47:50.279+0000] {dag.py:4180} INFO - Setting next_dagrun for example_display_name to None, run_after=None
[2025-01-19T03:47:50.294+0000] {processor.py:208} INFO - Processing /home/vscode/.local/lib/python3.10/site-packages/airflow/example_dags/example_display_name.py took 0.047 seconds
[2025-01-19T03:49:05.814+0000] {processor.py:186} INFO - Started process (PID=17543) to work on /home/vscode/.local/lib/python3.10/site-packages/airflow/example_dags/example_display_name.py
[2025-01-19T03:49:05.815+0000] {processor.py:914} INFO - Processing file /home/vscode/.local/lib/python3.10/site-packages/airflow/example_dags/example_display_name.py for tasks to queue
[2025-01-19T03:49:05.816+0000] {logging_mixin.py:190} INFO - [2025-01-19T03:49:05.816+0000] {dagbag.py:588} INFO - Filling up the DagBag from /home/vscode/.local/lib/python3.10/site-packages/airflow/example_dags/example_display_name.py
[2025-01-19T03:49:05.823+0000] {processor.py:925} INFO - DAG(s) 'example_display_name' retrieved from /home/vscode/.local/lib/python3.10/site-packages/airflow/example_dags/example_display_name.py
[2025-01-19T03:49:05.834+0000] {logging_mixin.py:190} INFO - [2025-01-19T03:49:05.834+0000] {dag.py:3239} INFO - Sync 1 DAGs
[2025-01-19T03:49:05.843+0000] {logging_mixin.py:190} INFO - [2025-01-19T03:49:05.843+0000] {dag.py:4180} INFO - Setting next_dagrun for example_display_name to None, run_after=None
[2025-01-19T03:49:05.858+0000] {processor.py:208} INFO - Processing /home/vscode/.local/lib/python3.10/site-packages/airflow/example_dags/example_display_name.py took 0.049 seconds
[2025-01-19T03:49:56.498+0000] {processor.py:186} INFO - Started process (PID=17951) to work on /home/vscode/.local/lib/python3.10/site-packages/airflow/example_dags/example_display_name.py
[2025-01-19T03:49:56.499+0000] {processor.py:914} INFO - Processing file /home/vscode/.local/lib/python3.10/site-packages/airflow/example_dags/example_display_name.py for tasks to queue
[2025-01-19T03:49:56.500+0000] {logging_mixin.py:190} INFO - [2025-01-19T03:49:56.500+0000] {dagbag.py:588} INFO - Filling up the DagBag from /home/vscode/.local/lib/python3.10/site-packages/airflow/example_dags/example_display_name.py
[2025-01-19T03:49:56.507+0000] {processor.py:925} INFO - DAG(s) 'example_display_name' retrieved from /home/vscode/.local/lib/python3.10/site-packages/airflow/example_dags/example_display_name.py
[2025-01-19T03:49:56.518+0000] {logging_mixin.py:190} INFO - [2025-01-19T03:49:56.518+0000] {dag.py:3239} INFO - Sync 1 DAGs
[2025-01-19T03:49:56.527+0000] {logging_mixin.py:190} INFO - [2025-01-19T03:49:56.527+0000] {dag.py:4180} INFO - Setting next_dagrun for example_display_name to None, run_after=None
[2025-01-19T03:49:56.542+0000] {processor.py:208} INFO - Processing /home/vscode/.local/lib/python3.10/site-packages/airflow/example_dags/example_display_name.py took 0.048 seconds
[2025-01-19T03:50:46.516+0000] {processor.py:186} INFO - Started process (PID=18334) to work on /home/vscode/.local/lib/python3.10/site-packages/airflow/example_dags/example_display_name.py
[2025-01-19T03:50:46.517+0000] {processor.py:914} INFO - Processing file /home/vscode/.local/lib/python3.10/site-packages/airflow/example_dags/example_display_name.py for tasks to queue
[2025-01-19T03:50:46.518+0000] {logging_mixin.py:190} INFO - [2025-01-19T03:50:46.518+0000] {dagbag.py:588} INFO - Filling up the DagBag from /home/vscode/.local/lib/python3.10/site-packages/airflow/example_dags/example_display_name.py
[2025-01-19T03:50:46.526+0000] {processor.py:925} INFO - DAG(s) 'example_display_name' retrieved from /home/vscode/.local/lib/python3.10/site-packages/airflow/example_dags/example_display_name.py
[2025-01-19T03:50:46.537+0000] {logging_mixin.py:190} INFO - [2025-01-19T03:50:46.537+0000] {dag.py:3239} INFO - Sync 1 DAGs
[2025-01-19T03:50:46.547+0000] {logging_mixin.py:190} INFO - [2025-01-19T03:50:46.546+0000] {dag.py:4180} INFO - Setting next_dagrun for example_display_name to None, run_after=None
[2025-01-19T03:50:46.565+0000] {processor.py:208} INFO - Processing /home/vscode/.local/lib/python3.10/site-packages/airflow/example_dags/example_display_name.py took 0.054 seconds
[2025-01-19T03:55:30.433+0000] {processor.py:186} INFO - Started process (PID=20347) to work on /home/vscode/.local/lib/python3.10/site-packages/airflow/example_dags/example_display_name.py
[2025-01-19T03:55:30.434+0000] {processor.py:914} INFO - Processing file /home/vscode/.local/lib/python3.10/site-packages/airflow/example_dags/example_display_name.py for tasks to queue
[2025-01-19T03:55:30.435+0000] {logging_mixin.py:190} INFO - [2025-01-19T03:55:30.435+0000] {dagbag.py:588} INFO - Filling up the DagBag from /home/vscode/.local/lib/python3.10/site-packages/airflow/example_dags/example_display_name.py
[2025-01-19T03:55:30.441+0000] {processor.py:925} INFO - DAG(s) 'example_display_name' retrieved from /home/vscode/.local/lib/python3.10/site-packages/airflow/example_dags/example_display_name.py
[2025-01-19T03:55:30.452+0000] {logging_mixin.py:190} INFO - [2025-01-19T03:55:30.452+0000] {dag.py:3239} INFO - Sync 1 DAGs
[2025-01-19T03:55:30.461+0000] {logging_mixin.py:190} INFO - [2025-01-19T03:55:30.461+0000] {dag.py:4180} INFO - Setting next_dagrun for example_display_name to None, run_after=None
[2025-01-19T03:55:30.475+0000] {processor.py:208} INFO - Processing /home/vscode/.local/lib/python3.10/site-packages/airflow/example_dags/example_display_name.py took 0.047 seconds
[2025-01-19T03:56:27.034+0000] {processor.py:186} INFO - Started process (PID=20732) to work on /home/vscode/.local/lib/python3.10/site-packages/airflow/example_dags/example_display_name.py
[2025-01-19T03:56:27.035+0000] {processor.py:914} INFO - Processing file /home/vscode/.local/lib/python3.10/site-packages/airflow/example_dags/example_display_name.py for tasks to queue
[2025-01-19T03:56:27.036+0000] {logging_mixin.py:190} INFO - [2025-01-19T03:56:27.036+0000] {dagbag.py:588} INFO - Filling up the DagBag from /home/vscode/.local/lib/python3.10/site-packages/airflow/example_dags/example_display_name.py
[2025-01-19T03:56:27.042+0000] {processor.py:925} INFO - DAG(s) 'example_display_name' retrieved from /home/vscode/.local/lib/python3.10/site-packages/airflow/example_dags/example_display_name.py
[2025-01-19T03:56:27.053+0000] {logging_mixin.py:190} INFO - [2025-01-19T03:56:27.053+0000] {dag.py:3239} INFO - Sync 1 DAGs
[2025-01-19T03:56:27.062+0000] {logging_mixin.py:190} INFO - [2025-01-19T03:56:27.062+0000] {dag.py:4180} INFO - Setting next_dagrun for example_display_name to None, run_after=None
[2025-01-19T03:56:27.077+0000] {processor.py:208} INFO - Processing /home/vscode/.local/lib/python3.10/site-packages/airflow/example_dags/example_display_name.py took 0.047 seconds
[2025-01-19T03:57:23.560+0000] {processor.py:186} INFO - Started process (PID=21118) to work on /home/vscode/.local/lib/python3.10/site-packages/airflow/example_dags/example_display_name.py
[2025-01-19T03:57:23.561+0000] {processor.py:914} INFO - Processing file /home/vscode/.local/lib/python3.10/site-packages/airflow/example_dags/example_display_name.py for tasks to queue
[2025-01-19T03:57:23.562+0000] {logging_mixin.py:190} INFO - [2025-01-19T03:57:23.562+0000] {dagbag.py:588} INFO - Filling up the DagBag from /home/vscode/.local/lib/python3.10/site-packages/airflow/example_dags/example_display_name.py
[2025-01-19T03:57:23.568+0000] {processor.py:925} INFO - DAG(s) 'example_display_name' retrieved from /home/vscode/.local/lib/python3.10/site-packages/airflow/example_dags/example_display_name.py
[2025-01-19T03:57:23.581+0000] {logging_mixin.py:190} INFO - [2025-01-19T03:57:23.581+0000] {dag.py:3239} INFO - Sync 1 DAGs
[2025-01-19T03:57:23.590+0000] {logging_mixin.py:190} INFO - [2025-01-19T03:57:23.590+0000] {dag.py:4180} INFO - Setting next_dagrun for example_display_name to None, run_after=None
[2025-01-19T03:57:23.604+0000] {processor.py:208} INFO - Processing /home/vscode/.local/lib/python3.10/site-packages/airflow/example_dags/example_display_name.py took 0.049 seconds
[2025-01-19T03:58:16.089+0000] {processor.py:186} INFO - Started process (PID=21472) to work on /home/vscode/.local/lib/python3.10/site-packages/airflow/example_dags/example_display_name.py
[2025-01-19T03:58:16.090+0000] {processor.py:914} INFO - Processing file /home/vscode/.local/lib/python3.10/site-packages/airflow/example_dags/example_display_name.py for tasks to queue
[2025-01-19T03:58:16.091+0000] {logging_mixin.py:190} INFO - [2025-01-19T03:58:16.091+0000] {dagbag.py:588} INFO - Filling up the DagBag from /home/vscode/.local/lib/python3.10/site-packages/airflow/example_dags/example_display_name.py
[2025-01-19T03:58:16.098+0000] {processor.py:925} INFO - DAG(s) 'example_display_name' retrieved from /home/vscode/.local/lib/python3.10/site-packages/airflow/example_dags/example_display_name.py
[2025-01-19T03:58:16.113+0000] {logging_mixin.py:190} INFO - [2025-01-19T03:58:16.113+0000] {dag.py:3239} INFO - Sync 1 DAGs
[2025-01-19T03:58:16.122+0000] {logging_mixin.py:190} INFO - [2025-01-19T03:58:16.122+0000] {dag.py:4180} INFO - Setting next_dagrun for example_display_name to None, run_after=None
[2025-01-19T03:58:16.137+0000] {processor.py:208} INFO - Processing /home/vscode/.local/lib/python3.10/site-packages/airflow/example_dags/example_display_name.py took 0.053 seconds
[2025-01-19T03:59:30.816+0000] {processor.py:186} INFO - Started process (PID=21983) to work on /home/vscode/.local/lib/python3.10/site-packages/airflow/example_dags/example_display_name.py
[2025-01-19T03:59:30.817+0000] {processor.py:914} INFO - Processing file /home/vscode/.local/lib/python3.10/site-packages/airflow/example_dags/example_display_name.py for tasks to queue
[2025-01-19T03:59:30.819+0000] {logging_mixin.py:190} INFO - [2025-01-19T03:59:30.818+0000] {dagbag.py:588} INFO - Filling up the DagBag from /home/vscode/.local/lib/python3.10/site-packages/airflow/example_dags/example_display_name.py
[2025-01-19T03:59:30.825+0000] {processor.py:925} INFO - DAG(s) 'example_display_name' retrieved from /home/vscode/.local/lib/python3.10/site-packages/airflow/example_dags/example_display_name.py
[2025-01-19T03:59:30.836+0000] {logging_mixin.py:190} INFO - [2025-01-19T03:59:30.836+0000] {dag.py:3239} INFO - Sync 1 DAGs
[2025-01-19T03:59:30.845+0000] {logging_mixin.py:190} INFO - [2025-01-19T03:59:30.845+0000] {dag.py:4180} INFO - Setting next_dagrun for example_display_name to None, run_after=None
[2025-01-19T03:59:30.860+0000] {processor.py:208} INFO - Processing /home/vscode/.local/lib/python3.10/site-packages/airflow/example_dags/example_display_name.py took 0.049 seconds
[2025-01-19T04:00:22.635+0000] {processor.py:186} INFO - Started process (PID=22333) to work on /home/vscode/.local/lib/python3.10/site-packages/airflow/example_dags/example_display_name.py
[2025-01-19T04:00:22.635+0000] {processor.py:914} INFO - Processing file /home/vscode/.local/lib/python3.10/site-packages/airflow/example_dags/example_display_name.py for tasks to queue
[2025-01-19T04:00:22.637+0000] {logging_mixin.py:190} INFO - [2025-01-19T04:00:22.637+0000] {dagbag.py:588} INFO - Filling up the DagBag from /home/vscode/.local/lib/python3.10/site-packages/airflow/example_dags/example_display_name.py
[2025-01-19T04:00:22.643+0000] {processor.py:925} INFO - DAG(s) 'example_display_name' retrieved from /home/vscode/.local/lib/python3.10/site-packages/airflow/example_dags/example_display_name.py
[2025-01-19T04:00:22.655+0000] {logging_mixin.py:190} INFO - [2025-01-19T04:00:22.655+0000] {dag.py:3239} INFO - Sync 1 DAGs
[2025-01-19T04:00:22.664+0000] {logging_mixin.py:190} INFO - [2025-01-19T04:00:22.664+0000] {dag.py:4180} INFO - Setting next_dagrun for example_display_name to None, run_after=None
[2025-01-19T04:00:22.679+0000] {processor.py:208} INFO - Processing /home/vscode/.local/lib/python3.10/site-packages/airflow/example_dags/example_display_name.py took 0.049 seconds
[2025-01-19T04:01:13.687+0000] {processor.py:186} INFO - Started process (PID=22677) to work on /home/vscode/.local/lib/python3.10/site-packages/airflow/example_dags/example_display_name.py
[2025-01-19T04:01:13.688+0000] {processor.py:914} INFO - Processing file /home/vscode/.local/lib/python3.10/site-packages/airflow/example_dags/example_display_name.py for tasks to queue
[2025-01-19T04:01:13.690+0000] {logging_mixin.py:190} INFO - [2025-01-19T04:01:13.689+0000] {dagbag.py:588} INFO - Filling up the DagBag from /home/vscode/.local/lib/python3.10/site-packages/airflow/example_dags/example_display_name.py
[2025-01-19T04:01:13.696+0000] {processor.py:925} INFO - DAG(s) 'example_display_name' retrieved from /home/vscode/.local/lib/python3.10/site-packages/airflow/example_dags/example_display_name.py
[2025-01-19T04:01:13.706+0000] {logging_mixin.py:190} INFO - [2025-01-19T04:01:13.706+0000] {dag.py:3239} INFO - Sync 1 DAGs
[2025-01-19T04:01:13.715+0000] {logging_mixin.py:190} INFO - [2025-01-19T04:01:13.715+0000] {dag.py:4180} INFO - Setting next_dagrun for example_display_name to None, run_after=None
[2025-01-19T04:01:13.732+0000] {processor.py:208} INFO - Processing /home/vscode/.local/lib/python3.10/site-packages/airflow/example_dags/example_display_name.py took 0.049 seconds
[2025-01-19T04:02:05.187+0000] {processor.py:186} INFO - Started process (PID=23035) to work on /home/vscode/.local/lib/python3.10/site-packages/airflow/example_dags/example_display_name.py
[2025-01-19T04:02:05.188+0000] {processor.py:914} INFO - Processing file /home/vscode/.local/lib/python3.10/site-packages/airflow/example_dags/example_display_name.py for tasks to queue
[2025-01-19T04:02:05.189+0000] {logging_mixin.py:190} INFO - [2025-01-19T04:02:05.189+0000] {dagbag.py:588} INFO - Filling up the DagBag from /home/vscode/.local/lib/python3.10/site-packages/airflow/example_dags/example_display_name.py
[2025-01-19T04:02:05.196+0000] {processor.py:925} INFO - DAG(s) 'example_display_name' retrieved from /home/vscode/.local/lib/python3.10/site-packages/airflow/example_dags/example_display_name.py
[2025-01-19T04:02:05.207+0000] {logging_mixin.py:190} INFO - [2025-01-19T04:02:05.207+0000] {dag.py:3239} INFO - Sync 1 DAGs
[2025-01-19T04:02:05.217+0000] {logging_mixin.py:190} INFO - [2025-01-19T04:02:05.217+0000] {dag.py:4180} INFO - Setting next_dagrun for example_display_name to None, run_after=None
[2025-01-19T04:02:05.232+0000] {processor.py:208} INFO - Processing /home/vscode/.local/lib/python3.10/site-packages/airflow/example_dags/example_display_name.py took 0.049 seconds
[2025-01-19T04:02:55.577+0000] {processor.py:186} INFO - Started process (PID=23475) to work on /home/vscode/.local/lib/python3.10/site-packages/airflow/example_dags/example_display_name.py
[2025-01-19T04:02:55.579+0000] {processor.py:914} INFO - Processing file /home/vscode/.local/lib/python3.10/site-packages/airflow/example_dags/example_display_name.py for tasks to queue
[2025-01-19T04:02:55.580+0000] {logging_mixin.py:190} INFO - [2025-01-19T04:02:55.580+0000] {dagbag.py:588} INFO - Filling up the DagBag from /home/vscode/.local/lib/python3.10/site-packages/airflow/example_dags/example_display_name.py
[2025-01-19T04:02:55.586+0000] {processor.py:925} INFO - DAG(s) 'example_display_name' retrieved from /home/vscode/.local/lib/python3.10/site-packages/airflow/example_dags/example_display_name.py
[2025-01-19T04:02:55.598+0000] {logging_mixin.py:190} INFO - [2025-01-19T04:02:55.597+0000] {dag.py:3239} INFO - Sync 1 DAGs
[2025-01-19T04:02:55.607+0000] {logging_mixin.py:190} INFO - [2025-01-19T04:02:55.607+0000] {dag.py:4180} INFO - Setting next_dagrun for example_display_name to None, run_after=None
[2025-01-19T04:02:55.622+0000] {processor.py:208} INFO - Processing /home/vscode/.local/lib/python3.10/site-packages/airflow/example_dags/example_display_name.py took 0.049 seconds
