[2025-01-19T03:21:19.110+0000] {processor.py:186} INFO - Started process (PID=5278) to work on /home/vscode/.local/lib/python3.10/site-packages/airflow/example_dags/example_nested_branch_dag.py
[2025-01-19T03:21:19.111+0000] {processor.py:914} INFO - Processing file /home/vscode/.local/lib/python3.10/site-packages/airflow/example_dags/example_nested_branch_dag.py for tasks to queue
[2025-01-19T03:21:19.112+0000] {logging_mixin.py:190} INFO - [2025-01-19T03:21:19.112+0000] {dagbag.py:588} INFO - Filling up the DagBag from /home/vscode/.local/lib/python3.10/site-packages/airflow/example_dags/example_nested_branch_dag.py
[2025-01-19T03:21:19.123+0000] {processor.py:925} INFO - DAG(s) 'example_nested_branch_dag' retrieved from /home/vscode/.local/lib/python3.10/site-packages/airflow/example_dags/example_nested_branch_dag.py
[2025-01-19T03:21:19.204+0000] {logging_mixin.py:190} INFO - [2025-01-19T03:21:19.203+0000] {override.py:1911} INFO - Created Permission View: can read on DAG:example_nested_branch_dag
[2025-01-19T03:21:19.212+0000] {logging_mixin.py:190} INFO - [2025-01-19T03:21:19.211+0000] {override.py:1911} INFO - Created Permission View: can edit on DAG:example_nested_branch_dag
[2025-01-19T03:21:19.218+0000] {logging_mixin.py:190} INFO - [2025-01-19T03:21:19.218+0000] {override.py:1911} INFO - Created Permission View: can delete on DAG:example_nested_branch_dag
[2025-01-19T03:21:19.228+0000] {logging_mixin.py:190} INFO - [2025-01-19T03:21:19.227+0000] {override.py:1911} INFO - Created Permission View: menu access on DAG Run:example_nested_branch_dag
[2025-01-19T03:21:19.234+0000] {logging_mixin.py:190} INFO - [2025-01-19T03:21:19.233+0000] {override.py:1911} INFO - Created Permission View: can read on DAG Run:example_nested_branch_dag
[2025-01-19T03:21:19.240+0000] {logging_mixin.py:190} INFO - [2025-01-19T03:21:19.239+0000] {override.py:1911} INFO - Created Permission View: can create on DAG Run:example_nested_branch_dag
[2025-01-19T03:21:19.245+0000] {logging_mixin.py:190} INFO - [2025-01-19T03:21:19.245+0000] {override.py:1911} INFO - Created Permission View: can delete on DAG Run:example_nested_branch_dag
[2025-01-19T03:21:19.246+0000] {logging_mixin.py:190} INFO - [2025-01-19T03:21:19.246+0000] {dag.py:3239} INFO - Sync 1 DAGs
[2025-01-19T03:21:19.255+0000] {logging_mixin.py:190} INFO - [2025-01-19T03:21:19.255+0000] {dag.py:3262} INFO - Creating ORM DAG for example_nested_branch_dag
[2025-01-19T03:21:19.264+0000] {logging_mixin.py:190} INFO - [2025-01-19T03:21:19.263+0000] {dag.py:4180} INFO - Setting next_dagrun for example_nested_branch_dag to 2025-01-18 00:00:00+00:00, run_after=2025-01-19 00:00:00+00:00
[2025-01-19T03:21:19.279+0000] {processor.py:208} INFO - Processing /home/vscode/.local/lib/python3.10/site-packages/airflow/example_dags/example_nested_branch_dag.py took 0.173 seconds
[2025-01-19T03:22:17.278+0000] {processor.py:186} INFO - Started process (PID=5748) to work on /home/vscode/.local/lib/python3.10/site-packages/airflow/example_dags/example_nested_branch_dag.py
[2025-01-19T03:22:17.279+0000] {processor.py:914} INFO - Processing file /home/vscode/.local/lib/python3.10/site-packages/airflow/example_dags/example_nested_branch_dag.py for tasks to queue
[2025-01-19T03:22:17.280+0000] {logging_mixin.py:190} INFO - [2025-01-19T03:22:17.280+0000] {dagbag.py:588} INFO - Filling up the DagBag from /home/vscode/.local/lib/python3.10/site-packages/airflow/example_dags/example_nested_branch_dag.py
[2025-01-19T03:22:17.289+0000] {processor.py:925} INFO - DAG(s) 'example_nested_branch_dag' retrieved from /home/vscode/.local/lib/python3.10/site-packages/airflow/example_dags/example_nested_branch_dag.py
[2025-01-19T03:22:17.302+0000] {logging_mixin.py:190} INFO - [2025-01-19T03:22:17.302+0000] {dag.py:3239} INFO - Sync 1 DAGs
[2025-01-19T03:22:17.317+0000] {logging_mixin.py:190} INFO - [2025-01-19T03:22:17.317+0000] {dag.py:4180} INFO - Setting next_dagrun for example_nested_branch_dag to 2025-01-18 00:00:00+00:00, run_after=2025-01-19 00:00:00+00:00
[2025-01-19T03:22:17.333+0000] {processor.py:208} INFO - Processing /home/vscode/.local/lib/python3.10/site-packages/airflow/example_dags/example_nested_branch_dag.py took 0.059 seconds
[2025-01-19T03:23:10.040+0000] {processor.py:186} INFO - Started process (PID=6200) to work on /home/vscode/.local/lib/python3.10/site-packages/airflow/example_dags/example_nested_branch_dag.py
[2025-01-19T03:23:10.041+0000] {processor.py:914} INFO - Processing file /home/vscode/.local/lib/python3.10/site-packages/airflow/example_dags/example_nested_branch_dag.py for tasks to queue
[2025-01-19T03:23:10.043+0000] {logging_mixin.py:190} INFO - [2025-01-19T03:23:10.042+0000] {dagbag.py:588} INFO - Filling up the DagBag from /home/vscode/.local/lib/python3.10/site-packages/airflow/example_dags/example_nested_branch_dag.py
[2025-01-19T03:23:10.052+0000] {processor.py:925} INFO - DAG(s) 'example_nested_branch_dag' retrieved from /home/vscode/.local/lib/python3.10/site-packages/airflow/example_dags/example_nested_branch_dag.py
[2025-01-19T03:23:10.065+0000] {logging_mixin.py:190} INFO - [2025-01-19T03:23:10.065+0000] {dag.py:3239} INFO - Sync 1 DAGs
[2025-01-19T03:23:10.081+0000] {logging_mixin.py:190} INFO - [2025-01-19T03:23:10.080+0000] {dag.py:4180} INFO - Setting next_dagrun for example_nested_branch_dag to 2025-01-18 00:00:00+00:00, run_after=2025-01-19 00:00:00+00:00
[2025-01-19T03:23:10.095+0000] {processor.py:208} INFO - Processing /home/vscode/.local/lib/python3.10/site-packages/airflow/example_dags/example_nested_branch_dag.py took 0.059 seconds
[2025-01-19T03:24:05.586+0000] {processor.py:186} INFO - Started process (PID=6644) to work on /home/vscode/.local/lib/python3.10/site-packages/airflow/example_dags/example_nested_branch_dag.py
[2025-01-19T03:24:05.587+0000] {processor.py:914} INFO - Processing file /home/vscode/.local/lib/python3.10/site-packages/airflow/example_dags/example_nested_branch_dag.py for tasks to queue
[2025-01-19T03:24:05.588+0000] {logging_mixin.py:190} INFO - [2025-01-19T03:24:05.588+0000] {dagbag.py:588} INFO - Filling up the DagBag from /home/vscode/.local/lib/python3.10/site-packages/airflow/example_dags/example_nested_branch_dag.py
[2025-01-19T03:24:05.598+0000] {processor.py:925} INFO - DAG(s) 'example_nested_branch_dag' retrieved from /home/vscode/.local/lib/python3.10/site-packages/airflow/example_dags/example_nested_branch_dag.py
[2025-01-19T03:24:05.611+0000] {logging_mixin.py:190} INFO - [2025-01-19T03:24:05.611+0000] {dag.py:3239} INFO - Sync 1 DAGs
[2025-01-19T03:24:05.626+0000] {logging_mixin.py:190} INFO - [2025-01-19T03:24:05.626+0000] {dag.py:4180} INFO - Setting next_dagrun for example_nested_branch_dag to 2025-01-18 00:00:00+00:00, run_after=2025-01-19 00:00:00+00:00
[2025-01-19T03:24:05.640+0000] {processor.py:208} INFO - Processing /home/vscode/.local/lib/python3.10/site-packages/airflow/example_dags/example_nested_branch_dag.py took 0.058 seconds
[2025-01-19T03:24:57.172+0000] {processor.py:186} INFO - Started process (PID=7042) to work on /home/vscode/.local/lib/python3.10/site-packages/airflow/example_dags/example_nested_branch_dag.py
[2025-01-19T03:24:57.173+0000] {processor.py:914} INFO - Processing file /home/vscode/.local/lib/python3.10/site-packages/airflow/example_dags/example_nested_branch_dag.py for tasks to queue
[2025-01-19T03:24:57.174+0000] {logging_mixin.py:190} INFO - [2025-01-19T03:24:57.174+0000] {dagbag.py:588} INFO - Filling up the DagBag from /home/vscode/.local/lib/python3.10/site-packages/airflow/example_dags/example_nested_branch_dag.py
[2025-01-19T03:24:57.184+0000] {processor.py:925} INFO - DAG(s) 'example_nested_branch_dag' retrieved from /home/vscode/.local/lib/python3.10/site-packages/airflow/example_dags/example_nested_branch_dag.py
[2025-01-19T03:24:57.197+0000] {logging_mixin.py:190} INFO - [2025-01-19T03:24:57.197+0000] {dag.py:3239} INFO - Sync 1 DAGs
[2025-01-19T03:24:57.213+0000] {logging_mixin.py:190} INFO - [2025-01-19T03:24:57.213+0000] {dag.py:4180} INFO - Setting next_dagrun for example_nested_branch_dag to 2025-01-18 00:00:00+00:00, run_after=2025-01-19 00:00:00+00:00
[2025-01-19T03:24:57.227+0000] {processor.py:208} INFO - Processing /home/vscode/.local/lib/python3.10/site-packages/airflow/example_dags/example_nested_branch_dag.py took 0.060 seconds
[2025-01-19T03:26:11.161+0000] {processor.py:186} INFO - Started process (PID=7639) to work on /home/vscode/.local/lib/python3.10/site-packages/airflow/example_dags/example_nested_branch_dag.py
[2025-01-19T03:26:11.162+0000] {processor.py:914} INFO - Processing file /home/vscode/.local/lib/python3.10/site-packages/airflow/example_dags/example_nested_branch_dag.py for tasks to queue
[2025-01-19T03:26:11.164+0000] {logging_mixin.py:190} INFO - [2025-01-19T03:26:11.163+0000] {dagbag.py:588} INFO - Filling up the DagBag from /home/vscode/.local/lib/python3.10/site-packages/airflow/example_dags/example_nested_branch_dag.py
[2025-01-19T03:26:11.173+0000] {processor.py:925} INFO - DAG(s) 'example_nested_branch_dag' retrieved from /home/vscode/.local/lib/python3.10/site-packages/airflow/example_dags/example_nested_branch_dag.py
[2025-01-19T03:26:11.187+0000] {logging_mixin.py:190} INFO - [2025-01-19T03:26:11.186+0000] {dag.py:3239} INFO - Sync 1 DAGs
[2025-01-19T03:26:11.201+0000] {logging_mixin.py:190} INFO - [2025-01-19T03:26:11.201+0000] {dag.py:4180} INFO - Setting next_dagrun for example_nested_branch_dag to 2025-01-18 00:00:00+00:00, run_after=2025-01-19 00:00:00+00:00
[2025-01-19T03:26:11.215+0000] {processor.py:208} INFO - Processing /home/vscode/.local/lib/python3.10/site-packages/airflow/example_dags/example_nested_branch_dag.py took 0.059 seconds
[2025-01-19T03:27:03.795+0000] {processor.py:186} INFO - Started process (PID=8049) to work on /home/vscode/.local/lib/python3.10/site-packages/airflow/example_dags/example_nested_branch_dag.py
[2025-01-19T03:27:03.795+0000] {processor.py:914} INFO - Processing file /home/vscode/.local/lib/python3.10/site-packages/airflow/example_dags/example_nested_branch_dag.py for tasks to queue
[2025-01-19T03:27:03.797+0000] {logging_mixin.py:190} INFO - [2025-01-19T03:27:03.797+0000] {dagbag.py:588} INFO - Filling up the DagBag from /home/vscode/.local/lib/python3.10/site-packages/airflow/example_dags/example_nested_branch_dag.py
[2025-01-19T03:27:03.806+0000] {processor.py:925} INFO - DAG(s) 'example_nested_branch_dag' retrieved from /home/vscode/.local/lib/python3.10/site-packages/airflow/example_dags/example_nested_branch_dag.py
[2025-01-19T03:27:03.819+0000] {logging_mixin.py:190} INFO - [2025-01-19T03:27:03.819+0000] {dag.py:3239} INFO - Sync 1 DAGs
[2025-01-19T03:27:03.835+0000] {logging_mixin.py:190} INFO - [2025-01-19T03:27:03.835+0000] {dag.py:4180} INFO - Setting next_dagrun for example_nested_branch_dag to 2025-01-18 00:00:00+00:00, run_after=2025-01-19 00:00:00+00:00
[2025-01-19T03:27:03.849+0000] {processor.py:208} INFO - Processing /home/vscode/.local/lib/python3.10/site-packages/airflow/example_dags/example_nested_branch_dag.py took 0.059 seconds
[2025-01-19T03:27:56.368+0000] {processor.py:186} INFO - Started process (PID=8473) to work on /home/vscode/.local/lib/python3.10/site-packages/airflow/example_dags/example_nested_branch_dag.py
[2025-01-19T03:27:56.369+0000] {processor.py:914} INFO - Processing file /home/vscode/.local/lib/python3.10/site-packages/airflow/example_dags/example_nested_branch_dag.py for tasks to queue
[2025-01-19T03:27:56.372+0000] {logging_mixin.py:190} INFO - [2025-01-19T03:27:56.371+0000] {dagbag.py:588} INFO - Filling up the DagBag from /home/vscode/.local/lib/python3.10/site-packages/airflow/example_dags/example_nested_branch_dag.py
[2025-01-19T03:27:56.382+0000] {processor.py:925} INFO - DAG(s) 'example_nested_branch_dag' retrieved from /home/vscode/.local/lib/python3.10/site-packages/airflow/example_dags/example_nested_branch_dag.py
[2025-01-19T03:27:56.396+0000] {logging_mixin.py:190} INFO - [2025-01-19T03:27:56.396+0000] {dag.py:3239} INFO - Sync 1 DAGs
[2025-01-19T03:27:56.412+0000] {logging_mixin.py:190} INFO - [2025-01-19T03:27:56.412+0000] {dag.py:4180} INFO - Setting next_dagrun for example_nested_branch_dag to 2025-01-18 00:00:00+00:00, run_after=2025-01-19 00:00:00+00:00
[2025-01-19T03:27:56.427+0000] {processor.py:208} INFO - Processing /home/vscode/.local/lib/python3.10/site-packages/airflow/example_dags/example_nested_branch_dag.py took 0.065 seconds
[2025-01-19T03:28:49.668+0000] {processor.py:186} INFO - Started process (PID=8923) to work on /home/vscode/.local/lib/python3.10/site-packages/airflow/example_dags/example_nested_branch_dag.py
[2025-01-19T03:28:49.669+0000] {processor.py:914} INFO - Processing file /home/vscode/.local/lib/python3.10/site-packages/airflow/example_dags/example_nested_branch_dag.py for tasks to queue
[2025-01-19T03:28:49.671+0000] {logging_mixin.py:190} INFO - [2025-01-19T03:28:49.671+0000] {dagbag.py:588} INFO - Filling up the DagBag from /home/vscode/.local/lib/python3.10/site-packages/airflow/example_dags/example_nested_branch_dag.py
[2025-01-19T03:28:49.684+0000] {processor.py:925} INFO - DAG(s) 'example_nested_branch_dag' retrieved from /home/vscode/.local/lib/python3.10/site-packages/airflow/example_dags/example_nested_branch_dag.py
[2025-01-19T03:28:49.701+0000] {logging_mixin.py:190} INFO - [2025-01-19T03:28:49.701+0000] {dag.py:3239} INFO - Sync 1 DAGs
[2025-01-19T03:28:49.719+0000] {logging_mixin.py:190} INFO - [2025-01-19T03:28:49.719+0000] {dag.py:4180} INFO - Setting next_dagrun for example_nested_branch_dag to 2025-01-18 00:00:00+00:00, run_after=2025-01-19 00:00:00+00:00
[2025-01-19T03:28:49.739+0000] {processor.py:208} INFO - Processing /home/vscode/.local/lib/python3.10/site-packages/airflow/example_dags/example_nested_branch_dag.py took 0.079 seconds
[2025-01-19T03:29:42.619+0000] {processor.py:186} INFO - Started process (PID=9303) to work on /home/vscode/.local/lib/python3.10/site-packages/airflow/example_dags/example_nested_branch_dag.py
[2025-01-19T03:29:42.620+0000] {processor.py:914} INFO - Processing file /home/vscode/.local/lib/python3.10/site-packages/airflow/example_dags/example_nested_branch_dag.py for tasks to queue
[2025-01-19T03:29:42.621+0000] {logging_mixin.py:190} INFO - [2025-01-19T03:29:42.621+0000] {dagbag.py:588} INFO - Filling up the DagBag from /home/vscode/.local/lib/python3.10/site-packages/airflow/example_dags/example_nested_branch_dag.py
[2025-01-19T03:29:42.630+0000] {processor.py:925} INFO - DAG(s) 'example_nested_branch_dag' retrieved from /home/vscode/.local/lib/python3.10/site-packages/airflow/example_dags/example_nested_branch_dag.py
[2025-01-19T03:29:42.643+0000] {logging_mixin.py:190} INFO - [2025-01-19T03:29:42.643+0000] {dag.py:3239} INFO - Sync 1 DAGs
[2025-01-19T03:29:42.660+0000] {logging_mixin.py:190} INFO - [2025-01-19T03:29:42.660+0000] {dag.py:4180} INFO - Setting next_dagrun for example_nested_branch_dag to 2025-01-18 00:00:00+00:00, run_after=2025-01-19 00:00:00+00:00
[2025-01-19T03:29:42.675+0000] {processor.py:208} INFO - Processing /home/vscode/.local/lib/python3.10/site-packages/airflow/example_dags/example_nested_branch_dag.py took 0.060 seconds
[2025-01-19T03:30:32.371+0000] {processor.py:186} INFO - Started process (PID=9637) to work on /home/vscode/.local/lib/python3.10/site-packages/airflow/example_dags/example_nested_branch_dag.py
[2025-01-19T03:30:32.372+0000] {processor.py:914} INFO - Processing file /home/vscode/.local/lib/python3.10/site-packages/airflow/example_dags/example_nested_branch_dag.py for tasks to queue
[2025-01-19T03:30:32.373+0000] {logging_mixin.py:190} INFO - [2025-01-19T03:30:32.373+0000] {dagbag.py:588} INFO - Filling up the DagBag from /home/vscode/.local/lib/python3.10/site-packages/airflow/example_dags/example_nested_branch_dag.py
[2025-01-19T03:30:32.382+0000] {processor.py:925} INFO - DAG(s) 'example_nested_branch_dag' retrieved from /home/vscode/.local/lib/python3.10/site-packages/airflow/example_dags/example_nested_branch_dag.py
[2025-01-19T03:30:32.397+0000] {logging_mixin.py:190} INFO - [2025-01-19T03:30:32.396+0000] {dag.py:3239} INFO - Sync 1 DAGs
[2025-01-19T03:30:32.412+0000] {logging_mixin.py:190} INFO - [2025-01-19T03:30:32.411+0000] {dag.py:4180} INFO - Setting next_dagrun for example_nested_branch_dag to 2025-01-18 00:00:00+00:00, run_after=2025-01-19 00:00:00+00:00
[2025-01-19T03:30:32.426+0000] {processor.py:208} INFO - Processing /home/vscode/.local/lib/python3.10/site-packages/airflow/example_dags/example_nested_branch_dag.py took 0.059 seconds
[2025-01-19T03:31:43.193+0000] {processor.py:186} INFO - Started process (PID=10118) to work on /home/vscode/.local/lib/python3.10/site-packages/airflow/example_dags/example_nested_branch_dag.py
[2025-01-19T03:31:43.193+0000] {processor.py:914} INFO - Processing file /home/vscode/.local/lib/python3.10/site-packages/airflow/example_dags/example_nested_branch_dag.py for tasks to queue
[2025-01-19T03:31:43.195+0000] {logging_mixin.py:190} INFO - [2025-01-19T03:31:43.195+0000] {dagbag.py:588} INFO - Filling up the DagBag from /home/vscode/.local/lib/python3.10/site-packages/airflow/example_dags/example_nested_branch_dag.py
[2025-01-19T03:31:43.204+0000] {processor.py:925} INFO - DAG(s) 'example_nested_branch_dag' retrieved from /home/vscode/.local/lib/python3.10/site-packages/airflow/example_dags/example_nested_branch_dag.py
[2025-01-19T03:31:43.217+0000] {logging_mixin.py:190} INFO - [2025-01-19T03:31:43.217+0000] {dag.py:3239} INFO - Sync 1 DAGs
[2025-01-19T03:31:43.233+0000] {logging_mixin.py:190} INFO - [2025-01-19T03:31:43.233+0000] {dag.py:4180} INFO - Setting next_dagrun for example_nested_branch_dag to 2025-01-18 00:00:00+00:00, run_after=2025-01-19 00:00:00+00:00
[2025-01-19T03:31:43.248+0000] {processor.py:208} INFO - Processing /home/vscode/.local/lib/python3.10/site-packages/airflow/example_dags/example_nested_branch_dag.py took 0.060 seconds
[2025-01-19T03:32:34.709+0000] {processor.py:186} INFO - Started process (PID=10570) to work on /home/vscode/.local/lib/python3.10/site-packages/airflow/example_dags/example_nested_branch_dag.py
[2025-01-19T03:32:34.709+0000] {processor.py:914} INFO - Processing file /home/vscode/.local/lib/python3.10/site-packages/airflow/example_dags/example_nested_branch_dag.py for tasks to queue
[2025-01-19T03:32:34.711+0000] {logging_mixin.py:190} INFO - [2025-01-19T03:32:34.711+0000] {dagbag.py:588} INFO - Filling up the DagBag from /home/vscode/.local/lib/python3.10/site-packages/airflow/example_dags/example_nested_branch_dag.py
[2025-01-19T03:32:34.720+0000] {processor.py:925} INFO - DAG(s) 'example_nested_branch_dag' retrieved from /home/vscode/.local/lib/python3.10/site-packages/airflow/example_dags/example_nested_branch_dag.py
[2025-01-19T03:32:34.733+0000] {logging_mixin.py:190} INFO - [2025-01-19T03:32:34.733+0000] {dag.py:3239} INFO - Sync 1 DAGs
[2025-01-19T03:32:34.749+0000] {logging_mixin.py:190} INFO - [2025-01-19T03:32:34.748+0000] {dag.py:4180} INFO - Setting next_dagrun for example_nested_branch_dag to 2025-01-18 00:00:00+00:00, run_after=2025-01-19 00:00:00+00:00
[2025-01-19T03:32:34.766+0000] {processor.py:208} INFO - Processing /home/vscode/.local/lib/python3.10/site-packages/airflow/example_dags/example_nested_branch_dag.py took 0.062 seconds
[2025-01-19T03:33:24.398+0000] {processor.py:186} INFO - Started process (PID=10948) to work on /home/vscode/.local/lib/python3.10/site-packages/airflow/example_dags/example_nested_branch_dag.py
[2025-01-19T03:33:24.399+0000] {processor.py:914} INFO - Processing file /home/vscode/.local/lib/python3.10/site-packages/airflow/example_dags/example_nested_branch_dag.py for tasks to queue
[2025-01-19T03:33:24.400+0000] {logging_mixin.py:190} INFO - [2025-01-19T03:33:24.400+0000] {dagbag.py:588} INFO - Filling up the DagBag from /home/vscode/.local/lib/python3.10/site-packages/airflow/example_dags/example_nested_branch_dag.py
[2025-01-19T03:33:24.410+0000] {processor.py:925} INFO - DAG(s) 'example_nested_branch_dag' retrieved from /home/vscode/.local/lib/python3.10/site-packages/airflow/example_dags/example_nested_branch_dag.py
[2025-01-19T03:33:24.423+0000] {logging_mixin.py:190} INFO - [2025-01-19T03:33:24.423+0000] {dag.py:3239} INFO - Sync 1 DAGs
[2025-01-19T03:33:24.438+0000] {logging_mixin.py:190} INFO - [2025-01-19T03:33:24.438+0000] {dag.py:4180} INFO - Setting next_dagrun for example_nested_branch_dag to 2025-01-18 00:00:00+00:00, run_after=2025-01-19 00:00:00+00:00
[2025-01-19T03:33:24.452+0000] {processor.py:208} INFO - Processing /home/vscode/.local/lib/python3.10/site-packages/airflow/example_dags/example_nested_branch_dag.py took 0.058 seconds
[2025-01-19T03:34:16.215+0000] {processor.py:186} INFO - Started process (PID=11300) to work on /home/vscode/.local/lib/python3.10/site-packages/airflow/example_dags/example_nested_branch_dag.py
[2025-01-19T03:34:16.215+0000] {processor.py:914} INFO - Processing file /home/vscode/.local/lib/python3.10/site-packages/airflow/example_dags/example_nested_branch_dag.py for tasks to queue
[2025-01-19T03:34:16.217+0000] {logging_mixin.py:190} INFO - [2025-01-19T03:34:16.217+0000] {dagbag.py:588} INFO - Filling up the DagBag from /home/vscode/.local/lib/python3.10/site-packages/airflow/example_dags/example_nested_branch_dag.py
[2025-01-19T03:34:16.226+0000] {processor.py:925} INFO - DAG(s) 'example_nested_branch_dag' retrieved from /home/vscode/.local/lib/python3.10/site-packages/airflow/example_dags/example_nested_branch_dag.py
[2025-01-19T03:34:16.240+0000] {logging_mixin.py:190} INFO - [2025-01-19T03:34:16.240+0000] {dag.py:3239} INFO - Sync 1 DAGs
[2025-01-19T03:34:16.255+0000] {logging_mixin.py:190} INFO - [2025-01-19T03:34:16.255+0000] {dag.py:4180} INFO - Setting next_dagrun for example_nested_branch_dag to 2025-01-18 00:00:00+00:00, run_after=2025-01-19 00:00:00+00:00
[2025-01-19T03:34:16.268+0000] {processor.py:208} INFO - Processing /home/vscode/.local/lib/python3.10/site-packages/airflow/example_dags/example_nested_branch_dag.py took 0.058 seconds
[2025-01-19T03:35:05.661+0000] {processor.py:186} INFO - Started process (PID=11711) to work on /home/vscode/.local/lib/python3.10/site-packages/airflow/example_dags/example_nested_branch_dag.py
[2025-01-19T03:35:05.662+0000] {processor.py:914} INFO - Processing file /home/vscode/.local/lib/python3.10/site-packages/airflow/example_dags/example_nested_branch_dag.py for tasks to queue
[2025-01-19T03:35:05.663+0000] {logging_mixin.py:190} INFO - [2025-01-19T03:35:05.663+0000] {dagbag.py:588} INFO - Filling up the DagBag from /home/vscode/.local/lib/python3.10/site-packages/airflow/example_dags/example_nested_branch_dag.py
[2025-01-19T03:35:05.672+0000] {processor.py:925} INFO - DAG(s) 'example_nested_branch_dag' retrieved from /home/vscode/.local/lib/python3.10/site-packages/airflow/example_dags/example_nested_branch_dag.py
[2025-01-19T03:35:05.684+0000] {logging_mixin.py:190} INFO - [2025-01-19T03:35:05.684+0000] {dag.py:3239} INFO - Sync 1 DAGs
[2025-01-19T03:35:05.700+0000] {logging_mixin.py:190} INFO - [2025-01-19T03:35:05.700+0000] {dag.py:4180} INFO - Setting next_dagrun for example_nested_branch_dag to 2025-01-18 00:00:00+00:00, run_after=2025-01-19 00:00:00+00:00
[2025-01-19T03:35:05.714+0000] {processor.py:208} INFO - Processing /home/vscode/.local/lib/python3.10/site-packages/airflow/example_dags/example_nested_branch_dag.py took 0.058 seconds
[2025-01-19T03:35:55.243+0000] {processor.py:186} INFO - Started process (PID=12098) to work on /home/vscode/.local/lib/python3.10/site-packages/airflow/example_dags/example_nested_branch_dag.py
[2025-01-19T03:35:55.244+0000] {processor.py:914} INFO - Processing file /home/vscode/.local/lib/python3.10/site-packages/airflow/example_dags/example_nested_branch_dag.py for tasks to queue
[2025-01-19T03:35:55.245+0000] {logging_mixin.py:190} INFO - [2025-01-19T03:35:55.245+0000] {dagbag.py:588} INFO - Filling up the DagBag from /home/vscode/.local/lib/python3.10/site-packages/airflow/example_dags/example_nested_branch_dag.py
[2025-01-19T03:35:55.254+0000] {processor.py:925} INFO - DAG(s) 'example_nested_branch_dag' retrieved from /home/vscode/.local/lib/python3.10/site-packages/airflow/example_dags/example_nested_branch_dag.py
[2025-01-19T03:35:55.267+0000] {logging_mixin.py:190} INFO - [2025-01-19T03:35:55.267+0000] {dag.py:3239} INFO - Sync 1 DAGs
[2025-01-19T03:35:55.283+0000] {logging_mixin.py:190} INFO - [2025-01-19T03:35:55.283+0000] {dag.py:4180} INFO - Setting next_dagrun for example_nested_branch_dag to 2025-01-18 00:00:00+00:00, run_after=2025-01-19 00:00:00+00:00
[2025-01-19T03:35:55.297+0000] {processor.py:208} INFO - Processing /home/vscode/.local/lib/python3.10/site-packages/airflow/example_dags/example_nested_branch_dag.py took 0.059 seconds
[2025-01-19T03:36:44.004+0000] {processor.py:186} INFO - Started process (PID=12436) to work on /home/vscode/.local/lib/python3.10/site-packages/airflow/example_dags/example_nested_branch_dag.py
[2025-01-19T03:36:44.005+0000] {processor.py:914} INFO - Processing file /home/vscode/.local/lib/python3.10/site-packages/airflow/example_dags/example_nested_branch_dag.py for tasks to queue
[2025-01-19T03:36:44.006+0000] {logging_mixin.py:190} INFO - [2025-01-19T03:36:44.006+0000] {dagbag.py:588} INFO - Filling up the DagBag from /home/vscode/.local/lib/python3.10/site-packages/airflow/example_dags/example_nested_branch_dag.py
[2025-01-19T03:36:44.015+0000] {processor.py:925} INFO - DAG(s) 'example_nested_branch_dag' retrieved from /home/vscode/.local/lib/python3.10/site-packages/airflow/example_dags/example_nested_branch_dag.py
[2025-01-19T03:36:44.028+0000] {logging_mixin.py:190} INFO - [2025-01-19T03:36:44.028+0000] {dag.py:3239} INFO - Sync 1 DAGs
[2025-01-19T03:36:44.044+0000] {logging_mixin.py:190} INFO - [2025-01-19T03:36:44.043+0000] {dag.py:4180} INFO - Setting next_dagrun for example_nested_branch_dag to 2025-01-18 00:00:00+00:00, run_after=2025-01-19 00:00:00+00:00
[2025-01-19T03:36:44.058+0000] {processor.py:208} INFO - Processing /home/vscode/.local/lib/python3.10/site-packages/airflow/example_dags/example_nested_branch_dag.py took 0.059 seconds
[2025-01-19T03:37:36.630+0000] {processor.py:186} INFO - Started process (PID=12795) to work on /home/vscode/.local/lib/python3.10/site-packages/airflow/example_dags/example_nested_branch_dag.py
[2025-01-19T03:37:36.631+0000] {processor.py:914} INFO - Processing file /home/vscode/.local/lib/python3.10/site-packages/airflow/example_dags/example_nested_branch_dag.py for tasks to queue
[2025-01-19T03:37:36.632+0000] {logging_mixin.py:190} INFO - [2025-01-19T03:37:36.632+0000] {dagbag.py:588} INFO - Filling up the DagBag from /home/vscode/.local/lib/python3.10/site-packages/airflow/example_dags/example_nested_branch_dag.py
[2025-01-19T03:37:36.642+0000] {processor.py:925} INFO - DAG(s) 'example_nested_branch_dag' retrieved from /home/vscode/.local/lib/python3.10/site-packages/airflow/example_dags/example_nested_branch_dag.py
[2025-01-19T03:37:36.654+0000] {logging_mixin.py:190} INFO - [2025-01-19T03:37:36.654+0000] {dag.py:3239} INFO - Sync 1 DAGs
[2025-01-19T03:37:36.669+0000] {logging_mixin.py:190} INFO - [2025-01-19T03:37:36.669+0000] {dag.py:4180} INFO - Setting next_dagrun for example_nested_branch_dag to 2025-01-18 00:00:00+00:00, run_after=2025-01-19 00:00:00+00:00
[2025-01-19T03:37:36.684+0000] {processor.py:208} INFO - Processing /home/vscode/.local/lib/python3.10/site-packages/airflow/example_dags/example_nested_branch_dag.py took 0.058 seconds
[2025-01-19T03:38:28.844+0000] {processor.py:186} INFO - Started process (PID=13147) to work on /home/vscode/.local/lib/python3.10/site-packages/airflow/example_dags/example_nested_branch_dag.py
[2025-01-19T03:38:28.845+0000] {processor.py:914} INFO - Processing file /home/vscode/.local/lib/python3.10/site-packages/airflow/example_dags/example_nested_branch_dag.py for tasks to queue
[2025-01-19T03:38:28.847+0000] {logging_mixin.py:190} INFO - [2025-01-19T03:38:28.846+0000] {dagbag.py:588} INFO - Filling up the DagBag from /home/vscode/.local/lib/python3.10/site-packages/airflow/example_dags/example_nested_branch_dag.py
[2025-01-19T03:38:28.856+0000] {processor.py:925} INFO - DAG(s) 'example_nested_branch_dag' retrieved from /home/vscode/.local/lib/python3.10/site-packages/airflow/example_dags/example_nested_branch_dag.py
[2025-01-19T03:38:28.869+0000] {logging_mixin.py:190} INFO - [2025-01-19T03:38:28.869+0000] {dag.py:3239} INFO - Sync 1 DAGs
[2025-01-19T03:38:28.884+0000] {logging_mixin.py:190} INFO - [2025-01-19T03:38:28.884+0000] {dag.py:4180} INFO - Setting next_dagrun for example_nested_branch_dag to 2025-01-18 00:00:00+00:00, run_after=2025-01-19 00:00:00+00:00
[2025-01-19T03:38:28.899+0000] {processor.py:208} INFO - Processing /home/vscode/.local/lib/python3.10/site-packages/airflow/example_dags/example_nested_branch_dag.py took 0.059 seconds
[2025-01-19T03:39:42.224+0000] {processor.py:186} INFO - Started process (PID=13652) to work on /home/vscode/.local/lib/python3.10/site-packages/airflow/example_dags/example_nested_branch_dag.py
[2025-01-19T03:39:42.225+0000] {processor.py:914} INFO - Processing file /home/vscode/.local/lib/python3.10/site-packages/airflow/example_dags/example_nested_branch_dag.py for tasks to queue
[2025-01-19T03:39:42.226+0000] {logging_mixin.py:190} INFO - [2025-01-19T03:39:42.226+0000] {dagbag.py:588} INFO - Filling up the DagBag from /home/vscode/.local/lib/python3.10/site-packages/airflow/example_dags/example_nested_branch_dag.py
[2025-01-19T03:39:42.236+0000] {processor.py:925} INFO - DAG(s) 'example_nested_branch_dag' retrieved from /home/vscode/.local/lib/python3.10/site-packages/airflow/example_dags/example_nested_branch_dag.py
[2025-01-19T03:39:42.249+0000] {logging_mixin.py:190} INFO - [2025-01-19T03:39:42.249+0000] {dag.py:3239} INFO - Sync 1 DAGs
[2025-01-19T03:39:42.265+0000] {logging_mixin.py:190} INFO - [2025-01-19T03:39:42.264+0000] {dag.py:4180} INFO - Setting next_dagrun for example_nested_branch_dag to 2025-01-18 00:00:00+00:00, run_after=2025-01-19 00:00:00+00:00
[2025-01-19T03:39:42.279+0000] {processor.py:208} INFO - Processing /home/vscode/.local/lib/python3.10/site-packages/airflow/example_dags/example_nested_branch_dag.py took 0.059 seconds
[2025-01-19T03:40:33.949+0000] {processor.py:186} INFO - Started process (PID=13996) to work on /home/vscode/.local/lib/python3.10/site-packages/airflow/example_dags/example_nested_branch_dag.py
[2025-01-19T03:40:33.950+0000] {processor.py:914} INFO - Processing file /home/vscode/.local/lib/python3.10/site-packages/airflow/example_dags/example_nested_branch_dag.py for tasks to queue
[2025-01-19T03:40:33.951+0000] {logging_mixin.py:190} INFO - [2025-01-19T03:40:33.951+0000] {dagbag.py:588} INFO - Filling up the DagBag from /home/vscode/.local/lib/python3.10/site-packages/airflow/example_dags/example_nested_branch_dag.py
[2025-01-19T03:40:33.961+0000] {processor.py:925} INFO - DAG(s) 'example_nested_branch_dag' retrieved from /home/vscode/.local/lib/python3.10/site-packages/airflow/example_dags/example_nested_branch_dag.py
[2025-01-19T03:40:33.973+0000] {logging_mixin.py:190} INFO - [2025-01-19T03:40:33.973+0000] {dag.py:3239} INFO - Sync 1 DAGs
[2025-01-19T03:40:33.989+0000] {logging_mixin.py:190} INFO - [2025-01-19T03:40:33.989+0000] {dag.py:4180} INFO - Setting next_dagrun for example_nested_branch_dag to 2025-01-18 00:00:00+00:00, run_after=2025-01-19 00:00:00+00:00
[2025-01-19T03:40:34.003+0000] {processor.py:208} INFO - Processing /home/vscode/.local/lib/python3.10/site-packages/airflow/example_dags/example_nested_branch_dag.py took 0.059 seconds
[2025-01-19T03:41:47.910+0000] {processor.py:186} INFO - Started process (PID=14493) to work on /home/vscode/.local/lib/python3.10/site-packages/airflow/example_dags/example_nested_branch_dag.py
[2025-01-19T03:41:47.911+0000] {processor.py:914} INFO - Processing file /home/vscode/.local/lib/python3.10/site-packages/airflow/example_dags/example_nested_branch_dag.py for tasks to queue
[2025-01-19T03:41:47.913+0000] {logging_mixin.py:190} INFO - [2025-01-19T03:41:47.913+0000] {dagbag.py:588} INFO - Filling up the DagBag from /home/vscode/.local/lib/python3.10/site-packages/airflow/example_dags/example_nested_branch_dag.py
[2025-01-19T03:41:47.922+0000] {processor.py:925} INFO - DAG(s) 'example_nested_branch_dag' retrieved from /home/vscode/.local/lib/python3.10/site-packages/airflow/example_dags/example_nested_branch_dag.py
[2025-01-19T03:41:47.936+0000] {logging_mixin.py:190} INFO - [2025-01-19T03:41:47.935+0000] {dag.py:3239} INFO - Sync 1 DAGs
[2025-01-19T03:41:47.953+0000] {logging_mixin.py:190} INFO - [2025-01-19T03:41:47.953+0000] {dag.py:4180} INFO - Setting next_dagrun for example_nested_branch_dag to 2025-01-18 00:00:00+00:00, run_after=2025-01-19 00:00:00+00:00
[2025-01-19T03:41:47.968+0000] {processor.py:208} INFO - Processing /home/vscode/.local/lib/python3.10/site-packages/airflow/example_dags/example_nested_branch_dag.py took 0.062 seconds
[2025-01-19T03:42:39.772+0000] {processor.py:186} INFO - Started process (PID=14843) to work on /home/vscode/.local/lib/python3.10/site-packages/airflow/example_dags/example_nested_branch_dag.py
[2025-01-19T03:42:39.773+0000] {processor.py:914} INFO - Processing file /home/vscode/.local/lib/python3.10/site-packages/airflow/example_dags/example_nested_branch_dag.py for tasks to queue
[2025-01-19T03:42:39.774+0000] {logging_mixin.py:190} INFO - [2025-01-19T03:42:39.774+0000] {dagbag.py:588} INFO - Filling up the DagBag from /home/vscode/.local/lib/python3.10/site-packages/airflow/example_dags/example_nested_branch_dag.py
[2025-01-19T03:42:39.783+0000] {processor.py:925} INFO - DAG(s) 'example_nested_branch_dag' retrieved from /home/vscode/.local/lib/python3.10/site-packages/airflow/example_dags/example_nested_branch_dag.py
[2025-01-19T03:42:39.798+0000] {logging_mixin.py:190} INFO - [2025-01-19T03:42:39.798+0000] {dag.py:3239} INFO - Sync 1 DAGs
[2025-01-19T03:42:39.813+0000] {logging_mixin.py:190} INFO - [2025-01-19T03:42:39.813+0000] {dag.py:4180} INFO - Setting next_dagrun for example_nested_branch_dag to 2025-01-18 00:00:00+00:00, run_after=2025-01-19 00:00:00+00:00
[2025-01-19T03:42:39.827+0000] {processor.py:208} INFO - Processing /home/vscode/.local/lib/python3.10/site-packages/airflow/example_dags/example_nested_branch_dag.py took 0.060 seconds
[2025-01-19T03:43:31.217+0000] {processor.py:186} INFO - Started process (PID=15192) to work on /home/vscode/.local/lib/python3.10/site-packages/airflow/example_dags/example_nested_branch_dag.py
[2025-01-19T03:43:31.218+0000] {processor.py:914} INFO - Processing file /home/vscode/.local/lib/python3.10/site-packages/airflow/example_dags/example_nested_branch_dag.py for tasks to queue
[2025-01-19T03:43:31.220+0000] {logging_mixin.py:190} INFO - [2025-01-19T03:43:31.219+0000] {dagbag.py:588} INFO - Filling up the DagBag from /home/vscode/.local/lib/python3.10/site-packages/airflow/example_dags/example_nested_branch_dag.py
[2025-01-19T03:43:31.229+0000] {processor.py:925} INFO - DAG(s) 'example_nested_branch_dag' retrieved from /home/vscode/.local/lib/python3.10/site-packages/airflow/example_dags/example_nested_branch_dag.py
[2025-01-19T03:43:31.241+0000] {logging_mixin.py:190} INFO - [2025-01-19T03:43:31.241+0000] {dag.py:3239} INFO - Sync 1 DAGs
[2025-01-19T03:43:31.257+0000] {logging_mixin.py:190} INFO - [2025-01-19T03:43:31.257+0000] {dag.py:4180} INFO - Setting next_dagrun for example_nested_branch_dag to 2025-01-18 00:00:00+00:00, run_after=2025-01-19 00:00:00+00:00
[2025-01-19T03:43:31.271+0000] {processor.py:208} INFO - Processing /home/vscode/.local/lib/python3.10/site-packages/airflow/example_dags/example_nested_branch_dag.py took 0.058 seconds
[2025-01-19T03:44:23.011+0000] {processor.py:186} INFO - Started process (PID=15534) to work on /home/vscode/.local/lib/python3.10/site-packages/airflow/example_dags/example_nested_branch_dag.py
[2025-01-19T03:44:23.012+0000] {processor.py:914} INFO - Processing file /home/vscode/.local/lib/python3.10/site-packages/airflow/example_dags/example_nested_branch_dag.py for tasks to queue
[2025-01-19T03:44:23.013+0000] {logging_mixin.py:190} INFO - [2025-01-19T03:44:23.013+0000] {dagbag.py:588} INFO - Filling up the DagBag from /home/vscode/.local/lib/python3.10/site-packages/airflow/example_dags/example_nested_branch_dag.py
[2025-01-19T03:44:23.023+0000] {processor.py:925} INFO - DAG(s) 'example_nested_branch_dag' retrieved from /home/vscode/.local/lib/python3.10/site-packages/airflow/example_dags/example_nested_branch_dag.py
[2025-01-19T03:44:23.040+0000] {logging_mixin.py:190} INFO - [2025-01-19T03:44:23.040+0000] {dag.py:3239} INFO - Sync 1 DAGs
[2025-01-19T03:44:23.063+0000] {logging_mixin.py:190} INFO - [2025-01-19T03:44:23.063+0000] {dag.py:4180} INFO - Setting next_dagrun for example_nested_branch_dag to 2025-01-18 00:00:00+00:00, run_after=2025-01-19 00:00:00+00:00
[2025-01-19T03:44:23.087+0000] {processor.py:208} INFO - Processing /home/vscode/.local/lib/python3.10/site-packages/airflow/example_dags/example_nested_branch_dag.py took 0.081 seconds
[2025-01-19T03:45:16.068+0000] {processor.py:186} INFO - Started process (PID=15894) to work on /home/vscode/.local/lib/python3.10/site-packages/airflow/example_dags/example_nested_branch_dag.py
[2025-01-19T03:45:16.069+0000] {processor.py:914} INFO - Processing file /home/vscode/.local/lib/python3.10/site-packages/airflow/example_dags/example_nested_branch_dag.py for tasks to queue
[2025-01-19T03:45:16.071+0000] {logging_mixin.py:190} INFO - [2025-01-19T03:45:16.070+0000] {dagbag.py:588} INFO - Filling up the DagBag from /home/vscode/.local/lib/python3.10/site-packages/airflow/example_dags/example_nested_branch_dag.py
[2025-01-19T03:45:16.081+0000] {processor.py:925} INFO - DAG(s) 'example_nested_branch_dag' retrieved from /home/vscode/.local/lib/python3.10/site-packages/airflow/example_dags/example_nested_branch_dag.py
[2025-01-19T03:45:16.095+0000] {logging_mixin.py:190} INFO - [2025-01-19T03:45:16.095+0000] {dag.py:3239} INFO - Sync 1 DAGs
[2025-01-19T03:45:16.115+0000] {logging_mixin.py:190} INFO - [2025-01-19T03:45:16.114+0000] {dag.py:4180} INFO - Setting next_dagrun for example_nested_branch_dag to 2025-01-18 00:00:00+00:00, run_after=2025-01-19 00:00:00+00:00
[2025-01-19T03:45:16.130+0000] {processor.py:208} INFO - Processing /home/vscode/.local/lib/python3.10/site-packages/airflow/example_dags/example_nested_branch_dag.py took 0.066 seconds
[2025-01-19T03:46:06.243+0000] {processor.py:186} INFO - Started process (PID=16236) to work on /home/vscode/.local/lib/python3.10/site-packages/airflow/example_dags/example_nested_branch_dag.py
[2025-01-19T03:46:06.244+0000] {processor.py:914} INFO - Processing file /home/vscode/.local/lib/python3.10/site-packages/airflow/example_dags/example_nested_branch_dag.py for tasks to queue
[2025-01-19T03:46:06.246+0000] {logging_mixin.py:190} INFO - [2025-01-19T03:46:06.245+0000] {dagbag.py:588} INFO - Filling up the DagBag from /home/vscode/.local/lib/python3.10/site-packages/airflow/example_dags/example_nested_branch_dag.py
[2025-01-19T03:46:06.255+0000] {processor.py:925} INFO - DAG(s) 'example_nested_branch_dag' retrieved from /home/vscode/.local/lib/python3.10/site-packages/airflow/example_dags/example_nested_branch_dag.py
[2025-01-19T03:46:06.268+0000] {logging_mixin.py:190} INFO - [2025-01-19T03:46:06.268+0000] {dag.py:3239} INFO - Sync 1 DAGs
[2025-01-19T03:46:06.284+0000] {logging_mixin.py:190} INFO - [2025-01-19T03:46:06.283+0000] {dag.py:4180} INFO - Setting next_dagrun for example_nested_branch_dag to 2025-01-18 00:00:00+00:00, run_after=2025-01-19 00:00:00+00:00
[2025-01-19T03:46:06.298+0000] {processor.py:208} INFO - Processing /home/vscode/.local/lib/python3.10/site-packages/airflow/example_dags/example_nested_branch_dag.py took 0.059 seconds
[2025-01-19T03:46:57.564+0000] {processor.py:186} INFO - Started process (PID=16581) to work on /home/vscode/.local/lib/python3.10/site-packages/airflow/example_dags/example_nested_branch_dag.py
[2025-01-19T03:46:57.565+0000] {processor.py:914} INFO - Processing file /home/vscode/.local/lib/python3.10/site-packages/airflow/example_dags/example_nested_branch_dag.py for tasks to queue
[2025-01-19T03:46:57.567+0000] {logging_mixin.py:190} INFO - [2025-01-19T03:46:57.566+0000] {dagbag.py:588} INFO - Filling up the DagBag from /home/vscode/.local/lib/python3.10/site-packages/airflow/example_dags/example_nested_branch_dag.py
[2025-01-19T03:46:57.576+0000] {processor.py:925} INFO - DAG(s) 'example_nested_branch_dag' retrieved from /home/vscode/.local/lib/python3.10/site-packages/airflow/example_dags/example_nested_branch_dag.py
[2025-01-19T03:46:57.589+0000] {logging_mixin.py:190} INFO - [2025-01-19T03:46:57.588+0000] {dag.py:3239} INFO - Sync 1 DAGs
[2025-01-19T03:46:57.604+0000] {logging_mixin.py:190} INFO - [2025-01-19T03:46:57.604+0000] {dag.py:4180} INFO - Setting next_dagrun for example_nested_branch_dag to 2025-01-18 00:00:00+00:00, run_after=2025-01-19 00:00:00+00:00
[2025-01-19T03:46:57.619+0000] {processor.py:208} INFO - Processing /home/vscode/.local/lib/python3.10/site-packages/airflow/example_dags/example_nested_branch_dag.py took 0.059 seconds
[2025-01-19T03:47:49.109+0000] {processor.py:186} INFO - Started process (PID=16928) to work on /home/vscode/.local/lib/python3.10/site-packages/airflow/example_dags/example_nested_branch_dag.py
[2025-01-19T03:47:49.110+0000] {processor.py:914} INFO - Processing file /home/vscode/.local/lib/python3.10/site-packages/airflow/example_dags/example_nested_branch_dag.py for tasks to queue
[2025-01-19T03:47:49.111+0000] {logging_mixin.py:190} INFO - [2025-01-19T03:47:49.111+0000] {dagbag.py:588} INFO - Filling up the DagBag from /home/vscode/.local/lib/python3.10/site-packages/airflow/example_dags/example_nested_branch_dag.py
[2025-01-19T03:47:49.120+0000] {processor.py:925} INFO - DAG(s) 'example_nested_branch_dag' retrieved from /home/vscode/.local/lib/python3.10/site-packages/airflow/example_dags/example_nested_branch_dag.py
[2025-01-19T03:47:49.133+0000] {logging_mixin.py:190} INFO - [2025-01-19T03:47:49.133+0000] {dag.py:3239} INFO - Sync 1 DAGs
[2025-01-19T03:47:49.149+0000] {logging_mixin.py:190} INFO - [2025-01-19T03:47:49.149+0000] {dag.py:4180} INFO - Setting next_dagrun for example_nested_branch_dag to 2025-01-18 00:00:00+00:00, run_after=2025-01-19 00:00:00+00:00
[2025-01-19T03:47:49.163+0000] {processor.py:208} INFO - Processing /home/vscode/.local/lib/python3.10/site-packages/airflow/example_dags/example_nested_branch_dag.py took 0.058 seconds
[2025-01-19T03:48:38.417+0000] {processor.py:186} INFO - Started process (PID=17271) to work on /home/vscode/.local/lib/python3.10/site-packages/airflow/example_dags/example_nested_branch_dag.py
[2025-01-19T03:48:38.417+0000] {processor.py:914} INFO - Processing file /home/vscode/.local/lib/python3.10/site-packages/airflow/example_dags/example_nested_branch_dag.py for tasks to queue
[2025-01-19T03:48:38.419+0000] {logging_mixin.py:190} INFO - [2025-01-19T03:48:38.419+0000] {dagbag.py:588} INFO - Filling up the DagBag from /home/vscode/.local/lib/python3.10/site-packages/airflow/example_dags/example_nested_branch_dag.py
[2025-01-19T03:48:38.428+0000] {processor.py:925} INFO - DAG(s) 'example_nested_branch_dag' retrieved from /home/vscode/.local/lib/python3.10/site-packages/airflow/example_dags/example_nested_branch_dag.py
[2025-01-19T03:48:38.440+0000] {logging_mixin.py:190} INFO - [2025-01-19T03:48:38.440+0000] {dag.py:3239} INFO - Sync 1 DAGs
[2025-01-19T03:48:38.457+0000] {logging_mixin.py:190} INFO - [2025-01-19T03:48:38.456+0000] {dag.py:4180} INFO - Setting next_dagrun for example_nested_branch_dag to 2025-01-18 00:00:00+00:00, run_after=2025-01-19 00:00:00+00:00
[2025-01-19T03:48:38.471+0000] {processor.py:208} INFO - Processing /home/vscode/.local/lib/python3.10/site-packages/airflow/example_dags/example_nested_branch_dag.py took 0.059 seconds
[2025-01-19T03:49:30.590+0000] {processor.py:186} INFO - Started process (PID=17755) to work on /home/vscode/.local/lib/python3.10/site-packages/airflow/example_dags/example_nested_branch_dag.py
[2025-01-19T03:49:30.591+0000] {processor.py:914} INFO - Processing file /home/vscode/.local/lib/python3.10/site-packages/airflow/example_dags/example_nested_branch_dag.py for tasks to queue
[2025-01-19T03:49:30.593+0000] {logging_mixin.py:190} INFO - [2025-01-19T03:49:30.592+0000] {dagbag.py:588} INFO - Filling up the DagBag from /home/vscode/.local/lib/python3.10/site-packages/airflow/example_dags/example_nested_branch_dag.py
[2025-01-19T03:49:30.602+0000] {processor.py:925} INFO - DAG(s) 'example_nested_branch_dag' retrieved from /home/vscode/.local/lib/python3.10/site-packages/airflow/example_dags/example_nested_branch_dag.py
[2025-01-19T03:49:30.615+0000] {logging_mixin.py:190} INFO - [2025-01-19T03:49:30.615+0000] {dag.py:3239} INFO - Sync 1 DAGs
[2025-01-19T03:49:30.637+0000] {logging_mixin.py:190} INFO - [2025-01-19T03:49:30.636+0000] {dag.py:4180} INFO - Setting next_dagrun for example_nested_branch_dag to 2025-01-18 00:00:00+00:00, run_after=2025-01-19 00:00:00+00:00
[2025-01-19T03:49:30.663+0000] {processor.py:208} INFO - Processing /home/vscode/.local/lib/python3.10/site-packages/airflow/example_dags/example_nested_branch_dag.py took 0.077 seconds
[2025-01-19T03:50:22.306+0000] {processor.py:186} INFO - Started process (PID=18139) to work on /home/vscode/.local/lib/python3.10/site-packages/airflow/example_dags/example_nested_branch_dag.py
[2025-01-19T03:50:22.307+0000] {processor.py:914} INFO - Processing file /home/vscode/.local/lib/python3.10/site-packages/airflow/example_dags/example_nested_branch_dag.py for tasks to queue
[2025-01-19T03:50:22.308+0000] {logging_mixin.py:190} INFO - [2025-01-19T03:50:22.308+0000] {dagbag.py:588} INFO - Filling up the DagBag from /home/vscode/.local/lib/python3.10/site-packages/airflow/example_dags/example_nested_branch_dag.py
[2025-01-19T03:50:22.317+0000] {processor.py:925} INFO - DAG(s) 'example_nested_branch_dag' retrieved from /home/vscode/.local/lib/python3.10/site-packages/airflow/example_dags/example_nested_branch_dag.py
[2025-01-19T03:50:22.330+0000] {logging_mixin.py:190} INFO - [2025-01-19T03:50:22.330+0000] {dag.py:3239} INFO - Sync 1 DAGs
[2025-01-19T03:50:22.346+0000] {logging_mixin.py:190} INFO - [2025-01-19T03:50:22.346+0000] {dag.py:4180} INFO - Setting next_dagrun for example_nested_branch_dag to 2025-01-18 00:00:00+00:00, run_after=2025-01-19 00:00:00+00:00
[2025-01-19T03:50:22.360+0000] {processor.py:208} INFO - Processing /home/vscode/.local/lib/python3.10/site-packages/airflow/example_dags/example_nested_branch_dag.py took 0.059 seconds
[2025-01-19T03:51:35.063+0000] {processor.py:186} INFO - Started process (PID=18759) to work on /home/vscode/.local/lib/python3.10/site-packages/airflow/example_dags/example_nested_branch_dag.py
[2025-01-19T03:51:35.064+0000] {processor.py:914} INFO - Processing file /home/vscode/.local/lib/python3.10/site-packages/airflow/example_dags/example_nested_branch_dag.py for tasks to queue
[2025-01-19T03:51:35.065+0000] {logging_mixin.py:190} INFO - [2025-01-19T03:51:35.065+0000] {dagbag.py:588} INFO - Filling up the DagBag from /home/vscode/.local/lib/python3.10/site-packages/airflow/example_dags/example_nested_branch_dag.py
[2025-01-19T03:51:35.075+0000] {processor.py:925} INFO - DAG(s) 'example_nested_branch_dag' retrieved from /home/vscode/.local/lib/python3.10/site-packages/airflow/example_dags/example_nested_branch_dag.py
[2025-01-19T03:51:35.089+0000] {logging_mixin.py:190} INFO - [2025-01-19T03:51:35.088+0000] {dag.py:3239} INFO - Sync 1 DAGs
[2025-01-19T03:51:35.104+0000] {logging_mixin.py:190} INFO - [2025-01-19T03:51:35.104+0000] {dag.py:4180} INFO - Setting next_dagrun for example_nested_branch_dag to 2025-01-18 00:00:00+00:00, run_after=2025-01-19 00:00:00+00:00
[2025-01-19T03:51:35.118+0000] {processor.py:208} INFO - Processing /home/vscode/.local/lib/python3.10/site-packages/airflow/example_dags/example_nested_branch_dag.py took 0.060 seconds
[2025-01-19T03:55:28.057+0000] {processor.py:186} INFO - Started process (PID=20331) to work on /home/vscode/.local/lib/python3.10/site-packages/airflow/example_dags/example_nested_branch_dag.py
[2025-01-19T03:55:28.057+0000] {processor.py:914} INFO - Processing file /home/vscode/.local/lib/python3.10/site-packages/airflow/example_dags/example_nested_branch_dag.py for tasks to queue
[2025-01-19T03:55:28.059+0000] {logging_mixin.py:190} INFO - [2025-01-19T03:55:28.059+0000] {dagbag.py:588} INFO - Filling up the DagBag from /home/vscode/.local/lib/python3.10/site-packages/airflow/example_dags/example_nested_branch_dag.py
[2025-01-19T03:55:28.068+0000] {processor.py:925} INFO - DAG(s) 'example_nested_branch_dag' retrieved from /home/vscode/.local/lib/python3.10/site-packages/airflow/example_dags/example_nested_branch_dag.py
[2025-01-19T03:55:28.081+0000] {logging_mixin.py:190} INFO - [2025-01-19T03:55:28.081+0000] {dag.py:3239} INFO - Sync 1 DAGs
[2025-01-19T03:55:28.097+0000] {logging_mixin.py:190} INFO - [2025-01-19T03:55:28.097+0000] {dag.py:4180} INFO - Setting next_dagrun for example_nested_branch_dag to 2025-01-18 00:00:00+00:00, run_after=2025-01-19 00:00:00+00:00
[2025-01-19T03:55:28.112+0000] {processor.py:208} INFO - Processing /home/vscode/.local/lib/python3.10/site-packages/airflow/example_dags/example_nested_branch_dag.py took 0.060 seconds
[2025-01-19T03:56:24.756+0000] {processor.py:186} INFO - Started process (PID=20713) to work on /home/vscode/.local/lib/python3.10/site-packages/airflow/example_dags/example_nested_branch_dag.py
[2025-01-19T03:56:24.757+0000] {processor.py:914} INFO - Processing file /home/vscode/.local/lib/python3.10/site-packages/airflow/example_dags/example_nested_branch_dag.py for tasks to queue
[2025-01-19T03:56:24.758+0000] {logging_mixin.py:190} INFO - [2025-01-19T03:56:24.758+0000] {dagbag.py:588} INFO - Filling up the DagBag from /home/vscode/.local/lib/python3.10/site-packages/airflow/example_dags/example_nested_branch_dag.py
[2025-01-19T03:56:24.767+0000] {processor.py:925} INFO - DAG(s) 'example_nested_branch_dag' retrieved from /home/vscode/.local/lib/python3.10/site-packages/airflow/example_dags/example_nested_branch_dag.py
[2025-01-19T03:56:24.780+0000] {logging_mixin.py:190} INFO - [2025-01-19T03:56:24.780+0000] {dag.py:3239} INFO - Sync 1 DAGs
[2025-01-19T03:56:24.795+0000] {logging_mixin.py:190} INFO - [2025-01-19T03:56:24.795+0000] {dag.py:4180} INFO - Setting next_dagrun for example_nested_branch_dag to 2025-01-18 00:00:00+00:00, run_after=2025-01-19 00:00:00+00:00
[2025-01-19T03:56:24.809+0000] {processor.py:208} INFO - Processing /home/vscode/.local/lib/python3.10/site-packages/airflow/example_dags/example_nested_branch_dag.py took 0.058 seconds
[2025-01-19T03:57:21.283+0000] {processor.py:186} INFO - Started process (PID=21108) to work on /home/vscode/.local/lib/python3.10/site-packages/airflow/example_dags/example_nested_branch_dag.py
[2025-01-19T03:57:21.284+0000] {processor.py:914} INFO - Processing file /home/vscode/.local/lib/python3.10/site-packages/airflow/example_dags/example_nested_branch_dag.py for tasks to queue
[2025-01-19T03:57:21.286+0000] {logging_mixin.py:190} INFO - [2025-01-19T03:57:21.285+0000] {dagbag.py:588} INFO - Filling up the DagBag from /home/vscode/.local/lib/python3.10/site-packages/airflow/example_dags/example_nested_branch_dag.py
[2025-01-19T03:57:21.295+0000] {processor.py:925} INFO - DAG(s) 'example_nested_branch_dag' retrieved from /home/vscode/.local/lib/python3.10/site-packages/airflow/example_dags/example_nested_branch_dag.py
[2025-01-19T03:57:21.308+0000] {logging_mixin.py:190} INFO - [2025-01-19T03:57:21.308+0000] {dag.py:3239} INFO - Sync 1 DAGs
[2025-01-19T03:57:21.324+0000] {logging_mixin.py:190} INFO - [2025-01-19T03:57:21.323+0000] {dag.py:4180} INFO - Setting next_dagrun for example_nested_branch_dag to 2025-01-18 00:00:00+00:00, run_after=2025-01-19 00:00:00+00:00
[2025-01-19T03:57:21.350+0000] {processor.py:208} INFO - Processing /home/vscode/.local/lib/python3.10/site-packages/airflow/example_dags/example_nested_branch_dag.py took 0.071 seconds
[2025-01-19T03:58:13.817+0000] {processor.py:186} INFO - Started process (PID=21456) to work on /home/vscode/.local/lib/python3.10/site-packages/airflow/example_dags/example_nested_branch_dag.py
[2025-01-19T03:58:13.817+0000] {processor.py:914} INFO - Processing file /home/vscode/.local/lib/python3.10/site-packages/airflow/example_dags/example_nested_branch_dag.py for tasks to queue
[2025-01-19T03:58:13.819+0000] {logging_mixin.py:190} INFO - [2025-01-19T03:58:13.819+0000] {dagbag.py:588} INFO - Filling up the DagBag from /home/vscode/.local/lib/python3.10/site-packages/airflow/example_dags/example_nested_branch_dag.py
[2025-01-19T03:58:13.828+0000] {processor.py:925} INFO - DAG(s) 'example_nested_branch_dag' retrieved from /home/vscode/.local/lib/python3.10/site-packages/airflow/example_dags/example_nested_branch_dag.py
[2025-01-19T03:58:13.841+0000] {logging_mixin.py:190} INFO - [2025-01-19T03:58:13.841+0000] {dag.py:3239} INFO - Sync 1 DAGs
[2025-01-19T03:58:13.856+0000] {logging_mixin.py:190} INFO - [2025-01-19T03:58:13.855+0000] {dag.py:4180} INFO - Setting next_dagrun for example_nested_branch_dag to 2025-01-18 00:00:00+00:00, run_after=2025-01-19 00:00:00+00:00
[2025-01-19T03:58:13.870+0000] {processor.py:208} INFO - Processing /home/vscode/.local/lib/python3.10/site-packages/airflow/example_dags/example_nested_branch_dag.py took 0.057 seconds
[2025-01-19T03:59:03.995+0000] {processor.py:186} INFO - Started process (PID=21797) to work on /home/vscode/.local/lib/python3.10/site-packages/airflow/example_dags/example_nested_branch_dag.py
[2025-01-19T03:59:03.996+0000] {processor.py:914} INFO - Processing file /home/vscode/.local/lib/python3.10/site-packages/airflow/example_dags/example_nested_branch_dag.py for tasks to queue
[2025-01-19T03:59:03.997+0000] {logging_mixin.py:190} INFO - [2025-01-19T03:59:03.997+0000] {dagbag.py:588} INFO - Filling up the DagBag from /home/vscode/.local/lib/python3.10/site-packages/airflow/example_dags/example_nested_branch_dag.py
[2025-01-19T03:59:04.006+0000] {processor.py:925} INFO - DAG(s) 'example_nested_branch_dag' retrieved from /home/vscode/.local/lib/python3.10/site-packages/airflow/example_dags/example_nested_branch_dag.py
[2025-01-19T03:59:04.019+0000] {logging_mixin.py:190} INFO - [2025-01-19T03:59:04.019+0000] {dag.py:3239} INFO - Sync 1 DAGs
[2025-01-19T03:59:04.036+0000] {logging_mixin.py:190} INFO - [2025-01-19T03:59:04.035+0000] {dag.py:4180} INFO - Setting next_dagrun for example_nested_branch_dag to 2025-01-18 00:00:00+00:00, run_after=2025-01-19 00:00:00+00:00
[2025-01-19T03:59:04.050+0000] {processor.py:208} INFO - Processing /home/vscode/.local/lib/python3.10/site-packages/airflow/example_dags/example_nested_branch_dag.py took 0.061 seconds
[2025-01-19T03:59:55.521+0000] {processor.py:186} INFO - Started process (PID=22150) to work on /home/vscode/.local/lib/python3.10/site-packages/airflow/example_dags/example_nested_branch_dag.py
[2025-01-19T03:59:55.522+0000] {processor.py:914} INFO - Processing file /home/vscode/.local/lib/python3.10/site-packages/airflow/example_dags/example_nested_branch_dag.py for tasks to queue
[2025-01-19T03:59:55.523+0000] {logging_mixin.py:190} INFO - [2025-01-19T03:59:55.523+0000] {dagbag.py:588} INFO - Filling up the DagBag from /home/vscode/.local/lib/python3.10/site-packages/airflow/example_dags/example_nested_branch_dag.py
[2025-01-19T03:59:55.533+0000] {processor.py:925} INFO - DAG(s) 'example_nested_branch_dag' retrieved from /home/vscode/.local/lib/python3.10/site-packages/airflow/example_dags/example_nested_branch_dag.py
[2025-01-19T03:59:55.548+0000] {logging_mixin.py:190} INFO - [2025-01-19T03:59:55.548+0000] {dag.py:3239} INFO - Sync 1 DAGs
[2025-01-19T03:59:55.564+0000] {logging_mixin.py:190} INFO - [2025-01-19T03:59:55.564+0000] {dag.py:4180} INFO - Setting next_dagrun for example_nested_branch_dag to 2025-01-18 00:00:00+00:00, run_after=2025-01-19 00:00:00+00:00
[2025-01-19T03:59:55.579+0000] {processor.py:208} INFO - Processing /home/vscode/.local/lib/python3.10/site-packages/airflow/example_dags/example_nested_branch_dag.py took 0.062 seconds
[2025-01-19T04:00:47.913+0000] {processor.py:186} INFO - Started process (PID=22508) to work on /home/vscode/.local/lib/python3.10/site-packages/airflow/example_dags/example_nested_branch_dag.py
[2025-01-19T04:00:47.914+0000] {processor.py:914} INFO - Processing file /home/vscode/.local/lib/python3.10/site-packages/airflow/example_dags/example_nested_branch_dag.py for tasks to queue
[2025-01-19T04:00:47.916+0000] {logging_mixin.py:190} INFO - [2025-01-19T04:00:47.915+0000] {dagbag.py:588} INFO - Filling up the DagBag from /home/vscode/.local/lib/python3.10/site-packages/airflow/example_dags/example_nested_branch_dag.py
[2025-01-19T04:00:47.925+0000] {processor.py:925} INFO - DAG(s) 'example_nested_branch_dag' retrieved from /home/vscode/.local/lib/python3.10/site-packages/airflow/example_dags/example_nested_branch_dag.py
[2025-01-19T04:00:47.939+0000] {logging_mixin.py:190} INFO - [2025-01-19T04:00:47.938+0000] {dag.py:3239} INFO - Sync 1 DAGs
[2025-01-19T04:00:47.954+0000] {logging_mixin.py:190} INFO - [2025-01-19T04:00:47.954+0000] {dag.py:4180} INFO - Setting next_dagrun for example_nested_branch_dag to 2025-01-18 00:00:00+00:00, run_after=2025-01-19 00:00:00+00:00
[2025-01-19T04:00:47.969+0000] {processor.py:208} INFO - Processing /home/vscode/.local/lib/python3.10/site-packages/airflow/example_dags/example_nested_branch_dag.py took 0.061 seconds
[2025-01-19T04:01:39.485+0000] {processor.py:186} INFO - Started process (PID=22849) to work on /home/vscode/.local/lib/python3.10/site-packages/airflow/example_dags/example_nested_branch_dag.py
[2025-01-19T04:01:39.485+0000] {processor.py:914} INFO - Processing file /home/vscode/.local/lib/python3.10/site-packages/airflow/example_dags/example_nested_branch_dag.py for tasks to queue
[2025-01-19T04:01:39.487+0000] {logging_mixin.py:190} INFO - [2025-01-19T04:01:39.487+0000] {dagbag.py:588} INFO - Filling up the DagBag from /home/vscode/.local/lib/python3.10/site-packages/airflow/example_dags/example_nested_branch_dag.py
[2025-01-19T04:01:39.497+0000] {processor.py:925} INFO - DAG(s) 'example_nested_branch_dag' retrieved from /home/vscode/.local/lib/python3.10/site-packages/airflow/example_dags/example_nested_branch_dag.py
[2025-01-19T04:01:39.511+0000] {logging_mixin.py:190} INFO - [2025-01-19T04:01:39.510+0000] {dag.py:3239} INFO - Sync 1 DAGs
[2025-01-19T04:01:39.527+0000] {logging_mixin.py:190} INFO - [2025-01-19T04:01:39.526+0000] {dag.py:4180} INFO - Setting next_dagrun for example_nested_branch_dag to 2025-01-18 00:00:00+00:00, run_after=2025-01-19 00:00:00+00:00
[2025-01-19T04:01:39.542+0000] {processor.py:208} INFO - Processing /home/vscode/.local/lib/python3.10/site-packages/airflow/example_dags/example_nested_branch_dag.py took 0.062 seconds
[2025-01-19T04:02:31.027+0000] {processor.py:186} INFO - Started process (PID=23218) to work on /home/vscode/.local/lib/python3.10/site-packages/airflow/example_dags/example_nested_branch_dag.py
[2025-01-19T04:02:31.028+0000] {processor.py:914} INFO - Processing file /home/vscode/.local/lib/python3.10/site-packages/airflow/example_dags/example_nested_branch_dag.py for tasks to queue
[2025-01-19T04:02:31.031+0000] {logging_mixin.py:190} INFO - [2025-01-19T04:02:31.030+0000] {dagbag.py:588} INFO - Filling up the DagBag from /home/vscode/.local/lib/python3.10/site-packages/airflow/example_dags/example_nested_branch_dag.py
[2025-01-19T04:02:31.044+0000] {processor.py:925} INFO - DAG(s) 'example_nested_branch_dag' retrieved from /home/vscode/.local/lib/python3.10/site-packages/airflow/example_dags/example_nested_branch_dag.py
[2025-01-19T04:02:31.063+0000] {logging_mixin.py:190} INFO - [2025-01-19T04:02:31.063+0000] {dag.py:3239} INFO - Sync 1 DAGs
[2025-01-19T04:02:31.087+0000] {logging_mixin.py:190} INFO - [2025-01-19T04:02:31.086+0000] {dag.py:4180} INFO - Setting next_dagrun for example_nested_branch_dag to 2025-01-18 00:00:00+00:00, run_after=2025-01-19 00:00:00+00:00
[2025-01-19T04:02:31.103+0000] {processor.py:208} INFO - Processing /home/vscode/.local/lib/python3.10/site-packages/airflow/example_dags/example_nested_branch_dag.py took 0.081 seconds
