[2025-01-19T03:21:23.073+0000] {processor.py:186} INFO - Started process (PID=5322) to work on /home/vscode/.local/lib/python3.10/site-packages/airflow/example_dags/example_python_operator.py
[2025-01-19T03:21:23.074+0000] {processor.py:914} INFO - Processing file /home/vscode/.local/lib/python3.10/site-packages/airflow/example_dags/example_python_operator.py for tasks to queue
[2025-01-19T03:21:23.076+0000] {logging_mixin.py:190} INFO - [2025-01-19T03:21:23.075+0000] {dagbag.py:588} INFO - Filling up the DagBag from /home/vscode/.local/lib/python3.10/site-packages/airflow/example_dags/example_python_operator.py
[2025-01-19T03:21:23.085+0000] {processor.py:925} INFO - DAG(s) 'example_python_operator' retrieved from /home/vscode/.local/lib/python3.10/site-packages/airflow/example_dags/example_python_operator.py
[2025-01-19T03:21:23.165+0000] {logging_mixin.py:190} INFO - [2025-01-19T03:21:23.164+0000] {override.py:1911} INFO - Created Permission View: can read on DAG:example_python_operator
[2025-01-19T03:21:23.173+0000] {logging_mixin.py:190} INFO - [2025-01-19T03:21:23.173+0000] {override.py:1911} INFO - Created Permission View: can edit on DAG:example_python_operator
[2025-01-19T03:21:23.180+0000] {logging_mixin.py:190} INFO - [2025-01-19T03:21:23.180+0000] {override.py:1911} INFO - Created Permission View: can delete on DAG:example_python_operator
[2025-01-19T03:21:23.190+0000] {logging_mixin.py:190} INFO - [2025-01-19T03:21:23.190+0000] {override.py:1911} INFO - Created Permission View: menu access on DAG Run:example_python_operator
[2025-01-19T03:21:23.196+0000] {logging_mixin.py:190} INFO - [2025-01-19T03:21:23.196+0000] {override.py:1911} INFO - Created Permission View: can read on DAG Run:example_python_operator
[2025-01-19T03:21:23.202+0000] {logging_mixin.py:190} INFO - [2025-01-19T03:21:23.201+0000] {override.py:1911} INFO - Created Permission View: can create on DAG Run:example_python_operator
[2025-01-19T03:21:23.207+0000] {logging_mixin.py:190} INFO - [2025-01-19T03:21:23.207+0000] {override.py:1911} INFO - Created Permission View: can delete on DAG Run:example_python_operator
[2025-01-19T03:21:23.208+0000] {logging_mixin.py:190} INFO - [2025-01-19T03:21:23.208+0000] {dag.py:3239} INFO - Sync 1 DAGs
[2025-01-19T03:21:23.218+0000] {logging_mixin.py:190} INFO - [2025-01-19T03:21:23.218+0000] {dag.py:3262} INFO - Creating ORM DAG for example_python_operator
[2025-01-19T03:21:23.218+0000] {logging_mixin.py:190} INFO - [2025-01-19T03:21:23.218+0000] {dag.py:4180} INFO - Setting next_dagrun for example_python_operator to None, run_after=None
[2025-01-19T03:21:23.233+0000] {processor.py:208} INFO - Processing /home/vscode/.local/lib/python3.10/site-packages/airflow/example_dags/example_python_operator.py took 0.164 seconds
[2025-01-19T03:22:19.864+0000] {processor.py:186} INFO - Started process (PID=5767) to work on /home/vscode/.local/lib/python3.10/site-packages/airflow/example_dags/example_python_operator.py
[2025-01-19T03:22:19.865+0000] {processor.py:914} INFO - Processing file /home/vscode/.local/lib/python3.10/site-packages/airflow/example_dags/example_python_operator.py for tasks to queue
[2025-01-19T03:22:19.867+0000] {logging_mixin.py:190} INFO - [2025-01-19T03:22:19.866+0000] {dagbag.py:588} INFO - Filling up the DagBag from /home/vscode/.local/lib/python3.10/site-packages/airflow/example_dags/example_python_operator.py
[2025-01-19T03:22:19.876+0000] {processor.py:925} INFO - DAG(s) 'example_python_operator' retrieved from /home/vscode/.local/lib/python3.10/site-packages/airflow/example_dags/example_python_operator.py
[2025-01-19T03:22:19.891+0000] {logging_mixin.py:190} INFO - [2025-01-19T03:22:19.890+0000] {dag.py:3239} INFO - Sync 1 DAGs
[2025-01-19T03:22:19.900+0000] {logging_mixin.py:190} INFO - [2025-01-19T03:22:19.900+0000] {dag.py:4180} INFO - Setting next_dagrun for example_python_operator to None, run_after=None
[2025-01-19T03:22:19.915+0000] {processor.py:208} INFO - Processing /home/vscode/.local/lib/python3.10/site-packages/airflow/example_dags/example_python_operator.py took 0.055 seconds
[2025-01-19T03:23:14.040+0000] {processor.py:186} INFO - Started process (PID=6242) to work on /home/vscode/.local/lib/python3.10/site-packages/airflow/example_dags/example_python_operator.py
[2025-01-19T03:23:14.041+0000] {processor.py:914} INFO - Processing file /home/vscode/.local/lib/python3.10/site-packages/airflow/example_dags/example_python_operator.py for tasks to queue
[2025-01-19T03:23:14.042+0000] {logging_mixin.py:190} INFO - [2025-01-19T03:23:14.042+0000] {dagbag.py:588} INFO - Filling up the DagBag from /home/vscode/.local/lib/python3.10/site-packages/airflow/example_dags/example_python_operator.py
[2025-01-19T03:23:14.052+0000] {processor.py:925} INFO - DAG(s) 'example_python_operator' retrieved from /home/vscode/.local/lib/python3.10/site-packages/airflow/example_dags/example_python_operator.py
[2025-01-19T03:23:14.065+0000] {logging_mixin.py:190} INFO - [2025-01-19T03:23:14.065+0000] {dag.py:3239} INFO - Sync 1 DAGs
[2025-01-19T03:23:14.075+0000] {logging_mixin.py:190} INFO - [2025-01-19T03:23:14.075+0000] {dag.py:4180} INFO - Setting next_dagrun for example_python_operator to None, run_after=None
[2025-01-19T03:23:14.089+0000] {processor.py:208} INFO - Processing /home/vscode/.local/lib/python3.10/site-packages/airflow/example_dags/example_python_operator.py took 0.054 seconds
[2025-01-19T03:24:08.756+0000] {processor.py:186} INFO - Started process (PID=6668) to work on /home/vscode/.local/lib/python3.10/site-packages/airflow/example_dags/example_python_operator.py
[2025-01-19T03:24:08.757+0000] {processor.py:914} INFO - Processing file /home/vscode/.local/lib/python3.10/site-packages/airflow/example_dags/example_python_operator.py for tasks to queue
[2025-01-19T03:24:08.759+0000] {logging_mixin.py:190} INFO - [2025-01-19T03:24:08.759+0000] {dagbag.py:588} INFO - Filling up the DagBag from /home/vscode/.local/lib/python3.10/site-packages/airflow/example_dags/example_python_operator.py
[2025-01-19T03:24:08.768+0000] {processor.py:925} INFO - DAG(s) 'example_python_operator' retrieved from /home/vscode/.local/lib/python3.10/site-packages/airflow/example_dags/example_python_operator.py
[2025-01-19T03:24:08.782+0000] {logging_mixin.py:190} INFO - [2025-01-19T03:24:08.781+0000] {dag.py:3239} INFO - Sync 1 DAGs
[2025-01-19T03:24:08.791+0000] {logging_mixin.py:190} INFO - [2025-01-19T03:24:08.790+0000] {dag.py:4180} INFO - Setting next_dagrun for example_python_operator to None, run_after=None
[2025-01-19T03:24:08.806+0000] {processor.py:208} INFO - Processing /home/vscode/.local/lib/python3.10/site-packages/airflow/example_dags/example_python_operator.py took 0.054 seconds
[2025-01-19T03:25:22.592+0000] {processor.py:186} INFO - Started process (PID=7248) to work on /home/vscode/.local/lib/python3.10/site-packages/airflow/example_dags/example_python_operator.py
[2025-01-19T03:25:22.592+0000] {processor.py:914} INFO - Processing file /home/vscode/.local/lib/python3.10/site-packages/airflow/example_dags/example_python_operator.py for tasks to queue
[2025-01-19T03:25:22.594+0000] {logging_mixin.py:190} INFO - [2025-01-19T03:25:22.594+0000] {dagbag.py:588} INFO - Filling up the DagBag from /home/vscode/.local/lib/python3.10/site-packages/airflow/example_dags/example_python_operator.py
[2025-01-19T03:25:22.603+0000] {processor.py:925} INFO - DAG(s) 'example_python_operator' retrieved from /home/vscode/.local/lib/python3.10/site-packages/airflow/example_dags/example_python_operator.py
[2025-01-19T03:25:22.617+0000] {logging_mixin.py:190} INFO - [2025-01-19T03:25:22.616+0000] {dag.py:3239} INFO - Sync 1 DAGs
[2025-01-19T03:25:22.626+0000] {logging_mixin.py:190} INFO - [2025-01-19T03:25:22.626+0000] {dag.py:4180} INFO - Setting next_dagrun for example_python_operator to None, run_after=None
[2025-01-19T03:25:22.640+0000] {processor.py:208} INFO - Processing /home/vscode/.local/lib/python3.10/site-packages/airflow/example_dags/example_python_operator.py took 0.053 seconds
[2025-01-19T03:26:39.527+0000] {processor.py:186} INFO - Started process (PID=7851) to work on /home/vscode/.local/lib/python3.10/site-packages/airflow/example_dags/example_python_operator.py
[2025-01-19T03:26:39.528+0000] {processor.py:914} INFO - Processing file /home/vscode/.local/lib/python3.10/site-packages/airflow/example_dags/example_python_operator.py for tasks to queue
[2025-01-19T03:26:39.530+0000] {logging_mixin.py:190} INFO - [2025-01-19T03:26:39.530+0000] {dagbag.py:588} INFO - Filling up the DagBag from /home/vscode/.local/lib/python3.10/site-packages/airflow/example_dags/example_python_operator.py
[2025-01-19T03:26:39.542+0000] {processor.py:925} INFO - DAG(s) 'example_python_operator' retrieved from /home/vscode/.local/lib/python3.10/site-packages/airflow/example_dags/example_python_operator.py
[2025-01-19T03:26:39.572+0000] {logging_mixin.py:190} INFO - [2025-01-19T03:26:39.571+0000] {dag.py:3239} INFO - Sync 1 DAGs
[2025-01-19T03:26:39.588+0000] {logging_mixin.py:190} INFO - [2025-01-19T03:26:39.587+0000] {dag.py:4180} INFO - Setting next_dagrun for example_python_operator to None, run_after=None
[2025-01-19T03:26:39.614+0000] {processor.py:208} INFO - Processing /home/vscode/.local/lib/python3.10/site-packages/airflow/example_dags/example_python_operator.py took 0.092 seconds
[2025-01-19T03:27:33.518+0000] {processor.py:186} INFO - Started process (PID=8247) to work on /home/vscode/.local/lib/python3.10/site-packages/airflow/example_dags/example_python_operator.py
[2025-01-19T03:27:33.518+0000] {processor.py:914} INFO - Processing file /home/vscode/.local/lib/python3.10/site-packages/airflow/example_dags/example_python_operator.py for tasks to queue
[2025-01-19T03:27:33.520+0000] {logging_mixin.py:190} INFO - [2025-01-19T03:27:33.520+0000] {dagbag.py:588} INFO - Filling up the DagBag from /home/vscode/.local/lib/python3.10/site-packages/airflow/example_dags/example_python_operator.py
[2025-01-19T03:27:33.530+0000] {processor.py:925} INFO - DAG(s) 'example_python_operator' retrieved from /home/vscode/.local/lib/python3.10/site-packages/airflow/example_dags/example_python_operator.py
[2025-01-19T03:27:33.543+0000] {logging_mixin.py:190} INFO - [2025-01-19T03:27:33.543+0000] {dag.py:3239} INFO - Sync 1 DAGs
[2025-01-19T03:27:33.553+0000] {logging_mixin.py:190} INFO - [2025-01-19T03:27:33.553+0000] {dag.py:4180} INFO - Setting next_dagrun for example_python_operator to None, run_after=None
[2025-01-19T03:27:33.567+0000] {processor.py:208} INFO - Processing /home/vscode/.local/lib/python3.10/site-packages/airflow/example_dags/example_python_operator.py took 0.054 seconds
[2025-01-19T03:28:27.806+0000] {processor.py:186} INFO - Started process (PID=8758) to work on /home/vscode/.local/lib/python3.10/site-packages/airflow/example_dags/example_python_operator.py
[2025-01-19T03:28:27.807+0000] {processor.py:914} INFO - Processing file /home/vscode/.local/lib/python3.10/site-packages/airflow/example_dags/example_python_operator.py for tasks to queue
[2025-01-19T03:28:27.808+0000] {logging_mixin.py:190} INFO - [2025-01-19T03:28:27.808+0000] {dagbag.py:588} INFO - Filling up the DagBag from /home/vscode/.local/lib/python3.10/site-packages/airflow/example_dags/example_python_operator.py
[2025-01-19T03:28:27.818+0000] {processor.py:925} INFO - DAG(s) 'example_python_operator' retrieved from /home/vscode/.local/lib/python3.10/site-packages/airflow/example_dags/example_python_operator.py
[2025-01-19T03:28:27.831+0000] {logging_mixin.py:190} INFO - [2025-01-19T03:28:27.831+0000] {dag.py:3239} INFO - Sync 1 DAGs
[2025-01-19T03:28:27.840+0000] {logging_mixin.py:190} INFO - [2025-01-19T03:28:27.840+0000] {dag.py:4180} INFO - Setting next_dagrun for example_python_operator to None, run_after=None
[2025-01-19T03:28:27.855+0000] {processor.py:208} INFO - Processing /home/vscode/.local/lib/python3.10/site-packages/airflow/example_dags/example_python_operator.py took 0.054 seconds
[2025-01-19T03:29:20.075+0000] {processor.py:186} INFO - Started process (PID=9153) to work on /home/vscode/.local/lib/python3.10/site-packages/airflow/example_dags/example_python_operator.py
[2025-01-19T03:29:20.075+0000] {processor.py:914} INFO - Processing file /home/vscode/.local/lib/python3.10/site-packages/airflow/example_dags/example_python_operator.py for tasks to queue
[2025-01-19T03:29:20.077+0000] {logging_mixin.py:190} INFO - [2025-01-19T03:29:20.077+0000] {dagbag.py:588} INFO - Filling up the DagBag from /home/vscode/.local/lib/python3.10/site-packages/airflow/example_dags/example_python_operator.py
[2025-01-19T03:29:20.087+0000] {processor.py:925} INFO - DAG(s) 'example_python_operator' retrieved from /home/vscode/.local/lib/python3.10/site-packages/airflow/example_dags/example_python_operator.py
[2025-01-19T03:29:20.105+0000] {logging_mixin.py:190} INFO - [2025-01-19T03:29:20.105+0000] {dag.py:3239} INFO - Sync 1 DAGs
[2025-01-19T03:29:20.116+0000] {logging_mixin.py:190} INFO - [2025-01-19T03:29:20.116+0000] {dag.py:4180} INFO - Setting next_dagrun for example_python_operator to None, run_after=None
[2025-01-19T03:29:20.131+0000] {processor.py:208} INFO - Processing /home/vscode/.local/lib/python3.10/site-packages/airflow/example_dags/example_python_operator.py took 0.061 seconds
[2025-01-19T03:30:10.365+0000] {processor.py:186} INFO - Started process (PID=9492) to work on /home/vscode/.local/lib/python3.10/site-packages/airflow/example_dags/example_python_operator.py
[2025-01-19T03:30:10.366+0000] {processor.py:914} INFO - Processing file /home/vscode/.local/lib/python3.10/site-packages/airflow/example_dags/example_python_operator.py for tasks to queue
[2025-01-19T03:30:10.368+0000] {logging_mixin.py:190} INFO - [2025-01-19T03:30:10.368+0000] {dagbag.py:588} INFO - Filling up the DagBag from /home/vscode/.local/lib/python3.10/site-packages/airflow/example_dags/example_python_operator.py
[2025-01-19T03:30:10.383+0000] {processor.py:925} INFO - DAG(s) 'example_python_operator' retrieved from /home/vscode/.local/lib/python3.10/site-packages/airflow/example_dags/example_python_operator.py
[2025-01-19T03:30:10.402+0000] {logging_mixin.py:190} INFO - [2025-01-19T03:30:10.402+0000] {dag.py:3239} INFO - Sync 1 DAGs
[2025-01-19T03:30:10.411+0000] {logging_mixin.py:190} INFO - [2025-01-19T03:30:10.411+0000] {dag.py:4180} INFO - Setting next_dagrun for example_python_operator to None, run_after=None
[2025-01-19T03:30:10.426+0000] {processor.py:208} INFO - Processing /home/vscode/.local/lib/python3.10/site-packages/airflow/example_dags/example_python_operator.py took 0.067 seconds
[2025-01-19T03:31:18.647+0000] {processor.py:186} INFO - Started process (PID=9960) to work on /home/vscode/.local/lib/python3.10/site-packages/airflow/example_dags/example_python_operator.py
[2025-01-19T03:31:18.648+0000] {processor.py:914} INFO - Processing file /home/vscode/.local/lib/python3.10/site-packages/airflow/example_dags/example_python_operator.py for tasks to queue
[2025-01-19T03:31:18.650+0000] {logging_mixin.py:190} INFO - [2025-01-19T03:31:18.650+0000] {dagbag.py:588} INFO - Filling up the DagBag from /home/vscode/.local/lib/python3.10/site-packages/airflow/example_dags/example_python_operator.py
[2025-01-19T03:31:18.660+0000] {processor.py:925} INFO - DAG(s) 'example_python_operator' retrieved from /home/vscode/.local/lib/python3.10/site-packages/airflow/example_dags/example_python_operator.py
[2025-01-19T03:31:18.675+0000] {logging_mixin.py:190} INFO - [2025-01-19T03:31:18.675+0000] {dag.py:3239} INFO - Sync 1 DAGs
[2025-01-19T03:31:18.684+0000] {logging_mixin.py:190} INFO - [2025-01-19T03:31:18.684+0000] {dag.py:4180} INFO - Setting next_dagrun for example_python_operator to None, run_after=None
[2025-01-19T03:31:18.699+0000] {processor.py:208} INFO - Processing /home/vscode/.local/lib/python3.10/site-packages/airflow/example_dags/example_python_operator.py took 0.058 seconds
[2025-01-19T03:32:10.043+0000] {processor.py:186} INFO - Started process (PID=10364) to work on /home/vscode/.local/lib/python3.10/site-packages/airflow/example_dags/example_python_operator.py
[2025-01-19T03:32:10.044+0000] {processor.py:914} INFO - Processing file /home/vscode/.local/lib/python3.10/site-packages/airflow/example_dags/example_python_operator.py for tasks to queue
[2025-01-19T03:32:10.045+0000] {logging_mixin.py:190} INFO - [2025-01-19T03:32:10.045+0000] {dagbag.py:588} INFO - Filling up the DagBag from /home/vscode/.local/lib/python3.10/site-packages/airflow/example_dags/example_python_operator.py
[2025-01-19T03:32:10.055+0000] {processor.py:925} INFO - DAG(s) 'example_python_operator' retrieved from /home/vscode/.local/lib/python3.10/site-packages/airflow/example_dags/example_python_operator.py
[2025-01-19T03:32:10.072+0000] {logging_mixin.py:190} INFO - [2025-01-19T03:32:10.071+0000] {dag.py:3239} INFO - Sync 1 DAGs
[2025-01-19T03:32:10.081+0000] {logging_mixin.py:190} INFO - [2025-01-19T03:32:10.081+0000] {dag.py:4180} INFO - Setting next_dagrun for example_python_operator to None, run_after=None
[2025-01-19T03:32:10.095+0000] {processor.py:208} INFO - Processing /home/vscode/.local/lib/python3.10/site-packages/airflow/example_dags/example_python_operator.py took 0.057 seconds
[2025-01-19T03:33:25.986+0000] {processor.py:186} INFO - Started process (PID=10952) to work on /home/vscode/.local/lib/python3.10/site-packages/airflow/example_dags/example_python_operator.py
[2025-01-19T03:33:25.987+0000] {processor.py:914} INFO - Processing file /home/vscode/.local/lib/python3.10/site-packages/airflow/example_dags/example_python_operator.py for tasks to queue
[2025-01-19T03:33:25.988+0000] {logging_mixin.py:190} INFO - [2025-01-19T03:33:25.988+0000] {dagbag.py:588} INFO - Filling up the DagBag from /home/vscode/.local/lib/python3.10/site-packages/airflow/example_dags/example_python_operator.py
[2025-01-19T03:33:25.998+0000] {processor.py:925} INFO - DAG(s) 'example_python_operator' retrieved from /home/vscode/.local/lib/python3.10/site-packages/airflow/example_dags/example_python_operator.py
[2025-01-19T03:33:26.013+0000] {logging_mixin.py:190} INFO - [2025-01-19T03:33:26.012+0000] {dag.py:3239} INFO - Sync 1 DAGs
[2025-01-19T03:33:26.022+0000] {logging_mixin.py:190} INFO - [2025-01-19T03:33:26.022+0000] {dag.py:4180} INFO - Setting next_dagrun for example_python_operator to None, run_after=None
[2025-01-19T03:33:26.036+0000] {processor.py:208} INFO - Processing /home/vscode/.local/lib/python3.10/site-packages/airflow/example_dags/example_python_operator.py took 0.054 seconds
[2025-01-19T03:34:18.643+0000] {processor.py:186} INFO - Started process (PID=11318) to work on /home/vscode/.local/lib/python3.10/site-packages/airflow/example_dags/example_python_operator.py
[2025-01-19T03:34:18.644+0000] {processor.py:914} INFO - Processing file /home/vscode/.local/lib/python3.10/site-packages/airflow/example_dags/example_python_operator.py for tasks to queue
[2025-01-19T03:34:18.645+0000] {logging_mixin.py:190} INFO - [2025-01-19T03:34:18.645+0000] {dagbag.py:588} INFO - Filling up the DagBag from /home/vscode/.local/lib/python3.10/site-packages/airflow/example_dags/example_python_operator.py
[2025-01-19T03:34:18.658+0000] {processor.py:925} INFO - DAG(s) 'example_python_operator' retrieved from /home/vscode/.local/lib/python3.10/site-packages/airflow/example_dags/example_python_operator.py
[2025-01-19T03:34:18.672+0000] {logging_mixin.py:190} INFO - [2025-01-19T03:34:18.672+0000] {dag.py:3239} INFO - Sync 1 DAGs
[2025-01-19T03:34:18.681+0000] {logging_mixin.py:190} INFO - [2025-01-19T03:34:18.681+0000] {dag.py:4180} INFO - Setting next_dagrun for example_python_operator to None, run_after=None
[2025-01-19T03:34:18.696+0000] {processor.py:208} INFO - Processing /home/vscode/.local/lib/python3.10/site-packages/airflow/example_dags/example_python_operator.py took 0.057 seconds
[2025-01-19T03:35:33.814+0000] {processor.py:186} INFO - Started process (PID=11932) to work on /home/vscode/.local/lib/python3.10/site-packages/airflow/example_dags/example_python_operator.py
[2025-01-19T03:35:33.815+0000] {processor.py:914} INFO - Processing file /home/vscode/.local/lib/python3.10/site-packages/airflow/example_dags/example_python_operator.py for tasks to queue
[2025-01-19T03:35:33.817+0000] {logging_mixin.py:190} INFO - [2025-01-19T03:35:33.817+0000] {dagbag.py:588} INFO - Filling up the DagBag from /home/vscode/.local/lib/python3.10/site-packages/airflow/example_dags/example_python_operator.py
[2025-01-19T03:35:33.833+0000] {processor.py:925} INFO - DAG(s) 'example_python_operator' retrieved from /home/vscode/.local/lib/python3.10/site-packages/airflow/example_dags/example_python_operator.py
[2025-01-19T03:35:33.852+0000] {logging_mixin.py:190} INFO - [2025-01-19T03:35:33.852+0000] {dag.py:3239} INFO - Sync 1 DAGs
[2025-01-19T03:35:33.862+0000] {logging_mixin.py:190} INFO - [2025-01-19T03:35:33.861+0000] {dag.py:4180} INFO - Setting next_dagrun for example_python_operator to None, run_after=None
[2025-01-19T03:35:33.876+0000] {processor.py:208} INFO - Processing /home/vscode/.local/lib/python3.10/site-packages/airflow/example_dags/example_python_operator.py took 0.070 seconds
[2025-01-19T03:36:46.395+0000] {processor.py:186} INFO - Started process (PID=12448) to work on /home/vscode/.local/lib/python3.10/site-packages/airflow/example_dags/example_python_operator.py
[2025-01-19T03:36:46.396+0000] {processor.py:914} INFO - Processing file /home/vscode/.local/lib/python3.10/site-packages/airflow/example_dags/example_python_operator.py for tasks to queue
[2025-01-19T03:36:46.398+0000] {logging_mixin.py:190} INFO - [2025-01-19T03:36:46.397+0000] {dagbag.py:588} INFO - Filling up the DagBag from /home/vscode/.local/lib/python3.10/site-packages/airflow/example_dags/example_python_operator.py
[2025-01-19T03:36:46.409+0000] {processor.py:925} INFO - DAG(s) 'example_python_operator' retrieved from /home/vscode/.local/lib/python3.10/site-packages/airflow/example_dags/example_python_operator.py
[2025-01-19T03:36:46.429+0000] {logging_mixin.py:190} INFO - [2025-01-19T03:36:46.429+0000] {dag.py:3239} INFO - Sync 1 DAGs
[2025-01-19T03:36:46.444+0000] {logging_mixin.py:190} INFO - [2025-01-19T03:36:46.444+0000] {dag.py:4180} INFO - Setting next_dagrun for example_python_operator to None, run_after=None
[2025-01-19T03:36:46.464+0000] {processor.py:208} INFO - Processing /home/vscode/.local/lib/python3.10/site-packages/airflow/example_dags/example_python_operator.py took 0.073 seconds
[2025-01-19T03:38:01.975+0000] {processor.py:186} INFO - Started process (PID=12970) to work on /home/vscode/.local/lib/python3.10/site-packages/airflow/example_dags/example_python_operator.py
[2025-01-19T03:38:01.976+0000] {processor.py:914} INFO - Processing file /home/vscode/.local/lib/python3.10/site-packages/airflow/example_dags/example_python_operator.py for tasks to queue
[2025-01-19T03:38:01.978+0000] {logging_mixin.py:190} INFO - [2025-01-19T03:38:01.977+0000] {dagbag.py:588} INFO - Filling up the DagBag from /home/vscode/.local/lib/python3.10/site-packages/airflow/example_dags/example_python_operator.py
[2025-01-19T03:38:01.987+0000] {processor.py:925} INFO - DAG(s) 'example_python_operator' retrieved from /home/vscode/.local/lib/python3.10/site-packages/airflow/example_dags/example_python_operator.py
[2025-01-19T03:38:02.001+0000] {logging_mixin.py:190} INFO - [2025-01-19T03:38:02.001+0000] {dag.py:3239} INFO - Sync 1 DAGs
[2025-01-19T03:38:02.010+0000] {logging_mixin.py:190} INFO - [2025-01-19T03:38:02.010+0000] {dag.py:4180} INFO - Setting next_dagrun for example_python_operator to None, run_after=None
[2025-01-19T03:38:02.025+0000] {processor.py:208} INFO - Processing /home/vscode/.local/lib/python3.10/site-packages/airflow/example_dags/example_python_operator.py took 0.054 seconds
[2025-01-19T03:38:53.103+0000] {processor.py:186} INFO - Started process (PID=13319) to work on /home/vscode/.local/lib/python3.10/site-packages/airflow/example_dags/example_python_operator.py
[2025-01-19T03:38:53.104+0000] {processor.py:914} INFO - Processing file /home/vscode/.local/lib/python3.10/site-packages/airflow/example_dags/example_python_operator.py for tasks to queue
[2025-01-19T03:38:53.105+0000] {logging_mixin.py:190} INFO - [2025-01-19T03:38:53.105+0000] {dagbag.py:588} INFO - Filling up the DagBag from /home/vscode/.local/lib/python3.10/site-packages/airflow/example_dags/example_python_operator.py
[2025-01-19T03:38:53.115+0000] {processor.py:925} INFO - DAG(s) 'example_python_operator' retrieved from /home/vscode/.local/lib/python3.10/site-packages/airflow/example_dags/example_python_operator.py
[2025-01-19T03:38:53.128+0000] {logging_mixin.py:190} INFO - [2025-01-19T03:38:53.128+0000] {dag.py:3239} INFO - Sync 1 DAGs
[2025-01-19T03:38:53.137+0000] {logging_mixin.py:190} INFO - [2025-01-19T03:38:53.137+0000] {dag.py:4180} INFO - Setting next_dagrun for example_python_operator to None, run_after=None
[2025-01-19T03:38:53.152+0000] {processor.py:208} INFO - Processing /home/vscode/.local/lib/python3.10/site-packages/airflow/example_dags/example_python_operator.py took 0.053 seconds
[2025-01-19T03:40:07.941+0000] {processor.py:186} INFO - Started process (PID=13812) to work on /home/vscode/.local/lib/python3.10/site-packages/airflow/example_dags/example_python_operator.py
[2025-01-19T03:40:07.942+0000] {processor.py:914} INFO - Processing file /home/vscode/.local/lib/python3.10/site-packages/airflow/example_dags/example_python_operator.py for tasks to queue
[2025-01-19T03:40:07.943+0000] {logging_mixin.py:190} INFO - [2025-01-19T03:40:07.943+0000] {dagbag.py:588} INFO - Filling up the DagBag from /home/vscode/.local/lib/python3.10/site-packages/airflow/example_dags/example_python_operator.py
[2025-01-19T03:40:07.953+0000] {processor.py:925} INFO - DAG(s) 'example_python_operator' retrieved from /home/vscode/.local/lib/python3.10/site-packages/airflow/example_dags/example_python_operator.py
[2025-01-19T03:40:07.967+0000] {logging_mixin.py:190} INFO - [2025-01-19T03:40:07.967+0000] {dag.py:3239} INFO - Sync 1 DAGs
[2025-01-19T03:40:07.977+0000] {logging_mixin.py:190} INFO - [2025-01-19T03:40:07.976+0000] {dag.py:4180} INFO - Setting next_dagrun for example_python_operator to None, run_after=None
[2025-01-19T03:40:07.992+0000] {processor.py:208} INFO - Processing /home/vscode/.local/lib/python3.10/site-packages/airflow/example_dags/example_python_operator.py took 0.055 seconds
[2025-01-19T03:40:59.285+0000] {processor.py:186} INFO - Started process (PID=14165) to work on /home/vscode/.local/lib/python3.10/site-packages/airflow/example_dags/example_python_operator.py
[2025-01-19T03:40:59.286+0000] {processor.py:914} INFO - Processing file /home/vscode/.local/lib/python3.10/site-packages/airflow/example_dags/example_python_operator.py for tasks to queue
[2025-01-19T03:40:59.287+0000] {logging_mixin.py:190} INFO - [2025-01-19T03:40:59.287+0000] {dagbag.py:588} INFO - Filling up the DagBag from /home/vscode/.local/lib/python3.10/site-packages/airflow/example_dags/example_python_operator.py
[2025-01-19T03:40:59.297+0000] {processor.py:925} INFO - DAG(s) 'example_python_operator' retrieved from /home/vscode/.local/lib/python3.10/site-packages/airflow/example_dags/example_python_operator.py
[2025-01-19T03:40:59.311+0000] {logging_mixin.py:190} INFO - [2025-01-19T03:40:59.310+0000] {dag.py:3239} INFO - Sync 1 DAGs
[2025-01-19T03:40:59.320+0000] {logging_mixin.py:190} INFO - [2025-01-19T03:40:59.320+0000] {dag.py:4180} INFO - Setting next_dagrun for example_python_operator to None, run_after=None
[2025-01-19T03:40:59.335+0000] {processor.py:208} INFO - Processing /home/vscode/.local/lib/python3.10/site-packages/airflow/example_dags/example_python_operator.py took 0.055 seconds
[2025-01-19T03:42:15.120+0000] {processor.py:186} INFO - Started process (PID=14683) to work on /home/vscode/.local/lib/python3.10/site-packages/airflow/example_dags/example_python_operator.py
[2025-01-19T03:42:15.121+0000] {processor.py:914} INFO - Processing file /home/vscode/.local/lib/python3.10/site-packages/airflow/example_dags/example_python_operator.py for tasks to queue
[2025-01-19T03:42:15.123+0000] {logging_mixin.py:190} INFO - [2025-01-19T03:42:15.123+0000] {dagbag.py:588} INFO - Filling up the DagBag from /home/vscode/.local/lib/python3.10/site-packages/airflow/example_dags/example_python_operator.py
[2025-01-19T03:42:15.133+0000] {processor.py:925} INFO - DAG(s) 'example_python_operator' retrieved from /home/vscode/.local/lib/python3.10/site-packages/airflow/example_dags/example_python_operator.py
[2025-01-19T03:42:15.147+0000] {logging_mixin.py:190} INFO - [2025-01-19T03:42:15.147+0000] {dag.py:3239} INFO - Sync 1 DAGs
[2025-01-19T03:42:15.156+0000] {logging_mixin.py:190} INFO - [2025-01-19T03:42:15.156+0000] {dag.py:4180} INFO - Setting next_dagrun for example_python_operator to None, run_after=None
[2025-01-19T03:42:15.172+0000] {processor.py:208} INFO - Processing /home/vscode/.local/lib/python3.10/site-packages/airflow/example_dags/example_python_operator.py took 0.057 seconds
[2025-01-19T03:43:06.053+0000] {processor.py:186} INFO - Started process (PID=15027) to work on /home/vscode/.local/lib/python3.10/site-packages/airflow/example_dags/example_python_operator.py
[2025-01-19T03:43:06.054+0000] {processor.py:914} INFO - Processing file /home/vscode/.local/lib/python3.10/site-packages/airflow/example_dags/example_python_operator.py for tasks to queue
[2025-01-19T03:43:06.055+0000] {logging_mixin.py:190} INFO - [2025-01-19T03:43:06.055+0000] {dagbag.py:588} INFO - Filling up the DagBag from /home/vscode/.local/lib/python3.10/site-packages/airflow/example_dags/example_python_operator.py
[2025-01-19T03:43:06.065+0000] {processor.py:925} INFO - DAG(s) 'example_python_operator' retrieved from /home/vscode/.local/lib/python3.10/site-packages/airflow/example_dags/example_python_operator.py
[2025-01-19T03:43:06.079+0000] {logging_mixin.py:190} INFO - [2025-01-19T03:43:06.079+0000] {dag.py:3239} INFO - Sync 1 DAGs
[2025-01-19T03:43:06.088+0000] {logging_mixin.py:190} INFO - [2025-01-19T03:43:06.088+0000] {dag.py:4180} INFO - Setting next_dagrun for example_python_operator to None, run_after=None
[2025-01-19T03:43:06.104+0000] {processor.py:208} INFO - Processing /home/vscode/.local/lib/python3.10/site-packages/airflow/example_dags/example_python_operator.py took 0.056 seconds
[2025-01-19T03:44:23.503+0000] {processor.py:186} INFO - Started process (PID=15541) to work on /home/vscode/.local/lib/python3.10/site-packages/airflow/example_dags/example_python_operator.py
[2025-01-19T03:44:23.504+0000] {processor.py:914} INFO - Processing file /home/vscode/.local/lib/python3.10/site-packages/airflow/example_dags/example_python_operator.py for tasks to queue
[2025-01-19T03:44:23.505+0000] {logging_mixin.py:190} INFO - [2025-01-19T03:44:23.505+0000] {dagbag.py:588} INFO - Filling up the DagBag from /home/vscode/.local/lib/python3.10/site-packages/airflow/example_dags/example_python_operator.py
[2025-01-19T03:44:23.515+0000] {processor.py:925} INFO - DAG(s) 'example_python_operator' retrieved from /home/vscode/.local/lib/python3.10/site-packages/airflow/example_dags/example_python_operator.py
[2025-01-19T03:44:23.529+0000] {logging_mixin.py:190} INFO - [2025-01-19T03:44:23.528+0000] {dag.py:3239} INFO - Sync 1 DAGs
[2025-01-19T03:44:23.538+0000] {logging_mixin.py:190} INFO - [2025-01-19T03:44:23.538+0000] {dag.py:4180} INFO - Setting next_dagrun for example_python_operator to None, run_after=None
[2025-01-19T03:44:23.554+0000] {processor.py:208} INFO - Processing /home/vscode/.local/lib/python3.10/site-packages/airflow/example_dags/example_python_operator.py took 0.056 seconds
[2025-01-19T03:45:17.197+0000] {processor.py:186} INFO - Started process (PID=15902) to work on /home/vscode/.local/lib/python3.10/site-packages/airflow/example_dags/example_python_operator.py
[2025-01-19T03:45:17.198+0000] {processor.py:914} INFO - Processing file /home/vscode/.local/lib/python3.10/site-packages/airflow/example_dags/example_python_operator.py for tasks to queue
[2025-01-19T03:45:17.199+0000] {logging_mixin.py:190} INFO - [2025-01-19T03:45:17.199+0000] {dagbag.py:588} INFO - Filling up the DagBag from /home/vscode/.local/lib/python3.10/site-packages/airflow/example_dags/example_python_operator.py
[2025-01-19T03:45:17.210+0000] {processor.py:925} INFO - DAG(s) 'example_python_operator' retrieved from /home/vscode/.local/lib/python3.10/site-packages/airflow/example_dags/example_python_operator.py
[2025-01-19T03:45:17.223+0000] {logging_mixin.py:190} INFO - [2025-01-19T03:45:17.223+0000] {dag.py:3239} INFO - Sync 1 DAGs
[2025-01-19T03:45:17.232+0000] {logging_mixin.py:190} INFO - [2025-01-19T03:45:17.232+0000] {dag.py:4180} INFO - Setting next_dagrun for example_python_operator to None, run_after=None
[2025-01-19T03:45:17.247+0000] {processor.py:208} INFO - Processing /home/vscode/.local/lib/python3.10/site-packages/airflow/example_dags/example_python_operator.py took 0.056 seconds
[2025-01-19T03:46:31.952+0000] {processor.py:186} INFO - Started process (PID=16400) to work on /home/vscode/.local/lib/python3.10/site-packages/airflow/example_dags/example_python_operator.py
[2025-01-19T03:46:31.953+0000] {processor.py:914} INFO - Processing file /home/vscode/.local/lib/python3.10/site-packages/airflow/example_dags/example_python_operator.py for tasks to queue
[2025-01-19T03:46:31.954+0000] {logging_mixin.py:190} INFO - [2025-01-19T03:46:31.954+0000] {dagbag.py:588} INFO - Filling up the DagBag from /home/vscode/.local/lib/python3.10/site-packages/airflow/example_dags/example_python_operator.py
[2025-01-19T03:46:31.964+0000] {processor.py:925} INFO - DAG(s) 'example_python_operator' retrieved from /home/vscode/.local/lib/python3.10/site-packages/airflow/example_dags/example_python_operator.py
[2025-01-19T03:46:31.978+0000] {logging_mixin.py:190} INFO - [2025-01-19T03:46:31.977+0000] {dag.py:3239} INFO - Sync 1 DAGs
[2025-01-19T03:46:31.987+0000] {logging_mixin.py:190} INFO - [2025-01-19T03:46:31.987+0000] {dag.py:4180} INFO - Setting next_dagrun for example_python_operator to None, run_after=None
[2025-01-19T03:46:32.002+0000] {processor.py:208} INFO - Processing /home/vscode/.local/lib/python3.10/site-packages/airflow/example_dags/example_python_operator.py took 0.055 seconds
[2025-01-19T03:47:24.451+0000] {processor.py:186} INFO - Started process (PID=16758) to work on /home/vscode/.local/lib/python3.10/site-packages/airflow/example_dags/example_python_operator.py
[2025-01-19T03:47:24.452+0000] {processor.py:914} INFO - Processing file /home/vscode/.local/lib/python3.10/site-packages/airflow/example_dags/example_python_operator.py for tasks to queue
[2025-01-19T03:47:24.454+0000] {logging_mixin.py:190} INFO - [2025-01-19T03:47:24.453+0000] {dagbag.py:588} INFO - Filling up the DagBag from /home/vscode/.local/lib/python3.10/site-packages/airflow/example_dags/example_python_operator.py
[2025-01-19T03:47:24.468+0000] {processor.py:925} INFO - DAG(s) 'example_python_operator' retrieved from /home/vscode/.local/lib/python3.10/site-packages/airflow/example_dags/example_python_operator.py
[2025-01-19T03:47:24.490+0000] {logging_mixin.py:190} INFO - [2025-01-19T03:47:24.490+0000] {dag.py:3239} INFO - Sync 1 DAGs
[2025-01-19T03:47:24.504+0000] {logging_mixin.py:190} INFO - [2025-01-19T03:47:24.503+0000] {dag.py:4180} INFO - Setting next_dagrun for example_python_operator to None, run_after=None
[2025-01-19T03:47:24.525+0000] {processor.py:208} INFO - Processing /home/vscode/.local/lib/python3.10/site-packages/airflow/example_dags/example_python_operator.py took 0.081 seconds
[2025-01-19T03:48:39.552+0000] {processor.py:186} INFO - Started process (PID=17279) to work on /home/vscode/.local/lib/python3.10/site-packages/airflow/example_dags/example_python_operator.py
[2025-01-19T03:48:39.553+0000] {processor.py:914} INFO - Processing file /home/vscode/.local/lib/python3.10/site-packages/airflow/example_dags/example_python_operator.py for tasks to queue
[2025-01-19T03:48:39.554+0000] {logging_mixin.py:190} INFO - [2025-01-19T03:48:39.554+0000] {dagbag.py:588} INFO - Filling up the DagBag from /home/vscode/.local/lib/python3.10/site-packages/airflow/example_dags/example_python_operator.py
[2025-01-19T03:48:39.564+0000] {processor.py:925} INFO - DAG(s) 'example_python_operator' retrieved from /home/vscode/.local/lib/python3.10/site-packages/airflow/example_dags/example_python_operator.py
[2025-01-19T03:48:39.577+0000] {logging_mixin.py:190} INFO - [2025-01-19T03:48:39.577+0000] {dag.py:3239} INFO - Sync 1 DAGs
[2025-01-19T03:48:39.586+0000] {logging_mixin.py:190} INFO - [2025-01-19T03:48:39.586+0000] {dag.py:4180} INFO - Setting next_dagrun for example_python_operator to None, run_after=None
[2025-01-19T03:48:39.602+0000] {processor.py:208} INFO - Processing /home/vscode/.local/lib/python3.10/site-packages/airflow/example_dags/example_python_operator.py took 0.054 seconds
[2025-01-19T03:49:31.728+0000] {processor.py:186} INFO - Started process (PID=17757) to work on /home/vscode/.local/lib/python3.10/site-packages/airflow/example_dags/example_python_operator.py
[2025-01-19T03:49:31.728+0000] {processor.py:914} INFO - Processing file /home/vscode/.local/lib/python3.10/site-packages/airflow/example_dags/example_python_operator.py for tasks to queue
[2025-01-19T03:49:31.730+0000] {logging_mixin.py:190} INFO - [2025-01-19T03:49:31.730+0000] {dagbag.py:588} INFO - Filling up the DagBag from /home/vscode/.local/lib/python3.10/site-packages/airflow/example_dags/example_python_operator.py
[2025-01-19T03:49:31.740+0000] {processor.py:925} INFO - DAG(s) 'example_python_operator' retrieved from /home/vscode/.local/lib/python3.10/site-packages/airflow/example_dags/example_python_operator.py
[2025-01-19T03:49:31.753+0000] {logging_mixin.py:190} INFO - [2025-01-19T03:49:31.753+0000] {dag.py:3239} INFO - Sync 1 DAGs
[2025-01-19T03:49:31.762+0000] {logging_mixin.py:190} INFO - [2025-01-19T03:49:31.762+0000] {dag.py:4180} INFO - Setting next_dagrun for example_python_operator to None, run_after=None
[2025-01-19T03:49:31.776+0000] {processor.py:208} INFO - Processing /home/vscode/.local/lib/python3.10/site-packages/airflow/example_dags/example_python_operator.py took 0.053 seconds
[2025-01-19T03:50:23.663+0000] {processor.py:186} INFO - Started process (PID=18155) to work on /home/vscode/.local/lib/python3.10/site-packages/airflow/example_dags/example_python_operator.py
[2025-01-19T03:50:23.664+0000] {processor.py:914} INFO - Processing file /home/vscode/.local/lib/python3.10/site-packages/airflow/example_dags/example_python_operator.py for tasks to queue
[2025-01-19T03:50:23.665+0000] {logging_mixin.py:190} INFO - [2025-01-19T03:50:23.665+0000] {dagbag.py:588} INFO - Filling up the DagBag from /home/vscode/.local/lib/python3.10/site-packages/airflow/example_dags/example_python_operator.py
[2025-01-19T03:50:23.675+0000] {processor.py:925} INFO - DAG(s) 'example_python_operator' retrieved from /home/vscode/.local/lib/python3.10/site-packages/airflow/example_dags/example_python_operator.py
[2025-01-19T03:50:23.689+0000] {logging_mixin.py:190} INFO - [2025-01-19T03:50:23.689+0000] {dag.py:3239} INFO - Sync 1 DAGs
[2025-01-19T03:50:23.699+0000] {logging_mixin.py:190} INFO - [2025-01-19T03:50:23.699+0000] {dag.py:4180} INFO - Setting next_dagrun for example_python_operator to None, run_after=None
[2025-01-19T03:50:23.714+0000] {processor.py:208} INFO - Processing /home/vscode/.local/lib/python3.10/site-packages/airflow/example_dags/example_python_operator.py took 0.055 seconds
[2025-01-19T03:51:37.642+0000] {processor.py:186} INFO - Started process (PID=18794) to work on /home/vscode/.local/lib/python3.10/site-packages/airflow/example_dags/example_python_operator.py
[2025-01-19T03:51:37.643+0000] {processor.py:914} INFO - Processing file /home/vscode/.local/lib/python3.10/site-packages/airflow/example_dags/example_python_operator.py for tasks to queue
[2025-01-19T03:51:37.644+0000] {logging_mixin.py:190} INFO - [2025-01-19T03:51:37.644+0000] {dagbag.py:588} INFO - Filling up the DagBag from /home/vscode/.local/lib/python3.10/site-packages/airflow/example_dags/example_python_operator.py
[2025-01-19T03:51:37.654+0000] {processor.py:925} INFO - DAG(s) 'example_python_operator' retrieved from /home/vscode/.local/lib/python3.10/site-packages/airflow/example_dags/example_python_operator.py
[2025-01-19T03:51:37.667+0000] {logging_mixin.py:190} INFO - [2025-01-19T03:51:37.667+0000] {dag.py:3239} INFO - Sync 1 DAGs
[2025-01-19T03:51:37.676+0000] {logging_mixin.py:190} INFO - [2025-01-19T03:51:37.676+0000] {dag.py:4180} INFO - Setting next_dagrun for example_python_operator to None, run_after=None
[2025-01-19T03:51:37.691+0000] {processor.py:208} INFO - Processing /home/vscode/.local/lib/python3.10/site-packages/airflow/example_dags/example_python_operator.py took 0.053 seconds
[2025-01-19T03:55:32.703+0000] {processor.py:186} INFO - Started process (PID=20370) to work on /home/vscode/.local/lib/python3.10/site-packages/airflow/example_dags/example_python_operator.py
[2025-01-19T03:55:32.704+0000] {processor.py:914} INFO - Processing file /home/vscode/.local/lib/python3.10/site-packages/airflow/example_dags/example_python_operator.py for tasks to queue
[2025-01-19T03:55:32.705+0000] {logging_mixin.py:190} INFO - [2025-01-19T03:55:32.705+0000] {dagbag.py:588} INFO - Filling up the DagBag from /home/vscode/.local/lib/python3.10/site-packages/airflow/example_dags/example_python_operator.py
[2025-01-19T03:55:32.715+0000] {processor.py:925} INFO - DAG(s) 'example_python_operator' retrieved from /home/vscode/.local/lib/python3.10/site-packages/airflow/example_dags/example_python_operator.py
[2025-01-19T03:55:32.803+0000] {logging_mixin.py:190} INFO - [2025-01-19T03:55:32.803+0000] {dag.py:3239} INFO - Sync 1 DAGs
[2025-01-19T03:55:32.817+0000] {logging_mixin.py:190} INFO - [2025-01-19T03:55:32.817+0000] {dag.py:4180} INFO - Setting next_dagrun for example_python_operator to None, run_after=None
[2025-01-19T03:55:32.840+0000] {processor.py:208} INFO - Processing /home/vscode/.local/lib/python3.10/site-packages/airflow/example_dags/example_python_operator.py took 0.141 seconds
[2025-01-19T03:56:28.360+0000] {processor.py:186} INFO - Started process (PID=20741) to work on /home/vscode/.local/lib/python3.10/site-packages/airflow/example_dags/example_python_operator.py
[2025-01-19T03:56:28.361+0000] {processor.py:914} INFO - Processing file /home/vscode/.local/lib/python3.10/site-packages/airflow/example_dags/example_python_operator.py for tasks to queue
[2025-01-19T03:56:28.363+0000] {logging_mixin.py:190} INFO - [2025-01-19T03:56:28.362+0000] {dagbag.py:588} INFO - Filling up the DagBag from /home/vscode/.local/lib/python3.10/site-packages/airflow/example_dags/example_python_operator.py
[2025-01-19T03:56:28.374+0000] {processor.py:925} INFO - DAG(s) 'example_python_operator' retrieved from /home/vscode/.local/lib/python3.10/site-packages/airflow/example_dags/example_python_operator.py
[2025-01-19T03:56:28.387+0000] {logging_mixin.py:190} INFO - [2025-01-19T03:56:28.387+0000] {dag.py:3239} INFO - Sync 1 DAGs
[2025-01-19T03:56:28.396+0000] {logging_mixin.py:190} INFO - [2025-01-19T03:56:28.396+0000] {dag.py:4180} INFO - Setting next_dagrun for example_python_operator to None, run_after=None
[2025-01-19T03:56:28.410+0000] {processor.py:208} INFO - Processing /home/vscode/.local/lib/python3.10/site-packages/airflow/example_dags/example_python_operator.py took 0.054 seconds
[2025-01-19T03:57:25.830+0000] {processor.py:186} INFO - Started process (PID=21128) to work on /home/vscode/.local/lib/python3.10/site-packages/airflow/example_dags/example_python_operator.py
[2025-01-19T03:57:25.831+0000] {processor.py:914} INFO - Processing file /home/vscode/.local/lib/python3.10/site-packages/airflow/example_dags/example_python_operator.py for tasks to queue
[2025-01-19T03:57:25.832+0000] {logging_mixin.py:190} INFO - [2025-01-19T03:57:25.832+0000] {dagbag.py:588} INFO - Filling up the DagBag from /home/vscode/.local/lib/python3.10/site-packages/airflow/example_dags/example_python_operator.py
[2025-01-19T03:57:25.842+0000] {processor.py:925} INFO - DAG(s) 'example_python_operator' retrieved from /home/vscode/.local/lib/python3.10/site-packages/airflow/example_dags/example_python_operator.py
[2025-01-19T03:57:25.855+0000] {logging_mixin.py:190} INFO - [2025-01-19T03:57:25.855+0000] {dag.py:3239} INFO - Sync 1 DAGs
[2025-01-19T03:57:25.864+0000] {logging_mixin.py:190} INFO - [2025-01-19T03:57:25.864+0000] {dag.py:4180} INFO - Setting next_dagrun for example_python_operator to None, run_after=None
[2025-01-19T03:57:25.879+0000] {processor.py:208} INFO - Processing /home/vscode/.local/lib/python3.10/site-packages/airflow/example_dags/example_python_operator.py took 0.053 seconds
[2025-01-19T03:58:40.134+0000] {processor.py:186} INFO - Started process (PID=21639) to work on /home/vscode/.local/lib/python3.10/site-packages/airflow/example_dags/example_python_operator.py
[2025-01-19T03:58:40.135+0000] {processor.py:914} INFO - Processing file /home/vscode/.local/lib/python3.10/site-packages/airflow/example_dags/example_python_operator.py for tasks to queue
[2025-01-19T03:58:40.136+0000] {logging_mixin.py:190} INFO - [2025-01-19T03:58:40.136+0000] {dagbag.py:588} INFO - Filling up the DagBag from /home/vscode/.local/lib/python3.10/site-packages/airflow/example_dags/example_python_operator.py
[2025-01-19T03:58:40.146+0000] {processor.py:925} INFO - DAG(s) 'example_python_operator' retrieved from /home/vscode/.local/lib/python3.10/site-packages/airflow/example_dags/example_python_operator.py
[2025-01-19T03:58:40.160+0000] {logging_mixin.py:190} INFO - [2025-01-19T03:58:40.160+0000] {dag.py:3239} INFO - Sync 1 DAGs
[2025-01-19T03:58:40.169+0000] {logging_mixin.py:190} INFO - [2025-01-19T03:58:40.169+0000] {dag.py:4180} INFO - Setting next_dagrun for example_python_operator to None, run_after=None
[2025-01-19T03:58:40.184+0000] {processor.py:208} INFO - Processing /home/vscode/.local/lib/python3.10/site-packages/airflow/example_dags/example_python_operator.py took 0.055 seconds
[2025-01-19T03:59:33.090+0000] {processor.py:186} INFO - Started process (PID=22000) to work on /home/vscode/.local/lib/python3.10/site-packages/airflow/example_dags/example_python_operator.py
[2025-01-19T03:59:33.091+0000] {processor.py:914} INFO - Processing file /home/vscode/.local/lib/python3.10/site-packages/airflow/example_dags/example_python_operator.py for tasks to queue
[2025-01-19T03:59:33.092+0000] {logging_mixin.py:190} INFO - [2025-01-19T03:59:33.092+0000] {dagbag.py:588} INFO - Filling up the DagBag from /home/vscode/.local/lib/python3.10/site-packages/airflow/example_dags/example_python_operator.py
[2025-01-19T03:59:33.102+0000] {processor.py:925} INFO - DAG(s) 'example_python_operator' retrieved from /home/vscode/.local/lib/python3.10/site-packages/airflow/example_dags/example_python_operator.py
[2025-01-19T03:59:33.116+0000] {logging_mixin.py:190} INFO - [2025-01-19T03:59:33.115+0000] {dag.py:3239} INFO - Sync 1 DAGs
[2025-01-19T03:59:33.125+0000] {logging_mixin.py:190} INFO - [2025-01-19T03:59:33.125+0000] {dag.py:4180} INFO - Setting next_dagrun for example_python_operator to None, run_after=None
[2025-01-19T03:59:33.139+0000] {processor.py:208} INFO - Processing /home/vscode/.local/lib/python3.10/site-packages/airflow/example_dags/example_python_operator.py took 0.054 seconds
[2025-01-19T04:00:50.189+0000] {processor.py:186} INFO - Started process (PID=22518) to work on /home/vscode/.local/lib/python3.10/site-packages/airflow/example_dags/example_python_operator.py
[2025-01-19T04:00:50.190+0000] {processor.py:914} INFO - Processing file /home/vscode/.local/lib/python3.10/site-packages/airflow/example_dags/example_python_operator.py for tasks to queue
[2025-01-19T04:00:50.191+0000] {logging_mixin.py:190} INFO - [2025-01-19T04:00:50.191+0000] {dagbag.py:588} INFO - Filling up the DagBag from /home/vscode/.local/lib/python3.10/site-packages/airflow/example_dags/example_python_operator.py
[2025-01-19T04:00:50.201+0000] {processor.py:925} INFO - DAG(s) 'example_python_operator' retrieved from /home/vscode/.local/lib/python3.10/site-packages/airflow/example_dags/example_python_operator.py
[2025-01-19T04:00:50.214+0000] {logging_mixin.py:190} INFO - [2025-01-19T04:00:50.214+0000] {dag.py:3239} INFO - Sync 1 DAGs
[2025-01-19T04:00:50.223+0000] {logging_mixin.py:190} INFO - [2025-01-19T04:00:50.223+0000] {dag.py:4180} INFO - Setting next_dagrun for example_python_operator to None, run_after=None
[2025-01-19T04:00:50.237+0000] {processor.py:208} INFO - Processing /home/vscode/.local/lib/python3.10/site-packages/airflow/example_dags/example_python_operator.py took 0.053 seconds
[2025-01-19T04:02:06.241+0000] {processor.py:186} INFO - Started process (PID=23037) to work on /home/vscode/.local/lib/python3.10/site-packages/airflow/example_dags/example_python_operator.py
[2025-01-19T04:02:06.242+0000] {processor.py:914} INFO - Processing file /home/vscode/.local/lib/python3.10/site-packages/airflow/example_dags/example_python_operator.py for tasks to queue
[2025-01-19T04:02:06.243+0000] {logging_mixin.py:190} INFO - [2025-01-19T04:02:06.243+0000] {dagbag.py:588} INFO - Filling up the DagBag from /home/vscode/.local/lib/python3.10/site-packages/airflow/example_dags/example_python_operator.py
[2025-01-19T04:02:06.253+0000] {processor.py:925} INFO - DAG(s) 'example_python_operator' retrieved from /home/vscode/.local/lib/python3.10/site-packages/airflow/example_dags/example_python_operator.py
[2025-01-19T04:02:06.268+0000] {logging_mixin.py:190} INFO - [2025-01-19T04:02:06.268+0000] {dag.py:3239} INFO - Sync 1 DAGs
[2025-01-19T04:02:06.282+0000] {logging_mixin.py:190} INFO - [2025-01-19T04:02:06.281+0000] {dag.py:4180} INFO - Setting next_dagrun for example_python_operator to None, run_after=None
[2025-01-19T04:02:06.304+0000] {processor.py:208} INFO - Processing /home/vscode/.local/lib/python3.10/site-packages/airflow/example_dags/example_python_operator.py took 0.067 seconds
