[2025-01-19T03:21:28.413+0000] {processor.py:186} INFO - Started process (PID=5410) to work on /home/vscode/.local/lib/python3.10/site-packages/airflow/example_dags/example_branch_datetime_operator.py
[2025-01-19T03:21:28.414+0000] {processor.py:914} INFO - Processing file /home/vscode/.local/lib/python3.10/site-packages/airflow/example_dags/example_branch_datetime_operator.py for tasks to queue
[2025-01-19T03:21:28.415+0000] {logging_mixin.py:190} INFO - [2025-01-19T03:21:28.415+0000] {dagbag.py:588} INFO - Filling up the DagBag from /home/vscode/.local/lib/python3.10/site-packages/airflow/example_dags/example_branch_datetime_operator.py
[2025-01-19T03:21:28.425+0000] {processor.py:925} INFO - DAG(s) 'example_branch_datetime_operator', 'example_branch_datetime_operator_3', 'example_branch_datetime_operator_2' retrieved from /home/vscode/.local/lib/python3.10/site-packages/airflow/example_dags/example_branch_datetime_operator.py
[2025-01-19T03:21:28.504+0000] {logging_mixin.py:190} INFO - [2025-01-19T03:21:28.504+0000] {override.py:1911} INFO - Created Permission View: can read on DAG:example_branch_datetime_operator
[2025-01-19T03:21:28.513+0000] {logging_mixin.py:190} INFO - [2025-01-19T03:21:28.512+0000] {override.py:1911} INFO - Created Permission View: can edit on DAG:example_branch_datetime_operator
[2025-01-19T03:21:28.519+0000] {logging_mixin.py:190} INFO - [2025-01-19T03:21:28.518+0000] {override.py:1911} INFO - Created Permission View: can delete on DAG:example_branch_datetime_operator
[2025-01-19T03:21:28.528+0000] {logging_mixin.py:190} INFO - [2025-01-19T03:21:28.527+0000] {override.py:1911} INFO - Created Permission View: menu access on DAG Run:example_branch_datetime_operator
[2025-01-19T03:21:28.533+0000] {logging_mixin.py:190} INFO - [2025-01-19T03:21:28.533+0000] {override.py:1911} INFO - Created Permission View: can read on DAG Run:example_branch_datetime_operator
[2025-01-19T03:21:28.539+0000] {logging_mixin.py:190} INFO - [2025-01-19T03:21:28.539+0000] {override.py:1911} INFO - Created Permission View: can create on DAG Run:example_branch_datetime_operator
[2025-01-19T03:21:28.545+0000] {logging_mixin.py:190} INFO - [2025-01-19T03:21:28.545+0000] {override.py:1911} INFO - Created Permission View: can delete on DAG Run:example_branch_datetime_operator
[2025-01-19T03:21:28.569+0000] {logging_mixin.py:190} INFO - [2025-01-19T03:21:28.569+0000] {override.py:1911} INFO - Created Permission View: can read on DAG:example_branch_datetime_operator_3
[2025-01-19T03:21:28.576+0000] {logging_mixin.py:190} INFO - [2025-01-19T03:21:28.576+0000] {override.py:1911} INFO - Created Permission View: can edit on DAG:example_branch_datetime_operator_3
[2025-01-19T03:21:28.583+0000] {logging_mixin.py:190} INFO - [2025-01-19T03:21:28.583+0000] {override.py:1911} INFO - Created Permission View: can delete on DAG:example_branch_datetime_operator_3
[2025-01-19T03:21:28.593+0000] {logging_mixin.py:190} INFO - [2025-01-19T03:21:28.593+0000] {override.py:1911} INFO - Created Permission View: menu access on DAG Run:example_branch_datetime_operator_3
[2025-01-19T03:21:28.600+0000] {logging_mixin.py:190} INFO - [2025-01-19T03:21:28.600+0000] {override.py:1911} INFO - Created Permission View: can read on DAG Run:example_branch_datetime_operator_3
[2025-01-19T03:21:28.607+0000] {logging_mixin.py:190} INFO - [2025-01-19T03:21:28.607+0000] {override.py:1911} INFO - Created Permission View: can create on DAG Run:example_branch_datetime_operator_3
[2025-01-19T03:21:28.614+0000] {logging_mixin.py:190} INFO - [2025-01-19T03:21:28.614+0000] {override.py:1911} INFO - Created Permission View: can delete on DAG Run:example_branch_datetime_operator_3
[2025-01-19T03:21:28.631+0000] {logging_mixin.py:190} INFO - [2025-01-19T03:21:28.630+0000] {override.py:1911} INFO - Created Permission View: can read on DAG:example_branch_datetime_operator_2
[2025-01-19T03:21:28.638+0000] {logging_mixin.py:190} INFO - [2025-01-19T03:21:28.637+0000] {override.py:1911} INFO - Created Permission View: can edit on DAG:example_branch_datetime_operator_2
[2025-01-19T03:21:28.645+0000] {logging_mixin.py:190} INFO - [2025-01-19T03:21:28.644+0000] {override.py:1911} INFO - Created Permission View: can delete on DAG:example_branch_datetime_operator_2
[2025-01-19T03:21:28.653+0000] {logging_mixin.py:190} INFO - [2025-01-19T03:21:28.653+0000] {override.py:1911} INFO - Created Permission View: menu access on DAG Run:example_branch_datetime_operator_2
[2025-01-19T03:21:28.659+0000] {logging_mixin.py:190} INFO - [2025-01-19T03:21:28.659+0000] {override.py:1911} INFO - Created Permission View: can read on DAG Run:example_branch_datetime_operator_2
[2025-01-19T03:21:28.664+0000] {logging_mixin.py:190} INFO - [2025-01-19T03:21:28.664+0000] {override.py:1911} INFO - Created Permission View: can create on DAG Run:example_branch_datetime_operator_2
[2025-01-19T03:21:28.670+0000] {logging_mixin.py:190} INFO - [2025-01-19T03:21:28.670+0000] {override.py:1911} INFO - Created Permission View: can delete on DAG Run:example_branch_datetime_operator_2
[2025-01-19T03:21:28.670+0000] {logging_mixin.py:190} INFO - [2025-01-19T03:21:28.670+0000] {dag.py:3239} INFO - Sync 3 DAGs
[2025-01-19T03:21:28.680+0000] {logging_mixin.py:190} INFO - [2025-01-19T03:21:28.680+0000] {dag.py:3262} INFO - Creating ORM DAG for example_branch_datetime_operator_2
[2025-01-19T03:21:28.681+0000] {logging_mixin.py:190} INFO - [2025-01-19T03:21:28.681+0000] {dag.py:3262} INFO - Creating ORM DAG for example_branch_datetime_operator
[2025-01-19T03:21:28.681+0000] {logging_mixin.py:190} INFO - [2025-01-19T03:21:28.681+0000] {dag.py:3262} INFO - Creating ORM DAG for example_branch_datetime_operator_3
[2025-01-19T03:21:28.688+0000] {logging_mixin.py:190} INFO - [2025-01-19T03:21:28.688+0000] {dag.py:4180} INFO - Setting next_dagrun for example_branch_datetime_operator to 2025-01-18 00:00:00+00:00, run_after=2025-01-19 00:00:00+00:00
[2025-01-19T03:21:28.689+0000] {logging_mixin.py:190} INFO - [2025-01-19T03:21:28.689+0000] {dag.py:4180} INFO - Setting next_dagrun for example_branch_datetime_operator_2 to 2025-01-18 00:00:00+00:00, run_after=2025-01-19 00:00:00+00:00
[2025-01-19T03:21:28.691+0000] {logging_mixin.py:190} INFO - [2025-01-19T03:21:28.691+0000] {dag.py:4180} INFO - Setting next_dagrun for example_branch_datetime_operator_3 to 2025-01-18 00:00:00+00:00, run_after=2025-01-19 00:00:00+00:00
[2025-01-19T03:21:28.706+0000] {processor.py:208} INFO - Processing /home/vscode/.local/lib/python3.10/site-packages/airflow/example_dags/example_branch_datetime_operator.py took 0.298 seconds
[2025-01-19T03:22:24.864+0000] {processor.py:186} INFO - Started process (PID=5808) to work on /home/vscode/.local/lib/python3.10/site-packages/airflow/example_dags/example_branch_datetime_operator.py
[2025-01-19T03:22:24.865+0000] {processor.py:914} INFO - Processing file /home/vscode/.local/lib/python3.10/site-packages/airflow/example_dags/example_branch_datetime_operator.py for tasks to queue
[2025-01-19T03:22:24.867+0000] {logging_mixin.py:190} INFO - [2025-01-19T03:22:24.866+0000] {dagbag.py:588} INFO - Filling up the DagBag from /home/vscode/.local/lib/python3.10/site-packages/airflow/example_dags/example_branch_datetime_operator.py
[2025-01-19T03:22:24.876+0000] {processor.py:925} INFO - DAG(s) 'example_branch_datetime_operator', 'example_branch_datetime_operator_2', 'example_branch_datetime_operator_3' retrieved from /home/vscode/.local/lib/python3.10/site-packages/airflow/example_dags/example_branch_datetime_operator.py
[2025-01-19T03:22:24.893+0000] {logging_mixin.py:190} INFO - [2025-01-19T03:22:24.893+0000] {dag.py:3239} INFO - Sync 3 DAGs
[2025-01-19T03:22:24.910+0000] {logging_mixin.py:190} INFO - [2025-01-19T03:22:24.910+0000] {dag.py:4180} INFO - Setting next_dagrun for example_branch_datetime_operator to 2025-01-18 00:00:00+00:00, run_after=2025-01-19 00:00:00+00:00
[2025-01-19T03:22:24.913+0000] {logging_mixin.py:190} INFO - [2025-01-19T03:22:24.913+0000] {dag.py:4180} INFO - Setting next_dagrun for example_branch_datetime_operator_2 to 2025-01-18 00:00:00+00:00, run_after=2025-01-19 00:00:00+00:00
[2025-01-19T03:22:24.915+0000] {logging_mixin.py:190} INFO - [2025-01-19T03:22:24.915+0000] {dag.py:4180} INFO - Setting next_dagrun for example_branch_datetime_operator_3 to 2025-01-18 00:00:00+00:00, run_after=2025-01-19 00:00:00+00:00
[2025-01-19T03:22:24.929+0000] {processor.py:208} INFO - Processing /home/vscode/.local/lib/python3.10/site-packages/airflow/example_dags/example_branch_datetime_operator.py took 0.069 seconds
[2025-01-19T03:23:37.250+0000] {processor.py:186} INFO - Started process (PID=6418) to work on /home/vscode/.local/lib/python3.10/site-packages/airflow/example_dags/example_branch_datetime_operator.py
[2025-01-19T03:23:37.251+0000] {processor.py:914} INFO - Processing file /home/vscode/.local/lib/python3.10/site-packages/airflow/example_dags/example_branch_datetime_operator.py for tasks to queue
[2025-01-19T03:23:37.252+0000] {logging_mixin.py:190} INFO - [2025-01-19T03:23:37.252+0000] {dagbag.py:588} INFO - Filling up the DagBag from /home/vscode/.local/lib/python3.10/site-packages/airflow/example_dags/example_branch_datetime_operator.py
[2025-01-19T03:23:37.262+0000] {processor.py:925} INFO - DAG(s) 'example_branch_datetime_operator', 'example_branch_datetime_operator_3', 'example_branch_datetime_operator_2' retrieved from /home/vscode/.local/lib/python3.10/site-packages/airflow/example_dags/example_branch_datetime_operator.py
[2025-01-19T03:23:37.278+0000] {logging_mixin.py:190} INFO - [2025-01-19T03:23:37.278+0000] {dag.py:3239} INFO - Sync 3 DAGs
[2025-01-19T03:23:37.294+0000] {logging_mixin.py:190} INFO - [2025-01-19T03:23:37.294+0000] {dag.py:4180} INFO - Setting next_dagrun for example_branch_datetime_operator to 2025-01-18 00:00:00+00:00, run_after=2025-01-19 00:00:00+00:00
[2025-01-19T03:23:37.297+0000] {logging_mixin.py:190} INFO - [2025-01-19T03:23:37.297+0000] {dag.py:4180} INFO - Setting next_dagrun for example_branch_datetime_operator_2 to 2025-01-18 00:00:00+00:00, run_after=2025-01-19 00:00:00+00:00
[2025-01-19T03:23:37.299+0000] {logging_mixin.py:190} INFO - [2025-01-19T03:23:37.299+0000] {dag.py:4180} INFO - Setting next_dagrun for example_branch_datetime_operator_3 to 2025-01-18 00:00:00+00:00, run_after=2025-01-19 00:00:00+00:00
[2025-01-19T03:23:37.313+0000] {processor.py:208} INFO - Processing /home/vscode/.local/lib/python3.10/site-packages/airflow/example_dags/example_branch_datetime_operator.py took 0.067 seconds
[2025-01-19T03:24:33.574+0000] {processor.py:186} INFO - Started process (PID=6857) to work on /home/vscode/.local/lib/python3.10/site-packages/airflow/example_dags/example_branch_datetime_operator.py
[2025-01-19T03:24:33.575+0000] {processor.py:914} INFO - Processing file /home/vscode/.local/lib/python3.10/site-packages/airflow/example_dags/example_branch_datetime_operator.py for tasks to queue
[2025-01-19T03:24:33.577+0000] {logging_mixin.py:190} INFO - [2025-01-19T03:24:33.576+0000] {dagbag.py:588} INFO - Filling up the DagBag from /home/vscode/.local/lib/python3.10/site-packages/airflow/example_dags/example_branch_datetime_operator.py
[2025-01-19T03:24:33.590+0000] {processor.py:925} INFO - DAG(s) 'example_branch_datetime_operator_3', 'example_branch_datetime_operator', 'example_branch_datetime_operator_2' retrieved from /home/vscode/.local/lib/python3.10/site-packages/airflow/example_dags/example_branch_datetime_operator.py
[2025-01-19T03:24:33.615+0000] {logging_mixin.py:190} INFO - [2025-01-19T03:24:33.614+0000] {dag.py:3239} INFO - Sync 3 DAGs
[2025-01-19T03:24:33.639+0000] {logging_mixin.py:190} INFO - [2025-01-19T03:24:33.639+0000] {dag.py:4180} INFO - Setting next_dagrun for example_branch_datetime_operator to 2025-01-18 00:00:00+00:00, run_after=2025-01-19 00:00:00+00:00
[2025-01-19T03:24:33.644+0000] {logging_mixin.py:190} INFO - [2025-01-19T03:24:33.644+0000] {dag.py:4180} INFO - Setting next_dagrun for example_branch_datetime_operator_2 to 2025-01-18 00:00:00+00:00, run_after=2025-01-19 00:00:00+00:00
[2025-01-19T03:24:33.647+0000] {logging_mixin.py:190} INFO - [2025-01-19T03:24:33.646+0000] {dag.py:4180} INFO - Setting next_dagrun for example_branch_datetime_operator_3 to 2025-01-18 00:00:00+00:00, run_after=2025-01-19 00:00:00+00:00
[2025-01-19T03:24:33.663+0000] {processor.py:208} INFO - Processing /home/vscode/.local/lib/python3.10/site-packages/airflow/example_dags/example_branch_datetime_operator.py took 0.094 seconds
[2025-01-19T03:25:47.820+0000] {processor.py:186} INFO - Started process (PID=7456) to work on /home/vscode/.local/lib/python3.10/site-packages/airflow/example_dags/example_branch_datetime_operator.py
[2025-01-19T03:25:47.820+0000] {processor.py:914} INFO - Processing file /home/vscode/.local/lib/python3.10/site-packages/airflow/example_dags/example_branch_datetime_operator.py for tasks to queue
[2025-01-19T03:25:47.822+0000] {logging_mixin.py:190} INFO - [2025-01-19T03:25:47.822+0000] {dagbag.py:588} INFO - Filling up the DagBag from /home/vscode/.local/lib/python3.10/site-packages/airflow/example_dags/example_branch_datetime_operator.py
[2025-01-19T03:25:47.832+0000] {processor.py:925} INFO - DAG(s) 'example_branch_datetime_operator_3', 'example_branch_datetime_operator', 'example_branch_datetime_operator_2' retrieved from /home/vscode/.local/lib/python3.10/site-packages/airflow/example_dags/example_branch_datetime_operator.py
[2025-01-19T03:25:47.848+0000] {logging_mixin.py:190} INFO - [2025-01-19T03:25:47.848+0000] {dag.py:3239} INFO - Sync 3 DAGs
[2025-01-19T03:25:47.865+0000] {logging_mixin.py:190} INFO - [2025-01-19T03:25:47.865+0000] {dag.py:4180} INFO - Setting next_dagrun for example_branch_datetime_operator to 2025-01-18 00:00:00+00:00, run_after=2025-01-19 00:00:00+00:00
[2025-01-19T03:25:47.868+0000] {logging_mixin.py:190} INFO - [2025-01-19T03:25:47.868+0000] {dag.py:4180} INFO - Setting next_dagrun for example_branch_datetime_operator_2 to 2025-01-18 00:00:00+00:00, run_after=2025-01-19 00:00:00+00:00
[2025-01-19T03:25:47.870+0000] {logging_mixin.py:190} INFO - [2025-01-19T03:25:47.870+0000] {dag.py:4180} INFO - Setting next_dagrun for example_branch_datetime_operator_3 to 2025-01-18 00:00:00+00:00, run_after=2025-01-19 00:00:00+00:00
[2025-01-19T03:25:47.886+0000] {processor.py:208} INFO - Processing /home/vscode/.local/lib/python3.10/site-packages/airflow/example_dags/example_branch_datetime_operator.py took 0.070 seconds
[2025-01-19T03:26:44.339+0000] {processor.py:186} INFO - Started process (PID=7879) to work on /home/vscode/.local/lib/python3.10/site-packages/airflow/example_dags/example_branch_datetime_operator.py
[2025-01-19T03:26:44.340+0000] {processor.py:914} INFO - Processing file /home/vscode/.local/lib/python3.10/site-packages/airflow/example_dags/example_branch_datetime_operator.py for tasks to queue
[2025-01-19T03:26:44.341+0000] {logging_mixin.py:190} INFO - [2025-01-19T03:26:44.341+0000] {dagbag.py:588} INFO - Filling up the DagBag from /home/vscode/.local/lib/python3.10/site-packages/airflow/example_dags/example_branch_datetime_operator.py
[2025-01-19T03:26:44.351+0000] {processor.py:925} INFO - DAG(s) 'example_branch_datetime_operator_2', 'example_branch_datetime_operator', 'example_branch_datetime_operator_3' retrieved from /home/vscode/.local/lib/python3.10/site-packages/airflow/example_dags/example_branch_datetime_operator.py
[2025-01-19T03:26:44.367+0000] {logging_mixin.py:190} INFO - [2025-01-19T03:26:44.366+0000] {dag.py:3239} INFO - Sync 3 DAGs
[2025-01-19T03:26:44.383+0000] {logging_mixin.py:190} INFO - [2025-01-19T03:26:44.383+0000] {dag.py:4180} INFO - Setting next_dagrun for example_branch_datetime_operator to 2025-01-18 00:00:00+00:00, run_after=2025-01-19 00:00:00+00:00
[2025-01-19T03:26:44.387+0000] {logging_mixin.py:190} INFO - [2025-01-19T03:26:44.386+0000] {dag.py:4180} INFO - Setting next_dagrun for example_branch_datetime_operator_2 to 2025-01-18 00:00:00+00:00, run_after=2025-01-19 00:00:00+00:00
[2025-01-19T03:26:44.388+0000] {logging_mixin.py:190} INFO - [2025-01-19T03:26:44.388+0000] {dag.py:4180} INFO - Setting next_dagrun for example_branch_datetime_operator_3 to 2025-01-18 00:00:00+00:00, run_after=2025-01-19 00:00:00+00:00
[2025-01-19T03:26:44.401+0000] {processor.py:208} INFO - Processing /home/vscode/.local/lib/python3.10/site-packages/airflow/example_dags/example_branch_datetime_operator.py took 0.067 seconds
[2025-01-19T03:28:03.241+0000] {processor.py:186} INFO - Started process (PID=8541) to work on /home/vscode/.local/lib/python3.10/site-packages/airflow/example_dags/example_branch_datetime_operator.py
[2025-01-19T03:28:03.242+0000] {processor.py:914} INFO - Processing file /home/vscode/.local/lib/python3.10/site-packages/airflow/example_dags/example_branch_datetime_operator.py for tasks to queue
[2025-01-19T03:28:03.243+0000] {logging_mixin.py:190} INFO - [2025-01-19T03:28:03.243+0000] {dagbag.py:588} INFO - Filling up the DagBag from /home/vscode/.local/lib/python3.10/site-packages/airflow/example_dags/example_branch_datetime_operator.py
[2025-01-19T03:28:03.253+0000] {processor.py:925} INFO - DAG(s) 'example_branch_datetime_operator_3', 'example_branch_datetime_operator_2', 'example_branch_datetime_operator' retrieved from /home/vscode/.local/lib/python3.10/site-packages/airflow/example_dags/example_branch_datetime_operator.py
[2025-01-19T03:28:03.269+0000] {logging_mixin.py:190} INFO - [2025-01-19T03:28:03.269+0000] {dag.py:3239} INFO - Sync 3 DAGs
[2025-01-19T03:28:03.286+0000] {logging_mixin.py:190} INFO - [2025-01-19T03:28:03.285+0000] {dag.py:4180} INFO - Setting next_dagrun for example_branch_datetime_operator to 2025-01-18 00:00:00+00:00, run_after=2025-01-19 00:00:00+00:00
[2025-01-19T03:28:03.289+0000] {logging_mixin.py:190} INFO - [2025-01-19T03:28:03.289+0000] {dag.py:4180} INFO - Setting next_dagrun for example_branch_datetime_operator_2 to 2025-01-18 00:00:00+00:00, run_after=2025-01-19 00:00:00+00:00
[2025-01-19T03:28:03.291+0000] {logging_mixin.py:190} INFO - [2025-01-19T03:28:03.291+0000] {dag.py:4180} INFO - Setting next_dagrun for example_branch_datetime_operator_3 to 2025-01-18 00:00:00+00:00, run_after=2025-01-19 00:00:00+00:00
[2025-01-19T03:28:03.304+0000] {processor.py:208} INFO - Processing /home/vscode/.local/lib/python3.10/site-packages/airflow/example_dags/example_branch_datetime_operator.py took 0.068 seconds
[2025-01-19T03:29:22.347+0000] {processor.py:186} INFO - Started process (PID=9169) to work on /home/vscode/.local/lib/python3.10/site-packages/airflow/example_dags/example_branch_datetime_operator.py
[2025-01-19T03:29:22.348+0000] {processor.py:914} INFO - Processing file /home/vscode/.local/lib/python3.10/site-packages/airflow/example_dags/example_branch_datetime_operator.py for tasks to queue
[2025-01-19T03:29:22.349+0000] {logging_mixin.py:190} INFO - [2025-01-19T03:29:22.349+0000] {dagbag.py:588} INFO - Filling up the DagBag from /home/vscode/.local/lib/python3.10/site-packages/airflow/example_dags/example_branch_datetime_operator.py
[2025-01-19T03:29:22.364+0000] {processor.py:925} INFO - DAG(s) 'example_branch_datetime_operator_3', 'example_branch_datetime_operator_2', 'example_branch_datetime_operator' retrieved from /home/vscode/.local/lib/python3.10/site-packages/airflow/example_dags/example_branch_datetime_operator.py
[2025-01-19T03:29:22.386+0000] {logging_mixin.py:190} INFO - [2025-01-19T03:29:22.386+0000] {dag.py:3239} INFO - Sync 3 DAGs
[2025-01-19T03:29:22.403+0000] {logging_mixin.py:190} INFO - [2025-01-19T03:29:22.403+0000] {dag.py:4180} INFO - Setting next_dagrun for example_branch_datetime_operator to 2025-01-18 00:00:00+00:00, run_after=2025-01-19 00:00:00+00:00
[2025-01-19T03:29:22.406+0000] {logging_mixin.py:190} INFO - [2025-01-19T03:29:22.406+0000] {dag.py:4180} INFO - Setting next_dagrun for example_branch_datetime_operator_2 to 2025-01-18 00:00:00+00:00, run_after=2025-01-19 00:00:00+00:00
[2025-01-19T03:29:22.408+0000] {logging_mixin.py:190} INFO - [2025-01-19T03:29:22.408+0000] {dag.py:4180} INFO - Setting next_dagrun for example_branch_datetime_operator_3 to 2025-01-18 00:00:00+00:00, run_after=2025-01-19 00:00:00+00:00
[2025-01-19T03:29:22.420+0000] {processor.py:208} INFO - Processing /home/vscode/.local/lib/python3.10/site-packages/airflow/example_dags/example_branch_datetime_operator.py took 0.078 seconds
[2025-01-19T03:30:36.070+0000] {processor.py:186} INFO - Started process (PID=9665) to work on /home/vscode/.local/lib/python3.10/site-packages/airflow/example_dags/example_branch_datetime_operator.py
[2025-01-19T03:30:36.070+0000] {processor.py:914} INFO - Processing file /home/vscode/.local/lib/python3.10/site-packages/airflow/example_dags/example_branch_datetime_operator.py for tasks to queue
[2025-01-19T03:30:36.072+0000] {logging_mixin.py:190} INFO - [2025-01-19T03:30:36.072+0000] {dagbag.py:588} INFO - Filling up the DagBag from /home/vscode/.local/lib/python3.10/site-packages/airflow/example_dags/example_branch_datetime_operator.py
[2025-01-19T03:30:36.082+0000] {processor.py:925} INFO - DAG(s) 'example_branch_datetime_operator_3', 'example_branch_datetime_operator', 'example_branch_datetime_operator_2' retrieved from /home/vscode/.local/lib/python3.10/site-packages/airflow/example_dags/example_branch_datetime_operator.py
[2025-01-19T03:30:36.098+0000] {logging_mixin.py:190} INFO - [2025-01-19T03:30:36.097+0000] {dag.py:3239} INFO - Sync 3 DAGs
[2025-01-19T03:30:36.114+0000] {logging_mixin.py:190} INFO - [2025-01-19T03:30:36.114+0000] {dag.py:4180} INFO - Setting next_dagrun for example_branch_datetime_operator to 2025-01-18 00:00:00+00:00, run_after=2025-01-19 00:00:00+00:00
[2025-01-19T03:30:36.117+0000] {logging_mixin.py:190} INFO - [2025-01-19T03:30:36.117+0000] {dag.py:4180} INFO - Setting next_dagrun for example_branch_datetime_operator_2 to 2025-01-18 00:00:00+00:00, run_after=2025-01-19 00:00:00+00:00
[2025-01-19T03:30:36.119+0000] {logging_mixin.py:190} INFO - [2025-01-19T03:30:36.119+0000] {dag.py:4180} INFO - Setting next_dagrun for example_branch_datetime_operator_3 to 2025-01-18 00:00:00+00:00, run_after=2025-01-19 00:00:00+00:00
[2025-01-19T03:30:36.132+0000] {processor.py:208} INFO - Processing /home/vscode/.local/lib/python3.10/site-packages/airflow/example_dags/example_branch_datetime_operator.py took 0.067 seconds
[2025-01-19T03:31:48.340+0000] {processor.py:186} INFO - Started process (PID=10154) to work on /home/vscode/.local/lib/python3.10/site-packages/airflow/example_dags/example_branch_datetime_operator.py
[2025-01-19T03:31:48.341+0000] {processor.py:914} INFO - Processing file /home/vscode/.local/lib/python3.10/site-packages/airflow/example_dags/example_branch_datetime_operator.py for tasks to queue
[2025-01-19T03:31:48.343+0000] {logging_mixin.py:190} INFO - [2025-01-19T03:31:48.343+0000] {dagbag.py:588} INFO - Filling up the DagBag from /home/vscode/.local/lib/python3.10/site-packages/airflow/example_dags/example_branch_datetime_operator.py
[2025-01-19T03:31:48.358+0000] {processor.py:925} INFO - DAG(s) 'example_branch_datetime_operator_2', 'example_branch_datetime_operator', 'example_branch_datetime_operator_3' retrieved from /home/vscode/.local/lib/python3.10/site-packages/airflow/example_dags/example_branch_datetime_operator.py
[2025-01-19T03:31:48.384+0000] {logging_mixin.py:190} INFO - [2025-01-19T03:31:48.383+0000] {dag.py:3239} INFO - Sync 3 DAGs
[2025-01-19T03:31:48.402+0000] {logging_mixin.py:190} INFO - [2025-01-19T03:31:48.402+0000] {dag.py:4180} INFO - Setting next_dagrun for example_branch_datetime_operator to 2025-01-18 00:00:00+00:00, run_after=2025-01-19 00:00:00+00:00
[2025-01-19T03:31:48.406+0000] {logging_mixin.py:190} INFO - [2025-01-19T03:31:48.406+0000] {dag.py:4180} INFO - Setting next_dagrun for example_branch_datetime_operator_2 to 2025-01-18 00:00:00+00:00, run_after=2025-01-19 00:00:00+00:00
[2025-01-19T03:31:48.408+0000] {logging_mixin.py:190} INFO - [2025-01-19T03:31:48.408+0000] {dag.py:4180} INFO - Setting next_dagrun for example_branch_datetime_operator_3 to 2025-01-18 00:00:00+00:00, run_after=2025-01-19 00:00:00+00:00
[2025-01-19T03:31:48.421+0000] {processor.py:208} INFO - Processing /home/vscode/.local/lib/python3.10/site-packages/airflow/example_dags/example_branch_datetime_operator.py took 0.087 seconds
[2025-01-19T03:33:04.127+0000] {processor.py:186} INFO - Started process (PID=10805) to work on /home/vscode/.local/lib/python3.10/site-packages/airflow/example_dags/example_branch_datetime_operator.py
[2025-01-19T03:33:04.127+0000] {processor.py:914} INFO - Processing file /home/vscode/.local/lib/python3.10/site-packages/airflow/example_dags/example_branch_datetime_operator.py for tasks to queue
[2025-01-19T03:33:04.129+0000] {logging_mixin.py:190} INFO - [2025-01-19T03:33:04.129+0000] {dagbag.py:588} INFO - Filling up the DagBag from /home/vscode/.local/lib/python3.10/site-packages/airflow/example_dags/example_branch_datetime_operator.py
[2025-01-19T03:33:04.138+0000] {processor.py:925} INFO - DAG(s) 'example_branch_datetime_operator', 'example_branch_datetime_operator_3', 'example_branch_datetime_operator_2' retrieved from /home/vscode/.local/lib/python3.10/site-packages/airflow/example_dags/example_branch_datetime_operator.py
[2025-01-19T03:33:04.154+0000] {logging_mixin.py:190} INFO - [2025-01-19T03:33:04.154+0000] {dag.py:3239} INFO - Sync 3 DAGs
[2025-01-19T03:33:04.170+0000] {logging_mixin.py:190} INFO - [2025-01-19T03:33:04.170+0000] {dag.py:4180} INFO - Setting next_dagrun for example_branch_datetime_operator to 2025-01-18 00:00:00+00:00, run_after=2025-01-19 00:00:00+00:00
[2025-01-19T03:33:04.173+0000] {logging_mixin.py:190} INFO - [2025-01-19T03:33:04.173+0000] {dag.py:4180} INFO - Setting next_dagrun for example_branch_datetime_operator_2 to 2025-01-18 00:00:00+00:00, run_after=2025-01-19 00:00:00+00:00
[2025-01-19T03:33:04.175+0000] {logging_mixin.py:190} INFO - [2025-01-19T03:33:04.175+0000] {dag.py:4180} INFO - Setting next_dagrun for example_branch_datetime_operator_3 to 2025-01-18 00:00:00+00:00, run_after=2025-01-19 00:00:00+00:00
[2025-01-19T03:33:04.187+0000] {processor.py:208} INFO - Processing /home/vscode/.local/lib/python3.10/site-packages/airflow/example_dags/example_branch_datetime_operator.py took 0.067 seconds
[2025-01-19T03:34:20.913+0000] {processor.py:186} INFO - Started process (PID=11329) to work on /home/vscode/.local/lib/python3.10/site-packages/airflow/example_dags/example_branch_datetime_operator.py
[2025-01-19T03:34:20.914+0000] {processor.py:914} INFO - Processing file /home/vscode/.local/lib/python3.10/site-packages/airflow/example_dags/example_branch_datetime_operator.py for tasks to queue
[2025-01-19T03:34:20.915+0000] {logging_mixin.py:190} INFO - [2025-01-19T03:34:20.915+0000] {dagbag.py:588} INFO - Filling up the DagBag from /home/vscode/.local/lib/python3.10/site-packages/airflow/example_dags/example_branch_datetime_operator.py
[2025-01-19T03:34:20.925+0000] {processor.py:925} INFO - DAG(s) 'example_branch_datetime_operator', 'example_branch_datetime_operator_2', 'example_branch_datetime_operator_3' retrieved from /home/vscode/.local/lib/python3.10/site-packages/airflow/example_dags/example_branch_datetime_operator.py
[2025-01-19T03:34:20.940+0000] {logging_mixin.py:190} INFO - [2025-01-19T03:34:20.940+0000] {dag.py:3239} INFO - Sync 3 DAGs
[2025-01-19T03:34:20.956+0000] {logging_mixin.py:190} INFO - [2025-01-19T03:34:20.956+0000] {dag.py:4180} INFO - Setting next_dagrun for example_branch_datetime_operator to 2025-01-18 00:00:00+00:00, run_after=2025-01-19 00:00:00+00:00
[2025-01-19T03:34:20.959+0000] {logging_mixin.py:190} INFO - [2025-01-19T03:34:20.959+0000] {dag.py:4180} INFO - Setting next_dagrun for example_branch_datetime_operator_2 to 2025-01-18 00:00:00+00:00, run_after=2025-01-19 00:00:00+00:00
[2025-01-19T03:34:20.961+0000] {logging_mixin.py:190} INFO - [2025-01-19T03:34:20.961+0000] {dag.py:4180} INFO - Setting next_dagrun for example_branch_datetime_operator_3 to 2025-01-18 00:00:00+00:00, run_after=2025-01-19 00:00:00+00:00
[2025-01-19T03:34:20.974+0000] {processor.py:208} INFO - Processing /home/vscode/.local/lib/python3.10/site-packages/airflow/example_dags/example_branch_datetime_operator.py took 0.065 seconds
[2025-01-19T03:35:34.967+0000] {processor.py:186} INFO - Started process (PID=11935) to work on /home/vscode/.local/lib/python3.10/site-packages/airflow/example_dags/example_branch_datetime_operator.py
[2025-01-19T03:35:34.969+0000] {processor.py:914} INFO - Processing file /home/vscode/.local/lib/python3.10/site-packages/airflow/example_dags/example_branch_datetime_operator.py for tasks to queue
[2025-01-19T03:35:34.971+0000] {logging_mixin.py:190} INFO - [2025-01-19T03:35:34.970+0000] {dagbag.py:588} INFO - Filling up the DagBag from /home/vscode/.local/lib/python3.10/site-packages/airflow/example_dags/example_branch_datetime_operator.py
[2025-01-19T03:35:34.985+0000] {processor.py:925} INFO - DAG(s) 'example_branch_datetime_operator_3', 'example_branch_datetime_operator_2', 'example_branch_datetime_operator' retrieved from /home/vscode/.local/lib/python3.10/site-packages/airflow/example_dags/example_branch_datetime_operator.py
[2025-01-19T03:35:35.008+0000] {logging_mixin.py:190} INFO - [2025-01-19T03:35:35.008+0000] {dag.py:3239} INFO - Sync 3 DAGs
[2025-01-19T03:35:35.029+0000] {logging_mixin.py:190} INFO - [2025-01-19T03:35:35.029+0000] {dag.py:4180} INFO - Setting next_dagrun for example_branch_datetime_operator to 2025-01-18 00:00:00+00:00, run_after=2025-01-19 00:00:00+00:00
[2025-01-19T03:35:35.033+0000] {logging_mixin.py:190} INFO - [2025-01-19T03:35:35.032+0000] {dag.py:4180} INFO - Setting next_dagrun for example_branch_datetime_operator_2 to 2025-01-18 00:00:00+00:00, run_after=2025-01-19 00:00:00+00:00
[2025-01-19T03:35:35.034+0000] {logging_mixin.py:190} INFO - [2025-01-19T03:35:35.034+0000] {dag.py:4180} INFO - Setting next_dagrun for example_branch_datetime_operator_3 to 2025-01-18 00:00:00+00:00, run_after=2025-01-19 00:00:00+00:00
[2025-01-19T03:35:35.048+0000] {processor.py:208} INFO - Processing /home/vscode/.local/lib/python3.10/site-packages/airflow/example_dags/example_branch_datetime_operator.py took 0.087 seconds
[2025-01-19T03:36:48.672+0000] {processor.py:186} INFO - Started process (PID=12470) to work on /home/vscode/.local/lib/python3.10/site-packages/airflow/example_dags/example_branch_datetime_operator.py
[2025-01-19T03:36:48.673+0000] {processor.py:914} INFO - Processing file /home/vscode/.local/lib/python3.10/site-packages/airflow/example_dags/example_branch_datetime_operator.py for tasks to queue
[2025-01-19T03:36:48.674+0000] {logging_mixin.py:190} INFO - [2025-01-19T03:36:48.674+0000] {dagbag.py:588} INFO - Filling up the DagBag from /home/vscode/.local/lib/python3.10/site-packages/airflow/example_dags/example_branch_datetime_operator.py
[2025-01-19T03:36:48.684+0000] {processor.py:925} INFO - DAG(s) 'example_branch_datetime_operator_3', 'example_branch_datetime_operator', 'example_branch_datetime_operator_2' retrieved from /home/vscode/.local/lib/python3.10/site-packages/airflow/example_dags/example_branch_datetime_operator.py
[2025-01-19T03:36:48.699+0000] {logging_mixin.py:190} INFO - [2025-01-19T03:36:48.699+0000] {dag.py:3239} INFO - Sync 3 DAGs
[2025-01-19T03:36:48.716+0000] {logging_mixin.py:190} INFO - [2025-01-19T03:36:48.715+0000] {dag.py:4180} INFO - Setting next_dagrun for example_branch_datetime_operator to 2025-01-18 00:00:00+00:00, run_after=2025-01-19 00:00:00+00:00
[2025-01-19T03:36:48.719+0000] {logging_mixin.py:190} INFO - [2025-01-19T03:36:48.719+0000] {dag.py:4180} INFO - Setting next_dagrun for example_branch_datetime_operator_2 to 2025-01-18 00:00:00+00:00, run_after=2025-01-19 00:00:00+00:00
[2025-01-19T03:36:48.721+0000] {logging_mixin.py:190} INFO - [2025-01-19T03:36:48.721+0000] {dag.py:4180} INFO - Setting next_dagrun for example_branch_datetime_operator_3 to 2025-01-18 00:00:00+00:00, run_after=2025-01-19 00:00:00+00:00
[2025-01-19T03:36:48.734+0000] {processor.py:208} INFO - Processing /home/vscode/.local/lib/python3.10/site-packages/airflow/example_dags/example_branch_datetime_operator.py took 0.067 seconds
[2025-01-19T03:38:06.901+0000] {processor.py:186} INFO - Started process (PID=12999) to work on /home/vscode/.local/lib/python3.10/site-packages/airflow/example_dags/example_branch_datetime_operator.py
[2025-01-19T03:38:06.902+0000] {processor.py:914} INFO - Processing file /home/vscode/.local/lib/python3.10/site-packages/airflow/example_dags/example_branch_datetime_operator.py for tasks to queue
[2025-01-19T03:38:06.903+0000] {logging_mixin.py:190} INFO - [2025-01-19T03:38:06.903+0000] {dagbag.py:588} INFO - Filling up the DagBag from /home/vscode/.local/lib/python3.10/site-packages/airflow/example_dags/example_branch_datetime_operator.py
[2025-01-19T03:38:06.913+0000] {processor.py:925} INFO - DAG(s) 'example_branch_datetime_operator_2', 'example_branch_datetime_operator_3', 'example_branch_datetime_operator' retrieved from /home/vscode/.local/lib/python3.10/site-packages/airflow/example_dags/example_branch_datetime_operator.py
[2025-01-19T03:38:06.928+0000] {logging_mixin.py:190} INFO - [2025-01-19T03:38:06.928+0000] {dag.py:3239} INFO - Sync 3 DAGs
[2025-01-19T03:38:06.944+0000] {logging_mixin.py:190} INFO - [2025-01-19T03:38:06.944+0000] {dag.py:4180} INFO - Setting next_dagrun for example_branch_datetime_operator to 2025-01-18 00:00:00+00:00, run_after=2025-01-19 00:00:00+00:00
[2025-01-19T03:38:06.948+0000] {logging_mixin.py:190} INFO - [2025-01-19T03:38:06.948+0000] {dag.py:4180} INFO - Setting next_dagrun for example_branch_datetime_operator_2 to 2025-01-18 00:00:00+00:00, run_after=2025-01-19 00:00:00+00:00
[2025-01-19T03:38:06.950+0000] {logging_mixin.py:190} INFO - [2025-01-19T03:38:06.950+0000] {dag.py:4180} INFO - Setting next_dagrun for example_branch_datetime_operator_3 to 2025-01-18 00:00:00+00:00, run_after=2025-01-19 00:00:00+00:00
[2025-01-19T03:38:06.962+0000] {processor.py:208} INFO - Processing /home/vscode/.local/lib/python3.10/site-packages/airflow/example_dags/example_branch_datetime_operator.py took 0.066 seconds
[2025-01-19T03:39:19.179+0000] {processor.py:186} INFO - Started process (PID=13480) to work on /home/vscode/.local/lib/python3.10/site-packages/airflow/example_dags/example_branch_datetime_operator.py
[2025-01-19T03:39:19.180+0000] {processor.py:914} INFO - Processing file /home/vscode/.local/lib/python3.10/site-packages/airflow/example_dags/example_branch_datetime_operator.py for tasks to queue
[2025-01-19T03:39:19.181+0000] {logging_mixin.py:190} INFO - [2025-01-19T03:39:19.181+0000] {dagbag.py:588} INFO - Filling up the DagBag from /home/vscode/.local/lib/python3.10/site-packages/airflow/example_dags/example_branch_datetime_operator.py
[2025-01-19T03:39:19.191+0000] {processor.py:925} INFO - DAG(s) 'example_branch_datetime_operator_2', 'example_branch_datetime_operator', 'example_branch_datetime_operator_3' retrieved from /home/vscode/.local/lib/python3.10/site-packages/airflow/example_dags/example_branch_datetime_operator.py
[2025-01-19T03:39:19.206+0000] {logging_mixin.py:190} INFO - [2025-01-19T03:39:19.206+0000] {dag.py:3239} INFO - Sync 3 DAGs
[2025-01-19T03:39:19.223+0000] {logging_mixin.py:190} INFO - [2025-01-19T03:39:19.222+0000] {dag.py:4180} INFO - Setting next_dagrun for example_branch_datetime_operator to 2025-01-18 00:00:00+00:00, run_after=2025-01-19 00:00:00+00:00
[2025-01-19T03:39:19.226+0000] {logging_mixin.py:190} INFO - [2025-01-19T03:39:19.226+0000] {dag.py:4180} INFO - Setting next_dagrun for example_branch_datetime_operator_2 to 2025-01-18 00:00:00+00:00, run_after=2025-01-19 00:00:00+00:00
[2025-01-19T03:39:19.228+0000] {logging_mixin.py:190} INFO - [2025-01-19T03:39:19.228+0000] {dag.py:4180} INFO - Setting next_dagrun for example_branch_datetime_operator_3 to 2025-01-18 00:00:00+00:00, run_after=2025-01-19 00:00:00+00:00
[2025-01-19T03:39:19.241+0000] {processor.py:208} INFO - Processing /home/vscode/.local/lib/python3.10/site-packages/airflow/example_dags/example_branch_datetime_operator.py took 0.066 seconds
[2025-01-19T03:40:37.224+0000] {processor.py:186} INFO - Started process (PID=14021) to work on /home/vscode/.local/lib/python3.10/site-packages/airflow/example_dags/example_branch_datetime_operator.py
[2025-01-19T03:40:37.225+0000] {processor.py:914} INFO - Processing file /home/vscode/.local/lib/python3.10/site-packages/airflow/example_dags/example_branch_datetime_operator.py for tasks to queue
[2025-01-19T03:40:37.227+0000] {logging_mixin.py:190} INFO - [2025-01-19T03:40:37.226+0000] {dagbag.py:588} INFO - Filling up the DagBag from /home/vscode/.local/lib/python3.10/site-packages/airflow/example_dags/example_branch_datetime_operator.py
[2025-01-19T03:40:37.236+0000] {processor.py:925} INFO - DAG(s) 'example_branch_datetime_operator', 'example_branch_datetime_operator_3', 'example_branch_datetime_operator_2' retrieved from /home/vscode/.local/lib/python3.10/site-packages/airflow/example_dags/example_branch_datetime_operator.py
[2025-01-19T03:40:37.252+0000] {logging_mixin.py:190} INFO - [2025-01-19T03:40:37.252+0000] {dag.py:3239} INFO - Sync 3 DAGs
[2025-01-19T03:40:37.275+0000] {logging_mixin.py:190} INFO - [2025-01-19T03:40:37.275+0000] {dag.py:4180} INFO - Setting next_dagrun for example_branch_datetime_operator to 2025-01-18 00:00:00+00:00, run_after=2025-01-19 00:00:00+00:00
[2025-01-19T03:40:37.279+0000] {logging_mixin.py:190} INFO - [2025-01-19T03:40:37.279+0000] {dag.py:4180} INFO - Setting next_dagrun for example_branch_datetime_operator_2 to 2025-01-18 00:00:00+00:00, run_after=2025-01-19 00:00:00+00:00
[2025-01-19T03:40:37.281+0000] {logging_mixin.py:190} INFO - [2025-01-19T03:40:37.280+0000] {dag.py:4180} INFO - Setting next_dagrun for example_branch_datetime_operator_3 to 2025-01-18 00:00:00+00:00, run_after=2025-01-19 00:00:00+00:00
[2025-01-19T03:40:37.294+0000] {processor.py:208} INFO - Processing /home/vscode/.local/lib/python3.10/site-packages/airflow/example_dags/example_branch_datetime_operator.py took 0.074 seconds
[2025-01-19T03:41:52.252+0000] {processor.py:186} INFO - Started process (PID=14527) to work on /home/vscode/.local/lib/python3.10/site-packages/airflow/example_dags/example_branch_datetime_operator.py
[2025-01-19T03:41:52.252+0000] {processor.py:914} INFO - Processing file /home/vscode/.local/lib/python3.10/site-packages/airflow/example_dags/example_branch_datetime_operator.py for tasks to queue
[2025-01-19T03:41:52.254+0000] {logging_mixin.py:190} INFO - [2025-01-19T03:41:52.254+0000] {dagbag.py:588} INFO - Filling up the DagBag from /home/vscode/.local/lib/python3.10/site-packages/airflow/example_dags/example_branch_datetime_operator.py
[2025-01-19T03:41:52.263+0000] {processor.py:925} INFO - DAG(s) 'example_branch_datetime_operator_2', 'example_branch_datetime_operator_3', 'example_branch_datetime_operator' retrieved from /home/vscode/.local/lib/python3.10/site-packages/airflow/example_dags/example_branch_datetime_operator.py
[2025-01-19T03:41:52.279+0000] {logging_mixin.py:190} INFO - [2025-01-19T03:41:52.279+0000] {dag.py:3239} INFO - Sync 3 DAGs
[2025-01-19T03:41:52.295+0000] {logging_mixin.py:190} INFO - [2025-01-19T03:41:52.295+0000] {dag.py:4180} INFO - Setting next_dagrun for example_branch_datetime_operator to 2025-01-18 00:00:00+00:00, run_after=2025-01-19 00:00:00+00:00
[2025-01-19T03:41:52.299+0000] {logging_mixin.py:190} INFO - [2025-01-19T03:41:52.298+0000] {dag.py:4180} INFO - Setting next_dagrun for example_branch_datetime_operator_2 to 2025-01-18 00:00:00+00:00, run_after=2025-01-19 00:00:00+00:00
[2025-01-19T03:41:52.300+0000] {logging_mixin.py:190} INFO - [2025-01-19T03:41:52.300+0000] {dag.py:4180} INFO - Setting next_dagrun for example_branch_datetime_operator_3 to 2025-01-18 00:00:00+00:00, run_after=2025-01-19 00:00:00+00:00
[2025-01-19T03:41:52.317+0000] {processor.py:208} INFO - Processing /home/vscode/.local/lib/python3.10/site-packages/airflow/example_dags/example_branch_datetime_operator.py took 0.069 seconds
[2025-01-19T03:43:07.688+0000] {processor.py:186} INFO - Started process (PID=15030) to work on /home/vscode/.local/lib/python3.10/site-packages/airflow/example_dags/example_branch_datetime_operator.py
[2025-01-19T03:43:07.688+0000] {processor.py:914} INFO - Processing file /home/vscode/.local/lib/python3.10/site-packages/airflow/example_dags/example_branch_datetime_operator.py for tasks to queue
[2025-01-19T03:43:07.690+0000] {logging_mixin.py:190} INFO - [2025-01-19T03:43:07.690+0000] {dagbag.py:588} INFO - Filling up the DagBag from /home/vscode/.local/lib/python3.10/site-packages/airflow/example_dags/example_branch_datetime_operator.py
[2025-01-19T03:43:07.700+0000] {processor.py:925} INFO - DAG(s) 'example_branch_datetime_operator_2', 'example_branch_datetime_operator_3', 'example_branch_datetime_operator' retrieved from /home/vscode/.local/lib/python3.10/site-packages/airflow/example_dags/example_branch_datetime_operator.py
[2025-01-19T03:43:07.716+0000] {logging_mixin.py:190} INFO - [2025-01-19T03:43:07.716+0000] {dag.py:3239} INFO - Sync 3 DAGs
[2025-01-19T03:43:07.732+0000] {logging_mixin.py:190} INFO - [2025-01-19T03:43:07.732+0000] {dag.py:4180} INFO - Setting next_dagrun for example_branch_datetime_operator to 2025-01-18 00:00:00+00:00, run_after=2025-01-19 00:00:00+00:00
[2025-01-19T03:43:07.735+0000] {logging_mixin.py:190} INFO - [2025-01-19T03:43:07.735+0000] {dag.py:4180} INFO - Setting next_dagrun for example_branch_datetime_operator_2 to 2025-01-18 00:00:00+00:00, run_after=2025-01-19 00:00:00+00:00
[2025-01-19T03:43:07.737+0000] {logging_mixin.py:190} INFO - [2025-01-19T03:43:07.737+0000] {dag.py:4180} INFO - Setting next_dagrun for example_branch_datetime_operator_3 to 2025-01-18 00:00:00+00:00, run_after=2025-01-19 00:00:00+00:00
[2025-01-19T03:43:07.750+0000] {processor.py:208} INFO - Processing /home/vscode/.local/lib/python3.10/site-packages/airflow/example_dags/example_branch_datetime_operator.py took 0.067 seconds
[2025-01-19T03:44:26.926+0000] {processor.py:186} INFO - Started process (PID=15566) to work on /home/vscode/.local/lib/python3.10/site-packages/airflow/example_dags/example_branch_datetime_operator.py
[2025-01-19T03:44:26.927+0000] {processor.py:914} INFO - Processing file /home/vscode/.local/lib/python3.10/site-packages/airflow/example_dags/example_branch_datetime_operator.py for tasks to queue
[2025-01-19T03:44:26.928+0000] {logging_mixin.py:190} INFO - [2025-01-19T03:44:26.928+0000] {dagbag.py:588} INFO - Filling up the DagBag from /home/vscode/.local/lib/python3.10/site-packages/airflow/example_dags/example_branch_datetime_operator.py
[2025-01-19T03:44:26.938+0000] {processor.py:925} INFO - DAG(s) 'example_branch_datetime_operator_3', 'example_branch_datetime_operator', 'example_branch_datetime_operator_2' retrieved from /home/vscode/.local/lib/python3.10/site-packages/airflow/example_dags/example_branch_datetime_operator.py
[2025-01-19T03:44:26.955+0000] {logging_mixin.py:190} INFO - [2025-01-19T03:44:26.954+0000] {dag.py:3239} INFO - Sync 3 DAGs
[2025-01-19T03:44:26.979+0000] {logging_mixin.py:190} INFO - [2025-01-19T03:44:26.979+0000] {dag.py:4180} INFO - Setting next_dagrun for example_branch_datetime_operator to 2025-01-18 00:00:00+00:00, run_after=2025-01-19 00:00:00+00:00
[2025-01-19T03:44:26.984+0000] {logging_mixin.py:190} INFO - [2025-01-19T03:44:26.984+0000] {dag.py:4180} INFO - Setting next_dagrun for example_branch_datetime_operator_2 to 2025-01-18 00:00:00+00:00, run_after=2025-01-19 00:00:00+00:00
[2025-01-19T03:44:26.986+0000] {logging_mixin.py:190} INFO - [2025-01-19T03:44:26.986+0000] {dag.py:4180} INFO - Setting next_dagrun for example_branch_datetime_operator_3 to 2025-01-18 00:00:00+00:00, run_after=2025-01-19 00:00:00+00:00
[2025-01-19T03:44:26.999+0000] {processor.py:208} INFO - Processing /home/vscode/.local/lib/python3.10/site-packages/airflow/example_dags/example_branch_datetime_operator.py took 0.078 seconds
[2025-01-19T03:45:44.233+0000] {processor.py:186} INFO - Started process (PID=16087) to work on /home/vscode/.local/lib/python3.10/site-packages/airflow/example_dags/example_branch_datetime_operator.py
[2025-01-19T03:45:44.234+0000] {processor.py:914} INFO - Processing file /home/vscode/.local/lib/python3.10/site-packages/airflow/example_dags/example_branch_datetime_operator.py for tasks to queue
[2025-01-19T03:45:44.235+0000] {logging_mixin.py:190} INFO - [2025-01-19T03:45:44.235+0000] {dagbag.py:588} INFO - Filling up the DagBag from /home/vscode/.local/lib/python3.10/site-packages/airflow/example_dags/example_branch_datetime_operator.py
[2025-01-19T03:45:44.245+0000] {processor.py:925} INFO - DAG(s) 'example_branch_datetime_operator_3', 'example_branch_datetime_operator', 'example_branch_datetime_operator_2' retrieved from /home/vscode/.local/lib/python3.10/site-packages/airflow/example_dags/example_branch_datetime_operator.py
[2025-01-19T03:45:44.261+0000] {logging_mixin.py:190} INFO - [2025-01-19T03:45:44.261+0000] {dag.py:3239} INFO - Sync 3 DAGs
[2025-01-19T03:45:44.278+0000] {logging_mixin.py:190} INFO - [2025-01-19T03:45:44.278+0000] {dag.py:4180} INFO - Setting next_dagrun for example_branch_datetime_operator to 2025-01-18 00:00:00+00:00, run_after=2025-01-19 00:00:00+00:00
[2025-01-19T03:45:44.281+0000] {logging_mixin.py:190} INFO - [2025-01-19T03:45:44.281+0000] {dag.py:4180} INFO - Setting next_dagrun for example_branch_datetime_operator_2 to 2025-01-18 00:00:00+00:00, run_after=2025-01-19 00:00:00+00:00
[2025-01-19T03:45:44.283+0000] {logging_mixin.py:190} INFO - [2025-01-19T03:45:44.283+0000] {dag.py:4180} INFO - Setting next_dagrun for example_branch_datetime_operator_3 to 2025-01-18 00:00:00+00:00, run_after=2025-01-19 00:00:00+00:00
[2025-01-19T03:45:44.296+0000] {processor.py:208} INFO - Processing /home/vscode/.local/lib/python3.10/site-packages/airflow/example_dags/example_branch_datetime_operator.py took 0.067 seconds
[2025-01-19T03:47:02.111+0000] {processor.py:186} INFO - Started process (PID=16608) to work on /home/vscode/.local/lib/python3.10/site-packages/airflow/example_dags/example_branch_datetime_operator.py
[2025-01-19T03:47:02.111+0000] {processor.py:914} INFO - Processing file /home/vscode/.local/lib/python3.10/site-packages/airflow/example_dags/example_branch_datetime_operator.py for tasks to queue
[2025-01-19T03:47:02.113+0000] {logging_mixin.py:190} INFO - [2025-01-19T03:47:02.113+0000] {dagbag.py:588} INFO - Filling up the DagBag from /home/vscode/.local/lib/python3.10/site-packages/airflow/example_dags/example_branch_datetime_operator.py
[2025-01-19T03:47:02.122+0000] {processor.py:925} INFO - DAG(s) 'example_branch_datetime_operator', 'example_branch_datetime_operator_2', 'example_branch_datetime_operator_3' retrieved from /home/vscode/.local/lib/python3.10/site-packages/airflow/example_dags/example_branch_datetime_operator.py
[2025-01-19T03:47:02.140+0000] {logging_mixin.py:190} INFO - [2025-01-19T03:47:02.140+0000] {dag.py:3239} INFO - Sync 3 DAGs
[2025-01-19T03:47:02.157+0000] {logging_mixin.py:190} INFO - [2025-01-19T03:47:02.157+0000] {dag.py:4180} INFO - Setting next_dagrun for example_branch_datetime_operator to 2025-01-18 00:00:00+00:00, run_after=2025-01-19 00:00:00+00:00
[2025-01-19T03:47:02.160+0000] {logging_mixin.py:190} INFO - [2025-01-19T03:47:02.160+0000] {dag.py:4180} INFO - Setting next_dagrun for example_branch_datetime_operator_2 to 2025-01-18 00:00:00+00:00, run_after=2025-01-19 00:00:00+00:00
[2025-01-19T03:47:02.162+0000] {logging_mixin.py:190} INFO - [2025-01-19T03:47:02.162+0000] {dag.py:4180} INFO - Setting next_dagrun for example_branch_datetime_operator_3 to 2025-01-18 00:00:00+00:00, run_after=2025-01-19 00:00:00+00:00
[2025-01-19T03:47:02.176+0000] {processor.py:208} INFO - Processing /home/vscode/.local/lib/python3.10/site-packages/airflow/example_dags/example_branch_datetime_operator.py took 0.070 seconds
[2025-01-19T03:48:17.450+0000] {processor.py:186} INFO - Started process (PID=17122) to work on /home/vscode/.local/lib/python3.10/site-packages/airflow/example_dags/example_branch_datetime_operator.py
[2025-01-19T03:48:17.450+0000] {processor.py:914} INFO - Processing file /home/vscode/.local/lib/python3.10/site-packages/airflow/example_dags/example_branch_datetime_operator.py for tasks to queue
[2025-01-19T03:48:17.452+0000] {logging_mixin.py:190} INFO - [2025-01-19T03:48:17.452+0000] {dagbag.py:588} INFO - Filling up the DagBag from /home/vscode/.local/lib/python3.10/site-packages/airflow/example_dags/example_branch_datetime_operator.py
[2025-01-19T03:48:17.462+0000] {processor.py:925} INFO - DAG(s) 'example_branch_datetime_operator', 'example_branch_datetime_operator_3', 'example_branch_datetime_operator_2' retrieved from /home/vscode/.local/lib/python3.10/site-packages/airflow/example_dags/example_branch_datetime_operator.py
[2025-01-19T03:48:17.478+0000] {logging_mixin.py:190} INFO - [2025-01-19T03:48:17.477+0000] {dag.py:3239} INFO - Sync 3 DAGs
[2025-01-19T03:48:17.494+0000] {logging_mixin.py:190} INFO - [2025-01-19T03:48:17.494+0000] {dag.py:4180} INFO - Setting next_dagrun for example_branch_datetime_operator to 2025-01-18 00:00:00+00:00, run_after=2025-01-19 00:00:00+00:00
[2025-01-19T03:48:17.497+0000] {logging_mixin.py:190} INFO - [2025-01-19T03:48:17.497+0000] {dag.py:4180} INFO - Setting next_dagrun for example_branch_datetime_operator_2 to 2025-01-18 00:00:00+00:00, run_after=2025-01-19 00:00:00+00:00
[2025-01-19T03:48:17.499+0000] {logging_mixin.py:190} INFO - [2025-01-19T03:48:17.499+0000] {dag.py:4180} INFO - Setting next_dagrun for example_branch_datetime_operator_3 to 2025-01-18 00:00:00+00:00, run_after=2025-01-19 00:00:00+00:00
[2025-01-19T03:48:17.512+0000] {processor.py:208} INFO - Processing /home/vscode/.local/lib/python3.10/site-packages/airflow/example_dags/example_branch_datetime_operator.py took 0.066 seconds
[2025-01-19T03:49:33.457+0000] {processor.py:186} INFO - Started process (PID=17767) to work on /home/vscode/.local/lib/python3.10/site-packages/airflow/example_dags/example_branch_datetime_operator.py
[2025-01-19T03:49:33.458+0000] {processor.py:914} INFO - Processing file /home/vscode/.local/lib/python3.10/site-packages/airflow/example_dags/example_branch_datetime_operator.py for tasks to queue
[2025-01-19T03:49:33.460+0000] {logging_mixin.py:190} INFO - [2025-01-19T03:49:33.459+0000] {dagbag.py:588} INFO - Filling up the DagBag from /home/vscode/.local/lib/python3.10/site-packages/airflow/example_dags/example_branch_datetime_operator.py
[2025-01-19T03:49:33.469+0000] {processor.py:925} INFO - DAG(s) 'example_branch_datetime_operator_2', 'example_branch_datetime_operator_3', 'example_branch_datetime_operator' retrieved from /home/vscode/.local/lib/python3.10/site-packages/airflow/example_dags/example_branch_datetime_operator.py
[2025-01-19T03:49:33.486+0000] {logging_mixin.py:190} INFO - [2025-01-19T03:49:33.485+0000] {dag.py:3239} INFO - Sync 3 DAGs
[2025-01-19T03:49:33.502+0000] {logging_mixin.py:190} INFO - [2025-01-19T03:49:33.502+0000] {dag.py:4180} INFO - Setting next_dagrun for example_branch_datetime_operator to 2025-01-18 00:00:00+00:00, run_after=2025-01-19 00:00:00+00:00
[2025-01-19T03:49:33.505+0000] {logging_mixin.py:190} INFO - [2025-01-19T03:49:33.505+0000] {dag.py:4180} INFO - Setting next_dagrun for example_branch_datetime_operator_2 to 2025-01-18 00:00:00+00:00, run_after=2025-01-19 00:00:00+00:00
[2025-01-19T03:49:33.507+0000] {logging_mixin.py:190} INFO - [2025-01-19T03:49:33.507+0000] {dag.py:4180} INFO - Setting next_dagrun for example_branch_datetime_operator_3 to 2025-01-18 00:00:00+00:00, run_after=2025-01-19 00:00:00+00:00
[2025-01-19T03:49:33.520+0000] {processor.py:208} INFO - Processing /home/vscode/.local/lib/python3.10/site-packages/airflow/example_dags/example_branch_datetime_operator.py took 0.067 seconds
[2025-01-19T03:50:48.364+0000] {processor.py:186} INFO - Started process (PID=18343) to work on /home/vscode/.local/lib/python3.10/site-packages/airflow/example_dags/example_branch_datetime_operator.py
[2025-01-19T03:50:48.365+0000] {processor.py:914} INFO - Processing file /home/vscode/.local/lib/python3.10/site-packages/airflow/example_dags/example_branch_datetime_operator.py for tasks to queue
[2025-01-19T03:50:48.366+0000] {logging_mixin.py:190} INFO - [2025-01-19T03:50:48.366+0000] {dagbag.py:588} INFO - Filling up the DagBag from /home/vscode/.local/lib/python3.10/site-packages/airflow/example_dags/example_branch_datetime_operator.py
[2025-01-19T03:50:48.376+0000] {processor.py:925} INFO - DAG(s) 'example_branch_datetime_operator_2', 'example_branch_datetime_operator_3', 'example_branch_datetime_operator' retrieved from /home/vscode/.local/lib/python3.10/site-packages/airflow/example_dags/example_branch_datetime_operator.py
[2025-01-19T03:50:48.392+0000] {logging_mixin.py:190} INFO - [2025-01-19T03:50:48.392+0000] {dag.py:3239} INFO - Sync 3 DAGs
[2025-01-19T03:50:48.408+0000] {logging_mixin.py:190} INFO - [2025-01-19T03:50:48.408+0000] {dag.py:4180} INFO - Setting next_dagrun for example_branch_datetime_operator to 2025-01-18 00:00:00+00:00, run_after=2025-01-19 00:00:00+00:00
[2025-01-19T03:50:48.412+0000] {logging_mixin.py:190} INFO - [2025-01-19T03:50:48.412+0000] {dag.py:4180} INFO - Setting next_dagrun for example_branch_datetime_operator_2 to 2025-01-18 00:00:00+00:00, run_after=2025-01-19 00:00:00+00:00
[2025-01-19T03:50:48.414+0000] {logging_mixin.py:190} INFO - [2025-01-19T03:50:48.413+0000] {dag.py:4180} INFO - Setting next_dagrun for example_branch_datetime_operator_3 to 2025-01-18 00:00:00+00:00, run_after=2025-01-19 00:00:00+00:00
[2025-01-19T03:50:48.427+0000] {processor.py:208} INFO - Processing /home/vscode/.local/lib/python3.10/site-packages/airflow/example_dags/example_branch_datetime_operator.py took 0.067 seconds
[2025-01-19T03:55:37.864+0000] {processor.py:186} INFO - Started process (PID=20392) to work on /home/vscode/.local/lib/python3.10/site-packages/airflow/example_dags/example_branch_datetime_operator.py
[2025-01-19T03:55:37.865+0000] {processor.py:914} INFO - Processing file /home/vscode/.local/lib/python3.10/site-packages/airflow/example_dags/example_branch_datetime_operator.py for tasks to queue
[2025-01-19T03:55:37.868+0000] {logging_mixin.py:190} INFO - [2025-01-19T03:55:37.868+0000] {dagbag.py:588} INFO - Filling up the DagBag from /home/vscode/.local/lib/python3.10/site-packages/airflow/example_dags/example_branch_datetime_operator.py
[2025-01-19T03:55:37.884+0000] {processor.py:925} INFO - DAG(s) 'example_branch_datetime_operator_3', 'example_branch_datetime_operator_2', 'example_branch_datetime_operator' retrieved from /home/vscode/.local/lib/python3.10/site-packages/airflow/example_dags/example_branch_datetime_operator.py
[2025-01-19T03:55:37.904+0000] {logging_mixin.py:190} INFO - [2025-01-19T03:55:37.904+0000] {dag.py:3239} INFO - Sync 3 DAGs
[2025-01-19T03:55:37.926+0000] {logging_mixin.py:190} INFO - [2025-01-19T03:55:37.926+0000] {dag.py:4180} INFO - Setting next_dagrun for example_branch_datetime_operator to 2025-01-18 00:00:00+00:00, run_after=2025-01-19 00:00:00+00:00
[2025-01-19T03:55:37.931+0000] {logging_mixin.py:190} INFO - [2025-01-19T03:55:37.930+0000] {dag.py:4180} INFO - Setting next_dagrun for example_branch_datetime_operator_2 to 2025-01-18 00:00:00+00:00, run_after=2025-01-19 00:00:00+00:00
[2025-01-19T03:55:37.935+0000] {logging_mixin.py:190} INFO - [2025-01-19T03:55:37.934+0000] {dag.py:4180} INFO - Setting next_dagrun for example_branch_datetime_operator_3 to 2025-01-18 00:00:00+00:00, run_after=2025-01-19 00:00:00+00:00
[2025-01-19T03:55:37.952+0000] {processor.py:208} INFO - Processing /home/vscode/.local/lib/python3.10/site-packages/airflow/example_dags/example_branch_datetime_operator.py took 0.094 seconds
[2025-01-19T03:56:33.359+0000] {processor.py:186} INFO - Started process (PID=20776) to work on /home/vscode/.local/lib/python3.10/site-packages/airflow/example_dags/example_branch_datetime_operator.py
[2025-01-19T03:56:33.360+0000] {processor.py:914} INFO - Processing file /home/vscode/.local/lib/python3.10/site-packages/airflow/example_dags/example_branch_datetime_operator.py for tasks to queue
[2025-01-19T03:56:33.362+0000] {logging_mixin.py:190} INFO - [2025-01-19T03:56:33.361+0000] {dagbag.py:588} INFO - Filling up the DagBag from /home/vscode/.local/lib/python3.10/site-packages/airflow/example_dags/example_branch_datetime_operator.py
[2025-01-19T03:56:33.371+0000] {processor.py:925} INFO - DAG(s) 'example_branch_datetime_operator_2', 'example_branch_datetime_operator', 'example_branch_datetime_operator_3' retrieved from /home/vscode/.local/lib/python3.10/site-packages/airflow/example_dags/example_branch_datetime_operator.py
[2025-01-19T03:56:33.389+0000] {logging_mixin.py:190} INFO - [2025-01-19T03:56:33.388+0000] {dag.py:3239} INFO - Sync 3 DAGs
[2025-01-19T03:56:33.405+0000] {logging_mixin.py:190} INFO - [2025-01-19T03:56:33.405+0000] {dag.py:4180} INFO - Setting next_dagrun for example_branch_datetime_operator to 2025-01-18 00:00:00+00:00, run_after=2025-01-19 00:00:00+00:00
[2025-01-19T03:56:33.408+0000] {logging_mixin.py:190} INFO - [2025-01-19T03:56:33.408+0000] {dag.py:4180} INFO - Setting next_dagrun for example_branch_datetime_operator_2 to 2025-01-18 00:00:00+00:00, run_after=2025-01-19 00:00:00+00:00
[2025-01-19T03:56:33.411+0000] {logging_mixin.py:190} INFO - [2025-01-19T03:56:33.411+0000] {dag.py:4180} INFO - Setting next_dagrun for example_branch_datetime_operator_3 to 2025-01-18 00:00:00+00:00, run_after=2025-01-19 00:00:00+00:00
[2025-01-19T03:56:33.424+0000] {processor.py:208} INFO - Processing /home/vscode/.local/lib/python3.10/site-packages/airflow/example_dags/example_branch_datetime_operator.py took 0.069 seconds
[2025-01-19T03:57:49.421+0000] {processor.py:186} INFO - Started process (PID=21296) to work on /home/vscode/.local/lib/python3.10/site-packages/airflow/example_dags/example_branch_datetime_operator.py
[2025-01-19T03:57:49.422+0000] {processor.py:914} INFO - Processing file /home/vscode/.local/lib/python3.10/site-packages/airflow/example_dags/example_branch_datetime_operator.py for tasks to queue
[2025-01-19T03:57:49.424+0000] {logging_mixin.py:190} INFO - [2025-01-19T03:57:49.423+0000] {dagbag.py:588} INFO - Filling up the DagBag from /home/vscode/.local/lib/python3.10/site-packages/airflow/example_dags/example_branch_datetime_operator.py
[2025-01-19T03:57:49.433+0000] {processor.py:925} INFO - DAG(s) 'example_branch_datetime_operator_3', 'example_branch_datetime_operator', 'example_branch_datetime_operator_2' retrieved from /home/vscode/.local/lib/python3.10/site-packages/airflow/example_dags/example_branch_datetime_operator.py
[2025-01-19T03:57:49.449+0000] {logging_mixin.py:190} INFO - [2025-01-19T03:57:49.449+0000] {dag.py:3239} INFO - Sync 3 DAGs
[2025-01-19T03:57:49.467+0000] {logging_mixin.py:190} INFO - [2025-01-19T03:57:49.467+0000] {dag.py:4180} INFO - Setting next_dagrun for example_branch_datetime_operator to 2025-01-18 00:00:00+00:00, run_after=2025-01-19 00:00:00+00:00
[2025-01-19T03:57:49.470+0000] {logging_mixin.py:190} INFO - [2025-01-19T03:57:49.470+0000] {dag.py:4180} INFO - Setting next_dagrun for example_branch_datetime_operator_2 to 2025-01-18 00:00:00+00:00, run_after=2025-01-19 00:00:00+00:00
[2025-01-19T03:57:49.472+0000] {logging_mixin.py:190} INFO - [2025-01-19T03:57:49.472+0000] {dag.py:4180} INFO - Setting next_dagrun for example_branch_datetime_operator_3 to 2025-01-18 00:00:00+00:00, run_after=2025-01-19 00:00:00+00:00
[2025-01-19T03:57:49.487+0000] {processor.py:208} INFO - Processing /home/vscode/.local/lib/python3.10/site-packages/airflow/example_dags/example_branch_datetime_operator.py took 0.070 seconds
[2025-01-19T03:59:05.806+0000] {processor.py:186} INFO - Started process (PID=21815) to work on /home/vscode/.local/lib/python3.10/site-packages/airflow/example_dags/example_branch_datetime_operator.py
[2025-01-19T03:59:05.806+0000] {processor.py:914} INFO - Processing file /home/vscode/.local/lib/python3.10/site-packages/airflow/example_dags/example_branch_datetime_operator.py for tasks to queue
[2025-01-19T03:59:05.808+0000] {logging_mixin.py:190} INFO - [2025-01-19T03:59:05.807+0000] {dagbag.py:588} INFO - Filling up the DagBag from /home/vscode/.local/lib/python3.10/site-packages/airflow/example_dags/example_branch_datetime_operator.py
[2025-01-19T03:59:05.817+0000] {processor.py:925} INFO - DAG(s) 'example_branch_datetime_operator_2', 'example_branch_datetime_operator_3', 'example_branch_datetime_operator' retrieved from /home/vscode/.local/lib/python3.10/site-packages/airflow/example_dags/example_branch_datetime_operator.py
[2025-01-19T03:59:05.834+0000] {logging_mixin.py:190} INFO - [2025-01-19T03:59:05.833+0000] {dag.py:3239} INFO - Sync 3 DAGs
[2025-01-19T03:59:05.850+0000] {logging_mixin.py:190} INFO - [2025-01-19T03:59:05.850+0000] {dag.py:4180} INFO - Setting next_dagrun for example_branch_datetime_operator to 2025-01-18 00:00:00+00:00, run_after=2025-01-19 00:00:00+00:00
[2025-01-19T03:59:05.853+0000] {logging_mixin.py:190} INFO - [2025-01-19T03:59:05.853+0000] {dag.py:4180} INFO - Setting next_dagrun for example_branch_datetime_operator_2 to 2025-01-18 00:00:00+00:00, run_after=2025-01-19 00:00:00+00:00
[2025-01-19T03:59:05.855+0000] {logging_mixin.py:190} INFO - [2025-01-19T03:59:05.855+0000] {dag.py:4180} INFO - Setting next_dagrun for example_branch_datetime_operator_3 to 2025-01-18 00:00:00+00:00, run_after=2025-01-19 00:00:00+00:00
[2025-01-19T03:59:05.868+0000] {processor.py:208} INFO - Processing /home/vscode/.local/lib/python3.10/site-packages/airflow/example_dags/example_branch_datetime_operator.py took 0.067 seconds
[2025-01-19T04:00:01.226+0000] {processor.py:186} INFO - Started process (PID=22192) to work on /home/vscode/.local/lib/python3.10/site-packages/airflow/example_dags/example_branch_datetime_operator.py
[2025-01-19T04:00:01.227+0000] {processor.py:914} INFO - Processing file /home/vscode/.local/lib/python3.10/site-packages/airflow/example_dags/example_branch_datetime_operator.py for tasks to queue
[2025-01-19T04:00:01.228+0000] {logging_mixin.py:190} INFO - [2025-01-19T04:00:01.228+0000] {dagbag.py:588} INFO - Filling up the DagBag from /home/vscode/.local/lib/python3.10/site-packages/airflow/example_dags/example_branch_datetime_operator.py
[2025-01-19T04:00:01.238+0000] {processor.py:925} INFO - DAG(s) 'example_branch_datetime_operator_3', 'example_branch_datetime_operator_2', 'example_branch_datetime_operator' retrieved from /home/vscode/.local/lib/python3.10/site-packages/airflow/example_dags/example_branch_datetime_operator.py
[2025-01-19T04:00:01.255+0000] {logging_mixin.py:190} INFO - [2025-01-19T04:00:01.254+0000] {dag.py:3239} INFO - Sync 3 DAGs
[2025-01-19T04:00:01.271+0000] {logging_mixin.py:190} INFO - [2025-01-19T04:00:01.271+0000] {dag.py:4180} INFO - Setting next_dagrun for example_branch_datetime_operator to 2025-01-18 00:00:00+00:00, run_after=2025-01-19 00:00:00+00:00
[2025-01-19T04:00:01.275+0000] {logging_mixin.py:190} INFO - [2025-01-19T04:00:01.275+0000] {dag.py:4180} INFO - Setting next_dagrun for example_branch_datetime_operator_2 to 2025-01-18 00:00:00+00:00, run_after=2025-01-19 00:00:00+00:00
[2025-01-19T04:00:01.277+0000] {logging_mixin.py:190} INFO - [2025-01-19T04:00:01.276+0000] {dag.py:4180} INFO - Setting next_dagrun for example_branch_datetime_operator_3 to 2025-01-18 00:00:00+00:00, run_after=2025-01-19 00:00:00+00:00
[2025-01-19T04:00:01.290+0000] {processor.py:208} INFO - Processing /home/vscode/.local/lib/python3.10/site-packages/airflow/example_dags/example_branch_datetime_operator.py took 0.069 seconds
[2025-01-19T04:01:17.687+0000] {processor.py:186} INFO - Started process (PID=22703) to work on /home/vscode/.local/lib/python3.10/site-packages/airflow/example_dags/example_branch_datetime_operator.py
[2025-01-19T04:01:17.687+0000] {processor.py:914} INFO - Processing file /home/vscode/.local/lib/python3.10/site-packages/airflow/example_dags/example_branch_datetime_operator.py for tasks to queue
[2025-01-19T04:01:17.689+0000] {logging_mixin.py:190} INFO - [2025-01-19T04:01:17.688+0000] {dagbag.py:588} INFO - Filling up the DagBag from /home/vscode/.local/lib/python3.10/site-packages/airflow/example_dags/example_branch_datetime_operator.py
[2025-01-19T04:01:17.698+0000] {processor.py:925} INFO - DAG(s) 'example_branch_datetime_operator_2', 'example_branch_datetime_operator', 'example_branch_datetime_operator_3' retrieved from /home/vscode/.local/lib/python3.10/site-packages/airflow/example_dags/example_branch_datetime_operator.py
[2025-01-19T04:01:17.714+0000] {logging_mixin.py:190} INFO - [2025-01-19T04:01:17.714+0000] {dag.py:3239} INFO - Sync 3 DAGs
[2025-01-19T04:01:17.730+0000] {logging_mixin.py:190} INFO - [2025-01-19T04:01:17.730+0000] {dag.py:4180} INFO - Setting next_dagrun for example_branch_datetime_operator to 2025-01-18 00:00:00+00:00, run_after=2025-01-19 00:00:00+00:00
[2025-01-19T04:01:17.734+0000] {logging_mixin.py:190} INFO - [2025-01-19T04:01:17.734+0000] {dag.py:4180} INFO - Setting next_dagrun for example_branch_datetime_operator_2 to 2025-01-18 00:00:00+00:00, run_after=2025-01-19 00:00:00+00:00
[2025-01-19T04:01:17.735+0000] {logging_mixin.py:190} INFO - [2025-01-19T04:01:17.735+0000] {dag.py:4180} INFO - Setting next_dagrun for example_branch_datetime_operator_3 to 2025-01-18 00:00:00+00:00, run_after=2025-01-19 00:00:00+00:00
[2025-01-19T04:01:17.748+0000] {processor.py:208} INFO - Processing /home/vscode/.local/lib/python3.10/site-packages/airflow/example_dags/example_branch_datetime_operator.py took 0.066 seconds
[2025-01-19T04:02:35.028+0000] {processor.py:186} INFO - Started process (PID=23250) to work on /home/vscode/.local/lib/python3.10/site-packages/airflow/example_dags/example_branch_datetime_operator.py
[2025-01-19T04:02:35.029+0000] {processor.py:914} INFO - Processing file /home/vscode/.local/lib/python3.10/site-packages/airflow/example_dags/example_branch_datetime_operator.py for tasks to queue
[2025-01-19T04:02:35.031+0000] {logging_mixin.py:190} INFO - [2025-01-19T04:02:35.030+0000] {dagbag.py:588} INFO - Filling up the DagBag from /home/vscode/.local/lib/python3.10/site-packages/airflow/example_dags/example_branch_datetime_operator.py
[2025-01-19T04:02:35.041+0000] {processor.py:925} INFO - DAG(s) 'example_branch_datetime_operator_3', 'example_branch_datetime_operator_2', 'example_branch_datetime_operator' retrieved from /home/vscode/.local/lib/python3.10/site-packages/airflow/example_dags/example_branch_datetime_operator.py
[2025-01-19T04:02:35.057+0000] {logging_mixin.py:190} INFO - [2025-01-19T04:02:35.057+0000] {dag.py:3239} INFO - Sync 3 DAGs
[2025-01-19T04:02:35.074+0000] {logging_mixin.py:190} INFO - [2025-01-19T04:02:35.073+0000] {dag.py:4180} INFO - Setting next_dagrun for example_branch_datetime_operator to 2025-01-18 00:00:00+00:00, run_after=2025-01-19 00:00:00+00:00
[2025-01-19T04:02:35.077+0000] {logging_mixin.py:190} INFO - [2025-01-19T04:02:35.077+0000] {dag.py:4180} INFO - Setting next_dagrun for example_branch_datetime_operator_2 to 2025-01-18 00:00:00+00:00, run_after=2025-01-19 00:00:00+00:00
[2025-01-19T04:02:35.079+0000] {logging_mixin.py:190} INFO - [2025-01-19T04:02:35.079+0000] {dag.py:4180} INFO - Setting next_dagrun for example_branch_datetime_operator_3 to 2025-01-18 00:00:00+00:00, run_after=2025-01-19 00:00:00+00:00
[2025-01-19T04:02:35.092+0000] {processor.py:208} INFO - Processing /home/vscode/.local/lib/python3.10/site-packages/airflow/example_dags/example_branch_datetime_operator.py took 0.069 seconds
