[2025-01-19T03:21:34.349+0000] {processor.py:186} INFO - Started process (PID=5460) to work on /home/vscode/.local/lib/python3.10/site-packages/airflow/example_dags/example_branch_labels.py
[2025-01-19T03:21:34.350+0000] {processor.py:914} INFO - Processing file /home/vscode/.local/lib/python3.10/site-packages/airflow/example_dags/example_branch_labels.py for tasks to queue
[2025-01-19T03:21:34.352+0000] {logging_mixin.py:190} INFO - [2025-01-19T03:21:34.351+0000] {dagbag.py:588} INFO - Filling up the DagBag from /home/vscode/.local/lib/python3.10/site-packages/airflow/example_dags/example_branch_labels.py
[2025-01-19T03:21:34.360+0000] {processor.py:925} INFO - DAG(s) 'example_branch_labels' retrieved from /home/vscode/.local/lib/python3.10/site-packages/airflow/example_dags/example_branch_labels.py
[2025-01-19T03:21:34.439+0000] {logging_mixin.py:190} INFO - [2025-01-19T03:21:34.438+0000] {override.py:1911} INFO - Created Permission View: can read on DAG:example_branch_labels
[2025-01-19T03:21:34.447+0000] {logging_mixin.py:190} INFO - [2025-01-19T03:21:34.447+0000] {override.py:1911} INFO - Created Permission View: can edit on DAG:example_branch_labels
[2025-01-19T03:21:34.454+0000] {logging_mixin.py:190} INFO - [2025-01-19T03:21:34.454+0000] {override.py:1911} INFO - Created Permission View: can delete on DAG:example_branch_labels
[2025-01-19T03:21:34.462+0000] {logging_mixin.py:190} INFO - [2025-01-19T03:21:34.462+0000] {override.py:1911} INFO - Created Permission View: menu access on DAG Run:example_branch_labels
[2025-01-19T03:21:34.468+0000] {logging_mixin.py:190} INFO - [2025-01-19T03:21:34.468+0000] {override.py:1911} INFO - Created Permission View: can read on DAG Run:example_branch_labels
[2025-01-19T03:21:34.474+0000] {logging_mixin.py:190} INFO - [2025-01-19T03:21:34.474+0000] {override.py:1911} INFO - Created Permission View: can create on DAG Run:example_branch_labels
[2025-01-19T03:21:34.481+0000] {logging_mixin.py:190} INFO - [2025-01-19T03:21:34.480+0000] {override.py:1911} INFO - Created Permission View: can delete on DAG Run:example_branch_labels
[2025-01-19T03:21:34.481+0000] {logging_mixin.py:190} INFO - [2025-01-19T03:21:34.481+0000] {dag.py:3239} INFO - Sync 1 DAGs
[2025-01-19T03:21:34.490+0000] {logging_mixin.py:190} INFO - [2025-01-19T03:21:34.490+0000] {dag.py:3262} INFO - Creating ORM DAG for example_branch_labels
[2025-01-19T03:21:34.496+0000] {logging_mixin.py:190} INFO - [2025-01-19T03:21:34.496+0000] {dag.py:4180} INFO - Setting next_dagrun for example_branch_labels to 2025-01-18 00:00:00+00:00, run_after=2025-01-19 00:00:00+00:00
[2025-01-19T03:21:34.510+0000] {processor.py:208} INFO - Processing /home/vscode/.local/lib/python3.10/site-packages/airflow/example_dags/example_branch_labels.py took 0.166 seconds
[2025-01-19T03:22:28.869+0000] {processor.py:186} INFO - Started process (PID=5837) to work on /home/vscode/.local/lib/python3.10/site-packages/airflow/example_dags/example_branch_labels.py
[2025-01-19T03:22:28.870+0000] {processor.py:914} INFO - Processing file /home/vscode/.local/lib/python3.10/site-packages/airflow/example_dags/example_branch_labels.py for tasks to queue
[2025-01-19T03:22:28.872+0000] {logging_mixin.py:190} INFO - [2025-01-19T03:22:28.872+0000] {dagbag.py:588} INFO - Filling up the DagBag from /home/vscode/.local/lib/python3.10/site-packages/airflow/example_dags/example_branch_labels.py
[2025-01-19T03:22:28.884+0000] {processor.py:925} INFO - DAG(s) 'example_branch_labels' retrieved from /home/vscode/.local/lib/python3.10/site-packages/airflow/example_dags/example_branch_labels.py
[2025-01-19T03:22:28.901+0000] {logging_mixin.py:190} INFO - [2025-01-19T03:22:28.901+0000] {dag.py:3239} INFO - Sync 1 DAGs
[2025-01-19T03:22:28.923+0000] {logging_mixin.py:190} INFO - [2025-01-19T03:22:28.923+0000] {dag.py:4180} INFO - Setting next_dagrun for example_branch_labels to 2025-01-18 00:00:00+00:00, run_after=2025-01-19 00:00:00+00:00
[2025-01-19T03:22:28.937+0000] {processor.py:208} INFO - Processing /home/vscode/.local/lib/python3.10/site-packages/airflow/example_dags/example_branch_labels.py took 0.074 seconds
[2025-01-19T03:23:42.046+0000] {processor.py:186} INFO - Started process (PID=6452) to work on /home/vscode/.local/lib/python3.10/site-packages/airflow/example_dags/example_branch_labels.py
[2025-01-19T03:23:42.047+0000] {processor.py:914} INFO - Processing file /home/vscode/.local/lib/python3.10/site-packages/airflow/example_dags/example_branch_labels.py for tasks to queue
[2025-01-19T03:23:42.049+0000] {logging_mixin.py:190} INFO - [2025-01-19T03:23:42.048+0000] {dagbag.py:588} INFO - Filling up the DagBag from /home/vscode/.local/lib/python3.10/site-packages/airflow/example_dags/example_branch_labels.py
[2025-01-19T03:23:42.056+0000] {processor.py:925} INFO - DAG(s) 'example_branch_labels' retrieved from /home/vscode/.local/lib/python3.10/site-packages/airflow/example_dags/example_branch_labels.py
[2025-01-19T03:23:42.068+0000] {logging_mixin.py:190} INFO - [2025-01-19T03:23:42.068+0000] {dag.py:3239} INFO - Sync 1 DAGs
[2025-01-19T03:23:42.084+0000] {logging_mixin.py:190} INFO - [2025-01-19T03:23:42.084+0000] {dag.py:4180} INFO - Setting next_dagrun for example_branch_labels to 2025-01-18 00:00:00+00:00, run_after=2025-01-19 00:00:00+00:00
[2025-01-19T03:23:42.098+0000] {processor.py:208} INFO - Processing /home/vscode/.local/lib/python3.10/site-packages/airflow/example_dags/example_branch_labels.py took 0.056 seconds
[2025-01-19T03:25:00.579+0000] {processor.py:186} INFO - Started process (PID=7065) to work on /home/vscode/.local/lib/python3.10/site-packages/airflow/example_dags/example_branch_labels.py
[2025-01-19T03:25:00.580+0000] {processor.py:914} INFO - Processing file /home/vscode/.local/lib/python3.10/site-packages/airflow/example_dags/example_branch_labels.py for tasks to queue
[2025-01-19T03:25:00.582+0000] {logging_mixin.py:190} INFO - [2025-01-19T03:25:00.582+0000] {dagbag.py:588} INFO - Filling up the DagBag from /home/vscode/.local/lib/python3.10/site-packages/airflow/example_dags/example_branch_labels.py
[2025-01-19T03:25:00.590+0000] {processor.py:925} INFO - DAG(s) 'example_branch_labels' retrieved from /home/vscode/.local/lib/python3.10/site-packages/airflow/example_dags/example_branch_labels.py
[2025-01-19T03:25:00.602+0000] {logging_mixin.py:190} INFO - [2025-01-19T03:25:00.602+0000] {dag.py:3239} INFO - Sync 1 DAGs
[2025-01-19T03:25:00.618+0000] {logging_mixin.py:190} INFO - [2025-01-19T03:25:00.618+0000] {dag.py:4180} INFO - Setting next_dagrun for example_branch_labels to 2025-01-18 00:00:00+00:00, run_after=2025-01-19 00:00:00+00:00
[2025-01-19T03:25:00.633+0000] {processor.py:208} INFO - Processing /home/vscode/.local/lib/python3.10/site-packages/airflow/example_dags/example_branch_labels.py took 0.058 seconds
[2025-01-19T03:26:16.302+0000] {processor.py:186} INFO - Started process (PID=7685) to work on /home/vscode/.local/lib/python3.10/site-packages/airflow/example_dags/example_branch_labels.py
[2025-01-19T03:26:16.303+0000] {processor.py:914} INFO - Processing file /home/vscode/.local/lib/python3.10/site-packages/airflow/example_dags/example_branch_labels.py for tasks to queue
[2025-01-19T03:26:16.305+0000] {logging_mixin.py:190} INFO - [2025-01-19T03:26:16.304+0000] {dagbag.py:588} INFO - Filling up the DagBag from /home/vscode/.local/lib/python3.10/site-packages/airflow/example_dags/example_branch_labels.py
[2025-01-19T03:26:16.312+0000] {processor.py:925} INFO - DAG(s) 'example_branch_labels' retrieved from /home/vscode/.local/lib/python3.10/site-packages/airflow/example_dags/example_branch_labels.py
[2025-01-19T03:26:16.324+0000] {logging_mixin.py:190} INFO - [2025-01-19T03:26:16.324+0000] {dag.py:3239} INFO - Sync 1 DAGs
[2025-01-19T03:26:16.339+0000] {logging_mixin.py:190} INFO - [2025-01-19T03:26:16.339+0000] {dag.py:4180} INFO - Setting next_dagrun for example_branch_labels to 2025-01-18 00:00:00+00:00, run_after=2025-01-19 00:00:00+00:00
[2025-01-19T03:26:16.353+0000] {processor.py:208} INFO - Processing /home/vscode/.local/lib/python3.10/site-packages/airflow/example_dags/example_branch_labels.py took 0.056 seconds
[2025-01-19T03:27:36.379+0000] {processor.py:186} INFO - Started process (PID=8272) to work on /home/vscode/.local/lib/python3.10/site-packages/airflow/example_dags/example_branch_labels.py
[2025-01-19T03:27:36.380+0000] {processor.py:914} INFO - Processing file /home/vscode/.local/lib/python3.10/site-packages/airflow/example_dags/example_branch_labels.py for tasks to queue
[2025-01-19T03:27:36.381+0000] {logging_mixin.py:190} INFO - [2025-01-19T03:27:36.381+0000] {dagbag.py:588} INFO - Filling up the DagBag from /home/vscode/.local/lib/python3.10/site-packages/airflow/example_dags/example_branch_labels.py
[2025-01-19T03:27:36.389+0000] {processor.py:925} INFO - DAG(s) 'example_branch_labels' retrieved from /home/vscode/.local/lib/python3.10/site-packages/airflow/example_dags/example_branch_labels.py
[2025-01-19T03:27:36.401+0000] {logging_mixin.py:190} INFO - [2025-01-19T03:27:36.401+0000] {dag.py:3239} INFO - Sync 1 DAGs
[2025-01-19T03:27:36.417+0000] {logging_mixin.py:190} INFO - [2025-01-19T03:27:36.416+0000] {dag.py:4180} INFO - Setting next_dagrun for example_branch_labels to 2025-01-18 00:00:00+00:00, run_after=2025-01-19 00:00:00+00:00
[2025-01-19T03:27:36.431+0000] {processor.py:208} INFO - Processing /home/vscode/.local/lib/python3.10/site-packages/airflow/example_dags/example_branch_labels.py took 0.056 seconds
[2025-01-19T03:28:56.936+0000] {processor.py:186} INFO - Started process (PID=9002) to work on /home/vscode/.local/lib/python3.10/site-packages/airflow/example_dags/example_branch_labels.py
[2025-01-19T03:28:56.937+0000] {processor.py:914} INFO - Processing file /home/vscode/.local/lib/python3.10/site-packages/airflow/example_dags/example_branch_labels.py for tasks to queue
[2025-01-19T03:28:56.938+0000] {logging_mixin.py:190} INFO - [2025-01-19T03:28:56.938+0000] {dagbag.py:588} INFO - Filling up the DagBag from /home/vscode/.local/lib/python3.10/site-packages/airflow/example_dags/example_branch_labels.py
[2025-01-19T03:28:56.946+0000] {processor.py:925} INFO - DAG(s) 'example_branch_labels' retrieved from /home/vscode/.local/lib/python3.10/site-packages/airflow/example_dags/example_branch_labels.py
[2025-01-19T03:28:56.958+0000] {logging_mixin.py:190} INFO - [2025-01-19T03:28:56.958+0000] {dag.py:3239} INFO - Sync 1 DAGs
[2025-01-19T03:28:56.973+0000] {logging_mixin.py:190} INFO - [2025-01-19T03:28:56.973+0000] {dag.py:4180} INFO - Setting next_dagrun for example_branch_labels to 2025-01-18 00:00:00+00:00, run_after=2025-01-19 00:00:00+00:00
[2025-01-19T03:28:56.987+0000] {processor.py:208} INFO - Processing /home/vscode/.local/lib/python3.10/site-packages/airflow/example_dags/example_branch_labels.py took 0.056 seconds
[2025-01-19T03:30:12.943+0000] {processor.py:186} INFO - Started process (PID=9513) to work on /home/vscode/.local/lib/python3.10/site-packages/airflow/example_dags/example_branch_labels.py
[2025-01-19T03:30:12.943+0000] {processor.py:914} INFO - Processing file /home/vscode/.local/lib/python3.10/site-packages/airflow/example_dags/example_branch_labels.py for tasks to queue
[2025-01-19T03:30:12.945+0000] {logging_mixin.py:190} INFO - [2025-01-19T03:30:12.945+0000] {dagbag.py:588} INFO - Filling up the DagBag from /home/vscode/.local/lib/python3.10/site-packages/airflow/example_dags/example_branch_labels.py
[2025-01-19T03:30:12.953+0000] {processor.py:925} INFO - DAG(s) 'example_branch_labels' retrieved from /home/vscode/.local/lib/python3.10/site-packages/airflow/example_dags/example_branch_labels.py
[2025-01-19T03:30:12.964+0000] {logging_mixin.py:190} INFO - [2025-01-19T03:30:12.964+0000] {dag.py:3239} INFO - Sync 1 DAGs
[2025-01-19T03:30:12.979+0000] {logging_mixin.py:190} INFO - [2025-01-19T03:30:12.979+0000] {dag.py:4180} INFO - Setting next_dagrun for example_branch_labels to 2025-01-18 00:00:00+00:00, run_after=2025-01-19 00:00:00+00:00
[2025-01-19T03:30:12.995+0000] {processor.py:208} INFO - Processing /home/vscode/.local/lib/python3.10/site-packages/airflow/example_dags/example_branch_labels.py took 0.057 seconds
[2025-01-19T03:31:21.616+0000] {processor.py:186} INFO - Started process (PID=9972) to work on /home/vscode/.local/lib/python3.10/site-packages/airflow/example_dags/example_branch_labels.py
[2025-01-19T03:31:21.616+0000] {processor.py:914} INFO - Processing file /home/vscode/.local/lib/python3.10/site-packages/airflow/example_dags/example_branch_labels.py for tasks to queue
[2025-01-19T03:31:21.618+0000] {logging_mixin.py:190} INFO - [2025-01-19T03:31:21.618+0000] {dagbag.py:588} INFO - Filling up the DagBag from /home/vscode/.local/lib/python3.10/site-packages/airflow/example_dags/example_branch_labels.py
[2025-01-19T03:31:21.626+0000] {processor.py:925} INFO - DAG(s) 'example_branch_labels' retrieved from /home/vscode/.local/lib/python3.10/site-packages/airflow/example_dags/example_branch_labels.py
[2025-01-19T03:31:21.638+0000] {logging_mixin.py:190} INFO - [2025-01-19T03:31:21.637+0000] {dag.py:3239} INFO - Sync 1 DAGs
[2025-01-19T03:31:21.653+0000] {logging_mixin.py:190} INFO - [2025-01-19T03:31:21.652+0000] {dag.py:4180} INFO - Setting next_dagrun for example_branch_labels to 2025-01-18 00:00:00+00:00, run_after=2025-01-19 00:00:00+00:00
[2025-01-19T03:31:21.666+0000] {processor.py:208} INFO - Processing /home/vscode/.local/lib/python3.10/site-packages/airflow/example_dags/example_branch_labels.py took 0.055 seconds
[2025-01-19T03:32:37.478+0000] {processor.py:186} INFO - Started process (PID=10604) to work on /home/vscode/.local/lib/python3.10/site-packages/airflow/example_dags/example_branch_labels.py
[2025-01-19T03:32:37.479+0000] {processor.py:914} INFO - Processing file /home/vscode/.local/lib/python3.10/site-packages/airflow/example_dags/example_branch_labels.py for tasks to queue
[2025-01-19T03:32:37.480+0000] {logging_mixin.py:190} INFO - [2025-01-19T03:32:37.480+0000] {dagbag.py:588} INFO - Filling up the DagBag from /home/vscode/.local/lib/python3.10/site-packages/airflow/example_dags/example_branch_labels.py
[2025-01-19T03:32:37.488+0000] {processor.py:925} INFO - DAG(s) 'example_branch_labels' retrieved from /home/vscode/.local/lib/python3.10/site-packages/airflow/example_dags/example_branch_labels.py
[2025-01-19T03:32:37.500+0000] {logging_mixin.py:190} INFO - [2025-01-19T03:32:37.500+0000] {dag.py:3239} INFO - Sync 1 DAGs
[2025-01-19T03:32:37.515+0000] {logging_mixin.py:190} INFO - [2025-01-19T03:32:37.515+0000] {dag.py:4180} INFO - Setting next_dagrun for example_branch_labels to 2025-01-18 00:00:00+00:00, run_after=2025-01-19 00:00:00+00:00
[2025-01-19T03:32:37.535+0000] {processor.py:208} INFO - Processing /home/vscode/.local/lib/python3.10/site-packages/airflow/example_dags/example_branch_labels.py took 0.062 seconds
[2025-01-19T03:33:54.808+0000] {processor.py:186} INFO - Started process (PID=11152) to work on /home/vscode/.local/lib/python3.10/site-packages/airflow/example_dags/example_branch_labels.py
[2025-01-19T03:33:54.809+0000] {processor.py:914} INFO - Processing file /home/vscode/.local/lib/python3.10/site-packages/airflow/example_dags/example_branch_labels.py for tasks to queue
[2025-01-19T03:33:54.811+0000] {logging_mixin.py:190} INFO - [2025-01-19T03:33:54.810+0000] {dagbag.py:588} INFO - Filling up the DagBag from /home/vscode/.local/lib/python3.10/site-packages/airflow/example_dags/example_branch_labels.py
[2025-01-19T03:33:54.819+0000] {processor.py:925} INFO - DAG(s) 'example_branch_labels' retrieved from /home/vscode/.local/lib/python3.10/site-packages/airflow/example_dags/example_branch_labels.py
[2025-01-19T03:33:54.831+0000] {logging_mixin.py:190} INFO - [2025-01-19T03:33:54.831+0000] {dag.py:3239} INFO - Sync 1 DAGs
[2025-01-19T03:33:54.850+0000] {logging_mixin.py:190} INFO - [2025-01-19T03:33:54.850+0000] {dag.py:4180} INFO - Setting next_dagrun for example_branch_labels to 2025-01-18 00:00:00+00:00, run_after=2025-01-19 00:00:00+00:00
[2025-01-19T03:33:54.871+0000] {processor.py:208} INFO - Processing /home/vscode/.local/lib/python3.10/site-packages/airflow/example_dags/example_branch_labels.py took 0.067 seconds
[2025-01-19T03:35:08.841+0000] {processor.py:186} INFO - Started process (PID=11734) to work on /home/vscode/.local/lib/python3.10/site-packages/airflow/example_dags/example_branch_labels.py
[2025-01-19T03:35:08.842+0000] {processor.py:914} INFO - Processing file /home/vscode/.local/lib/python3.10/site-packages/airflow/example_dags/example_branch_labels.py for tasks to queue
[2025-01-19T03:35:08.843+0000] {logging_mixin.py:190} INFO - [2025-01-19T03:35:08.843+0000] {dagbag.py:588} INFO - Filling up the DagBag from /home/vscode/.local/lib/python3.10/site-packages/airflow/example_dags/example_branch_labels.py
[2025-01-19T03:35:08.851+0000] {processor.py:925} INFO - DAG(s) 'example_branch_labels' retrieved from /home/vscode/.local/lib/python3.10/site-packages/airflow/example_dags/example_branch_labels.py
[2025-01-19T03:35:08.865+0000] {logging_mixin.py:190} INFO - [2025-01-19T03:35:08.865+0000] {dag.py:3239} INFO - Sync 1 DAGs
[2025-01-19T03:35:08.891+0000] {logging_mixin.py:190} INFO - [2025-01-19T03:35:08.890+0000] {dag.py:4180} INFO - Setting next_dagrun for example_branch_labels to 2025-01-18 00:00:00+00:00, run_after=2025-01-19 00:00:00+00:00
[2025-01-19T03:35:08.910+0000] {processor.py:208} INFO - Processing /home/vscode/.local/lib/python3.10/site-packages/airflow/example_dags/example_branch_labels.py took 0.074 seconds
[2025-01-19T03:36:24.096+0000] {processor.py:186} INFO - Started process (PID=12304) to work on /home/vscode/.local/lib/python3.10/site-packages/airflow/example_dags/example_branch_labels.py
[2025-01-19T03:36:24.096+0000] {processor.py:914} INFO - Processing file /home/vscode/.local/lib/python3.10/site-packages/airflow/example_dags/example_branch_labels.py for tasks to queue
[2025-01-19T03:36:24.098+0000] {logging_mixin.py:190} INFO - [2025-01-19T03:36:24.098+0000] {dagbag.py:588} INFO - Filling up the DagBag from /home/vscode/.local/lib/python3.10/site-packages/airflow/example_dags/example_branch_labels.py
[2025-01-19T03:36:24.105+0000] {processor.py:925} INFO - DAG(s) 'example_branch_labels' retrieved from /home/vscode/.local/lib/python3.10/site-packages/airflow/example_dags/example_branch_labels.py
[2025-01-19T03:36:24.117+0000] {logging_mixin.py:190} INFO - [2025-01-19T03:36:24.117+0000] {dag.py:3239} INFO - Sync 1 DAGs
[2025-01-19T03:36:24.137+0000] {logging_mixin.py:190} INFO - [2025-01-19T03:36:24.137+0000] {dag.py:4180} INFO - Setting next_dagrun for example_branch_labels to 2025-01-18 00:00:00+00:00, run_after=2025-01-19 00:00:00+00:00
[2025-01-19T03:36:24.159+0000] {processor.py:208} INFO - Processing /home/vscode/.local/lib/python3.10/site-packages/airflow/example_dags/example_branch_labels.py took 0.068 seconds
[2025-01-19T03:37:41.185+0000] {processor.py:186} INFO - Started process (PID=12822) to work on /home/vscode/.local/lib/python3.10/site-packages/airflow/example_dags/example_branch_labels.py
[2025-01-19T03:37:41.185+0000] {processor.py:914} INFO - Processing file /home/vscode/.local/lib/python3.10/site-packages/airflow/example_dags/example_branch_labels.py for tasks to queue
[2025-01-19T03:37:41.187+0000] {logging_mixin.py:190} INFO - [2025-01-19T03:37:41.187+0000] {dagbag.py:588} INFO - Filling up the DagBag from /home/vscode/.local/lib/python3.10/site-packages/airflow/example_dags/example_branch_labels.py
[2025-01-19T03:37:41.196+0000] {processor.py:925} INFO - DAG(s) 'example_branch_labels' retrieved from /home/vscode/.local/lib/python3.10/site-packages/airflow/example_dags/example_branch_labels.py
[2025-01-19T03:37:41.208+0000] {logging_mixin.py:190} INFO - [2025-01-19T03:37:41.208+0000] {dag.py:3239} INFO - Sync 1 DAGs
[2025-01-19T03:37:41.223+0000] {logging_mixin.py:190} INFO - [2025-01-19T03:37:41.223+0000] {dag.py:4180} INFO - Setting next_dagrun for example_branch_labels to 2025-01-18 00:00:00+00:00, run_after=2025-01-19 00:00:00+00:00
[2025-01-19T03:37:41.237+0000] {processor.py:208} INFO - Processing /home/vscode/.local/lib/python3.10/site-packages/airflow/example_dags/example_branch_labels.py took 0.057 seconds
[2025-01-19T03:38:54.831+0000] {processor.py:186} INFO - Started process (PID=13323) to work on /home/vscode/.local/lib/python3.10/site-packages/airflow/example_dags/example_branch_labels.py
[2025-01-19T03:38:54.832+0000] {processor.py:914} INFO - Processing file /home/vscode/.local/lib/python3.10/site-packages/airflow/example_dags/example_branch_labels.py for tasks to queue
[2025-01-19T03:38:54.833+0000] {logging_mixin.py:190} INFO - [2025-01-19T03:38:54.833+0000] {dagbag.py:588} INFO - Filling up the DagBag from /home/vscode/.local/lib/python3.10/site-packages/airflow/example_dags/example_branch_labels.py
[2025-01-19T03:38:54.841+0000] {processor.py:925} INFO - DAG(s) 'example_branch_labels' retrieved from /home/vscode/.local/lib/python3.10/site-packages/airflow/example_dags/example_branch_labels.py
[2025-01-19T03:38:54.853+0000] {logging_mixin.py:190} INFO - [2025-01-19T03:38:54.853+0000] {dag.py:3239} INFO - Sync 1 DAGs
[2025-01-19T03:38:54.869+0000] {logging_mixin.py:190} INFO - [2025-01-19T03:38:54.869+0000] {dag.py:4180} INFO - Setting next_dagrun for example_branch_labels to 2025-01-18 00:00:00+00:00, run_after=2025-01-19 00:00:00+00:00
[2025-01-19T03:38:54.884+0000] {processor.py:208} INFO - Processing /home/vscode/.local/lib/python3.10/site-packages/airflow/example_dags/example_branch_labels.py took 0.057 seconds
[2025-01-19T03:40:10.911+0000] {processor.py:186} INFO - Started process (PID=13837) to work on /home/vscode/.local/lib/python3.10/site-packages/airflow/example_dags/example_branch_labels.py
[2025-01-19T03:40:10.911+0000] {processor.py:914} INFO - Processing file /home/vscode/.local/lib/python3.10/site-packages/airflow/example_dags/example_branch_labels.py for tasks to queue
[2025-01-19T03:40:10.913+0000] {logging_mixin.py:190} INFO - [2025-01-19T03:40:10.913+0000] {dagbag.py:588} INFO - Filling up the DagBag from /home/vscode/.local/lib/python3.10/site-packages/airflow/example_dags/example_branch_labels.py
[2025-01-19T03:40:10.921+0000] {processor.py:925} INFO - DAG(s) 'example_branch_labels' retrieved from /home/vscode/.local/lib/python3.10/site-packages/airflow/example_dags/example_branch_labels.py
[2025-01-19T03:40:10.933+0000] {logging_mixin.py:190} INFO - [2025-01-19T03:40:10.933+0000] {dag.py:3239} INFO - Sync 1 DAGs
[2025-01-19T03:40:10.948+0000] {logging_mixin.py:190} INFO - [2025-01-19T03:40:10.948+0000] {dag.py:4180} INFO - Setting next_dagrun for example_branch_labels to 2025-01-18 00:00:00+00:00, run_after=2025-01-19 00:00:00+00:00
[2025-01-19T03:40:10.963+0000] {processor.py:208} INFO - Processing /home/vscode/.local/lib/python3.10/site-packages/airflow/example_dags/example_branch_labels.py took 0.057 seconds
[2025-01-19T03:41:24.966+0000] {processor.py:186} INFO - Started process (PID=14343) to work on /home/vscode/.local/lib/python3.10/site-packages/airflow/example_dags/example_branch_labels.py
[2025-01-19T03:41:24.967+0000] {processor.py:914} INFO - Processing file /home/vscode/.local/lib/python3.10/site-packages/airflow/example_dags/example_branch_labels.py for tasks to queue
[2025-01-19T03:41:24.968+0000] {logging_mixin.py:190} INFO - [2025-01-19T03:41:24.968+0000] {dagbag.py:588} INFO - Filling up the DagBag from /home/vscode/.local/lib/python3.10/site-packages/airflow/example_dags/example_branch_labels.py
[2025-01-19T03:41:24.976+0000] {processor.py:925} INFO - DAG(s) 'example_branch_labels' retrieved from /home/vscode/.local/lib/python3.10/site-packages/airflow/example_dags/example_branch_labels.py
[2025-01-19T03:41:24.987+0000] {logging_mixin.py:190} INFO - [2025-01-19T03:41:24.987+0000] {dag.py:3239} INFO - Sync 1 DAGs
[2025-01-19T03:41:25.003+0000] {logging_mixin.py:190} INFO - [2025-01-19T03:41:25.003+0000] {dag.py:4180} INFO - Setting next_dagrun for example_branch_labels to 2025-01-18 00:00:00+00:00, run_after=2025-01-19 00:00:00+00:00
[2025-01-19T03:41:25.017+0000] {processor.py:208} INFO - Processing /home/vscode/.local/lib/python3.10/site-packages/airflow/example_dags/example_branch_labels.py took 0.055 seconds
[2025-01-19T03:42:43.117+0000] {processor.py:186} INFO - Started process (PID=14869) to work on /home/vscode/.local/lib/python3.10/site-packages/airflow/example_dags/example_branch_labels.py
[2025-01-19T03:42:43.118+0000] {processor.py:914} INFO - Processing file /home/vscode/.local/lib/python3.10/site-packages/airflow/example_dags/example_branch_labels.py for tasks to queue
[2025-01-19T03:42:43.120+0000] {logging_mixin.py:190} INFO - [2025-01-19T03:42:43.120+0000] {dagbag.py:588} INFO - Filling up the DagBag from /home/vscode/.local/lib/python3.10/site-packages/airflow/example_dags/example_branch_labels.py
[2025-01-19T03:42:43.128+0000] {processor.py:925} INFO - DAG(s) 'example_branch_labels' retrieved from /home/vscode/.local/lib/python3.10/site-packages/airflow/example_dags/example_branch_labels.py
[2025-01-19T03:42:43.141+0000] {logging_mixin.py:190} INFO - [2025-01-19T03:42:43.141+0000] {dag.py:3239} INFO - Sync 1 DAGs
[2025-01-19T03:42:43.158+0000] {logging_mixin.py:190} INFO - [2025-01-19T03:42:43.157+0000] {dag.py:4180} INFO - Setting next_dagrun for example_branch_labels to 2025-01-18 00:00:00+00:00, run_after=2025-01-19 00:00:00+00:00
[2025-01-19T03:42:43.172+0000] {processor.py:208} INFO - Processing /home/vscode/.local/lib/python3.10/site-packages/airflow/example_dags/example_branch_labels.py took 0.059 seconds
[2025-01-19T03:44:01.207+0000] {processor.py:186} INFO - Started process (PID=15390) to work on /home/vscode/.local/lib/python3.10/site-packages/airflow/example_dags/example_branch_labels.py
[2025-01-19T03:44:01.208+0000] {processor.py:914} INFO - Processing file /home/vscode/.local/lib/python3.10/site-packages/airflow/example_dags/example_branch_labels.py for tasks to queue
[2025-01-19T03:44:01.210+0000] {logging_mixin.py:190} INFO - [2025-01-19T03:44:01.210+0000] {dagbag.py:588} INFO - Filling up the DagBag from /home/vscode/.local/lib/python3.10/site-packages/airflow/example_dags/example_branch_labels.py
[2025-01-19T03:44:01.220+0000] {processor.py:925} INFO - DAG(s) 'example_branch_labels' retrieved from /home/vscode/.local/lib/python3.10/site-packages/airflow/example_dags/example_branch_labels.py
[2025-01-19T03:44:01.233+0000] {logging_mixin.py:190} INFO - [2025-01-19T03:44:01.232+0000] {dag.py:3239} INFO - Sync 1 DAGs
[2025-01-19T03:44:01.248+0000] {logging_mixin.py:190} INFO - [2025-01-19T03:44:01.248+0000] {dag.py:4180} INFO - Setting next_dagrun for example_branch_labels to 2025-01-18 00:00:00+00:00, run_after=2025-01-19 00:00:00+00:00
[2025-01-19T03:44:01.262+0000] {processor.py:208} INFO - Processing /home/vscode/.local/lib/python3.10/site-packages/airflow/example_dags/example_branch_labels.py took 0.062 seconds
[2025-01-19T03:45:20.068+0000] {processor.py:186} INFO - Started process (PID=15920) to work on /home/vscode/.local/lib/python3.10/site-packages/airflow/example_dags/example_branch_labels.py
[2025-01-19T03:45:20.069+0000] {processor.py:914} INFO - Processing file /home/vscode/.local/lib/python3.10/site-packages/airflow/example_dags/example_branch_labels.py for tasks to queue
[2025-01-19T03:45:20.070+0000] {logging_mixin.py:190} INFO - [2025-01-19T03:45:20.070+0000] {dagbag.py:588} INFO - Filling up the DagBag from /home/vscode/.local/lib/python3.10/site-packages/airflow/example_dags/example_branch_labels.py
[2025-01-19T03:45:20.078+0000] {processor.py:925} INFO - DAG(s) 'example_branch_labels' retrieved from /home/vscode/.local/lib/python3.10/site-packages/airflow/example_dags/example_branch_labels.py
[2025-01-19T03:45:20.091+0000] {logging_mixin.py:190} INFO - [2025-01-19T03:45:20.090+0000] {dag.py:3239} INFO - Sync 1 DAGs
[2025-01-19T03:45:20.106+0000] {logging_mixin.py:190} INFO - [2025-01-19T03:45:20.106+0000] {dag.py:4180} INFO - Setting next_dagrun for example_branch_labels to 2025-01-18 00:00:00+00:00, run_after=2025-01-19 00:00:00+00:00
[2025-01-19T03:45:20.120+0000] {processor.py:208} INFO - Processing /home/vscode/.local/lib/python3.10/site-packages/airflow/example_dags/example_branch_labels.py took 0.057 seconds
[2025-01-19T03:46:34.924+0000] {processor.py:186} INFO - Started process (PID=16431) to work on /home/vscode/.local/lib/python3.10/site-packages/airflow/example_dags/example_branch_labels.py
[2025-01-19T03:46:34.925+0000] {processor.py:914} INFO - Processing file /home/vscode/.local/lib/python3.10/site-packages/airflow/example_dags/example_branch_labels.py for tasks to queue
[2025-01-19T03:46:34.926+0000] {logging_mixin.py:190} INFO - [2025-01-19T03:46:34.926+0000] {dagbag.py:588} INFO - Filling up the DagBag from /home/vscode/.local/lib/python3.10/site-packages/airflow/example_dags/example_branch_labels.py
[2025-01-19T03:46:34.934+0000] {processor.py:925} INFO - DAG(s) 'example_branch_labels' retrieved from /home/vscode/.local/lib/python3.10/site-packages/airflow/example_dags/example_branch_labels.py
[2025-01-19T03:46:34.947+0000] {logging_mixin.py:190} INFO - [2025-01-19T03:46:34.946+0000] {dag.py:3239} INFO - Sync 1 DAGs
[2025-01-19T03:46:34.962+0000] {logging_mixin.py:190} INFO - [2025-01-19T03:46:34.962+0000] {dag.py:4180} INFO - Setting next_dagrun for example_branch_labels to 2025-01-18 00:00:00+00:00, run_after=2025-01-19 00:00:00+00:00
[2025-01-19T03:46:34.976+0000] {processor.py:208} INFO - Processing /home/vscode/.local/lib/python3.10/site-packages/airflow/example_dags/example_branch_labels.py took 0.058 seconds
[2025-01-19T03:47:52.527+0000] {processor.py:186} INFO - Started process (PID=16953) to work on /home/vscode/.local/lib/python3.10/site-packages/airflow/example_dags/example_branch_labels.py
[2025-01-19T03:47:52.528+0000] {processor.py:914} INFO - Processing file /home/vscode/.local/lib/python3.10/site-packages/airflow/example_dags/example_branch_labels.py for tasks to queue
[2025-01-19T03:47:52.529+0000] {logging_mixin.py:190} INFO - [2025-01-19T03:47:52.529+0000] {dagbag.py:588} INFO - Filling up the DagBag from /home/vscode/.local/lib/python3.10/site-packages/airflow/example_dags/example_branch_labels.py
[2025-01-19T03:47:52.537+0000] {processor.py:925} INFO - DAG(s) 'example_branch_labels' retrieved from /home/vscode/.local/lib/python3.10/site-packages/airflow/example_dags/example_branch_labels.py
[2025-01-19T03:47:52.550+0000] {logging_mixin.py:190} INFO - [2025-01-19T03:47:52.549+0000] {dag.py:3239} INFO - Sync 1 DAGs
[2025-01-19T03:47:52.565+0000] {logging_mixin.py:190} INFO - [2025-01-19T03:47:52.565+0000] {dag.py:4180} INFO - Setting next_dagrun for example_branch_labels to 2025-01-18 00:00:00+00:00, run_after=2025-01-19 00:00:00+00:00
[2025-01-19T03:47:52.579+0000] {processor.py:208} INFO - Processing /home/vscode/.local/lib/python3.10/site-packages/airflow/example_dags/example_branch_labels.py took 0.057 seconds
[2025-01-19T03:49:07.746+0000] {processor.py:186} INFO - Started process (PID=17572) to work on /home/vscode/.local/lib/python3.10/site-packages/airflow/example_dags/example_branch_labels.py
[2025-01-19T03:49:07.747+0000] {processor.py:914} INFO - Processing file /home/vscode/.local/lib/python3.10/site-packages/airflow/example_dags/example_branch_labels.py for tasks to queue
[2025-01-19T03:49:07.748+0000] {logging_mixin.py:190} INFO - [2025-01-19T03:49:07.748+0000] {dagbag.py:588} INFO - Filling up the DagBag from /home/vscode/.local/lib/python3.10/site-packages/airflow/example_dags/example_branch_labels.py
[2025-01-19T03:49:07.756+0000] {processor.py:925} INFO - DAG(s) 'example_branch_labels' retrieved from /home/vscode/.local/lib/python3.10/site-packages/airflow/example_dags/example_branch_labels.py
[2025-01-19T03:49:07.768+0000] {logging_mixin.py:190} INFO - [2025-01-19T03:49:07.768+0000] {dag.py:3239} INFO - Sync 1 DAGs
[2025-01-19T03:49:07.783+0000] {logging_mixin.py:190} INFO - [2025-01-19T03:49:07.783+0000] {dag.py:4180} INFO - Setting next_dagrun for example_branch_labels to 2025-01-18 00:00:00+00:00, run_after=2025-01-19 00:00:00+00:00
[2025-01-19T03:49:07.797+0000] {processor.py:208} INFO - Processing /home/vscode/.local/lib/python3.10/site-packages/airflow/example_dags/example_branch_labels.py took 0.055 seconds
[2025-01-19T03:50:25.941+0000] {processor.py:186} INFO - Started process (PID=18165) to work on /home/vscode/.local/lib/python3.10/site-packages/airflow/example_dags/example_branch_labels.py
[2025-01-19T03:50:25.942+0000] {processor.py:914} INFO - Processing file /home/vscode/.local/lib/python3.10/site-packages/airflow/example_dags/example_branch_labels.py for tasks to queue
[2025-01-19T03:50:25.943+0000] {logging_mixin.py:190} INFO - [2025-01-19T03:50:25.943+0000] {dagbag.py:588} INFO - Filling up the DagBag from /home/vscode/.local/lib/python3.10/site-packages/airflow/example_dags/example_branch_labels.py
[2025-01-19T03:50:25.951+0000] {processor.py:925} INFO - DAG(s) 'example_branch_labels' retrieved from /home/vscode/.local/lib/python3.10/site-packages/airflow/example_dags/example_branch_labels.py
[2025-01-19T03:50:25.963+0000] {logging_mixin.py:190} INFO - [2025-01-19T03:50:25.963+0000] {dag.py:3239} INFO - Sync 1 DAGs
[2025-01-19T03:50:25.979+0000] {logging_mixin.py:190} INFO - [2025-01-19T03:50:25.978+0000] {dag.py:4180} INFO - Setting next_dagrun for example_branch_labels to 2025-01-18 00:00:00+00:00, run_after=2025-01-19 00:00:00+00:00
[2025-01-19T03:50:25.993+0000] {processor.py:208} INFO - Processing /home/vscode/.local/lib/python3.10/site-packages/airflow/example_dags/example_branch_labels.py took 0.056 seconds
[2025-01-19T03:55:43.103+0000] {processor.py:186} INFO - Started process (PID=20433) to work on /home/vscode/.local/lib/python3.10/site-packages/airflow/example_dags/example_branch_labels.py
[2025-01-19T03:55:43.104+0000] {processor.py:914} INFO - Processing file /home/vscode/.local/lib/python3.10/site-packages/airflow/example_dags/example_branch_labels.py for tasks to queue
[2025-01-19T03:55:43.105+0000] {logging_mixin.py:190} INFO - [2025-01-19T03:55:43.105+0000] {dagbag.py:588} INFO - Filling up the DagBag from /home/vscode/.local/lib/python3.10/site-packages/airflow/example_dags/example_branch_labels.py
[2025-01-19T03:55:43.113+0000] {processor.py:925} INFO - DAG(s) 'example_branch_labels' retrieved from /home/vscode/.local/lib/python3.10/site-packages/airflow/example_dags/example_branch_labels.py
[2025-01-19T03:55:43.126+0000] {logging_mixin.py:190} INFO - [2025-01-19T03:55:43.125+0000] {dag.py:3239} INFO - Sync 1 DAGs
[2025-01-19T03:55:43.141+0000] {logging_mixin.py:190} INFO - [2025-01-19T03:55:43.141+0000] {dag.py:4180} INFO - Setting next_dagrun for example_branch_labels to 2025-01-18 00:00:00+00:00, run_after=2025-01-19 00:00:00+00:00
[2025-01-19T03:55:43.155+0000] {processor.py:208} INFO - Processing /home/vscode/.local/lib/python3.10/site-packages/airflow/example_dags/example_branch_labels.py took 0.056 seconds
[2025-01-19T03:57:00.748+0000] {processor.py:186} INFO - Started process (PID=20967) to work on /home/vscode/.local/lib/python3.10/site-packages/airflow/example_dags/example_branch_labels.py
[2025-01-19T03:57:00.749+0000] {processor.py:914} INFO - Processing file /home/vscode/.local/lib/python3.10/site-packages/airflow/example_dags/example_branch_labels.py for tasks to queue
[2025-01-19T03:57:00.750+0000] {logging_mixin.py:190} INFO - [2025-01-19T03:57:00.750+0000] {dagbag.py:588} INFO - Filling up the DagBag from /home/vscode/.local/lib/python3.10/site-packages/airflow/example_dags/example_branch_labels.py
[2025-01-19T03:57:00.758+0000] {processor.py:925} INFO - DAG(s) 'example_branch_labels' retrieved from /home/vscode/.local/lib/python3.10/site-packages/airflow/example_dags/example_branch_labels.py
[2025-01-19T03:57:00.770+0000] {logging_mixin.py:190} INFO - [2025-01-19T03:57:00.770+0000] {dag.py:3239} INFO - Sync 1 DAGs
[2025-01-19T03:57:00.786+0000] {logging_mixin.py:190} INFO - [2025-01-19T03:57:00.786+0000] {dag.py:4180} INFO - Setting next_dagrun for example_branch_labels to 2025-01-18 00:00:00+00:00, run_after=2025-01-19 00:00:00+00:00
[2025-01-19T03:57:00.800+0000] {processor.py:208} INFO - Processing /home/vscode/.local/lib/python3.10/site-packages/airflow/example_dags/example_branch_labels.py took 0.056 seconds
[2025-01-19T03:58:17.228+0000] {processor.py:186} INFO - Started process (PID=21481) to work on /home/vscode/.local/lib/python3.10/site-packages/airflow/example_dags/example_branch_labels.py
[2025-01-19T03:58:17.229+0000] {processor.py:914} INFO - Processing file /home/vscode/.local/lib/python3.10/site-packages/airflow/example_dags/example_branch_labels.py for tasks to queue
[2025-01-19T03:58:17.230+0000] {logging_mixin.py:190} INFO - [2025-01-19T03:58:17.230+0000] {dagbag.py:588} INFO - Filling up the DagBag from /home/vscode/.local/lib/python3.10/site-packages/airflow/example_dags/example_branch_labels.py
[2025-01-19T03:58:17.238+0000] {processor.py:925} INFO - DAG(s) 'example_branch_labels' retrieved from /home/vscode/.local/lib/python3.10/site-packages/airflow/example_dags/example_branch_labels.py
[2025-01-19T03:58:17.250+0000] {logging_mixin.py:190} INFO - [2025-01-19T03:58:17.250+0000] {dag.py:3239} INFO - Sync 1 DAGs
[2025-01-19T03:58:17.266+0000] {logging_mixin.py:190} INFO - [2025-01-19T03:58:17.266+0000] {dag.py:4180} INFO - Setting next_dagrun for example_branch_labels to 2025-01-18 00:00:00+00:00, run_after=2025-01-19 00:00:00+00:00
[2025-01-19T03:58:17.280+0000] {processor.py:208} INFO - Processing /home/vscode/.local/lib/python3.10/site-packages/airflow/example_dags/example_branch_labels.py took 0.057 seconds
[2025-01-19T03:59:34.225+0000] {processor.py:186} INFO - Started process (PID=22008) to work on /home/vscode/.local/lib/python3.10/site-packages/airflow/example_dags/example_branch_labels.py
[2025-01-19T03:59:34.226+0000] {processor.py:914} INFO - Processing file /home/vscode/.local/lib/python3.10/site-packages/airflow/example_dags/example_branch_labels.py for tasks to queue
[2025-01-19T03:59:34.227+0000] {logging_mixin.py:190} INFO - [2025-01-19T03:59:34.227+0000] {dagbag.py:588} INFO - Filling up the DagBag from /home/vscode/.local/lib/python3.10/site-packages/airflow/example_dags/example_branch_labels.py
[2025-01-19T03:59:34.235+0000] {processor.py:925} INFO - DAG(s) 'example_branch_labels' retrieved from /home/vscode/.local/lib/python3.10/site-packages/airflow/example_dags/example_branch_labels.py
[2025-01-19T03:59:34.248+0000] {logging_mixin.py:190} INFO - [2025-01-19T03:59:34.248+0000] {dag.py:3239} INFO - Sync 1 DAGs
[2025-01-19T03:59:34.263+0000] {logging_mixin.py:190} INFO - [2025-01-19T03:59:34.263+0000] {dag.py:4180} INFO - Setting next_dagrun for example_branch_labels to 2025-01-18 00:00:00+00:00, run_after=2025-01-19 00:00:00+00:00
[2025-01-19T03:59:34.280+0000] {processor.py:208} INFO - Processing /home/vscode/.local/lib/python3.10/site-packages/airflow/example_dags/example_branch_labels.py took 0.059 seconds
[2025-01-19T04:00:51.763+0000] {processor.py:186} INFO - Started process (PID=22535) to work on /home/vscode/.local/lib/python3.10/site-packages/airflow/example_dags/example_branch_labels.py
[2025-01-19T04:00:51.764+0000] {processor.py:914} INFO - Processing file /home/vscode/.local/lib/python3.10/site-packages/airflow/example_dags/example_branch_labels.py for tasks to queue
[2025-01-19T04:00:51.765+0000] {logging_mixin.py:190} INFO - [2025-01-19T04:00:51.765+0000] {dagbag.py:588} INFO - Filling up the DagBag from /home/vscode/.local/lib/python3.10/site-packages/airflow/example_dags/example_branch_labels.py
[2025-01-19T04:00:51.773+0000] {processor.py:925} INFO - DAG(s) 'example_branch_labels' retrieved from /home/vscode/.local/lib/python3.10/site-packages/airflow/example_dags/example_branch_labels.py
[2025-01-19T04:00:51.785+0000] {logging_mixin.py:190} INFO - [2025-01-19T04:00:51.785+0000] {dag.py:3239} INFO - Sync 1 DAGs
[2025-01-19T04:00:51.800+0000] {logging_mixin.py:190} INFO - [2025-01-19T04:00:51.800+0000] {dag.py:4180} INFO - Setting next_dagrun for example_branch_labels to 2025-01-18 00:00:00+00:00, run_after=2025-01-19 00:00:00+00:00
[2025-01-19T04:00:51.816+0000] {processor.py:208} INFO - Processing /home/vscode/.local/lib/python3.10/site-packages/airflow/example_dags/example_branch_labels.py took 0.057 seconds
[2025-01-19T04:02:09.186+0000] {processor.py:186} INFO - Started process (PID=23062) to work on /home/vscode/.local/lib/python3.10/site-packages/airflow/example_dags/example_branch_labels.py
[2025-01-19T04:02:09.187+0000] {processor.py:914} INFO - Processing file /home/vscode/.local/lib/python3.10/site-packages/airflow/example_dags/example_branch_labels.py for tasks to queue
[2025-01-19T04:02:09.189+0000] {logging_mixin.py:190} INFO - [2025-01-19T04:02:09.188+0000] {dagbag.py:588} INFO - Filling up the DagBag from /home/vscode/.local/lib/python3.10/site-packages/airflow/example_dags/example_branch_labels.py
[2025-01-19T04:02:09.197+0000] {processor.py:925} INFO - DAG(s) 'example_branch_labels' retrieved from /home/vscode/.local/lib/python3.10/site-packages/airflow/example_dags/example_branch_labels.py
[2025-01-19T04:02:09.209+0000] {logging_mixin.py:190} INFO - [2025-01-19T04:02:09.209+0000] {dag.py:3239} INFO - Sync 1 DAGs
[2025-01-19T04:02:09.225+0000] {logging_mixin.py:190} INFO - [2025-01-19T04:02:09.225+0000] {dag.py:4180} INFO - Setting next_dagrun for example_branch_labels to 2025-01-18 00:00:00+00:00, run_after=2025-01-19 00:00:00+00:00
[2025-01-19T04:02:09.239+0000] {processor.py:208} INFO - Processing /home/vscode/.local/lib/python3.10/site-packages/airflow/example_dags/example_branch_labels.py took 0.057 seconds
