[2025-01-19T03:20:51.501+0000] {processor.py:186} INFO - Started process (PID=5046) to work on /home/vscode/.local/lib/python3.10/site-packages/airflow/example_dags/example_workday_timetable.py
[2025-01-19T03:20:51.502+0000] {processor.py:914} INFO - Processing file /home/vscode/.local/lib/python3.10/site-packages/airflow/example_dags/example_workday_timetable.py for tasks to queue
[2025-01-19T03:20:51.504+0000] {logging_mixin.py:190} INFO - [2025-01-19T03:20:51.504+0000] {dagbag.py:588} INFO - Filling up the DagBag from /home/vscode/.local/lib/python3.10/site-packages/airflow/example_dags/example_workday_timetable.py
[2025-01-19T03:20:51.509+0000] {processor.py:925} INFO - DAG(s) 'example_workday_timetable' retrieved from /home/vscode/.local/lib/python3.10/site-packages/airflow/example_dags/example_workday_timetable.py
[2025-01-19T03:20:51.604+0000] {logging_mixin.py:190} INFO - [2025-01-19T03:20:51.604+0000] {override.py:1911} INFO - Created Permission View: can read on DAG:example_workday_timetable
[2025-01-19T03:20:51.618+0000] {logging_mixin.py:190} INFO - [2025-01-19T03:20:51.618+0000] {override.py:1911} INFO - Created Permission View: can edit on DAG:example_workday_timetable
[2025-01-19T03:20:51.625+0000] {logging_mixin.py:190} INFO - [2025-01-19T03:20:51.625+0000] {override.py:1911} INFO - Created Permission View: can delete on DAG:example_workday_timetable
[2025-01-19T03:20:51.633+0000] {logging_mixin.py:190} INFO - [2025-01-19T03:20:51.633+0000] {override.py:1911} INFO - Created Permission View: menu access on DAG Run:example_workday_timetable
[2025-01-19T03:20:51.639+0000] {logging_mixin.py:190} INFO - [2025-01-19T03:20:51.639+0000] {override.py:1911} INFO - Created Permission View: can read on DAG Run:example_workday_timetable
[2025-01-19T03:20:51.645+0000] {logging_mixin.py:190} INFO - [2025-01-19T03:20:51.645+0000] {override.py:1911} INFO - Created Permission View: can create on DAG Run:example_workday_timetable
[2025-01-19T03:20:51.651+0000] {logging_mixin.py:190} INFO - [2025-01-19T03:20:51.650+0000] {override.py:1911} INFO - Created Permission View: can delete on DAG Run:example_workday_timetable
[2025-01-19T03:20:51.651+0000] {logging_mixin.py:190} INFO - [2025-01-19T03:20:51.651+0000] {dag.py:3239} INFO - Sync 1 DAGs
[2025-01-19T03:20:51.660+0000] {logging_mixin.py:190} INFO - [2025-01-19T03:20:51.660+0000] {dag.py:3262} INFO - Creating ORM DAG for example_workday_timetable
[2025-01-19T03:20:51.666+0000] {logging_mixin.py:190} INFO - [2025-01-19T03:20:51.666+0000] {dag.py:4180} INFO - Setting next_dagrun for example_workday_timetable to 2021-01-01 00:00:00+00:00, run_after=2021-01-02 00:00:00+00:00
[2025-01-19T03:20:51.680+0000] {processor.py:208} INFO - Processing /home/vscode/.local/lib/python3.10/site-packages/airflow/example_dags/example_workday_timetable.py took 0.184 seconds
[2025-01-19T03:21:52.881+0000] {processor.py:186} INFO - Started process (PID=5589) to work on /home/vscode/.local/lib/python3.10/site-packages/airflow/example_dags/example_workday_timetable.py
[2025-01-19T03:21:52.882+0000] {processor.py:914} INFO - Processing file /home/vscode/.local/lib/python3.10/site-packages/airflow/example_dags/example_workday_timetable.py for tasks to queue
[2025-01-19T03:21:52.884+0000] {logging_mixin.py:190} INFO - [2025-01-19T03:21:52.884+0000] {dagbag.py:588} INFO - Filling up the DagBag from /home/vscode/.local/lib/python3.10/site-packages/airflow/example_dags/example_workday_timetable.py
[2025-01-19T03:21:52.890+0000] {processor.py:925} INFO - DAG(s) 'example_workday_timetable' retrieved from /home/vscode/.local/lib/python3.10/site-packages/airflow/example_dags/example_workday_timetable.py
[2025-01-19T03:21:52.900+0000] {logging_mixin.py:190} INFO - [2025-01-19T03:21:52.900+0000] {dag.py:3239} INFO - Sync 1 DAGs
[2025-01-19T03:21:52.916+0000] {logging_mixin.py:190} INFO - [2025-01-19T03:21:52.915+0000] {dag.py:4180} INFO - Setting next_dagrun for example_workday_timetable to 2021-01-01 00:00:00+00:00, run_after=2021-01-02 00:00:00+00:00
[2025-01-19T03:21:52.930+0000] {processor.py:208} INFO - Processing /home/vscode/.local/lib/python3.10/site-packages/airflow/example_dags/example_workday_timetable.py took 0.053 seconds
[2025-01-19T03:22:45.410+0000] {processor.py:186} INFO - Started process (PID=5994) to work on /home/vscode/.local/lib/python3.10/site-packages/airflow/example_dags/example_workday_timetable.py
[2025-01-19T03:22:45.411+0000] {processor.py:914} INFO - Processing file /home/vscode/.local/lib/python3.10/site-packages/airflow/example_dags/example_workday_timetable.py for tasks to queue
[2025-01-19T03:22:45.413+0000] {logging_mixin.py:190} INFO - [2025-01-19T03:22:45.412+0000] {dagbag.py:588} INFO - Filling up the DagBag from /home/vscode/.local/lib/python3.10/site-packages/airflow/example_dags/example_workday_timetable.py
[2025-01-19T03:22:45.417+0000] {processor.py:925} INFO - DAG(s) 'example_workday_timetable' retrieved from /home/vscode/.local/lib/python3.10/site-packages/airflow/example_dags/example_workday_timetable.py
[2025-01-19T03:22:45.428+0000] {logging_mixin.py:190} INFO - [2025-01-19T03:22:45.428+0000] {dag.py:3239} INFO - Sync 1 DAGs
[2025-01-19T03:22:45.443+0000] {logging_mixin.py:190} INFO - [2025-01-19T03:22:45.443+0000] {dag.py:4180} INFO - Setting next_dagrun for example_workday_timetable to 2021-01-01 00:00:00+00:00, run_after=2021-01-02 00:00:00+00:00
[2025-01-19T03:22:45.457+0000] {processor.py:208} INFO - Processing /home/vscode/.local/lib/python3.10/site-packages/airflow/example_dags/example_workday_timetable.py took 0.052 seconds
[2025-01-19T03:23:33.930+0000] {processor.py:186} INFO - Started process (PID=6393) to work on /home/vscode/.local/lib/python3.10/site-packages/airflow/example_dags/example_workday_timetable.py
[2025-01-19T03:23:33.931+0000] {processor.py:914} INFO - Processing file /home/vscode/.local/lib/python3.10/site-packages/airflow/example_dags/example_workday_timetable.py for tasks to queue
[2025-01-19T03:23:33.933+0000] {logging_mixin.py:190} INFO - [2025-01-19T03:23:33.932+0000] {dagbag.py:588} INFO - Filling up the DagBag from /home/vscode/.local/lib/python3.10/site-packages/airflow/example_dags/example_workday_timetable.py
[2025-01-19T03:23:33.937+0000] {processor.py:925} INFO - DAG(s) 'example_workday_timetable' retrieved from /home/vscode/.local/lib/python3.10/site-packages/airflow/example_dags/example_workday_timetable.py
[2025-01-19T03:23:33.948+0000] {logging_mixin.py:190} INFO - [2025-01-19T03:23:33.948+0000] {dag.py:3239} INFO - Sync 1 DAGs
[2025-01-19T03:23:33.963+0000] {logging_mixin.py:190} INFO - [2025-01-19T03:23:33.963+0000] {dag.py:4180} INFO - Setting next_dagrun for example_workday_timetable to 2021-01-01 00:00:00+00:00, run_after=2021-01-02 00:00:00+00:00
[2025-01-19T03:23:33.978+0000] {processor.py:208} INFO - Processing /home/vscode/.local/lib/python3.10/site-packages/airflow/example_dags/example_workday_timetable.py took 0.052 seconds
[2025-01-19T03:24:26.152+0000] {processor.py:186} INFO - Started process (PID=6803) to work on /home/vscode/.local/lib/python3.10/site-packages/airflow/example_dags/example_workday_timetable.py
[2025-01-19T03:24:26.152+0000] {processor.py:914} INFO - Processing file /home/vscode/.local/lib/python3.10/site-packages/airflow/example_dags/example_workday_timetable.py for tasks to queue
[2025-01-19T03:24:26.154+0000] {logging_mixin.py:190} INFO - [2025-01-19T03:24:26.154+0000] {dagbag.py:588} INFO - Filling up the DagBag from /home/vscode/.local/lib/python3.10/site-packages/airflow/example_dags/example_workday_timetable.py
[2025-01-19T03:24:26.159+0000] {processor.py:925} INFO - DAG(s) 'example_workday_timetable' retrieved from /home/vscode/.local/lib/python3.10/site-packages/airflow/example_dags/example_workday_timetable.py
[2025-01-19T03:24:26.170+0000] {logging_mixin.py:190} INFO - [2025-01-19T03:24:26.169+0000] {dag.py:3239} INFO - Sync 1 DAGs
[2025-01-19T03:24:26.184+0000] {logging_mixin.py:190} INFO - [2025-01-19T03:24:26.184+0000] {dag.py:4180} INFO - Setting next_dagrun for example_workday_timetable to 2021-01-01 00:00:00+00:00, run_after=2021-01-02 00:00:00+00:00
[2025-01-19T03:24:26.198+0000] {processor.py:208} INFO - Processing /home/vscode/.local/lib/python3.10/site-packages/airflow/example_dags/example_workday_timetable.py took 0.051 seconds
[2025-01-19T03:25:17.448+0000] {processor.py:186} INFO - Started process (PID=7198) to work on /home/vscode/.local/lib/python3.10/site-packages/airflow/example_dags/example_workday_timetable.py
[2025-01-19T03:25:17.449+0000] {processor.py:914} INFO - Processing file /home/vscode/.local/lib/python3.10/site-packages/airflow/example_dags/example_workday_timetable.py for tasks to queue
[2025-01-19T03:25:17.450+0000] {logging_mixin.py:190} INFO - [2025-01-19T03:25:17.450+0000] {dagbag.py:588} INFO - Filling up the DagBag from /home/vscode/.local/lib/python3.10/site-packages/airflow/example_dags/example_workday_timetable.py
[2025-01-19T03:25:17.455+0000] {processor.py:925} INFO - DAG(s) 'example_workday_timetable' retrieved from /home/vscode/.local/lib/python3.10/site-packages/airflow/example_dags/example_workday_timetable.py
[2025-01-19T03:25:17.466+0000] {logging_mixin.py:190} INFO - [2025-01-19T03:25:17.466+0000] {dag.py:3239} INFO - Sync 1 DAGs
[2025-01-19T03:25:17.481+0000] {logging_mixin.py:190} INFO - [2025-01-19T03:25:17.481+0000] {dag.py:4180} INFO - Setting next_dagrun for example_workday_timetable to 2021-01-01 00:00:00+00:00, run_after=2021-01-02 00:00:00+00:00
[2025-01-19T03:25:17.495+0000] {processor.py:208} INFO - Processing /home/vscode/.local/lib/python3.10/site-packages/airflow/example_dags/example_workday_timetable.py took 0.052 seconds
[2025-01-19T03:26:08.095+0000] {processor.py:186} INFO - Started process (PID=7615) to work on /home/vscode/.local/lib/python3.10/site-packages/airflow/example_dags/example_workday_timetable.py
[2025-01-19T03:26:08.096+0000] {processor.py:914} INFO - Processing file /home/vscode/.local/lib/python3.10/site-packages/airflow/example_dags/example_workday_timetable.py for tasks to queue
[2025-01-19T03:26:08.098+0000] {logging_mixin.py:190} INFO - [2025-01-19T03:26:08.097+0000] {dagbag.py:588} INFO - Filling up the DagBag from /home/vscode/.local/lib/python3.10/site-packages/airflow/example_dags/example_workday_timetable.py
[2025-01-19T03:26:08.103+0000] {processor.py:925} INFO - DAG(s) 'example_workday_timetable' retrieved from /home/vscode/.local/lib/python3.10/site-packages/airflow/example_dags/example_workday_timetable.py
[2025-01-19T03:26:08.114+0000] {logging_mixin.py:190} INFO - [2025-01-19T03:26:08.114+0000] {dag.py:3239} INFO - Sync 1 DAGs
[2025-01-19T03:26:08.130+0000] {logging_mixin.py:190} INFO - [2025-01-19T03:26:08.129+0000] {dag.py:4180} INFO - Setting next_dagrun for example_workday_timetable to 2021-01-01 00:00:00+00:00, run_after=2021-01-02 00:00:00+00:00
[2025-01-19T03:26:08.144+0000] {processor.py:208} INFO - Processing /home/vscode/.local/lib/python3.10/site-packages/airflow/example_dags/example_workday_timetable.py took 0.054 seconds
[2025-01-19T03:27:00.375+0000] {processor.py:186} INFO - Started process (PID=8025) to work on /home/vscode/.local/lib/python3.10/site-packages/airflow/example_dags/example_workday_timetable.py
[2025-01-19T03:27:00.376+0000] {processor.py:914} INFO - Processing file /home/vscode/.local/lib/python3.10/site-packages/airflow/example_dags/example_workday_timetable.py for tasks to queue
[2025-01-19T03:27:00.377+0000] {logging_mixin.py:190} INFO - [2025-01-19T03:27:00.377+0000] {dagbag.py:588} INFO - Filling up the DagBag from /home/vscode/.local/lib/python3.10/site-packages/airflow/example_dags/example_workday_timetable.py
[2025-01-19T03:27:00.382+0000] {processor.py:925} INFO - DAG(s) 'example_workday_timetable' retrieved from /home/vscode/.local/lib/python3.10/site-packages/airflow/example_dags/example_workday_timetable.py
[2025-01-19T03:27:00.394+0000] {logging_mixin.py:190} INFO - [2025-01-19T03:27:00.394+0000] {dag.py:3239} INFO - Sync 1 DAGs
[2025-01-19T03:27:00.409+0000] {logging_mixin.py:190} INFO - [2025-01-19T03:27:00.409+0000] {dag.py:4180} INFO - Setting next_dagrun for example_workday_timetable to 2021-01-01 00:00:00+00:00, run_after=2021-01-02 00:00:00+00:00
[2025-01-19T03:27:00.423+0000] {processor.py:208} INFO - Processing /home/vscode/.local/lib/python3.10/site-packages/airflow/example_dags/example_workday_timetable.py took 0.053 seconds
[2025-01-19T03:27:52.950+0000] {processor.py:186} INFO - Started process (PID=8422) to work on /home/vscode/.local/lib/python3.10/site-packages/airflow/example_dags/example_workday_timetable.py
[2025-01-19T03:27:52.951+0000] {processor.py:914} INFO - Processing file /home/vscode/.local/lib/python3.10/site-packages/airflow/example_dags/example_workday_timetable.py for tasks to queue
[2025-01-19T03:27:52.952+0000] {logging_mixin.py:190} INFO - [2025-01-19T03:27:52.952+0000] {dagbag.py:588} INFO - Filling up the DagBag from /home/vscode/.local/lib/python3.10/site-packages/airflow/example_dags/example_workday_timetable.py
[2025-01-19T03:27:52.957+0000] {processor.py:925} INFO - DAG(s) 'example_workday_timetable' retrieved from /home/vscode/.local/lib/python3.10/site-packages/airflow/example_dags/example_workday_timetable.py
[2025-01-19T03:27:52.967+0000] {logging_mixin.py:190} INFO - [2025-01-19T03:27:52.967+0000] {dag.py:3239} INFO - Sync 1 DAGs
[2025-01-19T03:27:52.982+0000] {logging_mixin.py:190} INFO - [2025-01-19T03:27:52.982+0000] {dag.py:4180} INFO - Setting next_dagrun for example_workday_timetable to 2021-01-01 00:00:00+00:00, run_after=2021-01-02 00:00:00+00:00
[2025-01-19T03:27:52.996+0000] {processor.py:208} INFO - Processing /home/vscode/.local/lib/python3.10/site-packages/airflow/example_dags/example_workday_timetable.py took 0.050 seconds
[2025-01-19T03:28:47.790+0000] {processor.py:186} INFO - Started process (PID=8909) to work on /home/vscode/.local/lib/python3.10/site-packages/airflow/example_dags/example_workday_timetable.py
[2025-01-19T03:28:47.791+0000] {processor.py:914} INFO - Processing file /home/vscode/.local/lib/python3.10/site-packages/airflow/example_dags/example_workday_timetable.py for tasks to queue
[2025-01-19T03:28:47.793+0000] {logging_mixin.py:190} INFO - [2025-01-19T03:28:47.792+0000] {dagbag.py:588} INFO - Filling up the DagBag from /home/vscode/.local/lib/python3.10/site-packages/airflow/example_dags/example_workday_timetable.py
[2025-01-19T03:28:47.798+0000] {processor.py:925} INFO - DAG(s) 'example_workday_timetable' retrieved from /home/vscode/.local/lib/python3.10/site-packages/airflow/example_dags/example_workday_timetable.py
[2025-01-19T03:28:47.809+0000] {logging_mixin.py:190} INFO - [2025-01-19T03:28:47.809+0000] {dag.py:3239} INFO - Sync 1 DAGs
[2025-01-19T03:28:47.826+0000] {logging_mixin.py:190} INFO - [2025-01-19T03:28:47.826+0000] {dag.py:4180} INFO - Setting next_dagrun for example_workday_timetable to 2021-01-01 00:00:00+00:00, run_after=2021-01-02 00:00:00+00:00
[2025-01-19T03:28:47.843+0000] {processor.py:208} INFO - Processing /home/vscode/.local/lib/python3.10/site-packages/airflow/example_dags/example_workday_timetable.py took 0.060 seconds
[2025-01-19T03:29:39.900+0000] {processor.py:186} INFO - Started process (PID=9291) to work on /home/vscode/.local/lib/python3.10/site-packages/airflow/example_dags/example_workday_timetable.py
[2025-01-19T03:29:39.901+0000] {processor.py:914} INFO - Processing file /home/vscode/.local/lib/python3.10/site-packages/airflow/example_dags/example_workday_timetable.py for tasks to queue
[2025-01-19T03:29:39.902+0000] {logging_mixin.py:190} INFO - [2025-01-19T03:29:39.902+0000] {dagbag.py:588} INFO - Filling up the DagBag from /home/vscode/.local/lib/python3.10/site-packages/airflow/example_dags/example_workday_timetable.py
[2025-01-19T03:29:39.907+0000] {processor.py:925} INFO - DAG(s) 'example_workday_timetable' retrieved from /home/vscode/.local/lib/python3.10/site-packages/airflow/example_dags/example_workday_timetable.py
[2025-01-19T03:29:39.918+0000] {logging_mixin.py:190} INFO - [2025-01-19T03:29:39.918+0000] {dag.py:3239} INFO - Sync 1 DAGs
[2025-01-19T03:29:39.933+0000] {logging_mixin.py:190} INFO - [2025-01-19T03:29:39.933+0000] {dag.py:4180} INFO - Setting next_dagrun for example_workday_timetable to 2021-01-01 00:00:00+00:00, run_after=2021-01-02 00:00:00+00:00
[2025-01-19T03:29:39.948+0000] {processor.py:208} INFO - Processing /home/vscode/.local/lib/python3.10/site-packages/airflow/example_dags/example_workday_timetable.py took 0.053 seconds
[2025-01-19T03:30:30.633+0000] {processor.py:186} INFO - Started process (PID=9627) to work on /home/vscode/.local/lib/python3.10/site-packages/airflow/example_dags/example_workday_timetable.py
[2025-01-19T03:30:30.633+0000] {processor.py:914} INFO - Processing file /home/vscode/.local/lib/python3.10/site-packages/airflow/example_dags/example_workday_timetable.py for tasks to queue
[2025-01-19T03:30:30.635+0000] {logging_mixin.py:190} INFO - [2025-01-19T03:30:30.635+0000] {dagbag.py:588} INFO - Filling up the DagBag from /home/vscode/.local/lib/python3.10/site-packages/airflow/example_dags/example_workday_timetable.py
[2025-01-19T03:30:30.640+0000] {processor.py:925} INFO - DAG(s) 'example_workday_timetable' retrieved from /home/vscode/.local/lib/python3.10/site-packages/airflow/example_dags/example_workday_timetable.py
[2025-01-19T03:30:30.650+0000] {logging_mixin.py:190} INFO - [2025-01-19T03:30:30.650+0000] {dag.py:3239} INFO - Sync 1 DAGs
[2025-01-19T03:30:30.665+0000] {logging_mixin.py:190} INFO - [2025-01-19T03:30:30.665+0000] {dag.py:4180} INFO - Setting next_dagrun for example_workday_timetable to 2021-01-01 00:00:00+00:00, run_after=2021-01-02 00:00:00+00:00
[2025-01-19T03:30:30.678+0000] {processor.py:208} INFO - Processing /home/vscode/.local/lib/python3.10/site-packages/airflow/example_dags/example_workday_timetable.py took 0.050 seconds
[2025-01-19T03:31:23.781+0000] {processor.py:186} INFO - Started process (PID=9988) to work on /home/vscode/.local/lib/python3.10/site-packages/airflow/example_dags/example_workday_timetable.py
[2025-01-19T03:31:23.782+0000] {processor.py:914} INFO - Processing file /home/vscode/.local/lib/python3.10/site-packages/airflow/example_dags/example_workday_timetable.py for tasks to queue
[2025-01-19T03:31:23.784+0000] {logging_mixin.py:190} INFO - [2025-01-19T03:31:23.783+0000] {dagbag.py:588} INFO - Filling up the DagBag from /home/vscode/.local/lib/python3.10/site-packages/airflow/example_dags/example_workday_timetable.py
[2025-01-19T03:31:23.789+0000] {processor.py:925} INFO - DAG(s) 'example_workday_timetable' retrieved from /home/vscode/.local/lib/python3.10/site-packages/airflow/example_dags/example_workday_timetable.py
[2025-01-19T03:31:23.800+0000] {logging_mixin.py:190} INFO - [2025-01-19T03:31:23.800+0000] {dag.py:3239} INFO - Sync 1 DAGs
[2025-01-19T03:31:23.814+0000] {logging_mixin.py:190} INFO - [2025-01-19T03:31:23.814+0000] {dag.py:4180} INFO - Setting next_dagrun for example_workday_timetable to 2021-01-01 00:00:00+00:00, run_after=2021-01-02 00:00:00+00:00
[2025-01-19T03:31:23.834+0000] {processor.py:208} INFO - Processing /home/vscode/.local/lib/python3.10/site-packages/airflow/example_dags/example_workday_timetable.py took 0.057 seconds
[2025-01-19T03:32:15.284+0000] {processor.py:186} INFO - Started process (PID=10404) to work on /home/vscode/.local/lib/python3.10/site-packages/airflow/example_dags/example_workday_timetable.py
[2025-01-19T03:32:15.285+0000] {processor.py:914} INFO - Processing file /home/vscode/.local/lib/python3.10/site-packages/airflow/example_dags/example_workday_timetable.py for tasks to queue
[2025-01-19T03:32:15.286+0000] {logging_mixin.py:190} INFO - [2025-01-19T03:32:15.286+0000] {dagbag.py:588} INFO - Filling up the DagBag from /home/vscode/.local/lib/python3.10/site-packages/airflow/example_dags/example_workday_timetable.py
[2025-01-19T03:32:15.291+0000] {processor.py:925} INFO - DAG(s) 'example_workday_timetable' retrieved from /home/vscode/.local/lib/python3.10/site-packages/airflow/example_dags/example_workday_timetable.py
[2025-01-19T03:32:15.302+0000] {logging_mixin.py:190} INFO - [2025-01-19T03:32:15.302+0000] {dag.py:3239} INFO - Sync 1 DAGs
[2025-01-19T03:32:15.317+0000] {logging_mixin.py:190} INFO - [2025-01-19T03:32:15.317+0000] {dag.py:4180} INFO - Setting next_dagrun for example_workday_timetable to 2021-01-01 00:00:00+00:00, run_after=2021-01-02 00:00:00+00:00
[2025-01-19T03:32:15.332+0000] {processor.py:208} INFO - Processing /home/vscode/.local/lib/python3.10/site-packages/airflow/example_dags/example_workday_timetable.py took 0.052 seconds
[2025-01-19T03:33:05.421+0000] {processor.py:186} INFO - Started process (PID=10814) to work on /home/vscode/.local/lib/python3.10/site-packages/airflow/example_dags/example_workday_timetable.py
[2025-01-19T03:33:05.422+0000] {processor.py:914} INFO - Processing file /home/vscode/.local/lib/python3.10/site-packages/airflow/example_dags/example_workday_timetable.py for tasks to queue
[2025-01-19T03:33:05.424+0000] {logging_mixin.py:190} INFO - [2025-01-19T03:33:05.424+0000] {dagbag.py:588} INFO - Filling up the DagBag from /home/vscode/.local/lib/python3.10/site-packages/airflow/example_dags/example_workday_timetable.py
[2025-01-19T03:33:05.429+0000] {processor.py:925} INFO - DAG(s) 'example_workday_timetable' retrieved from /home/vscode/.local/lib/python3.10/site-packages/airflow/example_dags/example_workday_timetable.py
[2025-01-19T03:33:05.439+0000] {logging_mixin.py:190} INFO - [2025-01-19T03:33:05.439+0000] {dag.py:3239} INFO - Sync 1 DAGs
[2025-01-19T03:33:05.455+0000] {logging_mixin.py:190} INFO - [2025-01-19T03:33:05.455+0000] {dag.py:4180} INFO - Setting next_dagrun for example_workday_timetable to 2021-01-01 00:00:00+00:00, run_after=2021-01-02 00:00:00+00:00
[2025-01-19T03:33:05.469+0000] {processor.py:208} INFO - Processing /home/vscode/.local/lib/python3.10/site-packages/airflow/example_dags/example_workday_timetable.py took 0.055 seconds
[2025-01-19T03:33:56.264+0000] {processor.py:186} INFO - Started process (PID=11162) to work on /home/vscode/.local/lib/python3.10/site-packages/airflow/example_dags/example_workday_timetable.py
[2025-01-19T03:33:56.264+0000] {processor.py:914} INFO - Processing file /home/vscode/.local/lib/python3.10/site-packages/airflow/example_dags/example_workday_timetable.py for tasks to queue
[2025-01-19T03:33:56.266+0000] {logging_mixin.py:190} INFO - [2025-01-19T03:33:56.266+0000] {dagbag.py:588} INFO - Filling up the DagBag from /home/vscode/.local/lib/python3.10/site-packages/airflow/example_dags/example_workday_timetable.py
[2025-01-19T03:33:56.271+0000] {processor.py:925} INFO - DAG(s) 'example_workday_timetable' retrieved from /home/vscode/.local/lib/python3.10/site-packages/airflow/example_dags/example_workday_timetable.py
[2025-01-19T03:33:56.282+0000] {logging_mixin.py:190} INFO - [2025-01-19T03:33:56.281+0000] {dag.py:3239} INFO - Sync 1 DAGs
[2025-01-19T03:33:56.296+0000] {logging_mixin.py:190} INFO - [2025-01-19T03:33:56.296+0000] {dag.py:4180} INFO - Setting next_dagrun for example_workday_timetable to 2021-01-01 00:00:00+00:00, run_after=2021-01-02 00:00:00+00:00
[2025-01-19T03:33:56.311+0000] {processor.py:208} INFO - Processing /home/vscode/.local/lib/python3.10/site-packages/airflow/example_dags/example_workday_timetable.py took 0.052 seconds
[2025-01-19T03:34:46.619+0000] {processor.py:186} INFO - Started process (PID=11566) to work on /home/vscode/.local/lib/python3.10/site-packages/airflow/example_dags/example_workday_timetable.py
[2025-01-19T03:34:46.620+0000] {processor.py:914} INFO - Processing file /home/vscode/.local/lib/python3.10/site-packages/airflow/example_dags/example_workday_timetable.py for tasks to queue
[2025-01-19T03:34:46.622+0000] {logging_mixin.py:190} INFO - [2025-01-19T03:34:46.621+0000] {dagbag.py:588} INFO - Filling up the DagBag from /home/vscode/.local/lib/python3.10/site-packages/airflow/example_dags/example_workday_timetable.py
[2025-01-19T03:34:46.626+0000] {processor.py:925} INFO - DAG(s) 'example_workday_timetable' retrieved from /home/vscode/.local/lib/python3.10/site-packages/airflow/example_dags/example_workday_timetable.py
[2025-01-19T03:34:46.637+0000] {logging_mixin.py:190} INFO - [2025-01-19T03:34:46.637+0000] {dag.py:3239} INFO - Sync 1 DAGs
[2025-01-19T03:34:46.651+0000] {logging_mixin.py:190} INFO - [2025-01-19T03:34:46.651+0000] {dag.py:4180} INFO - Setting next_dagrun for example_workday_timetable to 2021-01-01 00:00:00+00:00, run_after=2021-01-02 00:00:00+00:00
[2025-01-19T03:34:46.665+0000] {processor.py:208} INFO - Processing /home/vscode/.local/lib/python3.10/site-packages/airflow/example_dags/example_workday_timetable.py took 0.050 seconds
[2025-01-19T03:35:36.630+0000] {processor.py:186} INFO - Started process (PID=11950) to work on /home/vscode/.local/lib/python3.10/site-packages/airflow/example_dags/example_workday_timetable.py
[2025-01-19T03:35:36.631+0000] {processor.py:914} INFO - Processing file /home/vscode/.local/lib/python3.10/site-packages/airflow/example_dags/example_workday_timetable.py for tasks to queue
[2025-01-19T03:35:36.632+0000] {logging_mixin.py:190} INFO - [2025-01-19T03:35:36.632+0000] {dagbag.py:588} INFO - Filling up the DagBag from /home/vscode/.local/lib/python3.10/site-packages/airflow/example_dags/example_workday_timetable.py
[2025-01-19T03:35:36.637+0000] {processor.py:925} INFO - DAG(s) 'example_workday_timetable' retrieved from /home/vscode/.local/lib/python3.10/site-packages/airflow/example_dags/example_workday_timetable.py
[2025-01-19T03:35:36.648+0000] {logging_mixin.py:190} INFO - [2025-01-19T03:35:36.648+0000] {dag.py:3239} INFO - Sync 1 DAGs
[2025-01-19T03:35:36.663+0000] {logging_mixin.py:190} INFO - [2025-01-19T03:35:36.662+0000] {dag.py:4180} INFO - Setting next_dagrun for example_workday_timetable to 2021-01-01 00:00:00+00:00, run_after=2021-01-02 00:00:00+00:00
[2025-01-19T03:35:36.677+0000] {processor.py:208} INFO - Processing /home/vscode/.local/lib/python3.10/site-packages/airflow/example_dags/example_workday_timetable.py took 0.051 seconds
[2025-01-19T03:36:25.673+0000] {processor.py:186} INFO - Started process (PID=12307) to work on /home/vscode/.local/lib/python3.10/site-packages/airflow/example_dags/example_workday_timetable.py
[2025-01-19T03:36:25.674+0000] {processor.py:914} INFO - Processing file /home/vscode/.local/lib/python3.10/site-packages/airflow/example_dags/example_workday_timetable.py for tasks to queue
[2025-01-19T03:36:25.675+0000] {logging_mixin.py:190} INFO - [2025-01-19T03:36:25.675+0000] {dagbag.py:588} INFO - Filling up the DagBag from /home/vscode/.local/lib/python3.10/site-packages/airflow/example_dags/example_workday_timetable.py
[2025-01-19T03:36:25.680+0000] {processor.py:925} INFO - DAG(s) 'example_workday_timetable' retrieved from /home/vscode/.local/lib/python3.10/site-packages/airflow/example_dags/example_workday_timetable.py
[2025-01-19T03:36:25.691+0000] {logging_mixin.py:190} INFO - [2025-01-19T03:36:25.691+0000] {dag.py:3239} INFO - Sync 1 DAGs
[2025-01-19T03:36:25.706+0000] {logging_mixin.py:190} INFO - [2025-01-19T03:36:25.706+0000] {dag.py:4180} INFO - Setting next_dagrun for example_workday_timetable to 2021-01-01 00:00:00+00:00, run_after=2021-01-02 00:00:00+00:00
[2025-01-19T03:36:25.720+0000] {processor.py:208} INFO - Processing /home/vscode/.local/lib/python3.10/site-packages/airflow/example_dags/example_workday_timetable.py took 0.051 seconds
[2025-01-19T03:37:15.521+0000] {processor.py:186} INFO - Started process (PID=12654) to work on /home/vscode/.local/lib/python3.10/site-packages/airflow/example_dags/example_workday_timetable.py
[2025-01-19T03:37:15.521+0000] {processor.py:914} INFO - Processing file /home/vscode/.local/lib/python3.10/site-packages/airflow/example_dags/example_workday_timetable.py for tasks to queue
[2025-01-19T03:37:15.523+0000] {logging_mixin.py:190} INFO - [2025-01-19T03:37:15.523+0000] {dagbag.py:588} INFO - Filling up the DagBag from /home/vscode/.local/lib/python3.10/site-packages/airflow/example_dags/example_workday_timetable.py
[2025-01-19T03:37:15.528+0000] {processor.py:925} INFO - DAG(s) 'example_workday_timetable' retrieved from /home/vscode/.local/lib/python3.10/site-packages/airflow/example_dags/example_workday_timetable.py
[2025-01-19T03:37:15.538+0000] {logging_mixin.py:190} INFO - [2025-01-19T03:37:15.538+0000] {dag.py:3239} INFO - Sync 1 DAGs
[2025-01-19T03:37:15.553+0000] {logging_mixin.py:190} INFO - [2025-01-19T03:37:15.553+0000] {dag.py:4180} INFO - Setting next_dagrun for example_workday_timetable to 2021-01-01 00:00:00+00:00, run_after=2021-01-02 00:00:00+00:00
[2025-01-19T03:37:15.567+0000] {processor.py:208} INFO - Processing /home/vscode/.local/lib/python3.10/site-packages/airflow/example_dags/example_workday_timetable.py took 0.051 seconds
[2025-01-19T03:38:08.176+0000] {processor.py:186} INFO - Started process (PID=13008) to work on /home/vscode/.local/lib/python3.10/site-packages/airflow/example_dags/example_workday_timetable.py
[2025-01-19T03:38:08.177+0000] {processor.py:914} INFO - Processing file /home/vscode/.local/lib/python3.10/site-packages/airflow/example_dags/example_workday_timetable.py for tasks to queue
[2025-01-19T03:38:08.178+0000] {logging_mixin.py:190} INFO - [2025-01-19T03:38:08.178+0000] {dagbag.py:588} INFO - Filling up the DagBag from /home/vscode/.local/lib/python3.10/site-packages/airflow/example_dags/example_workday_timetable.py
[2025-01-19T03:38:08.183+0000] {processor.py:925} INFO - DAG(s) 'example_workday_timetable' retrieved from /home/vscode/.local/lib/python3.10/site-packages/airflow/example_dags/example_workday_timetable.py
[2025-01-19T03:38:08.193+0000] {logging_mixin.py:190} INFO - [2025-01-19T03:38:08.193+0000] {dag.py:3239} INFO - Sync 1 DAGs
[2025-01-19T03:38:08.209+0000] {logging_mixin.py:190} INFO - [2025-01-19T03:38:08.209+0000] {dag.py:4180} INFO - Setting next_dagrun for example_workday_timetable to 2021-01-01 00:00:00+00:00, run_after=2021-01-02 00:00:00+00:00
[2025-01-19T03:38:08.223+0000] {processor.py:208} INFO - Processing /home/vscode/.local/lib/python3.10/site-packages/airflow/example_dags/example_workday_timetable.py took 0.052 seconds
[2025-01-19T03:38:57.112+0000] {processor.py:186} INFO - Started process (PID=13339) to work on /home/vscode/.local/lib/python3.10/site-packages/airflow/example_dags/example_workday_timetable.py
[2025-01-19T03:38:57.113+0000] {processor.py:914} INFO - Processing file /home/vscode/.local/lib/python3.10/site-packages/airflow/example_dags/example_workday_timetable.py for tasks to queue
[2025-01-19T03:38:57.115+0000] {logging_mixin.py:190} INFO - [2025-01-19T03:38:57.114+0000] {dagbag.py:588} INFO - Filling up the DagBag from /home/vscode/.local/lib/python3.10/site-packages/airflow/example_dags/example_workday_timetable.py
[2025-01-19T03:38:57.120+0000] {processor.py:925} INFO - DAG(s) 'example_workday_timetable' retrieved from /home/vscode/.local/lib/python3.10/site-packages/airflow/example_dags/example_workday_timetable.py
[2025-01-19T03:38:57.130+0000] {logging_mixin.py:190} INFO - [2025-01-19T03:38:57.130+0000] {dag.py:3239} INFO - Sync 1 DAGs
[2025-01-19T03:38:57.145+0000] {logging_mixin.py:190} INFO - [2025-01-19T03:38:57.145+0000] {dag.py:4180} INFO - Setting next_dagrun for example_workday_timetable to 2021-01-01 00:00:00+00:00, run_after=2021-01-02 00:00:00+00:00
[2025-01-19T03:38:57.159+0000] {processor.py:208} INFO - Processing /home/vscode/.local/lib/python3.10/site-packages/airflow/example_dags/example_workday_timetable.py took 0.051 seconds
[2025-01-19T03:39:46.224+0000] {processor.py:186} INFO - Started process (PID=13672) to work on /home/vscode/.local/lib/python3.10/site-packages/airflow/example_dags/example_workday_timetable.py
[2025-01-19T03:39:46.225+0000] {processor.py:914} INFO - Processing file /home/vscode/.local/lib/python3.10/site-packages/airflow/example_dags/example_workday_timetable.py for tasks to queue
[2025-01-19T03:39:46.226+0000] {logging_mixin.py:190} INFO - [2025-01-19T03:39:46.226+0000] {dagbag.py:588} INFO - Filling up the DagBag from /home/vscode/.local/lib/python3.10/site-packages/airflow/example_dags/example_workday_timetable.py
[2025-01-19T03:39:46.232+0000] {processor.py:925} INFO - DAG(s) 'example_workday_timetable' retrieved from /home/vscode/.local/lib/python3.10/site-packages/airflow/example_dags/example_workday_timetable.py
[2025-01-19T03:39:46.243+0000] {logging_mixin.py:190} INFO - [2025-01-19T03:39:46.243+0000] {dag.py:3239} INFO - Sync 1 DAGs
[2025-01-19T03:39:46.258+0000] {logging_mixin.py:190} INFO - [2025-01-19T03:39:46.258+0000] {dag.py:4180} INFO - Setting next_dagrun for example_workday_timetable to 2021-01-01 00:00:00+00:00, run_after=2021-01-02 00:00:00+00:00
[2025-01-19T03:39:46.273+0000] {processor.py:208} INFO - Processing /home/vscode/.local/lib/python3.10/site-packages/airflow/example_dags/example_workday_timetable.py took 0.053 seconds
[2025-01-19T03:40:38.714+0000] {processor.py:186} INFO - Started process (PID=14025) to work on /home/vscode/.local/lib/python3.10/site-packages/airflow/example_dags/example_workday_timetable.py
[2025-01-19T03:40:38.714+0000] {processor.py:914} INFO - Processing file /home/vscode/.local/lib/python3.10/site-packages/airflow/example_dags/example_workday_timetable.py for tasks to queue
[2025-01-19T03:40:38.716+0000] {logging_mixin.py:190} INFO - [2025-01-19T03:40:38.716+0000] {dagbag.py:588} INFO - Filling up the DagBag from /home/vscode/.local/lib/python3.10/site-packages/airflow/example_dags/example_workday_timetable.py
[2025-01-19T03:40:38.720+0000] {processor.py:925} INFO - DAG(s) 'example_workday_timetable' retrieved from /home/vscode/.local/lib/python3.10/site-packages/airflow/example_dags/example_workday_timetable.py
[2025-01-19T03:40:38.731+0000] {logging_mixin.py:190} INFO - [2025-01-19T03:40:38.731+0000] {dag.py:3239} INFO - Sync 1 DAGs
[2025-01-19T03:40:38.746+0000] {logging_mixin.py:190} INFO - [2025-01-19T03:40:38.745+0000] {dag.py:4180} INFO - Setting next_dagrun for example_workday_timetable to 2021-01-01 00:00:00+00:00, run_after=2021-01-02 00:00:00+00:00
[2025-01-19T03:40:38.760+0000] {processor.py:208} INFO - Processing /home/vscode/.local/lib/python3.10/site-packages/airflow/example_dags/example_workday_timetable.py took 0.050 seconds
[2025-01-19T03:41:27.236+0000] {processor.py:186} INFO - Started process (PID=14353) to work on /home/vscode/.local/lib/python3.10/site-packages/airflow/example_dags/example_workday_timetable.py
[2025-01-19T03:41:27.237+0000] {processor.py:914} INFO - Processing file /home/vscode/.local/lib/python3.10/site-packages/airflow/example_dags/example_workday_timetable.py for tasks to queue
[2025-01-19T03:41:27.239+0000] {logging_mixin.py:190} INFO - [2025-01-19T03:41:27.238+0000] {dagbag.py:588} INFO - Filling up the DagBag from /home/vscode/.local/lib/python3.10/site-packages/airflow/example_dags/example_workday_timetable.py
[2025-01-19T03:41:27.244+0000] {processor.py:925} INFO - DAG(s) 'example_workday_timetable' retrieved from /home/vscode/.local/lib/python3.10/site-packages/airflow/example_dags/example_workday_timetable.py
[2025-01-19T03:41:27.254+0000] {logging_mixin.py:190} INFO - [2025-01-19T03:41:27.254+0000] {dag.py:3239} INFO - Sync 1 DAGs
[2025-01-19T03:41:27.269+0000] {logging_mixin.py:190} INFO - [2025-01-19T03:41:27.269+0000] {dag.py:4180} INFO - Setting next_dagrun for example_workday_timetable to 2021-01-01 00:00:00+00:00, run_after=2021-01-02 00:00:00+00:00
[2025-01-19T03:41:27.283+0000] {processor.py:208} INFO - Processing /home/vscode/.local/lib/python3.10/site-packages/airflow/example_dags/example_workday_timetable.py took 0.052 seconds
[2025-01-19T03:42:20.261+0000] {processor.py:186} INFO - Started process (PID=14711) to work on /home/vscode/.local/lib/python3.10/site-packages/airflow/example_dags/example_workday_timetable.py
[2025-01-19T03:42:20.262+0000] {processor.py:914} INFO - Processing file /home/vscode/.local/lib/python3.10/site-packages/airflow/example_dags/example_workday_timetable.py for tasks to queue
[2025-01-19T03:42:20.264+0000] {logging_mixin.py:190} INFO - [2025-01-19T03:42:20.263+0000] {dagbag.py:588} INFO - Filling up the DagBag from /home/vscode/.local/lib/python3.10/site-packages/airflow/example_dags/example_workday_timetable.py
[2025-01-19T03:42:20.268+0000] {processor.py:925} INFO - DAG(s) 'example_workday_timetable' retrieved from /home/vscode/.local/lib/python3.10/site-packages/airflow/example_dags/example_workday_timetable.py
[2025-01-19T03:42:20.279+0000] {logging_mixin.py:190} INFO - [2025-01-19T03:42:20.279+0000] {dag.py:3239} INFO - Sync 1 DAGs
[2025-01-19T03:42:20.294+0000] {logging_mixin.py:190} INFO - [2025-01-19T03:42:20.294+0000] {dag.py:4180} INFO - Setting next_dagrun for example_workday_timetable to 2021-01-01 00:00:00+00:00, run_after=2021-01-02 00:00:00+00:00
[2025-01-19T03:42:20.310+0000] {processor.py:208} INFO - Processing /home/vscode/.local/lib/python3.10/site-packages/airflow/example_dags/example_workday_timetable.py took 0.053 seconds
[2025-01-19T03:43:09.959+0000] {processor.py:186} INFO - Started process (PID=15047) to work on /home/vscode/.local/lib/python3.10/site-packages/airflow/example_dags/example_workday_timetable.py
[2025-01-19T03:43:09.959+0000] {processor.py:914} INFO - Processing file /home/vscode/.local/lib/python3.10/site-packages/airflow/example_dags/example_workday_timetable.py for tasks to queue
[2025-01-19T03:43:09.961+0000] {logging_mixin.py:190} INFO - [2025-01-19T03:43:09.961+0000] {dagbag.py:588} INFO - Filling up the DagBag from /home/vscode/.local/lib/python3.10/site-packages/airflow/example_dags/example_workday_timetable.py
[2025-01-19T03:43:09.966+0000] {processor.py:925} INFO - DAG(s) 'example_workday_timetable' retrieved from /home/vscode/.local/lib/python3.10/site-packages/airflow/example_dags/example_workday_timetable.py
[2025-01-19T03:43:09.976+0000] {logging_mixin.py:190} INFO - [2025-01-19T03:43:09.976+0000] {dag.py:3239} INFO - Sync 1 DAGs
[2025-01-19T03:43:09.991+0000] {logging_mixin.py:190} INFO - [2025-01-19T03:43:09.991+0000] {dag.py:4180} INFO - Setting next_dagrun for example_workday_timetable to 2021-01-01 00:00:00+00:00, run_after=2021-01-02 00:00:00+00:00
[2025-01-19T03:43:10.007+0000] {processor.py:208} INFO - Processing /home/vscode/.local/lib/python3.10/site-packages/airflow/example_dags/example_workday_timetable.py took 0.053 seconds
[2025-01-19T03:44:02.768+0000] {processor.py:186} INFO - Started process (PID=15401) to work on /home/vscode/.local/lib/python3.10/site-packages/airflow/example_dags/example_workday_timetable.py
[2025-01-19T03:44:02.769+0000] {processor.py:914} INFO - Processing file /home/vscode/.local/lib/python3.10/site-packages/airflow/example_dags/example_workday_timetable.py for tasks to queue
[2025-01-19T03:44:02.771+0000] {logging_mixin.py:190} INFO - [2025-01-19T03:44:02.771+0000] {dagbag.py:588} INFO - Filling up the DagBag from /home/vscode/.local/lib/python3.10/site-packages/airflow/example_dags/example_workday_timetable.py
[2025-01-19T03:44:02.776+0000] {processor.py:925} INFO - DAG(s) 'example_workday_timetable' retrieved from /home/vscode/.local/lib/python3.10/site-packages/airflow/example_dags/example_workday_timetable.py
[2025-01-19T03:44:02.787+0000] {logging_mixin.py:190} INFO - [2025-01-19T03:44:02.787+0000] {dag.py:3239} INFO - Sync 1 DAGs
[2025-01-19T03:44:02.802+0000] {logging_mixin.py:190} INFO - [2025-01-19T03:44:02.802+0000] {dag.py:4180} INFO - Setting next_dagrun for example_workday_timetable to 2021-01-01 00:00:00+00:00, run_after=2021-01-02 00:00:00+00:00
[2025-01-19T03:44:02.817+0000] {processor.py:208} INFO - Processing /home/vscode/.local/lib/python3.10/site-packages/airflow/example_dags/example_workday_timetable.py took 0.053 seconds
[2025-01-19T03:44:55.480+0000] {processor.py:186} INFO - Started process (PID=15756) to work on /home/vscode/.local/lib/python3.10/site-packages/airflow/example_dags/example_workday_timetable.py
[2025-01-19T03:44:55.481+0000] {processor.py:914} INFO - Processing file /home/vscode/.local/lib/python3.10/site-packages/airflow/example_dags/example_workday_timetable.py for tasks to queue
[2025-01-19T03:44:55.482+0000] {logging_mixin.py:190} INFO - [2025-01-19T03:44:55.482+0000] {dagbag.py:588} INFO - Filling up the DagBag from /home/vscode/.local/lib/python3.10/site-packages/airflow/example_dags/example_workday_timetable.py
[2025-01-19T03:44:55.487+0000] {processor.py:925} INFO - DAG(s) 'example_workday_timetable' retrieved from /home/vscode/.local/lib/python3.10/site-packages/airflow/example_dags/example_workday_timetable.py
[2025-01-19T03:44:55.498+0000] {logging_mixin.py:190} INFO - [2025-01-19T03:44:55.498+0000] {dag.py:3239} INFO - Sync 1 DAGs
[2025-01-19T03:44:55.513+0000] {logging_mixin.py:190} INFO - [2025-01-19T03:44:55.513+0000] {dag.py:4180} INFO - Setting next_dagrun for example_workday_timetable to 2021-01-01 00:00:00+00:00, run_after=2021-01-02 00:00:00+00:00
[2025-01-19T03:44:55.528+0000] {processor.py:208} INFO - Processing /home/vscode/.local/lib/python3.10/site-packages/airflow/example_dags/example_workday_timetable.py took 0.053 seconds
[2025-01-19T03:45:46.820+0000] {processor.py:186} INFO - Started process (PID=16104) to work on /home/vscode/.local/lib/python3.10/site-packages/airflow/example_dags/example_workday_timetable.py
[2025-01-19T03:45:46.820+0000] {processor.py:914} INFO - Processing file /home/vscode/.local/lib/python3.10/site-packages/airflow/example_dags/example_workday_timetable.py for tasks to queue
[2025-01-19T03:45:46.822+0000] {logging_mixin.py:190} INFO - [2025-01-19T03:45:46.822+0000] {dagbag.py:588} INFO - Filling up the DagBag from /home/vscode/.local/lib/python3.10/site-packages/airflow/example_dags/example_workday_timetable.py
[2025-01-19T03:45:46.827+0000] {processor.py:925} INFO - DAG(s) 'example_workday_timetable' retrieved from /home/vscode/.local/lib/python3.10/site-packages/airflow/example_dags/example_workday_timetable.py
[2025-01-19T03:45:46.839+0000] {logging_mixin.py:190} INFO - [2025-01-19T03:45:46.839+0000] {dag.py:3239} INFO - Sync 1 DAGs
[2025-01-19T03:45:46.859+0000] {logging_mixin.py:190} INFO - [2025-01-19T03:45:46.859+0000] {dag.py:4180} INFO - Setting next_dagrun for example_workday_timetable to 2021-01-01 00:00:00+00:00, run_after=2021-01-02 00:00:00+00:00
[2025-01-19T03:45:46.873+0000] {processor.py:208} INFO - Processing /home/vscode/.local/lib/python3.10/site-packages/airflow/example_dags/example_workday_timetable.py took 0.058 seconds
[2025-01-19T03:46:36.905+0000] {processor.py:186} INFO - Started process (PID=16441) to work on /home/vscode/.local/lib/python3.10/site-packages/airflow/example_dags/example_workday_timetable.py
[2025-01-19T03:46:36.906+0000] {processor.py:914} INFO - Processing file /home/vscode/.local/lib/python3.10/site-packages/airflow/example_dags/example_workday_timetable.py for tasks to queue
[2025-01-19T03:46:36.908+0000] {logging_mixin.py:190} INFO - [2025-01-19T03:46:36.907+0000] {dagbag.py:588} INFO - Filling up the DagBag from /home/vscode/.local/lib/python3.10/site-packages/airflow/example_dags/example_workday_timetable.py
[2025-01-19T03:46:36.913+0000] {processor.py:925} INFO - DAG(s) 'example_workday_timetable' retrieved from /home/vscode/.local/lib/python3.10/site-packages/airflow/example_dags/example_workday_timetable.py
[2025-01-19T03:46:36.923+0000] {logging_mixin.py:190} INFO - [2025-01-19T03:46:36.923+0000] {dag.py:3239} INFO - Sync 1 DAGs
[2025-01-19T03:46:36.938+0000] {logging_mixin.py:190} INFO - [2025-01-19T03:46:36.937+0000] {dag.py:4180} INFO - Setting next_dagrun for example_workday_timetable to 2021-01-01 00:00:00+00:00, run_after=2021-01-02 00:00:00+00:00
[2025-01-19T03:46:36.952+0000] {processor.py:208} INFO - Processing /home/vscode/.local/lib/python3.10/site-packages/airflow/example_dags/example_workday_timetable.py took 0.051 seconds
[2025-01-19T03:47:30.823+0000] {processor.py:186} INFO - Started process (PID=16802) to work on /home/vscode/.local/lib/python3.10/site-packages/airflow/example_dags/example_workday_timetable.py
[2025-01-19T03:47:30.824+0000] {processor.py:914} INFO - Processing file /home/vscode/.local/lib/python3.10/site-packages/airflow/example_dags/example_workday_timetable.py for tasks to queue
[2025-01-19T03:47:30.826+0000] {logging_mixin.py:190} INFO - [2025-01-19T03:47:30.825+0000] {dagbag.py:588} INFO - Filling up the DagBag from /home/vscode/.local/lib/python3.10/site-packages/airflow/example_dags/example_workday_timetable.py
[2025-01-19T03:47:30.830+0000] {processor.py:925} INFO - DAG(s) 'example_workday_timetable' retrieved from /home/vscode/.local/lib/python3.10/site-packages/airflow/example_dags/example_workday_timetable.py
[2025-01-19T03:47:30.844+0000] {logging_mixin.py:190} INFO - [2025-01-19T03:47:30.843+0000] {dag.py:3239} INFO - Sync 1 DAGs
[2025-01-19T03:47:30.865+0000] {logging_mixin.py:190} INFO - [2025-01-19T03:47:30.865+0000] {dag.py:4180} INFO - Setting next_dagrun for example_workday_timetable to 2021-01-01 00:00:00+00:00, run_after=2021-01-02 00:00:00+00:00
[2025-01-19T03:47:30.884+0000] {processor.py:208} INFO - Processing /home/vscode/.local/lib/python3.10/site-packages/airflow/example_dags/example_workday_timetable.py took 0.065 seconds
[2025-01-19T03:48:19.959+0000] {processor.py:186} INFO - Started process (PID=17141) to work on /home/vscode/.local/lib/python3.10/site-packages/airflow/example_dags/example_workday_timetable.py
[2025-01-19T03:48:19.960+0000] {processor.py:914} INFO - Processing file /home/vscode/.local/lib/python3.10/site-packages/airflow/example_dags/example_workday_timetable.py for tasks to queue
[2025-01-19T03:48:19.961+0000] {logging_mixin.py:190} INFO - [2025-01-19T03:48:19.961+0000] {dagbag.py:588} INFO - Filling up the DagBag from /home/vscode/.local/lib/python3.10/site-packages/airflow/example_dags/example_workday_timetable.py
[2025-01-19T03:48:19.966+0000] {processor.py:925} INFO - DAG(s) 'example_workday_timetable' retrieved from /home/vscode/.local/lib/python3.10/site-packages/airflow/example_dags/example_workday_timetable.py
[2025-01-19T03:48:19.977+0000] {logging_mixin.py:190} INFO - [2025-01-19T03:48:19.977+0000] {dag.py:3239} INFO - Sync 1 DAGs
[2025-01-19T03:48:19.991+0000] {logging_mixin.py:190} INFO - [2025-01-19T03:48:19.991+0000] {dag.py:4180} INFO - Setting next_dagrun for example_workday_timetable to 2021-01-01 00:00:00+00:00, run_after=2021-01-02 00:00:00+00:00
[2025-01-19T03:48:20.008+0000] {processor.py:208} INFO - Processing /home/vscode/.local/lib/python3.10/site-packages/airflow/example_dags/example_workday_timetable.py took 0.054 seconds
[2025-01-19T03:49:10.017+0000] {processor.py:186} INFO - Started process (PID=17587) to work on /home/vscode/.local/lib/python3.10/site-packages/airflow/example_dags/example_workday_timetable.py
[2025-01-19T03:49:10.018+0000] {processor.py:914} INFO - Processing file /home/vscode/.local/lib/python3.10/site-packages/airflow/example_dags/example_workday_timetable.py for tasks to queue
[2025-01-19T03:49:10.019+0000] {logging_mixin.py:190} INFO - [2025-01-19T03:49:10.019+0000] {dagbag.py:588} INFO - Filling up the DagBag from /home/vscode/.local/lib/python3.10/site-packages/airflow/example_dags/example_workday_timetable.py
[2025-01-19T03:49:10.025+0000] {processor.py:925} INFO - DAG(s) 'example_workday_timetable' retrieved from /home/vscode/.local/lib/python3.10/site-packages/airflow/example_dags/example_workday_timetable.py
[2025-01-19T03:49:10.036+0000] {logging_mixin.py:190} INFO - [2025-01-19T03:49:10.036+0000] {dag.py:3239} INFO - Sync 1 DAGs
[2025-01-19T03:49:10.051+0000] {logging_mixin.py:190} INFO - [2025-01-19T03:49:10.051+0000] {dag.py:4180} INFO - Setting next_dagrun for example_workday_timetable to 2021-01-01 00:00:00+00:00, run_after=2021-01-02 00:00:00+00:00
[2025-01-19T03:49:10.066+0000] {processor.py:208} INFO - Processing /home/vscode/.local/lib/python3.10/site-packages/airflow/example_dags/example_workday_timetable.py took 0.054 seconds
[2025-01-19T03:50:02.617+0000] {processor.py:186} INFO - Started process (PID=17993) to work on /home/vscode/.local/lib/python3.10/site-packages/airflow/example_dags/example_workday_timetable.py
[2025-01-19T03:50:02.618+0000] {processor.py:914} INFO - Processing file /home/vscode/.local/lib/python3.10/site-packages/airflow/example_dags/example_workday_timetable.py for tasks to queue
[2025-01-19T03:50:02.620+0000] {logging_mixin.py:190} INFO - [2025-01-19T03:50:02.619+0000] {dagbag.py:588} INFO - Filling up the DagBag from /home/vscode/.local/lib/python3.10/site-packages/airflow/example_dags/example_workday_timetable.py
[2025-01-19T03:50:02.625+0000] {processor.py:925} INFO - DAG(s) 'example_workday_timetable' retrieved from /home/vscode/.local/lib/python3.10/site-packages/airflow/example_dags/example_workday_timetable.py
[2025-01-19T03:50:02.636+0000] {logging_mixin.py:190} INFO - [2025-01-19T03:50:02.636+0000] {dag.py:3239} INFO - Sync 1 DAGs
[2025-01-19T03:50:02.651+0000] {logging_mixin.py:190} INFO - [2025-01-19T03:50:02.651+0000] {dag.py:4180} INFO - Setting next_dagrun for example_workday_timetable to 2021-01-01 00:00:00+00:00, run_after=2021-01-02 00:00:00+00:00
[2025-01-19T03:50:02.667+0000] {processor.py:208} INFO - Processing /home/vscode/.local/lib/python3.10/site-packages/airflow/example_dags/example_workday_timetable.py took 0.054 seconds
[2025-01-19T03:50:51.343+0000] {processor.py:186} INFO - Started process (PID=18362) to work on /home/vscode/.local/lib/python3.10/site-packages/airflow/example_dags/example_workday_timetable.py
[2025-01-19T03:50:51.343+0000] {processor.py:914} INFO - Processing file /home/vscode/.local/lib/python3.10/site-packages/airflow/example_dags/example_workday_timetable.py for tasks to queue
[2025-01-19T03:50:51.345+0000] {logging_mixin.py:190} INFO - [2025-01-19T03:50:51.345+0000] {dagbag.py:588} INFO - Filling up the DagBag from /home/vscode/.local/lib/python3.10/site-packages/airflow/example_dags/example_workday_timetable.py
[2025-01-19T03:50:51.350+0000] {processor.py:925} INFO - DAG(s) 'example_workday_timetable' retrieved from /home/vscode/.local/lib/python3.10/site-packages/airflow/example_dags/example_workday_timetable.py
[2025-01-19T03:50:51.360+0000] {logging_mixin.py:190} INFO - [2025-01-19T03:50:51.360+0000] {dag.py:3239} INFO - Sync 1 DAGs
[2025-01-19T03:50:51.375+0000] {logging_mixin.py:190} INFO - [2025-01-19T03:50:51.375+0000] {dag.py:4180} INFO - Setting next_dagrun for example_workday_timetable to 2021-01-01 00:00:00+00:00, run_after=2021-01-02 00:00:00+00:00
[2025-01-19T03:50:51.391+0000] {processor.py:208} INFO - Processing /home/vscode/.local/lib/python3.10/site-packages/airflow/example_dags/example_workday_timetable.py took 0.053 seconds
[2025-01-19T03:55:04.720+0000] {processor.py:186} INFO - Started process (PID=20172) to work on /home/vscode/.local/lib/python3.10/site-packages/airflow/example_dags/example_workday_timetable.py
[2025-01-19T03:55:04.720+0000] {processor.py:914} INFO - Processing file /home/vscode/.local/lib/python3.10/site-packages/airflow/example_dags/example_workday_timetable.py for tasks to queue
[2025-01-19T03:55:04.722+0000] {logging_mixin.py:190} INFO - [2025-01-19T03:55:04.722+0000] {dagbag.py:588} INFO - Filling up the DagBag from /home/vscode/.local/lib/python3.10/site-packages/airflow/example_dags/example_workday_timetable.py
[2025-01-19T03:55:04.727+0000] {processor.py:925} INFO - DAG(s) 'example_workday_timetable' retrieved from /home/vscode/.local/lib/python3.10/site-packages/airflow/example_dags/example_workday_timetable.py
[2025-01-19T03:55:04.740+0000] {logging_mixin.py:190} INFO - [2025-01-19T03:55:04.739+0000] {dag.py:3239} INFO - Sync 1 DAGs
[2025-01-19T03:55:04.756+0000] {logging_mixin.py:190} INFO - [2025-01-19T03:55:04.756+0000] {dag.py:4180} INFO - Setting next_dagrun for example_workday_timetable to 2021-01-01 00:00:00+00:00, run_after=2021-01-02 00:00:00+00:00
[2025-01-19T03:55:04.771+0000] {processor.py:208} INFO - Processing /home/vscode/.local/lib/python3.10/site-packages/airflow/example_dags/example_workday_timetable.py took 0.056 seconds
[2025-01-19T03:56:00.177+0000] {processor.py:186} INFO - Started process (PID=20557) to work on /home/vscode/.local/lib/python3.10/site-packages/airflow/example_dags/example_workday_timetable.py
[2025-01-19T03:56:00.178+0000] {processor.py:914} INFO - Processing file /home/vscode/.local/lib/python3.10/site-packages/airflow/example_dags/example_workday_timetable.py for tasks to queue
[2025-01-19T03:56:00.180+0000] {logging_mixin.py:190} INFO - [2025-01-19T03:56:00.180+0000] {dagbag.py:588} INFO - Filling up the DagBag from /home/vscode/.local/lib/python3.10/site-packages/airflow/example_dags/example_workday_timetable.py
[2025-01-19T03:56:00.185+0000] {processor.py:925} INFO - DAG(s) 'example_workday_timetable' retrieved from /home/vscode/.local/lib/python3.10/site-packages/airflow/example_dags/example_workday_timetable.py
[2025-01-19T03:56:00.195+0000] {logging_mixin.py:190} INFO - [2025-01-19T03:56:00.195+0000] {dag.py:3239} INFO - Sync 1 DAGs
[2025-01-19T03:56:00.210+0000] {logging_mixin.py:190} INFO - [2025-01-19T03:56:00.210+0000] {dag.py:4180} INFO - Setting next_dagrun for example_workday_timetable to 2021-01-01 00:00:00+00:00, run_after=2021-01-02 00:00:00+00:00
[2025-01-19T03:56:00.224+0000] {processor.py:208} INFO - Processing /home/vscode/.local/lib/python3.10/site-packages/airflow/example_dags/example_workday_timetable.py took 0.051 seconds
[2025-01-19T03:56:52.742+0000] {processor.py:186} INFO - Started process (PID=20906) to work on /home/vscode/.local/lib/python3.10/site-packages/airflow/example_dags/example_workday_timetable.py
[2025-01-19T03:56:52.742+0000] {processor.py:914} INFO - Processing file /home/vscode/.local/lib/python3.10/site-packages/airflow/example_dags/example_workday_timetable.py for tasks to queue
[2025-01-19T03:56:52.744+0000] {logging_mixin.py:190} INFO - [2025-01-19T03:56:52.744+0000] {dagbag.py:588} INFO - Filling up the DagBag from /home/vscode/.local/lib/python3.10/site-packages/airflow/example_dags/example_workday_timetable.py
[2025-01-19T03:56:52.749+0000] {processor.py:925} INFO - DAG(s) 'example_workday_timetable' retrieved from /home/vscode/.local/lib/python3.10/site-packages/airflow/example_dags/example_workday_timetable.py
[2025-01-19T03:56:52.760+0000] {logging_mixin.py:190} INFO - [2025-01-19T03:56:52.760+0000] {dag.py:3239} INFO - Sync 1 DAGs
[2025-01-19T03:56:52.775+0000] {logging_mixin.py:190} INFO - [2025-01-19T03:56:52.775+0000] {dag.py:4180} INFO - Setting next_dagrun for example_workday_timetable to 2021-01-01 00:00:00+00:00, run_after=2021-01-02 00:00:00+00:00
[2025-01-19T03:56:52.790+0000] {processor.py:208} INFO - Processing /home/vscode/.local/lib/python3.10/site-packages/airflow/example_dags/example_workday_timetable.py took 0.053 seconds
[2025-01-19T03:57:45.269+0000] {processor.py:186} INFO - Started process (PID=21262) to work on /home/vscode/.local/lib/python3.10/site-packages/airflow/example_dags/example_workday_timetable.py
[2025-01-19T03:57:45.269+0000] {processor.py:914} INFO - Processing file /home/vscode/.local/lib/python3.10/site-packages/airflow/example_dags/example_workday_timetable.py for tasks to queue
[2025-01-19T03:57:45.271+0000] {logging_mixin.py:190} INFO - [2025-01-19T03:57:45.271+0000] {dagbag.py:588} INFO - Filling up the DagBag from /home/vscode/.local/lib/python3.10/site-packages/airflow/example_dags/example_workday_timetable.py
[2025-01-19T03:57:45.276+0000] {processor.py:925} INFO - DAG(s) 'example_workday_timetable' retrieved from /home/vscode/.local/lib/python3.10/site-packages/airflow/example_dags/example_workday_timetable.py
[2025-01-19T03:57:45.290+0000] {logging_mixin.py:190} INFO - [2025-01-19T03:57:45.290+0000] {dag.py:3239} INFO - Sync 1 DAGs
[2025-01-19T03:57:45.312+0000] {logging_mixin.py:190} INFO - [2025-01-19T03:57:45.312+0000] {dag.py:4180} INFO - Setting next_dagrun for example_workday_timetable to 2021-01-01 00:00:00+00:00, run_after=2021-01-02 00:00:00+00:00
[2025-01-19T03:57:45.332+0000] {processor.py:208} INFO - Processing /home/vscode/.local/lib/python3.10/site-packages/airflow/example_dags/example_workday_timetable.py took 0.068 seconds
[2025-01-19T03:58:34.383+0000] {processor.py:186} INFO - Started process (PID=21597) to work on /home/vscode/.local/lib/python3.10/site-packages/airflow/example_dags/example_workday_timetable.py
[2025-01-19T03:58:34.384+0000] {processor.py:914} INFO - Processing file /home/vscode/.local/lib/python3.10/site-packages/airflow/example_dags/example_workday_timetable.py for tasks to queue
[2025-01-19T03:58:34.386+0000] {logging_mixin.py:190} INFO - [2025-01-19T03:58:34.385+0000] {dagbag.py:588} INFO - Filling up the DagBag from /home/vscode/.local/lib/python3.10/site-packages/airflow/example_dags/example_workday_timetable.py
[2025-01-19T03:58:34.390+0000] {processor.py:925} INFO - DAG(s) 'example_workday_timetable' retrieved from /home/vscode/.local/lib/python3.10/site-packages/airflow/example_dags/example_workday_timetable.py
[2025-01-19T03:58:34.401+0000] {logging_mixin.py:190} INFO - [2025-01-19T03:58:34.401+0000] {dag.py:3239} INFO - Sync 1 DAGs
[2025-01-19T03:58:34.416+0000] {logging_mixin.py:190} INFO - [2025-01-19T03:58:34.416+0000] {dag.py:4180} INFO - Setting next_dagrun for example_workday_timetable to 2021-01-01 00:00:00+00:00, run_after=2021-01-02 00:00:00+00:00
[2025-01-19T03:58:34.431+0000] {processor.py:208} INFO - Processing /home/vscode/.local/lib/python3.10/site-packages/airflow/example_dags/example_workday_timetable.py took 0.052 seconds
[2025-01-19T03:59:25.802+0000] {processor.py:186} INFO - Started process (PID=21948) to work on /home/vscode/.local/lib/python3.10/site-packages/airflow/example_dags/example_workday_timetable.py
[2025-01-19T03:59:25.802+0000] {processor.py:914} INFO - Processing file /home/vscode/.local/lib/python3.10/site-packages/airflow/example_dags/example_workday_timetable.py for tasks to queue
[2025-01-19T03:59:25.804+0000] {logging_mixin.py:190} INFO - [2025-01-19T03:59:25.804+0000] {dagbag.py:588} INFO - Filling up the DagBag from /home/vscode/.local/lib/python3.10/site-packages/airflow/example_dags/example_workday_timetable.py
[2025-01-19T03:59:25.809+0000] {processor.py:925} INFO - DAG(s) 'example_workday_timetable' retrieved from /home/vscode/.local/lib/python3.10/site-packages/airflow/example_dags/example_workday_timetable.py
[2025-01-19T03:59:25.820+0000] {logging_mixin.py:190} INFO - [2025-01-19T03:59:25.820+0000] {dag.py:3239} INFO - Sync 1 DAGs
[2025-01-19T03:59:25.836+0000] {logging_mixin.py:190} INFO - [2025-01-19T03:59:25.836+0000] {dag.py:4180} INFO - Setting next_dagrun for example_workday_timetable to 2021-01-01 00:00:00+00:00, run_after=2021-01-02 00:00:00+00:00
[2025-01-19T03:59:25.852+0000] {processor.py:208} INFO - Processing /home/vscode/.local/lib/python3.10/site-packages/airflow/example_dags/example_workday_timetable.py took 0.055 seconds
[2025-01-19T04:00:18.290+0000] {processor.py:186} INFO - Started process (PID=22299) to work on /home/vscode/.local/lib/python3.10/site-packages/airflow/example_dags/example_workday_timetable.py
[2025-01-19T04:00:18.291+0000] {processor.py:914} INFO - Processing file /home/vscode/.local/lib/python3.10/site-packages/airflow/example_dags/example_workday_timetable.py for tasks to queue
[2025-01-19T04:00:18.292+0000] {logging_mixin.py:190} INFO - [2025-01-19T04:00:18.292+0000] {dagbag.py:588} INFO - Filling up the DagBag from /home/vscode/.local/lib/python3.10/site-packages/airflow/example_dags/example_workday_timetable.py
[2025-01-19T04:00:18.297+0000] {processor.py:925} INFO - DAG(s) 'example_workday_timetable' retrieved from /home/vscode/.local/lib/python3.10/site-packages/airflow/example_dags/example_workday_timetable.py
[2025-01-19T04:00:18.308+0000] {logging_mixin.py:190} INFO - [2025-01-19T04:00:18.308+0000] {dag.py:3239} INFO - Sync 1 DAGs
[2025-01-19T04:00:18.323+0000] {logging_mixin.py:190} INFO - [2025-01-19T04:00:18.322+0000] {dag.py:4180} INFO - Setting next_dagrun for example_workday_timetable to 2021-01-01 00:00:00+00:00, run_after=2021-01-02 00:00:00+00:00
[2025-01-19T04:00:18.337+0000] {processor.py:208} INFO - Processing /home/vscode/.local/lib/python3.10/site-packages/airflow/example_dags/example_workday_timetable.py took 0.051 seconds
[2025-01-19T04:01:08.547+0000] {processor.py:186} INFO - Started process (PID=22642) to work on /home/vscode/.local/lib/python3.10/site-packages/airflow/example_dags/example_workday_timetable.py
[2025-01-19T04:01:08.548+0000] {processor.py:914} INFO - Processing file /home/vscode/.local/lib/python3.10/site-packages/airflow/example_dags/example_workday_timetable.py for tasks to queue
[2025-01-19T04:01:08.549+0000] {logging_mixin.py:190} INFO - [2025-01-19T04:01:08.549+0000] {dagbag.py:588} INFO - Filling up the DagBag from /home/vscode/.local/lib/python3.10/site-packages/airflow/example_dags/example_workday_timetable.py
[2025-01-19T04:01:08.554+0000] {processor.py:925} INFO - DAG(s) 'example_workday_timetable' retrieved from /home/vscode/.local/lib/python3.10/site-packages/airflow/example_dags/example_workday_timetable.py
[2025-01-19T04:01:08.565+0000] {logging_mixin.py:190} INFO - [2025-01-19T04:01:08.565+0000] {dag.py:3239} INFO - Sync 1 DAGs
[2025-01-19T04:01:08.580+0000] {logging_mixin.py:190} INFO - [2025-01-19T04:01:08.579+0000] {dag.py:4180} INFO - Setting next_dagrun for example_workday_timetable to 2021-01-01 00:00:00+00:00, run_after=2021-01-02 00:00:00+00:00
[2025-01-19T04:01:08.595+0000] {processor.py:208} INFO - Processing /home/vscode/.local/lib/python3.10/site-packages/airflow/example_dags/example_workday_timetable.py took 0.053 seconds
[2025-01-19T04:02:00.045+0000] {processor.py:186} INFO - Started process (PID=22992) to work on /home/vscode/.local/lib/python3.10/site-packages/airflow/example_dags/example_workday_timetable.py
[2025-01-19T04:02:00.046+0000] {processor.py:914} INFO - Processing file /home/vscode/.local/lib/python3.10/site-packages/airflow/example_dags/example_workday_timetable.py for tasks to queue
[2025-01-19T04:02:00.047+0000] {logging_mixin.py:190} INFO - [2025-01-19T04:02:00.047+0000] {dagbag.py:588} INFO - Filling up the DagBag from /home/vscode/.local/lib/python3.10/site-packages/airflow/example_dags/example_workday_timetable.py
[2025-01-19T04:02:00.052+0000] {processor.py:925} INFO - DAG(s) 'example_workday_timetable' retrieved from /home/vscode/.local/lib/python3.10/site-packages/airflow/example_dags/example_workday_timetable.py
[2025-01-19T04:02:00.063+0000] {logging_mixin.py:190} INFO - [2025-01-19T04:02:00.063+0000] {dag.py:3239} INFO - Sync 1 DAGs
[2025-01-19T04:02:00.078+0000] {logging_mixin.py:190} INFO - [2025-01-19T04:02:00.078+0000] {dag.py:4180} INFO - Setting next_dagrun for example_workday_timetable to 2021-01-01 00:00:00+00:00, run_after=2021-01-02 00:00:00+00:00
[2025-01-19T04:02:00.092+0000] {processor.py:208} INFO - Processing /home/vscode/.local/lib/python3.10/site-packages/airflow/example_dags/example_workday_timetable.py took 0.052 seconds
[2025-01-19T04:02:50.436+0000] {processor.py:186} INFO - Started process (PID=23411) to work on /home/vscode/.local/lib/python3.10/site-packages/airflow/example_dags/example_workday_timetable.py
[2025-01-19T04:02:50.437+0000] {processor.py:914} INFO - Processing file /home/vscode/.local/lib/python3.10/site-packages/airflow/example_dags/example_workday_timetable.py for tasks to queue
[2025-01-19T04:02:50.439+0000] {logging_mixin.py:190} INFO - [2025-01-19T04:02:50.438+0000] {dagbag.py:588} INFO - Filling up the DagBag from /home/vscode/.local/lib/python3.10/site-packages/airflow/example_dags/example_workday_timetable.py
[2025-01-19T04:02:50.443+0000] {processor.py:925} INFO - DAG(s) 'example_workday_timetable' retrieved from /home/vscode/.local/lib/python3.10/site-packages/airflow/example_dags/example_workday_timetable.py
[2025-01-19T04:02:50.454+0000] {logging_mixin.py:190} INFO - [2025-01-19T04:02:50.454+0000] {dag.py:3239} INFO - Sync 1 DAGs
[2025-01-19T04:02:50.468+0000] {logging_mixin.py:190} INFO - [2025-01-19T04:02:50.468+0000] {dag.py:4180} INFO - Setting next_dagrun for example_workday_timetable to 2021-01-01 00:00:00+00:00, run_after=2021-01-02 00:00:00+00:00
[2025-01-19T04:02:50.483+0000] {processor.py:208} INFO - Processing /home/vscode/.local/lib/python3.10/site-packages/airflow/example_dags/example_workday_timetable.py took 0.051 seconds
