[2025-01-19T03:21:27.081+0000] {processor.py:186} INFO - Started process (PID=5390) to work on /home/vscode/.local/lib/python3.10/site-packages/airflow/example_dags/example_branch_operator_decorator.py
[2025-01-19T03:21:27.082+0000] {processor.py:914} INFO - Processing file /home/vscode/.local/lib/python3.10/site-packages/airflow/example_dags/example_branch_operator_decorator.py for tasks to queue
[2025-01-19T03:21:27.084+0000] {logging_mixin.py:190} INFO - [2025-01-19T03:21:27.084+0000] {dagbag.py:588} INFO - Filling up the DagBag from /home/vscode/.local/lib/python3.10/site-packages/airflow/example_dags/example_branch_operator_decorator.py
[2025-01-19T03:21:27.111+0000] {processor.py:925} INFO - DAG(s) 'example_branch_python_operator_decorator' retrieved from /home/vscode/.local/lib/python3.10/site-packages/airflow/example_dags/example_branch_operator_decorator.py
[2025-01-19T03:21:27.196+0000] {logging_mixin.py:190} INFO - [2025-01-19T03:21:27.195+0000] {override.py:1911} INFO - Created Permission View: can read on DAG:example_branch_python_operator_decorator
[2025-01-19T03:21:27.205+0000] {logging_mixin.py:190} INFO - [2025-01-19T03:21:27.204+0000] {override.py:1911} INFO - Created Permission View: can edit on DAG:example_branch_python_operator_decorator
[2025-01-19T03:21:27.211+0000] {logging_mixin.py:190} INFO - [2025-01-19T03:21:27.210+0000] {override.py:1911} INFO - Created Permission View: can delete on DAG:example_branch_python_operator_decorator
[2025-01-19T03:21:27.219+0000] {logging_mixin.py:190} INFO - [2025-01-19T03:21:27.219+0000] {override.py:1911} INFO - Created Permission View: menu access on DAG Run:example_branch_python_operator_decorator
[2025-01-19T03:21:27.225+0000] {logging_mixin.py:190} INFO - [2025-01-19T03:21:27.225+0000] {override.py:1911} INFO - Created Permission View: can read on DAG Run:example_branch_python_operator_decorator
[2025-01-19T03:21:27.230+0000] {logging_mixin.py:190} INFO - [2025-01-19T03:21:27.230+0000] {override.py:1911} INFO - Created Permission View: can create on DAG Run:example_branch_python_operator_decorator
[2025-01-19T03:21:27.236+0000] {logging_mixin.py:190} INFO - [2025-01-19T03:21:27.236+0000] {override.py:1911} INFO - Created Permission View: can delete on DAG Run:example_branch_python_operator_decorator
[2025-01-19T03:21:27.237+0000] {logging_mixin.py:190} INFO - [2025-01-19T03:21:27.237+0000] {dag.py:3239} INFO - Sync 1 DAGs
[2025-01-19T03:21:27.247+0000] {logging_mixin.py:190} INFO - [2025-01-19T03:21:27.247+0000] {dag.py:3262} INFO - Creating ORM DAG for example_branch_python_operator_decorator
[2025-01-19T03:21:27.255+0000] {logging_mixin.py:190} INFO - [2025-01-19T03:21:27.255+0000] {dag.py:4180} INFO - Setting next_dagrun for example_branch_python_operator_decorator to 2025-01-18 00:00:00+00:00, run_after=2025-01-19 00:00:00+00:00
[2025-01-19T03:21:27.279+0000] {processor.py:208} INFO - Processing /home/vscode/.local/lib/python3.10/site-packages/airflow/example_dags/example_branch_operator_decorator.py took 0.205 seconds
[2025-01-19T03:22:23.717+0000] {processor.py:186} INFO - Started process (PID=5793) to work on /home/vscode/.local/lib/python3.10/site-packages/airflow/example_dags/example_branch_operator_decorator.py
[2025-01-19T03:22:23.718+0000] {processor.py:914} INFO - Processing file /home/vscode/.local/lib/python3.10/site-packages/airflow/example_dags/example_branch_operator_decorator.py for tasks to queue
[2025-01-19T03:22:23.720+0000] {logging_mixin.py:190} INFO - [2025-01-19T03:22:23.719+0000] {dagbag.py:588} INFO - Filling up the DagBag from /home/vscode/.local/lib/python3.10/site-packages/airflow/example_dags/example_branch_operator_decorator.py
[2025-01-19T03:22:23.737+0000] {processor.py:925} INFO - DAG(s) 'example_branch_python_operator_decorator' retrieved from /home/vscode/.local/lib/python3.10/site-packages/airflow/example_dags/example_branch_operator_decorator.py
[2025-01-19T03:22:23.756+0000] {logging_mixin.py:190} INFO - [2025-01-19T03:22:23.756+0000] {dag.py:3239} INFO - Sync 1 DAGs
[2025-01-19T03:22:23.771+0000] {logging_mixin.py:190} INFO - [2025-01-19T03:22:23.771+0000] {dag.py:4180} INFO - Setting next_dagrun for example_branch_python_operator_decorator to 2025-01-18 00:00:00+00:00, run_after=2025-01-19 00:00:00+00:00
[2025-01-19T03:22:23.786+0000] {processor.py:208} INFO - Processing /home/vscode/.local/lib/python3.10/site-packages/airflow/example_dags/example_branch_operator_decorator.py took 0.074 seconds
[2025-01-19T03:23:36.113+0000] {processor.py:186} INFO - Started process (PID=6410) to work on /home/vscode/.local/lib/python3.10/site-packages/airflow/example_dags/example_branch_operator_decorator.py
[2025-01-19T03:23:36.114+0000] {processor.py:914} INFO - Processing file /home/vscode/.local/lib/python3.10/site-packages/airflow/example_dags/example_branch_operator_decorator.py for tasks to queue
[2025-01-19T03:23:36.116+0000] {logging_mixin.py:190} INFO - [2025-01-19T03:23:36.115+0000] {dagbag.py:588} INFO - Filling up the DagBag from /home/vscode/.local/lib/python3.10/site-packages/airflow/example_dags/example_branch_operator_decorator.py
[2025-01-19T03:23:36.134+0000] {processor.py:925} INFO - DAG(s) 'example_branch_python_operator_decorator' retrieved from /home/vscode/.local/lib/python3.10/site-packages/airflow/example_dags/example_branch_operator_decorator.py
[2025-01-19T03:23:36.153+0000] {logging_mixin.py:190} INFO - [2025-01-19T03:23:36.152+0000] {dag.py:3239} INFO - Sync 1 DAGs
[2025-01-19T03:23:36.169+0000] {logging_mixin.py:190} INFO - [2025-01-19T03:23:36.168+0000] {dag.py:4180} INFO - Setting next_dagrun for example_branch_python_operator_decorator to 2025-01-18 00:00:00+00:00, run_after=2025-01-19 00:00:00+00:00
[2025-01-19T03:23:36.183+0000] {processor.py:208} INFO - Processing /home/vscode/.local/lib/python3.10/site-packages/airflow/example_dags/example_branch_operator_decorator.py took 0.074 seconds
[2025-01-19T03:24:32.437+0000] {processor.py:186} INFO - Started process (PID=6844) to work on /home/vscode/.local/lib/python3.10/site-packages/airflow/example_dags/example_branch_operator_decorator.py
[2025-01-19T03:24:32.437+0000] {processor.py:914} INFO - Processing file /home/vscode/.local/lib/python3.10/site-packages/airflow/example_dags/example_branch_operator_decorator.py for tasks to queue
[2025-01-19T03:24:32.439+0000] {logging_mixin.py:190} INFO - [2025-01-19T03:24:32.439+0000] {dagbag.py:588} INFO - Filling up the DagBag from /home/vscode/.local/lib/python3.10/site-packages/airflow/example_dags/example_branch_operator_decorator.py
[2025-01-19T03:24:32.456+0000] {processor.py:925} INFO - DAG(s) 'example_branch_python_operator_decorator' retrieved from /home/vscode/.local/lib/python3.10/site-packages/airflow/example_dags/example_branch_operator_decorator.py
[2025-01-19T03:24:32.475+0000] {logging_mixin.py:190} INFO - [2025-01-19T03:24:32.475+0000] {dag.py:3239} INFO - Sync 1 DAGs
[2025-01-19T03:24:32.491+0000] {logging_mixin.py:190} INFO - [2025-01-19T03:24:32.491+0000] {dag.py:4180} INFO - Setting next_dagrun for example_branch_python_operator_decorator to 2025-01-18 00:00:00+00:00, run_after=2025-01-19 00:00:00+00:00
[2025-01-19T03:24:32.505+0000] {processor.py:208} INFO - Processing /home/vscode/.local/lib/python3.10/site-packages/airflow/example_dags/example_branch_operator_decorator.py took 0.073 seconds
[2025-01-19T03:25:46.588+0000] {processor.py:186} INFO - Started process (PID=7448) to work on /home/vscode/.local/lib/python3.10/site-packages/airflow/example_dags/example_branch_operator_decorator.py
[2025-01-19T03:25:46.589+0000] {processor.py:914} INFO - Processing file /home/vscode/.local/lib/python3.10/site-packages/airflow/example_dags/example_branch_operator_decorator.py for tasks to queue
[2025-01-19T03:25:46.591+0000] {logging_mixin.py:190} INFO - [2025-01-19T03:25:46.591+0000] {dagbag.py:588} INFO - Filling up the DagBag from /home/vscode/.local/lib/python3.10/site-packages/airflow/example_dags/example_branch_operator_decorator.py
[2025-01-19T03:25:46.617+0000] {processor.py:925} INFO - DAG(s) 'example_branch_python_operator_decorator' retrieved from /home/vscode/.local/lib/python3.10/site-packages/airflow/example_dags/example_branch_operator_decorator.py
[2025-01-19T03:25:46.650+0000] {logging_mixin.py:190} INFO - [2025-01-19T03:25:46.650+0000] {dag.py:3239} INFO - Sync 1 DAGs
[2025-01-19T03:25:46.674+0000] {logging_mixin.py:190} INFO - [2025-01-19T03:25:46.674+0000] {dag.py:4180} INFO - Setting next_dagrun for example_branch_python_operator_decorator to 2025-01-18 00:00:00+00:00, run_after=2025-01-19 00:00:00+00:00
[2025-01-19T03:25:46.691+0000] {processor.py:208} INFO - Processing /home/vscode/.local/lib/python3.10/site-packages/airflow/example_dags/example_branch_operator_decorator.py took 0.110 seconds
[2025-01-19T03:26:43.204+0000] {processor.py:186} INFO - Started process (PID=7871) to work on /home/vscode/.local/lib/python3.10/site-packages/airflow/example_dags/example_branch_operator_decorator.py
[2025-01-19T03:26:43.205+0000] {processor.py:914} INFO - Processing file /home/vscode/.local/lib/python3.10/site-packages/airflow/example_dags/example_branch_operator_decorator.py for tasks to queue
[2025-01-19T03:26:43.206+0000] {logging_mixin.py:190} INFO - [2025-01-19T03:26:43.206+0000] {dagbag.py:588} INFO - Filling up the DagBag from /home/vscode/.local/lib/python3.10/site-packages/airflow/example_dags/example_branch_operator_decorator.py
[2025-01-19T03:26:43.225+0000] {processor.py:925} INFO - DAG(s) 'example_branch_python_operator_decorator' retrieved from /home/vscode/.local/lib/python3.10/site-packages/airflow/example_dags/example_branch_operator_decorator.py
[2025-01-19T03:26:43.243+0000] {logging_mixin.py:190} INFO - [2025-01-19T03:26:43.243+0000] {dag.py:3239} INFO - Sync 1 DAGs
[2025-01-19T03:26:43.259+0000] {logging_mixin.py:190} INFO - [2025-01-19T03:26:43.259+0000] {dag.py:4180} INFO - Setting next_dagrun for example_branch_python_operator_decorator to 2025-01-18 00:00:00+00:00, run_after=2025-01-19 00:00:00+00:00
[2025-01-19T03:26:43.273+0000] {processor.py:208} INFO - Processing /home/vscode/.local/lib/python3.10/site-packages/airflow/example_dags/example_branch_operator_decorator.py took 0.074 seconds
[2025-01-19T03:28:02.094+0000] {processor.py:186} INFO - Started process (PID=8538) to work on /home/vscode/.local/lib/python3.10/site-packages/airflow/example_dags/example_branch_operator_decorator.py
[2025-01-19T03:28:02.095+0000] {processor.py:914} INFO - Processing file /home/vscode/.local/lib/python3.10/site-packages/airflow/example_dags/example_branch_operator_decorator.py for tasks to queue
[2025-01-19T03:28:02.096+0000] {logging_mixin.py:190} INFO - [2025-01-19T03:28:02.096+0000] {dagbag.py:588} INFO - Filling up the DagBag from /home/vscode/.local/lib/python3.10/site-packages/airflow/example_dags/example_branch_operator_decorator.py
[2025-01-19T03:28:02.114+0000] {processor.py:925} INFO - DAG(s) 'example_branch_python_operator_decorator' retrieved from /home/vscode/.local/lib/python3.10/site-packages/airflow/example_dags/example_branch_operator_decorator.py
[2025-01-19T03:28:02.133+0000] {logging_mixin.py:190} INFO - [2025-01-19T03:28:02.133+0000] {dag.py:3239} INFO - Sync 1 DAGs
[2025-01-19T03:28:02.149+0000] {logging_mixin.py:190} INFO - [2025-01-19T03:28:02.148+0000] {dag.py:4180} INFO - Setting next_dagrun for example_branch_python_operator_decorator to 2025-01-18 00:00:00+00:00, run_after=2025-01-19 00:00:00+00:00
[2025-01-19T03:28:02.163+0000] {processor.py:208} INFO - Processing /home/vscode/.local/lib/python3.10/site-packages/airflow/example_dags/example_branch_operator_decorator.py took 0.073 seconds
[2025-01-19T03:29:21.211+0000] {processor.py:186} INFO - Started process (PID=9155) to work on /home/vscode/.local/lib/python3.10/site-packages/airflow/example_dags/example_branch_operator_decorator.py
[2025-01-19T03:29:21.212+0000] {processor.py:914} INFO - Processing file /home/vscode/.local/lib/python3.10/site-packages/airflow/example_dags/example_branch_operator_decorator.py for tasks to queue
[2025-01-19T03:29:21.214+0000] {logging_mixin.py:190} INFO - [2025-01-19T03:29:21.213+0000] {dagbag.py:588} INFO - Filling up the DagBag from /home/vscode/.local/lib/python3.10/site-packages/airflow/example_dags/example_branch_operator_decorator.py
[2025-01-19T03:29:21.231+0000] {processor.py:925} INFO - DAG(s) 'example_branch_python_operator_decorator' retrieved from /home/vscode/.local/lib/python3.10/site-packages/airflow/example_dags/example_branch_operator_decorator.py
[2025-01-19T03:29:21.250+0000] {logging_mixin.py:190} INFO - [2025-01-19T03:29:21.250+0000] {dag.py:3239} INFO - Sync 1 DAGs
[2025-01-19T03:29:21.267+0000] {logging_mixin.py:190} INFO - [2025-01-19T03:29:21.266+0000] {dag.py:4180} INFO - Setting next_dagrun for example_branch_python_operator_decorator to 2025-01-18 00:00:00+00:00, run_after=2025-01-19 00:00:00+00:00
[2025-01-19T03:29:21.283+0000] {processor.py:208} INFO - Processing /home/vscode/.local/lib/python3.10/site-packages/airflow/example_dags/example_branch_operator_decorator.py took 0.076 seconds
[2025-01-19T03:30:34.931+0000] {processor.py:186} INFO - Started process (PID=9663) to work on /home/vscode/.local/lib/python3.10/site-packages/airflow/example_dags/example_branch_operator_decorator.py
[2025-01-19T03:30:34.932+0000] {processor.py:914} INFO - Processing file /home/vscode/.local/lib/python3.10/site-packages/airflow/example_dags/example_branch_operator_decorator.py for tasks to queue
[2025-01-19T03:30:34.933+0000] {logging_mixin.py:190} INFO - [2025-01-19T03:30:34.933+0000] {dagbag.py:588} INFO - Filling up the DagBag from /home/vscode/.local/lib/python3.10/site-packages/airflow/example_dags/example_branch_operator_decorator.py
[2025-01-19T03:30:34.954+0000] {processor.py:925} INFO - DAG(s) 'example_branch_python_operator_decorator' retrieved from /home/vscode/.local/lib/python3.10/site-packages/airflow/example_dags/example_branch_operator_decorator.py
[2025-01-19T03:30:34.974+0000] {logging_mixin.py:190} INFO - [2025-01-19T03:30:34.974+0000] {dag.py:3239} INFO - Sync 1 DAGs
[2025-01-19T03:30:34.990+0000] {logging_mixin.py:190} INFO - [2025-01-19T03:30:34.990+0000] {dag.py:4180} INFO - Setting next_dagrun for example_branch_python_operator_decorator to 2025-01-18 00:00:00+00:00, run_after=2025-01-19 00:00:00+00:00
[2025-01-19T03:30:35.005+0000] {processor.py:208} INFO - Processing /home/vscode/.local/lib/python3.10/site-packages/airflow/example_dags/example_branch_operator_decorator.py took 0.078 seconds
[2025-01-19T03:31:47.743+0000] {processor.py:186} INFO - Started process (PID=10152) to work on /home/vscode/.local/lib/python3.10/site-packages/airflow/example_dags/example_branch_operator_decorator.py
[2025-01-19T03:31:47.744+0000] {processor.py:914} INFO - Processing file /home/vscode/.local/lib/python3.10/site-packages/airflow/example_dags/example_branch_operator_decorator.py for tasks to queue
[2025-01-19T03:31:47.745+0000] {logging_mixin.py:190} INFO - [2025-01-19T03:31:47.745+0000] {dagbag.py:588} INFO - Filling up the DagBag from /home/vscode/.local/lib/python3.10/site-packages/airflow/example_dags/example_branch_operator_decorator.py
[2025-01-19T03:31:47.763+0000] {processor.py:925} INFO - DAG(s) 'example_branch_python_operator_decorator' retrieved from /home/vscode/.local/lib/python3.10/site-packages/airflow/example_dags/example_branch_operator_decorator.py
[2025-01-19T03:31:47.781+0000] {logging_mixin.py:190} INFO - [2025-01-19T03:31:47.781+0000] {dag.py:3239} INFO - Sync 1 DAGs
[2025-01-19T03:31:47.797+0000] {logging_mixin.py:190} INFO - [2025-01-19T03:31:47.797+0000] {dag.py:4180} INFO - Setting next_dagrun for example_branch_python_operator_decorator to 2025-01-18 00:00:00+00:00, run_after=2025-01-19 00:00:00+00:00
[2025-01-19T03:31:47.811+0000] {processor.py:208} INFO - Processing /home/vscode/.local/lib/python3.10/site-packages/airflow/example_dags/example_branch_operator_decorator.py took 0.072 seconds
[2025-01-19T03:33:02.989+0000] {processor.py:186} INFO - Started process (PID=10797) to work on /home/vscode/.local/lib/python3.10/site-packages/airflow/example_dags/example_branch_operator_decorator.py
[2025-01-19T03:33:02.990+0000] {processor.py:914} INFO - Processing file /home/vscode/.local/lib/python3.10/site-packages/airflow/example_dags/example_branch_operator_decorator.py for tasks to queue
[2025-01-19T03:33:02.991+0000] {logging_mixin.py:190} INFO - [2025-01-19T03:33:02.991+0000] {dagbag.py:588} INFO - Filling up the DagBag from /home/vscode/.local/lib/python3.10/site-packages/airflow/example_dags/example_branch_operator_decorator.py
[2025-01-19T03:33:03.014+0000] {processor.py:925} INFO - DAG(s) 'example_branch_python_operator_decorator' retrieved from /home/vscode/.local/lib/python3.10/site-packages/airflow/example_dags/example_branch_operator_decorator.py
[2025-01-19T03:33:03.034+0000] {logging_mixin.py:190} INFO - [2025-01-19T03:33:03.034+0000] {dag.py:3239} INFO - Sync 1 DAGs
[2025-01-19T03:33:03.049+0000] {logging_mixin.py:190} INFO - [2025-01-19T03:33:03.049+0000] {dag.py:4180} INFO - Setting next_dagrun for example_branch_python_operator_decorator to 2025-01-18 00:00:00+00:00, run_after=2025-01-19 00:00:00+00:00
[2025-01-19T03:33:03.063+0000] {processor.py:208} INFO - Processing /home/vscode/.local/lib/python3.10/site-packages/airflow/example_dags/example_branch_operator_decorator.py took 0.079 seconds
[2025-01-19T03:34:19.779+0000] {processor.py:186} INFO - Started process (PID=11326) to work on /home/vscode/.local/lib/python3.10/site-packages/airflow/example_dags/example_branch_operator_decorator.py
[2025-01-19T03:34:19.780+0000] {processor.py:914} INFO - Processing file /home/vscode/.local/lib/python3.10/site-packages/airflow/example_dags/example_branch_operator_decorator.py for tasks to queue
[2025-01-19T03:34:19.781+0000] {logging_mixin.py:190} INFO - [2025-01-19T03:34:19.781+0000] {dagbag.py:588} INFO - Filling up the DagBag from /home/vscode/.local/lib/python3.10/site-packages/airflow/example_dags/example_branch_operator_decorator.py
[2025-01-19T03:34:19.799+0000] {processor.py:925} INFO - DAG(s) 'example_branch_python_operator_decorator' retrieved from /home/vscode/.local/lib/python3.10/site-packages/airflow/example_dags/example_branch_operator_decorator.py
[2025-01-19T03:34:19.817+0000] {logging_mixin.py:190} INFO - [2025-01-19T03:34:19.817+0000] {dag.py:3239} INFO - Sync 1 DAGs
[2025-01-19T03:34:19.832+0000] {logging_mixin.py:190} INFO - [2025-01-19T03:34:19.832+0000] {dag.py:4180} INFO - Setting next_dagrun for example_branch_python_operator_decorator to 2025-01-18 00:00:00+00:00, run_after=2025-01-19 00:00:00+00:00
[2025-01-19T03:34:19.846+0000] {processor.py:208} INFO - Processing /home/vscode/.local/lib/python3.10/site-packages/airflow/example_dags/example_branch_operator_decorator.py took 0.072 seconds
[2025-01-19T03:35:34.487+0000] {processor.py:186} INFO - Started process (PID=11934) to work on /home/vscode/.local/lib/python3.10/site-packages/airflow/example_dags/example_branch_operator_decorator.py
[2025-01-19T03:35:34.488+0000] {processor.py:914} INFO - Processing file /home/vscode/.local/lib/python3.10/site-packages/airflow/example_dags/example_branch_operator_decorator.py for tasks to queue
[2025-01-19T03:35:34.489+0000] {logging_mixin.py:190} INFO - [2025-01-19T03:35:34.489+0000] {dagbag.py:588} INFO - Filling up the DagBag from /home/vscode/.local/lib/python3.10/site-packages/airflow/example_dags/example_branch_operator_decorator.py
[2025-01-19T03:35:34.507+0000] {processor.py:925} INFO - DAG(s) 'example_branch_python_operator_decorator' retrieved from /home/vscode/.local/lib/python3.10/site-packages/airflow/example_dags/example_branch_operator_decorator.py
[2025-01-19T03:35:34.527+0000] {logging_mixin.py:190} INFO - [2025-01-19T03:35:34.526+0000] {dag.py:3239} INFO - Sync 1 DAGs
[2025-01-19T03:35:34.542+0000] {logging_mixin.py:190} INFO - [2025-01-19T03:35:34.542+0000] {dag.py:4180} INFO - Setting next_dagrun for example_branch_python_operator_decorator to 2025-01-18 00:00:00+00:00, run_after=2025-01-19 00:00:00+00:00
[2025-01-19T03:35:34.557+0000] {processor.py:208} INFO - Processing /home/vscode/.local/lib/python3.10/site-packages/airflow/example_dags/example_branch_operator_decorator.py took 0.074 seconds
[2025-01-19T03:36:47.537+0000] {processor.py:186} INFO - Started process (PID=12456) to work on /home/vscode/.local/lib/python3.10/site-packages/airflow/example_dags/example_branch_operator_decorator.py
[2025-01-19T03:36:47.538+0000] {processor.py:914} INFO - Processing file /home/vscode/.local/lib/python3.10/site-packages/airflow/example_dags/example_branch_operator_decorator.py for tasks to queue
[2025-01-19T03:36:47.540+0000] {logging_mixin.py:190} INFO - [2025-01-19T03:36:47.540+0000] {dagbag.py:588} INFO - Filling up the DagBag from /home/vscode/.local/lib/python3.10/site-packages/airflow/example_dags/example_branch_operator_decorator.py
[2025-01-19T03:36:47.558+0000] {processor.py:925} INFO - DAG(s) 'example_branch_python_operator_decorator' retrieved from /home/vscode/.local/lib/python3.10/site-packages/airflow/example_dags/example_branch_operator_decorator.py
[2025-01-19T03:36:47.576+0000] {logging_mixin.py:190} INFO - [2025-01-19T03:36:47.576+0000] {dag.py:3239} INFO - Sync 1 DAGs
[2025-01-19T03:36:47.592+0000] {logging_mixin.py:190} INFO - [2025-01-19T03:36:47.592+0000] {dag.py:4180} INFO - Setting next_dagrun for example_branch_python_operator_decorator to 2025-01-18 00:00:00+00:00, run_after=2025-01-19 00:00:00+00:00
[2025-01-19T03:36:47.607+0000] {processor.py:208} INFO - Processing /home/vscode/.local/lib/python3.10/site-packages/airflow/example_dags/example_branch_operator_decorator.py took 0.074 seconds
[2025-01-19T03:38:05.767+0000] {processor.py:186} INFO - Started process (PID=12991) to work on /home/vscode/.local/lib/python3.10/site-packages/airflow/example_dags/example_branch_operator_decorator.py
[2025-01-19T03:38:05.768+0000] {processor.py:914} INFO - Processing file /home/vscode/.local/lib/python3.10/site-packages/airflow/example_dags/example_branch_operator_decorator.py for tasks to queue
[2025-01-19T03:38:05.769+0000] {logging_mixin.py:190} INFO - [2025-01-19T03:38:05.769+0000] {dagbag.py:588} INFO - Filling up the DagBag from /home/vscode/.local/lib/python3.10/site-packages/airflow/example_dags/example_branch_operator_decorator.py
[2025-01-19T03:38:05.787+0000] {processor.py:925} INFO - DAG(s) 'example_branch_python_operator_decorator' retrieved from /home/vscode/.local/lib/python3.10/site-packages/airflow/example_dags/example_branch_operator_decorator.py
[2025-01-19T03:38:05.805+0000] {logging_mixin.py:190} INFO - [2025-01-19T03:38:05.804+0000] {dag.py:3239} INFO - Sync 1 DAGs
[2025-01-19T03:38:05.820+0000] {logging_mixin.py:190} INFO - [2025-01-19T03:38:05.820+0000] {dag.py:4180} INFO - Setting next_dagrun for example_branch_python_operator_decorator to 2025-01-18 00:00:00+00:00, run_after=2025-01-19 00:00:00+00:00
[2025-01-19T03:38:05.834+0000] {processor.py:208} INFO - Processing /home/vscode/.local/lib/python3.10/site-packages/airflow/example_dags/example_branch_operator_decorator.py took 0.072 seconds
[2025-01-19T03:39:18.041+0000] {processor.py:186} INFO - Started process (PID=13478) to work on /home/vscode/.local/lib/python3.10/site-packages/airflow/example_dags/example_branch_operator_decorator.py
[2025-01-19T03:39:18.042+0000] {processor.py:914} INFO - Processing file /home/vscode/.local/lib/python3.10/site-packages/airflow/example_dags/example_branch_operator_decorator.py for tasks to queue
[2025-01-19T03:39:18.044+0000] {logging_mixin.py:190} INFO - [2025-01-19T03:39:18.044+0000] {dagbag.py:588} INFO - Filling up the DagBag from /home/vscode/.local/lib/python3.10/site-packages/airflow/example_dags/example_branch_operator_decorator.py
[2025-01-19T03:39:18.061+0000] {processor.py:925} INFO - DAG(s) 'example_branch_python_operator_decorator' retrieved from /home/vscode/.local/lib/python3.10/site-packages/airflow/example_dags/example_branch_operator_decorator.py
[2025-01-19T03:39:18.081+0000] {logging_mixin.py:190} INFO - [2025-01-19T03:39:18.081+0000] {dag.py:3239} INFO - Sync 1 DAGs
[2025-01-19T03:39:18.096+0000] {logging_mixin.py:190} INFO - [2025-01-19T03:39:18.096+0000] {dag.py:4180} INFO - Setting next_dagrun for example_branch_python_operator_decorator to 2025-01-18 00:00:00+00:00, run_after=2025-01-19 00:00:00+00:00
[2025-01-19T03:39:18.110+0000] {processor.py:208} INFO - Processing /home/vscode/.local/lib/python3.10/site-packages/airflow/example_dags/example_branch_operator_decorator.py took 0.073 seconds
[2025-01-19T03:40:36.079+0000] {processor.py:186} INFO - Started process (PID=14013) to work on /home/vscode/.local/lib/python3.10/site-packages/airflow/example_dags/example_branch_operator_decorator.py
[2025-01-19T03:40:36.079+0000] {processor.py:914} INFO - Processing file /home/vscode/.local/lib/python3.10/site-packages/airflow/example_dags/example_branch_operator_decorator.py for tasks to queue
[2025-01-19T03:40:36.081+0000] {logging_mixin.py:190} INFO - [2025-01-19T03:40:36.081+0000] {dagbag.py:588} INFO - Filling up the DagBag from /home/vscode/.local/lib/python3.10/site-packages/airflow/example_dags/example_branch_operator_decorator.py
[2025-01-19T03:40:36.099+0000] {processor.py:925} INFO - DAG(s) 'example_branch_python_operator_decorator' retrieved from /home/vscode/.local/lib/python3.10/site-packages/airflow/example_dags/example_branch_operator_decorator.py
[2025-01-19T03:40:36.117+0000] {logging_mixin.py:190} INFO - [2025-01-19T03:40:36.117+0000] {dag.py:3239} INFO - Sync 1 DAGs
[2025-01-19T03:40:36.133+0000] {logging_mixin.py:190} INFO - [2025-01-19T03:40:36.132+0000] {dag.py:4180} INFO - Setting next_dagrun for example_branch_python_operator_decorator to 2025-01-18 00:00:00+00:00, run_after=2025-01-19 00:00:00+00:00
[2025-01-19T03:40:36.147+0000] {processor.py:208} INFO - Processing /home/vscode/.local/lib/python3.10/site-packages/airflow/example_dags/example_branch_operator_decorator.py took 0.073 seconds
[2025-01-19T03:41:51.117+0000] {processor.py:186} INFO - Started process (PID=14512) to work on /home/vscode/.local/lib/python3.10/site-packages/airflow/example_dags/example_branch_operator_decorator.py
[2025-01-19T03:41:51.117+0000] {processor.py:914} INFO - Processing file /home/vscode/.local/lib/python3.10/site-packages/airflow/example_dags/example_branch_operator_decorator.py for tasks to queue
[2025-01-19T03:41:51.119+0000] {logging_mixin.py:190} INFO - [2025-01-19T03:41:51.119+0000] {dagbag.py:588} INFO - Filling up the DagBag from /home/vscode/.local/lib/python3.10/site-packages/airflow/example_dags/example_branch_operator_decorator.py
[2025-01-19T03:41:51.137+0000] {processor.py:925} INFO - DAG(s) 'example_branch_python_operator_decorator' retrieved from /home/vscode/.local/lib/python3.10/site-packages/airflow/example_dags/example_branch_operator_decorator.py
[2025-01-19T03:41:51.155+0000] {logging_mixin.py:190} INFO - [2025-01-19T03:41:51.155+0000] {dag.py:3239} INFO - Sync 1 DAGs
[2025-01-19T03:41:51.171+0000] {logging_mixin.py:190} INFO - [2025-01-19T03:41:51.171+0000] {dag.py:4180} INFO - Setting next_dagrun for example_branch_python_operator_decorator to 2025-01-18 00:00:00+00:00, run_after=2025-01-19 00:00:00+00:00
[2025-01-19T03:41:51.186+0000] {processor.py:208} INFO - Processing /home/vscode/.local/lib/python3.10/site-packages/airflow/example_dags/example_branch_operator_decorator.py took 0.074 seconds
[2025-01-19T03:43:06.546+0000] {processor.py:186} INFO - Started process (PID=15028) to work on /home/vscode/.local/lib/python3.10/site-packages/airflow/example_dags/example_branch_operator_decorator.py
[2025-01-19T03:43:06.547+0000] {processor.py:914} INFO - Processing file /home/vscode/.local/lib/python3.10/site-packages/airflow/example_dags/example_branch_operator_decorator.py for tasks to queue
[2025-01-19T03:43:06.548+0000] {logging_mixin.py:190} INFO - [2025-01-19T03:43:06.548+0000] {dagbag.py:588} INFO - Filling up the DagBag from /home/vscode/.local/lib/python3.10/site-packages/airflow/example_dags/example_branch_operator_decorator.py
[2025-01-19T03:43:06.566+0000] {processor.py:925} INFO - DAG(s) 'example_branch_python_operator_decorator' retrieved from /home/vscode/.local/lib/python3.10/site-packages/airflow/example_dags/example_branch_operator_decorator.py
[2025-01-19T03:43:06.584+0000] {logging_mixin.py:190} INFO - [2025-01-19T03:43:06.584+0000] {dag.py:3239} INFO - Sync 1 DAGs
[2025-01-19T03:43:06.600+0000] {logging_mixin.py:190} INFO - [2025-01-19T03:43:06.599+0000] {dag.py:4180} INFO - Setting next_dagrun for example_branch_python_operator_decorator to 2025-01-18 00:00:00+00:00, run_after=2025-01-19 00:00:00+00:00
[2025-01-19T03:43:06.615+0000] {processor.py:208} INFO - Processing /home/vscode/.local/lib/python3.10/site-packages/airflow/example_dags/example_branch_operator_decorator.py took 0.073 seconds
[2025-01-19T03:44:25.789+0000] {processor.py:186} INFO - Started process (PID=15563) to work on /home/vscode/.local/lib/python3.10/site-packages/airflow/example_dags/example_branch_operator_decorator.py
[2025-01-19T03:44:25.790+0000] {processor.py:914} INFO - Processing file /home/vscode/.local/lib/python3.10/site-packages/airflow/example_dags/example_branch_operator_decorator.py for tasks to queue
[2025-01-19T03:44:25.791+0000] {logging_mixin.py:190} INFO - [2025-01-19T03:44:25.791+0000] {dagbag.py:588} INFO - Filling up the DagBag from /home/vscode/.local/lib/python3.10/site-packages/airflow/example_dags/example_branch_operator_decorator.py
[2025-01-19T03:44:25.809+0000] {processor.py:925} INFO - DAG(s) 'example_branch_python_operator_decorator' retrieved from /home/vscode/.local/lib/python3.10/site-packages/airflow/example_dags/example_branch_operator_decorator.py
[2025-01-19T03:44:25.829+0000] {logging_mixin.py:190} INFO - [2025-01-19T03:44:25.828+0000] {dag.py:3239} INFO - Sync 1 DAGs
[2025-01-19T03:44:25.844+0000] {logging_mixin.py:190} INFO - [2025-01-19T03:44:25.844+0000] {dag.py:4180} INFO - Setting next_dagrun for example_branch_python_operator_decorator to 2025-01-18 00:00:00+00:00, run_after=2025-01-19 00:00:00+00:00
[2025-01-19T03:44:25.858+0000] {processor.py:208} INFO - Processing /home/vscode/.local/lib/python3.10/site-packages/airflow/example_dags/example_branch_operator_decorator.py took 0.074 seconds
[2025-01-19T03:45:43.096+0000] {processor.py:186} INFO - Started process (PID=16072) to work on /home/vscode/.local/lib/python3.10/site-packages/airflow/example_dags/example_branch_operator_decorator.py
[2025-01-19T03:45:43.097+0000] {processor.py:914} INFO - Processing file /home/vscode/.local/lib/python3.10/site-packages/airflow/example_dags/example_branch_operator_decorator.py for tasks to queue
[2025-01-19T03:45:43.099+0000] {logging_mixin.py:190} INFO - [2025-01-19T03:45:43.099+0000] {dagbag.py:588} INFO - Filling up the DagBag from /home/vscode/.local/lib/python3.10/site-packages/airflow/example_dags/example_branch_operator_decorator.py
[2025-01-19T03:45:43.117+0000] {processor.py:925} INFO - DAG(s) 'example_branch_python_operator_decorator' retrieved from /home/vscode/.local/lib/python3.10/site-packages/airflow/example_dags/example_branch_operator_decorator.py
[2025-01-19T03:45:43.136+0000] {logging_mixin.py:190} INFO - [2025-01-19T03:45:43.136+0000] {dag.py:3239} INFO - Sync 1 DAGs
[2025-01-19T03:45:43.152+0000] {logging_mixin.py:190} INFO - [2025-01-19T03:45:43.152+0000] {dag.py:4180} INFO - Setting next_dagrun for example_branch_python_operator_decorator to 2025-01-18 00:00:00+00:00, run_after=2025-01-19 00:00:00+00:00
[2025-01-19T03:45:43.166+0000] {processor.py:208} INFO - Processing /home/vscode/.local/lib/python3.10/site-packages/airflow/example_dags/example_branch_operator_decorator.py took 0.074 seconds
[2025-01-19T03:47:00.975+0000] {processor.py:186} INFO - Started process (PID=16599) to work on /home/vscode/.local/lib/python3.10/site-packages/airflow/example_dags/example_branch_operator_decorator.py
[2025-01-19T03:47:00.976+0000] {processor.py:914} INFO - Processing file /home/vscode/.local/lib/python3.10/site-packages/airflow/example_dags/example_branch_operator_decorator.py for tasks to queue
[2025-01-19T03:47:00.978+0000] {logging_mixin.py:190} INFO - [2025-01-19T03:47:00.977+0000] {dagbag.py:588} INFO - Filling up the DagBag from /home/vscode/.local/lib/python3.10/site-packages/airflow/example_dags/example_branch_operator_decorator.py
[2025-01-19T03:47:00.996+0000] {processor.py:925} INFO - DAG(s) 'example_branch_python_operator_decorator' retrieved from /home/vscode/.local/lib/python3.10/site-packages/airflow/example_dags/example_branch_operator_decorator.py
[2025-01-19T03:47:01.015+0000] {logging_mixin.py:190} INFO - [2025-01-19T03:47:01.015+0000] {dag.py:3239} INFO - Sync 1 DAGs
[2025-01-19T03:47:01.030+0000] {logging_mixin.py:190} INFO - [2025-01-19T03:47:01.030+0000] {dag.py:4180} INFO - Setting next_dagrun for example_branch_python_operator_decorator to 2025-01-18 00:00:00+00:00, run_after=2025-01-19 00:00:00+00:00
[2025-01-19T03:47:01.045+0000] {processor.py:208} INFO - Processing /home/vscode/.local/lib/python3.10/site-packages/airflow/example_dags/example_branch_operator_decorator.py took 0.074 seconds
[2025-01-19T03:48:16.318+0000] {processor.py:186} INFO - Started process (PID=17117) to work on /home/vscode/.local/lib/python3.10/site-packages/airflow/example_dags/example_branch_operator_decorator.py
[2025-01-19T03:48:16.319+0000] {processor.py:914} INFO - Processing file /home/vscode/.local/lib/python3.10/site-packages/airflow/example_dags/example_branch_operator_decorator.py for tasks to queue
[2025-01-19T03:48:16.321+0000] {logging_mixin.py:190} INFO - [2025-01-19T03:48:16.321+0000] {dagbag.py:588} INFO - Filling up the DagBag from /home/vscode/.local/lib/python3.10/site-packages/airflow/example_dags/example_branch_operator_decorator.py
[2025-01-19T03:48:16.344+0000] {processor.py:925} INFO - DAG(s) 'example_branch_python_operator_decorator' retrieved from /home/vscode/.local/lib/python3.10/site-packages/airflow/example_dags/example_branch_operator_decorator.py
[2025-01-19T03:48:16.363+0000] {logging_mixin.py:190} INFO - [2025-01-19T03:48:16.363+0000] {dag.py:3239} INFO - Sync 1 DAGs
[2025-01-19T03:48:16.379+0000] {logging_mixin.py:190} INFO - [2025-01-19T03:48:16.378+0000] {dag.py:4180} INFO - Setting next_dagrun for example_branch_python_operator_decorator to 2025-01-18 00:00:00+00:00, run_after=2025-01-19 00:00:00+00:00
[2025-01-19T03:48:16.393+0000] {processor.py:208} INFO - Processing /home/vscode/.local/lib/python3.10/site-packages/airflow/example_dags/example_branch_operator_decorator.py took 0.082 seconds
[2025-01-19T03:49:32.315+0000] {processor.py:186} INFO - Started process (PID=17764) to work on /home/vscode/.local/lib/python3.10/site-packages/airflow/example_dags/example_branch_operator_decorator.py
[2025-01-19T03:49:32.316+0000] {processor.py:914} INFO - Processing file /home/vscode/.local/lib/python3.10/site-packages/airflow/example_dags/example_branch_operator_decorator.py for tasks to queue
[2025-01-19T03:49:32.317+0000] {logging_mixin.py:190} INFO - [2025-01-19T03:49:32.317+0000] {dagbag.py:588} INFO - Filling up the DagBag from /home/vscode/.local/lib/python3.10/site-packages/airflow/example_dags/example_branch_operator_decorator.py
[2025-01-19T03:49:32.335+0000] {processor.py:925} INFO - DAG(s) 'example_branch_python_operator_decorator' retrieved from /home/vscode/.local/lib/python3.10/site-packages/airflow/example_dags/example_branch_operator_decorator.py
[2025-01-19T03:49:32.354+0000] {logging_mixin.py:190} INFO - [2025-01-19T03:49:32.354+0000] {dag.py:3239} INFO - Sync 1 DAGs
[2025-01-19T03:49:32.369+0000] {logging_mixin.py:190} INFO - [2025-01-19T03:49:32.369+0000] {dag.py:4180} INFO - Setting next_dagrun for example_branch_python_operator_decorator to 2025-01-18 00:00:00+00:00, run_after=2025-01-19 00:00:00+00:00
[2025-01-19T03:49:32.384+0000] {processor.py:208} INFO - Processing /home/vscode/.local/lib/python3.10/site-packages/airflow/example_dags/example_branch_operator_decorator.py took 0.073 seconds
[2025-01-19T03:50:24.805+0000] {processor.py:186} INFO - Started process (PID=18157) to work on /home/vscode/.local/lib/python3.10/site-packages/airflow/example_dags/example_branch_operator_decorator.py
[2025-01-19T03:50:24.806+0000] {processor.py:914} INFO - Processing file /home/vscode/.local/lib/python3.10/site-packages/airflow/example_dags/example_branch_operator_decorator.py for tasks to queue
[2025-01-19T03:50:24.807+0000] {logging_mixin.py:190} INFO - [2025-01-19T03:50:24.807+0000] {dagbag.py:588} INFO - Filling up the DagBag from /home/vscode/.local/lib/python3.10/site-packages/airflow/example_dags/example_branch_operator_decorator.py
[2025-01-19T03:50:24.826+0000] {processor.py:925} INFO - DAG(s) 'example_branch_python_operator_decorator' retrieved from /home/vscode/.local/lib/python3.10/site-packages/airflow/example_dags/example_branch_operator_decorator.py
[2025-01-19T03:50:24.855+0000] {logging_mixin.py:190} INFO - [2025-01-19T03:50:24.855+0000] {dag.py:3239} INFO - Sync 1 DAGs
[2025-01-19T03:50:24.877+0000] {logging_mixin.py:190} INFO - [2025-01-19T03:50:24.877+0000] {dag.py:4180} INFO - Setting next_dagrun for example_branch_python_operator_decorator to 2025-01-18 00:00:00+00:00, run_after=2025-01-19 00:00:00+00:00
[2025-01-19T03:50:24.893+0000] {processor.py:208} INFO - Processing /home/vscode/.local/lib/python3.10/site-packages/airflow/example_dags/example_branch_operator_decorator.py took 0.092 seconds
[2025-01-19T03:51:38.783+0000] {processor.py:186} INFO - Started process (PID=18811) to work on /home/vscode/.local/lib/python3.10/site-packages/airflow/example_dags/example_branch_operator_decorator.py
[2025-01-19T03:51:38.784+0000] {processor.py:914} INFO - Processing file /home/vscode/.local/lib/python3.10/site-packages/airflow/example_dags/example_branch_operator_decorator.py for tasks to queue
[2025-01-19T03:51:38.786+0000] {logging_mixin.py:190} INFO - [2025-01-19T03:51:38.786+0000] {dagbag.py:588} INFO - Filling up the DagBag from /home/vscode/.local/lib/python3.10/site-packages/airflow/example_dags/example_branch_operator_decorator.py
[2025-01-19T03:51:38.804+0000] {processor.py:925} INFO - DAG(s) 'example_branch_python_operator_decorator' retrieved from /home/vscode/.local/lib/python3.10/site-packages/airflow/example_dags/example_branch_operator_decorator.py
[2025-01-19T03:51:38.823+0000] {logging_mixin.py:190} INFO - [2025-01-19T03:51:38.822+0000] {dag.py:3239} INFO - Sync 1 DAGs
[2025-01-19T03:51:38.838+0000] {logging_mixin.py:190} INFO - [2025-01-19T03:51:38.838+0000] {dag.py:4180} INFO - Setting next_dagrun for example_branch_python_operator_decorator to 2025-01-18 00:00:00+00:00, run_after=2025-01-19 00:00:00+00:00
[2025-01-19T03:51:38.857+0000] {processor.py:208} INFO - Processing /home/vscode/.local/lib/python3.10/site-packages/airflow/example_dags/example_branch_operator_decorator.py took 0.079 seconds
[2025-01-19T03:55:36.727+0000] {processor.py:186} INFO - Started process (PID=20387) to work on /home/vscode/.local/lib/python3.10/site-packages/airflow/example_dags/example_branch_operator_decorator.py
[2025-01-19T03:55:36.728+0000] {processor.py:914} INFO - Processing file /home/vscode/.local/lib/python3.10/site-packages/airflow/example_dags/example_branch_operator_decorator.py for tasks to queue
[2025-01-19T03:55:36.731+0000] {logging_mixin.py:190} INFO - [2025-01-19T03:55:36.730+0000] {dagbag.py:588} INFO - Filling up the DagBag from /home/vscode/.local/lib/python3.10/site-packages/airflow/example_dags/example_branch_operator_decorator.py
[2025-01-19T03:55:36.767+0000] {processor.py:925} INFO - DAG(s) 'example_branch_python_operator_decorator' retrieved from /home/vscode/.local/lib/python3.10/site-packages/airflow/example_dags/example_branch_operator_decorator.py
[2025-01-19T03:55:36.884+0000] {logging_mixin.py:190} INFO - [2025-01-19T03:55:36.883+0000] {dag.py:3239} INFO - Sync 1 DAGs
[2025-01-19T03:55:36.899+0000] {logging_mixin.py:190} INFO - [2025-01-19T03:55:36.898+0000] {dag.py:4180} INFO - Setting next_dagrun for example_branch_python_operator_decorator to 2025-01-18 00:00:00+00:00, run_after=2025-01-19 00:00:00+00:00
[2025-01-19T03:55:36.914+0000] {processor.py:208} INFO - Processing /home/vscode/.local/lib/python3.10/site-packages/airflow/example_dags/example_branch_operator_decorator.py took 0.193 seconds
[2025-01-19T03:56:32.183+0000] {processor.py:186} INFO - Started process (PID=20768) to work on /home/vscode/.local/lib/python3.10/site-packages/airflow/example_dags/example_branch_operator_decorator.py
[2025-01-19T03:56:32.184+0000] {processor.py:914} INFO - Processing file /home/vscode/.local/lib/python3.10/site-packages/airflow/example_dags/example_branch_operator_decorator.py for tasks to queue
[2025-01-19T03:56:32.186+0000] {logging_mixin.py:190} INFO - [2025-01-19T03:56:32.186+0000] {dagbag.py:588} INFO - Filling up the DagBag from /home/vscode/.local/lib/python3.10/site-packages/airflow/example_dags/example_branch_operator_decorator.py
[2025-01-19T03:56:32.216+0000] {processor.py:925} INFO - DAG(s) 'example_branch_python_operator_decorator' retrieved from /home/vscode/.local/lib/python3.10/site-packages/airflow/example_dags/example_branch_operator_decorator.py
[2025-01-19T03:56:32.237+0000] {logging_mixin.py:190} INFO - [2025-01-19T03:56:32.237+0000] {dag.py:3239} INFO - Sync 1 DAGs
[2025-01-19T03:56:32.273+0000] {logging_mixin.py:190} INFO - [2025-01-19T03:56:32.273+0000] {dag.py:4180} INFO - Setting next_dagrun for example_branch_python_operator_decorator to 2025-01-18 00:00:00+00:00, run_after=2025-01-19 00:00:00+00:00
[2025-01-19T03:56:32.288+0000] {processor.py:208} INFO - Processing /home/vscode/.local/lib/python3.10/site-packages/airflow/example_dags/example_branch_operator_decorator.py took 0.111 seconds
[2025-01-19T03:57:29.146+0000] {processor.py:186} INFO - Started process (PID=21154) to work on /home/vscode/.local/lib/python3.10/site-packages/airflow/example_dags/example_branch_operator_decorator.py
[2025-01-19T03:57:29.146+0000] {processor.py:914} INFO - Processing file /home/vscode/.local/lib/python3.10/site-packages/airflow/example_dags/example_branch_operator_decorator.py for tasks to queue
[2025-01-19T03:57:29.148+0000] {logging_mixin.py:190} INFO - [2025-01-19T03:57:29.148+0000] {dagbag.py:588} INFO - Filling up the DagBag from /home/vscode/.local/lib/python3.10/site-packages/airflow/example_dags/example_branch_operator_decorator.py
[2025-01-19T03:57:29.166+0000] {processor.py:925} INFO - DAG(s) 'example_branch_python_operator_decorator' retrieved from /home/vscode/.local/lib/python3.10/site-packages/airflow/example_dags/example_branch_operator_decorator.py
[2025-01-19T03:57:29.185+0000] {logging_mixin.py:190} INFO - [2025-01-19T03:57:29.185+0000] {dag.py:3239} INFO - Sync 1 DAGs
[2025-01-19T03:57:29.200+0000] {logging_mixin.py:190} INFO - [2025-01-19T03:57:29.200+0000] {dag.py:4180} INFO - Setting next_dagrun for example_branch_python_operator_decorator to 2025-01-18 00:00:00+00:00, run_after=2025-01-19 00:00:00+00:00
[2025-01-19T03:57:29.215+0000] {processor.py:208} INFO - Processing /home/vscode/.local/lib/python3.10/site-packages/airflow/example_dags/example_branch_operator_decorator.py took 0.074 seconds
[2025-01-19T03:58:44.680+0000] {processor.py:186} INFO - Started process (PID=21666) to work on /home/vscode/.local/lib/python3.10/site-packages/airflow/example_dags/example_branch_operator_decorator.py
[2025-01-19T03:58:44.682+0000] {processor.py:914} INFO - Processing file /home/vscode/.local/lib/python3.10/site-packages/airflow/example_dags/example_branch_operator_decorator.py for tasks to queue
[2025-01-19T03:58:44.702+0000] {logging_mixin.py:190} INFO - [2025-01-19T03:58:44.701+0000] {dagbag.py:588} INFO - Filling up the DagBag from /home/vscode/.local/lib/python3.10/site-packages/airflow/example_dags/example_branch_operator_decorator.py
[2025-01-19T03:58:44.727+0000] {processor.py:925} INFO - DAG(s) 'example_branch_python_operator_decorator' retrieved from /home/vscode/.local/lib/python3.10/site-packages/airflow/example_dags/example_branch_operator_decorator.py
[2025-01-19T03:58:44.766+0000] {logging_mixin.py:190} INFO - [2025-01-19T03:58:44.765+0000] {dag.py:3239} INFO - Sync 1 DAGs
[2025-01-19T03:58:44.789+0000] {logging_mixin.py:190} INFO - [2025-01-19T03:58:44.789+0000] {dag.py:4180} INFO - Setting next_dagrun for example_branch_python_operator_decorator to 2025-01-18 00:00:00+00:00, run_after=2025-01-19 00:00:00+00:00
[2025-01-19T03:58:44.808+0000] {processor.py:208} INFO - Processing /home/vscode/.local/lib/python3.10/site-packages/airflow/example_dags/example_branch_operator_decorator.py took 0.144 seconds
[2025-01-19T04:00:00.663+0000] {processor.py:186} INFO - Started process (PID=22191) to work on /home/vscode/.local/lib/python3.10/site-packages/airflow/example_dags/example_branch_operator_decorator.py
[2025-01-19T04:00:00.664+0000] {processor.py:914} INFO - Processing file /home/vscode/.local/lib/python3.10/site-packages/airflow/example_dags/example_branch_operator_decorator.py for tasks to queue
[2025-01-19T04:00:00.665+0000] {logging_mixin.py:190} INFO - [2025-01-19T04:00:00.665+0000] {dagbag.py:588} INFO - Filling up the DagBag from /home/vscode/.local/lib/python3.10/site-packages/airflow/example_dags/example_branch_operator_decorator.py
[2025-01-19T04:00:00.683+0000] {processor.py:925} INFO - DAG(s) 'example_branch_python_operator_decorator' retrieved from /home/vscode/.local/lib/python3.10/site-packages/airflow/example_dags/example_branch_operator_decorator.py
[2025-01-19T04:00:00.701+0000] {logging_mixin.py:190} INFO - [2025-01-19T04:00:00.701+0000] {dag.py:3239} INFO - Sync 1 DAGs
[2025-01-19T04:00:00.717+0000] {logging_mixin.py:190} INFO - [2025-01-19T04:00:00.717+0000] {dag.py:4180} INFO - Setting next_dagrun for example_branch_python_operator_decorator to 2025-01-18 00:00:00+00:00, run_after=2025-01-19 00:00:00+00:00
[2025-01-19T04:00:00.731+0000] {processor.py:208} INFO - Processing /home/vscode/.local/lib/python3.10/site-packages/airflow/example_dags/example_branch_operator_decorator.py took 0.073 seconds
[2025-01-19T04:01:17.097+0000] {processor.py:186} INFO - Started process (PID=22701) to work on /home/vscode/.local/lib/python3.10/site-packages/airflow/example_dags/example_branch_operator_decorator.py
[2025-01-19T04:01:17.098+0000] {processor.py:914} INFO - Processing file /home/vscode/.local/lib/python3.10/site-packages/airflow/example_dags/example_branch_operator_decorator.py for tasks to queue
[2025-01-19T04:01:17.099+0000] {logging_mixin.py:190} INFO - [2025-01-19T04:01:17.099+0000] {dagbag.py:588} INFO - Filling up the DagBag from /home/vscode/.local/lib/python3.10/site-packages/airflow/example_dags/example_branch_operator_decorator.py
[2025-01-19T04:01:17.117+0000] {processor.py:925} INFO - DAG(s) 'example_branch_python_operator_decorator' retrieved from /home/vscode/.local/lib/python3.10/site-packages/airflow/example_dags/example_branch_operator_decorator.py
[2025-01-19T04:01:17.136+0000] {logging_mixin.py:190} INFO - [2025-01-19T04:01:17.136+0000] {dag.py:3239} INFO - Sync 1 DAGs
[2025-01-19T04:01:17.152+0000] {logging_mixin.py:190} INFO - [2025-01-19T04:01:17.151+0000] {dag.py:4180} INFO - Setting next_dagrun for example_branch_python_operator_decorator to 2025-01-18 00:00:00+00:00, run_after=2025-01-19 00:00:00+00:00
[2025-01-19T04:01:17.166+0000] {processor.py:208} INFO - Processing /home/vscode/.local/lib/python3.10/site-packages/airflow/example_dags/example_branch_operator_decorator.py took 0.074 seconds
[2025-01-19T04:02:34.020+0000] {processor.py:186} INFO - Started process (PID=23243) to work on /home/vscode/.local/lib/python3.10/site-packages/airflow/example_dags/example_branch_operator_decorator.py
[2025-01-19T04:02:34.021+0000] {processor.py:914} INFO - Processing file /home/vscode/.local/lib/python3.10/site-packages/airflow/example_dags/example_branch_operator_decorator.py for tasks to queue
[2025-01-19T04:02:34.022+0000] {logging_mixin.py:190} INFO - [2025-01-19T04:02:34.022+0000] {dagbag.py:588} INFO - Filling up the DagBag from /home/vscode/.local/lib/python3.10/site-packages/airflow/example_dags/example_branch_operator_decorator.py
[2025-01-19T04:02:34.040+0000] {processor.py:925} INFO - DAG(s) 'example_branch_python_operator_decorator' retrieved from /home/vscode/.local/lib/python3.10/site-packages/airflow/example_dags/example_branch_operator_decorator.py
[2025-01-19T04:02:34.059+0000] {logging_mixin.py:190} INFO - [2025-01-19T04:02:34.059+0000] {dag.py:3239} INFO - Sync 1 DAGs
[2025-01-19T04:02:34.075+0000] {logging_mixin.py:190} INFO - [2025-01-19T04:02:34.074+0000] {dag.py:4180} INFO - Setting next_dagrun for example_branch_python_operator_decorator to 2025-01-18 00:00:00+00:00, run_after=2025-01-19 00:00:00+00:00
[2025-01-19T04:02:34.092+0000] {processor.py:208} INFO - Processing /home/vscode/.local/lib/python3.10/site-packages/airflow/example_dags/example_branch_operator_decorator.py took 0.077 seconds
