[2025-01-19T03:21:11.436+0000] {processor.py:186} INFO - Started process (PID=5189) to work on /home/vscode/.local/lib/python3.10/site-packages/airflow/example_dags/example_external_task_marker_dag.py
[2025-01-19T03:21:11.437+0000] {processor.py:914} INFO - Processing file /home/vscode/.local/lib/python3.10/site-packages/airflow/example_dags/example_external_task_marker_dag.py for tasks to queue
[2025-01-19T03:21:11.440+0000] {logging_mixin.py:190} INFO - [2025-01-19T03:21:11.439+0000] {dagbag.py:588} INFO - Filling up the DagBag from /home/vscode/.local/lib/python3.10/site-packages/airflow/example_dags/example_external_task_marker_dag.py
[2025-01-19T03:21:11.446+0000] {processor.py:925} INFO - DAG(s) 'example_external_task_marker_parent', 'example_external_task_marker_child' retrieved from /home/vscode/.local/lib/python3.10/site-packages/airflow/example_dags/example_external_task_marker_dag.py
[2025-01-19T03:21:11.523+0000] {logging_mixin.py:190} INFO - [2025-01-19T03:21:11.522+0000] {override.py:1911} INFO - Created Permission View: can read on DAG:example_external_task_marker_parent
[2025-01-19T03:21:11.531+0000] {logging_mixin.py:190} INFO - [2025-01-19T03:21:11.531+0000] {override.py:1911} INFO - Created Permission View: can edit on DAG:example_external_task_marker_parent
[2025-01-19T03:21:11.537+0000] {logging_mixin.py:190} INFO - [2025-01-19T03:21:11.537+0000] {override.py:1911} INFO - Created Permission View: can delete on DAG:example_external_task_marker_parent
[2025-01-19T03:21:11.546+0000] {logging_mixin.py:190} INFO - [2025-01-19T03:21:11.546+0000] {override.py:1911} INFO - Created Permission View: menu access on DAG Run:example_external_task_marker_parent
[2025-01-19T03:21:11.552+0000] {logging_mixin.py:190} INFO - [2025-01-19T03:21:11.552+0000] {override.py:1911} INFO - Created Permission View: can read on DAG Run:example_external_task_marker_parent
[2025-01-19T03:21:11.558+0000] {logging_mixin.py:190} INFO - [2025-01-19T03:21:11.558+0000] {override.py:1911} INFO - Created Permission View: can create on DAG Run:example_external_task_marker_parent
[2025-01-19T03:21:11.564+0000] {logging_mixin.py:190} INFO - [2025-01-19T03:21:11.563+0000] {override.py:1911} INFO - Created Permission View: can delete on DAG Run:example_external_task_marker_parent
[2025-01-19T03:21:11.577+0000] {logging_mixin.py:190} INFO - [2025-01-19T03:21:11.577+0000] {override.py:1911} INFO - Created Permission View: can read on DAG:example_external_task_marker_child
[2025-01-19T03:21:11.583+0000] {logging_mixin.py:190} INFO - [2025-01-19T03:21:11.583+0000] {override.py:1911} INFO - Created Permission View: can edit on DAG:example_external_task_marker_child
[2025-01-19T03:21:11.588+0000] {logging_mixin.py:190} INFO - [2025-01-19T03:21:11.588+0000] {override.py:1911} INFO - Created Permission View: can delete on DAG:example_external_task_marker_child
[2025-01-19T03:21:11.596+0000] {logging_mixin.py:190} INFO - [2025-01-19T03:21:11.596+0000] {override.py:1911} INFO - Created Permission View: menu access on DAG Run:example_external_task_marker_child
[2025-01-19T03:21:11.602+0000] {logging_mixin.py:190} INFO - [2025-01-19T03:21:11.602+0000] {override.py:1911} INFO - Created Permission View: can read on DAG Run:example_external_task_marker_child
[2025-01-19T03:21:11.608+0000] {logging_mixin.py:190} INFO - [2025-01-19T03:21:11.608+0000] {override.py:1911} INFO - Created Permission View: can create on DAG Run:example_external_task_marker_child
[2025-01-19T03:21:11.613+0000] {logging_mixin.py:190} INFO - [2025-01-19T03:21:11.613+0000] {override.py:1911} INFO - Created Permission View: can delete on DAG Run:example_external_task_marker_child
[2025-01-19T03:21:11.614+0000] {logging_mixin.py:190} INFO - [2025-01-19T03:21:11.614+0000] {dag.py:3239} INFO - Sync 2 DAGs
[2025-01-19T03:21:11.623+0000] {logging_mixin.py:190} INFO - [2025-01-19T03:21:11.623+0000] {dag.py:3262} INFO - Creating ORM DAG for example_external_task_marker_parent
[2025-01-19T03:21:11.623+0000] {logging_mixin.py:190} INFO - [2025-01-19T03:21:11.623+0000] {dag.py:3262} INFO - Creating ORM DAG for example_external_task_marker_child
[2025-01-19T03:21:11.624+0000] {logging_mixin.py:190} INFO - [2025-01-19T03:21:11.624+0000] {dag.py:4180} INFO - Setting next_dagrun for example_external_task_marker_child to None, run_after=None
[2025-01-19T03:21:11.624+0000] {logging_mixin.py:190} INFO - [2025-01-19T03:21:11.624+0000] {dag.py:4180} INFO - Setting next_dagrun for example_external_task_marker_parent to None, run_after=None
[2025-01-19T03:21:11.638+0000] {processor.py:208} INFO - Processing /home/vscode/.local/lib/python3.10/site-packages/airflow/example_dags/example_external_task_marker_dag.py took 0.207 seconds
[2025-01-19T03:22:11.688+0000] {processor.py:186} INFO - Started process (PID=5707) to work on /home/vscode/.local/lib/python3.10/site-packages/airflow/example_dags/example_external_task_marker_dag.py
[2025-01-19T03:22:11.689+0000] {processor.py:914} INFO - Processing file /home/vscode/.local/lib/python3.10/site-packages/airflow/example_dags/example_external_task_marker_dag.py for tasks to queue
[2025-01-19T03:22:11.691+0000] {logging_mixin.py:190} INFO - [2025-01-19T03:22:11.690+0000] {dagbag.py:588} INFO - Filling up the DagBag from /home/vscode/.local/lib/python3.10/site-packages/airflow/example_dags/example_external_task_marker_dag.py
[2025-01-19T03:22:11.697+0000] {processor.py:925} INFO - DAG(s) 'example_external_task_marker_parent', 'example_external_task_marker_child' retrieved from /home/vscode/.local/lib/python3.10/site-packages/airflow/example_dags/example_external_task_marker_dag.py
[2025-01-19T03:22:11.711+0000] {logging_mixin.py:190} INFO - [2025-01-19T03:22:11.711+0000] {dag.py:3239} INFO - Sync 2 DAGs
[2025-01-19T03:22:11.720+0000] {logging_mixin.py:190} INFO - [2025-01-19T03:22:11.720+0000] {dag.py:4180} INFO - Setting next_dagrun for example_external_task_marker_child to None, run_after=None
[2025-01-19T03:22:11.723+0000] {logging_mixin.py:190} INFO - [2025-01-19T03:22:11.722+0000] {dag.py:4180} INFO - Setting next_dagrun for example_external_task_marker_parent to None, run_after=None
[2025-01-19T03:22:11.735+0000] {processor.py:208} INFO - Processing /home/vscode/.local/lib/python3.10/site-packages/airflow/example_dags/example_external_task_marker_dag.py took 0.052 seconds
[2025-01-19T03:23:04.892+0000] {processor.py:186} INFO - Started process (PID=6154) to work on /home/vscode/.local/lib/python3.10/site-packages/airflow/example_dags/example_external_task_marker_dag.py
[2025-01-19T03:23:04.893+0000] {processor.py:914} INFO - Processing file /home/vscode/.local/lib/python3.10/site-packages/airflow/example_dags/example_external_task_marker_dag.py for tasks to queue
[2025-01-19T03:23:04.894+0000] {logging_mixin.py:190} INFO - [2025-01-19T03:23:04.894+0000] {dagbag.py:588} INFO - Filling up the DagBag from /home/vscode/.local/lib/python3.10/site-packages/airflow/example_dags/example_external_task_marker_dag.py
[2025-01-19T03:23:04.902+0000] {processor.py:925} INFO - DAG(s) 'example_external_task_marker_child', 'example_external_task_marker_parent' retrieved from /home/vscode/.local/lib/python3.10/site-packages/airflow/example_dags/example_external_task_marker_dag.py
[2025-01-19T03:23:04.916+0000] {logging_mixin.py:190} INFO - [2025-01-19T03:23:04.915+0000] {dag.py:3239} INFO - Sync 2 DAGs
[2025-01-19T03:23:04.925+0000] {logging_mixin.py:190} INFO - [2025-01-19T03:23:04.925+0000] {dag.py:4180} INFO - Setting next_dagrun for example_external_task_marker_child to None, run_after=None
[2025-01-19T03:23:04.928+0000] {logging_mixin.py:190} INFO - [2025-01-19T03:23:04.928+0000] {dag.py:4180} INFO - Setting next_dagrun for example_external_task_marker_parent to None, run_after=None
[2025-01-19T03:23:04.941+0000] {processor.py:208} INFO - Processing /home/vscode/.local/lib/python3.10/site-packages/airflow/example_dags/example_external_task_marker_dag.py took 0.054 seconds
[2025-01-19T03:23:59.754+0000] {processor.py:186} INFO - Started process (PID=6597) to work on /home/vscode/.local/lib/python3.10/site-packages/airflow/example_dags/example_external_task_marker_dag.py
[2025-01-19T03:23:59.755+0000] {processor.py:914} INFO - Processing file /home/vscode/.local/lib/python3.10/site-packages/airflow/example_dags/example_external_task_marker_dag.py for tasks to queue
[2025-01-19T03:23:59.756+0000] {logging_mixin.py:190} INFO - [2025-01-19T03:23:59.756+0000] {dagbag.py:588} INFO - Filling up the DagBag from /home/vscode/.local/lib/python3.10/site-packages/airflow/example_dags/example_external_task_marker_dag.py
[2025-01-19T03:23:59.763+0000] {processor.py:925} INFO - DAG(s) 'example_external_task_marker_parent', 'example_external_task_marker_child' retrieved from /home/vscode/.local/lib/python3.10/site-packages/airflow/example_dags/example_external_task_marker_dag.py
[2025-01-19T03:23:59.776+0000] {logging_mixin.py:190} INFO - [2025-01-19T03:23:59.776+0000] {dag.py:3239} INFO - Sync 2 DAGs
[2025-01-19T03:23:59.785+0000] {logging_mixin.py:190} INFO - [2025-01-19T03:23:59.785+0000] {dag.py:4180} INFO - Setting next_dagrun for example_external_task_marker_child to None, run_after=None
[2025-01-19T03:23:59.788+0000] {logging_mixin.py:190} INFO - [2025-01-19T03:23:59.788+0000] {dag.py:4180} INFO - Setting next_dagrun for example_external_task_marker_parent to None, run_after=None
[2025-01-19T03:23:59.801+0000] {processor.py:208} INFO - Processing /home/vscode/.local/lib/python3.10/site-packages/airflow/example_dags/example_external_task_marker_dag.py took 0.051 seconds
[2025-01-19T03:24:51.725+0000] {processor.py:186} INFO - Started process (PID=6995) to work on /home/vscode/.local/lib/python3.10/site-packages/airflow/example_dags/example_external_task_marker_dag.py
[2025-01-19T03:24:51.725+0000] {processor.py:914} INFO - Processing file /home/vscode/.local/lib/python3.10/site-packages/airflow/example_dags/example_external_task_marker_dag.py for tasks to queue
[2025-01-19T03:24:51.727+0000] {logging_mixin.py:190} INFO - [2025-01-19T03:24:51.727+0000] {dagbag.py:588} INFO - Filling up the DagBag from /home/vscode/.local/lib/python3.10/site-packages/airflow/example_dags/example_external_task_marker_dag.py
[2025-01-19T03:24:51.733+0000] {processor.py:925} INFO - DAG(s) 'example_external_task_marker_parent', 'example_external_task_marker_child' retrieved from /home/vscode/.local/lib/python3.10/site-packages/airflow/example_dags/example_external_task_marker_dag.py
[2025-01-19T03:24:51.747+0000] {logging_mixin.py:190} INFO - [2025-01-19T03:24:51.747+0000] {dag.py:3239} INFO - Sync 2 DAGs
[2025-01-19T03:24:51.756+0000] {logging_mixin.py:190} INFO - [2025-01-19T03:24:51.756+0000] {dag.py:4180} INFO - Setting next_dagrun for example_external_task_marker_child to None, run_after=None
[2025-01-19T03:24:51.759+0000] {logging_mixin.py:190} INFO - [2025-01-19T03:24:51.759+0000] {dag.py:4180} INFO - Setting next_dagrun for example_external_task_marker_parent to None, run_after=None
[2025-01-19T03:24:51.773+0000] {processor.py:208} INFO - Processing /home/vscode/.local/lib/python3.10/site-packages/airflow/example_dags/example_external_task_marker_dag.py took 0.053 seconds
[2025-01-19T03:25:40.303+0000] {processor.py:186} INFO - Started process (PID=7401) to work on /home/vscode/.local/lib/python3.10/site-packages/airflow/example_dags/example_external_task_marker_dag.py
[2025-01-19T03:25:40.304+0000] {processor.py:914} INFO - Processing file /home/vscode/.local/lib/python3.10/site-packages/airflow/example_dags/example_external_task_marker_dag.py for tasks to queue
[2025-01-19T03:25:40.306+0000] {logging_mixin.py:190} INFO - [2025-01-19T03:25:40.305+0000] {dagbag.py:588} INFO - Filling up the DagBag from /home/vscode/.local/lib/python3.10/site-packages/airflow/example_dags/example_external_task_marker_dag.py
[2025-01-19T03:25:40.312+0000] {processor.py:925} INFO - DAG(s) 'example_external_task_marker_child', 'example_external_task_marker_parent' retrieved from /home/vscode/.local/lib/python3.10/site-packages/airflow/example_dags/example_external_task_marker_dag.py
[2025-01-19T03:25:40.325+0000] {logging_mixin.py:190} INFO - [2025-01-19T03:25:40.325+0000] {dag.py:3239} INFO - Sync 2 DAGs
[2025-01-19T03:25:40.335+0000] {logging_mixin.py:190} INFO - [2025-01-19T03:25:40.335+0000] {dag.py:4180} INFO - Setting next_dagrun for example_external_task_marker_child to None, run_after=None
[2025-01-19T03:25:40.337+0000] {logging_mixin.py:190} INFO - [2025-01-19T03:25:40.337+0000] {dag.py:4180} INFO - Setting next_dagrun for example_external_task_marker_parent to None, run_after=None
[2025-01-19T03:25:40.350+0000] {processor.py:208} INFO - Processing /home/vscode/.local/lib/python3.10/site-packages/airflow/example_dags/example_external_task_marker_dag.py took 0.053 seconds
[2025-01-19T03:26:34.485+0000] {processor.py:186} INFO - Started process (PID=7816) to work on /home/vscode/.local/lib/python3.10/site-packages/airflow/example_dags/example_external_task_marker_dag.py
[2025-01-19T03:26:34.487+0000] {processor.py:914} INFO - Processing file /home/vscode/.local/lib/python3.10/site-packages/airflow/example_dags/example_external_task_marker_dag.py for tasks to queue
[2025-01-19T03:26:34.489+0000] {logging_mixin.py:190} INFO - [2025-01-19T03:26:34.488+0000] {dagbag.py:588} INFO - Filling up the DagBag from /home/vscode/.local/lib/python3.10/site-packages/airflow/example_dags/example_external_task_marker_dag.py
[2025-01-19T03:26:34.498+0000] {processor.py:925} INFO - DAG(s) 'example_external_task_marker_child', 'example_external_task_marker_parent' retrieved from /home/vscode/.local/lib/python3.10/site-packages/airflow/example_dags/example_external_task_marker_dag.py
[2025-01-19T03:26:34.518+0000] {logging_mixin.py:190} INFO - [2025-01-19T03:26:34.517+0000] {dag.py:3239} INFO - Sync 2 DAGs
[2025-01-19T03:26:34.532+0000] {logging_mixin.py:190} INFO - [2025-01-19T03:26:34.532+0000] {dag.py:4180} INFO - Setting next_dagrun for example_external_task_marker_child to None, run_after=None
[2025-01-19T03:26:34.535+0000] {logging_mixin.py:190} INFO - [2025-01-19T03:26:34.535+0000] {dag.py:4180} INFO - Setting next_dagrun for example_external_task_marker_parent to None, run_after=None
[2025-01-19T03:26:34.556+0000] {processor.py:208} INFO - Processing /home/vscode/.local/lib/python3.10/site-packages/airflow/example_dags/example_external_task_marker_dag.py took 0.077 seconds
[2025-01-19T03:27:27.238+0000] {processor.py:186} INFO - Started process (PID=8211) to work on /home/vscode/.local/lib/python3.10/site-packages/airflow/example_dags/example_external_task_marker_dag.py
[2025-01-19T03:27:27.239+0000] {processor.py:914} INFO - Processing file /home/vscode/.local/lib/python3.10/site-packages/airflow/example_dags/example_external_task_marker_dag.py for tasks to queue
[2025-01-19T03:27:27.240+0000] {logging_mixin.py:190} INFO - [2025-01-19T03:27:27.240+0000] {dagbag.py:588} INFO - Filling up the DagBag from /home/vscode/.local/lib/python3.10/site-packages/airflow/example_dags/example_external_task_marker_dag.py
[2025-01-19T03:27:27.247+0000] {processor.py:925} INFO - DAG(s) 'example_external_task_marker_child', 'example_external_task_marker_parent' retrieved from /home/vscode/.local/lib/python3.10/site-packages/airflow/example_dags/example_external_task_marker_dag.py
[2025-01-19T03:27:27.260+0000] {logging_mixin.py:190} INFO - [2025-01-19T03:27:27.260+0000] {dag.py:3239} INFO - Sync 2 DAGs
[2025-01-19T03:27:27.270+0000] {logging_mixin.py:190} INFO - [2025-01-19T03:27:27.270+0000] {dag.py:4180} INFO - Setting next_dagrun for example_external_task_marker_child to None, run_after=None
[2025-01-19T03:27:27.272+0000] {logging_mixin.py:190} INFO - [2025-01-19T03:27:27.272+0000] {dag.py:4180} INFO - Setting next_dagrun for example_external_task_marker_parent to None, run_after=None
[2025-01-19T03:27:27.285+0000] {processor.py:208} INFO - Processing /home/vscode/.local/lib/python3.10/site-packages/airflow/example_dags/example_external_task_marker_dag.py took 0.052 seconds
[2025-01-19T03:28:21.647+0000] {processor.py:186} INFO - Started process (PID=8715) to work on /home/vscode/.local/lib/python3.10/site-packages/airflow/example_dags/example_external_task_marker_dag.py
[2025-01-19T03:28:21.648+0000] {processor.py:914} INFO - Processing file /home/vscode/.local/lib/python3.10/site-packages/airflow/example_dags/example_external_task_marker_dag.py for tasks to queue
[2025-01-19T03:28:21.650+0000] {logging_mixin.py:190} INFO - [2025-01-19T03:28:21.649+0000] {dagbag.py:588} INFO - Filling up the DagBag from /home/vscode/.local/lib/python3.10/site-packages/airflow/example_dags/example_external_task_marker_dag.py
[2025-01-19T03:28:21.656+0000] {processor.py:925} INFO - DAG(s) 'example_external_task_marker_parent', 'example_external_task_marker_child' retrieved from /home/vscode/.local/lib/python3.10/site-packages/airflow/example_dags/example_external_task_marker_dag.py
[2025-01-19T03:28:21.669+0000] {logging_mixin.py:190} INFO - [2025-01-19T03:28:21.669+0000] {dag.py:3239} INFO - Sync 2 DAGs
[2025-01-19T03:28:21.678+0000] {logging_mixin.py:190} INFO - [2025-01-19T03:28:21.678+0000] {dag.py:4180} INFO - Setting next_dagrun for example_external_task_marker_child to None, run_after=None
[2025-01-19T03:28:21.681+0000] {logging_mixin.py:190} INFO - [2025-01-19T03:28:21.681+0000] {dag.py:4180} INFO - Setting next_dagrun for example_external_task_marker_parent to None, run_after=None
[2025-01-19T03:28:21.695+0000] {processor.py:208} INFO - Processing /home/vscode/.local/lib/python3.10/site-packages/airflow/example_dags/example_external_task_marker_dag.py took 0.051 seconds
[2025-01-19T03:29:14.197+0000] {processor.py:186} INFO - Started process (PID=9110) to work on /home/vscode/.local/lib/python3.10/site-packages/airflow/example_dags/example_external_task_marker_dag.py
[2025-01-19T03:29:14.198+0000] {processor.py:914} INFO - Processing file /home/vscode/.local/lib/python3.10/site-packages/airflow/example_dags/example_external_task_marker_dag.py for tasks to queue
[2025-01-19T03:29:14.200+0000] {logging_mixin.py:190} INFO - [2025-01-19T03:29:14.199+0000] {dagbag.py:588} INFO - Filling up the DagBag from /home/vscode/.local/lib/python3.10/site-packages/airflow/example_dags/example_external_task_marker_dag.py
[2025-01-19T03:29:14.206+0000] {processor.py:925} INFO - DAG(s) 'example_external_task_marker_parent', 'example_external_task_marker_child' retrieved from /home/vscode/.local/lib/python3.10/site-packages/airflow/example_dags/example_external_task_marker_dag.py
[2025-01-19T03:29:14.219+0000] {logging_mixin.py:190} INFO - [2025-01-19T03:29:14.219+0000] {dag.py:3239} INFO - Sync 2 DAGs
[2025-01-19T03:29:14.229+0000] {logging_mixin.py:190} INFO - [2025-01-19T03:29:14.229+0000] {dag.py:4180} INFO - Setting next_dagrun for example_external_task_marker_child to None, run_after=None
[2025-01-19T03:29:14.231+0000] {logging_mixin.py:190} INFO - [2025-01-19T03:29:14.231+0000] {dag.py:4180} INFO - Setting next_dagrun for example_external_task_marker_parent to None, run_after=None
[2025-01-19T03:29:14.244+0000] {processor.py:208} INFO - Processing /home/vscode/.local/lib/python3.10/site-packages/airflow/example_dags/example_external_task_marker_dag.py took 0.051 seconds
[2025-01-19T03:30:05.168+0000] {processor.py:186} INFO - Started process (PID=9453) to work on /home/vscode/.local/lib/python3.10/site-packages/airflow/example_dags/example_external_task_marker_dag.py
[2025-01-19T03:30:05.169+0000] {processor.py:914} INFO - Processing file /home/vscode/.local/lib/python3.10/site-packages/airflow/example_dags/example_external_task_marker_dag.py for tasks to queue
[2025-01-19T03:30:05.170+0000] {logging_mixin.py:190} INFO - [2025-01-19T03:30:05.170+0000] {dagbag.py:588} INFO - Filling up the DagBag from /home/vscode/.local/lib/python3.10/site-packages/airflow/example_dags/example_external_task_marker_dag.py
[2025-01-19T03:30:05.177+0000] {processor.py:925} INFO - DAG(s) 'example_external_task_marker_child', 'example_external_task_marker_parent' retrieved from /home/vscode/.local/lib/python3.10/site-packages/airflow/example_dags/example_external_task_marker_dag.py
[2025-01-19T03:30:05.190+0000] {logging_mixin.py:190} INFO - [2025-01-19T03:30:05.190+0000] {dag.py:3239} INFO - Sync 2 DAGs
[2025-01-19T03:30:05.200+0000] {logging_mixin.py:190} INFO - [2025-01-19T03:30:05.200+0000] {dag.py:4180} INFO - Setting next_dagrun for example_external_task_marker_child to None, run_after=None
[2025-01-19T03:30:05.202+0000] {logging_mixin.py:190} INFO - [2025-01-19T03:30:05.202+0000] {dag.py:4180} INFO - Setting next_dagrun for example_external_task_marker_parent to None, run_after=None
[2025-01-19T03:30:05.215+0000] {processor.py:208} INFO - Processing /home/vscode/.local/lib/python3.10/site-packages/airflow/example_dags/example_external_task_marker_dag.py took 0.052 seconds
[2025-01-19T03:30:52.947+0000] {processor.py:186} INFO - Started process (PID=9779) to work on /home/vscode/.local/lib/python3.10/site-packages/airflow/example_dags/example_external_task_marker_dag.py
[2025-01-19T03:30:52.948+0000] {processor.py:914} INFO - Processing file /home/vscode/.local/lib/python3.10/site-packages/airflow/example_dags/example_external_task_marker_dag.py for tasks to queue
[2025-01-19T03:30:52.949+0000] {logging_mixin.py:190} INFO - [2025-01-19T03:30:52.949+0000] {dagbag.py:588} INFO - Filling up the DagBag from /home/vscode/.local/lib/python3.10/site-packages/airflow/example_dags/example_external_task_marker_dag.py
[2025-01-19T03:30:52.956+0000] {processor.py:925} INFO - DAG(s) 'example_external_task_marker_parent', 'example_external_task_marker_child' retrieved from /home/vscode/.local/lib/python3.10/site-packages/airflow/example_dags/example_external_task_marker_dag.py
[2025-01-19T03:30:52.969+0000] {logging_mixin.py:190} INFO - [2025-01-19T03:30:52.969+0000] {dag.py:3239} INFO - Sync 2 DAGs
[2025-01-19T03:30:52.978+0000] {logging_mixin.py:190} INFO - [2025-01-19T03:30:52.978+0000] {dag.py:4180} INFO - Setting next_dagrun for example_external_task_marker_child to None, run_after=None
[2025-01-19T03:30:52.981+0000] {logging_mixin.py:190} INFO - [2025-01-19T03:30:52.981+0000] {dag.py:4180} INFO - Setting next_dagrun for example_external_task_marker_parent to None, run_after=None
[2025-01-19T03:30:52.993+0000] {processor.py:208} INFO - Processing /home/vscode/.local/lib/python3.10/site-packages/airflow/example_dags/example_external_task_marker_dag.py took 0.051 seconds
[2025-01-19T03:31:43.026+0000] {processor.py:186} INFO - Started process (PID=10117) to work on /home/vscode/.local/lib/python3.10/site-packages/airflow/example_dags/example_external_task_marker_dag.py
[2025-01-19T03:31:43.027+0000] {processor.py:914} INFO - Processing file /home/vscode/.local/lib/python3.10/site-packages/airflow/example_dags/example_external_task_marker_dag.py for tasks to queue
[2025-01-19T03:31:43.028+0000] {logging_mixin.py:190} INFO - [2025-01-19T03:31:43.028+0000] {dagbag.py:588} INFO - Filling up the DagBag from /home/vscode/.local/lib/python3.10/site-packages/airflow/example_dags/example_external_task_marker_dag.py
[2025-01-19T03:31:43.035+0000] {processor.py:925} INFO - DAG(s) 'example_external_task_marker_parent', 'example_external_task_marker_child' retrieved from /home/vscode/.local/lib/python3.10/site-packages/airflow/example_dags/example_external_task_marker_dag.py
[2025-01-19T03:31:43.047+0000] {logging_mixin.py:190} INFO - [2025-01-19T03:31:43.047+0000] {dag.py:3239} INFO - Sync 2 DAGs
[2025-01-19T03:31:43.056+0000] {logging_mixin.py:190} INFO - [2025-01-19T03:31:43.056+0000] {dag.py:4180} INFO - Setting next_dagrun for example_external_task_marker_child to None, run_after=None
[2025-01-19T03:31:43.059+0000] {logging_mixin.py:190} INFO - [2025-01-19T03:31:43.059+0000] {dag.py:4180} INFO - Setting next_dagrun for example_external_task_marker_parent to None, run_after=None
[2025-01-19T03:31:43.071+0000] {processor.py:208} INFO - Processing /home/vscode/.local/lib/python3.10/site-packages/airflow/example_dags/example_external_task_marker_dag.py took 0.050 seconds
[2025-01-19T03:32:34.121+0000] {processor.py:186} INFO - Started process (PID=10565) to work on /home/vscode/.local/lib/python3.10/site-packages/airflow/example_dags/example_external_task_marker_dag.py
[2025-01-19T03:32:34.122+0000] {processor.py:914} INFO - Processing file /home/vscode/.local/lib/python3.10/site-packages/airflow/example_dags/example_external_task_marker_dag.py for tasks to queue
[2025-01-19T03:32:34.123+0000] {logging_mixin.py:190} INFO - [2025-01-19T03:32:34.123+0000] {dagbag.py:588} INFO - Filling up the DagBag from /home/vscode/.local/lib/python3.10/site-packages/airflow/example_dags/example_external_task_marker_dag.py
[2025-01-19T03:32:34.130+0000] {processor.py:925} INFO - DAG(s) 'example_external_task_marker_parent', 'example_external_task_marker_child' retrieved from /home/vscode/.local/lib/python3.10/site-packages/airflow/example_dags/example_external_task_marker_dag.py
[2025-01-19T03:32:34.143+0000] {logging_mixin.py:190} INFO - [2025-01-19T03:32:34.143+0000] {dag.py:3239} INFO - Sync 2 DAGs
[2025-01-19T03:32:34.153+0000] {logging_mixin.py:190} INFO - [2025-01-19T03:32:34.153+0000] {dag.py:4180} INFO - Setting next_dagrun for example_external_task_marker_child to None, run_after=None
[2025-01-19T03:32:34.155+0000] {logging_mixin.py:190} INFO - [2025-01-19T03:32:34.155+0000] {dag.py:4180} INFO - Setting next_dagrun for example_external_task_marker_parent to None, run_after=None
[2025-01-19T03:32:34.168+0000] {processor.py:208} INFO - Processing /home/vscode/.local/lib/python3.10/site-packages/airflow/example_dags/example_external_task_marker_dag.py took 0.052 seconds
[2025-01-19T03:33:23.261+0000] {processor.py:186} INFO - Started process (PID=10940) to work on /home/vscode/.local/lib/python3.10/site-packages/airflow/example_dags/example_external_task_marker_dag.py
[2025-01-19T03:33:23.262+0000] {processor.py:914} INFO - Processing file /home/vscode/.local/lib/python3.10/site-packages/airflow/example_dags/example_external_task_marker_dag.py for tasks to queue
[2025-01-19T03:33:23.263+0000] {logging_mixin.py:190} INFO - [2025-01-19T03:33:23.263+0000] {dagbag.py:588} INFO - Filling up the DagBag from /home/vscode/.local/lib/python3.10/site-packages/airflow/example_dags/example_external_task_marker_dag.py
[2025-01-19T03:33:23.269+0000] {processor.py:925} INFO - DAG(s) 'example_external_task_marker_child', 'example_external_task_marker_parent' retrieved from /home/vscode/.local/lib/python3.10/site-packages/airflow/example_dags/example_external_task_marker_dag.py
[2025-01-19T03:33:23.283+0000] {logging_mixin.py:190} INFO - [2025-01-19T03:33:23.282+0000] {dag.py:3239} INFO - Sync 2 DAGs
[2025-01-19T03:33:23.292+0000] {logging_mixin.py:190} INFO - [2025-01-19T03:33:23.292+0000] {dag.py:4180} INFO - Setting next_dagrun for example_external_task_marker_child to None, run_after=None
[2025-01-19T03:33:23.294+0000] {logging_mixin.py:190} INFO - [2025-01-19T03:33:23.294+0000] {dag.py:4180} INFO - Setting next_dagrun for example_external_task_marker_parent to None, run_after=None
[2025-01-19T03:33:23.306+0000] {processor.py:208} INFO - Processing /home/vscode/.local/lib/python3.10/site-packages/airflow/example_dags/example_external_task_marker_dag.py took 0.050 seconds
[2025-01-19T03:34:15.081+0000] {processor.py:186} INFO - Started process (PID=11286) to work on /home/vscode/.local/lib/python3.10/site-packages/airflow/example_dags/example_external_task_marker_dag.py
[2025-01-19T03:34:15.082+0000] {processor.py:914} INFO - Processing file /home/vscode/.local/lib/python3.10/site-packages/airflow/example_dags/example_external_task_marker_dag.py for tasks to queue
[2025-01-19T03:34:15.084+0000] {logging_mixin.py:190} INFO - [2025-01-19T03:34:15.083+0000] {dagbag.py:588} INFO - Filling up the DagBag from /home/vscode/.local/lib/python3.10/site-packages/airflow/example_dags/example_external_task_marker_dag.py
[2025-01-19T03:34:15.090+0000] {processor.py:925} INFO - DAG(s) 'example_external_task_marker_parent', 'example_external_task_marker_child' retrieved from /home/vscode/.local/lib/python3.10/site-packages/airflow/example_dags/example_external_task_marker_dag.py
[2025-01-19T03:34:15.103+0000] {logging_mixin.py:190} INFO - [2025-01-19T03:34:15.103+0000] {dag.py:3239} INFO - Sync 2 DAGs
[2025-01-19T03:34:15.113+0000] {logging_mixin.py:190} INFO - [2025-01-19T03:34:15.113+0000] {dag.py:4180} INFO - Setting next_dagrun for example_external_task_marker_child to None, run_after=None
[2025-01-19T03:34:15.115+0000] {logging_mixin.py:190} INFO - [2025-01-19T03:34:15.115+0000] {dag.py:4180} INFO - Setting next_dagrun for example_external_task_marker_parent to None, run_after=None
[2025-01-19T03:34:15.128+0000] {processor.py:208} INFO - Processing /home/vscode/.local/lib/python3.10/site-packages/airflow/example_dags/example_external_task_marker_dag.py took 0.051 seconds
[2025-01-19T03:35:04.522+0000] {processor.py:186} INFO - Started process (PID=11703) to work on /home/vscode/.local/lib/python3.10/site-packages/airflow/example_dags/example_external_task_marker_dag.py
[2025-01-19T03:35:04.522+0000] {processor.py:914} INFO - Processing file /home/vscode/.local/lib/python3.10/site-packages/airflow/example_dags/example_external_task_marker_dag.py for tasks to queue
[2025-01-19T03:35:04.524+0000] {logging_mixin.py:190} INFO - [2025-01-19T03:35:04.524+0000] {dagbag.py:588} INFO - Filling up the DagBag from /home/vscode/.local/lib/python3.10/site-packages/airflow/example_dags/example_external_task_marker_dag.py
[2025-01-19T03:35:04.531+0000] {processor.py:925} INFO - DAG(s) 'example_external_task_marker_child', 'example_external_task_marker_parent' retrieved from /home/vscode/.local/lib/python3.10/site-packages/airflow/example_dags/example_external_task_marker_dag.py
[2025-01-19T03:35:04.552+0000] {logging_mixin.py:190} INFO - [2025-01-19T03:35:04.552+0000] {dag.py:3239} INFO - Sync 2 DAGs
[2025-01-19T03:35:04.568+0000] {logging_mixin.py:190} INFO - [2025-01-19T03:35:04.568+0000] {dag.py:4180} INFO - Setting next_dagrun for example_external_task_marker_child to None, run_after=None
[2025-01-19T03:35:04.571+0000] {logging_mixin.py:190} INFO - [2025-01-19T03:35:04.571+0000] {dag.py:4180} INFO - Setting next_dagrun for example_external_task_marker_parent to None, run_after=None
[2025-01-19T03:35:04.589+0000] {processor.py:208} INFO - Processing /home/vscode/.local/lib/python3.10/site-packages/airflow/example_dags/example_external_task_marker_dag.py took 0.072 seconds
[2025-01-19T03:35:54.464+0000] {processor.py:186} INFO - Started process (PID=12095) to work on /home/vscode/.local/lib/python3.10/site-packages/airflow/example_dags/example_external_task_marker_dag.py
[2025-01-19T03:35:54.464+0000] {processor.py:914} INFO - Processing file /home/vscode/.local/lib/python3.10/site-packages/airflow/example_dags/example_external_task_marker_dag.py for tasks to queue
[2025-01-19T03:35:54.466+0000] {logging_mixin.py:190} INFO - [2025-01-19T03:35:54.466+0000] {dagbag.py:588} INFO - Filling up the DagBag from /home/vscode/.local/lib/python3.10/site-packages/airflow/example_dags/example_external_task_marker_dag.py
[2025-01-19T03:35:54.475+0000] {processor.py:925} INFO - DAG(s) 'example_external_task_marker_child', 'example_external_task_marker_parent' retrieved from /home/vscode/.local/lib/python3.10/site-packages/airflow/example_dags/example_external_task_marker_dag.py
[2025-01-19T03:35:54.490+0000] {logging_mixin.py:190} INFO - [2025-01-19T03:35:54.490+0000] {dag.py:3239} INFO - Sync 2 DAGs
[2025-01-19T03:35:54.500+0000] {logging_mixin.py:190} INFO - [2025-01-19T03:35:54.500+0000] {dag.py:4180} INFO - Setting next_dagrun for example_external_task_marker_child to None, run_after=None
[2025-01-19T03:35:54.502+0000] {logging_mixin.py:190} INFO - [2025-01-19T03:35:54.502+0000] {dag.py:4180} INFO - Setting next_dagrun for example_external_task_marker_parent to None, run_after=None
[2025-01-19T03:35:54.515+0000] {processor.py:208} INFO - Processing /home/vscode/.local/lib/python3.10/site-packages/airflow/example_dags/example_external_task_marker_dag.py took 0.056 seconds
[2025-01-19T03:36:42.395+0000] {processor.py:186} INFO - Started process (PID=12433) to work on /home/vscode/.local/lib/python3.10/site-packages/airflow/example_dags/example_external_task_marker_dag.py
[2025-01-19T03:36:42.395+0000] {processor.py:914} INFO - Processing file /home/vscode/.local/lib/python3.10/site-packages/airflow/example_dags/example_external_task_marker_dag.py for tasks to queue
[2025-01-19T03:36:42.397+0000] {logging_mixin.py:190} INFO - [2025-01-19T03:36:42.397+0000] {dagbag.py:588} INFO - Filling up the DagBag from /home/vscode/.local/lib/python3.10/site-packages/airflow/example_dags/example_external_task_marker_dag.py
[2025-01-19T03:36:42.404+0000] {processor.py:925} INFO - DAG(s) 'example_external_task_marker_child', 'example_external_task_marker_parent' retrieved from /home/vscode/.local/lib/python3.10/site-packages/airflow/example_dags/example_external_task_marker_dag.py
[2025-01-19T03:36:42.416+0000] {logging_mixin.py:190} INFO - [2025-01-19T03:36:42.416+0000] {dag.py:3239} INFO - Sync 2 DAGs
[2025-01-19T03:36:42.426+0000] {logging_mixin.py:190} INFO - [2025-01-19T03:36:42.426+0000] {dag.py:4180} INFO - Setting next_dagrun for example_external_task_marker_child to None, run_after=None
[2025-01-19T03:36:42.428+0000] {logging_mixin.py:190} INFO - [2025-01-19T03:36:42.428+0000] {dag.py:4180} INFO - Setting next_dagrun for example_external_task_marker_parent to None, run_after=None
[2025-01-19T03:36:42.441+0000] {processor.py:208} INFO - Processing /home/vscode/.local/lib/python3.10/site-packages/airflow/example_dags/example_external_task_marker_dag.py took 0.051 seconds
[2025-01-19T03:37:34.949+0000] {processor.py:186} INFO - Started process (PID=12778) to work on /home/vscode/.local/lib/python3.10/site-packages/airflow/example_dags/example_external_task_marker_dag.py
[2025-01-19T03:37:34.950+0000] {processor.py:914} INFO - Processing file /home/vscode/.local/lib/python3.10/site-packages/airflow/example_dags/example_external_task_marker_dag.py for tasks to queue
[2025-01-19T03:37:34.951+0000] {logging_mixin.py:190} INFO - [2025-01-19T03:37:34.951+0000] {dagbag.py:588} INFO - Filling up the DagBag from /home/vscode/.local/lib/python3.10/site-packages/airflow/example_dags/example_external_task_marker_dag.py
[2025-01-19T03:37:34.958+0000] {processor.py:925} INFO - DAG(s) 'example_external_task_marker_parent', 'example_external_task_marker_child' retrieved from /home/vscode/.local/lib/python3.10/site-packages/airflow/example_dags/example_external_task_marker_dag.py
[2025-01-19T03:37:34.971+0000] {logging_mixin.py:190} INFO - [2025-01-19T03:37:34.971+0000] {dag.py:3239} INFO - Sync 2 DAGs
[2025-01-19T03:37:34.980+0000] {logging_mixin.py:190} INFO - [2025-01-19T03:37:34.980+0000] {dag.py:4180} INFO - Setting next_dagrun for example_external_task_marker_child to None, run_after=None
[2025-01-19T03:37:34.982+0000] {logging_mixin.py:190} INFO - [2025-01-19T03:37:34.982+0000] {dag.py:4180} INFO - Setting next_dagrun for example_external_task_marker_parent to None, run_after=None
[2025-01-19T03:37:34.996+0000] {processor.py:208} INFO - Processing /home/vscode/.local/lib/python3.10/site-packages/airflow/example_dags/example_external_task_marker_dag.py took 0.052 seconds
[2025-01-19T03:38:27.259+0000] {processor.py:186} INFO - Started process (PID=13138) to work on /home/vscode/.local/lib/python3.10/site-packages/airflow/example_dags/example_external_task_marker_dag.py
[2025-01-19T03:38:27.259+0000] {processor.py:914} INFO - Processing file /home/vscode/.local/lib/python3.10/site-packages/airflow/example_dags/example_external_task_marker_dag.py for tasks to queue
[2025-01-19T03:38:27.261+0000] {logging_mixin.py:190} INFO - [2025-01-19T03:38:27.261+0000] {dagbag.py:588} INFO - Filling up the DagBag from /home/vscode/.local/lib/python3.10/site-packages/airflow/example_dags/example_external_task_marker_dag.py
[2025-01-19T03:38:27.267+0000] {processor.py:925} INFO - DAG(s) 'example_external_task_marker_child', 'example_external_task_marker_parent' retrieved from /home/vscode/.local/lib/python3.10/site-packages/airflow/example_dags/example_external_task_marker_dag.py
[2025-01-19T03:38:27.280+0000] {logging_mixin.py:190} INFO - [2025-01-19T03:38:27.280+0000] {dag.py:3239} INFO - Sync 2 DAGs
[2025-01-19T03:38:27.290+0000] {logging_mixin.py:190} INFO - [2025-01-19T03:38:27.289+0000] {dag.py:4180} INFO - Setting next_dagrun for example_external_task_marker_child to None, run_after=None
[2025-01-19T03:38:27.292+0000] {logging_mixin.py:190} INFO - [2025-01-19T03:38:27.292+0000] {dag.py:4180} INFO - Setting next_dagrun for example_external_task_marker_parent to None, run_after=None
[2025-01-19T03:38:27.305+0000] {processor.py:208} INFO - Processing /home/vscode/.local/lib/python3.10/site-packages/airflow/example_dags/example_external_task_marker_dag.py took 0.051 seconds
[2025-01-19T03:39:35.934+0000] {processor.py:186} INFO - Started process (PID=13602) to work on /home/vscode/.local/lib/python3.10/site-packages/airflow/example_dags/example_external_task_marker_dag.py
[2025-01-19T03:39:35.934+0000] {processor.py:914} INFO - Processing file /home/vscode/.local/lib/python3.10/site-packages/airflow/example_dags/example_external_task_marker_dag.py for tasks to queue
[2025-01-19T03:39:35.936+0000] {logging_mixin.py:190} INFO - [2025-01-19T03:39:35.936+0000] {dagbag.py:588} INFO - Filling up the DagBag from /home/vscode/.local/lib/python3.10/site-packages/airflow/example_dags/example_external_task_marker_dag.py
[2025-01-19T03:39:35.943+0000] {processor.py:925} INFO - DAG(s) 'example_external_task_marker_child', 'example_external_task_marker_parent' retrieved from /home/vscode/.local/lib/python3.10/site-packages/airflow/example_dags/example_external_task_marker_dag.py
[2025-01-19T03:39:35.957+0000] {logging_mixin.py:190} INFO - [2025-01-19T03:39:35.957+0000] {dag.py:3239} INFO - Sync 2 DAGs
[2025-01-19T03:39:35.967+0000] {logging_mixin.py:190} INFO - [2025-01-19T03:39:35.967+0000] {dag.py:4180} INFO - Setting next_dagrun for example_external_task_marker_child to None, run_after=None
[2025-01-19T03:39:35.970+0000] {logging_mixin.py:190} INFO - [2025-01-19T03:39:35.969+0000] {dag.py:4180} INFO - Setting next_dagrun for example_external_task_marker_parent to None, run_after=None
[2025-01-19T03:39:35.983+0000] {processor.py:208} INFO - Processing /home/vscode/.local/lib/python3.10/site-packages/airflow/example_dags/example_external_task_marker_dag.py took 0.054 seconds
[2025-01-19T03:40:28.911+0000] {processor.py:186} INFO - Started process (PID=13960) to work on /home/vscode/.local/lib/python3.10/site-packages/airflow/example_dags/example_external_task_marker_dag.py
[2025-01-19T03:40:28.912+0000] {processor.py:914} INFO - Processing file /home/vscode/.local/lib/python3.10/site-packages/airflow/example_dags/example_external_task_marker_dag.py for tasks to queue
[2025-01-19T03:40:28.913+0000] {logging_mixin.py:190} INFO - [2025-01-19T03:40:28.913+0000] {dagbag.py:588} INFO - Filling up the DagBag from /home/vscode/.local/lib/python3.10/site-packages/airflow/example_dags/example_external_task_marker_dag.py
[2025-01-19T03:40:28.920+0000] {processor.py:925} INFO - DAG(s) 'example_external_task_marker_parent', 'example_external_task_marker_child' retrieved from /home/vscode/.local/lib/python3.10/site-packages/airflow/example_dags/example_external_task_marker_dag.py
[2025-01-19T03:40:28.933+0000] {logging_mixin.py:190} INFO - [2025-01-19T03:40:28.933+0000] {dag.py:3239} INFO - Sync 2 DAGs
[2025-01-19T03:40:28.942+0000] {logging_mixin.py:190} INFO - [2025-01-19T03:40:28.942+0000] {dag.py:4180} INFO - Setting next_dagrun for example_external_task_marker_child to None, run_after=None
[2025-01-19T03:40:28.944+0000] {logging_mixin.py:190} INFO - [2025-01-19T03:40:28.944+0000] {dag.py:4180} INFO - Setting next_dagrun for example_external_task_marker_parent to None, run_after=None
[2025-01-19T03:40:28.958+0000] {processor.py:208} INFO - Processing /home/vscode/.local/lib/python3.10/site-packages/airflow/example_dags/example_external_task_marker_dag.py took 0.051 seconds
[2025-01-19T03:41:18.681+0000] {processor.py:186} INFO - Started process (PID=14295) to work on /home/vscode/.local/lib/python3.10/site-packages/airflow/example_dags/example_external_task_marker_dag.py
[2025-01-19T03:41:18.681+0000] {processor.py:914} INFO - Processing file /home/vscode/.local/lib/python3.10/site-packages/airflow/example_dags/example_external_task_marker_dag.py for tasks to queue
[2025-01-19T03:41:18.683+0000] {logging_mixin.py:190} INFO - [2025-01-19T03:41:18.683+0000] {dagbag.py:588} INFO - Filling up the DagBag from /home/vscode/.local/lib/python3.10/site-packages/airflow/example_dags/example_external_task_marker_dag.py
[2025-01-19T03:41:18.690+0000] {processor.py:925} INFO - DAG(s) 'example_external_task_marker_parent', 'example_external_task_marker_child' retrieved from /home/vscode/.local/lib/python3.10/site-packages/airflow/example_dags/example_external_task_marker_dag.py
[2025-01-19T03:41:18.703+0000] {logging_mixin.py:190} INFO - [2025-01-19T03:41:18.703+0000] {dag.py:3239} INFO - Sync 2 DAGs
[2025-01-19T03:41:18.712+0000] {logging_mixin.py:190} INFO - [2025-01-19T03:41:18.712+0000] {dag.py:4180} INFO - Setting next_dagrun for example_external_task_marker_child to None, run_after=None
[2025-01-19T03:41:18.715+0000] {logging_mixin.py:190} INFO - [2025-01-19T03:41:18.714+0000] {dag.py:4180} INFO - Setting next_dagrun for example_external_task_marker_parent to None, run_after=None
[2025-01-19T03:41:18.729+0000] {processor.py:208} INFO - Processing /home/vscode/.local/lib/python3.10/site-packages/airflow/example_dags/example_external_task_marker_dag.py took 0.053 seconds
[2025-01-19T03:42:09.976+0000] {processor.py:186} INFO - Started process (PID=14641) to work on /home/vscode/.local/lib/python3.10/site-packages/airflow/example_dags/example_external_task_marker_dag.py
[2025-01-19T03:42:09.977+0000] {processor.py:914} INFO - Processing file /home/vscode/.local/lib/python3.10/site-packages/airflow/example_dags/example_external_task_marker_dag.py for tasks to queue
[2025-01-19T03:42:09.979+0000] {logging_mixin.py:190} INFO - [2025-01-19T03:42:09.978+0000] {dagbag.py:588} INFO - Filling up the DagBag from /home/vscode/.local/lib/python3.10/site-packages/airflow/example_dags/example_external_task_marker_dag.py
[2025-01-19T03:42:09.985+0000] {processor.py:925} INFO - DAG(s) 'example_external_task_marker_child', 'example_external_task_marker_parent' retrieved from /home/vscode/.local/lib/python3.10/site-packages/airflow/example_dags/example_external_task_marker_dag.py
[2025-01-19T03:42:09.999+0000] {logging_mixin.py:190} INFO - [2025-01-19T03:42:09.999+0000] {dag.py:3239} INFO - Sync 2 DAGs
[2025-01-19T03:42:10.009+0000] {logging_mixin.py:190} INFO - [2025-01-19T03:42:10.009+0000] {dag.py:4180} INFO - Setting next_dagrun for example_external_task_marker_child to None, run_after=None
[2025-01-19T03:42:10.011+0000] {logging_mixin.py:190} INFO - [2025-01-19T03:42:10.011+0000] {dag.py:4180} INFO - Setting next_dagrun for example_external_task_marker_parent to None, run_after=None
[2025-01-19T03:42:10.025+0000] {processor.py:208} INFO - Processing /home/vscode/.local/lib/python3.10/site-packages/airflow/example_dags/example_external_task_marker_dag.py took 0.054 seconds
[2025-01-19T03:43:00.807+0000] {processor.py:186} INFO - Started process (PID=14984) to work on /home/vscode/.local/lib/python3.10/site-packages/airflow/example_dags/example_external_task_marker_dag.py
[2025-01-19T03:43:00.808+0000] {processor.py:914} INFO - Processing file /home/vscode/.local/lib/python3.10/site-packages/airflow/example_dags/example_external_task_marker_dag.py for tasks to queue
[2025-01-19T03:43:00.809+0000] {logging_mixin.py:190} INFO - [2025-01-19T03:43:00.809+0000] {dagbag.py:588} INFO - Filling up the DagBag from /home/vscode/.local/lib/python3.10/site-packages/airflow/example_dags/example_external_task_marker_dag.py
[2025-01-19T03:43:00.816+0000] {processor.py:925} INFO - DAG(s) 'example_external_task_marker_child', 'example_external_task_marker_parent' retrieved from /home/vscode/.local/lib/python3.10/site-packages/airflow/example_dags/example_external_task_marker_dag.py
[2025-01-19T03:43:00.828+0000] {logging_mixin.py:190} INFO - [2025-01-19T03:43:00.828+0000] {dag.py:3239} INFO - Sync 2 DAGs
[2025-01-19T03:43:00.837+0000] {logging_mixin.py:190} INFO - [2025-01-19T03:43:00.837+0000] {dag.py:4180} INFO - Setting next_dagrun for example_external_task_marker_child to None, run_after=None
[2025-01-19T03:43:00.840+0000] {logging_mixin.py:190} INFO - [2025-01-19T03:43:00.840+0000] {dag.py:4180} INFO - Setting next_dagrun for example_external_task_marker_parent to None, run_after=None
[2025-01-19T03:43:00.852+0000] {processor.py:208} INFO - Processing /home/vscode/.local/lib/python3.10/site-packages/airflow/example_dags/example_external_task_marker_dag.py took 0.050 seconds
[2025-01-19T03:43:51.489+0000] {processor.py:186} INFO - Started process (PID=15325) to work on /home/vscode/.local/lib/python3.10/site-packages/airflow/example_dags/example_external_task_marker_dag.py
[2025-01-19T03:43:51.490+0000] {processor.py:914} INFO - Processing file /home/vscode/.local/lib/python3.10/site-packages/airflow/example_dags/example_external_task_marker_dag.py for tasks to queue
[2025-01-19T03:43:51.492+0000] {logging_mixin.py:190} INFO - [2025-01-19T03:43:51.491+0000] {dagbag.py:588} INFO - Filling up the DagBag from /home/vscode/.local/lib/python3.10/site-packages/airflow/example_dags/example_external_task_marker_dag.py
[2025-01-19T03:43:51.498+0000] {processor.py:925} INFO - DAG(s) 'example_external_task_marker_parent', 'example_external_task_marker_child' retrieved from /home/vscode/.local/lib/python3.10/site-packages/airflow/example_dags/example_external_task_marker_dag.py
[2025-01-19T03:43:51.513+0000] {logging_mixin.py:190} INFO - [2025-01-19T03:43:51.512+0000] {dag.py:3239} INFO - Sync 2 DAGs
[2025-01-19T03:43:51.522+0000] {logging_mixin.py:190} INFO - [2025-01-19T03:43:51.522+0000] {dag.py:4180} INFO - Setting next_dagrun for example_external_task_marker_child to None, run_after=None
[2025-01-19T03:43:51.525+0000] {logging_mixin.py:190} INFO - [2025-01-19T03:43:51.524+0000] {dag.py:4180} INFO - Setting next_dagrun for example_external_task_marker_parent to None, run_after=None
[2025-01-19T03:43:51.538+0000] {processor.py:208} INFO - Processing /home/vscode/.local/lib/python3.10/site-packages/airflow/example_dags/example_external_task_marker_dag.py took 0.053 seconds
[2025-01-19T03:44:45.193+0000] {processor.py:186} INFO - Started process (PID=15688) to work on /home/vscode/.local/lib/python3.10/site-packages/airflow/example_dags/example_external_task_marker_dag.py
[2025-01-19T03:44:45.194+0000] {processor.py:914} INFO - Processing file /home/vscode/.local/lib/python3.10/site-packages/airflow/example_dags/example_external_task_marker_dag.py for tasks to queue
[2025-01-19T03:44:45.195+0000] {logging_mixin.py:190} INFO - [2025-01-19T03:44:45.195+0000] {dagbag.py:588} INFO - Filling up the DagBag from /home/vscode/.local/lib/python3.10/site-packages/airflow/example_dags/example_external_task_marker_dag.py
[2025-01-19T03:44:45.201+0000] {processor.py:925} INFO - DAG(s) 'example_external_task_marker_child', 'example_external_task_marker_parent' retrieved from /home/vscode/.local/lib/python3.10/site-packages/airflow/example_dags/example_external_task_marker_dag.py
[2025-01-19T03:44:45.215+0000] {logging_mixin.py:190} INFO - [2025-01-19T03:44:45.214+0000] {dag.py:3239} INFO - Sync 2 DAGs
[2025-01-19T03:44:45.224+0000] {logging_mixin.py:190} INFO - [2025-01-19T03:44:45.224+0000] {dag.py:4180} INFO - Setting next_dagrun for example_external_task_marker_child to None, run_after=None
[2025-01-19T03:44:45.226+0000] {logging_mixin.py:190} INFO - [2025-01-19T03:44:45.226+0000] {dag.py:4180} INFO - Setting next_dagrun for example_external_task_marker_parent to None, run_after=None
[2025-01-19T03:44:45.239+0000] {processor.py:208} INFO - Processing /home/vscode/.local/lib/python3.10/site-packages/airflow/example_dags/example_external_task_marker_dag.py took 0.051 seconds
[2025-01-19T03:45:36.769+0000] {processor.py:186} INFO - Started process (PID=16034) to work on /home/vscode/.local/lib/python3.10/site-packages/airflow/example_dags/example_external_task_marker_dag.py
[2025-01-19T03:45:36.770+0000] {processor.py:914} INFO - Processing file /home/vscode/.local/lib/python3.10/site-packages/airflow/example_dags/example_external_task_marker_dag.py for tasks to queue
[2025-01-19T03:45:36.771+0000] {logging_mixin.py:190} INFO - [2025-01-19T03:45:36.771+0000] {dagbag.py:588} INFO - Filling up the DagBag from /home/vscode/.local/lib/python3.10/site-packages/airflow/example_dags/example_external_task_marker_dag.py
[2025-01-19T03:45:36.778+0000] {processor.py:925} INFO - DAG(s) 'example_external_task_marker_parent', 'example_external_task_marker_child' retrieved from /home/vscode/.local/lib/python3.10/site-packages/airflow/example_dags/example_external_task_marker_dag.py
[2025-01-19T03:45:36.791+0000] {logging_mixin.py:190} INFO - [2025-01-19T03:45:36.791+0000] {dag.py:3239} INFO - Sync 2 DAGs
[2025-01-19T03:45:36.801+0000] {logging_mixin.py:190} INFO - [2025-01-19T03:45:36.801+0000] {dag.py:4180} INFO - Setting next_dagrun for example_external_task_marker_child to None, run_after=None
[2025-01-19T03:45:36.803+0000] {logging_mixin.py:190} INFO - [2025-01-19T03:45:36.803+0000] {dag.py:4180} INFO - Setting next_dagrun for example_external_task_marker_parent to None, run_after=None
[2025-01-19T03:45:36.818+0000] {processor.py:208} INFO - Processing /home/vscode/.local/lib/python3.10/site-packages/airflow/example_dags/example_external_task_marker_dag.py took 0.053 seconds
[2025-01-19T03:46:26.810+0000] {processor.py:186} INFO - Started process (PID=16372) to work on /home/vscode/.local/lib/python3.10/site-packages/airflow/example_dags/example_external_task_marker_dag.py
[2025-01-19T03:46:26.811+0000] {processor.py:914} INFO - Processing file /home/vscode/.local/lib/python3.10/site-packages/airflow/example_dags/example_external_task_marker_dag.py for tasks to queue
[2025-01-19T03:46:26.812+0000] {logging_mixin.py:190} INFO - [2025-01-19T03:46:26.812+0000] {dagbag.py:588} INFO - Filling up the DagBag from /home/vscode/.local/lib/python3.10/site-packages/airflow/example_dags/example_external_task_marker_dag.py
[2025-01-19T03:46:26.819+0000] {processor.py:925} INFO - DAG(s) 'example_external_task_marker_parent', 'example_external_task_marker_child' retrieved from /home/vscode/.local/lib/python3.10/site-packages/airflow/example_dags/example_external_task_marker_dag.py
[2025-01-19T03:46:26.832+0000] {logging_mixin.py:190} INFO - [2025-01-19T03:46:26.832+0000] {dag.py:3239} INFO - Sync 2 DAGs
[2025-01-19T03:46:26.841+0000] {logging_mixin.py:190} INFO - [2025-01-19T03:46:26.841+0000] {dag.py:4180} INFO - Setting next_dagrun for example_external_task_marker_child to None, run_after=None
[2025-01-19T03:46:26.844+0000] {logging_mixin.py:190} INFO - [2025-01-19T03:46:26.844+0000] {dag.py:4180} INFO - Setting next_dagrun for example_external_task_marker_parent to None, run_after=None
[2025-01-19T03:46:26.857+0000] {processor.py:208} INFO - Processing /home/vscode/.local/lib/python3.10/site-packages/airflow/example_dags/example_external_task_marker_dag.py took 0.052 seconds
[2025-01-19T03:47:19.303+0000] {processor.py:186} INFO - Started process (PID=16730) to work on /home/vscode/.local/lib/python3.10/site-packages/airflow/example_dags/example_external_task_marker_dag.py
[2025-01-19T03:47:19.304+0000] {processor.py:914} INFO - Processing file /home/vscode/.local/lib/python3.10/site-packages/airflow/example_dags/example_external_task_marker_dag.py for tasks to queue
[2025-01-19T03:47:19.305+0000] {logging_mixin.py:190} INFO - [2025-01-19T03:47:19.305+0000] {dagbag.py:588} INFO - Filling up the DagBag from /home/vscode/.local/lib/python3.10/site-packages/airflow/example_dags/example_external_task_marker_dag.py
[2025-01-19T03:47:19.311+0000] {processor.py:925} INFO - DAG(s) 'example_external_task_marker_child', 'example_external_task_marker_parent' retrieved from /home/vscode/.local/lib/python3.10/site-packages/airflow/example_dags/example_external_task_marker_dag.py
[2025-01-19T03:47:19.325+0000] {logging_mixin.py:190} INFO - [2025-01-19T03:47:19.324+0000] {dag.py:3239} INFO - Sync 2 DAGs
[2025-01-19T03:47:19.334+0000] {logging_mixin.py:190} INFO - [2025-01-19T03:47:19.334+0000] {dag.py:4180} INFO - Setting next_dagrun for example_external_task_marker_child to None, run_after=None
[2025-01-19T03:47:19.336+0000] {logging_mixin.py:190} INFO - [2025-01-19T03:47:19.336+0000] {dag.py:4180} INFO - Setting next_dagrun for example_external_task_marker_parent to None, run_after=None
[2025-01-19T03:47:19.349+0000] {processor.py:208} INFO - Processing /home/vscode/.local/lib/python3.10/site-packages/airflow/example_dags/example_external_task_marker_dag.py took 0.051 seconds
[2025-01-19T03:48:11.290+0000] {processor.py:186} INFO - Started process (PID=17080) to work on /home/vscode/.local/lib/python3.10/site-packages/airflow/example_dags/example_external_task_marker_dag.py
[2025-01-19T03:48:11.291+0000] {processor.py:914} INFO - Processing file /home/vscode/.local/lib/python3.10/site-packages/airflow/example_dags/example_external_task_marker_dag.py for tasks to queue
[2025-01-19T03:48:11.292+0000] {logging_mixin.py:190} INFO - [2025-01-19T03:48:11.292+0000] {dagbag.py:588} INFO - Filling up the DagBag from /home/vscode/.local/lib/python3.10/site-packages/airflow/example_dags/example_external_task_marker_dag.py
[2025-01-19T03:48:11.299+0000] {processor.py:925} INFO - DAG(s) 'example_external_task_marker_parent', 'example_external_task_marker_child' retrieved from /home/vscode/.local/lib/python3.10/site-packages/airflow/example_dags/example_external_task_marker_dag.py
[2025-01-19T03:48:11.312+0000] {logging_mixin.py:190} INFO - [2025-01-19T03:48:11.312+0000] {dag.py:3239} INFO - Sync 2 DAGs
[2025-01-19T03:48:11.321+0000] {logging_mixin.py:190} INFO - [2025-01-19T03:48:11.321+0000] {dag.py:4180} INFO - Setting next_dagrun for example_external_task_marker_child to None, run_after=None
[2025-01-19T03:48:11.324+0000] {logging_mixin.py:190} INFO - [2025-01-19T03:48:11.324+0000] {dag.py:4180} INFO - Setting next_dagrun for example_external_task_marker_parent to None, run_after=None
[2025-01-19T03:48:11.336+0000] {processor.py:208} INFO - Processing /home/vscode/.local/lib/python3.10/site-packages/airflow/example_dags/example_external_task_marker_dag.py took 0.051 seconds
[2025-01-19T03:49:01.464+0000] {processor.py:186} INFO - Started process (PID=17478) to work on /home/vscode/.local/lib/python3.10/site-packages/airflow/example_dags/example_external_task_marker_dag.py
[2025-01-19T03:49:01.464+0000] {processor.py:914} INFO - Processing file /home/vscode/.local/lib/python3.10/site-packages/airflow/example_dags/example_external_task_marker_dag.py for tasks to queue
[2025-01-19T03:49:01.466+0000] {logging_mixin.py:190} INFO - [2025-01-19T03:49:01.466+0000] {dagbag.py:588} INFO - Filling up the DagBag from /home/vscode/.local/lib/python3.10/site-packages/airflow/example_dags/example_external_task_marker_dag.py
[2025-01-19T03:49:01.472+0000] {processor.py:925} INFO - DAG(s) 'example_external_task_marker_parent', 'example_external_task_marker_child' retrieved from /home/vscode/.local/lib/python3.10/site-packages/airflow/example_dags/example_external_task_marker_dag.py
[2025-01-19T03:49:01.486+0000] {logging_mixin.py:190} INFO - [2025-01-19T03:49:01.486+0000] {dag.py:3239} INFO - Sync 2 DAGs
[2025-01-19T03:49:01.496+0000] {logging_mixin.py:190} INFO - [2025-01-19T03:49:01.496+0000] {dag.py:4180} INFO - Setting next_dagrun for example_external_task_marker_child to None, run_after=None
[2025-01-19T03:49:01.498+0000] {logging_mixin.py:190} INFO - [2025-01-19T03:49:01.498+0000] {dag.py:4180} INFO - Setting next_dagrun for example_external_task_marker_parent to None, run_after=None
[2025-01-19T03:49:01.512+0000] {processor.py:208} INFO - Processing /home/vscode/.local/lib/python3.10/site-packages/airflow/example_dags/example_external_task_marker_dag.py took 0.053 seconds
[2025-01-19T03:49:51.922+0000] {processor.py:186} INFO - Started process (PID=17906) to work on /home/vscode/.local/lib/python3.10/site-packages/airflow/example_dags/example_external_task_marker_dag.py
[2025-01-19T03:49:51.923+0000] {processor.py:914} INFO - Processing file /home/vscode/.local/lib/python3.10/site-packages/airflow/example_dags/example_external_task_marker_dag.py for tasks to queue
[2025-01-19T03:49:51.924+0000] {logging_mixin.py:190} INFO - [2025-01-19T03:49:51.924+0000] {dagbag.py:588} INFO - Filling up the DagBag from /home/vscode/.local/lib/python3.10/site-packages/airflow/example_dags/example_external_task_marker_dag.py
[2025-01-19T03:49:51.931+0000] {processor.py:925} INFO - DAG(s) 'example_external_task_marker_child', 'example_external_task_marker_parent' retrieved from /home/vscode/.local/lib/python3.10/site-packages/airflow/example_dags/example_external_task_marker_dag.py
[2025-01-19T03:49:51.945+0000] {logging_mixin.py:190} INFO - [2025-01-19T03:49:51.945+0000] {dag.py:3239} INFO - Sync 2 DAGs
[2025-01-19T03:49:51.955+0000] {logging_mixin.py:190} INFO - [2025-01-19T03:49:51.954+0000] {dag.py:4180} INFO - Setting next_dagrun for example_external_task_marker_child to None, run_after=None
[2025-01-19T03:49:51.957+0000] {logging_mixin.py:190} INFO - [2025-01-19T03:49:51.957+0000] {dag.py:4180} INFO - Setting next_dagrun for example_external_task_marker_parent to None, run_after=None
[2025-01-19T03:49:51.970+0000] {processor.py:208} INFO - Processing /home/vscode/.local/lib/python3.10/site-packages/airflow/example_dags/example_external_task_marker_dag.py took 0.053 seconds
[2025-01-19T03:50:41.374+0000] {processor.py:186} INFO - Started process (PID=18288) to work on /home/vscode/.local/lib/python3.10/site-packages/airflow/example_dags/example_external_task_marker_dag.py
[2025-01-19T03:50:41.375+0000] {processor.py:914} INFO - Processing file /home/vscode/.local/lib/python3.10/site-packages/airflow/example_dags/example_external_task_marker_dag.py for tasks to queue
[2025-01-19T03:50:41.377+0000] {logging_mixin.py:190} INFO - [2025-01-19T03:50:41.376+0000] {dagbag.py:588} INFO - Filling up the DagBag from /home/vscode/.local/lib/python3.10/site-packages/airflow/example_dags/example_external_task_marker_dag.py
[2025-01-19T03:50:41.384+0000] {processor.py:925} INFO - DAG(s) 'example_external_task_marker_child', 'example_external_task_marker_parent' retrieved from /home/vscode/.local/lib/python3.10/site-packages/airflow/example_dags/example_external_task_marker_dag.py
[2025-01-19T03:50:41.402+0000] {logging_mixin.py:190} INFO - [2025-01-19T03:50:41.402+0000] {dag.py:3239} INFO - Sync 2 DAGs
[2025-01-19T03:50:41.417+0000] {logging_mixin.py:190} INFO - [2025-01-19T03:50:41.417+0000] {dag.py:4180} INFO - Setting next_dagrun for example_external_task_marker_child to None, run_after=None
[2025-01-19T03:50:41.427+0000] {logging_mixin.py:190} INFO - [2025-01-19T03:50:41.426+0000] {dag.py:4180} INFO - Setting next_dagrun for example_external_task_marker_parent to None, run_after=None
[2025-01-19T03:50:41.443+0000] {processor.py:208} INFO - Processing /home/vscode/.local/lib/python3.10/site-packages/airflow/example_dags/example_external_task_marker_dag.py took 0.073 seconds
[2025-01-19T03:51:30.504+0000] {processor.py:186} INFO - Started process (PID=18708) to work on /home/vscode/.local/lib/python3.10/site-packages/airflow/example_dags/example_external_task_marker_dag.py
[2025-01-19T03:51:30.505+0000] {processor.py:914} INFO - Processing file /home/vscode/.local/lib/python3.10/site-packages/airflow/example_dags/example_external_task_marker_dag.py for tasks to queue
[2025-01-19T03:51:30.507+0000] {logging_mixin.py:190} INFO - [2025-01-19T03:51:30.507+0000] {dagbag.py:588} INFO - Filling up the DagBag from /home/vscode/.local/lib/python3.10/site-packages/airflow/example_dags/example_external_task_marker_dag.py
[2025-01-19T03:51:30.516+0000] {processor.py:925} INFO - DAG(s) 'example_external_task_marker_child', 'example_external_task_marker_parent' retrieved from /home/vscode/.local/lib/python3.10/site-packages/airflow/example_dags/example_external_task_marker_dag.py
[2025-01-19T03:51:30.534+0000] {logging_mixin.py:190} INFO - [2025-01-19T03:51:30.534+0000] {dag.py:3239} INFO - Sync 2 DAGs
[2025-01-19T03:51:30.547+0000] {logging_mixin.py:190} INFO - [2025-01-19T03:51:30.547+0000] {dag.py:4180} INFO - Setting next_dagrun for example_external_task_marker_child to None, run_after=None
[2025-01-19T03:51:30.550+0000] {logging_mixin.py:190} INFO - [2025-01-19T03:51:30.550+0000] {dag.py:4180} INFO - Setting next_dagrun for example_external_task_marker_parent to None, run_after=None
[2025-01-19T03:51:30.566+0000] {processor.py:208} INFO - Processing /home/vscode/.local/lib/python3.10/site-packages/airflow/example_dags/example_external_task_marker_dag.py took 0.067 seconds
[2025-01-19T03:55:22.916+0000] {processor.py:186} INFO - Started process (PID=20301) to work on /home/vscode/.local/lib/python3.10/site-packages/airflow/example_dags/example_external_task_marker_dag.py
[2025-01-19T03:55:22.917+0000] {processor.py:914} INFO - Processing file /home/vscode/.local/lib/python3.10/site-packages/airflow/example_dags/example_external_task_marker_dag.py for tasks to queue
[2025-01-19T03:55:22.919+0000] {logging_mixin.py:190} INFO - [2025-01-19T03:55:22.918+0000] {dagbag.py:588} INFO - Filling up the DagBag from /home/vscode/.local/lib/python3.10/site-packages/airflow/example_dags/example_external_task_marker_dag.py
[2025-01-19T03:55:22.926+0000] {processor.py:925} INFO - DAG(s) 'example_external_task_marker_child', 'example_external_task_marker_parent' retrieved from /home/vscode/.local/lib/python3.10/site-packages/airflow/example_dags/example_external_task_marker_dag.py
[2025-01-19T03:55:22.939+0000] {logging_mixin.py:190} INFO - [2025-01-19T03:55:22.938+0000] {dag.py:3239} INFO - Sync 2 DAGs
[2025-01-19T03:55:22.948+0000] {logging_mixin.py:190} INFO - [2025-01-19T03:55:22.948+0000] {dag.py:4180} INFO - Setting next_dagrun for example_external_task_marker_child to None, run_after=None
[2025-01-19T03:55:22.950+0000] {logging_mixin.py:190} INFO - [2025-01-19T03:55:22.950+0000] {dag.py:4180} INFO - Setting next_dagrun for example_external_task_marker_parent to None, run_after=None
[2025-01-19T03:55:22.963+0000] {processor.py:208} INFO - Processing /home/vscode/.local/lib/python3.10/site-packages/airflow/example_dags/example_external_task_marker_dag.py took 0.053 seconds
[2025-01-19T03:56:19.360+0000] {processor.py:186} INFO - Started process (PID=20679) to work on /home/vscode/.local/lib/python3.10/site-packages/airflow/example_dags/example_external_task_marker_dag.py
[2025-01-19T03:56:19.361+0000] {processor.py:914} INFO - Processing file /home/vscode/.local/lib/python3.10/site-packages/airflow/example_dags/example_external_task_marker_dag.py for tasks to queue
[2025-01-19T03:56:19.362+0000] {logging_mixin.py:190} INFO - [2025-01-19T03:56:19.362+0000] {dagbag.py:588} INFO - Filling up the DagBag from /home/vscode/.local/lib/python3.10/site-packages/airflow/example_dags/example_external_task_marker_dag.py
[2025-01-19T03:56:19.369+0000] {processor.py:925} INFO - DAG(s) 'example_external_task_marker_parent', 'example_external_task_marker_child' retrieved from /home/vscode/.local/lib/python3.10/site-packages/airflow/example_dags/example_external_task_marker_dag.py
[2025-01-19T03:56:19.383+0000] {logging_mixin.py:190} INFO - [2025-01-19T03:56:19.383+0000] {dag.py:3239} INFO - Sync 2 DAGs
[2025-01-19T03:56:19.392+0000] {logging_mixin.py:190} INFO - [2025-01-19T03:56:19.392+0000] {dag.py:4180} INFO - Setting next_dagrun for example_external_task_marker_child to None, run_after=None
[2025-01-19T03:56:19.394+0000] {logging_mixin.py:190} INFO - [2025-01-19T03:56:19.394+0000] {dag.py:4180} INFO - Setting next_dagrun for example_external_task_marker_parent to None, run_after=None
[2025-01-19T03:56:19.408+0000] {processor.py:208} INFO - Processing /home/vscode/.local/lib/python3.10/site-packages/airflow/example_dags/example_external_task_marker_dag.py took 0.052 seconds
[2025-01-19T03:57:16.173+0000] {processor.py:186} INFO - Started process (PID=21066) to work on /home/vscode/.local/lib/python3.10/site-packages/airflow/example_dags/example_external_task_marker_dag.py
[2025-01-19T03:57:16.174+0000] {processor.py:914} INFO - Processing file /home/vscode/.local/lib/python3.10/site-packages/airflow/example_dags/example_external_task_marker_dag.py for tasks to queue
[2025-01-19T03:57:16.176+0000] {logging_mixin.py:190} INFO - [2025-01-19T03:57:16.176+0000] {dagbag.py:588} INFO - Filling up the DagBag from /home/vscode/.local/lib/python3.10/site-packages/airflow/example_dags/example_external_task_marker_dag.py
[2025-01-19T03:57:16.182+0000] {processor.py:925} INFO - DAG(s) 'example_external_task_marker_child', 'example_external_task_marker_parent' retrieved from /home/vscode/.local/lib/python3.10/site-packages/airflow/example_dags/example_external_task_marker_dag.py
[2025-01-19T03:57:16.196+0000] {logging_mixin.py:190} INFO - [2025-01-19T03:57:16.195+0000] {dag.py:3239} INFO - Sync 2 DAGs
[2025-01-19T03:57:16.205+0000] {logging_mixin.py:190} INFO - [2025-01-19T03:57:16.205+0000] {dag.py:4180} INFO - Setting next_dagrun for example_external_task_marker_child to None, run_after=None
[2025-01-19T03:57:16.207+0000] {logging_mixin.py:190} INFO - [2025-01-19T03:57:16.207+0000] {dag.py:4180} INFO - Setting next_dagrun for example_external_task_marker_parent to None, run_after=None
[2025-01-19T03:57:16.220+0000] {processor.py:208} INFO - Processing /home/vscode/.local/lib/python3.10/site-packages/airflow/example_dags/example_external_task_marker_dag.py took 0.052 seconds
[2025-01-19T03:58:07.530+0000] {processor.py:186} INFO - Started process (PID=21413) to work on /home/vscode/.local/lib/python3.10/site-packages/airflow/example_dags/example_external_task_marker_dag.py
[2025-01-19T03:58:07.531+0000] {processor.py:914} INFO - Processing file /home/vscode/.local/lib/python3.10/site-packages/airflow/example_dags/example_external_task_marker_dag.py for tasks to queue
[2025-01-19T03:58:07.532+0000] {logging_mixin.py:190} INFO - [2025-01-19T03:58:07.532+0000] {dagbag.py:588} INFO - Filling up the DagBag from /home/vscode/.local/lib/python3.10/site-packages/airflow/example_dags/example_external_task_marker_dag.py
[2025-01-19T03:58:07.539+0000] {processor.py:925} INFO - DAG(s) 'example_external_task_marker_parent', 'example_external_task_marker_child' retrieved from /home/vscode/.local/lib/python3.10/site-packages/airflow/example_dags/example_external_task_marker_dag.py
[2025-01-19T03:58:07.553+0000] {logging_mixin.py:190} INFO - [2025-01-19T03:58:07.552+0000] {dag.py:3239} INFO - Sync 2 DAGs
[2025-01-19T03:58:07.562+0000] {logging_mixin.py:190} INFO - [2025-01-19T03:58:07.562+0000] {dag.py:4180} INFO - Setting next_dagrun for example_external_task_marker_child to None, run_after=None
[2025-01-19T03:58:07.564+0000] {logging_mixin.py:190} INFO - [2025-01-19T03:58:07.564+0000] {dag.py:4180} INFO - Setting next_dagrun for example_external_task_marker_parent to None, run_after=None
[2025-01-19T03:58:07.577+0000] {processor.py:208} INFO - Processing /home/vscode/.local/lib/python3.10/site-packages/airflow/example_dags/example_external_task_marker_dag.py took 0.051 seconds
[2025-01-19T03:58:58.831+0000] {processor.py:186} INFO - Started process (PID=21762) to work on /home/vscode/.local/lib/python3.10/site-packages/airflow/example_dags/example_external_task_marker_dag.py
[2025-01-19T03:58:58.833+0000] {processor.py:914} INFO - Processing file /home/vscode/.local/lib/python3.10/site-packages/airflow/example_dags/example_external_task_marker_dag.py for tasks to queue
[2025-01-19T03:58:58.835+0000] {logging_mixin.py:190} INFO - [2025-01-19T03:58:58.835+0000] {dagbag.py:588} INFO - Filling up the DagBag from /home/vscode/.local/lib/python3.10/site-packages/airflow/example_dags/example_external_task_marker_dag.py
[2025-01-19T03:58:58.844+0000] {processor.py:925} INFO - DAG(s) 'example_external_task_marker_child', 'example_external_task_marker_parent' retrieved from /home/vscode/.local/lib/python3.10/site-packages/airflow/example_dags/example_external_task_marker_dag.py
[2025-01-19T03:58:58.864+0000] {logging_mixin.py:190} INFO - [2025-01-19T03:58:58.864+0000] {dag.py:3239} INFO - Sync 2 DAGs
[2025-01-19T03:58:58.874+0000] {logging_mixin.py:190} INFO - [2025-01-19T03:58:58.874+0000] {dag.py:4180} INFO - Setting next_dagrun for example_external_task_marker_child to None, run_after=None
[2025-01-19T03:58:58.879+0000] {logging_mixin.py:190} INFO - [2025-01-19T03:58:58.879+0000] {dag.py:4180} INFO - Setting next_dagrun for example_external_task_marker_parent to None, run_after=None
[2025-01-19T03:58:58.900+0000] {processor.py:208} INFO - Processing /home/vscode/.local/lib/python3.10/site-packages/airflow/example_dags/example_external_task_marker_dag.py took 0.074 seconds
[2025-01-19T03:59:50.069+0000] {processor.py:186} INFO - Started process (PID=22114) to work on /home/vscode/.local/lib/python3.10/site-packages/airflow/example_dags/example_external_task_marker_dag.py
[2025-01-19T03:59:50.071+0000] {processor.py:914} INFO - Processing file /home/vscode/.local/lib/python3.10/site-packages/airflow/example_dags/example_external_task_marker_dag.py for tasks to queue
[2025-01-19T03:59:50.073+0000] {logging_mixin.py:190} INFO - [2025-01-19T03:59:50.072+0000] {dagbag.py:588} INFO - Filling up the DagBag from /home/vscode/.local/lib/python3.10/site-packages/airflow/example_dags/example_external_task_marker_dag.py
[2025-01-19T03:59:50.082+0000] {processor.py:925} INFO - DAG(s) 'example_external_task_marker_child', 'example_external_task_marker_parent' retrieved from /home/vscode/.local/lib/python3.10/site-packages/airflow/example_dags/example_external_task_marker_dag.py
[2025-01-19T03:59:50.102+0000] {logging_mixin.py:190} INFO - [2025-01-19T03:59:50.101+0000] {dag.py:3239} INFO - Sync 2 DAGs
[2025-01-19T03:59:50.116+0000] {logging_mixin.py:190} INFO - [2025-01-19T03:59:50.115+0000] {dag.py:4180} INFO - Setting next_dagrun for example_external_task_marker_child to None, run_after=None
[2025-01-19T03:59:50.119+0000] {logging_mixin.py:190} INFO - [2025-01-19T03:59:50.119+0000] {dag.py:4180} INFO - Setting next_dagrun for example_external_task_marker_parent to None, run_after=None
[2025-01-19T03:59:50.135+0000] {processor.py:208} INFO - Processing /home/vscode/.local/lib/python3.10/site-packages/airflow/example_dags/example_external_task_marker_dag.py took 0.072 seconds
[2025-01-19T04:00:42.831+0000] {processor.py:186} INFO - Started process (PID=22473) to work on /home/vscode/.local/lib/python3.10/site-packages/airflow/example_dags/example_external_task_marker_dag.py
[2025-01-19T04:00:42.832+0000] {processor.py:914} INFO - Processing file /home/vscode/.local/lib/python3.10/site-packages/airflow/example_dags/example_external_task_marker_dag.py for tasks to queue
[2025-01-19T04:00:42.834+0000] {logging_mixin.py:190} INFO - [2025-01-19T04:00:42.833+0000] {dagbag.py:588} INFO - Filling up the DagBag from /home/vscode/.local/lib/python3.10/site-packages/airflow/example_dags/example_external_task_marker_dag.py
[2025-01-19T04:00:42.840+0000] {processor.py:925} INFO - DAG(s) 'example_external_task_marker_child', 'example_external_task_marker_parent' retrieved from /home/vscode/.local/lib/python3.10/site-packages/airflow/example_dags/example_external_task_marker_dag.py
[2025-01-19T04:00:42.853+0000] {logging_mixin.py:190} INFO - [2025-01-19T04:00:42.853+0000] {dag.py:3239} INFO - Sync 2 DAGs
[2025-01-19T04:00:42.862+0000] {logging_mixin.py:190} INFO - [2025-01-19T04:00:42.862+0000] {dag.py:4180} INFO - Setting next_dagrun for example_external_task_marker_child to None, run_after=None
[2025-01-19T04:00:42.865+0000] {logging_mixin.py:190} INFO - [2025-01-19T04:00:42.865+0000] {dag.py:4180} INFO - Setting next_dagrun for example_external_task_marker_parent to None, run_after=None
[2025-01-19T04:00:42.878+0000] {processor.py:208} INFO - Processing /home/vscode/.local/lib/python3.10/site-packages/airflow/example_dags/example_external_task_marker_dag.py took 0.051 seconds
[2025-01-19T04:01:33.116+0000] {processor.py:186} INFO - Started process (PID=22813) to work on /home/vscode/.local/lib/python3.10/site-packages/airflow/example_dags/example_external_task_marker_dag.py
[2025-01-19T04:01:33.116+0000] {processor.py:914} INFO - Processing file /home/vscode/.local/lib/python3.10/site-packages/airflow/example_dags/example_external_task_marker_dag.py for tasks to queue
[2025-01-19T04:01:33.118+0000] {logging_mixin.py:190} INFO - [2025-01-19T04:01:33.117+0000] {dagbag.py:588} INFO - Filling up the DagBag from /home/vscode/.local/lib/python3.10/site-packages/airflow/example_dags/example_external_task_marker_dag.py
[2025-01-19T04:01:33.124+0000] {processor.py:925} INFO - DAG(s) 'example_external_task_marker_parent', 'example_external_task_marker_child' retrieved from /home/vscode/.local/lib/python3.10/site-packages/airflow/example_dags/example_external_task_marker_dag.py
[2025-01-19T04:01:33.138+0000] {logging_mixin.py:190} INFO - [2025-01-19T04:01:33.137+0000] {dag.py:3239} INFO - Sync 2 DAGs
[2025-01-19T04:01:33.147+0000] {logging_mixin.py:190} INFO - [2025-01-19T04:01:33.147+0000] {dag.py:4180} INFO - Setting next_dagrun for example_external_task_marker_child to None, run_after=None
[2025-01-19T04:01:33.150+0000] {logging_mixin.py:190} INFO - [2025-01-19T04:01:33.149+0000] {dag.py:4180} INFO - Setting next_dagrun for example_external_task_marker_parent to None, run_after=None
[2025-01-19T04:01:33.164+0000] {processor.py:208} INFO - Processing /home/vscode/.local/lib/python3.10/site-packages/airflow/example_dags/example_external_task_marker_dag.py took 0.053 seconds
[2025-01-19T04:02:24.738+0000] {processor.py:186} INFO - Started process (PID=23170) to work on /home/vscode/.local/lib/python3.10/site-packages/airflow/example_dags/example_external_task_marker_dag.py
[2025-01-19T04:02:24.739+0000] {processor.py:914} INFO - Processing file /home/vscode/.local/lib/python3.10/site-packages/airflow/example_dags/example_external_task_marker_dag.py for tasks to queue
[2025-01-19T04:02:24.741+0000] {logging_mixin.py:190} INFO - [2025-01-19T04:02:24.740+0000] {dagbag.py:588} INFO - Filling up the DagBag from /home/vscode/.local/lib/python3.10/site-packages/airflow/example_dags/example_external_task_marker_dag.py
[2025-01-19T04:02:24.747+0000] {processor.py:925} INFO - DAG(s) 'example_external_task_marker_child', 'example_external_task_marker_parent' retrieved from /home/vscode/.local/lib/python3.10/site-packages/airflow/example_dags/example_external_task_marker_dag.py
[2025-01-19T04:02:24.763+0000] {logging_mixin.py:190} INFO - [2025-01-19T04:02:24.763+0000] {dag.py:3239} INFO - Sync 2 DAGs
[2025-01-19T04:02:24.773+0000] {logging_mixin.py:190} INFO - [2025-01-19T04:02:24.773+0000] {dag.py:4180} INFO - Setting next_dagrun for example_external_task_marker_child to None, run_after=None
[2025-01-19T04:02:24.775+0000] {logging_mixin.py:190} INFO - [2025-01-19T04:02:24.775+0000] {dag.py:4180} INFO - Setting next_dagrun for example_external_task_marker_parent to None, run_after=None
[2025-01-19T04:02:24.789+0000] {processor.py:208} INFO - Processing /home/vscode/.local/lib/python3.10/site-packages/airflow/example_dags/example_external_task_marker_dag.py took 0.056 seconds
