[2025-01-19T03:21:00.847+0000] {processor.py:186} INFO - Started process (PID=5102) to work on /home/vscode/.local/lib/python3.10/site-packages/airflow/example_dags/example_setup_teardown_taskflow.py
[2025-01-19T03:21:00.848+0000] {processor.py:914} INFO - Processing file /home/vscode/.local/lib/python3.10/site-packages/airflow/example_dags/example_setup_teardown_taskflow.py for tasks to queue
[2025-01-19T03:21:00.849+0000] {logging_mixin.py:190} INFO - [2025-01-19T03:21:00.849+0000] {dagbag.py:588} INFO - Filling up the DagBag from /home/vscode/.local/lib/python3.10/site-packages/airflow/example_dags/example_setup_teardown_taskflow.py
[2025-01-19T03:21:00.860+0000] {processor.py:925} INFO - DAG(s) 'example_setup_teardown_taskflow' retrieved from /home/vscode/.local/lib/python3.10/site-packages/airflow/example_dags/example_setup_teardown_taskflow.py
[2025-01-19T03:21:00.941+0000] {logging_mixin.py:190} INFO - [2025-01-19T03:21:00.940+0000] {override.py:1911} INFO - Created Permission View: can read on DAG:example_setup_teardown_taskflow
[2025-01-19T03:21:00.949+0000] {logging_mixin.py:190} INFO - [2025-01-19T03:21:00.949+0000] {override.py:1911} INFO - Created Permission View: can edit on DAG:example_setup_teardown_taskflow
[2025-01-19T03:21:00.955+0000] {logging_mixin.py:190} INFO - [2025-01-19T03:21:00.955+0000] {override.py:1911} INFO - Created Permission View: can delete on DAG:example_setup_teardown_taskflow
[2025-01-19T03:21:00.964+0000] {logging_mixin.py:190} INFO - [2025-01-19T03:21:00.963+0000] {override.py:1911} INFO - Created Permission View: menu access on DAG Run:example_setup_teardown_taskflow
[2025-01-19T03:21:00.970+0000] {logging_mixin.py:190} INFO - [2025-01-19T03:21:00.970+0000] {override.py:1911} INFO - Created Permission View: can read on DAG Run:example_setup_teardown_taskflow
[2025-01-19T03:21:00.976+0000] {logging_mixin.py:190} INFO - [2025-01-19T03:21:00.976+0000] {override.py:1911} INFO - Created Permission View: can create on DAG Run:example_setup_teardown_taskflow
[2025-01-19T03:21:00.982+0000] {logging_mixin.py:190} INFO - [2025-01-19T03:21:00.981+0000] {override.py:1911} INFO - Created Permission View: can delete on DAG Run:example_setup_teardown_taskflow
[2025-01-19T03:21:00.982+0000] {logging_mixin.py:190} INFO - [2025-01-19T03:21:00.982+0000] {dag.py:3239} INFO - Sync 1 DAGs
[2025-01-19T03:21:00.991+0000] {logging_mixin.py:190} INFO - [2025-01-19T03:21:00.991+0000] {dag.py:3262} INFO - Creating ORM DAG for example_setup_teardown_taskflow
[2025-01-19T03:21:00.991+0000] {logging_mixin.py:190} INFO - [2025-01-19T03:21:00.991+0000] {dag.py:4180} INFO - Setting next_dagrun for example_setup_teardown_taskflow to None, run_after=None
[2025-01-19T03:21:01.006+0000] {processor.py:208} INFO - Processing /home/vscode/.local/lib/python3.10/site-packages/airflow/example_dags/example_setup_teardown_taskflow.py took 0.163 seconds
[2025-01-19T03:22:02.041+0000] {processor.py:186} INFO - Started process (PID=5637) to work on /home/vscode/.local/lib/python3.10/site-packages/airflow/example_dags/example_setup_teardown_taskflow.py
[2025-01-19T03:22:02.042+0000] {processor.py:914} INFO - Processing file /home/vscode/.local/lib/python3.10/site-packages/airflow/example_dags/example_setup_teardown_taskflow.py for tasks to queue
[2025-01-19T03:22:02.044+0000] {logging_mixin.py:190} INFO - [2025-01-19T03:22:02.044+0000] {dagbag.py:588} INFO - Filling up the DagBag from /home/vscode/.local/lib/python3.10/site-packages/airflow/example_dags/example_setup_teardown_taskflow.py
[2025-01-19T03:22:02.058+0000] {processor.py:925} INFO - DAG(s) 'example_setup_teardown_taskflow' retrieved from /home/vscode/.local/lib/python3.10/site-packages/airflow/example_dags/example_setup_teardown_taskflow.py
[2025-01-19T03:22:02.077+0000] {logging_mixin.py:190} INFO - [2025-01-19T03:22:02.077+0000] {dag.py:3239} INFO - Sync 1 DAGs
[2025-01-19T03:22:02.087+0000] {logging_mixin.py:190} INFO - [2025-01-19T03:22:02.087+0000] {dag.py:4180} INFO - Setting next_dagrun for example_setup_teardown_taskflow to None, run_after=None
[2025-01-19T03:22:02.106+0000] {processor.py:208} INFO - Processing /home/vscode/.local/lib/python3.10/site-packages/airflow/example_dags/example_setup_teardown_taskflow.py took 0.072 seconds
[2025-01-19T03:22:54.623+0000] {processor.py:186} INFO - Started process (PID=6067) to work on /home/vscode/.local/lib/python3.10/site-packages/airflow/example_dags/example_setup_teardown_taskflow.py
[2025-01-19T03:22:54.624+0000] {processor.py:914} INFO - Processing file /home/vscode/.local/lib/python3.10/site-packages/airflow/example_dags/example_setup_teardown_taskflow.py for tasks to queue
[2025-01-19T03:22:54.626+0000] {logging_mixin.py:190} INFO - [2025-01-19T03:22:54.626+0000] {dagbag.py:588} INFO - Filling up the DagBag from /home/vscode/.local/lib/python3.10/site-packages/airflow/example_dags/example_setup_teardown_taskflow.py
[2025-01-19T03:22:54.639+0000] {processor.py:925} INFO - DAG(s) 'example_setup_teardown_taskflow' retrieved from /home/vscode/.local/lib/python3.10/site-packages/airflow/example_dags/example_setup_teardown_taskflow.py
[2025-01-19T03:22:54.660+0000] {logging_mixin.py:190} INFO - [2025-01-19T03:22:54.660+0000] {dag.py:3239} INFO - Sync 1 DAGs
[2025-01-19T03:22:54.670+0000] {logging_mixin.py:190} INFO - [2025-01-19T03:22:54.670+0000] {dag.py:4180} INFO - Setting next_dagrun for example_setup_teardown_taskflow to None, run_after=None
[2025-01-19T03:22:54.688+0000] {processor.py:208} INFO - Processing /home/vscode/.local/lib/python3.10/site-packages/airflow/example_dags/example_setup_teardown_taskflow.py took 0.071 seconds
[2025-01-19T03:23:49.657+0000] {processor.py:186} INFO - Started process (PID=6519) to work on /home/vscode/.local/lib/python3.10/site-packages/airflow/example_dags/example_setup_teardown_taskflow.py
[2025-01-19T03:23:49.658+0000] {processor.py:914} INFO - Processing file /home/vscode/.local/lib/python3.10/site-packages/airflow/example_dags/example_setup_teardown_taskflow.py for tasks to queue
[2025-01-19T03:23:49.660+0000] {logging_mixin.py:190} INFO - [2025-01-19T03:23:49.659+0000] {dagbag.py:588} INFO - Filling up the DagBag from /home/vscode/.local/lib/python3.10/site-packages/airflow/example_dags/example_setup_teardown_taskflow.py
[2025-01-19T03:23:49.668+0000] {processor.py:925} INFO - DAG(s) 'example_setup_teardown_taskflow' retrieved from /home/vscode/.local/lib/python3.10/site-packages/airflow/example_dags/example_setup_teardown_taskflow.py
[2025-01-19T03:23:49.681+0000] {logging_mixin.py:190} INFO - [2025-01-19T03:23:49.681+0000] {dag.py:3239} INFO - Sync 1 DAGs
[2025-01-19T03:23:49.690+0000] {logging_mixin.py:190} INFO - [2025-01-19T03:23:49.690+0000] {dag.py:4180} INFO - Setting next_dagrun for example_setup_teardown_taskflow to None, run_after=None
[2025-01-19T03:23:49.704+0000] {processor.py:208} INFO - Processing /home/vscode/.local/lib/python3.10/site-packages/airflow/example_dags/example_setup_teardown_taskflow.py took 0.051 seconds
[2025-01-19T03:24:42.583+0000] {processor.py:186} INFO - Started process (PID=6923) to work on /home/vscode/.local/lib/python3.10/site-packages/airflow/example_dags/example_setup_teardown_taskflow.py
[2025-01-19T03:24:42.584+0000] {processor.py:914} INFO - Processing file /home/vscode/.local/lib/python3.10/site-packages/airflow/example_dags/example_setup_teardown_taskflow.py for tasks to queue
[2025-01-19T03:24:42.586+0000] {logging_mixin.py:190} INFO - [2025-01-19T03:24:42.585+0000] {dagbag.py:588} INFO - Filling up the DagBag from /home/vscode/.local/lib/python3.10/site-packages/airflow/example_dags/example_setup_teardown_taskflow.py
[2025-01-19T03:24:42.594+0000] {processor.py:925} INFO - DAG(s) 'example_setup_teardown_taskflow' retrieved from /home/vscode/.local/lib/python3.10/site-packages/airflow/example_dags/example_setup_teardown_taskflow.py
[2025-01-19T03:24:42.607+0000] {logging_mixin.py:190} INFO - [2025-01-19T03:24:42.607+0000] {dag.py:3239} INFO - Sync 1 DAGs
[2025-01-19T03:24:42.617+0000] {logging_mixin.py:190} INFO - [2025-01-19T03:24:42.617+0000] {dag.py:4180} INFO - Setting next_dagrun for example_setup_teardown_taskflow to None, run_after=None
[2025-01-19T03:24:42.631+0000] {processor.py:208} INFO - Processing /home/vscode/.local/lib/python3.10/site-packages/airflow/example_dags/example_setup_teardown_taskflow.py took 0.052 seconds
[2025-01-19T03:25:32.287+0000] {processor.py:186} INFO - Started process (PID=7320) to work on /home/vscode/.local/lib/python3.10/site-packages/airflow/example_dags/example_setup_teardown_taskflow.py
[2025-01-19T03:25:32.287+0000] {processor.py:914} INFO - Processing file /home/vscode/.local/lib/python3.10/site-packages/airflow/example_dags/example_setup_teardown_taskflow.py for tasks to queue
[2025-01-19T03:25:32.289+0000] {logging_mixin.py:190} INFO - [2025-01-19T03:25:32.289+0000] {dagbag.py:588} INFO - Filling up the DagBag from /home/vscode/.local/lib/python3.10/site-packages/airflow/example_dags/example_setup_teardown_taskflow.py
[2025-01-19T03:25:32.297+0000] {processor.py:925} INFO - DAG(s) 'example_setup_teardown_taskflow' retrieved from /home/vscode/.local/lib/python3.10/site-packages/airflow/example_dags/example_setup_teardown_taskflow.py
[2025-01-19T03:25:32.310+0000] {logging_mixin.py:190} INFO - [2025-01-19T03:25:32.310+0000] {dag.py:3239} INFO - Sync 1 DAGs
[2025-01-19T03:25:32.320+0000] {logging_mixin.py:190} INFO - [2025-01-19T03:25:32.319+0000] {dag.py:4180} INFO - Setting next_dagrun for example_setup_teardown_taskflow to None, run_after=None
[2025-01-19T03:25:32.334+0000] {processor.py:208} INFO - Processing /home/vscode/.local/lib/python3.10/site-packages/airflow/example_dags/example_setup_teardown_taskflow.py took 0.051 seconds
[2025-01-19T03:26:24.356+0000] {processor.py:186} INFO - Started process (PID=7747) to work on /home/vscode/.local/lib/python3.10/site-packages/airflow/example_dags/example_setup_teardown_taskflow.py
[2025-01-19T03:26:24.357+0000] {processor.py:914} INFO - Processing file /home/vscode/.local/lib/python3.10/site-packages/airflow/example_dags/example_setup_teardown_taskflow.py for tasks to queue
[2025-01-19T03:26:24.358+0000] {logging_mixin.py:190} INFO - [2025-01-19T03:26:24.358+0000] {dagbag.py:588} INFO - Filling up the DagBag from /home/vscode/.local/lib/python3.10/site-packages/airflow/example_dags/example_setup_teardown_taskflow.py
[2025-01-19T03:26:24.367+0000] {processor.py:925} INFO - DAG(s) 'example_setup_teardown_taskflow' retrieved from /home/vscode/.local/lib/python3.10/site-packages/airflow/example_dags/example_setup_teardown_taskflow.py
[2025-01-19T03:26:24.381+0000] {logging_mixin.py:190} INFO - [2025-01-19T03:26:24.381+0000] {dag.py:3239} INFO - Sync 1 DAGs
[2025-01-19T03:26:24.391+0000] {logging_mixin.py:190} INFO - [2025-01-19T03:26:24.391+0000] {dag.py:4180} INFO - Setting next_dagrun for example_setup_teardown_taskflow to None, run_after=None
[2025-01-19T03:26:24.406+0000] {processor.py:208} INFO - Processing /home/vscode/.local/lib/python3.10/site-packages/airflow/example_dags/example_setup_teardown_taskflow.py took 0.054 seconds
[2025-01-19T03:27:16.949+0000] {processor.py:186} INFO - Started process (PID=8142) to work on /home/vscode/.local/lib/python3.10/site-packages/airflow/example_dags/example_setup_teardown_taskflow.py
[2025-01-19T03:27:16.950+0000] {processor.py:914} INFO - Processing file /home/vscode/.local/lib/python3.10/site-packages/airflow/example_dags/example_setup_teardown_taskflow.py for tasks to queue
[2025-01-19T03:27:16.951+0000] {logging_mixin.py:190} INFO - [2025-01-19T03:27:16.951+0000] {dagbag.py:588} INFO - Filling up the DagBag from /home/vscode/.local/lib/python3.10/site-packages/airflow/example_dags/example_setup_teardown_taskflow.py
[2025-01-19T03:27:16.960+0000] {processor.py:925} INFO - DAG(s) 'example_setup_teardown_taskflow' retrieved from /home/vscode/.local/lib/python3.10/site-packages/airflow/example_dags/example_setup_teardown_taskflow.py
[2025-01-19T03:27:16.976+0000] {logging_mixin.py:190} INFO - [2025-01-19T03:27:16.975+0000] {dag.py:3239} INFO - Sync 1 DAGs
[2025-01-19T03:27:16.985+0000] {logging_mixin.py:190} INFO - [2025-01-19T03:27:16.984+0000] {dag.py:4180} INFO - Setting next_dagrun for example_setup_teardown_taskflow to None, run_after=None
[2025-01-19T03:27:16.998+0000] {processor.py:208} INFO - Processing /home/vscode/.local/lib/python3.10/site-packages/airflow/example_dags/example_setup_teardown_taskflow.py took 0.054 seconds
[2025-01-19T03:28:11.516+0000] {processor.py:186} INFO - Started process (PID=8629) to work on /home/vscode/.local/lib/python3.10/site-packages/airflow/example_dags/example_setup_teardown_taskflow.py
[2025-01-19T03:28:11.516+0000] {processor.py:914} INFO - Processing file /home/vscode/.local/lib/python3.10/site-packages/airflow/example_dags/example_setup_teardown_taskflow.py for tasks to queue
[2025-01-19T03:28:11.518+0000] {logging_mixin.py:190} INFO - [2025-01-19T03:28:11.518+0000] {dagbag.py:588} INFO - Filling up the DagBag from /home/vscode/.local/lib/python3.10/site-packages/airflow/example_dags/example_setup_teardown_taskflow.py
[2025-01-19T03:28:11.527+0000] {processor.py:925} INFO - DAG(s) 'example_setup_teardown_taskflow' retrieved from /home/vscode/.local/lib/python3.10/site-packages/airflow/example_dags/example_setup_teardown_taskflow.py
[2025-01-19T03:28:11.542+0000] {logging_mixin.py:190} INFO - [2025-01-19T03:28:11.542+0000] {dag.py:3239} INFO - Sync 1 DAGs
[2025-01-19T03:28:11.551+0000] {logging_mixin.py:190} INFO - [2025-01-19T03:28:11.551+0000] {dag.py:4180} INFO - Setting next_dagrun for example_setup_teardown_taskflow to None, run_after=None
[2025-01-19T03:28:11.566+0000] {processor.py:208} INFO - Processing /home/vscode/.local/lib/python3.10/site-packages/airflow/example_dags/example_setup_teardown_taskflow.py took 0.057 seconds
[2025-01-19T03:29:05.059+0000] {processor.py:186} INFO - Started process (PID=9049) to work on /home/vscode/.local/lib/python3.10/site-packages/airflow/example_dags/example_setup_teardown_taskflow.py
[2025-01-19T03:29:05.060+0000] {processor.py:914} INFO - Processing file /home/vscode/.local/lib/python3.10/site-packages/airflow/example_dags/example_setup_teardown_taskflow.py for tasks to queue
[2025-01-19T03:29:05.062+0000] {logging_mixin.py:190} INFO - [2025-01-19T03:29:05.062+0000] {dagbag.py:588} INFO - Filling up the DagBag from /home/vscode/.local/lib/python3.10/site-packages/airflow/example_dags/example_setup_teardown_taskflow.py
[2025-01-19T03:29:05.071+0000] {processor.py:925} INFO - DAG(s) 'example_setup_teardown_taskflow' retrieved from /home/vscode/.local/lib/python3.10/site-packages/airflow/example_dags/example_setup_teardown_taskflow.py
[2025-01-19T03:29:05.085+0000] {logging_mixin.py:190} INFO - [2025-01-19T03:29:05.085+0000] {dag.py:3239} INFO - Sync 1 DAGs
[2025-01-19T03:29:05.096+0000] {logging_mixin.py:190} INFO - [2025-01-19T03:29:05.095+0000] {dag.py:4180} INFO - Setting next_dagrun for example_setup_teardown_taskflow to None, run_after=None
[2025-01-19T03:29:05.110+0000] {processor.py:208} INFO - Processing /home/vscode/.local/lib/python3.10/site-packages/airflow/example_dags/example_setup_teardown_taskflow.py took 0.057 seconds
[2025-01-19T03:29:55.217+0000] {processor.py:186} INFO - Started process (PID=9390) to work on /home/vscode/.local/lib/python3.10/site-packages/airflow/example_dags/example_setup_teardown_taskflow.py
[2025-01-19T03:29:55.218+0000] {processor.py:914} INFO - Processing file /home/vscode/.local/lib/python3.10/site-packages/airflow/example_dags/example_setup_teardown_taskflow.py for tasks to queue
[2025-01-19T03:29:55.219+0000] {logging_mixin.py:190} INFO - [2025-01-19T03:29:55.219+0000] {dagbag.py:588} INFO - Filling up the DagBag from /home/vscode/.local/lib/python3.10/site-packages/airflow/example_dags/example_setup_teardown_taskflow.py
[2025-01-19T03:29:55.228+0000] {processor.py:925} INFO - DAG(s) 'example_setup_teardown_taskflow' retrieved from /home/vscode/.local/lib/python3.10/site-packages/airflow/example_dags/example_setup_teardown_taskflow.py
[2025-01-19T03:29:55.241+0000] {logging_mixin.py:190} INFO - [2025-01-19T03:29:55.241+0000] {dag.py:3239} INFO - Sync 1 DAGs
[2025-01-19T03:29:55.252+0000] {logging_mixin.py:190} INFO - [2025-01-19T03:29:55.252+0000] {dag.py:4180} INFO - Setting next_dagrun for example_setup_teardown_taskflow to None, run_after=None
[2025-01-19T03:29:55.266+0000] {processor.py:208} INFO - Processing /home/vscode/.local/lib/python3.10/site-packages/airflow/example_dags/example_setup_teardown_taskflow.py took 0.054 seconds
[2025-01-19T03:30:42.653+0000] {processor.py:186} INFO - Started process (PID=9711) to work on /home/vscode/.local/lib/python3.10/site-packages/airflow/example_dags/example_setup_teardown_taskflow.py
[2025-01-19T03:30:42.654+0000] {processor.py:914} INFO - Processing file /home/vscode/.local/lib/python3.10/site-packages/airflow/example_dags/example_setup_teardown_taskflow.py for tasks to queue
[2025-01-19T03:30:42.656+0000] {logging_mixin.py:190} INFO - [2025-01-19T03:30:42.655+0000] {dagbag.py:588} INFO - Filling up the DagBag from /home/vscode/.local/lib/python3.10/site-packages/airflow/example_dags/example_setup_teardown_taskflow.py
[2025-01-19T03:30:42.664+0000] {processor.py:925} INFO - DAG(s) 'example_setup_teardown_taskflow' retrieved from /home/vscode/.local/lib/python3.10/site-packages/airflow/example_dags/example_setup_teardown_taskflow.py
[2025-01-19T03:30:42.677+0000] {logging_mixin.py:190} INFO - [2025-01-19T03:30:42.677+0000] {dag.py:3239} INFO - Sync 1 DAGs
[2025-01-19T03:30:42.686+0000] {logging_mixin.py:190} INFO - [2025-01-19T03:30:42.686+0000] {dag.py:4180} INFO - Setting next_dagrun for example_setup_teardown_taskflow to None, run_after=None
[2025-01-19T03:30:42.701+0000] {processor.py:208} INFO - Processing /home/vscode/.local/lib/python3.10/site-packages/airflow/example_dags/example_setup_teardown_taskflow.py took 0.052 seconds
[2025-01-19T03:31:32.889+0000] {processor.py:186} INFO - Started process (PID=10054) to work on /home/vscode/.local/lib/python3.10/site-packages/airflow/example_dags/example_setup_teardown_taskflow.py
[2025-01-19T03:31:32.890+0000] {processor.py:914} INFO - Processing file /home/vscode/.local/lib/python3.10/site-packages/airflow/example_dags/example_setup_teardown_taskflow.py for tasks to queue
[2025-01-19T03:31:32.892+0000] {logging_mixin.py:190} INFO - [2025-01-19T03:31:32.891+0000] {dagbag.py:588} INFO - Filling up the DagBag from /home/vscode/.local/lib/python3.10/site-packages/airflow/example_dags/example_setup_teardown_taskflow.py
[2025-01-19T03:31:32.900+0000] {processor.py:925} INFO - DAG(s) 'example_setup_teardown_taskflow' retrieved from /home/vscode/.local/lib/python3.10/site-packages/airflow/example_dags/example_setup_teardown_taskflow.py
[2025-01-19T03:31:32.913+0000] {logging_mixin.py:190} INFO - [2025-01-19T03:31:32.913+0000] {dag.py:3239} INFO - Sync 1 DAGs
[2025-01-19T03:31:32.922+0000] {logging_mixin.py:190} INFO - [2025-01-19T03:31:32.922+0000] {dag.py:4180} INFO - Setting next_dagrun for example_setup_teardown_taskflow to None, run_after=None
[2025-01-19T03:31:32.936+0000] {processor.py:208} INFO - Processing /home/vscode/.local/lib/python3.10/site-packages/airflow/example_dags/example_setup_teardown_taskflow.py took 0.051 seconds
[2025-01-19T03:32:24.424+0000] {processor.py:186} INFO - Started process (PID=10464) to work on /home/vscode/.local/lib/python3.10/site-packages/airflow/example_dags/example_setup_teardown_taskflow.py
[2025-01-19T03:32:24.425+0000] {processor.py:914} INFO - Processing file /home/vscode/.local/lib/python3.10/site-packages/airflow/example_dags/example_setup_teardown_taskflow.py for tasks to queue
[2025-01-19T03:32:24.427+0000] {logging_mixin.py:190} INFO - [2025-01-19T03:32:24.426+0000] {dagbag.py:588} INFO - Filling up the DagBag from /home/vscode/.local/lib/python3.10/site-packages/airflow/example_dags/example_setup_teardown_taskflow.py
[2025-01-19T03:32:24.435+0000] {processor.py:925} INFO - DAG(s) 'example_setup_teardown_taskflow' retrieved from /home/vscode/.local/lib/python3.10/site-packages/airflow/example_dags/example_setup_teardown_taskflow.py
[2025-01-19T03:32:24.449+0000] {logging_mixin.py:190} INFO - [2025-01-19T03:32:24.449+0000] {dag.py:3239} INFO - Sync 1 DAGs
[2025-01-19T03:32:24.458+0000] {logging_mixin.py:190} INFO - [2025-01-19T03:32:24.458+0000] {dag.py:4180} INFO - Setting next_dagrun for example_setup_teardown_taskflow to None, run_after=None
[2025-01-19T03:32:24.472+0000] {processor.py:208} INFO - Processing /home/vscode/.local/lib/python3.10/site-packages/airflow/example_dags/example_setup_teardown_taskflow.py took 0.053 seconds
[2025-01-19T03:33:14.263+0000] {processor.py:186} INFO - Started process (PID=10874) to work on /home/vscode/.local/lib/python3.10/site-packages/airflow/example_dags/example_setup_teardown_taskflow.py
[2025-01-19T03:33:14.263+0000] {processor.py:914} INFO - Processing file /home/vscode/.local/lib/python3.10/site-packages/airflow/example_dags/example_setup_teardown_taskflow.py for tasks to queue
[2025-01-19T03:33:14.265+0000] {logging_mixin.py:190} INFO - [2025-01-19T03:33:14.265+0000] {dagbag.py:588} INFO - Filling up the DagBag from /home/vscode/.local/lib/python3.10/site-packages/airflow/example_dags/example_setup_teardown_taskflow.py
[2025-01-19T03:33:14.273+0000] {processor.py:925} INFO - DAG(s) 'example_setup_teardown_taskflow' retrieved from /home/vscode/.local/lib/python3.10/site-packages/airflow/example_dags/example_setup_teardown_taskflow.py
[2025-01-19T03:33:14.286+0000] {logging_mixin.py:190} INFO - [2025-01-19T03:33:14.286+0000] {dag.py:3239} INFO - Sync 1 DAGs
[2025-01-19T03:33:14.295+0000] {logging_mixin.py:190} INFO - [2025-01-19T03:33:14.295+0000] {dag.py:4180} INFO - Setting next_dagrun for example_setup_teardown_taskflow to None, run_after=None
[2025-01-19T03:33:14.309+0000] {processor.py:208} INFO - Processing /home/vscode/.local/lib/python3.10/site-packages/airflow/example_dags/example_setup_teardown_taskflow.py took 0.051 seconds
[2025-01-19T03:34:04.953+0000] {processor.py:186} INFO - Started process (PID=11223) to work on /home/vscode/.local/lib/python3.10/site-packages/airflow/example_dags/example_setup_teardown_taskflow.py
[2025-01-19T03:34:04.954+0000] {processor.py:914} INFO - Processing file /home/vscode/.local/lib/python3.10/site-packages/airflow/example_dags/example_setup_teardown_taskflow.py for tasks to queue
[2025-01-19T03:34:04.956+0000] {logging_mixin.py:190} INFO - [2025-01-19T03:34:04.956+0000] {dagbag.py:588} INFO - Filling up the DagBag from /home/vscode/.local/lib/python3.10/site-packages/airflow/example_dags/example_setup_teardown_taskflow.py
[2025-01-19T03:34:04.968+0000] {processor.py:925} INFO - DAG(s) 'example_setup_teardown_taskflow' retrieved from /home/vscode/.local/lib/python3.10/site-packages/airflow/example_dags/example_setup_teardown_taskflow.py
[2025-01-19T03:34:04.984+0000] {logging_mixin.py:190} INFO - [2025-01-19T03:34:04.984+0000] {dag.py:3239} INFO - Sync 1 DAGs
[2025-01-19T03:34:04.993+0000] {logging_mixin.py:190} INFO - [2025-01-19T03:34:04.993+0000] {dag.py:4180} INFO - Setting next_dagrun for example_setup_teardown_taskflow to None, run_after=None
[2025-01-19T03:34:05.008+0000] {processor.py:208} INFO - Processing /home/vscode/.local/lib/python3.10/site-packages/airflow/example_dags/example_setup_teardown_taskflow.py took 0.067 seconds
[2025-01-19T03:34:55.523+0000] {processor.py:186} INFO - Started process (PID=11631) to work on /home/vscode/.local/lib/python3.10/site-packages/airflow/example_dags/example_setup_teardown_taskflow.py
[2025-01-19T03:34:55.523+0000] {processor.py:914} INFO - Processing file /home/vscode/.local/lib/python3.10/site-packages/airflow/example_dags/example_setup_teardown_taskflow.py for tasks to queue
[2025-01-19T03:34:55.525+0000] {logging_mixin.py:190} INFO - [2025-01-19T03:34:55.525+0000] {dagbag.py:588} INFO - Filling up the DagBag from /home/vscode/.local/lib/python3.10/site-packages/airflow/example_dags/example_setup_teardown_taskflow.py
[2025-01-19T03:34:55.534+0000] {processor.py:925} INFO - DAG(s) 'example_setup_teardown_taskflow' retrieved from /home/vscode/.local/lib/python3.10/site-packages/airflow/example_dags/example_setup_teardown_taskflow.py
[2025-01-19T03:34:55.547+0000] {logging_mixin.py:190} INFO - [2025-01-19T03:34:55.547+0000] {dag.py:3239} INFO - Sync 1 DAGs
[2025-01-19T03:34:55.557+0000] {logging_mixin.py:190} INFO - [2025-01-19T03:34:55.557+0000] {dag.py:4180} INFO - Setting next_dagrun for example_setup_teardown_taskflow to None, run_after=None
[2025-01-19T03:34:55.571+0000] {processor.py:208} INFO - Processing /home/vscode/.local/lib/python3.10/site-packages/airflow/example_dags/example_setup_teardown_taskflow.py took 0.054 seconds
[2025-01-19T03:35:44.768+0000] {processor.py:186} INFO - Started process (PID=12016) to work on /home/vscode/.local/lib/python3.10/site-packages/airflow/example_dags/example_setup_teardown_taskflow.py
[2025-01-19T03:35:44.769+0000] {processor.py:914} INFO - Processing file /home/vscode/.local/lib/python3.10/site-packages/airflow/example_dags/example_setup_teardown_taskflow.py for tasks to queue
[2025-01-19T03:35:44.770+0000] {logging_mixin.py:190} INFO - [2025-01-19T03:35:44.770+0000] {dagbag.py:588} INFO - Filling up the DagBag from /home/vscode/.local/lib/python3.10/site-packages/airflow/example_dags/example_setup_teardown_taskflow.py
[2025-01-19T03:35:44.779+0000] {processor.py:925} INFO - DAG(s) 'example_setup_teardown_taskflow' retrieved from /home/vscode/.local/lib/python3.10/site-packages/airflow/example_dags/example_setup_teardown_taskflow.py
[2025-01-19T03:35:44.792+0000] {logging_mixin.py:190} INFO - [2025-01-19T03:35:44.792+0000] {dag.py:3239} INFO - Sync 1 DAGs
[2025-01-19T03:35:44.801+0000] {logging_mixin.py:190} INFO - [2025-01-19T03:35:44.801+0000] {dag.py:4180} INFO - Setting next_dagrun for example_setup_teardown_taskflow to None, run_after=None
[2025-01-19T03:35:44.815+0000] {processor.py:208} INFO - Processing /home/vscode/.local/lib/python3.10/site-packages/airflow/example_dags/example_setup_teardown_taskflow.py took 0.051 seconds
[2025-01-19T03:36:34.355+0000] {processor.py:186} INFO - Started process (PID=12373) to work on /home/vscode/.local/lib/python3.10/site-packages/airflow/example_dags/example_setup_teardown_taskflow.py
[2025-01-19T03:36:34.356+0000] {processor.py:914} INFO - Processing file /home/vscode/.local/lib/python3.10/site-packages/airflow/example_dags/example_setup_teardown_taskflow.py for tasks to queue
[2025-01-19T03:36:34.357+0000] {logging_mixin.py:190} INFO - [2025-01-19T03:36:34.357+0000] {dagbag.py:588} INFO - Filling up the DagBag from /home/vscode/.local/lib/python3.10/site-packages/airflow/example_dags/example_setup_teardown_taskflow.py
[2025-01-19T03:36:34.366+0000] {processor.py:925} INFO - DAG(s) 'example_setup_teardown_taskflow' retrieved from /home/vscode/.local/lib/python3.10/site-packages/airflow/example_dags/example_setup_teardown_taskflow.py
[2025-01-19T03:36:34.379+0000] {logging_mixin.py:190} INFO - [2025-01-19T03:36:34.379+0000] {dag.py:3239} INFO - Sync 1 DAGs
[2025-01-19T03:36:34.388+0000] {logging_mixin.py:190} INFO - [2025-01-19T03:36:34.388+0000] {dag.py:4180} INFO - Setting next_dagrun for example_setup_teardown_taskflow to None, run_after=None
[2025-01-19T03:36:34.402+0000] {processor.py:208} INFO - Processing /home/vscode/.local/lib/python3.10/site-packages/airflow/example_dags/example_setup_teardown_taskflow.py took 0.052 seconds
[2025-01-19T03:37:24.666+0000] {processor.py:186} INFO - Started process (PID=12710) to work on /home/vscode/.local/lib/python3.10/site-packages/airflow/example_dags/example_setup_teardown_taskflow.py
[2025-01-19T03:37:24.667+0000] {processor.py:914} INFO - Processing file /home/vscode/.local/lib/python3.10/site-packages/airflow/example_dags/example_setup_teardown_taskflow.py for tasks to queue
[2025-01-19T03:37:24.668+0000] {logging_mixin.py:190} INFO - [2025-01-19T03:37:24.668+0000] {dagbag.py:588} INFO - Filling up the DagBag from /home/vscode/.local/lib/python3.10/site-packages/airflow/example_dags/example_setup_teardown_taskflow.py
[2025-01-19T03:37:24.677+0000] {processor.py:925} INFO - DAG(s) 'example_setup_teardown_taskflow' retrieved from /home/vscode/.local/lib/python3.10/site-packages/airflow/example_dags/example_setup_teardown_taskflow.py
[2025-01-19T03:37:24.690+0000] {logging_mixin.py:190} INFO - [2025-01-19T03:37:24.690+0000] {dag.py:3239} INFO - Sync 1 DAGs
[2025-01-19T03:37:24.700+0000] {logging_mixin.py:190} INFO - [2025-01-19T03:37:24.700+0000] {dag.py:4180} INFO - Setting next_dagrun for example_setup_teardown_taskflow to None, run_after=None
[2025-01-19T03:37:24.714+0000] {processor.py:208} INFO - Processing /home/vscode/.local/lib/python3.10/site-packages/airflow/example_dags/example_setup_teardown_taskflow.py took 0.053 seconds
[2025-01-19T03:38:17.122+0000] {processor.py:186} INFO - Started process (PID=13069) to work on /home/vscode/.local/lib/python3.10/site-packages/airflow/example_dags/example_setup_teardown_taskflow.py
[2025-01-19T03:38:17.123+0000] {processor.py:914} INFO - Processing file /home/vscode/.local/lib/python3.10/site-packages/airflow/example_dags/example_setup_teardown_taskflow.py for tasks to queue
[2025-01-19T03:38:17.124+0000] {logging_mixin.py:190} INFO - [2025-01-19T03:38:17.124+0000] {dagbag.py:588} INFO - Filling up the DagBag from /home/vscode/.local/lib/python3.10/site-packages/airflow/example_dags/example_setup_teardown_taskflow.py
[2025-01-19T03:38:17.133+0000] {processor.py:925} INFO - DAG(s) 'example_setup_teardown_taskflow' retrieved from /home/vscode/.local/lib/python3.10/site-packages/airflow/example_dags/example_setup_teardown_taskflow.py
[2025-01-19T03:38:17.147+0000] {logging_mixin.py:190} INFO - [2025-01-19T03:38:17.147+0000] {dag.py:3239} INFO - Sync 1 DAGs
[2025-01-19T03:38:17.157+0000] {logging_mixin.py:190} INFO - [2025-01-19T03:38:17.157+0000] {dag.py:4180} INFO - Setting next_dagrun for example_setup_teardown_taskflow to None, run_after=None
[2025-01-19T03:38:17.171+0000] {processor.py:208} INFO - Processing /home/vscode/.local/lib/python3.10/site-packages/airflow/example_dags/example_setup_teardown_taskflow.py took 0.053 seconds
[2025-01-19T03:39:05.122+0000] {processor.py:186} INFO - Started process (PID=13392) to work on /home/vscode/.local/lib/python3.10/site-packages/airflow/example_dags/example_setup_teardown_taskflow.py
[2025-01-19T03:39:05.123+0000] {processor.py:914} INFO - Processing file /home/vscode/.local/lib/python3.10/site-packages/airflow/example_dags/example_setup_teardown_taskflow.py for tasks to queue
[2025-01-19T03:39:05.125+0000] {logging_mixin.py:190} INFO - [2025-01-19T03:39:05.124+0000] {dagbag.py:588} INFO - Filling up the DagBag from /home/vscode/.local/lib/python3.10/site-packages/airflow/example_dags/example_setup_teardown_taskflow.py
[2025-01-19T03:39:05.133+0000] {processor.py:925} INFO - DAG(s) 'example_setup_teardown_taskflow' retrieved from /home/vscode/.local/lib/python3.10/site-packages/airflow/example_dags/example_setup_teardown_taskflow.py
[2025-01-19T03:39:05.153+0000] {logging_mixin.py:190} INFO - [2025-01-19T03:39:05.153+0000] {dag.py:3239} INFO - Sync 1 DAGs
[2025-01-19T03:39:05.168+0000] {logging_mixin.py:190} INFO - [2025-01-19T03:39:05.168+0000] {dag.py:4180} INFO - Setting next_dagrun for example_setup_teardown_taskflow to None, run_after=None
[2025-01-19T03:39:05.189+0000] {processor.py:208} INFO - Processing /home/vscode/.local/lib/python3.10/site-packages/airflow/example_dags/example_setup_teardown_taskflow.py took 0.071 seconds
[2025-01-19T03:39:55.919+0000] {processor.py:186} INFO - Started process (PID=13734) to work on /home/vscode/.local/lib/python3.10/site-packages/airflow/example_dags/example_setup_teardown_taskflow.py
[2025-01-19T03:39:55.920+0000] {processor.py:914} INFO - Processing file /home/vscode/.local/lib/python3.10/site-packages/airflow/example_dags/example_setup_teardown_taskflow.py for tasks to queue
[2025-01-19T03:39:55.922+0000] {logging_mixin.py:190} INFO - [2025-01-19T03:39:55.921+0000] {dagbag.py:588} INFO - Filling up the DagBag from /home/vscode/.local/lib/python3.10/site-packages/airflow/example_dags/example_setup_teardown_taskflow.py
[2025-01-19T03:39:55.931+0000] {processor.py:925} INFO - DAG(s) 'example_setup_teardown_taskflow' retrieved from /home/vscode/.local/lib/python3.10/site-packages/airflow/example_dags/example_setup_teardown_taskflow.py
[2025-01-19T03:39:55.944+0000] {logging_mixin.py:190} INFO - [2025-01-19T03:39:55.944+0000] {dag.py:3239} INFO - Sync 1 DAGs
[2025-01-19T03:39:55.954+0000] {logging_mixin.py:190} INFO - [2025-01-19T03:39:55.954+0000] {dag.py:4180} INFO - Setting next_dagrun for example_setup_teardown_taskflow to None, run_after=None
[2025-01-19T03:39:55.969+0000] {processor.py:208} INFO - Processing /home/vscode/.local/lib/python3.10/site-packages/airflow/example_dags/example_setup_teardown_taskflow.py took 0.055 seconds
[2025-01-19T03:40:47.286+0000] {processor.py:186} INFO - Started process (PID=14088) to work on /home/vscode/.local/lib/python3.10/site-packages/airflow/example_dags/example_setup_teardown_taskflow.py
[2025-01-19T03:40:47.287+0000] {processor.py:914} INFO - Processing file /home/vscode/.local/lib/python3.10/site-packages/airflow/example_dags/example_setup_teardown_taskflow.py for tasks to queue
[2025-01-19T03:40:47.289+0000] {logging_mixin.py:190} INFO - [2025-01-19T03:40:47.289+0000] {dagbag.py:588} INFO - Filling up the DagBag from /home/vscode/.local/lib/python3.10/site-packages/airflow/example_dags/example_setup_teardown_taskflow.py
[2025-01-19T03:40:47.298+0000] {processor.py:925} INFO - DAG(s) 'example_setup_teardown_taskflow' retrieved from /home/vscode/.local/lib/python3.10/site-packages/airflow/example_dags/example_setup_teardown_taskflow.py
[2025-01-19T03:40:47.312+0000] {logging_mixin.py:190} INFO - [2025-01-19T03:40:47.311+0000] {dag.py:3239} INFO - Sync 1 DAGs
[2025-01-19T03:40:47.321+0000] {logging_mixin.py:190} INFO - [2025-01-19T03:40:47.321+0000] {dag.py:4180} INFO - Setting next_dagrun for example_setup_teardown_taskflow to None, run_after=None
[2025-01-19T03:40:47.335+0000] {processor.py:208} INFO - Processing /home/vscode/.local/lib/python3.10/site-packages/airflow/example_dags/example_setup_teardown_taskflow.py took 0.056 seconds
[2025-01-19T03:41:35.255+0000] {processor.py:186} INFO - Started process (PID=14408) to work on /home/vscode/.local/lib/python3.10/site-packages/airflow/example_dags/example_setup_teardown_taskflow.py
[2025-01-19T03:41:35.256+0000] {processor.py:914} INFO - Processing file /home/vscode/.local/lib/python3.10/site-packages/airflow/example_dags/example_setup_teardown_taskflow.py for tasks to queue
[2025-01-19T03:41:35.257+0000] {logging_mixin.py:190} INFO - [2025-01-19T03:41:35.257+0000] {dagbag.py:588} INFO - Filling up the DagBag from /home/vscode/.local/lib/python3.10/site-packages/airflow/example_dags/example_setup_teardown_taskflow.py
[2025-01-19T03:41:35.266+0000] {processor.py:925} INFO - DAG(s) 'example_setup_teardown_taskflow' retrieved from /home/vscode/.local/lib/python3.10/site-packages/airflow/example_dags/example_setup_teardown_taskflow.py
[2025-01-19T03:41:35.279+0000] {logging_mixin.py:190} INFO - [2025-01-19T03:41:35.279+0000] {dag.py:3239} INFO - Sync 1 DAGs
[2025-01-19T03:41:35.288+0000] {logging_mixin.py:190} INFO - [2025-01-19T03:41:35.288+0000] {dag.py:4180} INFO - Setting next_dagrun for example_setup_teardown_taskflow to None, run_after=None
[2025-01-19T03:41:35.303+0000] {processor.py:208} INFO - Processing /home/vscode/.local/lib/python3.10/site-packages/airflow/example_dags/example_setup_teardown_taskflow.py took 0.052 seconds
[2025-01-19T03:42:29.957+0000] {processor.py:186} INFO - Started process (PID=14772) to work on /home/vscode/.local/lib/python3.10/site-packages/airflow/example_dags/example_setup_teardown_taskflow.py
[2025-01-19T03:42:29.958+0000] {processor.py:914} INFO - Processing file /home/vscode/.local/lib/python3.10/site-packages/airflow/example_dags/example_setup_teardown_taskflow.py for tasks to queue
[2025-01-19T03:42:29.959+0000] {logging_mixin.py:190} INFO - [2025-01-19T03:42:29.959+0000] {dagbag.py:588} INFO - Filling up the DagBag from /home/vscode/.local/lib/python3.10/site-packages/airflow/example_dags/example_setup_teardown_taskflow.py
[2025-01-19T03:42:29.968+0000] {processor.py:925} INFO - DAG(s) 'example_setup_teardown_taskflow' retrieved from /home/vscode/.local/lib/python3.10/site-packages/airflow/example_dags/example_setup_teardown_taskflow.py
[2025-01-19T03:42:29.982+0000] {logging_mixin.py:190} INFO - [2025-01-19T03:42:29.981+0000] {dag.py:3239} INFO - Sync 1 DAGs
[2025-01-19T03:42:29.992+0000] {logging_mixin.py:190} INFO - [2025-01-19T03:42:29.991+0000] {dag.py:4180} INFO - Setting next_dagrun for example_setup_teardown_taskflow to None, run_after=None
[2025-01-19T03:42:30.006+0000] {processor.py:208} INFO - Processing /home/vscode/.local/lib/python3.10/site-packages/airflow/example_dags/example_setup_teardown_taskflow.py took 0.054 seconds
[2025-01-19T03:43:19.106+0000] {processor.py:186} INFO - Started process (PID=15113) to work on /home/vscode/.local/lib/python3.10/site-packages/airflow/example_dags/example_setup_teardown_taskflow.py
[2025-01-19T03:43:19.106+0000] {processor.py:914} INFO - Processing file /home/vscode/.local/lib/python3.10/site-packages/airflow/example_dags/example_setup_teardown_taskflow.py for tasks to queue
[2025-01-19T03:43:19.108+0000] {logging_mixin.py:190} INFO - [2025-01-19T03:43:19.108+0000] {dagbag.py:588} INFO - Filling up the DagBag from /home/vscode/.local/lib/python3.10/site-packages/airflow/example_dags/example_setup_teardown_taskflow.py
[2025-01-19T03:43:19.117+0000] {processor.py:925} INFO - DAG(s) 'example_setup_teardown_taskflow' retrieved from /home/vscode/.local/lib/python3.10/site-packages/airflow/example_dags/example_setup_teardown_taskflow.py
[2025-01-19T03:43:19.130+0000] {logging_mixin.py:190} INFO - [2025-01-19T03:43:19.130+0000] {dag.py:3239} INFO - Sync 1 DAGs
[2025-01-19T03:43:19.140+0000] {logging_mixin.py:190} INFO - [2025-01-19T03:43:19.140+0000] {dag.py:4180} INFO - Setting next_dagrun for example_setup_teardown_taskflow to None, run_after=None
[2025-01-19T03:43:19.155+0000] {processor.py:208} INFO - Processing /home/vscode/.local/lib/python3.10/site-packages/airflow/example_dags/example_setup_teardown_taskflow.py took 0.054 seconds
[2025-01-19T03:44:11.489+0000] {processor.py:186} INFO - Started process (PID=15461) to work on /home/vscode/.local/lib/python3.10/site-packages/airflow/example_dags/example_setup_teardown_taskflow.py
[2025-01-19T03:44:11.490+0000] {processor.py:914} INFO - Processing file /home/vscode/.local/lib/python3.10/site-packages/airflow/example_dags/example_setup_teardown_taskflow.py for tasks to queue
[2025-01-19T03:44:11.491+0000] {logging_mixin.py:190} INFO - [2025-01-19T03:44:11.491+0000] {dagbag.py:588} INFO - Filling up the DagBag from /home/vscode/.local/lib/python3.10/site-packages/airflow/example_dags/example_setup_teardown_taskflow.py
[2025-01-19T03:44:11.502+0000] {processor.py:925} INFO - DAG(s) 'example_setup_teardown_taskflow' retrieved from /home/vscode/.local/lib/python3.10/site-packages/airflow/example_dags/example_setup_teardown_taskflow.py
[2025-01-19T03:44:11.516+0000] {logging_mixin.py:190} INFO - [2025-01-19T03:44:11.516+0000] {dag.py:3239} INFO - Sync 1 DAGs
[2025-01-19T03:44:11.526+0000] {logging_mixin.py:190} INFO - [2025-01-19T03:44:11.526+0000] {dag.py:4180} INFO - Setting next_dagrun for example_setup_teardown_taskflow to None, run_after=None
[2025-01-19T03:44:11.541+0000] {processor.py:208} INFO - Processing /home/vscode/.local/lib/python3.10/site-packages/airflow/example_dags/example_setup_teardown_taskflow.py took 0.057 seconds
[2025-01-19T03:45:03.681+0000] {processor.py:186} INFO - Started process (PID=15815) to work on /home/vscode/.local/lib/python3.10/site-packages/airflow/example_dags/example_setup_teardown_taskflow.py
[2025-01-19T03:45:03.682+0000] {processor.py:914} INFO - Processing file /home/vscode/.local/lib/python3.10/site-packages/airflow/example_dags/example_setup_teardown_taskflow.py for tasks to queue
[2025-01-19T03:45:03.684+0000] {logging_mixin.py:190} INFO - [2025-01-19T03:45:03.683+0000] {dagbag.py:588} INFO - Filling up the DagBag from /home/vscode/.local/lib/python3.10/site-packages/airflow/example_dags/example_setup_teardown_taskflow.py
[2025-01-19T03:45:03.694+0000] {processor.py:925} INFO - DAG(s) 'example_setup_teardown_taskflow' retrieved from /home/vscode/.local/lib/python3.10/site-packages/airflow/example_dags/example_setup_teardown_taskflow.py
[2025-01-19T03:45:03.707+0000] {logging_mixin.py:190} INFO - [2025-01-19T03:45:03.707+0000] {dag.py:3239} INFO - Sync 1 DAGs
[2025-01-19T03:45:03.717+0000] {logging_mixin.py:190} INFO - [2025-01-19T03:45:03.716+0000] {dag.py:4180} INFO - Setting next_dagrun for example_setup_teardown_taskflow to None, run_after=None
[2025-01-19T03:45:03.731+0000] {processor.py:208} INFO - Processing /home/vscode/.local/lib/python3.10/site-packages/airflow/example_dags/example_setup_teardown_taskflow.py took 0.054 seconds
[2025-01-19T03:45:55.512+0000] {processor.py:186} INFO - Started process (PID=16162) to work on /home/vscode/.local/lib/python3.10/site-packages/airflow/example_dags/example_setup_teardown_taskflow.py
[2025-01-19T03:45:55.513+0000] {processor.py:914} INFO - Processing file /home/vscode/.local/lib/python3.10/site-packages/airflow/example_dags/example_setup_teardown_taskflow.py for tasks to queue
[2025-01-19T03:45:55.515+0000] {logging_mixin.py:190} INFO - [2025-01-19T03:45:55.514+0000] {dagbag.py:588} INFO - Filling up the DagBag from /home/vscode/.local/lib/python3.10/site-packages/airflow/example_dags/example_setup_teardown_taskflow.py
[2025-01-19T03:45:55.524+0000] {processor.py:925} INFO - DAG(s) 'example_setup_teardown_taskflow' retrieved from /home/vscode/.local/lib/python3.10/site-packages/airflow/example_dags/example_setup_teardown_taskflow.py
[2025-01-19T03:45:55.539+0000] {logging_mixin.py:190} INFO - [2025-01-19T03:45:55.539+0000] {dag.py:3239} INFO - Sync 1 DAGs
[2025-01-19T03:45:55.549+0000] {logging_mixin.py:190} INFO - [2025-01-19T03:45:55.548+0000] {dag.py:4180} INFO - Setting next_dagrun for example_setup_teardown_taskflow to None, run_after=None
[2025-01-19T03:45:55.564+0000] {processor.py:208} INFO - Processing /home/vscode/.local/lib/python3.10/site-packages/airflow/example_dags/example_setup_teardown_taskflow.py took 0.059 seconds
[2025-01-19T03:46:45.059+0000] {processor.py:186} INFO - Started process (PID=16495) to work on /home/vscode/.local/lib/python3.10/site-packages/airflow/example_dags/example_setup_teardown_taskflow.py
[2025-01-19T03:46:45.060+0000] {processor.py:914} INFO - Processing file /home/vscode/.local/lib/python3.10/site-packages/airflow/example_dags/example_setup_teardown_taskflow.py for tasks to queue
[2025-01-19T03:46:45.061+0000] {logging_mixin.py:190} INFO - [2025-01-19T03:46:45.061+0000] {dagbag.py:588} INFO - Filling up the DagBag from /home/vscode/.local/lib/python3.10/site-packages/airflow/example_dags/example_setup_teardown_taskflow.py
[2025-01-19T03:46:45.070+0000] {processor.py:925} INFO - DAG(s) 'example_setup_teardown_taskflow' retrieved from /home/vscode/.local/lib/python3.10/site-packages/airflow/example_dags/example_setup_teardown_taskflow.py
[2025-01-19T03:46:45.084+0000] {logging_mixin.py:190} INFO - [2025-01-19T03:46:45.084+0000] {dag.py:3239} INFO - Sync 1 DAGs
[2025-01-19T03:46:45.094+0000] {logging_mixin.py:190} INFO - [2025-01-19T03:46:45.094+0000] {dag.py:4180} INFO - Setting next_dagrun for example_setup_teardown_taskflow to None, run_after=None
[2025-01-19T03:46:45.109+0000] {processor.py:208} INFO - Processing /home/vscode/.local/lib/python3.10/site-packages/airflow/example_dags/example_setup_teardown_taskflow.py took 0.055 seconds
[2025-01-19T03:47:38.180+0000] {processor.py:186} INFO - Started process (PID=16857) to work on /home/vscode/.local/lib/python3.10/site-packages/airflow/example_dags/example_setup_teardown_taskflow.py
[2025-01-19T03:47:38.181+0000] {processor.py:914} INFO - Processing file /home/vscode/.local/lib/python3.10/site-packages/airflow/example_dags/example_setup_teardown_taskflow.py for tasks to queue
[2025-01-19T03:47:38.182+0000] {logging_mixin.py:190} INFO - [2025-01-19T03:47:38.182+0000] {dagbag.py:588} INFO - Filling up the DagBag from /home/vscode/.local/lib/python3.10/site-packages/airflow/example_dags/example_setup_teardown_taskflow.py
[2025-01-19T03:47:38.191+0000] {processor.py:925} INFO - DAG(s) 'example_setup_teardown_taskflow' retrieved from /home/vscode/.local/lib/python3.10/site-packages/airflow/example_dags/example_setup_teardown_taskflow.py
[2025-01-19T03:47:38.204+0000] {logging_mixin.py:190} INFO - [2025-01-19T03:47:38.204+0000] {dag.py:3239} INFO - Sync 1 DAGs
[2025-01-19T03:47:38.213+0000] {logging_mixin.py:190} INFO - [2025-01-19T03:47:38.213+0000] {dag.py:4180} INFO - Setting next_dagrun for example_setup_teardown_taskflow to None, run_after=None
[2025-01-19T03:47:38.228+0000] {processor.py:208} INFO - Processing /home/vscode/.local/lib/python3.10/site-packages/airflow/example_dags/example_setup_teardown_taskflow.py took 0.053 seconds
[2025-01-19T03:48:27.732+0000] {processor.py:186} INFO - Started process (PID=17195) to work on /home/vscode/.local/lib/python3.10/site-packages/airflow/example_dags/example_setup_teardown_taskflow.py
[2025-01-19T03:48:27.733+0000] {processor.py:914} INFO - Processing file /home/vscode/.local/lib/python3.10/site-packages/airflow/example_dags/example_setup_teardown_taskflow.py for tasks to queue
[2025-01-19T03:48:27.734+0000] {logging_mixin.py:190} INFO - [2025-01-19T03:48:27.734+0000] {dagbag.py:588} INFO - Filling up the DagBag from /home/vscode/.local/lib/python3.10/site-packages/airflow/example_dags/example_setup_teardown_taskflow.py
[2025-01-19T03:48:27.743+0000] {processor.py:925} INFO - DAG(s) 'example_setup_teardown_taskflow' retrieved from /home/vscode/.local/lib/python3.10/site-packages/airflow/example_dags/example_setup_teardown_taskflow.py
[2025-01-19T03:48:27.756+0000] {logging_mixin.py:190} INFO - [2025-01-19T03:48:27.755+0000] {dag.py:3239} INFO - Sync 1 DAGs
[2025-01-19T03:48:27.765+0000] {logging_mixin.py:190} INFO - [2025-01-19T03:48:27.765+0000] {dag.py:4180} INFO - Setting next_dagrun for example_setup_teardown_taskflow to None, run_after=None
[2025-01-19T03:48:27.779+0000] {processor.py:208} INFO - Processing /home/vscode/.local/lib/python3.10/site-packages/airflow/example_dags/example_setup_teardown_taskflow.py took 0.051 seconds
[2025-01-19T03:49:19.172+0000] {processor.py:186} INFO - Started process (PID=17658) to work on /home/vscode/.local/lib/python3.10/site-packages/airflow/example_dags/example_setup_teardown_taskflow.py
[2025-01-19T03:49:19.173+0000] {processor.py:914} INFO - Processing file /home/vscode/.local/lib/python3.10/site-packages/airflow/example_dags/example_setup_teardown_taskflow.py for tasks to queue
[2025-01-19T03:49:19.174+0000] {logging_mixin.py:190} INFO - [2025-01-19T03:49:19.174+0000] {dagbag.py:588} INFO - Filling up the DagBag from /home/vscode/.local/lib/python3.10/site-packages/airflow/example_dags/example_setup_teardown_taskflow.py
[2025-01-19T03:49:19.183+0000] {processor.py:925} INFO - DAG(s) 'example_setup_teardown_taskflow' retrieved from /home/vscode/.local/lib/python3.10/site-packages/airflow/example_dags/example_setup_teardown_taskflow.py
[2025-01-19T03:49:19.196+0000] {logging_mixin.py:190} INFO - [2025-01-19T03:49:19.196+0000] {dag.py:3239} INFO - Sync 1 DAGs
[2025-01-19T03:49:19.205+0000] {logging_mixin.py:190} INFO - [2025-01-19T03:49:19.205+0000] {dag.py:4180} INFO - Setting next_dagrun for example_setup_teardown_taskflow to None, run_after=None
[2025-01-19T03:49:19.219+0000] {processor.py:208} INFO - Processing /home/vscode/.local/lib/python3.10/site-packages/airflow/example_dags/example_setup_teardown_taskflow.py took 0.052 seconds
[2025-01-19T03:50:10.517+0000] {processor.py:186} INFO - Started process (PID=18045) to work on /home/vscode/.local/lib/python3.10/site-packages/airflow/example_dags/example_setup_teardown_taskflow.py
[2025-01-19T03:50:10.518+0000] {processor.py:914} INFO - Processing file /home/vscode/.local/lib/python3.10/site-packages/airflow/example_dags/example_setup_teardown_taskflow.py for tasks to queue
[2025-01-19T03:50:10.519+0000] {logging_mixin.py:190} INFO - [2025-01-19T03:50:10.519+0000] {dagbag.py:588} INFO - Filling up the DagBag from /home/vscode/.local/lib/python3.10/site-packages/airflow/example_dags/example_setup_teardown_taskflow.py
[2025-01-19T03:50:10.529+0000] {processor.py:925} INFO - DAG(s) 'example_setup_teardown_taskflow' retrieved from /home/vscode/.local/lib/python3.10/site-packages/airflow/example_dags/example_setup_teardown_taskflow.py
[2025-01-19T03:50:10.544+0000] {logging_mixin.py:190} INFO - [2025-01-19T03:50:10.544+0000] {dag.py:3239} INFO - Sync 1 DAGs
[2025-01-19T03:50:10.558+0000] {logging_mixin.py:190} INFO - [2025-01-19T03:50:10.558+0000] {dag.py:4180} INFO - Setting next_dagrun for example_setup_teardown_taskflow to None, run_after=None
[2025-01-19T03:50:10.579+0000] {processor.py:208} INFO - Processing /home/vscode/.local/lib/python3.10/site-packages/airflow/example_dags/example_setup_teardown_taskflow.py took 0.067 seconds
[2025-01-19T03:51:00.786+0000] {processor.py:186} INFO - Started process (PID=18434) to work on /home/vscode/.local/lib/python3.10/site-packages/airflow/example_dags/example_setup_teardown_taskflow.py
[2025-01-19T03:51:00.787+0000] {processor.py:914} INFO - Processing file /home/vscode/.local/lib/python3.10/site-packages/airflow/example_dags/example_setup_teardown_taskflow.py for tasks to queue
[2025-01-19T03:51:00.788+0000] {logging_mixin.py:190} INFO - [2025-01-19T03:51:00.788+0000] {dagbag.py:588} INFO - Filling up the DagBag from /home/vscode/.local/lib/python3.10/site-packages/airflow/example_dags/example_setup_teardown_taskflow.py
[2025-01-19T03:51:00.797+0000] {processor.py:925} INFO - DAG(s) 'example_setup_teardown_taskflow' retrieved from /home/vscode/.local/lib/python3.10/site-packages/airflow/example_dags/example_setup_teardown_taskflow.py
[2025-01-19T03:51:00.810+0000] {logging_mixin.py:190} INFO - [2025-01-19T03:51:00.810+0000] {dag.py:3239} INFO - Sync 1 DAGs
[2025-01-19T03:51:00.819+0000] {logging_mixin.py:190} INFO - [2025-01-19T03:51:00.819+0000] {dag.py:4180} INFO - Setting next_dagrun for example_setup_teardown_taskflow to None, run_after=None
[2025-01-19T03:51:00.833+0000] {processor.py:208} INFO - Processing /home/vscode/.local/lib/python3.10/site-packages/airflow/example_dags/example_setup_teardown_taskflow.py took 0.052 seconds
[2025-01-19T03:55:13.769+0000] {processor.py:186} INFO - Started process (PID=20233) to work on /home/vscode/.local/lib/python3.10/site-packages/airflow/example_dags/example_setup_teardown_taskflow.py
[2025-01-19T03:55:13.770+0000] {processor.py:914} INFO - Processing file /home/vscode/.local/lib/python3.10/site-packages/airflow/example_dags/example_setup_teardown_taskflow.py for tasks to queue
[2025-01-19T03:55:13.771+0000] {logging_mixin.py:190} INFO - [2025-01-19T03:55:13.771+0000] {dagbag.py:588} INFO - Filling up the DagBag from /home/vscode/.local/lib/python3.10/site-packages/airflow/example_dags/example_setup_teardown_taskflow.py
[2025-01-19T03:55:13.781+0000] {processor.py:925} INFO - DAG(s) 'example_setup_teardown_taskflow' retrieved from /home/vscode/.local/lib/python3.10/site-packages/airflow/example_dags/example_setup_teardown_taskflow.py
[2025-01-19T03:55:13.795+0000] {logging_mixin.py:190} INFO - [2025-01-19T03:55:13.795+0000] {dag.py:3239} INFO - Sync 1 DAGs
[2025-01-19T03:55:13.804+0000] {logging_mixin.py:190} INFO - [2025-01-19T03:55:13.804+0000] {dag.py:4180} INFO - Setting next_dagrun for example_setup_teardown_taskflow to None, run_after=None
[2025-01-19T03:55:13.819+0000] {processor.py:208} INFO - Processing /home/vscode/.local/lib/python3.10/site-packages/airflow/example_dags/example_setup_teardown_taskflow.py took 0.054 seconds
[2025-01-19T03:56:09.321+0000] {processor.py:186} INFO - Started process (PID=20611) to work on /home/vscode/.local/lib/python3.10/site-packages/airflow/example_dags/example_setup_teardown_taskflow.py
[2025-01-19T03:56:09.322+0000] {processor.py:914} INFO - Processing file /home/vscode/.local/lib/python3.10/site-packages/airflow/example_dags/example_setup_teardown_taskflow.py for tasks to queue
[2025-01-19T03:56:09.324+0000] {logging_mixin.py:190} INFO - [2025-01-19T03:56:09.323+0000] {dagbag.py:588} INFO - Filling up the DagBag from /home/vscode/.local/lib/python3.10/site-packages/airflow/example_dags/example_setup_teardown_taskflow.py
[2025-01-19T03:56:09.332+0000] {processor.py:925} INFO - DAG(s) 'example_setup_teardown_taskflow' retrieved from /home/vscode/.local/lib/python3.10/site-packages/airflow/example_dags/example_setup_teardown_taskflow.py
[2025-01-19T03:56:09.345+0000] {logging_mixin.py:190} INFO - [2025-01-19T03:56:09.345+0000] {dag.py:3239} INFO - Sync 1 DAGs
[2025-01-19T03:56:09.354+0000] {logging_mixin.py:190} INFO - [2025-01-19T03:56:09.354+0000] {dag.py:4180} INFO - Setting next_dagrun for example_setup_teardown_taskflow to None, run_after=None
[2025-01-19T03:56:09.369+0000] {processor.py:208} INFO - Processing /home/vscode/.local/lib/python3.10/site-packages/airflow/example_dags/example_setup_teardown_taskflow.py took 0.052 seconds
[2025-01-19T03:57:05.889+0000] {processor.py:186} INFO - Started process (PID=20995) to work on /home/vscode/.local/lib/python3.10/site-packages/airflow/example_dags/example_setup_teardown_taskflow.py
[2025-01-19T03:57:05.890+0000] {processor.py:914} INFO - Processing file /home/vscode/.local/lib/python3.10/site-packages/airflow/example_dags/example_setup_teardown_taskflow.py for tasks to queue
[2025-01-19T03:57:05.891+0000] {logging_mixin.py:190} INFO - [2025-01-19T03:57:05.891+0000] {dagbag.py:588} INFO - Filling up the DagBag from /home/vscode/.local/lib/python3.10/site-packages/airflow/example_dags/example_setup_teardown_taskflow.py
[2025-01-19T03:57:05.900+0000] {processor.py:925} INFO - DAG(s) 'example_setup_teardown_taskflow' retrieved from /home/vscode/.local/lib/python3.10/site-packages/airflow/example_dags/example_setup_teardown_taskflow.py
[2025-01-19T03:57:05.913+0000] {logging_mixin.py:190} INFO - [2025-01-19T03:57:05.913+0000] {dag.py:3239} INFO - Sync 1 DAGs
[2025-01-19T03:57:05.923+0000] {logging_mixin.py:190} INFO - [2025-01-19T03:57:05.923+0000] {dag.py:4180} INFO - Setting next_dagrun for example_setup_teardown_taskflow to None, run_after=None
[2025-01-19T03:57:05.938+0000] {processor.py:208} INFO - Processing /home/vscode/.local/lib/python3.10/site-packages/airflow/example_dags/example_setup_teardown_taskflow.py took 0.054 seconds
[2025-01-19T03:57:57.379+0000] {processor.py:186} INFO - Started process (PID=21345) to work on /home/vscode/.local/lib/python3.10/site-packages/airflow/example_dags/example_setup_teardown_taskflow.py
[2025-01-19T03:57:57.380+0000] {processor.py:914} INFO - Processing file /home/vscode/.local/lib/python3.10/site-packages/airflow/example_dags/example_setup_teardown_taskflow.py for tasks to queue
[2025-01-19T03:57:57.382+0000] {logging_mixin.py:190} INFO - [2025-01-19T03:57:57.381+0000] {dagbag.py:588} INFO - Filling up the DagBag from /home/vscode/.local/lib/python3.10/site-packages/airflow/example_dags/example_setup_teardown_taskflow.py
[2025-01-19T03:57:57.390+0000] {processor.py:925} INFO - DAG(s) 'example_setup_teardown_taskflow' retrieved from /home/vscode/.local/lib/python3.10/site-packages/airflow/example_dags/example_setup_teardown_taskflow.py
[2025-01-19T03:57:57.403+0000] {logging_mixin.py:190} INFO - [2025-01-19T03:57:57.403+0000] {dag.py:3239} INFO - Sync 1 DAGs
[2025-01-19T03:57:57.413+0000] {logging_mixin.py:190} INFO - [2025-01-19T03:57:57.413+0000] {dag.py:4180} INFO - Setting next_dagrun for example_setup_teardown_taskflow to None, run_after=None
[2025-01-19T03:57:57.428+0000] {processor.py:208} INFO - Processing /home/vscode/.local/lib/python3.10/site-packages/airflow/example_dags/example_setup_teardown_taskflow.py took 0.053 seconds
[2025-01-19T03:58:48.669+0000] {processor.py:186} INFO - Started process (PID=21694) to work on /home/vscode/.local/lib/python3.10/site-packages/airflow/example_dags/example_setup_teardown_taskflow.py
[2025-01-19T03:58:48.669+0000] {processor.py:914} INFO - Processing file /home/vscode/.local/lib/python3.10/site-packages/airflow/example_dags/example_setup_teardown_taskflow.py for tasks to queue
[2025-01-19T03:58:48.671+0000] {logging_mixin.py:190} INFO - [2025-01-19T03:58:48.671+0000] {dagbag.py:588} INFO - Filling up the DagBag from /home/vscode/.local/lib/python3.10/site-packages/airflow/example_dags/example_setup_teardown_taskflow.py
[2025-01-19T03:58:48.680+0000] {processor.py:925} INFO - DAG(s) 'example_setup_teardown_taskflow' retrieved from /home/vscode/.local/lib/python3.10/site-packages/airflow/example_dags/example_setup_teardown_taskflow.py
[2025-01-19T03:58:48.694+0000] {logging_mixin.py:190} INFO - [2025-01-19T03:58:48.693+0000] {dag.py:3239} INFO - Sync 1 DAGs
[2025-01-19T03:58:48.703+0000] {logging_mixin.py:190} INFO - [2025-01-19T03:58:48.703+0000] {dag.py:4180} INFO - Setting next_dagrun for example_setup_teardown_taskflow to None, run_after=None
[2025-01-19T03:58:48.718+0000] {processor.py:208} INFO - Processing /home/vscode/.local/lib/python3.10/site-packages/airflow/example_dags/example_setup_teardown_taskflow.py took 0.054 seconds
[2025-01-19T03:59:40.088+0000] {processor.py:186} INFO - Started process (PID=22044) to work on /home/vscode/.local/lib/python3.10/site-packages/airflow/example_dags/example_setup_teardown_taskflow.py
[2025-01-19T03:59:40.089+0000] {processor.py:914} INFO - Processing file /home/vscode/.local/lib/python3.10/site-packages/airflow/example_dags/example_setup_teardown_taskflow.py for tasks to queue
[2025-01-19T03:59:40.090+0000] {logging_mixin.py:190} INFO - [2025-01-19T03:59:40.090+0000] {dagbag.py:588} INFO - Filling up the DagBag from /home/vscode/.local/lib/python3.10/site-packages/airflow/example_dags/example_setup_teardown_taskflow.py
[2025-01-19T03:59:40.099+0000] {processor.py:925} INFO - DAG(s) 'example_setup_teardown_taskflow' retrieved from /home/vscode/.local/lib/python3.10/site-packages/airflow/example_dags/example_setup_teardown_taskflow.py
[2025-01-19T03:59:40.114+0000] {logging_mixin.py:190} INFO - [2025-01-19T03:59:40.113+0000] {dag.py:3239} INFO - Sync 1 DAGs
[2025-01-19T03:59:40.123+0000] {logging_mixin.py:190} INFO - [2025-01-19T03:59:40.122+0000] {dag.py:4180} INFO - Setting next_dagrun for example_setup_teardown_taskflow to None, run_after=None
[2025-01-19T03:59:40.137+0000] {processor.py:208} INFO - Processing /home/vscode/.local/lib/python3.10/site-packages/airflow/example_dags/example_setup_teardown_taskflow.py took 0.053 seconds
[2025-01-19T04:00:32.688+0000] {processor.py:186} INFO - Started process (PID=22402) to work on /home/vscode/.local/lib/python3.10/site-packages/airflow/example_dags/example_setup_teardown_taskflow.py
[2025-01-19T04:00:32.689+0000] {processor.py:914} INFO - Processing file /home/vscode/.local/lib/python3.10/site-packages/airflow/example_dags/example_setup_teardown_taskflow.py for tasks to queue
[2025-01-19T04:00:32.690+0000] {logging_mixin.py:190} INFO - [2025-01-19T04:00:32.690+0000] {dagbag.py:588} INFO - Filling up the DagBag from /home/vscode/.local/lib/python3.10/site-packages/airflow/example_dags/example_setup_teardown_taskflow.py
[2025-01-19T04:00:32.699+0000] {processor.py:925} INFO - DAG(s) 'example_setup_teardown_taskflow' retrieved from /home/vscode/.local/lib/python3.10/site-packages/airflow/example_dags/example_setup_teardown_taskflow.py
[2025-01-19T04:00:32.712+0000] {logging_mixin.py:190} INFO - [2025-01-19T04:00:32.712+0000] {dag.py:3239} INFO - Sync 1 DAGs
[2025-01-19T04:00:32.722+0000] {logging_mixin.py:190} INFO - [2025-01-19T04:00:32.721+0000] {dag.py:4180} INFO - Setting next_dagrun for example_setup_teardown_taskflow to None, run_after=None
[2025-01-19T04:00:32.736+0000] {processor.py:208} INFO - Processing /home/vscode/.local/lib/python3.10/site-packages/airflow/example_dags/example_setup_teardown_taskflow.py took 0.052 seconds
[2025-01-19T04:01:22.829+0000] {processor.py:186} INFO - Started process (PID=22744) to work on /home/vscode/.local/lib/python3.10/site-packages/airflow/example_dags/example_setup_teardown_taskflow.py
[2025-01-19T04:01:22.829+0000] {processor.py:914} INFO - Processing file /home/vscode/.local/lib/python3.10/site-packages/airflow/example_dags/example_setup_teardown_taskflow.py for tasks to queue
[2025-01-19T04:01:22.831+0000] {logging_mixin.py:190} INFO - [2025-01-19T04:01:22.831+0000] {dagbag.py:588} INFO - Filling up the DagBag from /home/vscode/.local/lib/python3.10/site-packages/airflow/example_dags/example_setup_teardown_taskflow.py
[2025-01-19T04:01:22.840+0000] {processor.py:925} INFO - DAG(s) 'example_setup_teardown_taskflow' retrieved from /home/vscode/.local/lib/python3.10/site-packages/airflow/example_dags/example_setup_teardown_taskflow.py
[2025-01-19T04:01:22.853+0000] {logging_mixin.py:190} INFO - [2025-01-19T04:01:22.853+0000] {dag.py:3239} INFO - Sync 1 DAGs
[2025-01-19T04:01:22.863+0000] {logging_mixin.py:190} INFO - [2025-01-19T04:01:22.862+0000] {dag.py:4180} INFO - Setting next_dagrun for example_setup_teardown_taskflow to None, run_after=None
[2025-01-19T04:01:22.876+0000] {processor.py:208} INFO - Processing /home/vscode/.local/lib/python3.10/site-packages/airflow/example_dags/example_setup_teardown_taskflow.py took 0.052 seconds
[2025-01-19T04:02:15.583+0000] {processor.py:186} INFO - Started process (PID=23104) to work on /home/vscode/.local/lib/python3.10/site-packages/airflow/example_dags/example_setup_teardown_taskflow.py
[2025-01-19T04:02:15.584+0000] {processor.py:914} INFO - Processing file /home/vscode/.local/lib/python3.10/site-packages/airflow/example_dags/example_setup_teardown_taskflow.py for tasks to queue
[2025-01-19T04:02:15.586+0000] {logging_mixin.py:190} INFO - [2025-01-19T04:02:15.586+0000] {dagbag.py:588} INFO - Filling up the DagBag from /home/vscode/.local/lib/python3.10/site-packages/airflow/example_dags/example_setup_teardown_taskflow.py
[2025-01-19T04:02:15.595+0000] {processor.py:925} INFO - DAG(s) 'example_setup_teardown_taskflow' retrieved from /home/vscode/.local/lib/python3.10/site-packages/airflow/example_dags/example_setup_teardown_taskflow.py
[2025-01-19T04:02:15.608+0000] {logging_mixin.py:190} INFO - [2025-01-19T04:02:15.608+0000] {dag.py:3239} INFO - Sync 1 DAGs
[2025-01-19T04:02:15.617+0000] {logging_mixin.py:190} INFO - [2025-01-19T04:02:15.617+0000] {dag.py:4180} INFO - Setting next_dagrun for example_setup_teardown_taskflow to None, run_after=None
[2025-01-19T04:02:15.632+0000] {processor.py:208} INFO - Processing /home/vscode/.local/lib/python3.10/site-packages/airflow/example_dags/example_setup_teardown_taskflow.py took 0.053 seconds
[2025-01-19T04:03:04.428+0000] {processor.py:186} INFO - Started process (PID=23596) to work on /home/vscode/.local/lib/python3.10/site-packages/airflow/example_dags/example_setup_teardown_taskflow.py
[2025-01-19T04:03:04.429+0000] {processor.py:914} INFO - Processing file /home/vscode/.local/lib/python3.10/site-packages/airflow/example_dags/example_setup_teardown_taskflow.py for tasks to queue
[2025-01-19T04:03:04.430+0000] {logging_mixin.py:190} INFO - [2025-01-19T04:03:04.430+0000] {dagbag.py:588} INFO - Filling up the DagBag from /home/vscode/.local/lib/python3.10/site-packages/airflow/example_dags/example_setup_teardown_taskflow.py
[2025-01-19T04:03:04.439+0000] {processor.py:925} INFO - DAG(s) 'example_setup_teardown_taskflow' retrieved from /home/vscode/.local/lib/python3.10/site-packages/airflow/example_dags/example_setup_teardown_taskflow.py
[2025-01-19T04:03:04.453+0000] {logging_mixin.py:190} INFO - [2025-01-19T04:03:04.453+0000] {dag.py:3239} INFO - Sync 1 DAGs
[2025-01-19T04:03:04.462+0000] {logging_mixin.py:190} INFO - [2025-01-19T04:03:04.462+0000] {dag.py:4180} INFO - Setting next_dagrun for example_setup_teardown_taskflow to None, run_after=None
[2025-01-19T04:03:04.477+0000] {processor.py:208} INFO - Processing /home/vscode/.local/lib/python3.10/site-packages/airflow/example_dags/example_setup_teardown_taskflow.py took 0.053 seconds
