[2025-01-19T03:20:41.014+0000] {processor.py:186} INFO - Started process (PID=4958) to work on /home/vscode/.local/lib/python3.10/site-packages/airflow/example_dags/example_trigger_controller_dag.py
[2025-01-19T03:20:41.015+0000] {processor.py:914} INFO - Processing file /home/vscode/.local/lib/python3.10/site-packages/airflow/example_dags/example_trigger_controller_dag.py for tasks to queue
[2025-01-19T03:20:41.017+0000] {logging_mixin.py:190} INFO - [2025-01-19T03:20:41.016+0000] {dagbag.py:588} INFO - Filling up the DagBag from /home/vscode/.local/lib/python3.10/site-packages/airflow/example_dags/example_trigger_controller_dag.py
[2025-01-19T03:20:41.022+0000] {processor.py:925} INFO - DAG(s) 'example_trigger_controller_dag' retrieved from /home/vscode/.local/lib/python3.10/site-packages/airflow/example_dags/example_trigger_controller_dag.py
[2025-01-19T03:20:41.102+0000] {logging_mixin.py:190} INFO - [2025-01-19T03:20:41.101+0000] {override.py:1911} INFO - Created Permission View: can read on DAG:example_trigger_controller_dag
[2025-01-19T03:20:41.110+0000] {logging_mixin.py:190} INFO - [2025-01-19T03:20:41.109+0000] {override.py:1911} INFO - Created Permission View: can edit on DAG:example_trigger_controller_dag
[2025-01-19T03:20:41.116+0000] {logging_mixin.py:190} INFO - [2025-01-19T03:20:41.116+0000] {override.py:1911} INFO - Created Permission View: can delete on DAG:example_trigger_controller_dag
[2025-01-19T03:20:41.125+0000] {logging_mixin.py:190} INFO - [2025-01-19T03:20:41.125+0000] {override.py:1911} INFO - Created Permission View: menu access on DAG Run:example_trigger_controller_dag
[2025-01-19T03:20:41.132+0000] {logging_mixin.py:190} INFO - [2025-01-19T03:20:41.132+0000] {override.py:1911} INFO - Created Permission View: can read on DAG Run:example_trigger_controller_dag
[2025-01-19T03:20:41.140+0000] {logging_mixin.py:190} INFO - [2025-01-19T03:20:41.139+0000] {override.py:1911} INFO - Created Permission View: can create on DAG Run:example_trigger_controller_dag
[2025-01-19T03:20:41.146+0000] {logging_mixin.py:190} INFO - [2025-01-19T03:20:41.146+0000] {override.py:1911} INFO - Created Permission View: can delete on DAG Run:example_trigger_controller_dag
[2025-01-19T03:20:41.146+0000] {logging_mixin.py:190} INFO - [2025-01-19T03:20:41.146+0000] {dag.py:3239} INFO - Sync 1 DAGs
[2025-01-19T03:20:41.155+0000] {logging_mixin.py:190} INFO - [2025-01-19T03:20:41.155+0000] {dag.py:3262} INFO - Creating ORM DAG for example_trigger_controller_dag
[2025-01-19T03:20:41.161+0000] {logging_mixin.py:190} INFO - [2025-01-19T03:20:41.161+0000] {dag.py:4180} INFO - Setting next_dagrun for example_trigger_controller_dag to 2021-01-01 00:00:00+00:00, run_after=2021-01-01 00:00:00+00:00
[2025-01-19T03:20:41.175+0000] {processor.py:208} INFO - Processing /home/vscode/.local/lib/python3.10/site-packages/airflow/example_dags/example_trigger_controller_dag.py took 0.165 seconds
[2025-01-19T03:21:42.599+0000] {processor.py:186} INFO - Started process (PID=5514) to work on /home/vscode/.local/lib/python3.10/site-packages/airflow/example_dags/example_trigger_controller_dag.py
[2025-01-19T03:21:42.600+0000] {processor.py:914} INFO - Processing file /home/vscode/.local/lib/python3.10/site-packages/airflow/example_dags/example_trigger_controller_dag.py for tasks to queue
[2025-01-19T03:21:42.602+0000] {logging_mixin.py:190} INFO - [2025-01-19T03:21:42.602+0000] {dagbag.py:588} INFO - Filling up the DagBag from /home/vscode/.local/lib/python3.10/site-packages/airflow/example_dags/example_trigger_controller_dag.py
[2025-01-19T03:21:42.607+0000] {processor.py:925} INFO - DAG(s) 'example_trigger_controller_dag' retrieved from /home/vscode/.local/lib/python3.10/site-packages/airflow/example_dags/example_trigger_controller_dag.py
[2025-01-19T03:21:42.618+0000] {logging_mixin.py:190} INFO - [2025-01-19T03:21:42.618+0000] {dag.py:3239} INFO - Sync 1 DAGs
[2025-01-19T03:21:42.633+0000] {logging_mixin.py:190} INFO - [2025-01-19T03:21:42.633+0000] {dag.py:4180} INFO - Setting next_dagrun for example_trigger_controller_dag to 2021-01-01 00:00:00+00:00, run_after=2021-01-01 00:00:00+00:00
[2025-01-19T03:21:42.647+0000] {processor.py:208} INFO - Processing /home/vscode/.local/lib/python3.10/site-packages/airflow/example_dags/example_trigger_controller_dag.py took 0.054 seconds
[2025-01-19T03:22:35.273+0000] {processor.py:186} INFO - Started process (PID=5914) to work on /home/vscode/.local/lib/python3.10/site-packages/airflow/example_dags/example_trigger_controller_dag.py
[2025-01-19T03:22:35.274+0000] {processor.py:914} INFO - Processing file /home/vscode/.local/lib/python3.10/site-packages/airflow/example_dags/example_trigger_controller_dag.py for tasks to queue
[2025-01-19T03:22:35.276+0000] {logging_mixin.py:190} INFO - [2025-01-19T03:22:35.276+0000] {dagbag.py:588} INFO - Filling up the DagBag from /home/vscode/.local/lib/python3.10/site-packages/airflow/example_dags/example_trigger_controller_dag.py
[2025-01-19T03:22:35.282+0000] {processor.py:925} INFO - DAG(s) 'example_trigger_controller_dag' retrieved from /home/vscode/.local/lib/python3.10/site-packages/airflow/example_dags/example_trigger_controller_dag.py
[2025-01-19T03:22:35.292+0000] {logging_mixin.py:190} INFO - [2025-01-19T03:22:35.292+0000] {dag.py:3239} INFO - Sync 1 DAGs
[2025-01-19T03:22:35.307+0000] {logging_mixin.py:190} INFO - [2025-01-19T03:22:35.307+0000] {dag.py:4180} INFO - Setting next_dagrun for example_trigger_controller_dag to 2021-01-01 00:00:00+00:00, run_after=2021-01-01 00:00:00+00:00
[2025-01-19T03:22:35.321+0000] {processor.py:208} INFO - Processing /home/vscode/.local/lib/python3.10/site-packages/airflow/example_dags/example_trigger_controller_dag.py took 0.053 seconds
[2025-01-19T03:23:23.933+0000] {processor.py:186} INFO - Started process (PID=6318) to work on /home/vscode/.local/lib/python3.10/site-packages/airflow/example_dags/example_trigger_controller_dag.py
[2025-01-19T03:23:23.934+0000] {processor.py:914} INFO - Processing file /home/vscode/.local/lib/python3.10/site-packages/airflow/example_dags/example_trigger_controller_dag.py for tasks to queue
[2025-01-19T03:23:23.936+0000] {logging_mixin.py:190} INFO - [2025-01-19T03:23:23.936+0000] {dagbag.py:588} INFO - Filling up the DagBag from /home/vscode/.local/lib/python3.10/site-packages/airflow/example_dags/example_trigger_controller_dag.py
[2025-01-19T03:23:23.941+0000] {processor.py:925} INFO - DAG(s) 'example_trigger_controller_dag' retrieved from /home/vscode/.local/lib/python3.10/site-packages/airflow/example_dags/example_trigger_controller_dag.py
[2025-01-19T03:23:23.952+0000] {logging_mixin.py:190} INFO - [2025-01-19T03:23:23.952+0000] {dag.py:3239} INFO - Sync 1 DAGs
[2025-01-19T03:23:23.971+0000] {logging_mixin.py:190} INFO - [2025-01-19T03:23:23.971+0000] {dag.py:4180} INFO - Setting next_dagrun for example_trigger_controller_dag to 2021-01-01 00:00:00+00:00, run_after=2021-01-01 00:00:00+00:00
[2025-01-19T03:23:23.986+0000] {processor.py:208} INFO - Processing /home/vscode/.local/lib/python3.10/site-packages/airflow/example_dags/example_trigger_controller_dag.py took 0.058 seconds
[2025-01-19T03:24:15.868+0000] {processor.py:186} INFO - Started process (PID=6724) to work on /home/vscode/.local/lib/python3.10/site-packages/airflow/example_dags/example_trigger_controller_dag.py
[2025-01-19T03:24:15.868+0000] {processor.py:914} INFO - Processing file /home/vscode/.local/lib/python3.10/site-packages/airflow/example_dags/example_trigger_controller_dag.py for tasks to queue
[2025-01-19T03:24:15.870+0000] {logging_mixin.py:190} INFO - [2025-01-19T03:24:15.870+0000] {dagbag.py:588} INFO - Filling up the DagBag from /home/vscode/.local/lib/python3.10/site-packages/airflow/example_dags/example_trigger_controller_dag.py
[2025-01-19T03:24:15.875+0000] {processor.py:925} INFO - DAG(s) 'example_trigger_controller_dag' retrieved from /home/vscode/.local/lib/python3.10/site-packages/airflow/example_dags/example_trigger_controller_dag.py
[2025-01-19T03:24:15.886+0000] {logging_mixin.py:190} INFO - [2025-01-19T03:24:15.886+0000] {dag.py:3239} INFO - Sync 1 DAGs
[2025-01-19T03:24:15.900+0000] {logging_mixin.py:190} INFO - [2025-01-19T03:24:15.900+0000] {dag.py:4180} INFO - Setting next_dagrun for example_trigger_controller_dag to 2021-01-01 00:00:00+00:00, run_after=2021-01-01 00:00:00+00:00
[2025-01-19T03:24:15.914+0000] {processor.py:208} INFO - Processing /home/vscode/.local/lib/python3.10/site-packages/airflow/example_dags/example_trigger_controller_dag.py took 0.051 seconds
[2025-01-19T03:25:07.313+0000] {processor.py:186} INFO - Started process (PID=7121) to work on /home/vscode/.local/lib/python3.10/site-packages/airflow/example_dags/example_trigger_controller_dag.py
[2025-01-19T03:25:07.314+0000] {processor.py:914} INFO - Processing file /home/vscode/.local/lib/python3.10/site-packages/airflow/example_dags/example_trigger_controller_dag.py for tasks to queue
[2025-01-19T03:25:07.316+0000] {logging_mixin.py:190} INFO - [2025-01-19T03:25:07.315+0000] {dagbag.py:588} INFO - Filling up the DagBag from /home/vscode/.local/lib/python3.10/site-packages/airflow/example_dags/example_trigger_controller_dag.py
[2025-01-19T03:25:07.321+0000] {processor.py:925} INFO - DAG(s) 'example_trigger_controller_dag' retrieved from /home/vscode/.local/lib/python3.10/site-packages/airflow/example_dags/example_trigger_controller_dag.py
[2025-01-19T03:25:07.332+0000] {logging_mixin.py:190} INFO - [2025-01-19T03:25:07.332+0000] {dag.py:3239} INFO - Sync 1 DAGs
[2025-01-19T03:25:07.346+0000] {logging_mixin.py:190} INFO - [2025-01-19T03:25:07.346+0000] {dag.py:4180} INFO - Setting next_dagrun for example_trigger_controller_dag to 2021-01-01 00:00:00+00:00, run_after=2021-01-01 00:00:00+00:00
[2025-01-19T03:25:07.361+0000] {processor.py:208} INFO - Processing /home/vscode/.local/lib/python3.10/site-packages/airflow/example_dags/example_trigger_controller_dag.py took 0.052 seconds
[2025-01-19T03:25:57.958+0000] {processor.py:186} INFO - Started process (PID=7535) to work on /home/vscode/.local/lib/python3.10/site-packages/airflow/example_dags/example_trigger_controller_dag.py
[2025-01-19T03:25:57.959+0000] {processor.py:914} INFO - Processing file /home/vscode/.local/lib/python3.10/site-packages/airflow/example_dags/example_trigger_controller_dag.py for tasks to queue
[2025-01-19T03:25:57.961+0000] {logging_mixin.py:190} INFO - [2025-01-19T03:25:57.960+0000] {dagbag.py:588} INFO - Filling up the DagBag from /home/vscode/.local/lib/python3.10/site-packages/airflow/example_dags/example_trigger_controller_dag.py
[2025-01-19T03:25:57.966+0000] {processor.py:925} INFO - DAG(s) 'example_trigger_controller_dag' retrieved from /home/vscode/.local/lib/python3.10/site-packages/airflow/example_dags/example_trigger_controller_dag.py
[2025-01-19T03:25:57.977+0000] {logging_mixin.py:190} INFO - [2025-01-19T03:25:57.977+0000] {dag.py:3239} INFO - Sync 1 DAGs
[2025-01-19T03:25:57.992+0000] {logging_mixin.py:190} INFO - [2025-01-19T03:25:57.992+0000] {dag.py:4180} INFO - Setting next_dagrun for example_trigger_controller_dag to 2021-01-01 00:00:00+00:00, run_after=2021-01-01 00:00:00+00:00
[2025-01-19T03:25:58.007+0000] {processor.py:208} INFO - Processing /home/vscode/.local/lib/python3.10/site-packages/airflow/example_dags/example_trigger_controller_dag.py took 0.054 seconds
[2025-01-19T03:26:50.089+0000] {processor.py:186} INFO - Started process (PID=7920) to work on /home/vscode/.local/lib/python3.10/site-packages/airflow/example_dags/example_trigger_controller_dag.py
[2025-01-19T03:26:50.090+0000] {processor.py:914} INFO - Processing file /home/vscode/.local/lib/python3.10/site-packages/airflow/example_dags/example_trigger_controller_dag.py for tasks to queue
[2025-01-19T03:26:50.092+0000] {logging_mixin.py:190} INFO - [2025-01-19T03:26:50.091+0000] {dagbag.py:588} INFO - Filling up the DagBag from /home/vscode/.local/lib/python3.10/site-packages/airflow/example_dags/example_trigger_controller_dag.py
[2025-01-19T03:26:50.097+0000] {processor.py:925} INFO - DAG(s) 'example_trigger_controller_dag' retrieved from /home/vscode/.local/lib/python3.10/site-packages/airflow/example_dags/example_trigger_controller_dag.py
[2025-01-19T03:26:50.111+0000] {logging_mixin.py:190} INFO - [2025-01-19T03:26:50.111+0000] {dag.py:3239} INFO - Sync 1 DAGs
[2025-01-19T03:26:50.128+0000] {logging_mixin.py:190} INFO - [2025-01-19T03:26:50.128+0000] {dag.py:4180} INFO - Setting next_dagrun for example_trigger_controller_dag to 2021-01-01 00:00:00+00:00, run_after=2021-01-01 00:00:00+00:00
[2025-01-19T03:26:50.143+0000] {processor.py:208} INFO - Processing /home/vscode/.local/lib/python3.10/site-packages/airflow/example_dags/example_trigger_controller_dag.py took 0.058 seconds
[2025-01-19T03:27:43.797+0000] {processor.py:186} INFO - Started process (PID=8322) to work on /home/vscode/.local/lib/python3.10/site-packages/airflow/example_dags/example_trigger_controller_dag.py
[2025-01-19T03:27:43.798+0000] {processor.py:914} INFO - Processing file /home/vscode/.local/lib/python3.10/site-packages/airflow/example_dags/example_trigger_controller_dag.py for tasks to queue
[2025-01-19T03:27:43.799+0000] {logging_mixin.py:190} INFO - [2025-01-19T03:27:43.799+0000] {dagbag.py:588} INFO - Filling up the DagBag from /home/vscode/.local/lib/python3.10/site-packages/airflow/example_dags/example_trigger_controller_dag.py
[2025-01-19T03:27:43.805+0000] {processor.py:925} INFO - DAG(s) 'example_trigger_controller_dag' retrieved from /home/vscode/.local/lib/python3.10/site-packages/airflow/example_dags/example_trigger_controller_dag.py
[2025-01-19T03:27:43.815+0000] {logging_mixin.py:190} INFO - [2025-01-19T03:27:43.815+0000] {dag.py:3239} INFO - Sync 1 DAGs
[2025-01-19T03:27:43.830+0000] {logging_mixin.py:190} INFO - [2025-01-19T03:27:43.830+0000] {dag.py:4180} INFO - Setting next_dagrun for example_trigger_controller_dag to 2021-01-01 00:00:00+00:00, run_after=2021-01-01 00:00:00+00:00
[2025-01-19T03:27:43.845+0000] {processor.py:208} INFO - Processing /home/vscode/.local/lib/python3.10/site-packages/airflow/example_dags/example_trigger_controller_dag.py took 0.053 seconds
[2025-01-19T03:28:38.095+0000] {processor.py:186} INFO - Started process (PID=8827) to work on /home/vscode/.local/lib/python3.10/site-packages/airflow/example_dags/example_trigger_controller_dag.py
[2025-01-19T03:28:38.096+0000] {processor.py:914} INFO - Processing file /home/vscode/.local/lib/python3.10/site-packages/airflow/example_dags/example_trigger_controller_dag.py for tasks to queue
[2025-01-19T03:28:38.098+0000] {logging_mixin.py:190} INFO - [2025-01-19T03:28:38.098+0000] {dagbag.py:588} INFO - Filling up the DagBag from /home/vscode/.local/lib/python3.10/site-packages/airflow/example_dags/example_trigger_controller_dag.py
[2025-01-19T03:28:38.103+0000] {processor.py:925} INFO - DAG(s) 'example_trigger_controller_dag' retrieved from /home/vscode/.local/lib/python3.10/site-packages/airflow/example_dags/example_trigger_controller_dag.py
[2025-01-19T03:28:38.114+0000] {logging_mixin.py:190} INFO - [2025-01-19T03:28:38.114+0000] {dag.py:3239} INFO - Sync 1 DAGs
[2025-01-19T03:28:38.129+0000] {logging_mixin.py:190} INFO - [2025-01-19T03:28:38.128+0000] {dag.py:4180} INFO - Setting next_dagrun for example_trigger_controller_dag to 2021-01-01 00:00:00+00:00, run_after=2021-01-01 00:00:00+00:00
[2025-01-19T03:28:38.144+0000] {processor.py:208} INFO - Processing /home/vscode/.local/lib/python3.10/site-packages/airflow/example_dags/example_trigger_controller_dag.py took 0.054 seconds
[2025-01-19T03:29:29.728+0000] {processor.py:186} INFO - Started process (PID=9222) to work on /home/vscode/.local/lib/python3.10/site-packages/airflow/example_dags/example_trigger_controller_dag.py
[2025-01-19T03:29:29.729+0000] {processor.py:914} INFO - Processing file /home/vscode/.local/lib/python3.10/site-packages/airflow/example_dags/example_trigger_controller_dag.py for tasks to queue
[2025-01-19T03:29:29.730+0000] {logging_mixin.py:190} INFO - [2025-01-19T03:29:29.730+0000] {dagbag.py:588} INFO - Filling up the DagBag from /home/vscode/.local/lib/python3.10/site-packages/airflow/example_dags/example_trigger_controller_dag.py
[2025-01-19T03:29:29.736+0000] {processor.py:925} INFO - DAG(s) 'example_trigger_controller_dag' retrieved from /home/vscode/.local/lib/python3.10/site-packages/airflow/example_dags/example_trigger_controller_dag.py
[2025-01-19T03:29:29.746+0000] {logging_mixin.py:190} INFO - [2025-01-19T03:29:29.746+0000] {dag.py:3239} INFO - Sync 1 DAGs
[2025-01-19T03:29:29.760+0000] {logging_mixin.py:190} INFO - [2025-01-19T03:29:29.760+0000] {dag.py:4180} INFO - Setting next_dagrun for example_trigger_controller_dag to 2021-01-01 00:00:00+00:00, run_after=2021-01-01 00:00:00+00:00
[2025-01-19T03:29:29.775+0000] {processor.py:208} INFO - Processing /home/vscode/.local/lib/python3.10/site-packages/airflow/example_dags/example_trigger_controller_dag.py took 0.052 seconds
[2025-01-19T03:30:20.806+0000] {processor.py:186} INFO - Started process (PID=9565) to work on /home/vscode/.local/lib/python3.10/site-packages/airflow/example_dags/example_trigger_controller_dag.py
[2025-01-19T03:30:20.807+0000] {processor.py:914} INFO - Processing file /home/vscode/.local/lib/python3.10/site-packages/airflow/example_dags/example_trigger_controller_dag.py for tasks to queue
[2025-01-19T03:30:20.809+0000] {logging_mixin.py:190} INFO - [2025-01-19T03:30:20.808+0000] {dagbag.py:588} INFO - Filling up the DagBag from /home/vscode/.local/lib/python3.10/site-packages/airflow/example_dags/example_trigger_controller_dag.py
[2025-01-19T03:30:20.814+0000] {processor.py:925} INFO - DAG(s) 'example_trigger_controller_dag' retrieved from /home/vscode/.local/lib/python3.10/site-packages/airflow/example_dags/example_trigger_controller_dag.py
[2025-01-19T03:30:20.825+0000] {logging_mixin.py:190} INFO - [2025-01-19T03:30:20.825+0000] {dag.py:3239} INFO - Sync 1 DAGs
[2025-01-19T03:30:20.839+0000] {logging_mixin.py:190} INFO - [2025-01-19T03:30:20.839+0000] {dag.py:4180} INFO - Setting next_dagrun for example_trigger_controller_dag to 2021-01-01 00:00:00+00:00, run_after=2021-01-01 00:00:00+00:00
[2025-01-19T03:30:20.853+0000] {processor.py:208} INFO - Processing /home/vscode/.local/lib/python3.10/site-packages/airflow/example_dags/example_trigger_controller_dag.py took 0.052 seconds
[2025-01-19T03:31:06.620+0000] {processor.py:186} INFO - Started process (PID=9873) to work on /home/vscode/.local/lib/python3.10/site-packages/airflow/example_dags/example_trigger_controller_dag.py
[2025-01-19T03:31:06.621+0000] {processor.py:914} INFO - Processing file /home/vscode/.local/lib/python3.10/site-packages/airflow/example_dags/example_trigger_controller_dag.py for tasks to queue
[2025-01-19T03:31:06.623+0000] {logging_mixin.py:190} INFO - [2025-01-19T03:31:06.623+0000] {dagbag.py:588} INFO - Filling up the DagBag from /home/vscode/.local/lib/python3.10/site-packages/airflow/example_dags/example_trigger_controller_dag.py
[2025-01-19T03:31:06.628+0000] {processor.py:925} INFO - DAG(s) 'example_trigger_controller_dag' retrieved from /home/vscode/.local/lib/python3.10/site-packages/airflow/example_dags/example_trigger_controller_dag.py
[2025-01-19T03:31:06.638+0000] {logging_mixin.py:190} INFO - [2025-01-19T03:31:06.638+0000] {dag.py:3239} INFO - Sync 1 DAGs
[2025-01-19T03:31:06.653+0000] {logging_mixin.py:190} INFO - [2025-01-19T03:31:06.652+0000] {dag.py:4180} INFO - Setting next_dagrun for example_trigger_controller_dag to 2021-01-01 00:00:00+00:00, run_after=2021-01-01 00:00:00+00:00
[2025-01-19T03:31:06.667+0000] {processor.py:208} INFO - Processing /home/vscode/.local/lib/python3.10/site-packages/airflow/example_dags/example_trigger_controller_dag.py took 0.051 seconds
[2025-01-19T03:31:55.194+0000] {processor.py:186} INFO - Started process (PID=10204) to work on /home/vscode/.local/lib/python3.10/site-packages/airflow/example_dags/example_trigger_controller_dag.py
[2025-01-19T03:31:55.194+0000] {processor.py:914} INFO - Processing file /home/vscode/.local/lib/python3.10/site-packages/airflow/example_dags/example_trigger_controller_dag.py for tasks to queue
[2025-01-19T03:31:55.196+0000] {logging_mixin.py:190} INFO - [2025-01-19T03:31:55.195+0000] {dagbag.py:588} INFO - Filling up the DagBag from /home/vscode/.local/lib/python3.10/site-packages/airflow/example_dags/example_trigger_controller_dag.py
[2025-01-19T03:31:55.201+0000] {processor.py:925} INFO - DAG(s) 'example_trigger_controller_dag' retrieved from /home/vscode/.local/lib/python3.10/site-packages/airflow/example_dags/example_trigger_controller_dag.py
[2025-01-19T03:31:55.211+0000] {logging_mixin.py:190} INFO - [2025-01-19T03:31:55.211+0000] {dag.py:3239} INFO - Sync 1 DAGs
[2025-01-19T03:31:55.226+0000] {logging_mixin.py:190} INFO - [2025-01-19T03:31:55.226+0000] {dag.py:4180} INFO - Setting next_dagrun for example_trigger_controller_dag to 2021-01-01 00:00:00+00:00, run_after=2021-01-01 00:00:00+00:00
[2025-01-19T03:31:55.240+0000] {processor.py:208} INFO - Processing /home/vscode/.local/lib/python3.10/site-packages/airflow/example_dags/example_trigger_controller_dag.py took 0.050 seconds
[2025-01-19T03:32:46.033+0000] {processor.py:186} INFO - Started process (PID=10681) to work on /home/vscode/.local/lib/python3.10/site-packages/airflow/example_dags/example_trigger_controller_dag.py
[2025-01-19T03:32:46.034+0000] {processor.py:914} INFO - Processing file /home/vscode/.local/lib/python3.10/site-packages/airflow/example_dags/example_trigger_controller_dag.py for tasks to queue
[2025-01-19T03:32:46.035+0000] {logging_mixin.py:190} INFO - [2025-01-19T03:32:46.035+0000] {dagbag.py:588} INFO - Filling up the DagBag from /home/vscode/.local/lib/python3.10/site-packages/airflow/example_dags/example_trigger_controller_dag.py
[2025-01-19T03:32:46.041+0000] {processor.py:925} INFO - DAG(s) 'example_trigger_controller_dag' retrieved from /home/vscode/.local/lib/python3.10/site-packages/airflow/example_dags/example_trigger_controller_dag.py
[2025-01-19T03:32:46.051+0000] {logging_mixin.py:190} INFO - [2025-01-19T03:32:46.051+0000] {dag.py:3239} INFO - Sync 1 DAGs
[2025-01-19T03:32:46.065+0000] {logging_mixin.py:190} INFO - [2025-01-19T03:32:46.064+0000] {dag.py:4180} INFO - Setting next_dagrun for example_trigger_controller_dag to 2021-01-01 00:00:00+00:00, run_after=2021-01-01 00:00:00+00:00
[2025-01-19T03:32:46.080+0000] {processor.py:208} INFO - Processing /home/vscode/.local/lib/python3.10/site-packages/airflow/example_dags/example_trigger_controller_dag.py took 0.051 seconds
[2025-01-19T03:33:38.652+0000] {processor.py:186} INFO - Started process (PID=11053) to work on /home/vscode/.local/lib/python3.10/site-packages/airflow/example_dags/example_trigger_controller_dag.py
[2025-01-19T03:33:38.653+0000] {processor.py:914} INFO - Processing file /home/vscode/.local/lib/python3.10/site-packages/airflow/example_dags/example_trigger_controller_dag.py for tasks to queue
[2025-01-19T03:33:38.655+0000] {logging_mixin.py:190} INFO - [2025-01-19T03:33:38.654+0000] {dagbag.py:588} INFO - Filling up the DagBag from /home/vscode/.local/lib/python3.10/site-packages/airflow/example_dags/example_trigger_controller_dag.py
[2025-01-19T03:33:38.660+0000] {processor.py:925} INFO - DAG(s) 'example_trigger_controller_dag' retrieved from /home/vscode/.local/lib/python3.10/site-packages/airflow/example_dags/example_trigger_controller_dag.py
[2025-01-19T03:33:38.670+0000] {logging_mixin.py:190} INFO - [2025-01-19T03:33:38.670+0000] {dag.py:3239} INFO - Sync 1 DAGs
[2025-01-19T03:33:38.685+0000] {logging_mixin.py:190} INFO - [2025-01-19T03:33:38.685+0000] {dag.py:4180} INFO - Setting next_dagrun for example_trigger_controller_dag to 2021-01-01 00:00:00+00:00, run_after=2021-01-01 00:00:00+00:00
[2025-01-19T03:33:38.699+0000] {processor.py:208} INFO - Processing /home/vscode/.local/lib/python3.10/site-packages/airflow/example_dags/example_trigger_controller_dag.py took 0.051 seconds
[2025-01-19T03:34:27.680+0000] {processor.py:186} INFO - Started process (PID=11393) to work on /home/vscode/.local/lib/python3.10/site-packages/airflow/example_dags/example_trigger_controller_dag.py
[2025-01-19T03:34:27.681+0000] {processor.py:914} INFO - Processing file /home/vscode/.local/lib/python3.10/site-packages/airflow/example_dags/example_trigger_controller_dag.py for tasks to queue
[2025-01-19T03:34:27.682+0000] {logging_mixin.py:190} INFO - [2025-01-19T03:34:27.682+0000] {dagbag.py:588} INFO - Filling up the DagBag from /home/vscode/.local/lib/python3.10/site-packages/airflow/example_dags/example_trigger_controller_dag.py
[2025-01-19T03:34:27.688+0000] {processor.py:925} INFO - DAG(s) 'example_trigger_controller_dag' retrieved from /home/vscode/.local/lib/python3.10/site-packages/airflow/example_dags/example_trigger_controller_dag.py
[2025-01-19T03:34:27.698+0000] {logging_mixin.py:190} INFO - [2025-01-19T03:34:27.698+0000] {dag.py:3239} INFO - Sync 1 DAGs
[2025-01-19T03:34:27.712+0000] {logging_mixin.py:190} INFO - [2025-01-19T03:34:27.712+0000] {dag.py:4180} INFO - Setting next_dagrun for example_trigger_controller_dag to 2021-01-01 00:00:00+00:00, run_after=2021-01-01 00:00:00+00:00
[2025-01-19T03:34:27.727+0000] {processor.py:208} INFO - Processing /home/vscode/.local/lib/python3.10/site-packages/airflow/example_dags/example_trigger_controller_dag.py took 0.051 seconds
[2025-01-19T03:35:16.932+0000] {processor.py:186} INFO - Started process (PID=11802) to work on /home/vscode/.local/lib/python3.10/site-packages/airflow/example_dags/example_trigger_controller_dag.py
[2025-01-19T03:35:16.933+0000] {processor.py:914} INFO - Processing file /home/vscode/.local/lib/python3.10/site-packages/airflow/example_dags/example_trigger_controller_dag.py for tasks to queue
[2025-01-19T03:35:16.935+0000] {logging_mixin.py:190} INFO - [2025-01-19T03:35:16.934+0000] {dagbag.py:588} INFO - Filling up the DagBag from /home/vscode/.local/lib/python3.10/site-packages/airflow/example_dags/example_trigger_controller_dag.py
[2025-01-19T03:35:16.940+0000] {processor.py:925} INFO - DAG(s) 'example_trigger_controller_dag' retrieved from /home/vscode/.local/lib/python3.10/site-packages/airflow/example_dags/example_trigger_controller_dag.py
[2025-01-19T03:35:16.951+0000] {logging_mixin.py:190} INFO - [2025-01-19T03:35:16.951+0000] {dag.py:3239} INFO - Sync 1 DAGs
[2025-01-19T03:35:16.966+0000] {logging_mixin.py:190} INFO - [2025-01-19T03:35:16.966+0000] {dag.py:4180} INFO - Setting next_dagrun for example_trigger_controller_dag to 2021-01-01 00:00:00+00:00, run_after=2021-01-01 00:00:00+00:00
[2025-01-19T03:35:16.980+0000] {processor.py:208} INFO - Processing /home/vscode/.local/lib/python3.10/site-packages/airflow/example_dags/example_trigger_controller_dag.py took 0.052 seconds
[2025-01-19T03:36:07.658+0000] {processor.py:186} INFO - Started process (PID=12193) to work on /home/vscode/.local/lib/python3.10/site-packages/airflow/example_dags/example_trigger_controller_dag.py
[2025-01-19T03:36:07.659+0000] {processor.py:914} INFO - Processing file /home/vscode/.local/lib/python3.10/site-packages/airflow/example_dags/example_trigger_controller_dag.py for tasks to queue
[2025-01-19T03:36:07.661+0000] {logging_mixin.py:190} INFO - [2025-01-19T03:36:07.660+0000] {dagbag.py:588} INFO - Filling up the DagBag from /home/vscode/.local/lib/python3.10/site-packages/airflow/example_dags/example_trigger_controller_dag.py
[2025-01-19T03:36:07.666+0000] {processor.py:925} INFO - DAG(s) 'example_trigger_controller_dag' retrieved from /home/vscode/.local/lib/python3.10/site-packages/airflow/example_dags/example_trigger_controller_dag.py
[2025-01-19T03:36:07.676+0000] {logging_mixin.py:190} INFO - [2025-01-19T03:36:07.676+0000] {dag.py:3239} INFO - Sync 1 DAGs
[2025-01-19T03:36:07.691+0000] {logging_mixin.py:190} INFO - [2025-01-19T03:36:07.691+0000] {dag.py:4180} INFO - Setting next_dagrun for example_trigger_controller_dag to 2021-01-01 00:00:00+00:00, run_after=2021-01-01 00:00:00+00:00
[2025-01-19T03:36:07.705+0000] {processor.py:208} INFO - Processing /home/vscode/.local/lib/python3.10/site-packages/airflow/example_dags/example_trigger_controller_dag.py took 0.051 seconds
[2025-01-19T03:36:56.682+0000] {processor.py:186} INFO - Started process (PID=12523) to work on /home/vscode/.local/lib/python3.10/site-packages/airflow/example_dags/example_trigger_controller_dag.py
[2025-01-19T03:36:56.683+0000] {processor.py:914} INFO - Processing file /home/vscode/.local/lib/python3.10/site-packages/airflow/example_dags/example_trigger_controller_dag.py for tasks to queue
[2025-01-19T03:36:56.684+0000] {logging_mixin.py:190} INFO - [2025-01-19T03:36:56.684+0000] {dagbag.py:588} INFO - Filling up the DagBag from /home/vscode/.local/lib/python3.10/site-packages/airflow/example_dags/example_trigger_controller_dag.py
[2025-01-19T03:36:56.690+0000] {processor.py:925} INFO - DAG(s) 'example_trigger_controller_dag' retrieved from /home/vscode/.local/lib/python3.10/site-packages/airflow/example_dags/example_trigger_controller_dag.py
[2025-01-19T03:36:56.700+0000] {logging_mixin.py:190} INFO - [2025-01-19T03:36:56.700+0000] {dag.py:3239} INFO - Sync 1 DAGs
[2025-01-19T03:36:56.715+0000] {logging_mixin.py:190} INFO - [2025-01-19T03:36:56.714+0000] {dag.py:4180} INFO - Setting next_dagrun for example_trigger_controller_dag to 2021-01-01 00:00:00+00:00, run_after=2021-01-01 00:00:00+00:00
[2025-01-19T03:36:56.730+0000] {processor.py:208} INFO - Processing /home/vscode/.local/lib/python3.10/site-packages/airflow/example_dags/example_trigger_controller_dag.py took 0.053 seconds
[2025-01-19T03:37:48.059+0000] {processor.py:186} INFO - Started process (PID=12874) to work on /home/vscode/.local/lib/python3.10/site-packages/airflow/example_dags/example_trigger_controller_dag.py
[2025-01-19T03:37:48.060+0000] {processor.py:914} INFO - Processing file /home/vscode/.local/lib/python3.10/site-packages/airflow/example_dags/example_trigger_controller_dag.py for tasks to queue
[2025-01-19T03:37:48.061+0000] {logging_mixin.py:190} INFO - [2025-01-19T03:37:48.061+0000] {dagbag.py:588} INFO - Filling up the DagBag from /home/vscode/.local/lib/python3.10/site-packages/airflow/example_dags/example_trigger_controller_dag.py
[2025-01-19T03:37:48.067+0000] {processor.py:925} INFO - DAG(s) 'example_trigger_controller_dag' retrieved from /home/vscode/.local/lib/python3.10/site-packages/airflow/example_dags/example_trigger_controller_dag.py
[2025-01-19T03:37:48.077+0000] {logging_mixin.py:190} INFO - [2025-01-19T03:37:48.077+0000] {dag.py:3239} INFO - Sync 1 DAGs
[2025-01-19T03:37:48.092+0000] {logging_mixin.py:190} INFO - [2025-01-19T03:37:48.092+0000] {dag.py:4180} INFO - Setting next_dagrun for example_trigger_controller_dag to 2021-01-01 00:00:00+00:00, run_after=2021-01-01 00:00:00+00:00
[2025-01-19T03:37:48.106+0000] {processor.py:208} INFO - Processing /home/vscode/.local/lib/python3.10/site-packages/airflow/example_dags/example_trigger_controller_dag.py took 0.052 seconds
[2025-01-19T03:38:37.039+0000] {processor.py:186} INFO - Started process (PID=13209) to work on /home/vscode/.local/lib/python3.10/site-packages/airflow/example_dags/example_trigger_controller_dag.py
[2025-01-19T03:38:37.040+0000] {processor.py:914} INFO - Processing file /home/vscode/.local/lib/python3.10/site-packages/airflow/example_dags/example_trigger_controller_dag.py for tasks to queue
[2025-01-19T03:38:37.042+0000] {logging_mixin.py:190} INFO - [2025-01-19T03:38:37.041+0000] {dagbag.py:588} INFO - Filling up the DagBag from /home/vscode/.local/lib/python3.10/site-packages/airflow/example_dags/example_trigger_controller_dag.py
[2025-01-19T03:38:37.047+0000] {processor.py:925} INFO - DAG(s) 'example_trigger_controller_dag' retrieved from /home/vscode/.local/lib/python3.10/site-packages/airflow/example_dags/example_trigger_controller_dag.py
[2025-01-19T03:38:37.057+0000] {logging_mixin.py:190} INFO - [2025-01-19T03:38:37.057+0000] {dag.py:3239} INFO - Sync 1 DAGs
[2025-01-19T03:38:37.071+0000] {logging_mixin.py:190} INFO - [2025-01-19T03:38:37.071+0000] {dag.py:4180} INFO - Setting next_dagrun for example_trigger_controller_dag to 2021-01-01 00:00:00+00:00, run_after=2021-01-01 00:00:00+00:00
[2025-01-19T03:38:37.085+0000] {processor.py:208} INFO - Processing /home/vscode/.local/lib/python3.10/site-packages/airflow/example_dags/example_trigger_controller_dag.py took 0.051 seconds
[2025-01-19T03:39:26.775+0000] {processor.py:186} INFO - Started process (PID=13540) to work on /home/vscode/.local/lib/python3.10/site-packages/airflow/example_dags/example_trigger_controller_dag.py
[2025-01-19T03:39:26.776+0000] {processor.py:914} INFO - Processing file /home/vscode/.local/lib/python3.10/site-packages/airflow/example_dags/example_trigger_controller_dag.py for tasks to queue
[2025-01-19T03:39:26.777+0000] {logging_mixin.py:190} INFO - [2025-01-19T03:39:26.777+0000] {dagbag.py:588} INFO - Filling up the DagBag from /home/vscode/.local/lib/python3.10/site-packages/airflow/example_dags/example_trigger_controller_dag.py
[2025-01-19T03:39:26.783+0000] {processor.py:925} INFO - DAG(s) 'example_trigger_controller_dag' retrieved from /home/vscode/.local/lib/python3.10/site-packages/airflow/example_dags/example_trigger_controller_dag.py
[2025-01-19T03:39:26.793+0000] {logging_mixin.py:190} INFO - [2025-01-19T03:39:26.793+0000] {dag.py:3239} INFO - Sync 1 DAGs
[2025-01-19T03:39:26.808+0000] {logging_mixin.py:190} INFO - [2025-01-19T03:39:26.808+0000] {dag.py:4180} INFO - Setting next_dagrun for example_trigger_controller_dag to 2021-01-01 00:00:00+00:00, run_after=2021-01-01 00:00:00+00:00
[2025-01-19T03:39:26.822+0000] {processor.py:208} INFO - Processing /home/vscode/.local/lib/python3.10/site-packages/airflow/example_dags/example_trigger_controller_dag.py took 0.052 seconds
[2025-01-19T03:40:18.775+0000] {processor.py:186} INFO - Started process (PID=13891) to work on /home/vscode/.local/lib/python3.10/site-packages/airflow/example_dags/example_trigger_controller_dag.py
[2025-01-19T03:40:18.776+0000] {processor.py:914} INFO - Processing file /home/vscode/.local/lib/python3.10/site-packages/airflow/example_dags/example_trigger_controller_dag.py for tasks to queue
[2025-01-19T03:40:18.777+0000] {logging_mixin.py:190} INFO - [2025-01-19T03:40:18.777+0000] {dagbag.py:588} INFO - Filling up the DagBag from /home/vscode/.local/lib/python3.10/site-packages/airflow/example_dags/example_trigger_controller_dag.py
[2025-01-19T03:40:18.783+0000] {processor.py:925} INFO - DAG(s) 'example_trigger_controller_dag' retrieved from /home/vscode/.local/lib/python3.10/site-packages/airflow/example_dags/example_trigger_controller_dag.py
[2025-01-19T03:40:18.794+0000] {logging_mixin.py:190} INFO - [2025-01-19T03:40:18.794+0000] {dag.py:3239} INFO - Sync 1 DAGs
[2025-01-19T03:40:18.812+0000] {logging_mixin.py:190} INFO - [2025-01-19T03:40:18.812+0000] {dag.py:4180} INFO - Setting next_dagrun for example_trigger_controller_dag to 2021-01-01 00:00:00+00:00, run_after=2021-01-01 00:00:00+00:00
[2025-01-19T03:40:18.827+0000] {processor.py:208} INFO - Processing /home/vscode/.local/lib/python3.10/site-packages/airflow/example_dags/example_trigger_controller_dag.py took 0.056 seconds
[2025-01-19T03:41:08.425+0000] {processor.py:186} INFO - Started process (PID=14225) to work on /home/vscode/.local/lib/python3.10/site-packages/airflow/example_dags/example_trigger_controller_dag.py
[2025-01-19T03:41:08.426+0000] {processor.py:914} INFO - Processing file /home/vscode/.local/lib/python3.10/site-packages/airflow/example_dags/example_trigger_controller_dag.py for tasks to queue
[2025-01-19T03:41:08.427+0000] {logging_mixin.py:190} INFO - [2025-01-19T03:41:08.427+0000] {dagbag.py:588} INFO - Filling up the DagBag from /home/vscode/.local/lib/python3.10/site-packages/airflow/example_dags/example_trigger_controller_dag.py
[2025-01-19T03:41:08.432+0000] {processor.py:925} INFO - DAG(s) 'example_trigger_controller_dag' retrieved from /home/vscode/.local/lib/python3.10/site-packages/airflow/example_dags/example_trigger_controller_dag.py
[2025-01-19T03:41:08.443+0000] {logging_mixin.py:190} INFO - [2025-01-19T03:41:08.443+0000] {dag.py:3239} INFO - Sync 1 DAGs
[2025-01-19T03:41:08.458+0000] {logging_mixin.py:190} INFO - [2025-01-19T03:41:08.458+0000] {dag.py:4180} INFO - Setting next_dagrun for example_trigger_controller_dag to 2021-01-01 00:00:00+00:00, run_after=2021-01-01 00:00:00+00:00
[2025-01-19T03:41:08.474+0000] {processor.py:208} INFO - Processing /home/vscode/.local/lib/python3.10/site-packages/airflow/example_dags/example_trigger_controller_dag.py took 0.053 seconds
[2025-01-19T03:42:00.123+0000] {processor.py:186} INFO - Started process (PID=14573) to work on /home/vscode/.local/lib/python3.10/site-packages/airflow/example_dags/example_trigger_controller_dag.py
[2025-01-19T03:42:00.123+0000] {processor.py:914} INFO - Processing file /home/vscode/.local/lib/python3.10/site-packages/airflow/example_dags/example_trigger_controller_dag.py for tasks to queue
[2025-01-19T03:42:00.125+0000] {logging_mixin.py:190} INFO - [2025-01-19T03:42:00.125+0000] {dagbag.py:588} INFO - Filling up the DagBag from /home/vscode/.local/lib/python3.10/site-packages/airflow/example_dags/example_trigger_controller_dag.py
[2025-01-19T03:42:00.131+0000] {processor.py:925} INFO - DAG(s) 'example_trigger_controller_dag' retrieved from /home/vscode/.local/lib/python3.10/site-packages/airflow/example_dags/example_trigger_controller_dag.py
[2025-01-19T03:42:00.142+0000] {logging_mixin.py:190} INFO - [2025-01-19T03:42:00.141+0000] {dag.py:3239} INFO - Sync 1 DAGs
[2025-01-19T03:42:00.156+0000] {logging_mixin.py:190} INFO - [2025-01-19T03:42:00.156+0000] {dag.py:4180} INFO - Setting next_dagrun for example_trigger_controller_dag to 2021-01-01 00:00:00+00:00, run_after=2021-01-01 00:00:00+00:00
[2025-01-19T03:42:00.170+0000] {processor.py:208} INFO - Processing /home/vscode/.local/lib/python3.10/site-packages/airflow/example_dags/example_trigger_controller_dag.py took 0.054 seconds
[2025-01-19T03:42:50.677+0000] {processor.py:186} INFO - Started process (PID=14915) to work on /home/vscode/.local/lib/python3.10/site-packages/airflow/example_dags/example_trigger_controller_dag.py
[2025-01-19T03:42:50.677+0000] {processor.py:914} INFO - Processing file /home/vscode/.local/lib/python3.10/site-packages/airflow/example_dags/example_trigger_controller_dag.py for tasks to queue
[2025-01-19T03:42:50.679+0000] {logging_mixin.py:190} INFO - [2025-01-19T03:42:50.679+0000] {dagbag.py:588} INFO - Filling up the DagBag from /home/vscode/.local/lib/python3.10/site-packages/airflow/example_dags/example_trigger_controller_dag.py
[2025-01-19T03:42:50.685+0000] {processor.py:925} INFO - DAG(s) 'example_trigger_controller_dag' retrieved from /home/vscode/.local/lib/python3.10/site-packages/airflow/example_dags/example_trigger_controller_dag.py
[2025-01-19T03:42:50.695+0000] {logging_mixin.py:190} INFO - [2025-01-19T03:42:50.695+0000] {dag.py:3239} INFO - Sync 1 DAGs
[2025-01-19T03:42:50.710+0000] {logging_mixin.py:190} INFO - [2025-01-19T03:42:50.710+0000] {dag.py:4180} INFO - Setting next_dagrun for example_trigger_controller_dag to 2021-01-01 00:00:00+00:00, run_after=2021-01-01 00:00:00+00:00
[2025-01-19T03:42:50.725+0000] {processor.py:208} INFO - Processing /home/vscode/.local/lib/python3.10/site-packages/airflow/example_dags/example_trigger_controller_dag.py took 0.053 seconds
[2025-01-19T03:43:41.353+0000] {processor.py:186} INFO - Started process (PID=15262) to work on /home/vscode/.local/lib/python3.10/site-packages/airflow/example_dags/example_trigger_controller_dag.py
[2025-01-19T03:43:41.354+0000] {processor.py:914} INFO - Processing file /home/vscode/.local/lib/python3.10/site-packages/airflow/example_dags/example_trigger_controller_dag.py for tasks to queue
[2025-01-19T03:43:41.356+0000] {logging_mixin.py:190} INFO - [2025-01-19T03:43:41.355+0000] {dagbag.py:588} INFO - Filling up the DagBag from /home/vscode/.local/lib/python3.10/site-packages/airflow/example_dags/example_trigger_controller_dag.py
[2025-01-19T03:43:41.361+0000] {processor.py:925} INFO - DAG(s) 'example_trigger_controller_dag' retrieved from /home/vscode/.local/lib/python3.10/site-packages/airflow/example_dags/example_trigger_controller_dag.py
[2025-01-19T03:43:41.372+0000] {logging_mixin.py:190} INFO - [2025-01-19T03:43:41.372+0000] {dag.py:3239} INFO - Sync 1 DAGs
[2025-01-19T03:43:41.387+0000] {logging_mixin.py:190} INFO - [2025-01-19T03:43:41.387+0000] {dag.py:4180} INFO - Setting next_dagrun for example_trigger_controller_dag to 2021-01-01 00:00:00+00:00, run_after=2021-01-01 00:00:00+00:00
[2025-01-19T03:43:41.402+0000] {processor.py:208} INFO - Processing /home/vscode/.local/lib/python3.10/site-packages/airflow/example_dags/example_trigger_controller_dag.py took 0.053 seconds
[2025-01-19T03:44:34.900+0000] {processor.py:186} INFO - Started process (PID=15619) to work on /home/vscode/.local/lib/python3.10/site-packages/airflow/example_dags/example_trigger_controller_dag.py
[2025-01-19T03:44:34.901+0000] {processor.py:914} INFO - Processing file /home/vscode/.local/lib/python3.10/site-packages/airflow/example_dags/example_trigger_controller_dag.py for tasks to queue
[2025-01-19T03:44:34.903+0000] {logging_mixin.py:190} INFO - [2025-01-19T03:44:34.902+0000] {dagbag.py:588} INFO - Filling up the DagBag from /home/vscode/.local/lib/python3.10/site-packages/airflow/example_dags/example_trigger_controller_dag.py
[2025-01-19T03:44:34.909+0000] {processor.py:925} INFO - DAG(s) 'example_trigger_controller_dag' retrieved from /home/vscode/.local/lib/python3.10/site-packages/airflow/example_dags/example_trigger_controller_dag.py
[2025-01-19T03:44:34.920+0000] {logging_mixin.py:190} INFO - [2025-01-19T03:44:34.919+0000] {dag.py:3239} INFO - Sync 1 DAGs
[2025-01-19T03:44:34.934+0000] {logging_mixin.py:190} INFO - [2025-01-19T03:44:34.934+0000] {dag.py:4180} INFO - Setting next_dagrun for example_trigger_controller_dag to 2021-01-01 00:00:00+00:00, run_after=2021-01-01 00:00:00+00:00
[2025-01-19T03:44:34.948+0000] {processor.py:208} INFO - Processing /home/vscode/.local/lib/python3.10/site-packages/airflow/example_dags/example_trigger_controller_dag.py took 0.053 seconds
[2025-01-19T03:45:28.507+0000] {processor.py:186} INFO - Started process (PID=15973) to work on /home/vscode/.local/lib/python3.10/site-packages/airflow/example_dags/example_trigger_controller_dag.py
[2025-01-19T03:45:28.508+0000] {processor.py:914} INFO - Processing file /home/vscode/.local/lib/python3.10/site-packages/airflow/example_dags/example_trigger_controller_dag.py for tasks to queue
[2025-01-19T03:45:28.510+0000] {logging_mixin.py:190} INFO - [2025-01-19T03:45:28.509+0000] {dagbag.py:588} INFO - Filling up the DagBag from /home/vscode/.local/lib/python3.10/site-packages/airflow/example_dags/example_trigger_controller_dag.py
[2025-01-19T03:45:28.515+0000] {processor.py:925} INFO - DAG(s) 'example_trigger_controller_dag' retrieved from /home/vscode/.local/lib/python3.10/site-packages/airflow/example_dags/example_trigger_controller_dag.py
[2025-01-19T03:45:28.526+0000] {logging_mixin.py:190} INFO - [2025-01-19T03:45:28.525+0000] {dag.py:3239} INFO - Sync 1 DAGs
[2025-01-19T03:45:28.540+0000] {logging_mixin.py:190} INFO - [2025-01-19T03:45:28.540+0000] {dag.py:4180} INFO - Setting next_dagrun for example_trigger_controller_dag to 2021-01-01 00:00:00+00:00, run_after=2021-01-01 00:00:00+00:00
[2025-01-19T03:45:28.555+0000] {processor.py:208} INFO - Processing /home/vscode/.local/lib/python3.10/site-packages/airflow/example_dags/example_trigger_controller_dag.py took 0.053 seconds
[2025-01-19T03:46:16.526+0000] {processor.py:186} INFO - Started process (PID=16304) to work on /home/vscode/.local/lib/python3.10/site-packages/airflow/example_dags/example_trigger_controller_dag.py
[2025-01-19T03:46:16.527+0000] {processor.py:914} INFO - Processing file /home/vscode/.local/lib/python3.10/site-packages/airflow/example_dags/example_trigger_controller_dag.py for tasks to queue
[2025-01-19T03:46:16.528+0000] {logging_mixin.py:190} INFO - [2025-01-19T03:46:16.528+0000] {dagbag.py:588} INFO - Filling up the DagBag from /home/vscode/.local/lib/python3.10/site-packages/airflow/example_dags/example_trigger_controller_dag.py
[2025-01-19T03:46:16.534+0000] {processor.py:925} INFO - DAG(s) 'example_trigger_controller_dag' retrieved from /home/vscode/.local/lib/python3.10/site-packages/airflow/example_dags/example_trigger_controller_dag.py
[2025-01-19T03:46:16.545+0000] {logging_mixin.py:190} INFO - [2025-01-19T03:46:16.545+0000] {dag.py:3239} INFO - Sync 1 DAGs
[2025-01-19T03:46:16.560+0000] {logging_mixin.py:190} INFO - [2025-01-19T03:46:16.560+0000] {dag.py:4180} INFO - Setting next_dagrun for example_trigger_controller_dag to 2021-01-01 00:00:00+00:00, run_after=2021-01-01 00:00:00+00:00
[2025-01-19T03:46:16.574+0000] {processor.py:208} INFO - Processing /home/vscode/.local/lib/python3.10/site-packages/airflow/example_dags/example_trigger_controller_dag.py took 0.052 seconds
[2025-01-19T03:47:10.128+0000] {processor.py:186} INFO - Started process (PID=16663) to work on /home/vscode/.local/lib/python3.10/site-packages/airflow/example_dags/example_trigger_controller_dag.py
[2025-01-19T03:47:10.129+0000] {processor.py:914} INFO - Processing file /home/vscode/.local/lib/python3.10/site-packages/airflow/example_dags/example_trigger_controller_dag.py for tasks to queue
[2025-01-19T03:47:10.131+0000] {logging_mixin.py:190} INFO - [2025-01-19T03:47:10.131+0000] {dagbag.py:588} INFO - Filling up the DagBag from /home/vscode/.local/lib/python3.10/site-packages/airflow/example_dags/example_trigger_controller_dag.py
[2025-01-19T03:47:10.137+0000] {processor.py:925} INFO - DAG(s) 'example_trigger_controller_dag' retrieved from /home/vscode/.local/lib/python3.10/site-packages/airflow/example_dags/example_trigger_controller_dag.py
[2025-01-19T03:47:10.147+0000] {logging_mixin.py:190} INFO - [2025-01-19T03:47:10.147+0000] {dag.py:3239} INFO - Sync 1 DAGs
[2025-01-19T03:47:10.161+0000] {logging_mixin.py:190} INFO - [2025-01-19T03:47:10.161+0000] {dag.py:4180} INFO - Setting next_dagrun for example_trigger_controller_dag to 2021-01-01 00:00:00+00:00, run_after=2021-01-01 00:00:00+00:00
[2025-01-19T03:47:10.176+0000] {processor.py:208} INFO - Processing /home/vscode/.local/lib/python3.10/site-packages/airflow/example_dags/example_trigger_controller_dag.py took 0.052 seconds
[2025-01-19T03:48:00.534+0000] {processor.py:186} INFO - Started process (PID=17010) to work on /home/vscode/.local/lib/python3.10/site-packages/airflow/example_dags/example_trigger_controller_dag.py
[2025-01-19T03:48:00.535+0000] {processor.py:914} INFO - Processing file /home/vscode/.local/lib/python3.10/site-packages/airflow/example_dags/example_trigger_controller_dag.py for tasks to queue
[2025-01-19T03:48:00.537+0000] {logging_mixin.py:190} INFO - [2025-01-19T03:48:00.537+0000] {dagbag.py:588} INFO - Filling up the DagBag from /home/vscode/.local/lib/python3.10/site-packages/airflow/example_dags/example_trigger_controller_dag.py
[2025-01-19T03:48:00.542+0000] {processor.py:925} INFO - DAG(s) 'example_trigger_controller_dag' retrieved from /home/vscode/.local/lib/python3.10/site-packages/airflow/example_dags/example_trigger_controller_dag.py
[2025-01-19T03:48:00.553+0000] {logging_mixin.py:190} INFO - [2025-01-19T03:48:00.553+0000] {dag.py:3239} INFO - Sync 1 DAGs
[2025-01-19T03:48:00.568+0000] {logging_mixin.py:190} INFO - [2025-01-19T03:48:00.568+0000] {dag.py:4180} INFO - Setting next_dagrun for example_trigger_controller_dag to 2021-01-01 00:00:00+00:00, run_after=2021-01-01 00:00:00+00:00
[2025-01-19T03:48:00.582+0000] {processor.py:208} INFO - Processing /home/vscode/.local/lib/python3.10/site-packages/airflow/example_dags/example_trigger_controller_dag.py took 0.052 seconds
[2025-01-19T03:48:51.171+0000] {processor.py:186} INFO - Started process (PID=17395) to work on /home/vscode/.local/lib/python3.10/site-packages/airflow/example_dags/example_trigger_controller_dag.py
[2025-01-19T03:48:51.172+0000] {processor.py:914} INFO - Processing file /home/vscode/.local/lib/python3.10/site-packages/airflow/example_dags/example_trigger_controller_dag.py for tasks to queue
[2025-01-19T03:48:51.173+0000] {logging_mixin.py:190} INFO - [2025-01-19T03:48:51.173+0000] {dagbag.py:588} INFO - Filling up the DagBag from /home/vscode/.local/lib/python3.10/site-packages/airflow/example_dags/example_trigger_controller_dag.py
[2025-01-19T03:48:51.179+0000] {processor.py:925} INFO - DAG(s) 'example_trigger_controller_dag' retrieved from /home/vscode/.local/lib/python3.10/site-packages/airflow/example_dags/example_trigger_controller_dag.py
[2025-01-19T03:48:51.189+0000] {logging_mixin.py:190} INFO - [2025-01-19T03:48:51.189+0000] {dag.py:3239} INFO - Sync 1 DAGs
[2025-01-19T03:48:51.203+0000] {logging_mixin.py:190} INFO - [2025-01-19T03:48:51.203+0000] {dag.py:4180} INFO - Setting next_dagrun for example_trigger_controller_dag to 2021-01-01 00:00:00+00:00, run_after=2021-01-01 00:00:00+00:00
[2025-01-19T03:48:51.219+0000] {processor.py:208} INFO - Processing /home/vscode/.local/lib/python3.10/site-packages/airflow/example_dags/example_trigger_controller_dag.py took 0.052 seconds
[2025-01-19T03:49:42.508+0000] {processor.py:186} INFO - Started process (PID=17843) to work on /home/vscode/.local/lib/python3.10/site-packages/airflow/example_dags/example_trigger_controller_dag.py
[2025-01-19T03:49:42.509+0000] {processor.py:914} INFO - Processing file /home/vscode/.local/lib/python3.10/site-packages/airflow/example_dags/example_trigger_controller_dag.py for tasks to queue
[2025-01-19T03:49:42.510+0000] {logging_mixin.py:190} INFO - [2025-01-19T03:49:42.510+0000] {dagbag.py:588} INFO - Filling up the DagBag from /home/vscode/.local/lib/python3.10/site-packages/airflow/example_dags/example_trigger_controller_dag.py
[2025-01-19T03:49:42.516+0000] {processor.py:925} INFO - DAG(s) 'example_trigger_controller_dag' retrieved from /home/vscode/.local/lib/python3.10/site-packages/airflow/example_dags/example_trigger_controller_dag.py
[2025-01-19T03:49:42.527+0000] {logging_mixin.py:190} INFO - [2025-01-19T03:49:42.526+0000] {dag.py:3239} INFO - Sync 1 DAGs
[2025-01-19T03:49:42.541+0000] {logging_mixin.py:190} INFO - [2025-01-19T03:49:42.541+0000] {dag.py:4180} INFO - Setting next_dagrun for example_trigger_controller_dag to 2021-01-01 00:00:00+00:00, run_after=2021-01-01 00:00:00+00:00
[2025-01-19T03:49:42.555+0000] {processor.py:208} INFO - Processing /home/vscode/.local/lib/python3.10/site-packages/airflow/example_dags/example_trigger_controller_dag.py took 0.052 seconds
[2025-01-19T03:50:33.951+0000] {processor.py:186} INFO - Started process (PID=18229) to work on /home/vscode/.local/lib/python3.10/site-packages/airflow/example_dags/example_trigger_controller_dag.py
[2025-01-19T03:50:33.952+0000] {processor.py:914} INFO - Processing file /home/vscode/.local/lib/python3.10/site-packages/airflow/example_dags/example_trigger_controller_dag.py for tasks to queue
[2025-01-19T03:50:33.954+0000] {logging_mixin.py:190} INFO - [2025-01-19T03:50:33.953+0000] {dagbag.py:588} INFO - Filling up the DagBag from /home/vscode/.local/lib/python3.10/site-packages/airflow/example_dags/example_trigger_controller_dag.py
[2025-01-19T03:50:33.962+0000] {processor.py:925} INFO - DAG(s) 'example_trigger_controller_dag' retrieved from /home/vscode/.local/lib/python3.10/site-packages/airflow/example_dags/example_trigger_controller_dag.py
[2025-01-19T03:50:33.973+0000] {logging_mixin.py:190} INFO - [2025-01-19T03:50:33.973+0000] {dag.py:3239} INFO - Sync 1 DAGs
[2025-01-19T03:50:33.988+0000] {logging_mixin.py:190} INFO - [2025-01-19T03:50:33.987+0000] {dag.py:4180} INFO - Setting next_dagrun for example_trigger_controller_dag to 2021-01-01 00:00:00+00:00, run_after=2021-01-01 00:00:00+00:00
[2025-01-19T03:50:34.005+0000] {processor.py:208} INFO - Processing /home/vscode/.local/lib/python3.10/site-packages/airflow/example_dags/example_trigger_controller_dag.py took 0.059 seconds
[2025-01-19T03:51:20.479+0000] {processor.py:186} INFO - Started process (PID=18597) to work on /home/vscode/.local/lib/python3.10/site-packages/airflow/example_dags/example_trigger_controller_dag.py
[2025-01-19T03:51:20.479+0000] {processor.py:914} INFO - Processing file /home/vscode/.local/lib/python3.10/site-packages/airflow/example_dags/example_trigger_controller_dag.py for tasks to queue
[2025-01-19T03:51:20.481+0000] {logging_mixin.py:190} INFO - [2025-01-19T03:51:20.481+0000] {dagbag.py:588} INFO - Filling up the DagBag from /home/vscode/.local/lib/python3.10/site-packages/airflow/example_dags/example_trigger_controller_dag.py
[2025-01-19T03:51:20.487+0000] {processor.py:925} INFO - DAG(s) 'example_trigger_controller_dag' retrieved from /home/vscode/.local/lib/python3.10/site-packages/airflow/example_dags/example_trigger_controller_dag.py
[2025-01-19T03:51:20.497+0000] {logging_mixin.py:190} INFO - [2025-01-19T03:51:20.497+0000] {dag.py:3239} INFO - Sync 1 DAGs
[2025-01-19T03:51:20.513+0000] {logging_mixin.py:190} INFO - [2025-01-19T03:51:20.513+0000] {dag.py:4180} INFO - Setting next_dagrun for example_trigger_controller_dag to 2021-01-01 00:00:00+00:00, run_after=2021-01-01 00:00:00+00:00
[2025-01-19T03:51:20.528+0000] {processor.py:208} INFO - Processing /home/vscode/.local/lib/python3.10/site-packages/airflow/example_dags/example_trigger_controller_dag.py took 0.054 seconds
[2025-01-19T03:54:54.549+0000] {processor.py:186} INFO - Started process (PID=20107) to work on /home/vscode/.local/lib/python3.10/site-packages/airflow/example_dags/example_trigger_controller_dag.py
[2025-01-19T03:54:54.550+0000] {processor.py:914} INFO - Processing file /home/vscode/.local/lib/python3.10/site-packages/airflow/example_dags/example_trigger_controller_dag.py for tasks to queue
[2025-01-19T03:54:54.551+0000] {logging_mixin.py:190} INFO - [2025-01-19T03:54:54.551+0000] {dagbag.py:588} INFO - Filling up the DagBag from /home/vscode/.local/lib/python3.10/site-packages/airflow/example_dags/example_trigger_controller_dag.py
[2025-01-19T03:54:54.557+0000] {processor.py:925} INFO - DAG(s) 'example_trigger_controller_dag' retrieved from /home/vscode/.local/lib/python3.10/site-packages/airflow/example_dags/example_trigger_controller_dag.py
[2025-01-19T03:54:54.569+0000] {logging_mixin.py:190} INFO - [2025-01-19T03:54:54.569+0000] {dag.py:3239} INFO - Sync 1 DAGs
[2025-01-19T03:54:54.585+0000] {logging_mixin.py:190} INFO - [2025-01-19T03:54:54.585+0000] {dag.py:4180} INFO - Setting next_dagrun for example_trigger_controller_dag to 2021-01-01 00:00:00+00:00, run_after=2021-01-01 00:00:00+00:00
[2025-01-19T03:54:54.599+0000] {processor.py:208} INFO - Processing /home/vscode/.local/lib/python3.10/site-packages/airflow/example_dags/example_trigger_controller_dag.py took 0.055 seconds
[2025-01-19T03:55:49.897+0000] {processor.py:186} INFO - Started process (PID=20486) to work on /home/vscode/.local/lib/python3.10/site-packages/airflow/example_dags/example_trigger_controller_dag.py
[2025-01-19T03:55:49.898+0000] {processor.py:914} INFO - Processing file /home/vscode/.local/lib/python3.10/site-packages/airflow/example_dags/example_trigger_controller_dag.py for tasks to queue
[2025-01-19T03:55:49.900+0000] {logging_mixin.py:190} INFO - [2025-01-19T03:55:49.900+0000] {dagbag.py:588} INFO - Filling up the DagBag from /home/vscode/.local/lib/python3.10/site-packages/airflow/example_dags/example_trigger_controller_dag.py
[2025-01-19T03:55:49.906+0000] {processor.py:925} INFO - DAG(s) 'example_trigger_controller_dag' retrieved from /home/vscode/.local/lib/python3.10/site-packages/airflow/example_dags/example_trigger_controller_dag.py
[2025-01-19T03:55:49.917+0000] {logging_mixin.py:190} INFO - [2025-01-19T03:55:49.917+0000] {dag.py:3239} INFO - Sync 1 DAGs
[2025-01-19T03:55:49.933+0000] {logging_mixin.py:190} INFO - [2025-01-19T03:55:49.933+0000] {dag.py:4180} INFO - Setting next_dagrun for example_trigger_controller_dag to 2021-01-01 00:00:00+00:00, run_after=2021-01-01 00:00:00+00:00
[2025-01-19T03:55:49.947+0000] {processor.py:208} INFO - Processing /home/vscode/.local/lib/python3.10/site-packages/airflow/example_dags/example_trigger_controller_dag.py took 0.057 seconds
[2025-01-19T03:56:42.458+0000] {processor.py:186} INFO - Started process (PID=20837) to work on /home/vscode/.local/lib/python3.10/site-packages/airflow/example_dags/example_trigger_controller_dag.py
[2025-01-19T03:56:42.459+0000] {processor.py:914} INFO - Processing file /home/vscode/.local/lib/python3.10/site-packages/airflow/example_dags/example_trigger_controller_dag.py for tasks to queue
[2025-01-19T03:56:42.461+0000] {logging_mixin.py:190} INFO - [2025-01-19T03:56:42.461+0000] {dagbag.py:588} INFO - Filling up the DagBag from /home/vscode/.local/lib/python3.10/site-packages/airflow/example_dags/example_trigger_controller_dag.py
[2025-01-19T03:56:42.469+0000] {processor.py:925} INFO - DAG(s) 'example_trigger_controller_dag' retrieved from /home/vscode/.local/lib/python3.10/site-packages/airflow/example_dags/example_trigger_controller_dag.py
[2025-01-19T03:56:42.484+0000] {logging_mixin.py:190} INFO - [2025-01-19T03:56:42.484+0000] {dag.py:3239} INFO - Sync 1 DAGs
[2025-01-19T03:56:42.506+0000] {logging_mixin.py:190} INFO - [2025-01-19T03:56:42.505+0000] {dag.py:4180} INFO - Setting next_dagrun for example_trigger_controller_dag to 2021-01-01 00:00:00+00:00, run_after=2021-01-01 00:00:00+00:00
[2025-01-19T03:56:42.526+0000] {processor.py:208} INFO - Processing /home/vscode/.local/lib/python3.10/site-packages/airflow/example_dags/example_trigger_controller_dag.py took 0.072 seconds
[2025-01-19T03:57:36.123+0000] {processor.py:186} INFO - Started process (PID=21198) to work on /home/vscode/.local/lib/python3.10/site-packages/airflow/example_dags/example_trigger_controller_dag.py
[2025-01-19T03:57:36.123+0000] {processor.py:914} INFO - Processing file /home/vscode/.local/lib/python3.10/site-packages/airflow/example_dags/example_trigger_controller_dag.py for tasks to queue
[2025-01-19T03:57:36.125+0000] {logging_mixin.py:190} INFO - [2025-01-19T03:57:36.125+0000] {dagbag.py:588} INFO - Filling up the DagBag from /home/vscode/.local/lib/python3.10/site-packages/airflow/example_dags/example_trigger_controller_dag.py
[2025-01-19T03:57:36.131+0000] {processor.py:925} INFO - DAG(s) 'example_trigger_controller_dag' retrieved from /home/vscode/.local/lib/python3.10/site-packages/airflow/example_dags/example_trigger_controller_dag.py
[2025-01-19T03:57:36.142+0000] {logging_mixin.py:190} INFO - [2025-01-19T03:57:36.142+0000] {dag.py:3239} INFO - Sync 1 DAGs
[2025-01-19T03:57:36.157+0000] {logging_mixin.py:190} INFO - [2025-01-19T03:57:36.156+0000] {dag.py:4180} INFO - Setting next_dagrun for example_trigger_controller_dag to 2021-01-01 00:00:00+00:00, run_after=2021-01-01 00:00:00+00:00
[2025-01-19T03:57:36.171+0000] {processor.py:208} INFO - Processing /home/vscode/.local/lib/python3.10/site-packages/airflow/example_dags/example_trigger_controller_dag.py took 0.053 seconds
[2025-01-19T03:58:24.100+0000] {processor.py:186} INFO - Started process (PID=21526) to work on /home/vscode/.local/lib/python3.10/site-packages/airflow/example_dags/example_trigger_controller_dag.py
[2025-01-19T03:58:24.101+0000] {processor.py:914} INFO - Processing file /home/vscode/.local/lib/python3.10/site-packages/airflow/example_dags/example_trigger_controller_dag.py for tasks to queue
[2025-01-19T03:58:24.102+0000] {logging_mixin.py:190} INFO - [2025-01-19T03:58:24.102+0000] {dagbag.py:588} INFO - Filling up the DagBag from /home/vscode/.local/lib/python3.10/site-packages/airflow/example_dags/example_trigger_controller_dag.py
[2025-01-19T03:58:24.108+0000] {processor.py:925} INFO - DAG(s) 'example_trigger_controller_dag' retrieved from /home/vscode/.local/lib/python3.10/site-packages/airflow/example_dags/example_trigger_controller_dag.py
[2025-01-19T03:58:24.118+0000] {logging_mixin.py:190} INFO - [2025-01-19T03:58:24.118+0000] {dag.py:3239} INFO - Sync 1 DAGs
[2025-01-19T03:58:24.133+0000] {logging_mixin.py:190} INFO - [2025-01-19T03:58:24.132+0000] {dag.py:4180} INFO - Setting next_dagrun for example_trigger_controller_dag to 2021-01-01 00:00:00+00:00, run_after=2021-01-01 00:00:00+00:00
[2025-01-19T03:58:24.147+0000] {processor.py:208} INFO - Processing /home/vscode/.local/lib/python3.10/site-packages/airflow/example_dags/example_trigger_controller_dag.py took 0.051 seconds
[2025-01-19T03:59:16.651+0000] {processor.py:186} INFO - Started process (PID=21886) to work on /home/vscode/.local/lib/python3.10/site-packages/airflow/example_dags/example_trigger_controller_dag.py
[2025-01-19T03:59:16.652+0000] {processor.py:914} INFO - Processing file /home/vscode/.local/lib/python3.10/site-packages/airflow/example_dags/example_trigger_controller_dag.py for tasks to queue
[2025-01-19T03:59:16.654+0000] {logging_mixin.py:190} INFO - [2025-01-19T03:59:16.654+0000] {dagbag.py:588} INFO - Filling up the DagBag from /home/vscode/.local/lib/python3.10/site-packages/airflow/example_dags/example_trigger_controller_dag.py
[2025-01-19T03:59:16.659+0000] {processor.py:925} INFO - DAG(s) 'example_trigger_controller_dag' retrieved from /home/vscode/.local/lib/python3.10/site-packages/airflow/example_dags/example_trigger_controller_dag.py
[2025-01-19T03:59:16.670+0000] {logging_mixin.py:190} INFO - [2025-01-19T03:59:16.670+0000] {dag.py:3239} INFO - Sync 1 DAGs
[2025-01-19T03:59:16.684+0000] {logging_mixin.py:190} INFO - [2025-01-19T03:59:16.684+0000] {dag.py:4180} INFO - Setting next_dagrun for example_trigger_controller_dag to 2021-01-01 00:00:00+00:00, run_after=2021-01-01 00:00:00+00:00
[2025-01-19T03:59:16.699+0000] {processor.py:208} INFO - Processing /home/vscode/.local/lib/python3.10/site-packages/airflow/example_dags/example_trigger_controller_dag.py took 0.052 seconds
[2025-01-19T04:00:08.082+0000] {processor.py:186} INFO - Started process (PID=22230) to work on /home/vscode/.local/lib/python3.10/site-packages/airflow/example_dags/example_trigger_controller_dag.py
[2025-01-19T04:00:08.082+0000] {processor.py:914} INFO - Processing file /home/vscode/.local/lib/python3.10/site-packages/airflow/example_dags/example_trigger_controller_dag.py for tasks to queue
[2025-01-19T04:00:08.084+0000] {logging_mixin.py:190} INFO - [2025-01-19T04:00:08.084+0000] {dagbag.py:588} INFO - Filling up the DagBag from /home/vscode/.local/lib/python3.10/site-packages/airflow/example_dags/example_trigger_controller_dag.py
[2025-01-19T04:00:08.089+0000] {processor.py:925} INFO - DAG(s) 'example_trigger_controller_dag' retrieved from /home/vscode/.local/lib/python3.10/site-packages/airflow/example_dags/example_trigger_controller_dag.py
[2025-01-19T04:00:08.100+0000] {logging_mixin.py:190} INFO - [2025-01-19T04:00:08.100+0000] {dag.py:3239} INFO - Sync 1 DAGs
[2025-01-19T04:00:08.114+0000] {logging_mixin.py:190} INFO - [2025-01-19T04:00:08.114+0000] {dag.py:4180} INFO - Setting next_dagrun for example_trigger_controller_dag to 2021-01-01 00:00:00+00:00, run_after=2021-01-01 00:00:00+00:00
[2025-01-19T04:00:08.128+0000] {processor.py:208} INFO - Processing /home/vscode/.local/lib/python3.10/site-packages/airflow/example_dags/example_trigger_controller_dag.py took 0.051 seconds
[2025-01-19T04:00:59.396+0000] {processor.py:186} INFO - Started process (PID=22580) to work on /home/vscode/.local/lib/python3.10/site-packages/airflow/example_dags/example_trigger_controller_dag.py
[2025-01-19T04:00:59.397+0000] {processor.py:914} INFO - Processing file /home/vscode/.local/lib/python3.10/site-packages/airflow/example_dags/example_trigger_controller_dag.py for tasks to queue
[2025-01-19T04:00:59.399+0000] {logging_mixin.py:190} INFO - [2025-01-19T04:00:59.399+0000] {dagbag.py:588} INFO - Filling up the DagBag from /home/vscode/.local/lib/python3.10/site-packages/airflow/example_dags/example_trigger_controller_dag.py
[2025-01-19T04:00:59.404+0000] {processor.py:925} INFO - DAG(s) 'example_trigger_controller_dag' retrieved from /home/vscode/.local/lib/python3.10/site-packages/airflow/example_dags/example_trigger_controller_dag.py
[2025-01-19T04:00:59.416+0000] {logging_mixin.py:190} INFO - [2025-01-19T04:00:59.416+0000] {dag.py:3239} INFO - Sync 1 DAGs
[2025-01-19T04:00:59.436+0000] {logging_mixin.py:190} INFO - [2025-01-19T04:00:59.435+0000] {dag.py:4180} INFO - Setting next_dagrun for example_trigger_controller_dag to 2021-01-01 00:00:00+00:00, run_after=2021-01-01 00:00:00+00:00
[2025-01-19T04:00:59.458+0000] {processor.py:208} INFO - Processing /home/vscode/.local/lib/python3.10/site-packages/airflow/example_dags/example_trigger_controller_dag.py took 0.066 seconds
[2025-01-19T04:01:51.104+0000] {processor.py:186} INFO - Started process (PID=22929) to work on /home/vscode/.local/lib/python3.10/site-packages/airflow/example_dags/example_trigger_controller_dag.py
[2025-01-19T04:01:51.105+0000] {processor.py:914} INFO - Processing file /home/vscode/.local/lib/python3.10/site-packages/airflow/example_dags/example_trigger_controller_dag.py for tasks to queue
[2025-01-19T04:01:51.107+0000] {logging_mixin.py:190} INFO - [2025-01-19T04:01:51.106+0000] {dagbag.py:588} INFO - Filling up the DagBag from /home/vscode/.local/lib/python3.10/site-packages/airflow/example_dags/example_trigger_controller_dag.py
[2025-01-19T04:01:51.112+0000] {processor.py:925} INFO - DAG(s) 'example_trigger_controller_dag' retrieved from /home/vscode/.local/lib/python3.10/site-packages/airflow/example_dags/example_trigger_controller_dag.py
[2025-01-19T04:01:51.123+0000] {logging_mixin.py:190} INFO - [2025-01-19T04:01:51.123+0000] {dag.py:3239} INFO - Sync 1 DAGs
[2025-01-19T04:01:51.138+0000] {logging_mixin.py:190} INFO - [2025-01-19T04:01:51.138+0000] {dag.py:4180} INFO - Setting next_dagrun for example_trigger_controller_dag to 2021-01-01 00:00:00+00:00, run_after=2021-01-01 00:00:00+00:00
[2025-01-19T04:01:51.162+0000] {processor.py:208} INFO - Processing /home/vscode/.local/lib/python3.10/site-packages/airflow/example_dags/example_trigger_controller_dag.py took 0.063 seconds
[2025-01-19T04:02:41.311+0000] {processor.py:186} INFO - Started process (PID=23301) to work on /home/vscode/.local/lib/python3.10/site-packages/airflow/example_dags/example_trigger_controller_dag.py
[2025-01-19T04:02:41.312+0000] {processor.py:914} INFO - Processing file /home/vscode/.local/lib/python3.10/site-packages/airflow/example_dags/example_trigger_controller_dag.py for tasks to queue
[2025-01-19T04:02:41.314+0000] {logging_mixin.py:190} INFO - [2025-01-19T04:02:41.313+0000] {dagbag.py:588} INFO - Filling up the DagBag from /home/vscode/.local/lib/python3.10/site-packages/airflow/example_dags/example_trigger_controller_dag.py
[2025-01-19T04:02:41.319+0000] {processor.py:925} INFO - DAG(s) 'example_trigger_controller_dag' retrieved from /home/vscode/.local/lib/python3.10/site-packages/airflow/example_dags/example_trigger_controller_dag.py
[2025-01-19T04:02:41.331+0000] {logging_mixin.py:190} INFO - [2025-01-19T04:02:41.331+0000] {dag.py:3239} INFO - Sync 1 DAGs
[2025-01-19T04:02:41.349+0000] {logging_mixin.py:190} INFO - [2025-01-19T04:02:41.349+0000] {dag.py:4180} INFO - Setting next_dagrun for example_trigger_controller_dag to 2021-01-01 00:00:00+00:00, run_after=2021-01-01 00:00:00+00:00
[2025-01-19T04:02:41.363+0000] {processor.py:208} INFO - Processing /home/vscode/.local/lib/python3.10/site-packages/airflow/example_dags/example_trigger_controller_dag.py took 0.056 seconds
