[2025-01-19T03:21:06.293+0000] {processor.py:186} INFO - Started process (PID=5150) to work on /home/vscode/.local/lib/python3.10/site-packages/airflow/example_dags/example_params_ui_tutorial.py
[2025-01-19T03:21:06.294+0000] {processor.py:914} INFO - Processing file /home/vscode/.local/lib/python3.10/site-packages/airflow/example_dags/example_params_ui_tutorial.py for tasks to queue
[2025-01-19T03:21:06.295+0000] {logging_mixin.py:190} INFO - [2025-01-19T03:21:06.295+0000] {dagbag.py:588} INFO - Filling up the DagBag from /home/vscode/.local/lib/python3.10/site-packages/airflow/example_dags/example_params_ui_tutorial.py
[2025-01-19T03:21:06.303+0000] {processor.py:925} INFO - DAG(s) 'example_params_ui_tutorial' retrieved from /home/vscode/.local/lib/python3.10/site-packages/airflow/example_dags/example_params_ui_tutorial.py
[2025-01-19T03:21:06.408+0000] {logging_mixin.py:190} INFO - [2025-01-19T03:21:06.408+0000] {override.py:1911} INFO - Created Permission View: can read on DAG:example_params_ui_tutorial
[2025-01-19T03:21:06.416+0000] {logging_mixin.py:190} INFO - [2025-01-19T03:21:06.416+0000] {override.py:1911} INFO - Created Permission View: can edit on DAG:example_params_ui_tutorial
[2025-01-19T03:21:06.422+0000] {logging_mixin.py:190} INFO - [2025-01-19T03:21:06.422+0000] {override.py:1911} INFO - Created Permission View: can delete on DAG:example_params_ui_tutorial
[2025-01-19T03:21:06.431+0000] {logging_mixin.py:190} INFO - [2025-01-19T03:21:06.430+0000] {override.py:1911} INFO - Created Permission View: menu access on DAG Run:example_params_ui_tutorial
[2025-01-19T03:21:06.436+0000] {logging_mixin.py:190} INFO - [2025-01-19T03:21:06.436+0000] {override.py:1911} INFO - Created Permission View: can read on DAG Run:example_params_ui_tutorial
[2025-01-19T03:21:06.442+0000] {logging_mixin.py:190} INFO - [2025-01-19T03:21:06.442+0000] {override.py:1911} INFO - Created Permission View: can create on DAG Run:example_params_ui_tutorial
[2025-01-19T03:21:06.448+0000] {logging_mixin.py:190} INFO - [2025-01-19T03:21:06.448+0000] {override.py:1911} INFO - Created Permission View: can delete on DAG Run:example_params_ui_tutorial
[2025-01-19T03:21:06.448+0000] {logging_mixin.py:190} INFO - [2025-01-19T03:21:06.448+0000] {dag.py:3239} INFO - Sync 1 DAGs
[2025-01-19T03:21:06.457+0000] {logging_mixin.py:190} INFO - [2025-01-19T03:21:06.457+0000] {dag.py:3262} INFO - Creating ORM DAG for example_params_ui_tutorial
[2025-01-19T03:21:06.458+0000] {logging_mixin.py:190} INFO - [2025-01-19T03:21:06.458+0000] {dag.py:4180} INFO - Setting next_dagrun for example_params_ui_tutorial to None, run_after=None
[2025-01-19T03:21:06.473+0000] {processor.py:208} INFO - Processing /home/vscode/.local/lib/python3.10/site-packages/airflow/example_dags/example_params_ui_tutorial.py took 0.185 seconds
[2025-01-19T03:22:06.003+0000] {processor.py:186} INFO - Started process (PID=5671) to work on /home/vscode/.local/lib/python3.10/site-packages/airflow/example_dags/example_params_ui_tutorial.py
[2025-01-19T03:22:06.004+0000] {processor.py:914} INFO - Processing file /home/vscode/.local/lib/python3.10/site-packages/airflow/example_dags/example_params_ui_tutorial.py for tasks to queue
[2025-01-19T03:22:06.005+0000] {logging_mixin.py:190} INFO - [2025-01-19T03:22:06.005+0000] {dagbag.py:588} INFO - Filling up the DagBag from /home/vscode/.local/lib/python3.10/site-packages/airflow/example_dags/example_params_ui_tutorial.py
[2025-01-19T03:22:06.013+0000] {processor.py:925} INFO - DAG(s) 'example_params_ui_tutorial' retrieved from /home/vscode/.local/lib/python3.10/site-packages/airflow/example_dags/example_params_ui_tutorial.py
[2025-01-19T03:22:06.049+0000] {logging_mixin.py:190} INFO - [2025-01-19T03:22:06.049+0000] {dag.py:3239} INFO - Sync 1 DAGs
[2025-01-19T03:22:06.059+0000] {logging_mixin.py:190} INFO - [2025-01-19T03:22:06.058+0000] {dag.py:4180} INFO - Setting next_dagrun for example_params_ui_tutorial to None, run_after=None
[2025-01-19T03:22:06.075+0000] {processor.py:208} INFO - Processing /home/vscode/.local/lib/python3.10/site-packages/airflow/example_dags/example_params_ui_tutorial.py took 0.076 seconds
[2025-01-19T03:22:59.750+0000] {processor.py:186} INFO - Started process (PID=6110) to work on /home/vscode/.local/lib/python3.10/site-packages/airflow/example_dags/example_params_ui_tutorial.py
[2025-01-19T03:22:59.751+0000] {processor.py:914} INFO - Processing file /home/vscode/.local/lib/python3.10/site-packages/airflow/example_dags/example_params_ui_tutorial.py for tasks to queue
[2025-01-19T03:22:59.752+0000] {logging_mixin.py:190} INFO - [2025-01-19T03:22:59.752+0000] {dagbag.py:588} INFO - Filling up the DagBag from /home/vscode/.local/lib/python3.10/site-packages/airflow/example_dags/example_params_ui_tutorial.py
[2025-01-19T03:22:59.759+0000] {processor.py:925} INFO - DAG(s) 'example_params_ui_tutorial' retrieved from /home/vscode/.local/lib/python3.10/site-packages/airflow/example_dags/example_params_ui_tutorial.py
[2025-01-19T03:22:59.795+0000] {logging_mixin.py:190} INFO - [2025-01-19T03:22:59.795+0000] {dag.py:3239} INFO - Sync 1 DAGs
[2025-01-19T03:22:59.805+0000] {logging_mixin.py:190} INFO - [2025-01-19T03:22:59.805+0000] {dag.py:4180} INFO - Setting next_dagrun for example_params_ui_tutorial to None, run_after=None
[2025-01-19T03:22:59.819+0000] {processor.py:208} INFO - Processing /home/vscode/.local/lib/python3.10/site-packages/airflow/example_dags/example_params_ui_tutorial.py took 0.074 seconds
[2025-01-19T03:23:54.224+0000] {processor.py:186} INFO - Started process (PID=6558) to work on /home/vscode/.local/lib/python3.10/site-packages/airflow/example_dags/example_params_ui_tutorial.py
[2025-01-19T03:23:54.224+0000] {processor.py:914} INFO - Processing file /home/vscode/.local/lib/python3.10/site-packages/airflow/example_dags/example_params_ui_tutorial.py for tasks to queue
[2025-01-19T03:23:54.226+0000] {logging_mixin.py:190} INFO - [2025-01-19T03:23:54.226+0000] {dagbag.py:588} INFO - Filling up the DagBag from /home/vscode/.local/lib/python3.10/site-packages/airflow/example_dags/example_params_ui_tutorial.py
[2025-01-19T03:23:54.234+0000] {processor.py:925} INFO - DAG(s) 'example_params_ui_tutorial' retrieved from /home/vscode/.local/lib/python3.10/site-packages/airflow/example_dags/example_params_ui_tutorial.py
[2025-01-19T03:23:54.275+0000] {logging_mixin.py:190} INFO - [2025-01-19T03:23:54.275+0000] {dag.py:3239} INFO - Sync 1 DAGs
[2025-01-19T03:23:54.285+0000] {logging_mixin.py:190} INFO - [2025-01-19T03:23:54.285+0000] {dag.py:4180} INFO - Setting next_dagrun for example_params_ui_tutorial to None, run_after=None
[2025-01-19T03:23:54.301+0000] {processor.py:208} INFO - Processing /home/vscode/.local/lib/python3.10/site-packages/airflow/example_dags/example_params_ui_tutorial.py took 0.081 seconds
[2025-01-19T03:24:47.035+0000] {processor.py:186} INFO - Started process (PID=6963) to work on /home/vscode/.local/lib/python3.10/site-packages/airflow/example_dags/example_params_ui_tutorial.py
[2025-01-19T03:24:47.036+0000] {processor.py:914} INFO - Processing file /home/vscode/.local/lib/python3.10/site-packages/airflow/example_dags/example_params_ui_tutorial.py for tasks to queue
[2025-01-19T03:24:47.037+0000] {logging_mixin.py:190} INFO - [2025-01-19T03:24:47.037+0000] {dagbag.py:588} INFO - Filling up the DagBag from /home/vscode/.local/lib/python3.10/site-packages/airflow/example_dags/example_params_ui_tutorial.py
[2025-01-19T03:24:47.045+0000] {processor.py:925} INFO - DAG(s) 'example_params_ui_tutorial' retrieved from /home/vscode/.local/lib/python3.10/site-packages/airflow/example_dags/example_params_ui_tutorial.py
[2025-01-19T03:24:47.084+0000] {logging_mixin.py:190} INFO - [2025-01-19T03:24:47.084+0000] {dag.py:3239} INFO - Sync 1 DAGs
[2025-01-19T03:24:47.094+0000] {logging_mixin.py:190} INFO - [2025-01-19T03:24:47.094+0000] {dag.py:4180} INFO - Setting next_dagrun for example_params_ui_tutorial to None, run_after=None
[2025-01-19T03:24:47.109+0000] {processor.py:208} INFO - Processing /home/vscode/.local/lib/python3.10/site-packages/airflow/example_dags/example_params_ui_tutorial.py took 0.079 seconds
[2025-01-19T03:25:36.623+0000] {processor.py:186} INFO - Started process (PID=7369) to work on /home/vscode/.local/lib/python3.10/site-packages/airflow/example_dags/example_params_ui_tutorial.py
[2025-01-19T03:25:36.624+0000] {processor.py:914} INFO - Processing file /home/vscode/.local/lib/python3.10/site-packages/airflow/example_dags/example_params_ui_tutorial.py for tasks to queue
[2025-01-19T03:25:36.626+0000] {logging_mixin.py:190} INFO - [2025-01-19T03:25:36.625+0000] {dagbag.py:588} INFO - Filling up the DagBag from /home/vscode/.local/lib/python3.10/site-packages/airflow/example_dags/example_params_ui_tutorial.py
[2025-01-19T03:25:36.633+0000] {processor.py:925} INFO - DAG(s) 'example_params_ui_tutorial' retrieved from /home/vscode/.local/lib/python3.10/site-packages/airflow/example_dags/example_params_ui_tutorial.py
[2025-01-19T03:25:36.668+0000] {logging_mixin.py:190} INFO - [2025-01-19T03:25:36.668+0000] {dag.py:3239} INFO - Sync 1 DAGs
[2025-01-19T03:25:36.679+0000] {logging_mixin.py:190} INFO - [2025-01-19T03:25:36.678+0000] {dag.py:4180} INFO - Setting next_dagrun for example_params_ui_tutorial to None, run_after=None
[2025-01-19T03:25:36.694+0000] {processor.py:208} INFO - Processing /home/vscode/.local/lib/python3.10/site-packages/airflow/example_dags/example_params_ui_tutorial.py took 0.075 seconds
[2025-01-19T03:26:29.499+0000] {processor.py:186} INFO - Started process (PID=7782) to work on /home/vscode/.local/lib/python3.10/site-packages/airflow/example_dags/example_params_ui_tutorial.py
[2025-01-19T03:26:29.499+0000] {processor.py:914} INFO - Processing file /home/vscode/.local/lib/python3.10/site-packages/airflow/example_dags/example_params_ui_tutorial.py for tasks to queue
[2025-01-19T03:26:29.501+0000] {logging_mixin.py:190} INFO - [2025-01-19T03:26:29.501+0000] {dagbag.py:588} INFO - Filling up the DagBag from /home/vscode/.local/lib/python3.10/site-packages/airflow/example_dags/example_params_ui_tutorial.py
[2025-01-19T03:26:29.508+0000] {processor.py:925} INFO - DAG(s) 'example_params_ui_tutorial' retrieved from /home/vscode/.local/lib/python3.10/site-packages/airflow/example_dags/example_params_ui_tutorial.py
[2025-01-19T03:26:29.545+0000] {logging_mixin.py:190} INFO - [2025-01-19T03:26:29.545+0000] {dag.py:3239} INFO - Sync 1 DAGs
[2025-01-19T03:26:29.555+0000] {logging_mixin.py:190} INFO - [2025-01-19T03:26:29.555+0000] {dag.py:4180} INFO - Setting next_dagrun for example_params_ui_tutorial to None, run_after=None
[2025-01-19T03:26:29.570+0000] {processor.py:208} INFO - Processing /home/vscode/.local/lib/python3.10/site-packages/airflow/example_dags/example_params_ui_tutorial.py took 0.076 seconds
[2025-01-19T03:27:22.098+0000] {processor.py:186} INFO - Started process (PID=8170) to work on /home/vscode/.local/lib/python3.10/site-packages/airflow/example_dags/example_params_ui_tutorial.py
[2025-01-19T03:27:22.098+0000] {processor.py:914} INFO - Processing file /home/vscode/.local/lib/python3.10/site-packages/airflow/example_dags/example_params_ui_tutorial.py for tasks to queue
[2025-01-19T03:27:22.100+0000] {logging_mixin.py:190} INFO - [2025-01-19T03:27:22.100+0000] {dagbag.py:588} INFO - Filling up the DagBag from /home/vscode/.local/lib/python3.10/site-packages/airflow/example_dags/example_params_ui_tutorial.py
[2025-01-19T03:27:22.107+0000] {processor.py:925} INFO - DAG(s) 'example_params_ui_tutorial' retrieved from /home/vscode/.local/lib/python3.10/site-packages/airflow/example_dags/example_params_ui_tutorial.py
[2025-01-19T03:27:22.143+0000] {logging_mixin.py:190} INFO - [2025-01-19T03:27:22.143+0000] {dag.py:3239} INFO - Sync 1 DAGs
[2025-01-19T03:27:22.153+0000] {logging_mixin.py:190} INFO - [2025-01-19T03:27:22.152+0000] {dag.py:4180} INFO - Setting next_dagrun for example_params_ui_tutorial to None, run_after=None
[2025-01-19T03:27:22.168+0000] {processor.py:208} INFO - Processing /home/vscode/.local/lib/python3.10/site-packages/airflow/example_dags/example_params_ui_tutorial.py took 0.074 seconds
[2025-01-19T03:28:16.933+0000] {processor.py:186} INFO - Started process (PID=8687) to work on /home/vscode/.local/lib/python3.10/site-packages/airflow/example_dags/example_params_ui_tutorial.py
[2025-01-19T03:28:16.934+0000] {processor.py:914} INFO - Processing file /home/vscode/.local/lib/python3.10/site-packages/airflow/example_dags/example_params_ui_tutorial.py for tasks to queue
[2025-01-19T03:28:16.935+0000] {logging_mixin.py:190} INFO - [2025-01-19T03:28:16.935+0000] {dagbag.py:588} INFO - Filling up the DagBag from /home/vscode/.local/lib/python3.10/site-packages/airflow/example_dags/example_params_ui_tutorial.py
[2025-01-19T03:28:16.942+0000] {processor.py:925} INFO - DAG(s) 'example_params_ui_tutorial' retrieved from /home/vscode/.local/lib/python3.10/site-packages/airflow/example_dags/example_params_ui_tutorial.py
[2025-01-19T03:28:16.979+0000] {logging_mixin.py:190} INFO - [2025-01-19T03:28:16.978+0000] {dag.py:3239} INFO - Sync 1 DAGs
[2025-01-19T03:28:16.988+0000] {logging_mixin.py:190} INFO - [2025-01-19T03:28:16.988+0000] {dag.py:4180} INFO - Setting next_dagrun for example_params_ui_tutorial to None, run_after=None
[2025-01-19T03:28:17.003+0000] {processor.py:208} INFO - Processing /home/vscode/.local/lib/python3.10/site-packages/airflow/example_dags/example_params_ui_tutorial.py took 0.075 seconds
[2025-01-19T03:29:09.051+0000] {processor.py:186} INFO - Started process (PID=9076) to work on /home/vscode/.local/lib/python3.10/site-packages/airflow/example_dags/example_params_ui_tutorial.py
[2025-01-19T03:29:09.052+0000] {processor.py:914} INFO - Processing file /home/vscode/.local/lib/python3.10/site-packages/airflow/example_dags/example_params_ui_tutorial.py for tasks to queue
[2025-01-19T03:29:09.054+0000] {logging_mixin.py:190} INFO - [2025-01-19T03:29:09.053+0000] {dagbag.py:588} INFO - Filling up the DagBag from /home/vscode/.local/lib/python3.10/site-packages/airflow/example_dags/example_params_ui_tutorial.py
[2025-01-19T03:29:09.061+0000] {processor.py:925} INFO - DAG(s) 'example_params_ui_tutorial' retrieved from /home/vscode/.local/lib/python3.10/site-packages/airflow/example_dags/example_params_ui_tutorial.py
[2025-01-19T03:29:09.098+0000] {logging_mixin.py:190} INFO - [2025-01-19T03:29:09.098+0000] {dag.py:3239} INFO - Sync 1 DAGs
[2025-01-19T03:29:09.109+0000] {logging_mixin.py:190} INFO - [2025-01-19T03:29:09.109+0000] {dag.py:4180} INFO - Setting next_dagrun for example_params_ui_tutorial to None, run_after=None
[2025-01-19T03:29:09.129+0000] {processor.py:208} INFO - Processing /home/vscode/.local/lib/python3.10/site-packages/airflow/example_dags/example_params_ui_tutorial.py took 0.082 seconds
[2025-01-19T03:30:00.381+0000] {processor.py:186} INFO - Started process (PID=9425) to work on /home/vscode/.local/lib/python3.10/site-packages/airflow/example_dags/example_params_ui_tutorial.py
[2025-01-19T03:30:00.382+0000] {processor.py:914} INFO - Processing file /home/vscode/.local/lib/python3.10/site-packages/airflow/example_dags/example_params_ui_tutorial.py for tasks to queue
[2025-01-19T03:30:00.384+0000] {logging_mixin.py:190} INFO - [2025-01-19T03:30:00.383+0000] {dagbag.py:588} INFO - Filling up the DagBag from /home/vscode/.local/lib/python3.10/site-packages/airflow/example_dags/example_params_ui_tutorial.py
[2025-01-19T03:30:00.391+0000] {processor.py:925} INFO - DAG(s) 'example_params_ui_tutorial' retrieved from /home/vscode/.local/lib/python3.10/site-packages/airflow/example_dags/example_params_ui_tutorial.py
[2025-01-19T03:30:00.445+0000] {logging_mixin.py:190} INFO - [2025-01-19T03:30:00.445+0000] {dag.py:3239} INFO - Sync 1 DAGs
[2025-01-19T03:30:00.456+0000] {logging_mixin.py:190} INFO - [2025-01-19T03:30:00.456+0000] {dag.py:4180} INFO - Setting next_dagrun for example_params_ui_tutorial to None, run_after=None
[2025-01-19T03:30:00.471+0000] {processor.py:208} INFO - Processing /home/vscode/.local/lib/python3.10/site-packages/airflow/example_dags/example_params_ui_tutorial.py took 0.095 seconds
[2025-01-19T03:30:47.800+0000] {processor.py:186} INFO - Started process (PID=9751) to work on /home/vscode/.local/lib/python3.10/site-packages/airflow/example_dags/example_params_ui_tutorial.py
[2025-01-19T03:30:47.801+0000] {processor.py:914} INFO - Processing file /home/vscode/.local/lib/python3.10/site-packages/airflow/example_dags/example_params_ui_tutorial.py for tasks to queue
[2025-01-19T03:30:47.802+0000] {logging_mixin.py:190} INFO - [2025-01-19T03:30:47.802+0000] {dagbag.py:588} INFO - Filling up the DagBag from /home/vscode/.local/lib/python3.10/site-packages/airflow/example_dags/example_params_ui_tutorial.py
[2025-01-19T03:30:47.809+0000] {processor.py:925} INFO - DAG(s) 'example_params_ui_tutorial' retrieved from /home/vscode/.local/lib/python3.10/site-packages/airflow/example_dags/example_params_ui_tutorial.py
[2025-01-19T03:30:47.844+0000] {logging_mixin.py:190} INFO - [2025-01-19T03:30:47.844+0000] {dag.py:3239} INFO - Sync 1 DAGs
[2025-01-19T03:30:47.858+0000] {logging_mixin.py:190} INFO - [2025-01-19T03:30:47.858+0000] {dag.py:4180} INFO - Setting next_dagrun for example_params_ui_tutorial to None, run_after=None
[2025-01-19T03:30:47.872+0000] {processor.py:208} INFO - Processing /home/vscode/.local/lib/python3.10/site-packages/airflow/example_dags/example_params_ui_tutorial.py took 0.076 seconds
[2025-01-19T03:31:38.032+0000] {processor.py:186} INFO - Started process (PID=10082) to work on /home/vscode/.local/lib/python3.10/site-packages/airflow/example_dags/example_params_ui_tutorial.py
[2025-01-19T03:31:38.033+0000] {processor.py:914} INFO - Processing file /home/vscode/.local/lib/python3.10/site-packages/airflow/example_dags/example_params_ui_tutorial.py for tasks to queue
[2025-01-19T03:31:38.034+0000] {logging_mixin.py:190} INFO - [2025-01-19T03:31:38.034+0000] {dagbag.py:588} INFO - Filling up the DagBag from /home/vscode/.local/lib/python3.10/site-packages/airflow/example_dags/example_params_ui_tutorial.py
[2025-01-19T03:31:38.041+0000] {processor.py:925} INFO - DAG(s) 'example_params_ui_tutorial' retrieved from /home/vscode/.local/lib/python3.10/site-packages/airflow/example_dags/example_params_ui_tutorial.py
[2025-01-19T03:31:38.077+0000] {logging_mixin.py:190} INFO - [2025-01-19T03:31:38.077+0000] {dag.py:3239} INFO - Sync 1 DAGs
[2025-01-19T03:31:38.086+0000] {logging_mixin.py:190} INFO - [2025-01-19T03:31:38.086+0000] {dag.py:4180} INFO - Setting next_dagrun for example_params_ui_tutorial to None, run_after=None
[2025-01-19T03:31:38.100+0000] {processor.py:208} INFO - Processing /home/vscode/.local/lib/python3.10/site-packages/airflow/example_dags/example_params_ui_tutorial.py took 0.072 seconds
[2025-01-19T03:32:29.567+0000] {processor.py:186} INFO - Started process (PID=10509) to work on /home/vscode/.local/lib/python3.10/site-packages/airflow/example_dags/example_params_ui_tutorial.py
[2025-01-19T03:32:29.567+0000] {processor.py:914} INFO - Processing file /home/vscode/.local/lib/python3.10/site-packages/airflow/example_dags/example_params_ui_tutorial.py for tasks to queue
[2025-01-19T03:32:29.569+0000] {logging_mixin.py:190} INFO - [2025-01-19T03:32:29.569+0000] {dagbag.py:588} INFO - Filling up the DagBag from /home/vscode/.local/lib/python3.10/site-packages/airflow/example_dags/example_params_ui_tutorial.py
[2025-01-19T03:32:29.576+0000] {processor.py:925} INFO - DAG(s) 'example_params_ui_tutorial' retrieved from /home/vscode/.local/lib/python3.10/site-packages/airflow/example_dags/example_params_ui_tutorial.py
[2025-01-19T03:32:29.612+0000] {logging_mixin.py:190} INFO - [2025-01-19T03:32:29.612+0000] {dag.py:3239} INFO - Sync 1 DAGs
[2025-01-19T03:32:29.621+0000] {logging_mixin.py:190} INFO - [2025-01-19T03:32:29.621+0000] {dag.py:4180} INFO - Setting next_dagrun for example_params_ui_tutorial to None, run_after=None
[2025-01-19T03:32:29.637+0000] {processor.py:208} INFO - Processing /home/vscode/.local/lib/python3.10/site-packages/airflow/example_dags/example_params_ui_tutorial.py took 0.075 seconds
[2025-01-19T03:33:19.144+0000] {processor.py:186} INFO - Started process (PID=10908) to work on /home/vscode/.local/lib/python3.10/site-packages/airflow/example_dags/example_params_ui_tutorial.py
[2025-01-19T03:33:19.145+0000] {processor.py:914} INFO - Processing file /home/vscode/.local/lib/python3.10/site-packages/airflow/example_dags/example_params_ui_tutorial.py for tasks to queue
[2025-01-19T03:33:19.147+0000] {logging_mixin.py:190} INFO - [2025-01-19T03:33:19.147+0000] {dagbag.py:588} INFO - Filling up the DagBag from /home/vscode/.local/lib/python3.10/site-packages/airflow/example_dags/example_params_ui_tutorial.py
[2025-01-19T03:33:19.155+0000] {processor.py:925} INFO - DAG(s) 'example_params_ui_tutorial' retrieved from /home/vscode/.local/lib/python3.10/site-packages/airflow/example_dags/example_params_ui_tutorial.py
[2025-01-19T03:33:19.192+0000] {logging_mixin.py:190} INFO - [2025-01-19T03:33:19.192+0000] {dag.py:3239} INFO - Sync 1 DAGs
[2025-01-19T03:33:19.201+0000] {logging_mixin.py:190} INFO - [2025-01-19T03:33:19.201+0000] {dag.py:4180} INFO - Setting next_dagrun for example_params_ui_tutorial to None, run_after=None
[2025-01-19T03:33:19.215+0000] {processor.py:208} INFO - Processing /home/vscode/.local/lib/python3.10/site-packages/airflow/example_dags/example_params_ui_tutorial.py took 0.078 seconds
[2025-01-19T03:34:10.638+0000] {processor.py:186} INFO - Started process (PID=11264) to work on /home/vscode/.local/lib/python3.10/site-packages/airflow/example_dags/example_params_ui_tutorial.py
[2025-01-19T03:34:10.639+0000] {processor.py:914} INFO - Processing file /home/vscode/.local/lib/python3.10/site-packages/airflow/example_dags/example_params_ui_tutorial.py for tasks to queue
[2025-01-19T03:34:10.641+0000] {logging_mixin.py:190} INFO - [2025-01-19T03:34:10.640+0000] {dagbag.py:588} INFO - Filling up the DagBag from /home/vscode/.local/lib/python3.10/site-packages/airflow/example_dags/example_params_ui_tutorial.py
[2025-01-19T03:34:10.648+0000] {processor.py:925} INFO - DAG(s) 'example_params_ui_tutorial' retrieved from /home/vscode/.local/lib/python3.10/site-packages/airflow/example_dags/example_params_ui_tutorial.py
[2025-01-19T03:34:10.684+0000] {logging_mixin.py:190} INFO - [2025-01-19T03:34:10.684+0000] {dag.py:3239} INFO - Sync 1 DAGs
[2025-01-19T03:34:10.694+0000] {logging_mixin.py:190} INFO - [2025-01-19T03:34:10.694+0000] {dag.py:4180} INFO - Setting next_dagrun for example_params_ui_tutorial to None, run_after=None
[2025-01-19T03:34:10.708+0000] {processor.py:208} INFO - Processing /home/vscode/.local/lib/python3.10/site-packages/airflow/example_dags/example_params_ui_tutorial.py took 0.075 seconds
[2025-01-19T03:34:59.698+0000] {processor.py:186} INFO - Started process (PID=11670) to work on /home/vscode/.local/lib/python3.10/site-packages/airflow/example_dags/example_params_ui_tutorial.py
[2025-01-19T03:34:59.699+0000] {processor.py:914} INFO - Processing file /home/vscode/.local/lib/python3.10/site-packages/airflow/example_dags/example_params_ui_tutorial.py for tasks to queue
[2025-01-19T03:34:59.700+0000] {logging_mixin.py:190} INFO - [2025-01-19T03:34:59.700+0000] {dagbag.py:588} INFO - Filling up the DagBag from /home/vscode/.local/lib/python3.10/site-packages/airflow/example_dags/example_params_ui_tutorial.py
[2025-01-19T03:34:59.707+0000] {processor.py:925} INFO - DAG(s) 'example_params_ui_tutorial' retrieved from /home/vscode/.local/lib/python3.10/site-packages/airflow/example_dags/example_params_ui_tutorial.py
[2025-01-19T03:34:59.743+0000] {logging_mixin.py:190} INFO - [2025-01-19T03:34:59.743+0000] {dag.py:3239} INFO - Sync 1 DAGs
[2025-01-19T03:34:59.752+0000] {logging_mixin.py:190} INFO - [2025-01-19T03:34:59.752+0000] {dag.py:4180} INFO - Setting next_dagrun for example_params_ui_tutorial to None, run_after=None
[2025-01-19T03:34:59.768+0000] {processor.py:208} INFO - Processing /home/vscode/.local/lib/python3.10/site-packages/airflow/example_dags/example_params_ui_tutorial.py took 0.074 seconds
[2025-01-19T03:35:49.648+0000] {processor.py:186} INFO - Started process (PID=12062) to work on /home/vscode/.local/lib/python3.10/site-packages/airflow/example_dags/example_params_ui_tutorial.py
[2025-01-19T03:35:49.649+0000] {processor.py:914} INFO - Processing file /home/vscode/.local/lib/python3.10/site-packages/airflow/example_dags/example_params_ui_tutorial.py for tasks to queue
[2025-01-19T03:35:49.651+0000] {logging_mixin.py:190} INFO - [2025-01-19T03:35:49.650+0000] {dagbag.py:588} INFO - Filling up the DagBag from /home/vscode/.local/lib/python3.10/site-packages/airflow/example_dags/example_params_ui_tutorial.py
[2025-01-19T03:35:49.658+0000] {processor.py:925} INFO - DAG(s) 'example_params_ui_tutorial' retrieved from /home/vscode/.local/lib/python3.10/site-packages/airflow/example_dags/example_params_ui_tutorial.py
[2025-01-19T03:35:49.693+0000] {logging_mixin.py:190} INFO - [2025-01-19T03:35:49.693+0000] {dag.py:3239} INFO - Sync 1 DAGs
[2025-01-19T03:35:49.703+0000] {logging_mixin.py:190} INFO - [2025-01-19T03:35:49.702+0000] {dag.py:4180} INFO - Setting next_dagrun for example_params_ui_tutorial to None, run_after=None
[2025-01-19T03:35:49.717+0000] {processor.py:208} INFO - Processing /home/vscode/.local/lib/python3.10/site-packages/airflow/example_dags/example_params_ui_tutorial.py took 0.073 seconds
[2025-01-19T03:36:37.252+0000] {processor.py:186} INFO - Started process (PID=12393) to work on /home/vscode/.local/lib/python3.10/site-packages/airflow/example_dags/example_params_ui_tutorial.py
[2025-01-19T03:36:37.252+0000] {processor.py:914} INFO - Processing file /home/vscode/.local/lib/python3.10/site-packages/airflow/example_dags/example_params_ui_tutorial.py for tasks to queue
[2025-01-19T03:36:37.254+0000] {logging_mixin.py:190} INFO - [2025-01-19T03:36:37.254+0000] {dagbag.py:588} INFO - Filling up the DagBag from /home/vscode/.local/lib/python3.10/site-packages/airflow/example_dags/example_params_ui_tutorial.py
[2025-01-19T03:36:37.261+0000] {processor.py:925} INFO - DAG(s) 'example_params_ui_tutorial' retrieved from /home/vscode/.local/lib/python3.10/site-packages/airflow/example_dags/example_params_ui_tutorial.py
[2025-01-19T03:36:37.296+0000] {logging_mixin.py:190} INFO - [2025-01-19T03:36:37.296+0000] {dag.py:3239} INFO - Sync 1 DAGs
[2025-01-19T03:36:37.305+0000] {logging_mixin.py:190} INFO - [2025-01-19T03:36:37.305+0000] {dag.py:4180} INFO - Setting next_dagrun for example_params_ui_tutorial to None, run_after=None
[2025-01-19T03:36:37.319+0000] {processor.py:208} INFO - Processing /home/vscode/.local/lib/python3.10/site-packages/airflow/example_dags/example_params_ui_tutorial.py took 0.072 seconds
[2025-01-19T03:37:29.417+0000] {processor.py:186} INFO - Started process (PID=12744) to work on /home/vscode/.local/lib/python3.10/site-packages/airflow/example_dags/example_params_ui_tutorial.py
[2025-01-19T03:37:29.418+0000] {processor.py:914} INFO - Processing file /home/vscode/.local/lib/python3.10/site-packages/airflow/example_dags/example_params_ui_tutorial.py for tasks to queue
[2025-01-19T03:37:29.420+0000] {logging_mixin.py:190} INFO - [2025-01-19T03:37:29.419+0000] {dagbag.py:588} INFO - Filling up the DagBag from /home/vscode/.local/lib/python3.10/site-packages/airflow/example_dags/example_params_ui_tutorial.py
[2025-01-19T03:37:29.427+0000] {processor.py:925} INFO - DAG(s) 'example_params_ui_tutorial' retrieved from /home/vscode/.local/lib/python3.10/site-packages/airflow/example_dags/example_params_ui_tutorial.py
[2025-01-19T03:37:29.465+0000] {logging_mixin.py:190} INFO - [2025-01-19T03:37:29.465+0000] {dag.py:3239} INFO - Sync 1 DAGs
[2025-01-19T03:37:29.479+0000] {logging_mixin.py:190} INFO - [2025-01-19T03:37:29.479+0000] {dag.py:4180} INFO - Setting next_dagrun for example_params_ui_tutorial to None, run_after=None
[2025-01-19T03:37:29.500+0000] {processor.py:208} INFO - Processing /home/vscode/.local/lib/python3.10/site-packages/airflow/example_dags/example_params_ui_tutorial.py took 0.087 seconds
[2025-01-19T03:38:22.362+0000] {processor.py:186} INFO - Started process (PID=13110) to work on /home/vscode/.local/lib/python3.10/site-packages/airflow/example_dags/example_params_ui_tutorial.py
[2025-01-19T03:38:22.363+0000] {processor.py:914} INFO - Processing file /home/vscode/.local/lib/python3.10/site-packages/airflow/example_dags/example_params_ui_tutorial.py for tasks to queue
[2025-01-19T03:38:22.365+0000] {logging_mixin.py:190} INFO - [2025-01-19T03:38:22.364+0000] {dagbag.py:588} INFO - Filling up the DagBag from /home/vscode/.local/lib/python3.10/site-packages/airflow/example_dags/example_params_ui_tutorial.py
[2025-01-19T03:38:22.372+0000] {processor.py:925} INFO - DAG(s) 'example_params_ui_tutorial' retrieved from /home/vscode/.local/lib/python3.10/site-packages/airflow/example_dags/example_params_ui_tutorial.py
[2025-01-19T03:38:22.408+0000] {logging_mixin.py:190} INFO - [2025-01-19T03:38:22.408+0000] {dag.py:3239} INFO - Sync 1 DAGs
[2025-01-19T03:38:22.417+0000] {logging_mixin.py:190} INFO - [2025-01-19T03:38:22.417+0000] {dag.py:4180} INFO - Setting next_dagrun for example_params_ui_tutorial to None, run_after=None
[2025-01-19T03:38:22.431+0000] {processor.py:208} INFO - Processing /home/vscode/.local/lib/python3.10/site-packages/airflow/example_dags/example_params_ui_tutorial.py took 0.073 seconds
[2025-01-19T03:39:10.189+0000] {processor.py:186} INFO - Started process (PID=13426) to work on /home/vscode/.local/lib/python3.10/site-packages/airflow/example_dags/example_params_ui_tutorial.py
[2025-01-19T03:39:10.190+0000] {processor.py:914} INFO - Processing file /home/vscode/.local/lib/python3.10/site-packages/airflow/example_dags/example_params_ui_tutorial.py for tasks to queue
[2025-01-19T03:39:10.191+0000] {logging_mixin.py:190} INFO - [2025-01-19T03:39:10.191+0000] {dagbag.py:588} INFO - Filling up the DagBag from /home/vscode/.local/lib/python3.10/site-packages/airflow/example_dags/example_params_ui_tutorial.py
[2025-01-19T03:39:10.199+0000] {processor.py:925} INFO - DAG(s) 'example_params_ui_tutorial' retrieved from /home/vscode/.local/lib/python3.10/site-packages/airflow/example_dags/example_params_ui_tutorial.py
[2025-01-19T03:39:10.240+0000] {logging_mixin.py:190} INFO - [2025-01-19T03:39:10.239+0000] {dag.py:3239} INFO - Sync 1 DAGs
[2025-01-19T03:39:10.250+0000] {logging_mixin.py:190} INFO - [2025-01-19T03:39:10.250+0000] {dag.py:4180} INFO - Setting next_dagrun for example_params_ui_tutorial to None, run_after=None
[2025-01-19T03:39:10.266+0000] {processor.py:208} INFO - Processing /home/vscode/.local/lib/python3.10/site-packages/airflow/example_dags/example_params_ui_tutorial.py took 0.081 seconds
[2025-01-19T03:40:00.732+0000] {processor.py:186} INFO - Started process (PID=13768) to work on /home/vscode/.local/lib/python3.10/site-packages/airflow/example_dags/example_params_ui_tutorial.py
[2025-01-19T03:40:00.732+0000] {processor.py:914} INFO - Processing file /home/vscode/.local/lib/python3.10/site-packages/airflow/example_dags/example_params_ui_tutorial.py for tasks to queue
[2025-01-19T03:40:00.734+0000] {logging_mixin.py:190} INFO - [2025-01-19T03:40:00.734+0000] {dagbag.py:588} INFO - Filling up the DagBag from /home/vscode/.local/lib/python3.10/site-packages/airflow/example_dags/example_params_ui_tutorial.py
[2025-01-19T03:40:00.741+0000] {processor.py:925} INFO - DAG(s) 'example_params_ui_tutorial' retrieved from /home/vscode/.local/lib/python3.10/site-packages/airflow/example_dags/example_params_ui_tutorial.py
[2025-01-19T03:40:00.777+0000] {logging_mixin.py:190} INFO - [2025-01-19T03:40:00.776+0000] {dag.py:3239} INFO - Sync 1 DAGs
[2025-01-19T03:40:00.786+0000] {logging_mixin.py:190} INFO - [2025-01-19T03:40:00.786+0000] {dag.py:4180} INFO - Setting next_dagrun for example_params_ui_tutorial to None, run_after=None
[2025-01-19T03:40:00.801+0000] {processor.py:208} INFO - Processing /home/vscode/.local/lib/python3.10/site-packages/airflow/example_dags/example_params_ui_tutorial.py took 0.074 seconds
[2025-01-19T03:40:51.458+0000] {processor.py:186} INFO - Started process (PID=14112) to work on /home/vscode/.local/lib/python3.10/site-packages/airflow/example_dags/example_params_ui_tutorial.py
[2025-01-19T03:40:51.459+0000] {processor.py:914} INFO - Processing file /home/vscode/.local/lib/python3.10/site-packages/airflow/example_dags/example_params_ui_tutorial.py for tasks to queue
[2025-01-19T03:40:51.460+0000] {logging_mixin.py:190} INFO - [2025-01-19T03:40:51.460+0000] {dagbag.py:588} INFO - Filling up the DagBag from /home/vscode/.local/lib/python3.10/site-packages/airflow/example_dags/example_params_ui_tutorial.py
[2025-01-19T03:40:51.469+0000] {processor.py:925} INFO - DAG(s) 'example_params_ui_tutorial' retrieved from /home/vscode/.local/lib/python3.10/site-packages/airflow/example_dags/example_params_ui_tutorial.py
[2025-01-19T03:40:51.506+0000] {logging_mixin.py:190} INFO - [2025-01-19T03:40:51.506+0000] {dag.py:3239} INFO - Sync 1 DAGs
[2025-01-19T03:40:51.516+0000] {logging_mixin.py:190} INFO - [2025-01-19T03:40:51.516+0000] {dag.py:4180} INFO - Setting next_dagrun for example_params_ui_tutorial to None, run_after=None
[2025-01-19T03:40:51.533+0000] {processor.py:208} INFO - Processing /home/vscode/.local/lib/python3.10/site-packages/airflow/example_dags/example_params_ui_tutorial.py took 0.079 seconds
[2025-01-19T03:41:39.832+0000] {processor.py:186} INFO - Started process (PID=14436) to work on /home/vscode/.local/lib/python3.10/site-packages/airflow/example_dags/example_params_ui_tutorial.py
[2025-01-19T03:41:39.833+0000] {processor.py:914} INFO - Processing file /home/vscode/.local/lib/python3.10/site-packages/airflow/example_dags/example_params_ui_tutorial.py for tasks to queue
[2025-01-19T03:41:39.834+0000] {logging_mixin.py:190} INFO - [2025-01-19T03:41:39.834+0000] {dagbag.py:588} INFO - Filling up the DagBag from /home/vscode/.local/lib/python3.10/site-packages/airflow/example_dags/example_params_ui_tutorial.py
[2025-01-19T03:41:39.841+0000] {processor.py:925} INFO - DAG(s) 'example_params_ui_tutorial' retrieved from /home/vscode/.local/lib/python3.10/site-packages/airflow/example_dags/example_params_ui_tutorial.py
[2025-01-19T03:41:39.877+0000] {logging_mixin.py:190} INFO - [2025-01-19T03:41:39.877+0000] {dag.py:3239} INFO - Sync 1 DAGs
[2025-01-19T03:41:39.887+0000] {logging_mixin.py:190} INFO - [2025-01-19T03:41:39.887+0000] {dag.py:4180} INFO - Setting next_dagrun for example_params_ui_tutorial to None, run_after=None
[2025-01-19T03:41:39.902+0000] {processor.py:208} INFO - Processing /home/vscode/.local/lib/python3.10/site-packages/airflow/example_dags/example_params_ui_tutorial.py took 0.075 seconds
[2025-01-19T03:42:33.331+0000] {processor.py:186} INFO - Started process (PID=14798) to work on /home/vscode/.local/lib/python3.10/site-packages/airflow/example_dags/example_params_ui_tutorial.py
[2025-01-19T03:42:33.332+0000] {processor.py:914} INFO - Processing file /home/vscode/.local/lib/python3.10/site-packages/airflow/example_dags/example_params_ui_tutorial.py for tasks to queue
[2025-01-19T03:42:33.333+0000] {logging_mixin.py:190} INFO - [2025-01-19T03:42:33.333+0000] {dagbag.py:588} INFO - Filling up the DagBag from /home/vscode/.local/lib/python3.10/site-packages/airflow/example_dags/example_params_ui_tutorial.py
[2025-01-19T03:42:33.340+0000] {processor.py:925} INFO - DAG(s) 'example_params_ui_tutorial' retrieved from /home/vscode/.local/lib/python3.10/site-packages/airflow/example_dags/example_params_ui_tutorial.py
[2025-01-19T03:42:33.392+0000] {logging_mixin.py:190} INFO - [2025-01-19T03:42:33.392+0000] {dag.py:3239} INFO - Sync 1 DAGs
[2025-01-19T03:42:33.406+0000] {logging_mixin.py:190} INFO - [2025-01-19T03:42:33.406+0000] {dag.py:4180} INFO - Setting next_dagrun for example_params_ui_tutorial to None, run_after=None
[2025-01-19T03:42:33.423+0000] {processor.py:208} INFO - Processing /home/vscode/.local/lib/python3.10/site-packages/airflow/example_dags/example_params_ui_tutorial.py took 0.097 seconds
[2025-01-19T03:43:24.247+0000] {processor.py:186} INFO - Started process (PID=15141) to work on /home/vscode/.local/lib/python3.10/site-packages/airflow/example_dags/example_params_ui_tutorial.py
[2025-01-19T03:43:24.247+0000] {processor.py:914} INFO - Processing file /home/vscode/.local/lib/python3.10/site-packages/airflow/example_dags/example_params_ui_tutorial.py for tasks to queue
[2025-01-19T03:43:24.249+0000] {logging_mixin.py:190} INFO - [2025-01-19T03:43:24.249+0000] {dagbag.py:588} INFO - Filling up the DagBag from /home/vscode/.local/lib/python3.10/site-packages/airflow/example_dags/example_params_ui_tutorial.py
[2025-01-19T03:43:24.256+0000] {processor.py:925} INFO - DAG(s) 'example_params_ui_tutorial' retrieved from /home/vscode/.local/lib/python3.10/site-packages/airflow/example_dags/example_params_ui_tutorial.py
[2025-01-19T03:43:24.291+0000] {logging_mixin.py:190} INFO - [2025-01-19T03:43:24.291+0000] {dag.py:3239} INFO - Sync 1 DAGs
[2025-01-19T03:43:24.301+0000] {logging_mixin.py:190} INFO - [2025-01-19T03:43:24.301+0000] {dag.py:4180} INFO - Setting next_dagrun for example_params_ui_tutorial to None, run_after=None
[2025-01-19T03:43:24.315+0000] {processor.py:208} INFO - Processing /home/vscode/.local/lib/python3.10/site-packages/airflow/example_dags/example_params_ui_tutorial.py took 0.073 seconds
[2025-01-19T03:44:15.497+0000] {processor.py:186} INFO - Started process (PID=15495) to work on /home/vscode/.local/lib/python3.10/site-packages/airflow/example_dags/example_params_ui_tutorial.py
[2025-01-19T03:44:15.498+0000] {processor.py:914} INFO - Processing file /home/vscode/.local/lib/python3.10/site-packages/airflow/example_dags/example_params_ui_tutorial.py for tasks to queue
[2025-01-19T03:44:15.499+0000] {logging_mixin.py:190} INFO - [2025-01-19T03:44:15.499+0000] {dagbag.py:588} INFO - Filling up the DagBag from /home/vscode/.local/lib/python3.10/site-packages/airflow/example_dags/example_params_ui_tutorial.py
[2025-01-19T03:44:15.507+0000] {processor.py:925} INFO - DAG(s) 'example_params_ui_tutorial' retrieved from /home/vscode/.local/lib/python3.10/site-packages/airflow/example_dags/example_params_ui_tutorial.py
[2025-01-19T03:44:15.545+0000] {logging_mixin.py:190} INFO - [2025-01-19T03:44:15.544+0000] {dag.py:3239} INFO - Sync 1 DAGs
[2025-01-19T03:44:15.554+0000] {logging_mixin.py:190} INFO - [2025-01-19T03:44:15.554+0000] {dag.py:4180} INFO - Setting next_dagrun for example_params_ui_tutorial to None, run_after=None
[2025-01-19T03:44:15.568+0000] {processor.py:208} INFO - Processing /home/vscode/.local/lib/python3.10/site-packages/airflow/example_dags/example_params_ui_tutorial.py took 0.076 seconds
[2025-01-19T03:45:09.280+0000] {processor.py:186} INFO - Started process (PID=15850) to work on /home/vscode/.local/lib/python3.10/site-packages/airflow/example_dags/example_params_ui_tutorial.py
[2025-01-19T03:45:09.281+0000] {processor.py:914} INFO - Processing file /home/vscode/.local/lib/python3.10/site-packages/airflow/example_dags/example_params_ui_tutorial.py for tasks to queue
[2025-01-19T03:45:09.283+0000] {logging_mixin.py:190} INFO - [2025-01-19T03:45:09.282+0000] {dagbag.py:588} INFO - Filling up the DagBag from /home/vscode/.local/lib/python3.10/site-packages/airflow/example_dags/example_params_ui_tutorial.py
[2025-01-19T03:45:09.291+0000] {processor.py:925} INFO - DAG(s) 'example_params_ui_tutorial' retrieved from /home/vscode/.local/lib/python3.10/site-packages/airflow/example_dags/example_params_ui_tutorial.py
[2025-01-19T03:45:09.331+0000] {logging_mixin.py:190} INFO - [2025-01-19T03:45:09.330+0000] {dag.py:3239} INFO - Sync 1 DAGs
[2025-01-19T03:45:09.340+0000] {logging_mixin.py:190} INFO - [2025-01-19T03:45:09.340+0000] {dag.py:4180} INFO - Setting next_dagrun for example_params_ui_tutorial to None, run_after=None
[2025-01-19T03:45:09.356+0000] {processor.py:208} INFO - Processing /home/vscode/.local/lib/python3.10/site-packages/airflow/example_dags/example_params_ui_tutorial.py took 0.080 seconds
[2025-01-19T03:46:00.510+0000] {processor.py:186} INFO - Started process (PID=16193) to work on /home/vscode/.local/lib/python3.10/site-packages/airflow/example_dags/example_params_ui_tutorial.py
[2025-01-19T03:46:00.510+0000] {processor.py:914} INFO - Processing file /home/vscode/.local/lib/python3.10/site-packages/airflow/example_dags/example_params_ui_tutorial.py for tasks to queue
[2025-01-19T03:46:00.512+0000] {logging_mixin.py:190} INFO - [2025-01-19T03:46:00.512+0000] {dagbag.py:588} INFO - Filling up the DagBag from /home/vscode/.local/lib/python3.10/site-packages/airflow/example_dags/example_params_ui_tutorial.py
[2025-01-19T03:46:00.519+0000] {processor.py:925} INFO - DAG(s) 'example_params_ui_tutorial' retrieved from /home/vscode/.local/lib/python3.10/site-packages/airflow/example_dags/example_params_ui_tutorial.py
[2025-01-19T03:46:00.555+0000] {logging_mixin.py:190} INFO - [2025-01-19T03:46:00.555+0000] {dag.py:3239} INFO - Sync 1 DAGs
[2025-01-19T03:46:00.564+0000] {logging_mixin.py:190} INFO - [2025-01-19T03:46:00.564+0000] {dag.py:4180} INFO - Setting next_dagrun for example_params_ui_tutorial to None, run_after=None
[2025-01-19T03:46:00.579+0000] {processor.py:208} INFO - Processing /home/vscode/.local/lib/python3.10/site-packages/airflow/example_dags/example_params_ui_tutorial.py took 0.073 seconds
[2025-01-19T03:46:50.227+0000] {processor.py:186} INFO - Started process (PID=16525) to work on /home/vscode/.local/lib/python3.10/site-packages/airflow/example_dags/example_params_ui_tutorial.py
[2025-01-19T03:46:50.228+0000] {processor.py:914} INFO - Processing file /home/vscode/.local/lib/python3.10/site-packages/airflow/example_dags/example_params_ui_tutorial.py for tasks to queue
[2025-01-19T03:46:50.229+0000] {logging_mixin.py:190} INFO - [2025-01-19T03:46:50.229+0000] {dagbag.py:588} INFO - Filling up the DagBag from /home/vscode/.local/lib/python3.10/site-packages/airflow/example_dags/example_params_ui_tutorial.py
[2025-01-19T03:46:50.237+0000] {processor.py:925} INFO - DAG(s) 'example_params_ui_tutorial' retrieved from /home/vscode/.local/lib/python3.10/site-packages/airflow/example_dags/example_params_ui_tutorial.py
[2025-01-19T03:46:50.273+0000] {logging_mixin.py:190} INFO - [2025-01-19T03:46:50.272+0000] {dag.py:3239} INFO - Sync 1 DAGs
[2025-01-19T03:46:50.282+0000] {logging_mixin.py:190} INFO - [2025-01-19T03:46:50.282+0000] {dag.py:4180} INFO - Setting next_dagrun for example_params_ui_tutorial to None, run_after=None
[2025-01-19T03:46:50.297+0000] {processor.py:208} INFO - Processing /home/vscode/.local/lib/python3.10/site-packages/airflow/example_dags/example_params_ui_tutorial.py took 0.074 seconds
[2025-01-19T03:47:43.378+0000] {processor.py:186} INFO - Started process (PID=16886) to work on /home/vscode/.local/lib/python3.10/site-packages/airflow/example_dags/example_params_ui_tutorial.py
[2025-01-19T03:47:43.379+0000] {processor.py:914} INFO - Processing file /home/vscode/.local/lib/python3.10/site-packages/airflow/example_dags/example_params_ui_tutorial.py for tasks to queue
[2025-01-19T03:47:43.380+0000] {logging_mixin.py:190} INFO - [2025-01-19T03:47:43.380+0000] {dagbag.py:588} INFO - Filling up the DagBag from /home/vscode/.local/lib/python3.10/site-packages/airflow/example_dags/example_params_ui_tutorial.py
[2025-01-19T03:47:43.391+0000] {processor.py:925} INFO - DAG(s) 'example_params_ui_tutorial' retrieved from /home/vscode/.local/lib/python3.10/site-packages/airflow/example_dags/example_params_ui_tutorial.py
[2025-01-19T03:47:43.426+0000] {logging_mixin.py:190} INFO - [2025-01-19T03:47:43.426+0000] {dag.py:3239} INFO - Sync 1 DAGs
[2025-01-19T03:47:43.436+0000] {logging_mixin.py:190} INFO - [2025-01-19T03:47:43.436+0000] {dag.py:4180} INFO - Setting next_dagrun for example_params_ui_tutorial to None, run_after=None
[2025-01-19T03:47:43.451+0000] {processor.py:208} INFO - Processing /home/vscode/.local/lib/python3.10/site-packages/airflow/example_dags/example_params_ui_tutorial.py took 0.078 seconds
[2025-01-19T03:48:32.885+0000] {processor.py:186} INFO - Started process (PID=17229) to work on /home/vscode/.local/lib/python3.10/site-packages/airflow/example_dags/example_params_ui_tutorial.py
[2025-01-19T03:48:32.886+0000] {processor.py:914} INFO - Processing file /home/vscode/.local/lib/python3.10/site-packages/airflow/example_dags/example_params_ui_tutorial.py for tasks to queue
[2025-01-19T03:48:32.887+0000] {logging_mixin.py:190} INFO - [2025-01-19T03:48:32.887+0000] {dagbag.py:588} INFO - Filling up the DagBag from /home/vscode/.local/lib/python3.10/site-packages/airflow/example_dags/example_params_ui_tutorial.py
[2025-01-19T03:48:32.895+0000] {processor.py:925} INFO - DAG(s) 'example_params_ui_tutorial' retrieved from /home/vscode/.local/lib/python3.10/site-packages/airflow/example_dags/example_params_ui_tutorial.py
[2025-01-19T03:48:32.930+0000] {logging_mixin.py:190} INFO - [2025-01-19T03:48:32.930+0000] {dag.py:3239} INFO - Sync 1 DAGs
[2025-01-19T03:48:32.940+0000] {logging_mixin.py:190} INFO - [2025-01-19T03:48:32.939+0000] {dag.py:4180} INFO - Setting next_dagrun for example_params_ui_tutorial to None, run_after=None
[2025-01-19T03:48:32.954+0000] {processor.py:208} INFO - Processing /home/vscode/.local/lib/python3.10/site-packages/airflow/example_dags/example_params_ui_tutorial.py took 0.073 seconds
[2025-01-19T03:49:23.183+0000] {processor.py:186} INFO - Started process (PID=17687) to work on /home/vscode/.local/lib/python3.10/site-packages/airflow/example_dags/example_params_ui_tutorial.py
[2025-01-19T03:49:23.184+0000] {processor.py:914} INFO - Processing file /home/vscode/.local/lib/python3.10/site-packages/airflow/example_dags/example_params_ui_tutorial.py for tasks to queue
[2025-01-19T03:49:23.186+0000] {logging_mixin.py:190} INFO - [2025-01-19T03:49:23.186+0000] {dagbag.py:588} INFO - Filling up the DagBag from /home/vscode/.local/lib/python3.10/site-packages/airflow/example_dags/example_params_ui_tutorial.py
[2025-01-19T03:49:23.197+0000] {processor.py:925} INFO - DAG(s) 'example_params_ui_tutorial' retrieved from /home/vscode/.local/lib/python3.10/site-packages/airflow/example_dags/example_params_ui_tutorial.py
[2025-01-19T03:49:23.246+0000] {logging_mixin.py:190} INFO - [2025-01-19T03:49:23.246+0000] {dag.py:3239} INFO - Sync 1 DAGs
[2025-01-19T03:49:23.256+0000] {logging_mixin.py:190} INFO - [2025-01-19T03:49:23.256+0000] {dag.py:4180} INFO - Setting next_dagrun for example_params_ui_tutorial to None, run_after=None
[2025-01-19T03:49:23.270+0000] {processor.py:208} INFO - Processing /home/vscode/.local/lib/python3.10/site-packages/airflow/example_dags/example_params_ui_tutorial.py took 0.094 seconds
[2025-01-19T03:50:15.657+0000] {processor.py:186} INFO - Started process (PID=18085) to work on /home/vscode/.local/lib/python3.10/site-packages/airflow/example_dags/example_params_ui_tutorial.py
[2025-01-19T03:50:15.658+0000] {processor.py:914} INFO - Processing file /home/vscode/.local/lib/python3.10/site-packages/airflow/example_dags/example_params_ui_tutorial.py for tasks to queue
[2025-01-19T03:50:15.660+0000] {logging_mixin.py:190} INFO - [2025-01-19T03:50:15.659+0000] {dagbag.py:588} INFO - Filling up the DagBag from /home/vscode/.local/lib/python3.10/site-packages/airflow/example_dags/example_params_ui_tutorial.py
[2025-01-19T03:50:15.667+0000] {processor.py:925} INFO - DAG(s) 'example_params_ui_tutorial' retrieved from /home/vscode/.local/lib/python3.10/site-packages/airflow/example_dags/example_params_ui_tutorial.py
[2025-01-19T03:50:15.703+0000] {logging_mixin.py:190} INFO - [2025-01-19T03:50:15.703+0000] {dag.py:3239} INFO - Sync 1 DAGs
[2025-01-19T03:50:15.713+0000] {logging_mixin.py:190} INFO - [2025-01-19T03:50:15.713+0000] {dag.py:4180} INFO - Setting next_dagrun for example_params_ui_tutorial to None, run_after=None
[2025-01-19T03:50:15.728+0000] {processor.py:208} INFO - Processing /home/vscode/.local/lib/python3.10/site-packages/airflow/example_dags/example_params_ui_tutorial.py took 0.075 seconds
[2025-01-19T03:51:05.342+0000] {processor.py:186} INFO - Started process (PID=18466) to work on /home/vscode/.local/lib/python3.10/site-packages/airflow/example_dags/example_params_ui_tutorial.py
[2025-01-19T03:51:05.343+0000] {processor.py:914} INFO - Processing file /home/vscode/.local/lib/python3.10/site-packages/airflow/example_dags/example_params_ui_tutorial.py for tasks to queue
[2025-01-19T03:51:05.344+0000] {logging_mixin.py:190} INFO - [2025-01-19T03:51:05.344+0000] {dagbag.py:588} INFO - Filling up the DagBag from /home/vscode/.local/lib/python3.10/site-packages/airflow/example_dags/example_params_ui_tutorial.py
[2025-01-19T03:51:05.351+0000] {processor.py:925} INFO - DAG(s) 'example_params_ui_tutorial' retrieved from /home/vscode/.local/lib/python3.10/site-packages/airflow/example_dags/example_params_ui_tutorial.py
[2025-01-19T03:51:05.387+0000] {logging_mixin.py:190} INFO - [2025-01-19T03:51:05.387+0000] {dag.py:3239} INFO - Sync 1 DAGs
[2025-01-19T03:51:05.396+0000] {logging_mixin.py:190} INFO - [2025-01-19T03:51:05.396+0000] {dag.py:4180} INFO - Setting next_dagrun for example_params_ui_tutorial to None, run_after=None
[2025-01-19T03:51:05.411+0000] {processor.py:208} INFO - Processing /home/vscode/.local/lib/python3.10/site-packages/airflow/example_dags/example_params_ui_tutorial.py took 0.073 seconds
[2025-01-19T03:55:17.768+0000] {processor.py:186} INFO - Started process (PID=20260) to work on /home/vscode/.local/lib/python3.10/site-packages/airflow/example_dags/example_params_ui_tutorial.py
[2025-01-19T03:55:17.769+0000] {processor.py:914} INFO - Processing file /home/vscode/.local/lib/python3.10/site-packages/airflow/example_dags/example_params_ui_tutorial.py for tasks to queue
[2025-01-19T03:55:17.771+0000] {logging_mixin.py:190} INFO - [2025-01-19T03:55:17.770+0000] {dagbag.py:588} INFO - Filling up the DagBag from /home/vscode/.local/lib/python3.10/site-packages/airflow/example_dags/example_params_ui_tutorial.py
[2025-01-19T03:55:17.779+0000] {processor.py:925} INFO - DAG(s) 'example_params_ui_tutorial' retrieved from /home/vscode/.local/lib/python3.10/site-packages/airflow/example_dags/example_params_ui_tutorial.py
[2025-01-19T03:55:17.816+0000] {logging_mixin.py:190} INFO - [2025-01-19T03:55:17.816+0000] {dag.py:3239} INFO - Sync 1 DAGs
[2025-01-19T03:55:17.826+0000] {logging_mixin.py:190} INFO - [2025-01-19T03:55:17.826+0000] {dag.py:4180} INFO - Setting next_dagrun for example_params_ui_tutorial to None, run_after=None
[2025-01-19T03:55:17.840+0000] {processor.py:208} INFO - Processing /home/vscode/.local/lib/python3.10/site-packages/airflow/example_dags/example_params_ui_tutorial.py took 0.077 seconds
[2025-01-19T03:56:14.473+0000] {processor.py:186} INFO - Started process (PID=20645) to work on /home/vscode/.local/lib/python3.10/site-packages/airflow/example_dags/example_params_ui_tutorial.py
[2025-01-19T03:56:14.474+0000] {processor.py:914} INFO - Processing file /home/vscode/.local/lib/python3.10/site-packages/airflow/example_dags/example_params_ui_tutorial.py for tasks to queue
[2025-01-19T03:56:14.476+0000] {logging_mixin.py:190} INFO - [2025-01-19T03:56:14.476+0000] {dagbag.py:588} INFO - Filling up the DagBag from /home/vscode/.local/lib/python3.10/site-packages/airflow/example_dags/example_params_ui_tutorial.py
[2025-01-19T03:56:14.483+0000] {processor.py:925} INFO - DAG(s) 'example_params_ui_tutorial' retrieved from /home/vscode/.local/lib/python3.10/site-packages/airflow/example_dags/example_params_ui_tutorial.py
[2025-01-19T03:56:14.519+0000] {logging_mixin.py:190} INFO - [2025-01-19T03:56:14.518+0000] {dag.py:3239} INFO - Sync 1 DAGs
[2025-01-19T03:56:14.528+0000] {logging_mixin.py:190} INFO - [2025-01-19T03:56:14.528+0000] {dag.py:4180} INFO - Setting next_dagrun for example_params_ui_tutorial to None, run_after=None
[2025-01-19T03:56:14.542+0000] {processor.py:208} INFO - Processing /home/vscode/.local/lib/python3.10/site-packages/airflow/example_dags/example_params_ui_tutorial.py took 0.073 seconds
[2025-01-19T03:57:11.031+0000] {processor.py:186} INFO - Started process (PID=21036) to work on /home/vscode/.local/lib/python3.10/site-packages/airflow/example_dags/example_params_ui_tutorial.py
[2025-01-19T03:57:11.032+0000] {processor.py:914} INFO - Processing file /home/vscode/.local/lib/python3.10/site-packages/airflow/example_dags/example_params_ui_tutorial.py for tasks to queue
[2025-01-19T03:57:11.034+0000] {logging_mixin.py:190} INFO - [2025-01-19T03:57:11.033+0000] {dagbag.py:588} INFO - Filling up the DagBag from /home/vscode/.local/lib/python3.10/site-packages/airflow/example_dags/example_params_ui_tutorial.py
[2025-01-19T03:57:11.041+0000] {processor.py:925} INFO - DAG(s) 'example_params_ui_tutorial' retrieved from /home/vscode/.local/lib/python3.10/site-packages/airflow/example_dags/example_params_ui_tutorial.py
[2025-01-19T03:57:11.076+0000] {logging_mixin.py:190} INFO - [2025-01-19T03:57:11.076+0000] {dag.py:3239} INFO - Sync 1 DAGs
[2025-01-19T03:57:11.085+0000] {logging_mixin.py:190} INFO - [2025-01-19T03:57:11.085+0000] {dag.py:4180} INFO - Setting next_dagrun for example_params_ui_tutorial to None, run_after=None
[2025-01-19T03:57:11.100+0000] {processor.py:208} INFO - Processing /home/vscode/.local/lib/python3.10/site-packages/airflow/example_dags/example_params_ui_tutorial.py took 0.073 seconds
[2025-01-19T03:58:02.522+0000] {processor.py:186} INFO - Started process (PID=21385) to work on /home/vscode/.local/lib/python3.10/site-packages/airflow/example_dags/example_params_ui_tutorial.py
[2025-01-19T03:58:02.523+0000] {processor.py:914} INFO - Processing file /home/vscode/.local/lib/python3.10/site-packages/airflow/example_dags/example_params_ui_tutorial.py for tasks to queue
[2025-01-19T03:58:02.524+0000] {logging_mixin.py:190} INFO - [2025-01-19T03:58:02.524+0000] {dagbag.py:588} INFO - Filling up the DagBag from /home/vscode/.local/lib/python3.10/site-packages/airflow/example_dags/example_params_ui_tutorial.py
[2025-01-19T03:58:02.531+0000] {processor.py:925} INFO - DAG(s) 'example_params_ui_tutorial' retrieved from /home/vscode/.local/lib/python3.10/site-packages/airflow/example_dags/example_params_ui_tutorial.py
[2025-01-19T03:58:02.567+0000] {logging_mixin.py:190} INFO - [2025-01-19T03:58:02.566+0000] {dag.py:3239} INFO - Sync 1 DAGs
[2025-01-19T03:58:02.576+0000] {logging_mixin.py:190} INFO - [2025-01-19T03:58:02.576+0000] {dag.py:4180} INFO - Setting next_dagrun for example_params_ui_tutorial to None, run_after=None
[2025-01-19T03:58:02.590+0000] {processor.py:208} INFO - Processing /home/vscode/.local/lib/python3.10/site-packages/airflow/example_dags/example_params_ui_tutorial.py took 0.073 seconds
[2025-01-19T03:58:53.677+0000] {processor.py:186} INFO - Started process (PID=21734) to work on /home/vscode/.local/lib/python3.10/site-packages/airflow/example_dags/example_params_ui_tutorial.py
[2025-01-19T03:58:53.678+0000] {processor.py:914} INFO - Processing file /home/vscode/.local/lib/python3.10/site-packages/airflow/example_dags/example_params_ui_tutorial.py for tasks to queue
[2025-01-19T03:58:53.680+0000] {logging_mixin.py:190} INFO - [2025-01-19T03:58:53.679+0000] {dagbag.py:588} INFO - Filling up the DagBag from /home/vscode/.local/lib/python3.10/site-packages/airflow/example_dags/example_params_ui_tutorial.py
[2025-01-19T03:58:53.687+0000] {processor.py:925} INFO - DAG(s) 'example_params_ui_tutorial' retrieved from /home/vscode/.local/lib/python3.10/site-packages/airflow/example_dags/example_params_ui_tutorial.py
[2025-01-19T03:58:53.728+0000] {logging_mixin.py:190} INFO - [2025-01-19T03:58:53.728+0000] {dag.py:3239} INFO - Sync 1 DAGs
[2025-01-19T03:58:53.743+0000] {logging_mixin.py:190} INFO - [2025-01-19T03:58:53.742+0000] {dag.py:4180} INFO - Setting next_dagrun for example_params_ui_tutorial to None, run_after=None
[2025-01-19T03:58:53.771+0000] {processor.py:208} INFO - Processing /home/vscode/.local/lib/python3.10/site-packages/airflow/example_dags/example_params_ui_tutorial.py took 0.098 seconds
[2025-01-19T03:59:45.230+0000] {processor.py:186} INFO - Started process (PID=22079) to work on /home/vscode/.local/lib/python3.10/site-packages/airflow/example_dags/example_params_ui_tutorial.py
[2025-01-19T03:59:45.231+0000] {processor.py:914} INFO - Processing file /home/vscode/.local/lib/python3.10/site-packages/airflow/example_dags/example_params_ui_tutorial.py for tasks to queue
[2025-01-19T03:59:45.232+0000] {logging_mixin.py:190} INFO - [2025-01-19T03:59:45.232+0000] {dagbag.py:588} INFO - Filling up the DagBag from /home/vscode/.local/lib/python3.10/site-packages/airflow/example_dags/example_params_ui_tutorial.py
[2025-01-19T03:59:45.239+0000] {processor.py:925} INFO - DAG(s) 'example_params_ui_tutorial' retrieved from /home/vscode/.local/lib/python3.10/site-packages/airflow/example_dags/example_params_ui_tutorial.py
[2025-01-19T03:59:45.275+0000] {logging_mixin.py:190} INFO - [2025-01-19T03:59:45.275+0000] {dag.py:3239} INFO - Sync 1 DAGs
[2025-01-19T03:59:45.285+0000] {logging_mixin.py:190} INFO - [2025-01-19T03:59:45.285+0000] {dag.py:4180} INFO - Setting next_dagrun for example_params_ui_tutorial to None, run_after=None
[2025-01-19T03:59:45.299+0000] {processor.py:208} INFO - Processing /home/vscode/.local/lib/python3.10/site-packages/airflow/example_dags/example_params_ui_tutorial.py took 0.074 seconds
[2025-01-19T04:00:37.765+0000] {processor.py:186} INFO - Started process (PID=22437) to work on /home/vscode/.local/lib/python3.10/site-packages/airflow/example_dags/example_params_ui_tutorial.py
[2025-01-19T04:00:37.766+0000] {processor.py:914} INFO - Processing file /home/vscode/.local/lib/python3.10/site-packages/airflow/example_dags/example_params_ui_tutorial.py for tasks to queue
[2025-01-19T04:00:37.768+0000] {logging_mixin.py:190} INFO - [2025-01-19T04:00:37.767+0000] {dagbag.py:588} INFO - Filling up the DagBag from /home/vscode/.local/lib/python3.10/site-packages/airflow/example_dags/example_params_ui_tutorial.py
[2025-01-19T04:00:37.775+0000] {processor.py:925} INFO - DAG(s) 'example_params_ui_tutorial' retrieved from /home/vscode/.local/lib/python3.10/site-packages/airflow/example_dags/example_params_ui_tutorial.py
[2025-01-19T04:00:37.810+0000] {logging_mixin.py:190} INFO - [2025-01-19T04:00:37.810+0000] {dag.py:3239} INFO - Sync 1 DAGs
[2025-01-19T04:00:37.820+0000] {logging_mixin.py:190} INFO - [2025-01-19T04:00:37.819+0000] {dag.py:4180} INFO - Setting next_dagrun for example_params_ui_tutorial to None, run_after=None
[2025-01-19T04:00:37.834+0000] {processor.py:208} INFO - Processing /home/vscode/.local/lib/python3.10/site-packages/airflow/example_dags/example_params_ui_tutorial.py took 0.073 seconds
[2025-01-19T04:01:27.971+0000] {processor.py:186} INFO - Started process (PID=22772) to work on /home/vscode/.local/lib/python3.10/site-packages/airflow/example_dags/example_params_ui_tutorial.py
[2025-01-19T04:01:27.972+0000] {processor.py:914} INFO - Processing file /home/vscode/.local/lib/python3.10/site-packages/airflow/example_dags/example_params_ui_tutorial.py for tasks to queue
[2025-01-19T04:01:27.973+0000] {logging_mixin.py:190} INFO - [2025-01-19T04:01:27.973+0000] {dagbag.py:588} INFO - Filling up the DagBag from /home/vscode/.local/lib/python3.10/site-packages/airflow/example_dags/example_params_ui_tutorial.py
[2025-01-19T04:01:27.981+0000] {processor.py:925} INFO - DAG(s) 'example_params_ui_tutorial' retrieved from /home/vscode/.local/lib/python3.10/site-packages/airflow/example_dags/example_params_ui_tutorial.py
[2025-01-19T04:01:28.017+0000] {logging_mixin.py:190} INFO - [2025-01-19T04:01:28.017+0000] {dag.py:3239} INFO - Sync 1 DAGs
[2025-01-19T04:01:28.030+0000] {logging_mixin.py:190} INFO - [2025-01-19T04:01:28.030+0000] {dag.py:4180} INFO - Setting next_dagrun for example_params_ui_tutorial to None, run_after=None
[2025-01-19T04:01:28.051+0000] {processor.py:208} INFO - Processing /home/vscode/.local/lib/python3.10/site-packages/airflow/example_dags/example_params_ui_tutorial.py took 0.084 seconds
[2025-01-19T04:02:20.734+0000] {processor.py:186} INFO - Started process (PID=23138) to work on /home/vscode/.local/lib/python3.10/site-packages/airflow/example_dags/example_params_ui_tutorial.py
[2025-01-19T04:02:20.735+0000] {processor.py:914} INFO - Processing file /home/vscode/.local/lib/python3.10/site-packages/airflow/example_dags/example_params_ui_tutorial.py for tasks to queue
[2025-01-19T04:02:20.737+0000] {logging_mixin.py:190} INFO - [2025-01-19T04:02:20.736+0000] {dagbag.py:588} INFO - Filling up the DagBag from /home/vscode/.local/lib/python3.10/site-packages/airflow/example_dags/example_params_ui_tutorial.py
[2025-01-19T04:02:20.744+0000] {processor.py:925} INFO - DAG(s) 'example_params_ui_tutorial' retrieved from /home/vscode/.local/lib/python3.10/site-packages/airflow/example_dags/example_params_ui_tutorial.py
[2025-01-19T04:02:20.780+0000] {logging_mixin.py:190} INFO - [2025-01-19T04:02:20.779+0000] {dag.py:3239} INFO - Sync 1 DAGs
[2025-01-19T04:02:20.790+0000] {logging_mixin.py:190} INFO - [2025-01-19T04:02:20.790+0000] {dag.py:4180} INFO - Setting next_dagrun for example_params_ui_tutorial to None, run_after=None
[2025-01-19T04:02:20.805+0000] {processor.py:208} INFO - Processing /home/vscode/.local/lib/python3.10/site-packages/airflow/example_dags/example_params_ui_tutorial.py took 0.075 seconds
