[2025-01-19T03:20:34.932+0000] {processor.py:186} INFO - Started process (PID=4900) to work on /home/vscode/.local/lib/python3.10/site-packages/airflow/example_dags/tutorial_taskflow_templates.py
[2025-01-19T03:20:34.933+0000] {processor.py:914} INFO - Processing file /home/vscode/.local/lib/python3.10/site-packages/airflow/example_dags/tutorial_taskflow_templates.py for tasks to queue
[2025-01-19T03:20:34.936+0000] {logging_mixin.py:190} INFO - [2025-01-19T03:20:34.935+0000] {dagbag.py:588} INFO - Filling up the DagBag from /home/vscode/.local/lib/python3.10/site-packages/airflow/example_dags/tutorial_taskflow_templates.py
[2025-01-19T03:20:34.952+0000] {processor.py:925} INFO - DAG(s) 'tutorial_taskflow_templates' retrieved from /home/vscode/.local/lib/python3.10/site-packages/airflow/example_dags/tutorial_taskflow_templates.py
[2025-01-19T03:20:35.088+0000] {logging_mixin.py:190} INFO - [2025-01-19T03:20:35.088+0000] {override.py:1911} INFO - Created Permission View: can read on DAG:tutorial_taskflow_templates
[2025-01-19T03:20:35.096+0000] {logging_mixin.py:190} INFO - [2025-01-19T03:20:35.096+0000] {override.py:1911} INFO - Created Permission View: can edit on DAG:tutorial_taskflow_templates
[2025-01-19T03:20:35.103+0000] {logging_mixin.py:190} INFO - [2025-01-19T03:20:35.103+0000] {override.py:1911} INFO - Created Permission View: can delete on DAG:tutorial_taskflow_templates
[2025-01-19T03:20:35.112+0000] {logging_mixin.py:190} INFO - [2025-01-19T03:20:35.112+0000] {override.py:1911} INFO - Created Permission View: menu access on DAG Run:tutorial_taskflow_templates
[2025-01-19T03:20:35.118+0000] {logging_mixin.py:190} INFO - [2025-01-19T03:20:35.118+0000] {override.py:1911} INFO - Created Permission View: can read on DAG Run:tutorial_taskflow_templates
[2025-01-19T03:20:35.124+0000] {logging_mixin.py:190} INFO - [2025-01-19T03:20:35.124+0000] {override.py:1911} INFO - Created Permission View: can create on DAG Run:tutorial_taskflow_templates
[2025-01-19T03:20:35.130+0000] {logging_mixin.py:190} INFO - [2025-01-19T03:20:35.129+0000] {override.py:1911} INFO - Created Permission View: can delete on DAG Run:tutorial_taskflow_templates
[2025-01-19T03:20:35.130+0000] {logging_mixin.py:190} INFO - [2025-01-19T03:20:35.130+0000] {dag.py:3239} INFO - Sync 1 DAGs
[2025-01-19T03:20:35.139+0000] {logging_mixin.py:190} INFO - [2025-01-19T03:20:35.139+0000] {dag.py:3262} INFO - Creating ORM DAG for tutorial_taskflow_templates
[2025-01-19T03:20:35.146+0000] {logging_mixin.py:190} INFO - [2025-01-19T03:20:35.146+0000] {dag.py:4180} INFO - Setting next_dagrun for tutorial_taskflow_templates to 2025-01-18 00:00:00+00:00, run_after=2025-01-19 00:00:00+00:00
[2025-01-19T03:20:35.160+0000] {processor.py:208} INFO - Processing /home/vscode/.local/lib/python3.10/site-packages/airflow/example_dags/tutorial_taskflow_templates.py took 0.234 seconds
[2025-01-19T03:21:37.456+0000] {processor.py:186} INFO - Started process (PID=5479) to work on /home/vscode/.local/lib/python3.10/site-packages/airflow/example_dags/tutorial_taskflow_templates.py
[2025-01-19T03:21:37.457+0000] {processor.py:914} INFO - Processing file /home/vscode/.local/lib/python3.10/site-packages/airflow/example_dags/tutorial_taskflow_templates.py for tasks to queue
[2025-01-19T03:21:37.459+0000] {logging_mixin.py:190} INFO - [2025-01-19T03:21:37.458+0000] {dagbag.py:588} INFO - Filling up the DagBag from /home/vscode/.local/lib/python3.10/site-packages/airflow/example_dags/tutorial_taskflow_templates.py
[2025-01-19T03:21:37.469+0000] {processor.py:925} INFO - DAG(s) 'tutorial_taskflow_templates' retrieved from /home/vscode/.local/lib/python3.10/site-packages/airflow/example_dags/tutorial_taskflow_templates.py
[2025-01-19T03:21:37.481+0000] {logging_mixin.py:190} INFO - [2025-01-19T03:21:37.481+0000] {dag.py:3239} INFO - Sync 1 DAGs
[2025-01-19T03:21:37.497+0000] {logging_mixin.py:190} INFO - [2025-01-19T03:21:37.497+0000] {dag.py:4180} INFO - Setting next_dagrun for tutorial_taskflow_templates to 2025-01-18 00:00:00+00:00, run_after=2025-01-19 00:00:00+00:00
[2025-01-19T03:21:37.512+0000] {processor.py:208} INFO - Processing /home/vscode/.local/lib/python3.10/site-packages/airflow/example_dags/tutorial_taskflow_templates.py took 0.060 seconds
[2025-01-19T03:22:32.272+0000] {processor.py:186} INFO - Started process (PID=5864) to work on /home/vscode/.local/lib/python3.10/site-packages/airflow/example_dags/tutorial_taskflow_templates.py
[2025-01-19T03:22:32.272+0000] {processor.py:914} INFO - Processing file /home/vscode/.local/lib/python3.10/site-packages/airflow/example_dags/tutorial_taskflow_templates.py for tasks to queue
[2025-01-19T03:22:32.274+0000] {logging_mixin.py:190} INFO - [2025-01-19T03:22:32.274+0000] {dagbag.py:588} INFO - Filling up the DagBag from /home/vscode/.local/lib/python3.10/site-packages/airflow/example_dags/tutorial_taskflow_templates.py
[2025-01-19T03:22:32.285+0000] {processor.py:925} INFO - DAG(s) 'tutorial_taskflow_templates' retrieved from /home/vscode/.local/lib/python3.10/site-packages/airflow/example_dags/tutorial_taskflow_templates.py
[2025-01-19T03:22:32.297+0000] {logging_mixin.py:190} INFO - [2025-01-19T03:22:32.296+0000] {dag.py:3239} INFO - Sync 1 DAGs
[2025-01-19T03:22:32.312+0000] {logging_mixin.py:190} INFO - [2025-01-19T03:22:32.312+0000] {dag.py:4180} INFO - Setting next_dagrun for tutorial_taskflow_templates to 2025-01-18 00:00:00+00:00, run_after=2025-01-19 00:00:00+00:00
[2025-01-19T03:22:32.327+0000] {processor.py:208} INFO - Processing /home/vscode/.local/lib/python3.10/site-packages/airflow/example_dags/tutorial_taskflow_templates.py took 0.060 seconds
[2025-01-19T03:23:19.192+0000] {processor.py:186} INFO - Started process (PID=6278) to work on /home/vscode/.local/lib/python3.10/site-packages/airflow/example_dags/tutorial_taskflow_templates.py
[2025-01-19T03:23:19.193+0000] {processor.py:914} INFO - Processing file /home/vscode/.local/lib/python3.10/site-packages/airflow/example_dags/tutorial_taskflow_templates.py for tasks to queue
[2025-01-19T03:23:19.194+0000] {logging_mixin.py:190} INFO - [2025-01-19T03:23:19.194+0000] {dagbag.py:588} INFO - Filling up the DagBag from /home/vscode/.local/lib/python3.10/site-packages/airflow/example_dags/tutorial_taskflow_templates.py
[2025-01-19T03:23:19.205+0000] {processor.py:925} INFO - DAG(s) 'tutorial_taskflow_templates' retrieved from /home/vscode/.local/lib/python3.10/site-packages/airflow/example_dags/tutorial_taskflow_templates.py
[2025-01-19T03:23:19.217+0000] {logging_mixin.py:190} INFO - [2025-01-19T03:23:19.217+0000] {dag.py:3239} INFO - Sync 1 DAGs
[2025-01-19T03:23:19.232+0000] {logging_mixin.py:190} INFO - [2025-01-19T03:23:19.232+0000] {dag.py:4180} INFO - Setting next_dagrun for tutorial_taskflow_templates to 2025-01-18 00:00:00+00:00, run_after=2025-01-19 00:00:00+00:00
[2025-01-19T03:23:19.247+0000] {processor.py:208} INFO - Processing /home/vscode/.local/lib/python3.10/site-packages/airflow/example_dags/tutorial_taskflow_templates.py took 0.060 seconds
[2025-01-19T03:24:10.727+0000] {processor.py:186} INFO - Started process (PID=6678) to work on /home/vscode/.local/lib/python3.10/site-packages/airflow/example_dags/tutorial_taskflow_templates.py
[2025-01-19T03:24:10.727+0000] {processor.py:914} INFO - Processing file /home/vscode/.local/lib/python3.10/site-packages/airflow/example_dags/tutorial_taskflow_templates.py for tasks to queue
[2025-01-19T03:24:10.729+0000] {logging_mixin.py:190} INFO - [2025-01-19T03:24:10.729+0000] {dagbag.py:588} INFO - Filling up the DagBag from /home/vscode/.local/lib/python3.10/site-packages/airflow/example_dags/tutorial_taskflow_templates.py
[2025-01-19T03:24:10.739+0000] {processor.py:925} INFO - DAG(s) 'tutorial_taskflow_templates' retrieved from /home/vscode/.local/lib/python3.10/site-packages/airflow/example_dags/tutorial_taskflow_templates.py
[2025-01-19T03:24:10.751+0000] {logging_mixin.py:190} INFO - [2025-01-19T03:24:10.751+0000] {dag.py:3239} INFO - Sync 1 DAGs
[2025-01-19T03:24:10.766+0000] {logging_mixin.py:190} INFO - [2025-01-19T03:24:10.766+0000] {dag.py:4180} INFO - Setting next_dagrun for tutorial_taskflow_templates to 2025-01-18 00:00:00+00:00, run_after=2025-01-19 00:00:00+00:00
[2025-01-19T03:24:10.780+0000] {processor.py:208} INFO - Processing /home/vscode/.local/lib/python3.10/site-packages/airflow/example_dags/tutorial_taskflow_templates.py took 0.058 seconds
[2025-01-19T03:25:03.156+0000] {processor.py:186} INFO - Started process (PID=7083) to work on /home/vscode/.local/lib/python3.10/site-packages/airflow/example_dags/tutorial_taskflow_templates.py
[2025-01-19T03:25:03.157+0000] {processor.py:914} INFO - Processing file /home/vscode/.local/lib/python3.10/site-packages/airflow/example_dags/tutorial_taskflow_templates.py for tasks to queue
[2025-01-19T03:25:03.158+0000] {logging_mixin.py:190} INFO - [2025-01-19T03:25:03.158+0000] {dagbag.py:588} INFO - Filling up the DagBag from /home/vscode/.local/lib/python3.10/site-packages/airflow/example_dags/tutorial_taskflow_templates.py
[2025-01-19T03:25:03.169+0000] {processor.py:925} INFO - DAG(s) 'tutorial_taskflow_templates' retrieved from /home/vscode/.local/lib/python3.10/site-packages/airflow/example_dags/tutorial_taskflow_templates.py
[2025-01-19T03:25:03.181+0000] {logging_mixin.py:190} INFO - [2025-01-19T03:25:03.180+0000] {dag.py:3239} INFO - Sync 1 DAGs
[2025-01-19T03:25:03.197+0000] {logging_mixin.py:190} INFO - [2025-01-19T03:25:03.197+0000] {dag.py:4180} INFO - Setting next_dagrun for tutorial_taskflow_templates to 2025-01-18 00:00:00+00:00, run_after=2025-01-19 00:00:00+00:00
[2025-01-19T03:25:03.211+0000] {processor.py:208} INFO - Processing /home/vscode/.local/lib/python3.10/site-packages/airflow/example_dags/tutorial_taskflow_templates.py took 0.060 seconds
[2025-01-19T03:25:52.964+0000] {processor.py:186} INFO - Started process (PID=7489) to work on /home/vscode/.local/lib/python3.10/site-packages/airflow/example_dags/tutorial_taskflow_templates.py
[2025-01-19T03:25:52.965+0000] {processor.py:914} INFO - Processing file /home/vscode/.local/lib/python3.10/site-packages/airflow/example_dags/tutorial_taskflow_templates.py for tasks to queue
[2025-01-19T03:25:52.967+0000] {logging_mixin.py:190} INFO - [2025-01-19T03:25:52.966+0000] {dagbag.py:588} INFO - Filling up the DagBag from /home/vscode/.local/lib/python3.10/site-packages/airflow/example_dags/tutorial_taskflow_templates.py
[2025-01-19T03:25:52.978+0000] {processor.py:925} INFO - DAG(s) 'tutorial_taskflow_templates' retrieved from /home/vscode/.local/lib/python3.10/site-packages/airflow/example_dags/tutorial_taskflow_templates.py
[2025-01-19T03:25:52.990+0000] {logging_mixin.py:190} INFO - [2025-01-19T03:25:52.989+0000] {dag.py:3239} INFO - Sync 1 DAGs
[2025-01-19T03:25:53.005+0000] {logging_mixin.py:190} INFO - [2025-01-19T03:25:53.005+0000] {dag.py:4180} INFO - Setting next_dagrun for tutorial_taskflow_templates to 2025-01-18 00:00:00+00:00, run_after=2025-01-19 00:00:00+00:00
[2025-01-19T03:25:53.020+0000] {processor.py:208} INFO - Processing /home/vscode/.local/lib/python3.10/site-packages/airflow/example_dags/tutorial_taskflow_templates.py took 0.060 seconds
[2025-01-19T03:26:46.088+0000] {processor.py:186} INFO - Started process (PID=7894) to work on /home/vscode/.local/lib/python3.10/site-packages/airflow/example_dags/tutorial_taskflow_templates.py
[2025-01-19T03:26:46.089+0000] {processor.py:914} INFO - Processing file /home/vscode/.local/lib/python3.10/site-packages/airflow/example_dags/tutorial_taskflow_templates.py for tasks to queue
[2025-01-19T03:26:46.091+0000] {logging_mixin.py:190} INFO - [2025-01-19T03:26:46.091+0000] {dagbag.py:588} INFO - Filling up the DagBag from /home/vscode/.local/lib/python3.10/site-packages/airflow/example_dags/tutorial_taskflow_templates.py
[2025-01-19T03:26:46.102+0000] {processor.py:925} INFO - DAG(s) 'tutorial_taskflow_templates' retrieved from /home/vscode/.local/lib/python3.10/site-packages/airflow/example_dags/tutorial_taskflow_templates.py
[2025-01-19T03:26:46.115+0000] {logging_mixin.py:190} INFO - [2025-01-19T03:26:46.115+0000] {dag.py:3239} INFO - Sync 1 DAGs
[2025-01-19T03:26:46.131+0000] {logging_mixin.py:190} INFO - [2025-01-19T03:26:46.131+0000] {dag.py:4180} INFO - Setting next_dagrun for tutorial_taskflow_templates to 2025-01-18 00:00:00+00:00, run_after=2025-01-19 00:00:00+00:00
[2025-01-19T03:26:46.145+0000] {processor.py:208} INFO - Processing /home/vscode/.local/lib/python3.10/site-packages/airflow/example_dags/tutorial_taskflow_templates.py took 0.061 seconds
[2025-01-19T03:27:38.952+0000] {processor.py:186} INFO - Started process (PID=8283) to work on /home/vscode/.local/lib/python3.10/site-packages/airflow/example_dags/tutorial_taskflow_templates.py
[2025-01-19T03:27:38.952+0000] {processor.py:914} INFO - Processing file /home/vscode/.local/lib/python3.10/site-packages/airflow/example_dags/tutorial_taskflow_templates.py for tasks to queue
[2025-01-19T03:27:38.954+0000] {logging_mixin.py:190} INFO - [2025-01-19T03:27:38.954+0000] {dagbag.py:588} INFO - Filling up the DagBag from /home/vscode/.local/lib/python3.10/site-packages/airflow/example_dags/tutorial_taskflow_templates.py
[2025-01-19T03:27:38.964+0000] {processor.py:925} INFO - DAG(s) 'tutorial_taskflow_templates' retrieved from /home/vscode/.local/lib/python3.10/site-packages/airflow/example_dags/tutorial_taskflow_templates.py
[2025-01-19T03:27:38.976+0000] {logging_mixin.py:190} INFO - [2025-01-19T03:27:38.976+0000] {dag.py:3239} INFO - Sync 1 DAGs
[2025-01-19T03:27:38.992+0000] {logging_mixin.py:190} INFO - [2025-01-19T03:27:38.992+0000] {dag.py:4180} INFO - Setting next_dagrun for tutorial_taskflow_templates to 2025-01-18 00:00:00+00:00, run_after=2025-01-19 00:00:00+00:00
[2025-01-19T03:27:39.006+0000] {processor.py:208} INFO - Processing /home/vscode/.local/lib/python3.10/site-packages/airflow/example_dags/tutorial_taskflow_templates.py took 0.059 seconds
[2025-01-19T03:28:32.952+0000] {processor.py:186} INFO - Started process (PID=8793) to work on /home/vscode/.local/lib/python3.10/site-packages/airflow/example_dags/tutorial_taskflow_templates.py
[2025-01-19T03:28:32.953+0000] {processor.py:914} INFO - Processing file /home/vscode/.local/lib/python3.10/site-packages/airflow/example_dags/tutorial_taskflow_templates.py for tasks to queue
[2025-01-19T03:28:32.954+0000] {logging_mixin.py:190} INFO - [2025-01-19T03:28:32.954+0000] {dagbag.py:588} INFO - Filling up the DagBag from /home/vscode/.local/lib/python3.10/site-packages/airflow/example_dags/tutorial_taskflow_templates.py
[2025-01-19T03:28:32.965+0000] {processor.py:925} INFO - DAG(s) 'tutorial_taskflow_templates' retrieved from /home/vscode/.local/lib/python3.10/site-packages/airflow/example_dags/tutorial_taskflow_templates.py
[2025-01-19T03:28:32.977+0000] {logging_mixin.py:190} INFO - [2025-01-19T03:28:32.977+0000] {dag.py:3239} INFO - Sync 1 DAGs
[2025-01-19T03:28:32.993+0000] {logging_mixin.py:190} INFO - [2025-01-19T03:28:32.993+0000] {dag.py:4180} INFO - Setting next_dagrun for tutorial_taskflow_templates to 2025-01-18 00:00:00+00:00, run_after=2025-01-19 00:00:00+00:00
[2025-01-19T03:28:33.008+0000] {processor.py:208} INFO - Processing /home/vscode/.local/lib/python3.10/site-packages/airflow/example_dags/tutorial_taskflow_templates.py took 0.060 seconds
[2025-01-19T03:29:24.587+0000] {processor.py:186} INFO - Started process (PID=9181) to work on /home/vscode/.local/lib/python3.10/site-packages/airflow/example_dags/tutorial_taskflow_templates.py
[2025-01-19T03:29:24.588+0000] {processor.py:914} INFO - Processing file /home/vscode/.local/lib/python3.10/site-packages/airflow/example_dags/tutorial_taskflow_templates.py for tasks to queue
[2025-01-19T03:29:24.589+0000] {logging_mixin.py:190} INFO - [2025-01-19T03:29:24.589+0000] {dagbag.py:588} INFO - Filling up the DagBag from /home/vscode/.local/lib/python3.10/site-packages/airflow/example_dags/tutorial_taskflow_templates.py
[2025-01-19T03:29:24.601+0000] {processor.py:925} INFO - DAG(s) 'tutorial_taskflow_templates' retrieved from /home/vscode/.local/lib/python3.10/site-packages/airflow/example_dags/tutorial_taskflow_templates.py
[2025-01-19T03:29:24.614+0000] {logging_mixin.py:190} INFO - [2025-01-19T03:29:24.614+0000] {dag.py:3239} INFO - Sync 1 DAGs
[2025-01-19T03:29:24.630+0000] {logging_mixin.py:190} INFO - [2025-01-19T03:29:24.630+0000] {dag.py:4180} INFO - Setting next_dagrun for tutorial_taskflow_templates to 2025-01-18 00:00:00+00:00, run_after=2025-01-19 00:00:00+00:00
[2025-01-19T03:29:24.646+0000] {processor.py:208} INFO - Processing /home/vscode/.local/lib/python3.10/site-packages/airflow/example_dags/tutorial_taskflow_templates.py took 0.063 seconds
[2025-01-19T03:30:15.805+0000] {processor.py:186} INFO - Started process (PID=9525) to work on /home/vscode/.local/lib/python3.10/site-packages/airflow/example_dags/tutorial_taskflow_templates.py
[2025-01-19T03:30:15.805+0000] {processor.py:914} INFO - Processing file /home/vscode/.local/lib/python3.10/site-packages/airflow/example_dags/tutorial_taskflow_templates.py for tasks to queue
[2025-01-19T03:30:15.807+0000] {logging_mixin.py:190} INFO - [2025-01-19T03:30:15.807+0000] {dagbag.py:588} INFO - Filling up the DagBag from /home/vscode/.local/lib/python3.10/site-packages/airflow/example_dags/tutorial_taskflow_templates.py
[2025-01-19T03:30:15.818+0000] {processor.py:925} INFO - DAG(s) 'tutorial_taskflow_templates' retrieved from /home/vscode/.local/lib/python3.10/site-packages/airflow/example_dags/tutorial_taskflow_templates.py
[2025-01-19T03:30:15.830+0000] {logging_mixin.py:190} INFO - [2025-01-19T03:30:15.830+0000] {dag.py:3239} INFO - Sync 1 DAGs
[2025-01-19T03:30:15.845+0000] {logging_mixin.py:190} INFO - [2025-01-19T03:30:15.845+0000] {dag.py:4180} INFO - Setting next_dagrun for tutorial_taskflow_templates to 2025-01-18 00:00:00+00:00, run_after=2025-01-19 00:00:00+00:00
[2025-01-19T03:30:15.859+0000] {processor.py:208} INFO - Processing /home/vscode/.local/lib/python3.10/site-packages/airflow/example_dags/tutorial_taskflow_templates.py took 0.059 seconds
[2025-01-19T03:31:01.342+0000] {processor.py:186} INFO - Started process (PID=9838) to work on /home/vscode/.local/lib/python3.10/site-packages/airflow/example_dags/tutorial_taskflow_templates.py
[2025-01-19T03:31:01.343+0000] {processor.py:914} INFO - Processing file /home/vscode/.local/lib/python3.10/site-packages/airflow/example_dags/tutorial_taskflow_templates.py for tasks to queue
[2025-01-19T03:31:01.344+0000] {logging_mixin.py:190} INFO - [2025-01-19T03:31:01.344+0000] {dagbag.py:588} INFO - Filling up the DagBag from /home/vscode/.local/lib/python3.10/site-packages/airflow/example_dags/tutorial_taskflow_templates.py
[2025-01-19T03:31:01.355+0000] {processor.py:925} INFO - DAG(s) 'tutorial_taskflow_templates' retrieved from /home/vscode/.local/lib/python3.10/site-packages/airflow/example_dags/tutorial_taskflow_templates.py
[2025-01-19T03:31:01.372+0000] {logging_mixin.py:190} INFO - [2025-01-19T03:31:01.371+0000] {dag.py:3239} INFO - Sync 1 DAGs
[2025-01-19T03:31:01.395+0000] {logging_mixin.py:190} INFO - [2025-01-19T03:31:01.395+0000] {dag.py:4180} INFO - Setting next_dagrun for tutorial_taskflow_templates to 2025-01-18 00:00:00+00:00, run_after=2025-01-19 00:00:00+00:00
[2025-01-19T03:31:01.415+0000] {processor.py:208} INFO - Processing /home/vscode/.local/lib/python3.10/site-packages/airflow/example_dags/tutorial_taskflow_templates.py took 0.078 seconds
[2025-01-19T03:31:51.754+0000] {processor.py:186} INFO - Started process (PID=10178) to work on /home/vscode/.local/lib/python3.10/site-packages/airflow/example_dags/tutorial_taskflow_templates.py
[2025-01-19T03:31:51.755+0000] {processor.py:914} INFO - Processing file /home/vscode/.local/lib/python3.10/site-packages/airflow/example_dags/tutorial_taskflow_templates.py for tasks to queue
[2025-01-19T03:31:51.756+0000] {logging_mixin.py:190} INFO - [2025-01-19T03:31:51.756+0000] {dagbag.py:588} INFO - Filling up the DagBag from /home/vscode/.local/lib/python3.10/site-packages/airflow/example_dags/tutorial_taskflow_templates.py
[2025-01-19T03:31:51.767+0000] {processor.py:925} INFO - DAG(s) 'tutorial_taskflow_templates' retrieved from /home/vscode/.local/lib/python3.10/site-packages/airflow/example_dags/tutorial_taskflow_templates.py
[2025-01-19T03:31:51.778+0000] {logging_mixin.py:190} INFO - [2025-01-19T03:31:51.778+0000] {dag.py:3239} INFO - Sync 1 DAGs
[2025-01-19T03:31:51.794+0000] {logging_mixin.py:190} INFO - [2025-01-19T03:31:51.794+0000] {dag.py:4180} INFO - Setting next_dagrun for tutorial_taskflow_templates to 2025-01-18 00:00:00+00:00, run_after=2025-01-19 00:00:00+00:00
[2025-01-19T03:31:51.808+0000] {processor.py:208} INFO - Processing /home/vscode/.local/lib/python3.10/site-packages/airflow/example_dags/tutorial_taskflow_templates.py took 0.058 seconds
[2025-01-19T03:32:40.610+0000] {processor.py:186} INFO - Started process (PID=10646) to work on /home/vscode/.local/lib/python3.10/site-packages/airflow/example_dags/tutorial_taskflow_templates.py
[2025-01-19T03:32:40.611+0000] {processor.py:914} INFO - Processing file /home/vscode/.local/lib/python3.10/site-packages/airflow/example_dags/tutorial_taskflow_templates.py for tasks to queue
[2025-01-19T03:32:40.612+0000] {logging_mixin.py:190} INFO - [2025-01-19T03:32:40.612+0000] {dagbag.py:588} INFO - Filling up the DagBag from /home/vscode/.local/lib/python3.10/site-packages/airflow/example_dags/tutorial_taskflow_templates.py
[2025-01-19T03:32:40.623+0000] {processor.py:925} INFO - DAG(s) 'tutorial_taskflow_templates' retrieved from /home/vscode/.local/lib/python3.10/site-packages/airflow/example_dags/tutorial_taskflow_templates.py
[2025-01-19T03:32:40.635+0000] {logging_mixin.py:190} INFO - [2025-01-19T03:32:40.635+0000] {dag.py:3239} INFO - Sync 1 DAGs
[2025-01-19T03:32:40.650+0000] {logging_mixin.py:190} INFO - [2025-01-19T03:32:40.650+0000] {dag.py:4180} INFO - Setting next_dagrun for tutorial_taskflow_templates to 2025-01-18 00:00:00+00:00, run_after=2025-01-19 00:00:00+00:00
[2025-01-19T03:32:40.665+0000] {processor.py:208} INFO - Processing /home/vscode/.local/lib/python3.10/site-packages/airflow/example_dags/tutorial_taskflow_templates.py took 0.060 seconds
[2025-01-19T03:33:33.398+0000] {processor.py:186} INFO - Started process (PID=11013) to work on /home/vscode/.local/lib/python3.10/site-packages/airflow/example_dags/tutorial_taskflow_templates.py
[2025-01-19T03:33:33.398+0000] {processor.py:914} INFO - Processing file /home/vscode/.local/lib/python3.10/site-packages/airflow/example_dags/tutorial_taskflow_templates.py for tasks to queue
[2025-01-19T03:33:33.400+0000] {logging_mixin.py:190} INFO - [2025-01-19T03:33:33.400+0000] {dagbag.py:588} INFO - Filling up the DagBag from /home/vscode/.local/lib/python3.10/site-packages/airflow/example_dags/tutorial_taskflow_templates.py
[2025-01-19T03:33:33.410+0000] {processor.py:925} INFO - DAG(s) 'tutorial_taskflow_templates' retrieved from /home/vscode/.local/lib/python3.10/site-packages/airflow/example_dags/tutorial_taskflow_templates.py
[2025-01-19T03:33:33.422+0000] {logging_mixin.py:190} INFO - [2025-01-19T03:33:33.422+0000] {dag.py:3239} INFO - Sync 1 DAGs
[2025-01-19T03:33:33.438+0000] {logging_mixin.py:190} INFO - [2025-01-19T03:33:33.437+0000] {dag.py:4180} INFO - Setting next_dagrun for tutorial_taskflow_templates to 2025-01-18 00:00:00+00:00, run_after=2025-01-19 00:00:00+00:00
[2025-01-19T03:33:33.452+0000] {processor.py:208} INFO - Processing /home/vscode/.local/lib/python3.10/site-packages/airflow/example_dags/tutorial_taskflow_templates.py took 0.059 seconds
[2025-01-19T03:34:23.787+0000] {processor.py:186} INFO - Started process (PID=11352) to work on /home/vscode/.local/lib/python3.10/site-packages/airflow/example_dags/tutorial_taskflow_templates.py
[2025-01-19T03:34:23.788+0000] {processor.py:914} INFO - Processing file /home/vscode/.local/lib/python3.10/site-packages/airflow/example_dags/tutorial_taskflow_templates.py for tasks to queue
[2025-01-19T03:34:23.789+0000] {logging_mixin.py:190} INFO - [2025-01-19T03:34:23.789+0000] {dagbag.py:588} INFO - Filling up the DagBag from /home/vscode/.local/lib/python3.10/site-packages/airflow/example_dags/tutorial_taskflow_templates.py
[2025-01-19T03:34:23.800+0000] {processor.py:925} INFO - DAG(s) 'tutorial_taskflow_templates' retrieved from /home/vscode/.local/lib/python3.10/site-packages/airflow/example_dags/tutorial_taskflow_templates.py
[2025-01-19T03:34:23.812+0000] {logging_mixin.py:190} INFO - [2025-01-19T03:34:23.812+0000] {dag.py:3239} INFO - Sync 1 DAGs
[2025-01-19T03:34:23.828+0000] {logging_mixin.py:190} INFO - [2025-01-19T03:34:23.828+0000] {dag.py:4180} INFO - Setting next_dagrun for tutorial_taskflow_templates to 2025-01-18 00:00:00+00:00, run_after=2025-01-19 00:00:00+00:00
[2025-01-19T03:34:23.843+0000] {processor.py:208} INFO - Processing /home/vscode/.local/lib/python3.10/site-packages/airflow/example_dags/tutorial_taskflow_templates.py took 0.060 seconds
[2025-01-19T03:35:11.956+0000] {processor.py:186} INFO - Started process (PID=11764) to work on /home/vscode/.local/lib/python3.10/site-packages/airflow/example_dags/tutorial_taskflow_templates.py
[2025-01-19T03:35:11.957+0000] {processor.py:914} INFO - Processing file /home/vscode/.local/lib/python3.10/site-packages/airflow/example_dags/tutorial_taskflow_templates.py for tasks to queue
[2025-01-19T03:35:11.959+0000] {logging_mixin.py:190} INFO - [2025-01-19T03:35:11.958+0000] {dagbag.py:588} INFO - Filling up the DagBag from /home/vscode/.local/lib/python3.10/site-packages/airflow/example_dags/tutorial_taskflow_templates.py
[2025-01-19T03:35:11.969+0000] {processor.py:925} INFO - DAG(s) 'tutorial_taskflow_templates' retrieved from /home/vscode/.local/lib/python3.10/site-packages/airflow/example_dags/tutorial_taskflow_templates.py
[2025-01-19T03:35:11.981+0000] {logging_mixin.py:190} INFO - [2025-01-19T03:35:11.981+0000] {dag.py:3239} INFO - Sync 1 DAGs
[2025-01-19T03:35:11.997+0000] {logging_mixin.py:190} INFO - [2025-01-19T03:35:11.997+0000] {dag.py:4180} INFO - Setting next_dagrun for tutorial_taskflow_templates to 2025-01-18 00:00:00+00:00, run_after=2025-01-19 00:00:00+00:00
[2025-01-19T03:35:12.011+0000] {processor.py:208} INFO - Processing /home/vscode/.local/lib/python3.10/site-packages/airflow/example_dags/tutorial_taskflow_templates.py took 0.059 seconds
[2025-01-19T03:36:02.580+0000] {processor.py:186} INFO - Started process (PID=12158) to work on /home/vscode/.local/lib/python3.10/site-packages/airflow/example_dags/tutorial_taskflow_templates.py
[2025-01-19T03:36:02.581+0000] {processor.py:914} INFO - Processing file /home/vscode/.local/lib/python3.10/site-packages/airflow/example_dags/tutorial_taskflow_templates.py for tasks to queue
[2025-01-19T03:36:02.582+0000] {logging_mixin.py:190} INFO - [2025-01-19T03:36:02.582+0000] {dagbag.py:588} INFO - Filling up the DagBag from /home/vscode/.local/lib/python3.10/site-packages/airflow/example_dags/tutorial_taskflow_templates.py
[2025-01-19T03:36:02.593+0000] {processor.py:925} INFO - DAG(s) 'tutorial_taskflow_templates' retrieved from /home/vscode/.local/lib/python3.10/site-packages/airflow/example_dags/tutorial_taskflow_templates.py
[2025-01-19T03:36:02.605+0000] {logging_mixin.py:190} INFO - [2025-01-19T03:36:02.604+0000] {dag.py:3239} INFO - Sync 1 DAGs
[2025-01-19T03:36:02.620+0000] {logging_mixin.py:190} INFO - [2025-01-19T03:36:02.620+0000] {dag.py:4180} INFO - Setting next_dagrun for tutorial_taskflow_templates to 2025-01-18 00:00:00+00:00, run_after=2025-01-19 00:00:00+00:00
[2025-01-19T03:36:02.636+0000] {processor.py:208} INFO - Processing /home/vscode/.local/lib/python3.10/site-packages/airflow/example_dags/tutorial_taskflow_templates.py took 0.060 seconds
[2025-01-19T03:36:51.537+0000] {processor.py:186} INFO - Started process (PID=12488) to work on /home/vscode/.local/lib/python3.10/site-packages/airflow/example_dags/tutorial_taskflow_templates.py
[2025-01-19T03:36:51.538+0000] {processor.py:914} INFO - Processing file /home/vscode/.local/lib/python3.10/site-packages/airflow/example_dags/tutorial_taskflow_templates.py for tasks to queue
[2025-01-19T03:36:51.539+0000] {logging_mixin.py:190} INFO - [2025-01-19T03:36:51.539+0000] {dagbag.py:588} INFO - Filling up the DagBag from /home/vscode/.local/lib/python3.10/site-packages/airflow/example_dags/tutorial_taskflow_templates.py
[2025-01-19T03:36:51.550+0000] {processor.py:925} INFO - DAG(s) 'tutorial_taskflow_templates' retrieved from /home/vscode/.local/lib/python3.10/site-packages/airflow/example_dags/tutorial_taskflow_templates.py
[2025-01-19T03:36:51.562+0000] {logging_mixin.py:190} INFO - [2025-01-19T03:36:51.561+0000] {dag.py:3239} INFO - Sync 1 DAGs
[2025-01-19T03:36:51.578+0000] {logging_mixin.py:190} INFO - [2025-01-19T03:36:51.577+0000] {dag.py:4180} INFO - Setting next_dagrun for tutorial_taskflow_templates to 2025-01-18 00:00:00+00:00, run_after=2025-01-19 00:00:00+00:00
[2025-01-19T03:36:51.593+0000] {processor.py:208} INFO - Processing /home/vscode/.local/lib/python3.10/site-packages/airflow/example_dags/tutorial_taskflow_templates.py took 0.061 seconds
[2025-01-19T03:37:43.416+0000] {processor.py:186} INFO - Started process (PID=12840) to work on /home/vscode/.local/lib/python3.10/site-packages/airflow/example_dags/tutorial_taskflow_templates.py
[2025-01-19T03:37:43.417+0000] {processor.py:914} INFO - Processing file /home/vscode/.local/lib/python3.10/site-packages/airflow/example_dags/tutorial_taskflow_templates.py for tasks to queue
[2025-01-19T03:37:43.418+0000] {logging_mixin.py:190} INFO - [2025-01-19T03:37:43.418+0000] {dagbag.py:588} INFO - Filling up the DagBag from /home/vscode/.local/lib/python3.10/site-packages/airflow/example_dags/tutorial_taskflow_templates.py
[2025-01-19T03:37:43.429+0000] {processor.py:925} INFO - DAG(s) 'tutorial_taskflow_templates' retrieved from /home/vscode/.local/lib/python3.10/site-packages/airflow/example_dags/tutorial_taskflow_templates.py
[2025-01-19T03:37:43.443+0000] {logging_mixin.py:190} INFO - [2025-01-19T03:37:43.442+0000] {dag.py:3239} INFO - Sync 1 DAGs
[2025-01-19T03:37:43.460+0000] {logging_mixin.py:190} INFO - [2025-01-19T03:37:43.460+0000] {dag.py:4180} INFO - Setting next_dagrun for tutorial_taskflow_templates to 2025-01-18 00:00:00+00:00, run_after=2025-01-19 00:00:00+00:00
[2025-01-19T03:37:43.475+0000] {processor.py:208} INFO - Processing /home/vscode/.local/lib/python3.10/site-packages/airflow/example_dags/tutorial_taskflow_templates.py took 0.064 seconds
[2025-01-19T03:38:33.779+0000] {processor.py:186} INFO - Started process (PID=13183) to work on /home/vscode/.local/lib/python3.10/site-packages/airflow/example_dags/tutorial_taskflow_templates.py
[2025-01-19T03:38:33.780+0000] {processor.py:914} INFO - Processing file /home/vscode/.local/lib/python3.10/site-packages/airflow/example_dags/tutorial_taskflow_templates.py for tasks to queue
[2025-01-19T03:38:33.781+0000] {logging_mixin.py:190} INFO - [2025-01-19T03:38:33.781+0000] {dagbag.py:588} INFO - Filling up the DagBag from /home/vscode/.local/lib/python3.10/site-packages/airflow/example_dags/tutorial_taskflow_templates.py
[2025-01-19T03:38:33.792+0000] {processor.py:925} INFO - DAG(s) 'tutorial_taskflow_templates' retrieved from /home/vscode/.local/lib/python3.10/site-packages/airflow/example_dags/tutorial_taskflow_templates.py
[2025-01-19T03:38:33.803+0000] {logging_mixin.py:190} INFO - [2025-01-19T03:38:33.803+0000] {dag.py:3239} INFO - Sync 1 DAGs
[2025-01-19T03:38:33.819+0000] {logging_mixin.py:190} INFO - [2025-01-19T03:38:33.818+0000] {dag.py:4180} INFO - Setting next_dagrun for tutorial_taskflow_templates to 2025-01-18 00:00:00+00:00, run_after=2025-01-19 00:00:00+00:00
[2025-01-19T03:38:33.833+0000] {processor.py:208} INFO - Processing /home/vscode/.local/lib/python3.10/site-packages/airflow/example_dags/tutorial_taskflow_templates.py took 0.058 seconds
[2025-01-19T03:39:21.624+0000] {processor.py:186} INFO - Started process (PID=13511) to work on /home/vscode/.local/lib/python3.10/site-packages/airflow/example_dags/tutorial_taskflow_templates.py
[2025-01-19T03:39:21.625+0000] {processor.py:914} INFO - Processing file /home/vscode/.local/lib/python3.10/site-packages/airflow/example_dags/tutorial_taskflow_templates.py for tasks to queue
[2025-01-19T03:39:21.626+0000] {logging_mixin.py:190} INFO - [2025-01-19T03:39:21.626+0000] {dagbag.py:588} INFO - Filling up the DagBag from /home/vscode/.local/lib/python3.10/site-packages/airflow/example_dags/tutorial_taskflow_templates.py
[2025-01-19T03:39:21.637+0000] {processor.py:925} INFO - DAG(s) 'tutorial_taskflow_templates' retrieved from /home/vscode/.local/lib/python3.10/site-packages/airflow/example_dags/tutorial_taskflow_templates.py
[2025-01-19T03:39:21.648+0000] {logging_mixin.py:190} INFO - [2025-01-19T03:39:21.648+0000] {dag.py:3239} INFO - Sync 1 DAGs
[2025-01-19T03:39:21.664+0000] {logging_mixin.py:190} INFO - [2025-01-19T03:39:21.664+0000] {dag.py:4180} INFO - Setting next_dagrun for tutorial_taskflow_templates to 2025-01-18 00:00:00+00:00, run_after=2025-01-19 00:00:00+00:00
[2025-01-19T03:39:21.678+0000] {processor.py:208} INFO - Processing /home/vscode/.local/lib/python3.10/site-packages/airflow/example_dags/tutorial_taskflow_templates.py took 0.059 seconds
[2025-01-19T03:40:14.221+0000] {processor.py:186} INFO - Started process (PID=13863) to work on /home/vscode/.local/lib/python3.10/site-packages/airflow/example_dags/tutorial_taskflow_templates.py
[2025-01-19T03:40:14.222+0000] {processor.py:914} INFO - Processing file /home/vscode/.local/lib/python3.10/site-packages/airflow/example_dags/tutorial_taskflow_templates.py for tasks to queue
[2025-01-19T03:40:14.224+0000] {logging_mixin.py:190} INFO - [2025-01-19T03:40:14.224+0000] {dagbag.py:588} INFO - Filling up the DagBag from /home/vscode/.local/lib/python3.10/site-packages/airflow/example_dags/tutorial_taskflow_templates.py
[2025-01-19T03:40:14.240+0000] {processor.py:925} INFO - DAG(s) 'tutorial_taskflow_templates' retrieved from /home/vscode/.local/lib/python3.10/site-packages/airflow/example_dags/tutorial_taskflow_templates.py
[2025-01-19T03:40:14.254+0000] {logging_mixin.py:190} INFO - [2025-01-19T03:40:14.254+0000] {dag.py:3239} INFO - Sync 1 DAGs
[2025-01-19T03:40:14.271+0000] {logging_mixin.py:190} INFO - [2025-01-19T03:40:14.271+0000] {dag.py:4180} INFO - Setting next_dagrun for tutorial_taskflow_templates to 2025-01-18 00:00:00+00:00, run_after=2025-01-19 00:00:00+00:00
[2025-01-19T03:40:14.286+0000] {processor.py:208} INFO - Processing /home/vscode/.local/lib/python3.10/site-packages/airflow/example_dags/tutorial_taskflow_templates.py took 0.072 seconds
[2025-01-19T03:41:03.284+0000] {processor.py:186} INFO - Started process (PID=14197) to work on /home/vscode/.local/lib/python3.10/site-packages/airflow/example_dags/tutorial_taskflow_templates.py
[2025-01-19T03:41:03.285+0000] {processor.py:914} INFO - Processing file /home/vscode/.local/lib/python3.10/site-packages/airflow/example_dags/tutorial_taskflow_templates.py for tasks to queue
[2025-01-19T03:41:03.286+0000] {logging_mixin.py:190} INFO - [2025-01-19T03:41:03.286+0000] {dagbag.py:588} INFO - Filling up the DagBag from /home/vscode/.local/lib/python3.10/site-packages/airflow/example_dags/tutorial_taskflow_templates.py
[2025-01-19T03:41:03.297+0000] {processor.py:925} INFO - DAG(s) 'tutorial_taskflow_templates' retrieved from /home/vscode/.local/lib/python3.10/site-packages/airflow/example_dags/tutorial_taskflow_templates.py
[2025-01-19T03:41:03.309+0000] {logging_mixin.py:190} INFO - [2025-01-19T03:41:03.309+0000] {dag.py:3239} INFO - Sync 1 DAGs
[2025-01-19T03:41:03.324+0000] {logging_mixin.py:190} INFO - [2025-01-19T03:41:03.324+0000] {dag.py:4180} INFO - Setting next_dagrun for tutorial_taskflow_templates to 2025-01-18 00:00:00+00:00, run_after=2025-01-19 00:00:00+00:00
[2025-01-19T03:41:03.339+0000] {processor.py:208} INFO - Processing /home/vscode/.local/lib/python3.10/site-packages/airflow/example_dags/tutorial_taskflow_templates.py took 0.060 seconds
[2025-01-19T03:41:55.678+0000] {processor.py:186} INFO - Started process (PID=14546) to work on /home/vscode/.local/lib/python3.10/site-packages/airflow/example_dags/tutorial_taskflow_templates.py
[2025-01-19T03:41:55.679+0000] {processor.py:914} INFO - Processing file /home/vscode/.local/lib/python3.10/site-packages/airflow/example_dags/tutorial_taskflow_templates.py for tasks to queue
[2025-01-19T03:41:55.681+0000] {logging_mixin.py:190} INFO - [2025-01-19T03:41:55.680+0000] {dagbag.py:588} INFO - Filling up the DagBag from /home/vscode/.local/lib/python3.10/site-packages/airflow/example_dags/tutorial_taskflow_templates.py
[2025-01-19T03:41:55.691+0000] {processor.py:925} INFO - DAG(s) 'tutorial_taskflow_templates' retrieved from /home/vscode/.local/lib/python3.10/site-packages/airflow/example_dags/tutorial_taskflow_templates.py
[2025-01-19T03:41:55.703+0000] {logging_mixin.py:190} INFO - [2025-01-19T03:41:55.702+0000] {dag.py:3239} INFO - Sync 1 DAGs
[2025-01-19T03:41:55.718+0000] {logging_mixin.py:190} INFO - [2025-01-19T03:41:55.717+0000] {dag.py:4180} INFO - Setting next_dagrun for tutorial_taskflow_templates to 2025-01-18 00:00:00+00:00, run_after=2025-01-19 00:00:00+00:00
[2025-01-19T03:41:55.732+0000] {processor.py:208} INFO - Processing /home/vscode/.local/lib/python3.10/site-packages/airflow/example_dags/tutorial_taskflow_templates.py took 0.058 seconds
[2025-01-19T03:42:45.975+0000] {processor.py:186} INFO - Started process (PID=14887) to work on /home/vscode/.local/lib/python3.10/site-packages/airflow/example_dags/tutorial_taskflow_templates.py
[2025-01-19T03:42:45.975+0000] {processor.py:914} INFO - Processing file /home/vscode/.local/lib/python3.10/site-packages/airflow/example_dags/tutorial_taskflow_templates.py for tasks to queue
[2025-01-19T03:42:45.977+0000] {logging_mixin.py:190} INFO - [2025-01-19T03:42:45.977+0000] {dagbag.py:588} INFO - Filling up the DagBag from /home/vscode/.local/lib/python3.10/site-packages/airflow/example_dags/tutorial_taskflow_templates.py
[2025-01-19T03:42:45.988+0000] {processor.py:925} INFO - DAG(s) 'tutorial_taskflow_templates' retrieved from /home/vscode/.local/lib/python3.10/site-packages/airflow/example_dags/tutorial_taskflow_templates.py
[2025-01-19T03:42:46.000+0000] {logging_mixin.py:190} INFO - [2025-01-19T03:42:46.000+0000] {dag.py:3239} INFO - Sync 1 DAGs
[2025-01-19T03:42:46.015+0000] {logging_mixin.py:190} INFO - [2025-01-19T03:42:46.015+0000] {dag.py:4180} INFO - Setting next_dagrun for tutorial_taskflow_templates to 2025-01-18 00:00:00+00:00, run_after=2025-01-19 00:00:00+00:00
[2025-01-19T03:42:46.031+0000] {processor.py:208} INFO - Processing /home/vscode/.local/lib/python3.10/site-packages/airflow/example_dags/tutorial_taskflow_templates.py took 0.061 seconds
[2025-01-19T03:43:36.496+0000] {processor.py:186} INFO - Started process (PID=15228) to work on /home/vscode/.local/lib/python3.10/site-packages/airflow/example_dags/tutorial_taskflow_templates.py
[2025-01-19T03:43:36.497+0000] {processor.py:914} INFO - Processing file /home/vscode/.local/lib/python3.10/site-packages/airflow/example_dags/tutorial_taskflow_templates.py for tasks to queue
[2025-01-19T03:43:36.498+0000] {logging_mixin.py:190} INFO - [2025-01-19T03:43:36.498+0000] {dagbag.py:588} INFO - Filling up the DagBag from /home/vscode/.local/lib/python3.10/site-packages/airflow/example_dags/tutorial_taskflow_templates.py
[2025-01-19T03:43:36.509+0000] {processor.py:925} INFO - DAG(s) 'tutorial_taskflow_templates' retrieved from /home/vscode/.local/lib/python3.10/site-packages/airflow/example_dags/tutorial_taskflow_templates.py
[2025-01-19T03:43:36.521+0000] {logging_mixin.py:190} INFO - [2025-01-19T03:43:36.520+0000] {dag.py:3239} INFO - Sync 1 DAGs
[2025-01-19T03:43:36.536+0000] {logging_mixin.py:190} INFO - [2025-01-19T03:43:36.536+0000] {dag.py:4180} INFO - Setting next_dagrun for tutorial_taskflow_templates to 2025-01-18 00:00:00+00:00, run_after=2025-01-19 00:00:00+00:00
[2025-01-19T03:43:36.551+0000] {processor.py:208} INFO - Processing /home/vscode/.local/lib/python3.10/site-packages/airflow/example_dags/tutorial_taskflow_templates.py took 0.059 seconds
[2025-01-19T03:44:30.935+0000] {processor.py:186} INFO - Started process (PID=15592) to work on /home/vscode/.local/lib/python3.10/site-packages/airflow/example_dags/tutorial_taskflow_templates.py
[2025-01-19T03:44:30.936+0000] {processor.py:914} INFO - Processing file /home/vscode/.local/lib/python3.10/site-packages/airflow/example_dags/tutorial_taskflow_templates.py for tasks to queue
[2025-01-19T03:44:30.938+0000] {logging_mixin.py:190} INFO - [2025-01-19T03:44:30.937+0000] {dagbag.py:588} INFO - Filling up the DagBag from /home/vscode/.local/lib/python3.10/site-packages/airflow/example_dags/tutorial_taskflow_templates.py
[2025-01-19T03:44:30.954+0000] {processor.py:925} INFO - DAG(s) 'tutorial_taskflow_templates' retrieved from /home/vscode/.local/lib/python3.10/site-packages/airflow/example_dags/tutorial_taskflow_templates.py
[2025-01-19T03:44:30.971+0000] {logging_mixin.py:190} INFO - [2025-01-19T03:44:30.970+0000] {dag.py:3239} INFO - Sync 1 DAGs
[2025-01-19T03:44:30.990+0000] {logging_mixin.py:190} INFO - [2025-01-19T03:44:30.990+0000] {dag.py:4180} INFO - Setting next_dagrun for tutorial_taskflow_templates to 2025-01-18 00:00:00+00:00, run_after=2025-01-19 00:00:00+00:00
[2025-01-19T03:44:31.005+0000] {processor.py:208} INFO - Processing /home/vscode/.local/lib/python3.10/site-packages/airflow/example_dags/tutorial_taskflow_templates.py took 0.077 seconds
[2025-01-19T03:45:22.817+0000] {processor.py:186} INFO - Started process (PID=15931) to work on /home/vscode/.local/lib/python3.10/site-packages/airflow/example_dags/tutorial_taskflow_templates.py
[2025-01-19T03:45:22.818+0000] {processor.py:914} INFO - Processing file /home/vscode/.local/lib/python3.10/site-packages/airflow/example_dags/tutorial_taskflow_templates.py for tasks to queue
[2025-01-19T03:45:22.820+0000] {logging_mixin.py:190} INFO - [2025-01-19T03:45:22.820+0000] {dagbag.py:588} INFO - Filling up the DagBag from /home/vscode/.local/lib/python3.10/site-packages/airflow/example_dags/tutorial_taskflow_templates.py
[2025-01-19T03:45:22.835+0000] {processor.py:925} INFO - DAG(s) 'tutorial_taskflow_templates' retrieved from /home/vscode/.local/lib/python3.10/site-packages/airflow/example_dags/tutorial_taskflow_templates.py
[2025-01-19T03:45:22.854+0000] {logging_mixin.py:190} INFO - [2025-01-19T03:45:22.854+0000] {dag.py:3239} INFO - Sync 1 DAGs
[2025-01-19T03:45:22.875+0000] {logging_mixin.py:190} INFO - [2025-01-19T03:45:22.875+0000] {dag.py:4180} INFO - Setting next_dagrun for tutorial_taskflow_templates to 2025-01-18 00:00:00+00:00, run_after=2025-01-19 00:00:00+00:00
[2025-01-19T03:45:22.890+0000] {processor.py:208} INFO - Processing /home/vscode/.local/lib/python3.10/site-packages/airflow/example_dags/tutorial_taskflow_templates.py took 0.078 seconds
[2025-01-19T03:46:11.384+0000] {processor.py:186} INFO - Started process (PID=16264) to work on /home/vscode/.local/lib/python3.10/site-packages/airflow/example_dags/tutorial_taskflow_templates.py
[2025-01-19T03:46:11.385+0000] {processor.py:914} INFO - Processing file /home/vscode/.local/lib/python3.10/site-packages/airflow/example_dags/tutorial_taskflow_templates.py for tasks to queue
[2025-01-19T03:46:11.387+0000] {logging_mixin.py:190} INFO - [2025-01-19T03:46:11.386+0000] {dagbag.py:588} INFO - Filling up the DagBag from /home/vscode/.local/lib/python3.10/site-packages/airflow/example_dags/tutorial_taskflow_templates.py
[2025-01-19T03:46:11.397+0000] {processor.py:925} INFO - DAG(s) 'tutorial_taskflow_templates' retrieved from /home/vscode/.local/lib/python3.10/site-packages/airflow/example_dags/tutorial_taskflow_templates.py
[2025-01-19T03:46:11.409+0000] {logging_mixin.py:190} INFO - [2025-01-19T03:46:11.409+0000] {dag.py:3239} INFO - Sync 1 DAGs
[2025-01-19T03:46:11.425+0000] {logging_mixin.py:190} INFO - [2025-01-19T03:46:11.424+0000] {dag.py:4180} INFO - Setting next_dagrun for tutorial_taskflow_templates to 2025-01-18 00:00:00+00:00, run_after=2025-01-19 00:00:00+00:00
[2025-01-19T03:46:11.439+0000] {processor.py:208} INFO - Processing /home/vscode/.local/lib/python3.10/site-packages/airflow/example_dags/tutorial_taskflow_templates.py took 0.059 seconds
[2025-01-19T03:47:05.337+0000] {processor.py:186} INFO - Started process (PID=16634) to work on /home/vscode/.local/lib/python3.10/site-packages/airflow/example_dags/tutorial_taskflow_templates.py
[2025-01-19T03:47:05.338+0000] {processor.py:914} INFO - Processing file /home/vscode/.local/lib/python3.10/site-packages/airflow/example_dags/tutorial_taskflow_templates.py for tasks to queue
[2025-01-19T03:47:05.339+0000] {logging_mixin.py:190} INFO - [2025-01-19T03:47:05.339+0000] {dagbag.py:588} INFO - Filling up the DagBag from /home/vscode/.local/lib/python3.10/site-packages/airflow/example_dags/tutorial_taskflow_templates.py
[2025-01-19T03:47:05.350+0000] {processor.py:925} INFO - DAG(s) 'tutorial_taskflow_templates' retrieved from /home/vscode/.local/lib/python3.10/site-packages/airflow/example_dags/tutorial_taskflow_templates.py
[2025-01-19T03:47:05.363+0000] {logging_mixin.py:190} INFO - [2025-01-19T03:47:05.362+0000] {dag.py:3239} INFO - Sync 1 DAGs
[2025-01-19T03:47:05.378+0000] {logging_mixin.py:190} INFO - [2025-01-19T03:47:05.378+0000] {dag.py:4180} INFO - Setting next_dagrun for tutorial_taskflow_templates to 2025-01-18 00:00:00+00:00, run_after=2025-01-19 00:00:00+00:00
[2025-01-19T03:47:05.393+0000] {processor.py:208} INFO - Processing /home/vscode/.local/lib/python3.10/site-packages/airflow/example_dags/tutorial_taskflow_templates.py took 0.061 seconds
[2025-01-19T03:47:54.888+0000] {processor.py:186} INFO - Started process (PID=16964) to work on /home/vscode/.local/lib/python3.10/site-packages/airflow/example_dags/tutorial_taskflow_templates.py
[2025-01-19T03:47:54.889+0000] {processor.py:914} INFO - Processing file /home/vscode/.local/lib/python3.10/site-packages/airflow/example_dags/tutorial_taskflow_templates.py for tasks to queue
[2025-01-19T03:47:54.892+0000] {logging_mixin.py:190} INFO - [2025-01-19T03:47:54.892+0000] {dagbag.py:588} INFO - Filling up the DagBag from /home/vscode/.local/lib/python3.10/site-packages/airflow/example_dags/tutorial_taskflow_templates.py
[2025-01-19T03:47:54.911+0000] {processor.py:925} INFO - DAG(s) 'tutorial_taskflow_templates' retrieved from /home/vscode/.local/lib/python3.10/site-packages/airflow/example_dags/tutorial_taskflow_templates.py
[2025-01-19T03:47:54.926+0000] {logging_mixin.py:190} INFO - [2025-01-19T03:47:54.925+0000] {dag.py:3239} INFO - Sync 1 DAGs
[2025-01-19T03:47:54.945+0000] {logging_mixin.py:190} INFO - [2025-01-19T03:47:54.945+0000] {dag.py:4180} INFO - Setting next_dagrun for tutorial_taskflow_templates to 2025-01-18 00:00:00+00:00, run_after=2025-01-19 00:00:00+00:00
[2025-01-19T03:47:54.967+0000] {processor.py:208} INFO - Processing /home/vscode/.local/lib/python3.10/site-packages/airflow/example_dags/tutorial_taskflow_templates.py took 0.085 seconds
[2025-01-19T03:48:46.029+0000] {processor.py:186} INFO - Started process (PID=17348) to work on /home/vscode/.local/lib/python3.10/site-packages/airflow/example_dags/tutorial_taskflow_templates.py
[2025-01-19T03:48:46.029+0000] {processor.py:914} INFO - Processing file /home/vscode/.local/lib/python3.10/site-packages/airflow/example_dags/tutorial_taskflow_templates.py for tasks to queue
[2025-01-19T03:48:46.031+0000] {logging_mixin.py:190} INFO - [2025-01-19T03:48:46.031+0000] {dagbag.py:588} INFO - Filling up the DagBag from /home/vscode/.local/lib/python3.10/site-packages/airflow/example_dags/tutorial_taskflow_templates.py
[2025-01-19T03:48:46.041+0000] {processor.py:925} INFO - DAG(s) 'tutorial_taskflow_templates' retrieved from /home/vscode/.local/lib/python3.10/site-packages/airflow/example_dags/tutorial_taskflow_templates.py
[2025-01-19T03:48:46.053+0000] {logging_mixin.py:190} INFO - [2025-01-19T03:48:46.053+0000] {dag.py:3239} INFO - Sync 1 DAGs
[2025-01-19T03:48:46.070+0000] {logging_mixin.py:190} INFO - [2025-01-19T03:48:46.069+0000] {dag.py:4180} INFO - Setting next_dagrun for tutorial_taskflow_templates to 2025-01-18 00:00:00+00:00, run_after=2025-01-19 00:00:00+00:00
[2025-01-19T03:48:46.084+0000] {processor.py:208} INFO - Processing /home/vscode/.local/lib/python3.10/site-packages/airflow/example_dags/tutorial_taskflow_templates.py took 0.060 seconds
[2025-01-19T03:49:37.364+0000] {processor.py:186} INFO - Started process (PID=17803) to work on /home/vscode/.local/lib/python3.10/site-packages/airflow/example_dags/tutorial_taskflow_templates.py
[2025-01-19T03:49:37.364+0000] {processor.py:914} INFO - Processing file /home/vscode/.local/lib/python3.10/site-packages/airflow/example_dags/tutorial_taskflow_templates.py for tasks to queue
[2025-01-19T03:49:37.366+0000] {logging_mixin.py:190} INFO - [2025-01-19T03:49:37.365+0000] {dagbag.py:588} INFO - Filling up the DagBag from /home/vscode/.local/lib/python3.10/site-packages/airflow/example_dags/tutorial_taskflow_templates.py
[2025-01-19T03:49:37.376+0000] {processor.py:925} INFO - DAG(s) 'tutorial_taskflow_templates' retrieved from /home/vscode/.local/lib/python3.10/site-packages/airflow/example_dags/tutorial_taskflow_templates.py
[2025-01-19T03:49:37.388+0000] {logging_mixin.py:190} INFO - [2025-01-19T03:49:37.388+0000] {dag.py:3239} INFO - Sync 1 DAGs
[2025-01-19T03:49:37.404+0000] {logging_mixin.py:190} INFO - [2025-01-19T03:49:37.403+0000] {dag.py:4180} INFO - Setting next_dagrun for tutorial_taskflow_templates to 2025-01-18 00:00:00+00:00, run_after=2025-01-19 00:00:00+00:00
[2025-01-19T03:49:37.418+0000] {processor.py:208} INFO - Processing /home/vscode/.local/lib/python3.10/site-packages/airflow/example_dags/tutorial_taskflow_templates.py took 0.059 seconds
[2025-01-19T03:50:28.804+0000] {processor.py:186} INFO - Started process (PID=18190) to work on /home/vscode/.local/lib/python3.10/site-packages/airflow/example_dags/tutorial_taskflow_templates.py
[2025-01-19T03:50:28.805+0000] {processor.py:914} INFO - Processing file /home/vscode/.local/lib/python3.10/site-packages/airflow/example_dags/tutorial_taskflow_templates.py for tasks to queue
[2025-01-19T03:50:28.807+0000] {logging_mixin.py:190} INFO - [2025-01-19T03:50:28.806+0000] {dagbag.py:588} INFO - Filling up the DagBag from /home/vscode/.local/lib/python3.10/site-packages/airflow/example_dags/tutorial_taskflow_templates.py
[2025-01-19T03:50:28.817+0000] {processor.py:925} INFO - DAG(s) 'tutorial_taskflow_templates' retrieved from /home/vscode/.local/lib/python3.10/site-packages/airflow/example_dags/tutorial_taskflow_templates.py
[2025-01-19T03:50:28.829+0000] {logging_mixin.py:190} INFO - [2025-01-19T03:50:28.829+0000] {dag.py:3239} INFO - Sync 1 DAGs
[2025-01-19T03:50:28.845+0000] {logging_mixin.py:190} INFO - [2025-01-19T03:50:28.845+0000] {dag.py:4180} INFO - Setting next_dagrun for tutorial_taskflow_templates to 2025-01-18 00:00:00+00:00, run_after=2025-01-19 00:00:00+00:00
[2025-01-19T03:50:28.859+0000] {processor.py:208} INFO - Processing /home/vscode/.local/lib/python3.10/site-packages/airflow/example_dags/tutorial_taskflow_templates.py took 0.059 seconds
[2025-01-19T03:51:17.346+0000] {processor.py:186} INFO - Started process (PID=18577) to work on /home/vscode/.local/lib/python3.10/site-packages/airflow/example_dags/tutorial_taskflow_templates.py
[2025-01-19T03:51:17.346+0000] {processor.py:914} INFO - Processing file /home/vscode/.local/lib/python3.10/site-packages/airflow/example_dags/tutorial_taskflow_templates.py for tasks to queue
[2025-01-19T03:51:17.348+0000] {logging_mixin.py:190} INFO - [2025-01-19T03:51:17.348+0000] {dagbag.py:588} INFO - Filling up the DagBag from /home/vscode/.local/lib/python3.10/site-packages/airflow/example_dags/tutorial_taskflow_templates.py
[2025-01-19T03:51:17.358+0000] {processor.py:925} INFO - DAG(s) 'tutorial_taskflow_templates' retrieved from /home/vscode/.local/lib/python3.10/site-packages/airflow/example_dags/tutorial_taskflow_templates.py
[2025-01-19T03:51:17.370+0000] {logging_mixin.py:190} INFO - [2025-01-19T03:51:17.370+0000] {dag.py:3239} INFO - Sync 1 DAGs
[2025-01-19T03:51:17.386+0000] {logging_mixin.py:190} INFO - [2025-01-19T03:51:17.386+0000] {dag.py:4180} INFO - Setting next_dagrun for tutorial_taskflow_templates to 2025-01-18 00:00:00+00:00, run_after=2025-01-19 00:00:00+00:00
[2025-01-19T03:51:17.400+0000] {processor.py:208} INFO - Processing /home/vscode/.local/lib/python3.10/site-packages/airflow/example_dags/tutorial_taskflow_templates.py took 0.059 seconds
[2025-01-19T03:54:48.842+0000] {processor.py:186} INFO - Started process (PID=20053) to work on /home/vscode/.local/lib/python3.10/site-packages/airflow/example_dags/tutorial_taskflow_templates.py
[2025-01-19T03:54:48.843+0000] {processor.py:914} INFO - Processing file /home/vscode/.local/lib/python3.10/site-packages/airflow/example_dags/tutorial_taskflow_templates.py for tasks to queue
[2025-01-19T03:54:48.845+0000] {logging_mixin.py:190} INFO - [2025-01-19T03:54:48.844+0000] {dagbag.py:588} INFO - Filling up the DagBag from /home/vscode/.local/lib/python3.10/site-packages/airflow/example_dags/tutorial_taskflow_templates.py
[2025-01-19T03:54:48.855+0000] {processor.py:925} INFO - DAG(s) 'tutorial_taskflow_templates' retrieved from /home/vscode/.local/lib/python3.10/site-packages/airflow/example_dags/tutorial_taskflow_templates.py
[2025-01-19T03:54:48.873+0000] {logging_mixin.py:190} INFO - [2025-01-19T03:54:48.873+0000] {dag.py:3239} INFO - Sync 1 DAGs
[2025-01-19T03:54:48.890+0000] {logging_mixin.py:190} INFO - [2025-01-19T03:54:48.889+0000] {dag.py:4180} INFO - Setting next_dagrun for tutorial_taskflow_templates to 2025-01-18 00:00:00+00:00, run_after=2025-01-19 00:00:00+00:00
[2025-01-19T03:54:48.904+0000] {processor.py:208} INFO - Processing /home/vscode/.local/lib/python3.10/site-packages/airflow/example_dags/tutorial_taskflow_templates.py took 0.066 seconds
[2025-01-19T03:55:45.879+0000] {processor.py:186} INFO - Started process (PID=20452) to work on /home/vscode/.local/lib/python3.10/site-packages/airflow/example_dags/tutorial_taskflow_templates.py
[2025-01-19T03:55:45.880+0000] {processor.py:914} INFO - Processing file /home/vscode/.local/lib/python3.10/site-packages/airflow/example_dags/tutorial_taskflow_templates.py for tasks to queue
[2025-01-19T03:55:45.882+0000] {logging_mixin.py:190} INFO - [2025-01-19T03:55:45.881+0000] {dagbag.py:588} INFO - Filling up the DagBag from /home/vscode/.local/lib/python3.10/site-packages/airflow/example_dags/tutorial_taskflow_templates.py
[2025-01-19T03:55:45.892+0000] {processor.py:925} INFO - DAG(s) 'tutorial_taskflow_templates' retrieved from /home/vscode/.local/lib/python3.10/site-packages/airflow/example_dags/tutorial_taskflow_templates.py
[2025-01-19T03:55:45.904+0000] {logging_mixin.py:190} INFO - [2025-01-19T03:55:45.904+0000] {dag.py:3239} INFO - Sync 1 DAGs
[2025-01-19T03:55:45.920+0000] {logging_mixin.py:190} INFO - [2025-01-19T03:55:45.920+0000] {dag.py:4180} INFO - Setting next_dagrun for tutorial_taskflow_templates to 2025-01-18 00:00:00+00:00, run_after=2025-01-19 00:00:00+00:00
[2025-01-19T03:55:45.935+0000] {processor.py:208} INFO - Processing /home/vscode/.local/lib/python3.10/site-packages/airflow/example_dags/tutorial_taskflow_templates.py took 0.060 seconds
[2025-01-19T03:56:37.318+0000] {processor.py:186} INFO - Started process (PID=20796) to work on /home/vscode/.local/lib/python3.10/site-packages/airflow/example_dags/tutorial_taskflow_templates.py
[2025-01-19T03:56:37.319+0000] {processor.py:914} INFO - Processing file /home/vscode/.local/lib/python3.10/site-packages/airflow/example_dags/tutorial_taskflow_templates.py for tasks to queue
[2025-01-19T03:56:37.321+0000] {logging_mixin.py:190} INFO - [2025-01-19T03:56:37.320+0000] {dagbag.py:588} INFO - Filling up the DagBag from /home/vscode/.local/lib/python3.10/site-packages/airflow/example_dags/tutorial_taskflow_templates.py
[2025-01-19T03:56:37.331+0000] {processor.py:925} INFO - DAG(s) 'tutorial_taskflow_templates' retrieved from /home/vscode/.local/lib/python3.10/site-packages/airflow/example_dags/tutorial_taskflow_templates.py
[2025-01-19T03:56:37.343+0000] {logging_mixin.py:190} INFO - [2025-01-19T03:56:37.343+0000] {dag.py:3239} INFO - Sync 1 DAGs
[2025-01-19T03:56:37.359+0000] {logging_mixin.py:190} INFO - [2025-01-19T03:56:37.359+0000] {dag.py:4180} INFO - Setting next_dagrun for tutorial_taskflow_templates to 2025-01-18 00:00:00+00:00, run_after=2025-01-19 00:00:00+00:00
[2025-01-19T03:56:37.373+0000] {processor.py:208} INFO - Processing /home/vscode/.local/lib/python3.10/site-packages/airflow/example_dags/tutorial_taskflow_templates.py took 0.060 seconds
[2025-01-19T03:57:31.418+0000] {processor.py:186} INFO - Started process (PID=21170) to work on /home/vscode/.local/lib/python3.10/site-packages/airflow/example_dags/tutorial_taskflow_templates.py
[2025-01-19T03:57:31.418+0000] {processor.py:914} INFO - Processing file /home/vscode/.local/lib/python3.10/site-packages/airflow/example_dags/tutorial_taskflow_templates.py for tasks to queue
[2025-01-19T03:57:31.420+0000] {logging_mixin.py:190} INFO - [2025-01-19T03:57:31.420+0000] {dagbag.py:588} INFO - Filling up the DagBag from /home/vscode/.local/lib/python3.10/site-packages/airflow/example_dags/tutorial_taskflow_templates.py
[2025-01-19T03:57:31.431+0000] {processor.py:925} INFO - DAG(s) 'tutorial_taskflow_templates' retrieved from /home/vscode/.local/lib/python3.10/site-packages/airflow/example_dags/tutorial_taskflow_templates.py
[2025-01-19T03:57:31.443+0000] {logging_mixin.py:190} INFO - [2025-01-19T03:57:31.443+0000] {dag.py:3239} INFO - Sync 1 DAGs
[2025-01-19T03:57:31.459+0000] {logging_mixin.py:190} INFO - [2025-01-19T03:57:31.458+0000] {dag.py:4180} INFO - Setting next_dagrun for tutorial_taskflow_templates to 2025-01-18 00:00:00+00:00, run_after=2025-01-19 00:00:00+00:00
[2025-01-19T03:57:31.475+0000] {processor.py:208} INFO - Processing /home/vscode/.local/lib/python3.10/site-packages/airflow/example_dags/tutorial_taskflow_templates.py took 0.062 seconds
[2025-01-19T03:58:19.258+0000] {processor.py:186} INFO - Started process (PID=21492) to work on /home/vscode/.local/lib/python3.10/site-packages/airflow/example_dags/tutorial_taskflow_templates.py
[2025-01-19T03:58:19.259+0000] {processor.py:914} INFO - Processing file /home/vscode/.local/lib/python3.10/site-packages/airflow/example_dags/tutorial_taskflow_templates.py for tasks to queue
[2025-01-19T03:58:19.261+0000] {logging_mixin.py:190} INFO - [2025-01-19T03:58:19.261+0000] {dagbag.py:588} INFO - Filling up the DagBag from /home/vscode/.local/lib/python3.10/site-packages/airflow/example_dags/tutorial_taskflow_templates.py
[2025-01-19T03:58:19.272+0000] {processor.py:925} INFO - DAG(s) 'tutorial_taskflow_templates' retrieved from /home/vscode/.local/lib/python3.10/site-packages/airflow/example_dags/tutorial_taskflow_templates.py
[2025-01-19T03:58:19.284+0000] {logging_mixin.py:190} INFO - [2025-01-19T03:58:19.284+0000] {dag.py:3239} INFO - Sync 1 DAGs
[2025-01-19T03:58:19.299+0000] {logging_mixin.py:190} INFO - [2025-01-19T03:58:19.299+0000] {dag.py:4180} INFO - Setting next_dagrun for tutorial_taskflow_templates to 2025-01-18 00:00:00+00:00, run_after=2025-01-19 00:00:00+00:00
[2025-01-19T03:58:19.313+0000] {processor.py:208} INFO - Processing /home/vscode/.local/lib/python3.10/site-packages/airflow/example_dags/tutorial_taskflow_templates.py took 0.060 seconds
[2025-01-19T03:59:11.679+0000] {processor.py:186} INFO - Started process (PID=21858) to work on /home/vscode/.local/lib/python3.10/site-packages/airflow/example_dags/tutorial_taskflow_templates.py
[2025-01-19T03:59:11.680+0000] {processor.py:914} INFO - Processing file /home/vscode/.local/lib/python3.10/site-packages/airflow/example_dags/tutorial_taskflow_templates.py for tasks to queue
[2025-01-19T03:59:11.681+0000] {logging_mixin.py:190} INFO - [2025-01-19T03:59:11.681+0000] {dagbag.py:588} INFO - Filling up the DagBag from /home/vscode/.local/lib/python3.10/site-packages/airflow/example_dags/tutorial_taskflow_templates.py
[2025-01-19T03:59:11.692+0000] {processor.py:925} INFO - DAG(s) 'tutorial_taskflow_templates' retrieved from /home/vscode/.local/lib/python3.10/site-packages/airflow/example_dags/tutorial_taskflow_templates.py
[2025-01-19T03:59:11.704+0000] {logging_mixin.py:190} INFO - [2025-01-19T03:59:11.704+0000] {dag.py:3239} INFO - Sync 1 DAGs
[2025-01-19T03:59:11.719+0000] {logging_mixin.py:190} INFO - [2025-01-19T03:59:11.719+0000] {dag.py:4180} INFO - Setting next_dagrun for tutorial_taskflow_templates to 2025-01-18 00:00:00+00:00, run_after=2025-01-19 00:00:00+00:00
[2025-01-19T03:59:11.733+0000] {processor.py:208} INFO - Processing /home/vscode/.local/lib/python3.10/site-packages/airflow/example_dags/tutorial_taskflow_templates.py took 0.058 seconds
[2025-01-19T04:00:03.499+0000] {processor.py:186} INFO - Started process (PID=22203) to work on /home/vscode/.local/lib/python3.10/site-packages/airflow/example_dags/tutorial_taskflow_templates.py
[2025-01-19T04:00:03.500+0000] {processor.py:914} INFO - Processing file /home/vscode/.local/lib/python3.10/site-packages/airflow/example_dags/tutorial_taskflow_templates.py for tasks to queue
[2025-01-19T04:00:03.502+0000] {logging_mixin.py:190} INFO - [2025-01-19T04:00:03.501+0000] {dagbag.py:588} INFO - Filling up the DagBag from /home/vscode/.local/lib/python3.10/site-packages/airflow/example_dags/tutorial_taskflow_templates.py
[2025-01-19T04:00:03.512+0000] {processor.py:925} INFO - DAG(s) 'tutorial_taskflow_templates' retrieved from /home/vscode/.local/lib/python3.10/site-packages/airflow/example_dags/tutorial_taskflow_templates.py
[2025-01-19T04:00:03.524+0000] {logging_mixin.py:190} INFO - [2025-01-19T04:00:03.524+0000] {dag.py:3239} INFO - Sync 1 DAGs
[2025-01-19T04:00:03.541+0000] {logging_mixin.py:190} INFO - [2025-01-19T04:00:03.540+0000] {dag.py:4180} INFO - Setting next_dagrun for tutorial_taskflow_templates to 2025-01-18 00:00:00+00:00, run_after=2025-01-19 00:00:00+00:00
[2025-01-19T04:00:03.555+0000] {processor.py:208} INFO - Processing /home/vscode/.local/lib/python3.10/site-packages/airflow/example_dags/tutorial_taskflow_templates.py took 0.060 seconds
[2025-01-19T04:00:54.248+0000] {processor.py:186} INFO - Started process (PID=22552) to work on /home/vscode/.local/lib/python3.10/site-packages/airflow/example_dags/tutorial_taskflow_templates.py
[2025-01-19T04:00:54.249+0000] {processor.py:914} INFO - Processing file /home/vscode/.local/lib/python3.10/site-packages/airflow/example_dags/tutorial_taskflow_templates.py for tasks to queue
[2025-01-19T04:00:54.250+0000] {logging_mixin.py:190} INFO - [2025-01-19T04:00:54.250+0000] {dagbag.py:588} INFO - Filling up the DagBag from /home/vscode/.local/lib/python3.10/site-packages/airflow/example_dags/tutorial_taskflow_templates.py
[2025-01-19T04:00:54.261+0000] {processor.py:925} INFO - DAG(s) 'tutorial_taskflow_templates' retrieved from /home/vscode/.local/lib/python3.10/site-packages/airflow/example_dags/tutorial_taskflow_templates.py
[2025-01-19T04:00:54.273+0000] {logging_mixin.py:190} INFO - [2025-01-19T04:00:54.273+0000] {dag.py:3239} INFO - Sync 1 DAGs
[2025-01-19T04:00:54.288+0000] {logging_mixin.py:190} INFO - [2025-01-19T04:00:54.288+0000] {dag.py:4180} INFO - Setting next_dagrun for tutorial_taskflow_templates to 2025-01-18 00:00:00+00:00, run_after=2025-01-19 00:00:00+00:00
[2025-01-19T04:00:54.303+0000] {processor.py:208} INFO - Processing /home/vscode/.local/lib/python3.10/site-packages/airflow/example_dags/tutorial_taskflow_templates.py took 0.060 seconds
[2025-01-19T04:01:46.894+0000] {processor.py:186} INFO - Started process (PID=22902) to work on /home/vscode/.local/lib/python3.10/site-packages/airflow/example_dags/tutorial_taskflow_templates.py
[2025-01-19T04:01:46.895+0000] {processor.py:914} INFO - Processing file /home/vscode/.local/lib/python3.10/site-packages/airflow/example_dags/tutorial_taskflow_templates.py for tasks to queue
[2025-01-19T04:01:46.897+0000] {logging_mixin.py:190} INFO - [2025-01-19T04:01:46.896+0000] {dagbag.py:588} INFO - Filling up the DagBag from /home/vscode/.local/lib/python3.10/site-packages/airflow/example_dags/tutorial_taskflow_templates.py
[2025-01-19T04:01:46.907+0000] {processor.py:925} INFO - DAG(s) 'tutorial_taskflow_templates' retrieved from /home/vscode/.local/lib/python3.10/site-packages/airflow/example_dags/tutorial_taskflow_templates.py
[2025-01-19T04:01:46.919+0000] {logging_mixin.py:190} INFO - [2025-01-19T04:01:46.919+0000] {dag.py:3239} INFO - Sync 1 DAGs
[2025-01-19T04:01:46.935+0000] {logging_mixin.py:190} INFO - [2025-01-19T04:01:46.935+0000] {dag.py:4180} INFO - Setting next_dagrun for tutorial_taskflow_templates to 2025-01-18 00:00:00+00:00, run_after=2025-01-19 00:00:00+00:00
[2025-01-19T04:01:46.949+0000] {processor.py:208} INFO - Processing /home/vscode/.local/lib/python3.10/site-packages/airflow/example_dags/tutorial_taskflow_templates.py took 0.060 seconds
[2025-01-19T04:02:36.532+0000] {processor.py:186} INFO - Started process (PID=23265) to work on /home/vscode/.local/lib/python3.10/site-packages/airflow/example_dags/tutorial_taskflow_templates.py
[2025-01-19T04:02:36.534+0000] {processor.py:914} INFO - Processing file /home/vscode/.local/lib/python3.10/site-packages/airflow/example_dags/tutorial_taskflow_templates.py for tasks to queue
[2025-01-19T04:02:36.536+0000] {logging_mixin.py:190} INFO - [2025-01-19T04:02:36.536+0000] {dagbag.py:588} INFO - Filling up the DagBag from /home/vscode/.local/lib/python3.10/site-packages/airflow/example_dags/tutorial_taskflow_templates.py
[2025-01-19T04:02:36.554+0000] {processor.py:925} INFO - DAG(s) 'tutorial_taskflow_templates' retrieved from /home/vscode/.local/lib/python3.10/site-packages/airflow/example_dags/tutorial_taskflow_templates.py
[2025-01-19T04:02:36.572+0000] {logging_mixin.py:190} INFO - [2025-01-19T04:02:36.572+0000] {dag.py:3239} INFO - Sync 1 DAGs
[2025-01-19T04:02:36.596+0000] {logging_mixin.py:190} INFO - [2025-01-19T04:02:36.595+0000] {dag.py:4180} INFO - Setting next_dagrun for tutorial_taskflow_templates to 2025-01-18 00:00:00+00:00, run_after=2025-01-19 00:00:00+00:00
[2025-01-19T04:02:36.610+0000] {processor.py:208} INFO - Processing /home/vscode/.local/lib/python3.10/site-packages/airflow/example_dags/tutorial_taskflow_templates.py took 0.084 seconds
