[2025-01-19T03:20:38.529+0000] {processor.py:186} INFO - Started process (PID=4936) to work on /home/vscode/.local/lib/python3.10/site-packages/airflow/example_dags/tutorial_taskflow_api.py
[2025-01-19T03:20:38.530+0000] {processor.py:914} INFO - Processing file /home/vscode/.local/lib/python3.10/site-packages/airflow/example_dags/tutorial_taskflow_api.py for tasks to queue
[2025-01-19T03:20:38.532+0000] {logging_mixin.py:190} INFO - [2025-01-19T03:20:38.532+0000] {dagbag.py:588} INFO - Filling up the DagBag from /home/vscode/.local/lib/python3.10/site-packages/airflow/example_dags/tutorial_taskflow_api.py
[2025-01-19T03:20:38.539+0000] {processor.py:925} INFO - DAG(s) 'tutorial_taskflow_api' retrieved from /home/vscode/.local/lib/python3.10/site-packages/airflow/example_dags/tutorial_taskflow_api.py
[2025-01-19T03:20:38.629+0000] {logging_mixin.py:190} INFO - [2025-01-19T03:20:38.628+0000] {override.py:1911} INFO - Created Permission View: can read on DAG:tutorial_taskflow_api
[2025-01-19T03:20:38.641+0000] {logging_mixin.py:190} INFO - [2025-01-19T03:20:38.641+0000] {override.py:1911} INFO - Created Permission View: can edit on DAG:tutorial_taskflow_api
[2025-01-19T03:20:38.651+0000] {logging_mixin.py:190} INFO - [2025-01-19T03:20:38.650+0000] {override.py:1911} INFO - Created Permission View: can delete on DAG:tutorial_taskflow_api
[2025-01-19T03:20:38.663+0000] {logging_mixin.py:190} INFO - [2025-01-19T03:20:38.662+0000] {override.py:1911} INFO - Created Permission View: menu access on DAG Run:tutorial_taskflow_api
[2025-01-19T03:20:38.672+0000] {logging_mixin.py:190} INFO - [2025-01-19T03:20:38.671+0000] {override.py:1911} INFO - Created Permission View: can read on DAG Run:tutorial_taskflow_api
[2025-01-19T03:20:38.677+0000] {logging_mixin.py:190} INFO - [2025-01-19T03:20:38.677+0000] {override.py:1911} INFO - Created Permission View: can create on DAG Run:tutorial_taskflow_api
[2025-01-19T03:20:38.683+0000] {logging_mixin.py:190} INFO - [2025-01-19T03:20:38.683+0000] {override.py:1911} INFO - Created Permission View: can delete on DAG Run:tutorial_taskflow_api
[2025-01-19T03:20:38.684+0000] {logging_mixin.py:190} INFO - [2025-01-19T03:20:38.683+0000] {dag.py:3239} INFO - Sync 1 DAGs
[2025-01-19T03:20:38.693+0000] {logging_mixin.py:190} INFO - [2025-01-19T03:20:38.692+0000] {dag.py:3262} INFO - Creating ORM DAG for tutorial_taskflow_api
[2025-01-19T03:20:38.693+0000] {logging_mixin.py:190} INFO - [2025-01-19T03:20:38.693+0000] {dag.py:4180} INFO - Setting next_dagrun for tutorial_taskflow_api to None, run_after=None
[2025-01-19T03:20:38.707+0000] {processor.py:208} INFO - Processing /home/vscode/.local/lib/python3.10/site-packages/airflow/example_dags/tutorial_taskflow_api.py took 0.183 seconds
[2025-01-19T03:21:40.861+0000] {processor.py:186} INFO - Started process (PID=5504) to work on /home/vscode/.local/lib/python3.10/site-packages/airflow/example_dags/tutorial_taskflow_api.py
[2025-01-19T03:21:40.862+0000] {processor.py:914} INFO - Processing file /home/vscode/.local/lib/python3.10/site-packages/airflow/example_dags/tutorial_taskflow_api.py for tasks to queue
[2025-01-19T03:21:40.863+0000] {logging_mixin.py:190} INFO - [2025-01-19T03:21:40.863+0000] {dagbag.py:588} INFO - Filling up the DagBag from /home/vscode/.local/lib/python3.10/site-packages/airflow/example_dags/tutorial_taskflow_api.py
[2025-01-19T03:21:40.869+0000] {processor.py:925} INFO - DAG(s) 'tutorial_taskflow_api' retrieved from /home/vscode/.local/lib/python3.10/site-packages/airflow/example_dags/tutorial_taskflow_api.py
[2025-01-19T03:21:40.880+0000] {logging_mixin.py:190} INFO - [2025-01-19T03:21:40.880+0000] {dag.py:3239} INFO - Sync 1 DAGs
[2025-01-19T03:21:40.890+0000] {logging_mixin.py:190} INFO - [2025-01-19T03:21:40.890+0000] {dag.py:4180} INFO - Setting next_dagrun for tutorial_taskflow_api to None, run_after=None
[2025-01-19T03:21:40.904+0000] {processor.py:208} INFO - Processing /home/vscode/.local/lib/python3.10/site-packages/airflow/example_dags/tutorial_taskflow_api.py took 0.048 seconds
[2025-01-19T03:22:33.868+0000] {processor.py:186} INFO - Started process (PID=5896) to work on /home/vscode/.local/lib/python3.10/site-packages/airflow/example_dags/tutorial_taskflow_api.py
[2025-01-19T03:22:33.869+0000] {processor.py:914} INFO - Processing file /home/vscode/.local/lib/python3.10/site-packages/airflow/example_dags/tutorial_taskflow_api.py for tasks to queue
[2025-01-19T03:22:33.871+0000] {logging_mixin.py:190} INFO - [2025-01-19T03:22:33.871+0000] {dagbag.py:588} INFO - Filling up the DagBag from /home/vscode/.local/lib/python3.10/site-packages/airflow/example_dags/tutorial_taskflow_api.py
[2025-01-19T03:22:33.878+0000] {processor.py:925} INFO - DAG(s) 'tutorial_taskflow_api' retrieved from /home/vscode/.local/lib/python3.10/site-packages/airflow/example_dags/tutorial_taskflow_api.py
[2025-01-19T03:22:33.889+0000] {logging_mixin.py:190} INFO - [2025-01-19T03:22:33.889+0000] {dag.py:3239} INFO - Sync 1 DAGs
[2025-01-19T03:22:33.899+0000] {logging_mixin.py:190} INFO - [2025-01-19T03:22:33.898+0000] {dag.py:4180} INFO - Setting next_dagrun for tutorial_taskflow_api to None, run_after=None
[2025-01-19T03:22:33.913+0000] {processor.py:208} INFO - Processing /home/vscode/.local/lib/python3.10/site-packages/airflow/example_dags/tutorial_taskflow_api.py took 0.050 seconds
[2025-01-19T03:23:21.661+0000] {processor.py:186} INFO - Started process (PID=6290) to work on /home/vscode/.local/lib/python3.10/site-packages/airflow/example_dags/tutorial_taskflow_api.py
[2025-01-19T03:23:21.661+0000] {processor.py:914} INFO - Processing file /home/vscode/.local/lib/python3.10/site-packages/airflow/example_dags/tutorial_taskflow_api.py for tasks to queue
[2025-01-19T03:23:21.663+0000] {logging_mixin.py:190} INFO - [2025-01-19T03:23:21.663+0000] {dagbag.py:588} INFO - Filling up the DagBag from /home/vscode/.local/lib/python3.10/site-packages/airflow/example_dags/tutorial_taskflow_api.py
[2025-01-19T03:23:21.670+0000] {processor.py:925} INFO - DAG(s) 'tutorial_taskflow_api' retrieved from /home/vscode/.local/lib/python3.10/site-packages/airflow/example_dags/tutorial_taskflow_api.py
[2025-01-19T03:23:21.681+0000] {logging_mixin.py:190} INFO - [2025-01-19T03:23:21.680+0000] {dag.py:3239} INFO - Sync 1 DAGs
[2025-01-19T03:23:21.690+0000] {logging_mixin.py:190} INFO - [2025-01-19T03:23:21.690+0000] {dag.py:4180} INFO - Setting next_dagrun for tutorial_taskflow_api to None, run_after=None
[2025-01-19T03:23:21.704+0000] {processor.py:208} INFO - Processing /home/vscode/.local/lib/python3.10/site-packages/airflow/example_dags/tutorial_taskflow_api.py took 0.048 seconds
[2025-01-19T03:24:14.147+0000] {processor.py:186} INFO - Started process (PID=6714) to work on /home/vscode/.local/lib/python3.10/site-packages/airflow/example_dags/tutorial_taskflow_api.py
[2025-01-19T03:24:14.148+0000] {processor.py:914} INFO - Processing file /home/vscode/.local/lib/python3.10/site-packages/airflow/example_dags/tutorial_taskflow_api.py for tasks to queue
[2025-01-19T03:24:14.149+0000] {logging_mixin.py:190} INFO - [2025-01-19T03:24:14.149+0000] {dagbag.py:588} INFO - Filling up the DagBag from /home/vscode/.local/lib/python3.10/site-packages/airflow/example_dags/tutorial_taskflow_api.py
[2025-01-19T03:24:14.156+0000] {processor.py:925} INFO - DAG(s) 'tutorial_taskflow_api' retrieved from /home/vscode/.local/lib/python3.10/site-packages/airflow/example_dags/tutorial_taskflow_api.py
[2025-01-19T03:24:14.167+0000] {logging_mixin.py:190} INFO - [2025-01-19T03:24:14.167+0000] {dag.py:3239} INFO - Sync 1 DAGs
[2025-01-19T03:24:14.176+0000] {logging_mixin.py:190} INFO - [2025-01-19T03:24:14.176+0000] {dag.py:4180} INFO - Setting next_dagrun for tutorial_taskflow_api to None, run_after=None
[2025-01-19T03:24:14.191+0000] {processor.py:208} INFO - Processing /home/vscode/.local/lib/python3.10/site-packages/airflow/example_dags/tutorial_taskflow_api.py took 0.049 seconds
[2025-01-19T03:25:06.535+0000] {processor.py:186} INFO - Started process (PID=7112) to work on /home/vscode/.local/lib/python3.10/site-packages/airflow/example_dags/tutorial_taskflow_api.py
[2025-01-19T03:25:06.536+0000] {processor.py:914} INFO - Processing file /home/vscode/.local/lib/python3.10/site-packages/airflow/example_dags/tutorial_taskflow_api.py for tasks to queue
[2025-01-19T03:25:06.538+0000] {logging_mixin.py:190} INFO - [2025-01-19T03:25:06.537+0000] {dagbag.py:588} INFO - Filling up the DagBag from /home/vscode/.local/lib/python3.10/site-packages/airflow/example_dags/tutorial_taskflow_api.py
[2025-01-19T03:25:06.544+0000] {processor.py:925} INFO - DAG(s) 'tutorial_taskflow_api' retrieved from /home/vscode/.local/lib/python3.10/site-packages/airflow/example_dags/tutorial_taskflow_api.py
[2025-01-19T03:25:06.556+0000] {logging_mixin.py:190} INFO - [2025-01-19T03:25:06.556+0000] {dag.py:3239} INFO - Sync 1 DAGs
[2025-01-19T03:25:06.565+0000] {logging_mixin.py:190} INFO - [2025-01-19T03:25:06.565+0000] {dag.py:4180} INFO - Setting next_dagrun for tutorial_taskflow_api to None, run_after=None
[2025-01-19T03:25:06.579+0000] {processor.py:208} INFO - Processing /home/vscode/.local/lib/python3.10/site-packages/airflow/example_dags/tutorial_taskflow_api.py took 0.049 seconds
[2025-01-19T03:25:55.726+0000] {processor.py:186} INFO - Started process (PID=7519) to work on /home/vscode/.local/lib/python3.10/site-packages/airflow/example_dags/tutorial_taskflow_api.py
[2025-01-19T03:25:55.726+0000] {processor.py:914} INFO - Processing file /home/vscode/.local/lib/python3.10/site-packages/airflow/example_dags/tutorial_taskflow_api.py for tasks to queue
[2025-01-19T03:25:55.728+0000] {logging_mixin.py:190} INFO - [2025-01-19T03:25:55.728+0000] {dagbag.py:588} INFO - Filling up the DagBag from /home/vscode/.local/lib/python3.10/site-packages/airflow/example_dags/tutorial_taskflow_api.py
[2025-01-19T03:25:55.735+0000] {processor.py:925} INFO - DAG(s) 'tutorial_taskflow_api' retrieved from /home/vscode/.local/lib/python3.10/site-packages/airflow/example_dags/tutorial_taskflow_api.py
[2025-01-19T03:25:55.746+0000] {logging_mixin.py:190} INFO - [2025-01-19T03:25:55.745+0000] {dag.py:3239} INFO - Sync 1 DAGs
[2025-01-19T03:25:55.755+0000] {logging_mixin.py:190} INFO - [2025-01-19T03:25:55.755+0000] {dag.py:4180} INFO - Setting next_dagrun for tutorial_taskflow_api to None, run_after=None
[2025-01-19T03:25:55.769+0000] {processor.py:208} INFO - Processing /home/vscode/.local/lib/python3.10/site-packages/airflow/example_dags/tutorial_taskflow_api.py took 0.048 seconds
[2025-01-19T03:26:48.527+0000] {processor.py:186} INFO - Started process (PID=7917) to work on /home/vscode/.local/lib/python3.10/site-packages/airflow/example_dags/tutorial_taskflow_api.py
[2025-01-19T03:26:48.528+0000] {processor.py:914} INFO - Processing file /home/vscode/.local/lib/python3.10/site-packages/airflow/example_dags/tutorial_taskflow_api.py for tasks to queue
[2025-01-19T03:26:48.529+0000] {logging_mixin.py:190} INFO - [2025-01-19T03:26:48.529+0000] {dagbag.py:588} INFO - Filling up the DagBag from /home/vscode/.local/lib/python3.10/site-packages/airflow/example_dags/tutorial_taskflow_api.py
[2025-01-19T03:26:48.538+0000] {processor.py:925} INFO - DAG(s) 'tutorial_taskflow_api' retrieved from /home/vscode/.local/lib/python3.10/site-packages/airflow/example_dags/tutorial_taskflow_api.py
[2025-01-19T03:26:48.550+0000] {logging_mixin.py:190} INFO - [2025-01-19T03:26:48.550+0000] {dag.py:3239} INFO - Sync 1 DAGs
[2025-01-19T03:26:48.560+0000] {logging_mixin.py:190} INFO - [2025-01-19T03:26:48.560+0000] {dag.py:4180} INFO - Setting next_dagrun for tutorial_taskflow_api to None, run_after=None
[2025-01-19T03:26:48.574+0000] {processor.py:208} INFO - Processing /home/vscode/.local/lib/python3.10/site-packages/airflow/example_dags/tutorial_taskflow_api.py took 0.052 seconds
[2025-01-19T03:27:41.520+0000] {processor.py:186} INFO - Started process (PID=8307) to work on /home/vscode/.local/lib/python3.10/site-packages/airflow/example_dags/tutorial_taskflow_api.py
[2025-01-19T03:27:41.521+0000] {processor.py:914} INFO - Processing file /home/vscode/.local/lib/python3.10/site-packages/airflow/example_dags/tutorial_taskflow_api.py for tasks to queue
[2025-01-19T03:27:41.522+0000] {logging_mixin.py:190} INFO - [2025-01-19T03:27:41.522+0000] {dagbag.py:588} INFO - Filling up the DagBag from /home/vscode/.local/lib/python3.10/site-packages/airflow/example_dags/tutorial_taskflow_api.py
[2025-01-19T03:27:41.529+0000] {processor.py:925} INFO - DAG(s) 'tutorial_taskflow_api' retrieved from /home/vscode/.local/lib/python3.10/site-packages/airflow/example_dags/tutorial_taskflow_api.py
[2025-01-19T03:27:41.540+0000] {logging_mixin.py:190} INFO - [2025-01-19T03:27:41.540+0000] {dag.py:3239} INFO - Sync 1 DAGs
[2025-01-19T03:27:41.550+0000] {logging_mixin.py:190} INFO - [2025-01-19T03:27:41.550+0000] {dag.py:4180} INFO - Setting next_dagrun for tutorial_taskflow_api to None, run_after=None
[2025-01-19T03:27:41.564+0000] {processor.py:208} INFO - Processing /home/vscode/.local/lib/python3.10/site-packages/airflow/example_dags/tutorial_taskflow_api.py took 0.049 seconds
[2025-01-19T03:28:35.896+0000] {processor.py:186} INFO - Started process (PID=8811) to work on /home/vscode/.local/lib/python3.10/site-packages/airflow/example_dags/tutorial_taskflow_api.py
[2025-01-19T03:28:35.896+0000] {processor.py:914} INFO - Processing file /home/vscode/.local/lib/python3.10/site-packages/airflow/example_dags/tutorial_taskflow_api.py for tasks to queue
[2025-01-19T03:28:35.898+0000] {logging_mixin.py:190} INFO - [2025-01-19T03:28:35.898+0000] {dagbag.py:588} INFO - Filling up the DagBag from /home/vscode/.local/lib/python3.10/site-packages/airflow/example_dags/tutorial_taskflow_api.py
[2025-01-19T03:28:35.905+0000] {processor.py:925} INFO - DAG(s) 'tutorial_taskflow_api' retrieved from /home/vscode/.local/lib/python3.10/site-packages/airflow/example_dags/tutorial_taskflow_api.py
[2025-01-19T03:28:35.922+0000] {logging_mixin.py:190} INFO - [2025-01-19T03:28:35.922+0000] {dag.py:3239} INFO - Sync 1 DAGs
[2025-01-19T03:28:35.938+0000] {logging_mixin.py:190} INFO - [2025-01-19T03:28:35.938+0000] {dag.py:4180} INFO - Setting next_dagrun for tutorial_taskflow_api to None, run_after=None
[2025-01-19T03:28:35.960+0000] {processor.py:208} INFO - Processing /home/vscode/.local/lib/python3.10/site-packages/airflow/example_dags/tutorial_taskflow_api.py took 0.069 seconds
[2025-01-19T03:29:28.001+0000] {processor.py:186} INFO - Started process (PID=9212) to work on /home/vscode/.local/lib/python3.10/site-packages/airflow/example_dags/tutorial_taskflow_api.py
[2025-01-19T03:29:28.001+0000] {processor.py:914} INFO - Processing file /home/vscode/.local/lib/python3.10/site-packages/airflow/example_dags/tutorial_taskflow_api.py for tasks to queue
[2025-01-19T03:29:28.003+0000] {logging_mixin.py:190} INFO - [2025-01-19T03:29:28.003+0000] {dagbag.py:588} INFO - Filling up the DagBag from /home/vscode/.local/lib/python3.10/site-packages/airflow/example_dags/tutorial_taskflow_api.py
[2025-01-19T03:29:28.011+0000] {processor.py:925} INFO - DAG(s) 'tutorial_taskflow_api' retrieved from /home/vscode/.local/lib/python3.10/site-packages/airflow/example_dags/tutorial_taskflow_api.py
[2025-01-19T03:29:28.024+0000] {logging_mixin.py:190} INFO - [2025-01-19T03:29:28.023+0000] {dag.py:3239} INFO - Sync 1 DAGs
[2025-01-19T03:29:28.033+0000] {logging_mixin.py:190} INFO - [2025-01-19T03:29:28.033+0000] {dag.py:4180} INFO - Setting next_dagrun for tutorial_taskflow_api to None, run_after=None
[2025-01-19T03:29:28.048+0000] {processor.py:208} INFO - Processing /home/vscode/.local/lib/python3.10/site-packages/airflow/example_dags/tutorial_taskflow_api.py took 0.052 seconds
[2025-01-19T03:30:19.223+0000] {processor.py:186} INFO - Started process (PID=9555) to work on /home/vscode/.local/lib/python3.10/site-packages/airflow/example_dags/tutorial_taskflow_api.py
[2025-01-19T03:30:19.224+0000] {processor.py:914} INFO - Processing file /home/vscode/.local/lib/python3.10/site-packages/airflow/example_dags/tutorial_taskflow_api.py for tasks to queue
[2025-01-19T03:30:19.225+0000] {logging_mixin.py:190} INFO - [2025-01-19T03:30:19.225+0000] {dagbag.py:588} INFO - Filling up the DagBag from /home/vscode/.local/lib/python3.10/site-packages/airflow/example_dags/tutorial_taskflow_api.py
[2025-01-19T03:30:19.232+0000] {processor.py:925} INFO - DAG(s) 'tutorial_taskflow_api' retrieved from /home/vscode/.local/lib/python3.10/site-packages/airflow/example_dags/tutorial_taskflow_api.py
[2025-01-19T03:30:19.244+0000] {logging_mixin.py:190} INFO - [2025-01-19T03:30:19.244+0000] {dag.py:3239} INFO - Sync 1 DAGs
[2025-01-19T03:30:19.253+0000] {logging_mixin.py:190} INFO - [2025-01-19T03:30:19.253+0000] {dag.py:4180} INFO - Setting next_dagrun for tutorial_taskflow_api to None, run_after=None
[2025-01-19T03:30:19.267+0000] {processor.py:208} INFO - Processing /home/vscode/.local/lib/python3.10/site-packages/airflow/example_dags/tutorial_taskflow_api.py took 0.049 seconds
[2025-01-19T03:31:04.347+0000] {processor.py:186} INFO - Started process (PID=9856) to work on /home/vscode/.local/lib/python3.10/site-packages/airflow/example_dags/tutorial_taskflow_api.py
[2025-01-19T03:31:04.348+0000] {processor.py:914} INFO - Processing file /home/vscode/.local/lib/python3.10/site-packages/airflow/example_dags/tutorial_taskflow_api.py for tasks to queue
[2025-01-19T03:31:04.350+0000] {logging_mixin.py:190} INFO - [2025-01-19T03:31:04.349+0000] {dagbag.py:588} INFO - Filling up the DagBag from /home/vscode/.local/lib/python3.10/site-packages/airflow/example_dags/tutorial_taskflow_api.py
[2025-01-19T03:31:04.356+0000] {processor.py:925} INFO - DAG(s) 'tutorial_taskflow_api' retrieved from /home/vscode/.local/lib/python3.10/site-packages/airflow/example_dags/tutorial_taskflow_api.py
[2025-01-19T03:31:04.367+0000] {logging_mixin.py:190} INFO - [2025-01-19T03:31:04.367+0000] {dag.py:3239} INFO - Sync 1 DAGs
[2025-01-19T03:31:04.376+0000] {logging_mixin.py:190} INFO - [2025-01-19T03:31:04.376+0000] {dag.py:4180} INFO - Setting next_dagrun for tutorial_taskflow_api to None, run_after=None
[2025-01-19T03:31:04.392+0000] {processor.py:208} INFO - Processing /home/vscode/.local/lib/python3.10/site-packages/airflow/example_dags/tutorial_taskflow_api.py took 0.049 seconds
[2025-01-19T03:31:53.478+0000] {processor.py:186} INFO - Started process (PID=10188) to work on /home/vscode/.local/lib/python3.10/site-packages/airflow/example_dags/tutorial_taskflow_api.py
[2025-01-19T03:31:53.478+0000] {processor.py:914} INFO - Processing file /home/vscode/.local/lib/python3.10/site-packages/airflow/example_dags/tutorial_taskflow_api.py for tasks to queue
[2025-01-19T03:31:53.480+0000] {logging_mixin.py:190} INFO - [2025-01-19T03:31:53.480+0000] {dagbag.py:588} INFO - Filling up the DagBag from /home/vscode/.local/lib/python3.10/site-packages/airflow/example_dags/tutorial_taskflow_api.py
[2025-01-19T03:31:53.487+0000] {processor.py:925} INFO - DAG(s) 'tutorial_taskflow_api' retrieved from /home/vscode/.local/lib/python3.10/site-packages/airflow/example_dags/tutorial_taskflow_api.py
[2025-01-19T03:31:53.498+0000] {logging_mixin.py:190} INFO - [2025-01-19T03:31:53.498+0000] {dag.py:3239} INFO - Sync 1 DAGs
[2025-01-19T03:31:53.507+0000] {logging_mixin.py:190} INFO - [2025-01-19T03:31:53.507+0000] {dag.py:4180} INFO - Setting next_dagrun for tutorial_taskflow_api to None, run_after=None
[2025-01-19T03:31:53.522+0000] {processor.py:208} INFO - Processing /home/vscode/.local/lib/python3.10/site-packages/airflow/example_dags/tutorial_taskflow_api.py took 0.049 seconds
[2025-01-19T03:32:43.857+0000] {processor.py:186} INFO - Started process (PID=10671) to work on /home/vscode/.local/lib/python3.10/site-packages/airflow/example_dags/tutorial_taskflow_api.py
[2025-01-19T03:32:43.857+0000] {processor.py:914} INFO - Processing file /home/vscode/.local/lib/python3.10/site-packages/airflow/example_dags/tutorial_taskflow_api.py for tasks to queue
[2025-01-19T03:32:43.859+0000] {logging_mixin.py:190} INFO - [2025-01-19T03:32:43.859+0000] {dagbag.py:588} INFO - Filling up the DagBag from /home/vscode/.local/lib/python3.10/site-packages/airflow/example_dags/tutorial_taskflow_api.py
[2025-01-19T03:32:43.865+0000] {processor.py:925} INFO - DAG(s) 'tutorial_taskflow_api' retrieved from /home/vscode/.local/lib/python3.10/site-packages/airflow/example_dags/tutorial_taskflow_api.py
[2025-01-19T03:32:43.876+0000] {logging_mixin.py:190} INFO - [2025-01-19T03:32:43.876+0000] {dag.py:3239} INFO - Sync 1 DAGs
[2025-01-19T03:32:43.886+0000] {logging_mixin.py:190} INFO - [2025-01-19T03:32:43.886+0000] {dag.py:4180} INFO - Setting next_dagrun for tutorial_taskflow_api to None, run_after=None
[2025-01-19T03:32:43.901+0000] {processor.py:208} INFO - Processing /home/vscode/.local/lib/python3.10/site-packages/airflow/example_dags/tutorial_taskflow_api.py took 0.048 seconds
[2025-01-19T03:33:36.368+0000] {processor.py:186} INFO - Started process (PID=11025) to work on /home/vscode/.local/lib/python3.10/site-packages/airflow/example_dags/tutorial_taskflow_api.py
[2025-01-19T03:33:36.369+0000] {processor.py:914} INFO - Processing file /home/vscode/.local/lib/python3.10/site-packages/airflow/example_dags/tutorial_taskflow_api.py for tasks to queue
[2025-01-19T03:33:36.370+0000] {logging_mixin.py:190} INFO - [2025-01-19T03:33:36.370+0000] {dagbag.py:588} INFO - Filling up the DagBag from /home/vscode/.local/lib/python3.10/site-packages/airflow/example_dags/tutorial_taskflow_api.py
[2025-01-19T03:33:36.377+0000] {processor.py:925} INFO - DAG(s) 'tutorial_taskflow_api' retrieved from /home/vscode/.local/lib/python3.10/site-packages/airflow/example_dags/tutorial_taskflow_api.py
[2025-01-19T03:33:36.388+0000] {logging_mixin.py:190} INFO - [2025-01-19T03:33:36.388+0000] {dag.py:3239} INFO - Sync 1 DAGs
[2025-01-19T03:33:36.397+0000] {logging_mixin.py:190} INFO - [2025-01-19T03:33:36.397+0000] {dag.py:4180} INFO - Setting next_dagrun for tutorial_taskflow_api to None, run_after=None
[2025-01-19T03:33:36.411+0000] {processor.py:208} INFO - Processing /home/vscode/.local/lib/python3.10/site-packages/airflow/example_dags/tutorial_taskflow_api.py took 0.047 seconds
[2025-01-19T03:34:26.352+0000] {processor.py:186} INFO - Started process (PID=11369) to work on /home/vscode/.local/lib/python3.10/site-packages/airflow/example_dags/tutorial_taskflow_api.py
[2025-01-19T03:34:26.353+0000] {processor.py:914} INFO - Processing file /home/vscode/.local/lib/python3.10/site-packages/airflow/example_dags/tutorial_taskflow_api.py for tasks to queue
[2025-01-19T03:34:26.354+0000] {logging_mixin.py:190} INFO - [2025-01-19T03:34:26.354+0000] {dagbag.py:588} INFO - Filling up the DagBag from /home/vscode/.local/lib/python3.10/site-packages/airflow/example_dags/tutorial_taskflow_api.py
[2025-01-19T03:34:26.361+0000] {processor.py:925} INFO - DAG(s) 'tutorial_taskflow_api' retrieved from /home/vscode/.local/lib/python3.10/site-packages/airflow/example_dags/tutorial_taskflow_api.py
[2025-01-19T03:34:26.373+0000] {logging_mixin.py:190} INFO - [2025-01-19T03:34:26.373+0000] {dag.py:3239} INFO - Sync 1 DAGs
[2025-01-19T03:34:26.382+0000] {logging_mixin.py:190} INFO - [2025-01-19T03:34:26.382+0000] {dag.py:4180} INFO - Setting next_dagrun for tutorial_taskflow_api to None, run_after=None
[2025-01-19T03:34:26.397+0000] {processor.py:208} INFO - Processing /home/vscode/.local/lib/python3.10/site-packages/airflow/example_dags/tutorial_taskflow_api.py took 0.050 seconds
[2025-01-19T03:35:14.661+0000] {processor.py:186} INFO - Started process (PID=11781) to work on /home/vscode/.local/lib/python3.10/site-packages/airflow/example_dags/tutorial_taskflow_api.py
[2025-01-19T03:35:14.662+0000] {processor.py:914} INFO - Processing file /home/vscode/.local/lib/python3.10/site-packages/airflow/example_dags/tutorial_taskflow_api.py for tasks to queue
[2025-01-19T03:35:14.663+0000] {logging_mixin.py:190} INFO - [2025-01-19T03:35:14.663+0000] {dagbag.py:588} INFO - Filling up the DagBag from /home/vscode/.local/lib/python3.10/site-packages/airflow/example_dags/tutorial_taskflow_api.py
[2025-01-19T03:35:14.670+0000] {processor.py:925} INFO - DAG(s) 'tutorial_taskflow_api' retrieved from /home/vscode/.local/lib/python3.10/site-packages/airflow/example_dags/tutorial_taskflow_api.py
[2025-01-19T03:35:14.681+0000] {logging_mixin.py:190} INFO - [2025-01-19T03:35:14.681+0000] {dag.py:3239} INFO - Sync 1 DAGs
[2025-01-19T03:35:14.691+0000] {logging_mixin.py:190} INFO - [2025-01-19T03:35:14.691+0000] {dag.py:4180} INFO - Setting next_dagrun for tutorial_taskflow_api to None, run_after=None
[2025-01-19T03:35:14.706+0000] {processor.py:208} INFO - Processing /home/vscode/.local/lib/python3.10/site-packages/airflow/example_dags/tutorial_taskflow_api.py took 0.050 seconds
[2025-01-19T03:36:05.378+0000] {processor.py:186} INFO - Started process (PID=12177) to work on /home/vscode/.local/lib/python3.10/site-packages/airflow/example_dags/tutorial_taskflow_api.py
[2025-01-19T03:36:05.379+0000] {processor.py:914} INFO - Processing file /home/vscode/.local/lib/python3.10/site-packages/airflow/example_dags/tutorial_taskflow_api.py for tasks to queue
[2025-01-19T03:36:05.381+0000] {logging_mixin.py:190} INFO - [2025-01-19T03:36:05.381+0000] {dagbag.py:588} INFO - Filling up the DagBag from /home/vscode/.local/lib/python3.10/site-packages/airflow/example_dags/tutorial_taskflow_api.py
[2025-01-19T03:36:05.388+0000] {processor.py:925} INFO - DAG(s) 'tutorial_taskflow_api' retrieved from /home/vscode/.local/lib/python3.10/site-packages/airflow/example_dags/tutorial_taskflow_api.py
[2025-01-19T03:36:05.399+0000] {logging_mixin.py:190} INFO - [2025-01-19T03:36:05.399+0000] {dag.py:3239} INFO - Sync 1 DAGs
[2025-01-19T03:36:05.408+0000] {logging_mixin.py:190} INFO - [2025-01-19T03:36:05.408+0000] {dag.py:4180} INFO - Setting next_dagrun for tutorial_taskflow_api to None, run_after=None
[2025-01-19T03:36:05.424+0000] {processor.py:208} INFO - Processing /home/vscode/.local/lib/python3.10/site-packages/airflow/example_dags/tutorial_taskflow_api.py took 0.050 seconds
[2025-01-19T03:36:54.950+0000] {processor.py:186} INFO - Started process (PID=12513) to work on /home/vscode/.local/lib/python3.10/site-packages/airflow/example_dags/tutorial_taskflow_api.py
[2025-01-19T03:36:54.951+0000] {processor.py:914} INFO - Processing file /home/vscode/.local/lib/python3.10/site-packages/airflow/example_dags/tutorial_taskflow_api.py for tasks to queue
[2025-01-19T03:36:54.952+0000] {logging_mixin.py:190} INFO - [2025-01-19T03:36:54.952+0000] {dagbag.py:588} INFO - Filling up the DagBag from /home/vscode/.local/lib/python3.10/site-packages/airflow/example_dags/tutorial_taskflow_api.py
[2025-01-19T03:36:54.959+0000] {processor.py:925} INFO - DAG(s) 'tutorial_taskflow_api' retrieved from /home/vscode/.local/lib/python3.10/site-packages/airflow/example_dags/tutorial_taskflow_api.py
[2025-01-19T03:36:54.970+0000] {logging_mixin.py:190} INFO - [2025-01-19T03:36:54.970+0000] {dag.py:3239} INFO - Sync 1 DAGs
[2025-01-19T03:36:54.979+0000] {logging_mixin.py:190} INFO - [2025-01-19T03:36:54.979+0000] {dag.py:4180} INFO - Setting next_dagrun for tutorial_taskflow_api to None, run_after=None
[2025-01-19T03:36:54.994+0000] {processor.py:208} INFO - Processing /home/vscode/.local/lib/python3.10/site-packages/airflow/example_dags/tutorial_taskflow_api.py took 0.049 seconds
[2025-01-19T03:37:46.767+0000] {processor.py:186} INFO - Started process (PID=12858) to work on /home/vscode/.local/lib/python3.10/site-packages/airflow/example_dags/tutorial_taskflow_api.py
[2025-01-19T03:37:46.768+0000] {processor.py:914} INFO - Processing file /home/vscode/.local/lib/python3.10/site-packages/airflow/example_dags/tutorial_taskflow_api.py for tasks to queue
[2025-01-19T03:37:46.769+0000] {logging_mixin.py:190} INFO - [2025-01-19T03:37:46.769+0000] {dagbag.py:588} INFO - Filling up the DagBag from /home/vscode/.local/lib/python3.10/site-packages/airflow/example_dags/tutorial_taskflow_api.py
[2025-01-19T03:37:46.776+0000] {processor.py:925} INFO - DAG(s) 'tutorial_taskflow_api' retrieved from /home/vscode/.local/lib/python3.10/site-packages/airflow/example_dags/tutorial_taskflow_api.py
[2025-01-19T03:37:46.787+0000] {logging_mixin.py:190} INFO - [2025-01-19T03:37:46.787+0000] {dag.py:3239} INFO - Sync 1 DAGs
[2025-01-19T03:37:46.796+0000] {logging_mixin.py:190} INFO - [2025-01-19T03:37:46.796+0000] {dag.py:4180} INFO - Setting next_dagrun for tutorial_taskflow_api to None, run_after=None
[2025-01-19T03:37:46.810+0000] {processor.py:208} INFO - Processing /home/vscode/.local/lib/python3.10/site-packages/airflow/example_dags/tutorial_taskflow_api.py took 0.048 seconds
[2025-01-19T03:38:35.627+0000] {processor.py:186} INFO - Started process (PID=13194) to work on /home/vscode/.local/lib/python3.10/site-packages/airflow/example_dags/tutorial_taskflow_api.py
[2025-01-19T03:38:35.627+0000] {processor.py:914} INFO - Processing file /home/vscode/.local/lib/python3.10/site-packages/airflow/example_dags/tutorial_taskflow_api.py for tasks to queue
[2025-01-19T03:38:35.629+0000] {logging_mixin.py:190} INFO - [2025-01-19T03:38:35.629+0000] {dagbag.py:588} INFO - Filling up the DagBag from /home/vscode/.local/lib/python3.10/site-packages/airflow/example_dags/tutorial_taskflow_api.py
[2025-01-19T03:38:35.635+0000] {processor.py:925} INFO - DAG(s) 'tutorial_taskflow_api' retrieved from /home/vscode/.local/lib/python3.10/site-packages/airflow/example_dags/tutorial_taskflow_api.py
[2025-01-19T03:38:35.646+0000] {logging_mixin.py:190} INFO - [2025-01-19T03:38:35.646+0000] {dag.py:3239} INFO - Sync 1 DAGs
[2025-01-19T03:38:35.655+0000] {logging_mixin.py:190} INFO - [2025-01-19T03:38:35.655+0000] {dag.py:4180} INFO - Setting next_dagrun for tutorial_taskflow_api to None, run_after=None
[2025-01-19T03:38:35.670+0000] {processor.py:208} INFO - Processing /home/vscode/.local/lib/python3.10/site-packages/airflow/example_dags/tutorial_taskflow_api.py took 0.048 seconds
[2025-01-19T03:39:25.029+0000] {processor.py:186} INFO - Started process (PID=13523) to work on /home/vscode/.local/lib/python3.10/site-packages/airflow/example_dags/tutorial_taskflow_api.py
[2025-01-19T03:39:25.029+0000] {processor.py:914} INFO - Processing file /home/vscode/.local/lib/python3.10/site-packages/airflow/example_dags/tutorial_taskflow_api.py for tasks to queue
[2025-01-19T03:39:25.031+0000] {logging_mixin.py:190} INFO - [2025-01-19T03:39:25.031+0000] {dagbag.py:588} INFO - Filling up the DagBag from /home/vscode/.local/lib/python3.10/site-packages/airflow/example_dags/tutorial_taskflow_api.py
[2025-01-19T03:39:25.037+0000] {processor.py:925} INFO - DAG(s) 'tutorial_taskflow_api' retrieved from /home/vscode/.local/lib/python3.10/site-packages/airflow/example_dags/tutorial_taskflow_api.py
[2025-01-19T03:39:25.049+0000] {logging_mixin.py:190} INFO - [2025-01-19T03:39:25.049+0000] {dag.py:3239} INFO - Sync 1 DAGs
[2025-01-19T03:39:25.059+0000] {logging_mixin.py:190} INFO - [2025-01-19T03:39:25.059+0000] {dag.py:4180} INFO - Setting next_dagrun for tutorial_taskflow_api to None, run_after=None
[2025-01-19T03:39:25.073+0000] {processor.py:208} INFO - Processing /home/vscode/.local/lib/python3.10/site-packages/airflow/example_dags/tutorial_taskflow_api.py took 0.049 seconds
[2025-01-19T03:40:17.006+0000] {processor.py:186} INFO - Started process (PID=13881) to work on /home/vscode/.local/lib/python3.10/site-packages/airflow/example_dags/tutorial_taskflow_api.py
[2025-01-19T03:40:17.007+0000] {processor.py:914} INFO - Processing file /home/vscode/.local/lib/python3.10/site-packages/airflow/example_dags/tutorial_taskflow_api.py for tasks to queue
[2025-01-19T03:40:17.009+0000] {logging_mixin.py:190} INFO - [2025-01-19T03:40:17.008+0000] {dagbag.py:588} INFO - Filling up the DagBag from /home/vscode/.local/lib/python3.10/site-packages/airflow/example_dags/tutorial_taskflow_api.py
[2025-01-19T03:40:17.015+0000] {processor.py:925} INFO - DAG(s) 'tutorial_taskflow_api' retrieved from /home/vscode/.local/lib/python3.10/site-packages/airflow/example_dags/tutorial_taskflow_api.py
[2025-01-19T03:40:17.026+0000] {logging_mixin.py:190} INFO - [2025-01-19T03:40:17.026+0000] {dag.py:3239} INFO - Sync 1 DAGs
[2025-01-19T03:40:17.036+0000] {logging_mixin.py:190} INFO - [2025-01-19T03:40:17.035+0000] {dag.py:4180} INFO - Setting next_dagrun for tutorial_taskflow_api to None, run_after=None
[2025-01-19T03:40:17.052+0000] {processor.py:208} INFO - Processing /home/vscode/.local/lib/python3.10/site-packages/airflow/example_dags/tutorial_taskflow_api.py took 0.050 seconds
[2025-01-19T03:41:06.696+0000] {processor.py:186} INFO - Started process (PID=14216) to work on /home/vscode/.local/lib/python3.10/site-packages/airflow/example_dags/tutorial_taskflow_api.py
[2025-01-19T03:41:06.697+0000] {processor.py:914} INFO - Processing file /home/vscode/.local/lib/python3.10/site-packages/airflow/example_dags/tutorial_taskflow_api.py for tasks to queue
[2025-01-19T03:41:06.698+0000] {logging_mixin.py:190} INFO - [2025-01-19T03:41:06.698+0000] {dagbag.py:588} INFO - Filling up the DagBag from /home/vscode/.local/lib/python3.10/site-packages/airflow/example_dags/tutorial_taskflow_api.py
[2025-01-19T03:41:06.705+0000] {processor.py:925} INFO - DAG(s) 'tutorial_taskflow_api' retrieved from /home/vscode/.local/lib/python3.10/site-packages/airflow/example_dags/tutorial_taskflow_api.py
[2025-01-19T03:41:06.716+0000] {logging_mixin.py:190} INFO - [2025-01-19T03:41:06.716+0000] {dag.py:3239} INFO - Sync 1 DAGs
[2025-01-19T03:41:06.726+0000] {logging_mixin.py:190} INFO - [2025-01-19T03:41:06.725+0000] {dag.py:4180} INFO - Setting next_dagrun for tutorial_taskflow_api to None, run_after=None
[2025-01-19T03:41:06.740+0000] {processor.py:208} INFO - Processing /home/vscode/.local/lib/python3.10/site-packages/airflow/example_dags/tutorial_taskflow_api.py took 0.049 seconds
[2025-01-19T03:41:59.084+0000] {processor.py:186} INFO - Started process (PID=14570) to work on /home/vscode/.local/lib/python3.10/site-packages/airflow/example_dags/tutorial_taskflow_api.py
[2025-01-19T03:41:59.084+0000] {processor.py:914} INFO - Processing file /home/vscode/.local/lib/python3.10/site-packages/airflow/example_dags/tutorial_taskflow_api.py for tasks to queue
[2025-01-19T03:41:59.086+0000] {logging_mixin.py:190} INFO - [2025-01-19T03:41:59.086+0000] {dagbag.py:588} INFO - Filling up the DagBag from /home/vscode/.local/lib/python3.10/site-packages/airflow/example_dags/tutorial_taskflow_api.py
[2025-01-19T03:41:59.092+0000] {processor.py:925} INFO - DAG(s) 'tutorial_taskflow_api' retrieved from /home/vscode/.local/lib/python3.10/site-packages/airflow/example_dags/tutorial_taskflow_api.py
[2025-01-19T03:41:59.104+0000] {logging_mixin.py:190} INFO - [2025-01-19T03:41:59.103+0000] {dag.py:3239} INFO - Sync 1 DAGs
[2025-01-19T03:41:59.113+0000] {logging_mixin.py:190} INFO - [2025-01-19T03:41:59.112+0000] {dag.py:4180} INFO - Setting next_dagrun for tutorial_taskflow_api to None, run_after=None
[2025-01-19T03:41:59.127+0000] {processor.py:208} INFO - Processing /home/vscode/.local/lib/python3.10/site-packages/airflow/example_dags/tutorial_taskflow_api.py took 0.047 seconds
[2025-01-19T03:42:49.393+0000] {processor.py:186} INFO - Started process (PID=14905) to work on /home/vscode/.local/lib/python3.10/site-packages/airflow/example_dags/tutorial_taskflow_api.py
[2025-01-19T03:42:49.394+0000] {processor.py:914} INFO - Processing file /home/vscode/.local/lib/python3.10/site-packages/airflow/example_dags/tutorial_taskflow_api.py for tasks to queue
[2025-01-19T03:42:49.396+0000] {logging_mixin.py:190} INFO - [2025-01-19T03:42:49.395+0000] {dagbag.py:588} INFO - Filling up the DagBag from /home/vscode/.local/lib/python3.10/site-packages/airflow/example_dags/tutorial_taskflow_api.py
[2025-01-19T03:42:49.402+0000] {processor.py:925} INFO - DAG(s) 'tutorial_taskflow_api' retrieved from /home/vscode/.local/lib/python3.10/site-packages/airflow/example_dags/tutorial_taskflow_api.py
[2025-01-19T03:42:49.414+0000] {logging_mixin.py:190} INFO - [2025-01-19T03:42:49.413+0000] {dag.py:3239} INFO - Sync 1 DAGs
[2025-01-19T03:42:49.423+0000] {logging_mixin.py:190} INFO - [2025-01-19T03:42:49.422+0000] {dag.py:4180} INFO - Setting next_dagrun for tutorial_taskflow_api to None, run_after=None
[2025-01-19T03:42:49.437+0000] {processor.py:208} INFO - Processing /home/vscode/.local/lib/python3.10/site-packages/airflow/example_dags/tutorial_taskflow_api.py took 0.048 seconds
[2025-01-19T03:43:39.676+0000] {processor.py:186} INFO - Started process (PID=15246) to work on /home/vscode/.local/lib/python3.10/site-packages/airflow/example_dags/tutorial_taskflow_api.py
[2025-01-19T03:43:39.677+0000] {processor.py:914} INFO - Processing file /home/vscode/.local/lib/python3.10/site-packages/airflow/example_dags/tutorial_taskflow_api.py for tasks to queue
[2025-01-19T03:43:39.679+0000] {logging_mixin.py:190} INFO - [2025-01-19T03:43:39.678+0000] {dagbag.py:588} INFO - Filling up the DagBag from /home/vscode/.local/lib/python3.10/site-packages/airflow/example_dags/tutorial_taskflow_api.py
[2025-01-19T03:43:39.685+0000] {processor.py:925} INFO - DAG(s) 'tutorial_taskflow_api' retrieved from /home/vscode/.local/lib/python3.10/site-packages/airflow/example_dags/tutorial_taskflow_api.py
[2025-01-19T03:43:39.696+0000] {logging_mixin.py:190} INFO - [2025-01-19T03:43:39.696+0000] {dag.py:3239} INFO - Sync 1 DAGs
[2025-01-19T03:43:39.705+0000] {logging_mixin.py:190} INFO - [2025-01-19T03:43:39.705+0000] {dag.py:4180} INFO - Setting next_dagrun for tutorial_taskflow_api to None, run_after=None
[2025-01-19T03:43:39.719+0000] {processor.py:208} INFO - Processing /home/vscode/.local/lib/python3.10/site-packages/airflow/example_dags/tutorial_taskflow_api.py took 0.047 seconds
[2025-01-19T03:44:33.147+0000] {processor.py:186} INFO - Started process (PID=15603) to work on /home/vscode/.local/lib/python3.10/site-packages/airflow/example_dags/tutorial_taskflow_api.py
[2025-01-19T03:44:33.148+0000] {processor.py:914} INFO - Processing file /home/vscode/.local/lib/python3.10/site-packages/airflow/example_dags/tutorial_taskflow_api.py for tasks to queue
[2025-01-19T03:44:33.149+0000] {logging_mixin.py:190} INFO - [2025-01-19T03:44:33.149+0000] {dagbag.py:588} INFO - Filling up the DagBag from /home/vscode/.local/lib/python3.10/site-packages/airflow/example_dags/tutorial_taskflow_api.py
[2025-01-19T03:44:33.156+0000] {processor.py:925} INFO - DAG(s) 'tutorial_taskflow_api' retrieved from /home/vscode/.local/lib/python3.10/site-packages/airflow/example_dags/tutorial_taskflow_api.py
[2025-01-19T03:44:33.170+0000] {logging_mixin.py:190} INFO - [2025-01-19T03:44:33.170+0000] {dag.py:3239} INFO - Sync 1 DAGs
[2025-01-19T03:44:33.188+0000] {logging_mixin.py:190} INFO - [2025-01-19T03:44:33.188+0000] {dag.py:4180} INFO - Setting next_dagrun for tutorial_taskflow_api to None, run_after=None
[2025-01-19T03:44:33.210+0000] {processor.py:208} INFO - Processing /home/vscode/.local/lib/python3.10/site-packages/airflow/example_dags/tutorial_taskflow_api.py took 0.067 seconds
[2025-01-19T03:45:26.236+0000] {processor.py:186} INFO - Started process (PID=15963) to work on /home/vscode/.local/lib/python3.10/site-packages/airflow/example_dags/tutorial_taskflow_api.py
[2025-01-19T03:45:26.237+0000] {processor.py:914} INFO - Processing file /home/vscode/.local/lib/python3.10/site-packages/airflow/example_dags/tutorial_taskflow_api.py for tasks to queue
[2025-01-19T03:45:26.239+0000] {logging_mixin.py:190} INFO - [2025-01-19T03:45:26.239+0000] {dagbag.py:588} INFO - Filling up the DagBag from /home/vscode/.local/lib/python3.10/site-packages/airflow/example_dags/tutorial_taskflow_api.py
[2025-01-19T03:45:26.245+0000] {processor.py:925} INFO - DAG(s) 'tutorial_taskflow_api' retrieved from /home/vscode/.local/lib/python3.10/site-packages/airflow/example_dags/tutorial_taskflow_api.py
[2025-01-19T03:45:26.257+0000] {logging_mixin.py:190} INFO - [2025-01-19T03:45:26.256+0000] {dag.py:3239} INFO - Sync 1 DAGs
[2025-01-19T03:45:26.265+0000] {logging_mixin.py:190} INFO - [2025-01-19T03:45:26.265+0000] {dag.py:4180} INFO - Setting next_dagrun for tutorial_taskflow_api to None, run_after=None
[2025-01-19T03:45:26.279+0000] {processor.py:208} INFO - Processing /home/vscode/.local/lib/python3.10/site-packages/airflow/example_dags/tutorial_taskflow_api.py took 0.047 seconds
[2025-01-19T03:46:14.644+0000] {processor.py:186} INFO - Started process (PID=16294) to work on /home/vscode/.local/lib/python3.10/site-packages/airflow/example_dags/tutorial_taskflow_api.py
[2025-01-19T03:46:14.645+0000] {processor.py:914} INFO - Processing file /home/vscode/.local/lib/python3.10/site-packages/airflow/example_dags/tutorial_taskflow_api.py for tasks to queue
[2025-01-19T03:46:14.646+0000] {logging_mixin.py:190} INFO - [2025-01-19T03:46:14.646+0000] {dagbag.py:588} INFO - Filling up the DagBag from /home/vscode/.local/lib/python3.10/site-packages/airflow/example_dags/tutorial_taskflow_api.py
[2025-01-19T03:46:14.653+0000] {processor.py:925} INFO - DAG(s) 'tutorial_taskflow_api' retrieved from /home/vscode/.local/lib/python3.10/site-packages/airflow/example_dags/tutorial_taskflow_api.py
[2025-01-19T03:46:14.665+0000] {logging_mixin.py:190} INFO - [2025-01-19T03:46:14.664+0000] {dag.py:3239} INFO - Sync 1 DAGs
[2025-01-19T03:46:14.675+0000] {logging_mixin.py:190} INFO - [2025-01-19T03:46:14.674+0000] {dag.py:4180} INFO - Setting next_dagrun for tutorial_taskflow_api to None, run_after=None
[2025-01-19T03:46:14.689+0000] {processor.py:208} INFO - Processing /home/vscode/.local/lib/python3.10/site-packages/airflow/example_dags/tutorial_taskflow_api.py took 0.049 seconds
[2025-01-19T03:47:07.847+0000] {processor.py:186} INFO - Started process (PID=16652) to work on /home/vscode/.local/lib/python3.10/site-packages/airflow/example_dags/tutorial_taskflow_api.py
[2025-01-19T03:47:07.847+0000] {processor.py:914} INFO - Processing file /home/vscode/.local/lib/python3.10/site-packages/airflow/example_dags/tutorial_taskflow_api.py for tasks to queue
[2025-01-19T03:47:07.849+0000] {logging_mixin.py:190} INFO - [2025-01-19T03:47:07.849+0000] {dagbag.py:588} INFO - Filling up the DagBag from /home/vscode/.local/lib/python3.10/site-packages/airflow/example_dags/tutorial_taskflow_api.py
[2025-01-19T03:47:07.856+0000] {processor.py:925} INFO - DAG(s) 'tutorial_taskflow_api' retrieved from /home/vscode/.local/lib/python3.10/site-packages/airflow/example_dags/tutorial_taskflow_api.py
[2025-01-19T03:47:07.867+0000] {logging_mixin.py:190} INFO - [2025-01-19T03:47:07.867+0000] {dag.py:3239} INFO - Sync 1 DAGs
[2025-01-19T03:47:07.876+0000] {logging_mixin.py:190} INFO - [2025-01-19T03:47:07.876+0000] {dag.py:4180} INFO - Setting next_dagrun for tutorial_taskflow_api to None, run_after=None
[2025-01-19T03:47:07.890+0000] {processor.py:208} INFO - Processing /home/vscode/.local/lib/python3.10/site-packages/airflow/example_dags/tutorial_taskflow_api.py took 0.048 seconds
[2025-01-19T03:47:58.292+0000] {processor.py:186} INFO - Started process (PID=17000) to work on /home/vscode/.local/lib/python3.10/site-packages/airflow/example_dags/tutorial_taskflow_api.py
[2025-01-19T03:47:58.293+0000] {processor.py:914} INFO - Processing file /home/vscode/.local/lib/python3.10/site-packages/airflow/example_dags/tutorial_taskflow_api.py for tasks to queue
[2025-01-19T03:47:58.295+0000] {logging_mixin.py:190} INFO - [2025-01-19T03:47:58.294+0000] {dagbag.py:588} INFO - Filling up the DagBag from /home/vscode/.local/lib/python3.10/site-packages/airflow/example_dags/tutorial_taskflow_api.py
[2025-01-19T03:47:58.301+0000] {processor.py:925} INFO - DAG(s) 'tutorial_taskflow_api' retrieved from /home/vscode/.local/lib/python3.10/site-packages/airflow/example_dags/tutorial_taskflow_api.py
[2025-01-19T03:47:58.312+0000] {logging_mixin.py:190} INFO - [2025-01-19T03:47:58.312+0000] {dag.py:3239} INFO - Sync 1 DAGs
[2025-01-19T03:47:58.321+0000] {logging_mixin.py:190} INFO - [2025-01-19T03:47:58.321+0000] {dag.py:4180} INFO - Setting next_dagrun for tutorial_taskflow_api to None, run_after=None
[2025-01-19T03:47:58.336+0000] {processor.py:208} INFO - Processing /home/vscode/.local/lib/python3.10/site-packages/airflow/example_dags/tutorial_taskflow_api.py took 0.049 seconds
[2025-01-19T03:48:49.094+0000] {processor.py:186} INFO - Started process (PID=17378) to work on /home/vscode/.local/lib/python3.10/site-packages/airflow/example_dags/tutorial_taskflow_api.py
[2025-01-19T03:48:49.095+0000] {processor.py:914} INFO - Processing file /home/vscode/.local/lib/python3.10/site-packages/airflow/example_dags/tutorial_taskflow_api.py for tasks to queue
[2025-01-19T03:48:49.096+0000] {logging_mixin.py:190} INFO - [2025-01-19T03:48:49.096+0000] {dagbag.py:588} INFO - Filling up the DagBag from /home/vscode/.local/lib/python3.10/site-packages/airflow/example_dags/tutorial_taskflow_api.py
[2025-01-19T03:48:49.103+0000] {processor.py:925} INFO - DAG(s) 'tutorial_taskflow_api' retrieved from /home/vscode/.local/lib/python3.10/site-packages/airflow/example_dags/tutorial_taskflow_api.py
[2025-01-19T03:48:49.114+0000] {logging_mixin.py:190} INFO - [2025-01-19T03:48:49.114+0000] {dag.py:3239} INFO - Sync 1 DAGs
[2025-01-19T03:48:49.123+0000] {logging_mixin.py:190} INFO - [2025-01-19T03:48:49.123+0000] {dag.py:4180} INFO - Setting next_dagrun for tutorial_taskflow_api to None, run_after=None
[2025-01-19T03:48:49.138+0000] {processor.py:208} INFO - Processing /home/vscode/.local/lib/python3.10/site-packages/airflow/example_dags/tutorial_taskflow_api.py took 0.048 seconds
[2025-01-19T03:49:40.786+0000] {processor.py:186} INFO - Started process (PID=17828) to work on /home/vscode/.local/lib/python3.10/site-packages/airflow/example_dags/tutorial_taskflow_api.py
[2025-01-19T03:49:40.787+0000] {processor.py:914} INFO - Processing file /home/vscode/.local/lib/python3.10/site-packages/airflow/example_dags/tutorial_taskflow_api.py for tasks to queue
[2025-01-19T03:49:40.788+0000] {logging_mixin.py:190} INFO - [2025-01-19T03:49:40.788+0000] {dagbag.py:588} INFO - Filling up the DagBag from /home/vscode/.local/lib/python3.10/site-packages/airflow/example_dags/tutorial_taskflow_api.py
[2025-01-19T03:49:40.795+0000] {processor.py:925} INFO - DAG(s) 'tutorial_taskflow_api' retrieved from /home/vscode/.local/lib/python3.10/site-packages/airflow/example_dags/tutorial_taskflow_api.py
[2025-01-19T03:49:40.806+0000] {logging_mixin.py:190} INFO - [2025-01-19T03:49:40.806+0000] {dag.py:3239} INFO - Sync 1 DAGs
[2025-01-19T03:49:40.815+0000] {logging_mixin.py:190} INFO - [2025-01-19T03:49:40.815+0000] {dag.py:4180} INFO - Setting next_dagrun for tutorial_taskflow_api to None, run_after=None
[2025-01-19T03:49:40.830+0000] {processor.py:208} INFO - Processing /home/vscode/.local/lib/python3.10/site-packages/airflow/example_dags/tutorial_taskflow_api.py took 0.049 seconds
[2025-01-19T03:50:32.230+0000] {processor.py:186} INFO - Started process (PID=18213) to work on /home/vscode/.local/lib/python3.10/site-packages/airflow/example_dags/tutorial_taskflow_api.py
[2025-01-19T03:50:32.231+0000] {processor.py:914} INFO - Processing file /home/vscode/.local/lib/python3.10/site-packages/airflow/example_dags/tutorial_taskflow_api.py for tasks to queue
[2025-01-19T03:50:32.233+0000] {logging_mixin.py:190} INFO - [2025-01-19T03:50:32.232+0000] {dagbag.py:588} INFO - Filling up the DagBag from /home/vscode/.local/lib/python3.10/site-packages/airflow/example_dags/tutorial_taskflow_api.py
[2025-01-19T03:50:32.239+0000] {processor.py:925} INFO - DAG(s) 'tutorial_taskflow_api' retrieved from /home/vscode/.local/lib/python3.10/site-packages/airflow/example_dags/tutorial_taskflow_api.py
[2025-01-19T03:50:32.251+0000] {logging_mixin.py:190} INFO - [2025-01-19T03:50:32.250+0000] {dag.py:3239} INFO - Sync 1 DAGs
[2025-01-19T03:50:32.260+0000] {logging_mixin.py:190} INFO - [2025-01-19T03:50:32.259+0000] {dag.py:4180} INFO - Setting next_dagrun for tutorial_taskflow_api to None, run_after=None
[2025-01-19T03:50:32.275+0000] {processor.py:208} INFO - Processing /home/vscode/.local/lib/python3.10/site-packages/airflow/example_dags/tutorial_taskflow_api.py took 0.049 seconds
[2025-01-19T03:51:19.908+0000] {processor.py:186} INFO - Started process (PID=18589) to work on /home/vscode/.local/lib/python3.10/site-packages/airflow/example_dags/tutorial_taskflow_api.py
[2025-01-19T03:51:19.909+0000] {processor.py:914} INFO - Processing file /home/vscode/.local/lib/python3.10/site-packages/airflow/example_dags/tutorial_taskflow_api.py for tasks to queue
[2025-01-19T03:51:19.910+0000] {logging_mixin.py:190} INFO - [2025-01-19T03:51:19.910+0000] {dagbag.py:588} INFO - Filling up the DagBag from /home/vscode/.local/lib/python3.10/site-packages/airflow/example_dags/tutorial_taskflow_api.py
[2025-01-19T03:51:19.917+0000] {processor.py:925} INFO - DAG(s) 'tutorial_taskflow_api' retrieved from /home/vscode/.local/lib/python3.10/site-packages/airflow/example_dags/tutorial_taskflow_api.py
[2025-01-19T03:51:19.928+0000] {logging_mixin.py:190} INFO - [2025-01-19T03:51:19.928+0000] {dag.py:3239} INFO - Sync 1 DAGs
[2025-01-19T03:51:19.938+0000] {logging_mixin.py:190} INFO - [2025-01-19T03:51:19.938+0000] {dag.py:4180} INFO - Setting next_dagrun for tutorial_taskflow_api to None, run_after=None
[2025-01-19T03:51:19.952+0000] {processor.py:208} INFO - Processing /home/vscode/.local/lib/python3.10/site-packages/airflow/example_dags/tutorial_taskflow_api.py took 0.049 seconds
[2025-01-19T03:54:52.262+0000] {processor.py:186} INFO - Started process (PID=20088) to work on /home/vscode/.local/lib/python3.10/site-packages/airflow/example_dags/tutorial_taskflow_api.py
[2025-01-19T03:54:52.263+0000] {processor.py:914} INFO - Processing file /home/vscode/.local/lib/python3.10/site-packages/airflow/example_dags/tutorial_taskflow_api.py for tasks to queue
[2025-01-19T03:54:52.264+0000] {logging_mixin.py:190} INFO - [2025-01-19T03:54:52.264+0000] {dagbag.py:588} INFO - Filling up the DagBag from /home/vscode/.local/lib/python3.10/site-packages/airflow/example_dags/tutorial_taskflow_api.py
[2025-01-19T03:54:52.271+0000] {processor.py:925} INFO - DAG(s) 'tutorial_taskflow_api' retrieved from /home/vscode/.local/lib/python3.10/site-packages/airflow/example_dags/tutorial_taskflow_api.py
[2025-01-19T03:54:52.287+0000] {logging_mixin.py:190} INFO - [2025-01-19T03:54:52.287+0000] {dag.py:3239} INFO - Sync 1 DAGs
[2025-01-19T03:54:52.298+0000] {logging_mixin.py:190} INFO - [2025-01-19T03:54:52.297+0000] {dag.py:4180} INFO - Setting next_dagrun for tutorial_taskflow_api to None, run_after=None
[2025-01-19T03:54:52.312+0000] {processor.py:208} INFO - Processing /home/vscode/.local/lib/python3.10/site-packages/airflow/example_dags/tutorial_taskflow_api.py took 0.055 seconds
[2025-01-19T03:55:47.942+0000] {processor.py:186} INFO - Started process (PID=20463) to work on /home/vscode/.local/lib/python3.10/site-packages/airflow/example_dags/tutorial_taskflow_api.py
[2025-01-19T03:55:47.942+0000] {processor.py:914} INFO - Processing file /home/vscode/.local/lib/python3.10/site-packages/airflow/example_dags/tutorial_taskflow_api.py for tasks to queue
[2025-01-19T03:55:47.944+0000] {logging_mixin.py:190} INFO - [2025-01-19T03:55:47.944+0000] {dagbag.py:588} INFO - Filling up the DagBag from /home/vscode/.local/lib/python3.10/site-packages/airflow/example_dags/tutorial_taskflow_api.py
[2025-01-19T03:55:47.951+0000] {processor.py:925} INFO - DAG(s) 'tutorial_taskflow_api' retrieved from /home/vscode/.local/lib/python3.10/site-packages/airflow/example_dags/tutorial_taskflow_api.py
[2025-01-19T03:55:47.963+0000] {logging_mixin.py:190} INFO - [2025-01-19T03:55:47.963+0000] {dag.py:3239} INFO - Sync 1 DAGs
[2025-01-19T03:55:47.973+0000] {logging_mixin.py:190} INFO - [2025-01-19T03:55:47.973+0000] {dag.py:4180} INFO - Setting next_dagrun for tutorial_taskflow_api to None, run_after=None
[2025-01-19T03:55:47.987+0000] {processor.py:208} INFO - Processing /home/vscode/.local/lib/python3.10/site-packages/airflow/example_dags/tutorial_taskflow_api.py took 0.050 seconds
[2025-01-19T03:56:40.180+0000] {processor.py:186} INFO - Started process (PID=20827) to work on /home/vscode/.local/lib/python3.10/site-packages/airflow/example_dags/tutorial_taskflow_api.py
[2025-01-19T03:56:40.181+0000] {processor.py:914} INFO - Processing file /home/vscode/.local/lib/python3.10/site-packages/airflow/example_dags/tutorial_taskflow_api.py for tasks to queue
[2025-01-19T03:56:40.183+0000] {logging_mixin.py:190} INFO - [2025-01-19T03:56:40.182+0000] {dagbag.py:588} INFO - Filling up the DagBag from /home/vscode/.local/lib/python3.10/site-packages/airflow/example_dags/tutorial_taskflow_api.py
[2025-01-19T03:56:40.190+0000] {processor.py:925} INFO - DAG(s) 'tutorial_taskflow_api' retrieved from /home/vscode/.local/lib/python3.10/site-packages/airflow/example_dags/tutorial_taskflow_api.py
[2025-01-19T03:56:40.201+0000] {logging_mixin.py:190} INFO - [2025-01-19T03:56:40.201+0000] {dag.py:3239} INFO - Sync 1 DAGs
[2025-01-19T03:56:40.210+0000] {logging_mixin.py:190} INFO - [2025-01-19T03:56:40.210+0000] {dag.py:4180} INFO - Setting next_dagrun for tutorial_taskflow_api to None, run_after=None
[2025-01-19T03:56:40.226+0000] {processor.py:208} INFO - Processing /home/vscode/.local/lib/python3.10/site-packages/airflow/example_dags/tutorial_taskflow_api.py took 0.050 seconds
[2025-01-19T03:57:33.846+0000] {processor.py:186} INFO - Started process (PID=21188) to work on /home/vscode/.local/lib/python3.10/site-packages/airflow/example_dags/tutorial_taskflow_api.py
[2025-01-19T03:57:33.846+0000] {processor.py:914} INFO - Processing file /home/vscode/.local/lib/python3.10/site-packages/airflow/example_dags/tutorial_taskflow_api.py for tasks to queue
[2025-01-19T03:57:33.848+0000] {logging_mixin.py:190} INFO - [2025-01-19T03:57:33.848+0000] {dagbag.py:588} INFO - Filling up the DagBag from /home/vscode/.local/lib/python3.10/site-packages/airflow/example_dags/tutorial_taskflow_api.py
[2025-01-19T03:57:33.855+0000] {processor.py:925} INFO - DAG(s) 'tutorial_taskflow_api' retrieved from /home/vscode/.local/lib/python3.10/site-packages/airflow/example_dags/tutorial_taskflow_api.py
[2025-01-19T03:57:33.866+0000] {logging_mixin.py:190} INFO - [2025-01-19T03:57:33.866+0000] {dag.py:3239} INFO - Sync 1 DAGs
[2025-01-19T03:57:33.875+0000] {logging_mixin.py:190} INFO - [2025-01-19T03:57:33.875+0000] {dag.py:4180} INFO - Setting next_dagrun for tutorial_taskflow_api to None, run_after=None
[2025-01-19T03:57:33.889+0000] {processor.py:208} INFO - Processing /home/vscode/.local/lib/python3.10/site-packages/airflow/example_dags/tutorial_taskflow_api.py took 0.048 seconds
[2025-01-19T03:58:22.133+0000] {processor.py:186} INFO - Started process (PID=21516) to work on /home/vscode/.local/lib/python3.10/site-packages/airflow/example_dags/tutorial_taskflow_api.py
[2025-01-19T03:58:22.133+0000] {processor.py:914} INFO - Processing file /home/vscode/.local/lib/python3.10/site-packages/airflow/example_dags/tutorial_taskflow_api.py for tasks to queue
[2025-01-19T03:58:22.135+0000] {logging_mixin.py:190} INFO - [2025-01-19T03:58:22.135+0000] {dagbag.py:588} INFO - Filling up the DagBag from /home/vscode/.local/lib/python3.10/site-packages/airflow/example_dags/tutorial_taskflow_api.py
[2025-01-19T03:58:22.142+0000] {processor.py:925} INFO - DAG(s) 'tutorial_taskflow_api' retrieved from /home/vscode/.local/lib/python3.10/site-packages/airflow/example_dags/tutorial_taskflow_api.py
[2025-01-19T03:58:22.158+0000] {logging_mixin.py:190} INFO - [2025-01-19T03:58:22.158+0000] {dag.py:3239} INFO - Sync 1 DAGs
[2025-01-19T03:58:22.168+0000] {logging_mixin.py:190} INFO - [2025-01-19T03:58:22.168+0000] {dag.py:4180} INFO - Setting next_dagrun for tutorial_taskflow_api to None, run_after=None
[2025-01-19T03:58:22.182+0000] {processor.py:208} INFO - Processing /home/vscode/.local/lib/python3.10/site-packages/airflow/example_dags/tutorial_taskflow_api.py took 0.054 seconds
[2025-01-19T03:59:14.375+0000] {processor.py:186} INFO - Started process (PID=21870) to work on /home/vscode/.local/lib/python3.10/site-packages/airflow/example_dags/tutorial_taskflow_api.py
[2025-01-19T03:59:14.376+0000] {processor.py:914} INFO - Processing file /home/vscode/.local/lib/python3.10/site-packages/airflow/example_dags/tutorial_taskflow_api.py for tasks to queue
[2025-01-19T03:59:14.377+0000] {logging_mixin.py:190} INFO - [2025-01-19T03:59:14.377+0000] {dagbag.py:588} INFO - Filling up the DagBag from /home/vscode/.local/lib/python3.10/site-packages/airflow/example_dags/tutorial_taskflow_api.py
[2025-01-19T03:59:14.384+0000] {processor.py:925} INFO - DAG(s) 'tutorial_taskflow_api' retrieved from /home/vscode/.local/lib/python3.10/site-packages/airflow/example_dags/tutorial_taskflow_api.py
[2025-01-19T03:59:14.395+0000] {logging_mixin.py:190} INFO - [2025-01-19T03:59:14.395+0000] {dag.py:3239} INFO - Sync 1 DAGs
[2025-01-19T03:59:14.405+0000] {logging_mixin.py:190} INFO - [2025-01-19T03:59:14.404+0000] {dag.py:4180} INFO - Setting next_dagrun for tutorial_taskflow_api to None, run_after=None
[2025-01-19T03:59:14.420+0000] {processor.py:208} INFO - Processing /home/vscode/.local/lib/python3.10/site-packages/airflow/example_dags/tutorial_taskflow_api.py took 0.050 seconds
[2025-01-19T04:00:05.804+0000] {processor.py:186} INFO - Started process (PID=22220) to work on /home/vscode/.local/lib/python3.10/site-packages/airflow/example_dags/tutorial_taskflow_api.py
[2025-01-19T04:00:05.805+0000] {processor.py:914} INFO - Processing file /home/vscode/.local/lib/python3.10/site-packages/airflow/example_dags/tutorial_taskflow_api.py for tasks to queue
[2025-01-19T04:00:05.807+0000] {logging_mixin.py:190} INFO - [2025-01-19T04:00:05.806+0000] {dagbag.py:588} INFO - Filling up the DagBag from /home/vscode/.local/lib/python3.10/site-packages/airflow/example_dags/tutorial_taskflow_api.py
[2025-01-19T04:00:05.813+0000] {processor.py:925} INFO - DAG(s) 'tutorial_taskflow_api' retrieved from /home/vscode/.local/lib/python3.10/site-packages/airflow/example_dags/tutorial_taskflow_api.py
[2025-01-19T04:00:05.824+0000] {logging_mixin.py:190} INFO - [2025-01-19T04:00:05.824+0000] {dag.py:3239} INFO - Sync 1 DAGs
[2025-01-19T04:00:05.834+0000] {logging_mixin.py:190} INFO - [2025-01-19T04:00:05.834+0000] {dag.py:4180} INFO - Setting next_dagrun for tutorial_taskflow_api to None, run_after=None
[2025-01-19T04:00:05.849+0000] {processor.py:208} INFO - Processing /home/vscode/.local/lib/python3.10/site-packages/airflow/example_dags/tutorial_taskflow_api.py took 0.049 seconds
[2025-01-19T04:00:57.112+0000] {processor.py:186} INFO - Started process (PID=22564) to work on /home/vscode/.local/lib/python3.10/site-packages/airflow/example_dags/tutorial_taskflow_api.py
[2025-01-19T04:00:57.113+0000] {processor.py:914} INFO - Processing file /home/vscode/.local/lib/python3.10/site-packages/airflow/example_dags/tutorial_taskflow_api.py for tasks to queue
[2025-01-19T04:00:57.114+0000] {logging_mixin.py:190} INFO - [2025-01-19T04:00:57.114+0000] {dagbag.py:588} INFO - Filling up the DagBag from /home/vscode/.local/lib/python3.10/site-packages/airflow/example_dags/tutorial_taskflow_api.py
[2025-01-19T04:00:57.121+0000] {processor.py:925} INFO - DAG(s) 'tutorial_taskflow_api' retrieved from /home/vscode/.local/lib/python3.10/site-packages/airflow/example_dags/tutorial_taskflow_api.py
[2025-01-19T04:00:57.132+0000] {logging_mixin.py:190} INFO - [2025-01-19T04:00:57.132+0000] {dag.py:3239} INFO - Sync 1 DAGs
[2025-01-19T04:00:57.141+0000] {logging_mixin.py:190} INFO - [2025-01-19T04:00:57.141+0000] {dag.py:4180} INFO - Setting next_dagrun for tutorial_taskflow_api to None, run_after=None
[2025-01-19T04:00:57.156+0000] {processor.py:208} INFO - Processing /home/vscode/.local/lib/python3.10/site-packages/airflow/example_dags/tutorial_taskflow_api.py took 0.048 seconds
[2025-01-19T04:01:49.763+0000] {processor.py:186} INFO - Started process (PID=22920) to work on /home/vscode/.local/lib/python3.10/site-packages/airflow/example_dags/tutorial_taskflow_api.py
[2025-01-19T04:01:49.764+0000] {processor.py:914} INFO - Processing file /home/vscode/.local/lib/python3.10/site-packages/airflow/example_dags/tutorial_taskflow_api.py for tasks to queue
[2025-01-19T04:01:49.766+0000] {logging_mixin.py:190} INFO - [2025-01-19T04:01:49.765+0000] {dagbag.py:588} INFO - Filling up the DagBag from /home/vscode/.local/lib/python3.10/site-packages/airflow/example_dags/tutorial_taskflow_api.py
[2025-01-19T04:01:49.772+0000] {processor.py:925} INFO - DAG(s) 'tutorial_taskflow_api' retrieved from /home/vscode/.local/lib/python3.10/site-packages/airflow/example_dags/tutorial_taskflow_api.py
[2025-01-19T04:01:49.784+0000] {logging_mixin.py:190} INFO - [2025-01-19T04:01:49.783+0000] {dag.py:3239} INFO - Sync 1 DAGs
[2025-01-19T04:01:49.793+0000] {logging_mixin.py:190} INFO - [2025-01-19T04:01:49.793+0000] {dag.py:4180} INFO - Setting next_dagrun for tutorial_taskflow_api to None, run_after=None
[2025-01-19T04:01:49.807+0000] {processor.py:208} INFO - Processing /home/vscode/.local/lib/python3.10/site-packages/airflow/example_dags/tutorial_taskflow_api.py took 0.048 seconds
[2025-01-19T04:02:39.934+0000] {processor.py:186} INFO - Started process (PID=23289) to work on /home/vscode/.local/lib/python3.10/site-packages/airflow/example_dags/tutorial_taskflow_api.py
[2025-01-19T04:02:39.935+0000] {processor.py:914} INFO - Processing file /home/vscode/.local/lib/python3.10/site-packages/airflow/example_dags/tutorial_taskflow_api.py for tasks to queue
[2025-01-19T04:02:39.937+0000] {logging_mixin.py:190} INFO - [2025-01-19T04:02:39.936+0000] {dagbag.py:588} INFO - Filling up the DagBag from /home/vscode/.local/lib/python3.10/site-packages/airflow/example_dags/tutorial_taskflow_api.py
[2025-01-19T04:02:39.944+0000] {processor.py:925} INFO - DAG(s) 'tutorial_taskflow_api' retrieved from /home/vscode/.local/lib/python3.10/site-packages/airflow/example_dags/tutorial_taskflow_api.py
[2025-01-19T04:02:39.955+0000] {logging_mixin.py:190} INFO - [2025-01-19T04:02:39.955+0000] {dag.py:3239} INFO - Sync 1 DAGs
[2025-01-19T04:02:39.965+0000] {logging_mixin.py:190} INFO - [2025-01-19T04:02:39.964+0000] {dag.py:4180} INFO - Setting next_dagrun for tutorial_taskflow_api to None, run_after=None
[2025-01-19T04:02:39.979+0000] {processor.py:208} INFO - Processing /home/vscode/.local/lib/python3.10/site-packages/airflow/example_dags/tutorial_taskflow_api.py took 0.049 seconds
