[2025-01-19T03:20:49.023+0000] {processor.py:186} INFO - Started process (PID=5029) to work on /home/vscode/.local/lib/python3.10/site-packages/airflow/example_dags/tutorial_taskflow_api_virtualenv.py
[2025-01-19T03:20:49.023+0000] {processor.py:914} INFO - Processing file /home/vscode/.local/lib/python3.10/site-packages/airflow/example_dags/tutorial_taskflow_api_virtualenv.py for tasks to queue
[2025-01-19T03:20:49.025+0000] {logging_mixin.py:190} INFO - [2025-01-19T03:20:49.025+0000] {dagbag.py:588} INFO - Filling up the DagBag from /home/vscode/.local/lib/python3.10/site-packages/airflow/example_dags/tutorial_taskflow_api_virtualenv.py
[2025-01-19T03:20:49.035+0000] {processor.py:925} INFO - DAG(s) 'tutorial_taskflow_api_virtualenv' retrieved from /home/vscode/.local/lib/python3.10/site-packages/airflow/example_dags/tutorial_taskflow_api_virtualenv.py
[2025-01-19T03:20:49.114+0000] {logging_mixin.py:190} INFO - [2025-01-19T03:20:49.114+0000] {override.py:1911} INFO - Created Permission View: can read on DAG:tutorial_taskflow_api_virtualenv
[2025-01-19T03:20:49.123+0000] {logging_mixin.py:190} INFO - [2025-01-19T03:20:49.123+0000] {override.py:1911} INFO - Created Permission View: can edit on DAG:tutorial_taskflow_api_virtualenv
[2025-01-19T03:20:49.129+0000] {logging_mixin.py:190} INFO - [2025-01-19T03:20:49.129+0000] {override.py:1911} INFO - Created Permission View: can delete on DAG:tutorial_taskflow_api_virtualenv
[2025-01-19T03:20:49.138+0000] {logging_mixin.py:190} INFO - [2025-01-19T03:20:49.137+0000] {override.py:1911} INFO - Created Permission View: menu access on DAG Run:tutorial_taskflow_api_virtualenv
[2025-01-19T03:20:49.144+0000] {logging_mixin.py:190} INFO - [2025-01-19T03:20:49.144+0000] {override.py:1911} INFO - Created Permission View: can read on DAG Run:tutorial_taskflow_api_virtualenv
[2025-01-19T03:20:49.150+0000] {logging_mixin.py:190} INFO - [2025-01-19T03:20:49.150+0000] {override.py:1911} INFO - Created Permission View: can create on DAG Run:tutorial_taskflow_api_virtualenv
[2025-01-19T03:20:49.156+0000] {logging_mixin.py:190} INFO - [2025-01-19T03:20:49.156+0000] {override.py:1911} INFO - Created Permission View: can delete on DAG Run:tutorial_taskflow_api_virtualenv
[2025-01-19T03:20:49.156+0000] {logging_mixin.py:190} INFO - [2025-01-19T03:20:49.156+0000] {dag.py:3239} INFO - Sync 1 DAGs
[2025-01-19T03:20:49.166+0000] {logging_mixin.py:190} INFO - [2025-01-19T03:20:49.165+0000] {dag.py:3262} INFO - Creating ORM DAG for tutorial_taskflow_api_virtualenv
[2025-01-19T03:20:49.166+0000] {logging_mixin.py:190} INFO - [2025-01-19T03:20:49.166+0000] {dag.py:4180} INFO - Setting next_dagrun for tutorial_taskflow_api_virtualenv to None, run_after=None
[2025-01-19T03:20:49.182+0000] {processor.py:208} INFO - Processing /home/vscode/.local/lib/python3.10/site-packages/airflow/example_dags/tutorial_taskflow_api_virtualenv.py took 0.163 seconds
[2025-01-19T03:21:50.725+0000] {processor.py:186} INFO - Started process (PID=5566) to work on /home/vscode/.local/lib/python3.10/site-packages/airflow/example_dags/tutorial_taskflow_api_virtualenv.py
[2025-01-19T03:21:50.726+0000] {processor.py:914} INFO - Processing file /home/vscode/.local/lib/python3.10/site-packages/airflow/example_dags/tutorial_taskflow_api_virtualenv.py for tasks to queue
[2025-01-19T03:21:50.728+0000] {logging_mixin.py:190} INFO - [2025-01-19T03:21:50.727+0000] {dagbag.py:588} INFO - Filling up the DagBag from /home/vscode/.local/lib/python3.10/site-packages/airflow/example_dags/tutorial_taskflow_api_virtualenv.py
[2025-01-19T03:21:50.737+0000] {processor.py:925} INFO - DAG(s) 'tutorial_taskflow_api_virtualenv' retrieved from /home/vscode/.local/lib/python3.10/site-packages/airflow/example_dags/tutorial_taskflow_api_virtualenv.py
[2025-01-19T03:21:50.748+0000] {logging_mixin.py:190} INFO - [2025-01-19T03:21:50.748+0000] {dag.py:3239} INFO - Sync 1 DAGs
[2025-01-19T03:21:50.758+0000] {logging_mixin.py:190} INFO - [2025-01-19T03:21:50.757+0000] {dag.py:4180} INFO - Setting next_dagrun for tutorial_taskflow_api_virtualenv to None, run_after=None
[2025-01-19T03:21:50.772+0000] {processor.py:208} INFO - Processing /home/vscode/.local/lib/python3.10/site-packages/airflow/example_dags/tutorial_taskflow_api_virtualenv.py took 0.052 seconds
[2025-01-19T03:22:43.160+0000] {processor.py:186} INFO - Started process (PID=5972) to work on /home/vscode/.local/lib/python3.10/site-packages/airflow/example_dags/tutorial_taskflow_api_virtualenv.py
[2025-01-19T03:22:43.160+0000] {processor.py:914} INFO - Processing file /home/vscode/.local/lib/python3.10/site-packages/airflow/example_dags/tutorial_taskflow_api_virtualenv.py for tasks to queue
[2025-01-19T03:22:43.162+0000] {logging_mixin.py:190} INFO - [2025-01-19T03:22:43.162+0000] {dagbag.py:588} INFO - Filling up the DagBag from /home/vscode/.local/lib/python3.10/site-packages/airflow/example_dags/tutorial_taskflow_api_virtualenv.py
[2025-01-19T03:22:43.171+0000] {processor.py:925} INFO - DAG(s) 'tutorial_taskflow_api_virtualenv' retrieved from /home/vscode/.local/lib/python3.10/site-packages/airflow/example_dags/tutorial_taskflow_api_virtualenv.py
[2025-01-19T03:22:43.184+0000] {logging_mixin.py:190} INFO - [2025-01-19T03:22:43.184+0000] {dag.py:3239} INFO - Sync 1 DAGs
[2025-01-19T03:22:43.202+0000] {logging_mixin.py:190} INFO - [2025-01-19T03:22:43.201+0000] {dag.py:4180} INFO - Setting next_dagrun for tutorial_taskflow_api_virtualenv to None, run_after=None
[2025-01-19T03:22:43.223+0000] {processor.py:208} INFO - Processing /home/vscode/.local/lib/python3.10/site-packages/airflow/example_dags/tutorial_taskflow_api_virtualenv.py took 0.068 seconds
[2025-01-19T03:23:31.659+0000] {processor.py:186} INFO - Started process (PID=6371) to work on /home/vscode/.local/lib/python3.10/site-packages/airflow/example_dags/tutorial_taskflow_api_virtualenv.py
[2025-01-19T03:23:31.660+0000] {processor.py:914} INFO - Processing file /home/vscode/.local/lib/python3.10/site-packages/airflow/example_dags/tutorial_taskflow_api_virtualenv.py for tasks to queue
[2025-01-19T03:23:31.662+0000] {logging_mixin.py:190} INFO - [2025-01-19T03:23:31.662+0000] {dagbag.py:588} INFO - Filling up the DagBag from /home/vscode/.local/lib/python3.10/site-packages/airflow/example_dags/tutorial_taskflow_api_virtualenv.py
[2025-01-19T03:23:31.671+0000] {processor.py:925} INFO - DAG(s) 'tutorial_taskflow_api_virtualenv' retrieved from /home/vscode/.local/lib/python3.10/site-packages/airflow/example_dags/tutorial_taskflow_api_virtualenv.py
[2025-01-19T03:23:31.683+0000] {logging_mixin.py:190} INFO - [2025-01-19T03:23:31.682+0000] {dag.py:3239} INFO - Sync 1 DAGs
[2025-01-19T03:23:31.692+0000] {logging_mixin.py:190} INFO - [2025-01-19T03:23:31.691+0000] {dag.py:4180} INFO - Setting next_dagrun for tutorial_taskflow_api_virtualenv to None, run_after=None
[2025-01-19T03:23:31.706+0000] {processor.py:208} INFO - Processing /home/vscode/.local/lib/python3.10/site-packages/airflow/example_dags/tutorial_taskflow_api_virtualenv.py took 0.051 seconds
[2025-01-19T03:24:24.531+0000] {processor.py:186} INFO - Started process (PID=6793) to work on /home/vscode/.local/lib/python3.10/site-packages/airflow/example_dags/tutorial_taskflow_api_virtualenv.py
[2025-01-19T03:24:24.532+0000] {processor.py:914} INFO - Processing file /home/vscode/.local/lib/python3.10/site-packages/airflow/example_dags/tutorial_taskflow_api_virtualenv.py for tasks to queue
[2025-01-19T03:24:24.533+0000] {logging_mixin.py:190} INFO - [2025-01-19T03:24:24.533+0000] {dagbag.py:588} INFO - Filling up the DagBag from /home/vscode/.local/lib/python3.10/site-packages/airflow/example_dags/tutorial_taskflow_api_virtualenv.py
[2025-01-19T03:24:24.543+0000] {processor.py:925} INFO - DAG(s) 'tutorial_taskflow_api_virtualenv' retrieved from /home/vscode/.local/lib/python3.10/site-packages/airflow/example_dags/tutorial_taskflow_api_virtualenv.py
[2025-01-19T03:24:24.556+0000] {logging_mixin.py:190} INFO - [2025-01-19T03:24:24.556+0000] {dag.py:3239} INFO - Sync 1 DAGs
[2025-01-19T03:24:24.566+0000] {logging_mixin.py:190} INFO - [2025-01-19T03:24:24.565+0000] {dag.py:4180} INFO - Setting next_dagrun for tutorial_taskflow_api_virtualenv to None, run_after=None
[2025-01-19T03:24:24.581+0000] {processor.py:208} INFO - Processing /home/vscode/.local/lib/python3.10/site-packages/airflow/example_dags/tutorial_taskflow_api_virtualenv.py took 0.054 seconds
[2025-01-19T03:25:15.723+0000] {processor.py:186} INFO - Started process (PID=7187) to work on /home/vscode/.local/lib/python3.10/site-packages/airflow/example_dags/tutorial_taskflow_api_virtualenv.py
[2025-01-19T03:25:15.724+0000] {processor.py:914} INFO - Processing file /home/vscode/.local/lib/python3.10/site-packages/airflow/example_dags/tutorial_taskflow_api_virtualenv.py for tasks to queue
[2025-01-19T03:25:15.725+0000] {logging_mixin.py:190} INFO - [2025-01-19T03:25:15.725+0000] {dagbag.py:588} INFO - Filling up the DagBag from /home/vscode/.local/lib/python3.10/site-packages/airflow/example_dags/tutorial_taskflow_api_virtualenv.py
[2025-01-19T03:25:15.735+0000] {processor.py:925} INFO - DAG(s) 'tutorial_taskflow_api_virtualenv' retrieved from /home/vscode/.local/lib/python3.10/site-packages/airflow/example_dags/tutorial_taskflow_api_virtualenv.py
[2025-01-19T03:25:15.746+0000] {logging_mixin.py:190} INFO - [2025-01-19T03:25:15.745+0000] {dag.py:3239} INFO - Sync 1 DAGs
[2025-01-19T03:25:15.755+0000] {logging_mixin.py:190} INFO - [2025-01-19T03:25:15.755+0000] {dag.py:4180} INFO - Setting next_dagrun for tutorial_taskflow_api_virtualenv to None, run_after=None
[2025-01-19T03:25:15.770+0000] {processor.py:208} INFO - Processing /home/vscode/.local/lib/python3.10/site-packages/airflow/example_dags/tutorial_taskflow_api_virtualenv.py took 0.051 seconds
[2025-01-19T03:26:06.013+0000] {processor.py:186} INFO - Started process (PID=7598) to work on /home/vscode/.local/lib/python3.10/site-packages/airflow/example_dags/tutorial_taskflow_api_virtualenv.py
[2025-01-19T03:26:06.014+0000] {processor.py:914} INFO - Processing file /home/vscode/.local/lib/python3.10/site-packages/airflow/example_dags/tutorial_taskflow_api_virtualenv.py for tasks to queue
[2025-01-19T03:26:06.015+0000] {logging_mixin.py:190} INFO - [2025-01-19T03:26:06.015+0000] {dagbag.py:588} INFO - Filling up the DagBag from /home/vscode/.local/lib/python3.10/site-packages/airflow/example_dags/tutorial_taskflow_api_virtualenv.py
[2025-01-19T03:26:06.026+0000] {processor.py:925} INFO - DAG(s) 'tutorial_taskflow_api_virtualenv' retrieved from /home/vscode/.local/lib/python3.10/site-packages/airflow/example_dags/tutorial_taskflow_api_virtualenv.py
[2025-01-19T03:26:06.038+0000] {logging_mixin.py:190} INFO - [2025-01-19T03:26:06.038+0000] {dag.py:3239} INFO - Sync 1 DAGs
[2025-01-19T03:26:06.048+0000] {logging_mixin.py:190} INFO - [2025-01-19T03:26:06.048+0000] {dag.py:4180} INFO - Setting next_dagrun for tutorial_taskflow_api_virtualenv to None, run_after=None
[2025-01-19T03:26:06.062+0000] {processor.py:208} INFO - Processing /home/vscode/.local/lib/python3.10/site-packages/airflow/example_dags/tutorial_taskflow_api_virtualenv.py took 0.054 seconds
[2025-01-19T03:26:58.649+0000] {processor.py:186} INFO - Started process (PID=8021) to work on /home/vscode/.local/lib/python3.10/site-packages/airflow/example_dags/tutorial_taskflow_api_virtualenv.py
[2025-01-19T03:26:58.650+0000] {processor.py:914} INFO - Processing file /home/vscode/.local/lib/python3.10/site-packages/airflow/example_dags/tutorial_taskflow_api_virtualenv.py for tasks to queue
[2025-01-19T03:26:58.652+0000] {logging_mixin.py:190} INFO - [2025-01-19T03:26:58.651+0000] {dagbag.py:588} INFO - Filling up the DagBag from /home/vscode/.local/lib/python3.10/site-packages/airflow/example_dags/tutorial_taskflow_api_virtualenv.py
[2025-01-19T03:26:58.661+0000] {processor.py:925} INFO - DAG(s) 'tutorial_taskflow_api_virtualenv' retrieved from /home/vscode/.local/lib/python3.10/site-packages/airflow/example_dags/tutorial_taskflow_api_virtualenv.py
[2025-01-19T03:26:58.672+0000] {logging_mixin.py:190} INFO - [2025-01-19T03:26:58.672+0000] {dag.py:3239} INFO - Sync 1 DAGs
[2025-01-19T03:26:58.682+0000] {logging_mixin.py:190} INFO - [2025-01-19T03:26:58.681+0000] {dag.py:4180} INFO - Setting next_dagrun for tutorial_taskflow_api_virtualenv to None, run_after=None
[2025-01-19T03:26:58.696+0000] {processor.py:208} INFO - Processing /home/vscode/.local/lib/python3.10/site-packages/airflow/example_dags/tutorial_taskflow_api_virtualenv.py took 0.051 seconds
[2025-01-19T03:27:51.371+0000] {processor.py:186} INFO - Started process (PID=8404) to work on /home/vscode/.local/lib/python3.10/site-packages/airflow/example_dags/tutorial_taskflow_api_virtualenv.py
[2025-01-19T03:27:51.372+0000] {processor.py:914} INFO - Processing file /home/vscode/.local/lib/python3.10/site-packages/airflow/example_dags/tutorial_taskflow_api_virtualenv.py for tasks to queue
[2025-01-19T03:27:51.373+0000] {logging_mixin.py:190} INFO - [2025-01-19T03:27:51.373+0000] {dagbag.py:588} INFO - Filling up the DagBag from /home/vscode/.local/lib/python3.10/site-packages/airflow/example_dags/tutorial_taskflow_api_virtualenv.py
[2025-01-19T03:27:51.383+0000] {processor.py:925} INFO - DAG(s) 'tutorial_taskflow_api_virtualenv' retrieved from /home/vscode/.local/lib/python3.10/site-packages/airflow/example_dags/tutorial_taskflow_api_virtualenv.py
[2025-01-19T03:27:51.394+0000] {logging_mixin.py:190} INFO - [2025-01-19T03:27:51.394+0000] {dag.py:3239} INFO - Sync 1 DAGs
[2025-01-19T03:27:51.404+0000] {logging_mixin.py:190} INFO - [2025-01-19T03:27:51.404+0000] {dag.py:4180} INFO - Setting next_dagrun for tutorial_taskflow_api_virtualenv to None, run_after=None
[2025-01-19T03:27:51.418+0000] {processor.py:208} INFO - Processing /home/vscode/.local/lib/python3.10/site-packages/airflow/example_dags/tutorial_taskflow_api_virtualenv.py took 0.052 seconds
[2025-01-19T03:28:45.512+0000] {processor.py:186} INFO - Started process (PID=8879) to work on /home/vscode/.local/lib/python3.10/site-packages/airflow/example_dags/tutorial_taskflow_api_virtualenv.py
[2025-01-19T03:28:45.513+0000] {processor.py:914} INFO - Processing file /home/vscode/.local/lib/python3.10/site-packages/airflow/example_dags/tutorial_taskflow_api_virtualenv.py for tasks to queue
[2025-01-19T03:28:45.514+0000] {logging_mixin.py:190} INFO - [2025-01-19T03:28:45.514+0000] {dagbag.py:588} INFO - Filling up the DagBag from /home/vscode/.local/lib/python3.10/site-packages/airflow/example_dags/tutorial_taskflow_api_virtualenv.py
[2025-01-19T03:28:45.524+0000] {processor.py:925} INFO - DAG(s) 'tutorial_taskflow_api_virtualenv' retrieved from /home/vscode/.local/lib/python3.10/site-packages/airflow/example_dags/tutorial_taskflow_api_virtualenv.py
[2025-01-19T03:28:45.536+0000] {logging_mixin.py:190} INFO - [2025-01-19T03:28:45.535+0000] {dag.py:3239} INFO - Sync 1 DAGs
[2025-01-19T03:28:45.545+0000] {logging_mixin.py:190} INFO - [2025-01-19T03:28:45.545+0000] {dag.py:4180} INFO - Setting next_dagrun for tutorial_taskflow_api_virtualenv to None, run_after=None
[2025-01-19T03:28:45.560+0000] {processor.py:208} INFO - Processing /home/vscode/.local/lib/python3.10/site-packages/airflow/example_dags/tutorial_taskflow_api_virtualenv.py took 0.053 seconds
[2025-01-19T03:29:38.176+0000] {processor.py:186} INFO - Started process (PID=9274) to work on /home/vscode/.local/lib/python3.10/site-packages/airflow/example_dags/tutorial_taskflow_api_virtualenv.py
[2025-01-19T03:29:38.176+0000] {processor.py:914} INFO - Processing file /home/vscode/.local/lib/python3.10/site-packages/airflow/example_dags/tutorial_taskflow_api_virtualenv.py for tasks to queue
[2025-01-19T03:29:38.178+0000] {logging_mixin.py:190} INFO - [2025-01-19T03:29:38.178+0000] {dagbag.py:588} INFO - Filling up the DagBag from /home/vscode/.local/lib/python3.10/site-packages/airflow/example_dags/tutorial_taskflow_api_virtualenv.py
[2025-01-19T03:29:38.190+0000] {processor.py:925} INFO - DAG(s) 'tutorial_taskflow_api_virtualenv' retrieved from /home/vscode/.local/lib/python3.10/site-packages/airflow/example_dags/tutorial_taskflow_api_virtualenv.py
[2025-01-19T03:29:38.202+0000] {logging_mixin.py:190} INFO - [2025-01-19T03:29:38.202+0000] {dag.py:3239} INFO - Sync 1 DAGs
[2025-01-19T03:29:38.211+0000] {logging_mixin.py:190} INFO - [2025-01-19T03:29:38.211+0000] {dag.py:4180} INFO - Setting next_dagrun for tutorial_taskflow_api_virtualenv to None, run_after=None
[2025-01-19T03:29:38.227+0000] {processor.py:208} INFO - Processing /home/vscode/.local/lib/python3.10/site-packages/airflow/example_dags/tutorial_taskflow_api_virtualenv.py took 0.056 seconds
[2025-01-19T03:30:28.365+0000] {processor.py:186} INFO - Started process (PID=9616) to work on /home/vscode/.local/lib/python3.10/site-packages/airflow/example_dags/tutorial_taskflow_api_virtualenv.py
[2025-01-19T03:30:28.365+0000] {processor.py:914} INFO - Processing file /home/vscode/.local/lib/python3.10/site-packages/airflow/example_dags/tutorial_taskflow_api_virtualenv.py for tasks to queue
[2025-01-19T03:30:28.367+0000] {logging_mixin.py:190} INFO - [2025-01-19T03:30:28.367+0000] {dagbag.py:588} INFO - Filling up the DagBag from /home/vscode/.local/lib/python3.10/site-packages/airflow/example_dags/tutorial_taskflow_api_virtualenv.py
[2025-01-19T03:30:28.377+0000] {processor.py:925} INFO - DAG(s) 'tutorial_taskflow_api_virtualenv' retrieved from /home/vscode/.local/lib/python3.10/site-packages/airflow/example_dags/tutorial_taskflow_api_virtualenv.py
[2025-01-19T03:30:28.389+0000] {logging_mixin.py:190} INFO - [2025-01-19T03:30:28.388+0000] {dag.py:3239} INFO - Sync 1 DAGs
[2025-01-19T03:30:28.398+0000] {logging_mixin.py:190} INFO - [2025-01-19T03:30:28.397+0000] {dag.py:4180} INFO - Setting next_dagrun for tutorial_taskflow_api_virtualenv to None, run_after=None
[2025-01-19T03:30:28.412+0000] {processor.py:208} INFO - Processing /home/vscode/.local/lib/python3.10/site-packages/airflow/example_dags/tutorial_taskflow_api_virtualenv.py took 0.052 seconds
[2025-01-19T03:31:13.496+0000] {processor.py:186} INFO - Started process (PID=9918) to work on /home/vscode/.local/lib/python3.10/site-packages/airflow/example_dags/tutorial_taskflow_api_virtualenv.py
[2025-01-19T03:31:13.497+0000] {processor.py:914} INFO - Processing file /home/vscode/.local/lib/python3.10/site-packages/airflow/example_dags/tutorial_taskflow_api_virtualenv.py for tasks to queue
[2025-01-19T03:31:13.498+0000] {logging_mixin.py:190} INFO - [2025-01-19T03:31:13.498+0000] {dagbag.py:588} INFO - Filling up the DagBag from /home/vscode/.local/lib/python3.10/site-packages/airflow/example_dags/tutorial_taskflow_api_virtualenv.py
[2025-01-19T03:31:13.508+0000] {processor.py:925} INFO - DAG(s) 'tutorial_taskflow_api_virtualenv' retrieved from /home/vscode/.local/lib/python3.10/site-packages/airflow/example_dags/tutorial_taskflow_api_virtualenv.py
[2025-01-19T03:31:13.521+0000] {logging_mixin.py:190} INFO - [2025-01-19T03:31:13.520+0000] {dag.py:3239} INFO - Sync 1 DAGs
[2025-01-19T03:31:13.530+0000] {logging_mixin.py:190} INFO - [2025-01-19T03:31:13.530+0000] {dag.py:4180} INFO - Setting next_dagrun for tutorial_taskflow_api_virtualenv to None, run_after=None
[2025-01-19T03:31:13.545+0000] {processor.py:208} INFO - Processing /home/vscode/.local/lib/python3.10/site-packages/airflow/example_dags/tutorial_taskflow_api_virtualenv.py took 0.054 seconds
[2025-01-19T03:32:03.300+0000] {processor.py:186} INFO - Started process (PID=10288) to work on /home/vscode/.local/lib/python3.10/site-packages/airflow/example_dags/tutorial_taskflow_api_virtualenv.py
[2025-01-19T03:32:03.300+0000] {processor.py:914} INFO - Processing file /home/vscode/.local/lib/python3.10/site-packages/airflow/example_dags/tutorial_taskflow_api_virtualenv.py for tasks to queue
[2025-01-19T03:32:03.302+0000] {logging_mixin.py:190} INFO - [2025-01-19T03:32:03.302+0000] {dagbag.py:588} INFO - Filling up the DagBag from /home/vscode/.local/lib/python3.10/site-packages/airflow/example_dags/tutorial_taskflow_api_virtualenv.py
[2025-01-19T03:32:03.311+0000] {processor.py:925} INFO - DAG(s) 'tutorial_taskflow_api_virtualenv' retrieved from /home/vscode/.local/lib/python3.10/site-packages/airflow/example_dags/tutorial_taskflow_api_virtualenv.py
[2025-01-19T03:32:03.323+0000] {logging_mixin.py:190} INFO - [2025-01-19T03:32:03.323+0000] {dag.py:3239} INFO - Sync 1 DAGs
[2025-01-19T03:32:03.332+0000] {logging_mixin.py:190} INFO - [2025-01-19T03:32:03.332+0000] {dag.py:4180} INFO - Setting next_dagrun for tutorial_taskflow_api_virtualenv to None, run_after=None
[2025-01-19T03:32:03.346+0000] {processor.py:208} INFO - Processing /home/vscode/.local/lib/python3.10/site-packages/airflow/example_dags/tutorial_taskflow_api_virtualenv.py took 0.052 seconds
[2025-01-19T03:32:53.989+0000] {processor.py:186} INFO - Started process (PID=10735) to work on /home/vscode/.local/lib/python3.10/site-packages/airflow/example_dags/tutorial_taskflow_api_virtualenv.py
[2025-01-19T03:32:53.990+0000] {processor.py:914} INFO - Processing file /home/vscode/.local/lib/python3.10/site-packages/airflow/example_dags/tutorial_taskflow_api_virtualenv.py for tasks to queue
[2025-01-19T03:32:53.992+0000] {logging_mixin.py:190} INFO - [2025-01-19T03:32:53.991+0000] {dagbag.py:588} INFO - Filling up the DagBag from /home/vscode/.local/lib/python3.10/site-packages/airflow/example_dags/tutorial_taskflow_api_virtualenv.py
[2025-01-19T03:32:54.001+0000] {processor.py:925} INFO - DAG(s) 'tutorial_taskflow_api_virtualenv' retrieved from /home/vscode/.local/lib/python3.10/site-packages/airflow/example_dags/tutorial_taskflow_api_virtualenv.py
[2025-01-19T03:32:54.012+0000] {logging_mixin.py:190} INFO - [2025-01-19T03:32:54.012+0000] {dag.py:3239} INFO - Sync 1 DAGs
[2025-01-19T03:32:54.021+0000] {logging_mixin.py:190} INFO - [2025-01-19T03:32:54.021+0000] {dag.py:4180} INFO - Setting next_dagrun for tutorial_taskflow_api_virtualenv to None, run_after=None
[2025-01-19T03:32:54.035+0000] {processor.py:208} INFO - Processing /home/vscode/.local/lib/python3.10/site-packages/airflow/example_dags/tutorial_taskflow_api_virtualenv.py took 0.050 seconds
[2025-01-19T03:33:45.811+0000] {processor.py:186} INFO - Started process (PID=11093) to work on /home/vscode/.local/lib/python3.10/site-packages/airflow/example_dags/tutorial_taskflow_api_virtualenv.py
[2025-01-19T03:33:45.812+0000] {processor.py:914} INFO - Processing file /home/vscode/.local/lib/python3.10/site-packages/airflow/example_dags/tutorial_taskflow_api_virtualenv.py for tasks to queue
[2025-01-19T03:33:45.813+0000] {logging_mixin.py:190} INFO - [2025-01-19T03:33:45.813+0000] {dagbag.py:588} INFO - Filling up the DagBag from /home/vscode/.local/lib/python3.10/site-packages/airflow/example_dags/tutorial_taskflow_api_virtualenv.py
[2025-01-19T03:33:45.823+0000] {processor.py:925} INFO - DAG(s) 'tutorial_taskflow_api_virtualenv' retrieved from /home/vscode/.local/lib/python3.10/site-packages/airflow/example_dags/tutorial_taskflow_api_virtualenv.py
[2025-01-19T03:33:45.834+0000] {logging_mixin.py:190} INFO - [2025-01-19T03:33:45.834+0000] {dag.py:3239} INFO - Sync 1 DAGs
[2025-01-19T03:33:45.843+0000] {logging_mixin.py:190} INFO - [2025-01-19T03:33:45.843+0000] {dag.py:4180} INFO - Setting next_dagrun for tutorial_taskflow_api_virtualenv to None, run_after=None
[2025-01-19T03:33:45.859+0000] {processor.py:208} INFO - Processing /home/vscode/.local/lib/python3.10/site-packages/airflow/example_dags/tutorial_taskflow_api_virtualenv.py took 0.053 seconds
[2025-01-19T03:34:35.355+0000] {processor.py:186} INFO - Started process (PID=11460) to work on /home/vscode/.local/lib/python3.10/site-packages/airflow/example_dags/tutorial_taskflow_api_virtualenv.py
[2025-01-19T03:34:35.355+0000] {processor.py:914} INFO - Processing file /home/vscode/.local/lib/python3.10/site-packages/airflow/example_dags/tutorial_taskflow_api_virtualenv.py for tasks to queue
[2025-01-19T03:34:35.357+0000] {logging_mixin.py:190} INFO - [2025-01-19T03:34:35.357+0000] {dagbag.py:588} INFO - Filling up the DagBag from /home/vscode/.local/lib/python3.10/site-packages/airflow/example_dags/tutorial_taskflow_api_virtualenv.py
[2025-01-19T03:34:35.366+0000] {processor.py:925} INFO - DAG(s) 'tutorial_taskflow_api_virtualenv' retrieved from /home/vscode/.local/lib/python3.10/site-packages/airflow/example_dags/tutorial_taskflow_api_virtualenv.py
[2025-01-19T03:34:35.378+0000] {logging_mixin.py:190} INFO - [2025-01-19T03:34:35.378+0000] {dag.py:3239} INFO - Sync 1 DAGs
[2025-01-19T03:34:35.387+0000] {logging_mixin.py:190} INFO - [2025-01-19T03:34:35.387+0000] {dag.py:4180} INFO - Setting next_dagrun for tutorial_taskflow_api_virtualenv to None, run_after=None
[2025-01-19T03:34:35.402+0000] {processor.py:208} INFO - Processing /home/vscode/.local/lib/python3.10/site-packages/airflow/example_dags/tutorial_taskflow_api_virtualenv.py took 0.051 seconds
[2025-01-19T03:35:24.805+0000] {processor.py:186} INFO - Started process (PID=11858) to work on /home/vscode/.local/lib/python3.10/site-packages/airflow/example_dags/tutorial_taskflow_api_virtualenv.py
[2025-01-19T03:35:24.806+0000] {processor.py:914} INFO - Processing file /home/vscode/.local/lib/python3.10/site-packages/airflow/example_dags/tutorial_taskflow_api_virtualenv.py for tasks to queue
[2025-01-19T03:35:24.808+0000] {logging_mixin.py:190} INFO - [2025-01-19T03:35:24.807+0000] {dagbag.py:588} INFO - Filling up the DagBag from /home/vscode/.local/lib/python3.10/site-packages/airflow/example_dags/tutorial_taskflow_api_virtualenv.py
[2025-01-19T03:35:24.819+0000] {processor.py:925} INFO - DAG(s) 'tutorial_taskflow_api_virtualenv' retrieved from /home/vscode/.local/lib/python3.10/site-packages/airflow/example_dags/tutorial_taskflow_api_virtualenv.py
[2025-01-19T03:35:24.831+0000] {logging_mixin.py:190} INFO - [2025-01-19T03:35:24.830+0000] {dag.py:3239} INFO - Sync 1 DAGs
[2025-01-19T03:35:24.840+0000] {logging_mixin.py:190} INFO - [2025-01-19T03:35:24.840+0000] {dag.py:4180} INFO - Setting next_dagrun for tutorial_taskflow_api_virtualenv to None, run_after=None
[2025-01-19T03:35:24.855+0000] {processor.py:208} INFO - Processing /home/vscode/.local/lib/python3.10/site-packages/airflow/example_dags/tutorial_taskflow_api_virtualenv.py took 0.056 seconds
[2025-01-19T03:36:15.534+0000] {processor.py:186} INFO - Started process (PID=12245) to work on /home/vscode/.local/lib/python3.10/site-packages/airflow/example_dags/tutorial_taskflow_api_virtualenv.py
[2025-01-19T03:36:15.535+0000] {processor.py:914} INFO - Processing file /home/vscode/.local/lib/python3.10/site-packages/airflow/example_dags/tutorial_taskflow_api_virtualenv.py for tasks to queue
[2025-01-19T03:36:15.536+0000] {logging_mixin.py:190} INFO - [2025-01-19T03:36:15.536+0000] {dagbag.py:588} INFO - Filling up the DagBag from /home/vscode/.local/lib/python3.10/site-packages/airflow/example_dags/tutorial_taskflow_api_virtualenv.py
[2025-01-19T03:36:15.546+0000] {processor.py:925} INFO - DAG(s) 'tutorial_taskflow_api_virtualenv' retrieved from /home/vscode/.local/lib/python3.10/site-packages/airflow/example_dags/tutorial_taskflow_api_virtualenv.py
[2025-01-19T03:36:15.557+0000] {logging_mixin.py:190} INFO - [2025-01-19T03:36:15.557+0000] {dag.py:3239} INFO - Sync 1 DAGs
[2025-01-19T03:36:15.567+0000] {logging_mixin.py:190} INFO - [2025-01-19T03:36:15.567+0000] {dag.py:4180} INFO - Setting next_dagrun for tutorial_taskflow_api_virtualenv to None, run_after=None
[2025-01-19T03:36:15.581+0000] {processor.py:208} INFO - Processing /home/vscode/.local/lib/python3.10/site-packages/airflow/example_dags/tutorial_taskflow_api_virtualenv.py took 0.052 seconds
[2025-01-19T03:37:04.104+0000] {processor.py:186} INFO - Started process (PID=12575) to work on /home/vscode/.local/lib/python3.10/site-packages/airflow/example_dags/tutorial_taskflow_api_virtualenv.py
[2025-01-19T03:37:04.105+0000] {processor.py:914} INFO - Processing file /home/vscode/.local/lib/python3.10/site-packages/airflow/example_dags/tutorial_taskflow_api_virtualenv.py for tasks to queue
[2025-01-19T03:37:04.107+0000] {logging_mixin.py:190} INFO - [2025-01-19T03:37:04.106+0000] {dagbag.py:588} INFO - Filling up the DagBag from /home/vscode/.local/lib/python3.10/site-packages/airflow/example_dags/tutorial_taskflow_api_virtualenv.py
[2025-01-19T03:37:04.116+0000] {processor.py:925} INFO - DAG(s) 'tutorial_taskflow_api_virtualenv' retrieved from /home/vscode/.local/lib/python3.10/site-packages/airflow/example_dags/tutorial_taskflow_api_virtualenv.py
[2025-01-19T03:37:04.128+0000] {logging_mixin.py:190} INFO - [2025-01-19T03:37:04.128+0000] {dag.py:3239} INFO - Sync 1 DAGs
[2025-01-19T03:37:04.137+0000] {logging_mixin.py:190} INFO - [2025-01-19T03:37:04.137+0000] {dag.py:4180} INFO - Setting next_dagrun for tutorial_taskflow_api_virtualenv to None, run_after=None
[2025-01-19T03:37:04.161+0000] {processor.py:208} INFO - Processing /home/vscode/.local/lib/python3.10/site-packages/airflow/example_dags/tutorial_taskflow_api_virtualenv.py took 0.062 seconds
[2025-01-19T03:37:56.612+0000] {processor.py:186} INFO - Started process (PID=12928) to work on /home/vscode/.local/lib/python3.10/site-packages/airflow/example_dags/tutorial_taskflow_api_virtualenv.py
[2025-01-19T03:37:56.613+0000] {processor.py:914} INFO - Processing file /home/vscode/.local/lib/python3.10/site-packages/airflow/example_dags/tutorial_taskflow_api_virtualenv.py for tasks to queue
[2025-01-19T03:37:56.615+0000] {logging_mixin.py:190} INFO - [2025-01-19T03:37:56.615+0000] {dagbag.py:588} INFO - Filling up the DagBag from /home/vscode/.local/lib/python3.10/site-packages/airflow/example_dags/tutorial_taskflow_api_virtualenv.py
[2025-01-19T03:37:56.624+0000] {processor.py:925} INFO - DAG(s) 'tutorial_taskflow_api_virtualenv' retrieved from /home/vscode/.local/lib/python3.10/site-packages/airflow/example_dags/tutorial_taskflow_api_virtualenv.py
[2025-01-19T03:37:56.635+0000] {logging_mixin.py:190} INFO - [2025-01-19T03:37:56.635+0000] {dag.py:3239} INFO - Sync 1 DAGs
[2025-01-19T03:37:56.644+0000] {logging_mixin.py:190} INFO - [2025-01-19T03:37:56.644+0000] {dag.py:4180} INFO - Setting next_dagrun for tutorial_taskflow_api_virtualenv to None, run_after=None
[2025-01-19T03:37:56.658+0000] {processor.py:208} INFO - Processing /home/vscode/.local/lib/python3.10/site-packages/airflow/example_dags/tutorial_taskflow_api_virtualenv.py took 0.050 seconds
[2025-01-19T03:38:44.548+0000] {processor.py:186} INFO - Started process (PID=13255) to work on /home/vscode/.local/lib/python3.10/site-packages/airflow/example_dags/tutorial_taskflow_api_virtualenv.py
[2025-01-19T03:38:44.549+0000] {processor.py:914} INFO - Processing file /home/vscode/.local/lib/python3.10/site-packages/airflow/example_dags/tutorial_taskflow_api_virtualenv.py for tasks to queue
[2025-01-19T03:38:44.550+0000] {logging_mixin.py:190} INFO - [2025-01-19T03:38:44.550+0000] {dagbag.py:588} INFO - Filling up the DagBag from /home/vscode/.local/lib/python3.10/site-packages/airflow/example_dags/tutorial_taskflow_api_virtualenv.py
[2025-01-19T03:38:44.560+0000] {processor.py:925} INFO - DAG(s) 'tutorial_taskflow_api_virtualenv' retrieved from /home/vscode/.local/lib/python3.10/site-packages/airflow/example_dags/tutorial_taskflow_api_virtualenv.py
[2025-01-19T03:38:44.572+0000] {logging_mixin.py:190} INFO - [2025-01-19T03:38:44.572+0000] {dag.py:3239} INFO - Sync 1 DAGs
[2025-01-19T03:38:44.581+0000] {logging_mixin.py:190} INFO - [2025-01-19T03:38:44.581+0000] {dag.py:4180} INFO - Setting next_dagrun for tutorial_taskflow_api_virtualenv to None, run_after=None
[2025-01-19T03:38:44.597+0000] {processor.py:208} INFO - Processing /home/vscode/.local/lib/python3.10/site-packages/airflow/example_dags/tutorial_taskflow_api_virtualenv.py took 0.054 seconds
[2025-01-19T03:39:34.205+0000] {processor.py:186} INFO - Started process (PID=13592) to work on /home/vscode/.local/lib/python3.10/site-packages/airflow/example_dags/tutorial_taskflow_api_virtualenv.py
[2025-01-19T03:39:34.206+0000] {processor.py:914} INFO - Processing file /home/vscode/.local/lib/python3.10/site-packages/airflow/example_dags/tutorial_taskflow_api_virtualenv.py for tasks to queue
[2025-01-19T03:39:34.207+0000] {logging_mixin.py:190} INFO - [2025-01-19T03:39:34.207+0000] {dagbag.py:588} INFO - Filling up the DagBag from /home/vscode/.local/lib/python3.10/site-packages/airflow/example_dags/tutorial_taskflow_api_virtualenv.py
[2025-01-19T03:39:34.217+0000] {processor.py:925} INFO - DAG(s) 'tutorial_taskflow_api_virtualenv' retrieved from /home/vscode/.local/lib/python3.10/site-packages/airflow/example_dags/tutorial_taskflow_api_virtualenv.py
[2025-01-19T03:39:34.230+0000] {logging_mixin.py:190} INFO - [2025-01-19T03:39:34.229+0000] {dag.py:3239} INFO - Sync 1 DAGs
[2025-01-19T03:39:34.239+0000] {logging_mixin.py:190} INFO - [2025-01-19T03:39:34.239+0000] {dag.py:4180} INFO - Setting next_dagrun for tutorial_taskflow_api_virtualenv to None, run_after=None
[2025-01-19T03:39:34.254+0000] {processor.py:208} INFO - Processing /home/vscode/.local/lib/python3.10/site-packages/airflow/example_dags/tutorial_taskflow_api_virtualenv.py took 0.054 seconds
[2025-01-19T03:40:27.288+0000] {processor.py:186} INFO - Started process (PID=13950) to work on /home/vscode/.local/lib/python3.10/site-packages/airflow/example_dags/tutorial_taskflow_api_virtualenv.py
[2025-01-19T03:40:27.289+0000] {processor.py:914} INFO - Processing file /home/vscode/.local/lib/python3.10/site-packages/airflow/example_dags/tutorial_taskflow_api_virtualenv.py for tasks to queue
[2025-01-19T03:40:27.291+0000] {logging_mixin.py:190} INFO - [2025-01-19T03:40:27.290+0000] {dagbag.py:588} INFO - Filling up the DagBag from /home/vscode/.local/lib/python3.10/site-packages/airflow/example_dags/tutorial_taskflow_api_virtualenv.py
[2025-01-19T03:40:27.300+0000] {processor.py:925} INFO - DAG(s) 'tutorial_taskflow_api_virtualenv' retrieved from /home/vscode/.local/lib/python3.10/site-packages/airflow/example_dags/tutorial_taskflow_api_virtualenv.py
[2025-01-19T03:40:27.311+0000] {logging_mixin.py:190} INFO - [2025-01-19T03:40:27.311+0000] {dag.py:3239} INFO - Sync 1 DAGs
[2025-01-19T03:40:27.321+0000] {logging_mixin.py:190} INFO - [2025-01-19T03:40:27.321+0000] {dag.py:4180} INFO - Setting next_dagrun for tutorial_taskflow_api_virtualenv to None, run_after=None
[2025-01-19T03:40:27.336+0000] {processor.py:208} INFO - Processing /home/vscode/.local/lib/python3.10/site-packages/airflow/example_dags/tutorial_taskflow_api_virtualenv.py took 0.052 seconds
[2025-01-19T03:41:16.411+0000] {processor.py:186} INFO - Started process (PID=14284) to work on /home/vscode/.local/lib/python3.10/site-packages/airflow/example_dags/tutorial_taskflow_api_virtualenv.py
[2025-01-19T03:41:16.411+0000] {processor.py:914} INFO - Processing file /home/vscode/.local/lib/python3.10/site-packages/airflow/example_dags/tutorial_taskflow_api_virtualenv.py for tasks to queue
[2025-01-19T03:41:16.413+0000] {logging_mixin.py:190} INFO - [2025-01-19T03:41:16.413+0000] {dagbag.py:588} INFO - Filling up the DagBag from /home/vscode/.local/lib/python3.10/site-packages/airflow/example_dags/tutorial_taskflow_api_virtualenv.py
[2025-01-19T03:41:16.422+0000] {processor.py:925} INFO - DAG(s) 'tutorial_taskflow_api_virtualenv' retrieved from /home/vscode/.local/lib/python3.10/site-packages/airflow/example_dags/tutorial_taskflow_api_virtualenv.py
[2025-01-19T03:41:16.434+0000] {logging_mixin.py:190} INFO - [2025-01-19T03:41:16.433+0000] {dag.py:3239} INFO - Sync 1 DAGs
[2025-01-19T03:41:16.443+0000] {logging_mixin.py:190} INFO - [2025-01-19T03:41:16.443+0000] {dag.py:4180} INFO - Setting next_dagrun for tutorial_taskflow_api_virtualenv to None, run_after=None
[2025-01-19T03:41:16.458+0000] {processor.py:208} INFO - Processing /home/vscode/.local/lib/python3.10/site-packages/airflow/example_dags/tutorial_taskflow_api_virtualenv.py took 0.052 seconds
[2025-01-19T03:42:08.247+0000] {processor.py:186} INFO - Started process (PID=14625) to work on /home/vscode/.local/lib/python3.10/site-packages/airflow/example_dags/tutorial_taskflow_api_virtualenv.py
[2025-01-19T03:42:08.247+0000] {processor.py:914} INFO - Processing file /home/vscode/.local/lib/python3.10/site-packages/airflow/example_dags/tutorial_taskflow_api_virtualenv.py for tasks to queue
[2025-01-19T03:42:08.249+0000] {logging_mixin.py:190} INFO - [2025-01-19T03:42:08.249+0000] {dagbag.py:588} INFO - Filling up the DagBag from /home/vscode/.local/lib/python3.10/site-packages/airflow/example_dags/tutorial_taskflow_api_virtualenv.py
[2025-01-19T03:42:08.259+0000] {processor.py:925} INFO - DAG(s) 'tutorial_taskflow_api_virtualenv' retrieved from /home/vscode/.local/lib/python3.10/site-packages/airflow/example_dags/tutorial_taskflow_api_virtualenv.py
[2025-01-19T03:42:08.274+0000] {logging_mixin.py:190} INFO - [2025-01-19T03:42:08.274+0000] {dag.py:3239} INFO - Sync 1 DAGs
[2025-01-19T03:42:08.292+0000] {logging_mixin.py:190} INFO - [2025-01-19T03:42:08.291+0000] {dag.py:4180} INFO - Setting next_dagrun for tutorial_taskflow_api_virtualenv to None, run_after=None
[2025-01-19T03:42:08.309+0000] {processor.py:208} INFO - Processing /home/vscode/.local/lib/python3.10/site-packages/airflow/example_dags/tutorial_taskflow_api_virtualenv.py took 0.066 seconds
[2025-01-19T03:42:58.538+0000] {processor.py:186} INFO - Started process (PID=14973) to work on /home/vscode/.local/lib/python3.10/site-packages/airflow/example_dags/tutorial_taskflow_api_virtualenv.py
[2025-01-19T03:42:58.539+0000] {processor.py:914} INFO - Processing file /home/vscode/.local/lib/python3.10/site-packages/airflow/example_dags/tutorial_taskflow_api_virtualenv.py for tasks to queue
[2025-01-19T03:42:58.541+0000] {logging_mixin.py:190} INFO - [2025-01-19T03:42:58.540+0000] {dagbag.py:588} INFO - Filling up the DagBag from /home/vscode/.local/lib/python3.10/site-packages/airflow/example_dags/tutorial_taskflow_api_virtualenv.py
[2025-01-19T03:42:58.551+0000] {processor.py:925} INFO - DAG(s) 'tutorial_taskflow_api_virtualenv' retrieved from /home/vscode/.local/lib/python3.10/site-packages/airflow/example_dags/tutorial_taskflow_api_virtualenv.py
[2025-01-19T03:42:58.562+0000] {logging_mixin.py:190} INFO - [2025-01-19T03:42:58.562+0000] {dag.py:3239} INFO - Sync 1 DAGs
[2025-01-19T03:42:58.572+0000] {logging_mixin.py:190} INFO - [2025-01-19T03:42:58.571+0000] {dag.py:4180} INFO - Setting next_dagrun for tutorial_taskflow_api_virtualenv to None, run_after=None
[2025-01-19T03:42:58.588+0000] {processor.py:208} INFO - Processing /home/vscode/.local/lib/python3.10/site-packages/airflow/example_dags/tutorial_taskflow_api_virtualenv.py took 0.054 seconds
[2025-01-19T03:43:49.914+0000] {processor.py:186} INFO - Started process (PID=15316) to work on /home/vscode/.local/lib/python3.10/site-packages/airflow/example_dags/tutorial_taskflow_api_virtualenv.py
[2025-01-19T03:43:49.914+0000] {processor.py:914} INFO - Processing file /home/vscode/.local/lib/python3.10/site-packages/airflow/example_dags/tutorial_taskflow_api_virtualenv.py for tasks to queue
[2025-01-19T03:43:49.916+0000] {logging_mixin.py:190} INFO - [2025-01-19T03:43:49.916+0000] {dagbag.py:588} INFO - Filling up the DagBag from /home/vscode/.local/lib/python3.10/site-packages/airflow/example_dags/tutorial_taskflow_api_virtualenv.py
[2025-01-19T03:43:49.926+0000] {processor.py:925} INFO - DAG(s) 'tutorial_taskflow_api_virtualenv' retrieved from /home/vscode/.local/lib/python3.10/site-packages/airflow/example_dags/tutorial_taskflow_api_virtualenv.py
[2025-01-19T03:43:49.937+0000] {logging_mixin.py:190} INFO - [2025-01-19T03:43:49.937+0000] {dag.py:3239} INFO - Sync 1 DAGs
[2025-01-19T03:43:49.947+0000] {logging_mixin.py:190} INFO - [2025-01-19T03:43:49.947+0000] {dag.py:4180} INFO - Setting next_dagrun for tutorial_taskflow_api_virtualenv to None, run_after=None
[2025-01-19T03:43:49.962+0000] {processor.py:208} INFO - Processing /home/vscode/.local/lib/python3.10/site-packages/airflow/example_dags/tutorial_taskflow_api_virtualenv.py took 0.053 seconds
[2025-01-19T03:44:43.292+0000] {processor.py:186} INFO - Started process (PID=15672) to work on /home/vscode/.local/lib/python3.10/site-packages/airflow/example_dags/tutorial_taskflow_api_virtualenv.py
[2025-01-19T03:44:43.293+0000] {processor.py:914} INFO - Processing file /home/vscode/.local/lib/python3.10/site-packages/airflow/example_dags/tutorial_taskflow_api_virtualenv.py for tasks to queue
[2025-01-19T03:44:43.295+0000] {logging_mixin.py:190} INFO - [2025-01-19T03:44:43.294+0000] {dagbag.py:588} INFO - Filling up the DagBag from /home/vscode/.local/lib/python3.10/site-packages/airflow/example_dags/tutorial_taskflow_api_virtualenv.py
[2025-01-19T03:44:43.308+0000] {processor.py:925} INFO - DAG(s) 'tutorial_taskflow_api_virtualenv' retrieved from /home/vscode/.local/lib/python3.10/site-packages/airflow/example_dags/tutorial_taskflow_api_virtualenv.py
[2025-01-19T03:44:43.325+0000] {logging_mixin.py:190} INFO - [2025-01-19T03:44:43.325+0000] {dag.py:3239} INFO - Sync 1 DAGs
[2025-01-19T03:44:43.339+0000] {logging_mixin.py:190} INFO - [2025-01-19T03:44:43.338+0000] {dag.py:4180} INFO - Setting next_dagrun for tutorial_taskflow_api_virtualenv to None, run_after=None
[2025-01-19T03:44:43.360+0000] {processor.py:208} INFO - Processing /home/vscode/.local/lib/python3.10/site-packages/airflow/example_dags/tutorial_taskflow_api_virtualenv.py took 0.075 seconds
[2025-01-19T03:45:35.378+0000] {processor.py:186} INFO - Started process (PID=16031) to work on /home/vscode/.local/lib/python3.10/site-packages/airflow/example_dags/tutorial_taskflow_api_virtualenv.py
[2025-01-19T03:45:35.378+0000] {processor.py:914} INFO - Processing file /home/vscode/.local/lib/python3.10/site-packages/airflow/example_dags/tutorial_taskflow_api_virtualenv.py for tasks to queue
[2025-01-19T03:45:35.380+0000] {logging_mixin.py:190} INFO - [2025-01-19T03:45:35.380+0000] {dagbag.py:588} INFO - Filling up the DagBag from /home/vscode/.local/lib/python3.10/site-packages/airflow/example_dags/tutorial_taskflow_api_virtualenv.py
[2025-01-19T03:45:35.389+0000] {processor.py:925} INFO - DAG(s) 'tutorial_taskflow_api_virtualenv' retrieved from /home/vscode/.local/lib/python3.10/site-packages/airflow/example_dags/tutorial_taskflow_api_virtualenv.py
[2025-01-19T03:45:35.401+0000] {logging_mixin.py:190} INFO - [2025-01-19T03:45:35.401+0000] {dag.py:3239} INFO - Sync 1 DAGs
[2025-01-19T03:45:35.410+0000] {logging_mixin.py:190} INFO - [2025-01-19T03:45:35.410+0000] {dag.py:4180} INFO - Setting next_dagrun for tutorial_taskflow_api_virtualenv to None, run_after=None
[2025-01-19T03:45:35.425+0000] {processor.py:208} INFO - Processing /home/vscode/.local/lib/python3.10/site-packages/airflow/example_dags/tutorial_taskflow_api_virtualenv.py took 0.052 seconds
[2025-01-19T03:46:24.785+0000] {processor.py:186} INFO - Started process (PID=16362) to work on /home/vscode/.local/lib/python3.10/site-packages/airflow/example_dags/tutorial_taskflow_api_virtualenv.py
[2025-01-19T03:46:24.786+0000] {processor.py:914} INFO - Processing file /home/vscode/.local/lib/python3.10/site-packages/airflow/example_dags/tutorial_taskflow_api_virtualenv.py for tasks to queue
[2025-01-19T03:46:24.788+0000] {logging_mixin.py:190} INFO - [2025-01-19T03:46:24.787+0000] {dagbag.py:588} INFO - Filling up the DagBag from /home/vscode/.local/lib/python3.10/site-packages/airflow/example_dags/tutorial_taskflow_api_virtualenv.py
[2025-01-19T03:46:24.797+0000] {processor.py:925} INFO - DAG(s) 'tutorial_taskflow_api_virtualenv' retrieved from /home/vscode/.local/lib/python3.10/site-packages/airflow/example_dags/tutorial_taskflow_api_virtualenv.py
[2025-01-19T03:46:24.808+0000] {logging_mixin.py:190} INFO - [2025-01-19T03:46:24.808+0000] {dag.py:3239} INFO - Sync 1 DAGs
[2025-01-19T03:46:24.817+0000] {logging_mixin.py:190} INFO - [2025-01-19T03:46:24.817+0000] {dag.py:4180} INFO - Setting next_dagrun for tutorial_taskflow_api_virtualenv to None, run_after=None
[2025-01-19T03:46:24.833+0000] {processor.py:208} INFO - Processing /home/vscode/.local/lib/python3.10/site-packages/airflow/example_dags/tutorial_taskflow_api_virtualenv.py took 0.052 seconds
[2025-01-19T03:47:17.751+0000] {processor.py:186} INFO - Started process (PID=16714) to work on /home/vscode/.local/lib/python3.10/site-packages/airflow/example_dags/tutorial_taskflow_api_virtualenv.py
[2025-01-19T03:47:17.752+0000] {processor.py:914} INFO - Processing file /home/vscode/.local/lib/python3.10/site-packages/airflow/example_dags/tutorial_taskflow_api_virtualenv.py for tasks to queue
[2025-01-19T03:47:17.754+0000] {logging_mixin.py:190} INFO - [2025-01-19T03:47:17.753+0000] {dagbag.py:588} INFO - Filling up the DagBag from /home/vscode/.local/lib/python3.10/site-packages/airflow/example_dags/tutorial_taskflow_api_virtualenv.py
[2025-01-19T03:47:17.763+0000] {processor.py:925} INFO - DAG(s) 'tutorial_taskflow_api_virtualenv' retrieved from /home/vscode/.local/lib/python3.10/site-packages/airflow/example_dags/tutorial_taskflow_api_virtualenv.py
[2025-01-19T03:47:17.774+0000] {logging_mixin.py:190} INFO - [2025-01-19T03:47:17.774+0000] {dag.py:3239} INFO - Sync 1 DAGs
[2025-01-19T03:47:17.783+0000] {logging_mixin.py:190} INFO - [2025-01-19T03:47:17.783+0000] {dag.py:4180} INFO - Setting next_dagrun for tutorial_taskflow_api_virtualenv to None, run_after=None
[2025-01-19T03:47:17.798+0000] {processor.py:208} INFO - Processing /home/vscode/.local/lib/python3.10/site-packages/airflow/example_dags/tutorial_taskflow_api_virtualenv.py took 0.051 seconds
[2025-01-19T03:48:09.571+0000] {processor.py:186} INFO - Started process (PID=17070) to work on /home/vscode/.local/lib/python3.10/site-packages/airflow/example_dags/tutorial_taskflow_api_virtualenv.py
[2025-01-19T03:48:09.572+0000] {processor.py:914} INFO - Processing file /home/vscode/.local/lib/python3.10/site-packages/airflow/example_dags/tutorial_taskflow_api_virtualenv.py for tasks to queue
[2025-01-19T03:48:09.573+0000] {logging_mixin.py:190} INFO - [2025-01-19T03:48:09.573+0000] {dagbag.py:588} INFO - Filling up the DagBag from /home/vscode/.local/lib/python3.10/site-packages/airflow/example_dags/tutorial_taskflow_api_virtualenv.py
[2025-01-19T03:48:09.583+0000] {processor.py:925} INFO - DAG(s) 'tutorial_taskflow_api_virtualenv' retrieved from /home/vscode/.local/lib/python3.10/site-packages/airflow/example_dags/tutorial_taskflow_api_virtualenv.py
[2025-01-19T03:48:09.594+0000] {logging_mixin.py:190} INFO - [2025-01-19T03:48:09.594+0000] {dag.py:3239} INFO - Sync 1 DAGs
[2025-01-19T03:48:09.604+0000] {logging_mixin.py:190} INFO - [2025-01-19T03:48:09.603+0000] {dag.py:4180} INFO - Setting next_dagrun for tutorial_taskflow_api_virtualenv to None, run_after=None
[2025-01-19T03:48:09.619+0000] {processor.py:208} INFO - Processing /home/vscode/.local/lib/python3.10/site-packages/airflow/example_dags/tutorial_taskflow_api_virtualenv.py took 0.052 seconds
[2025-01-19T03:48:59.728+0000] {processor.py:186} INFO - Started process (PID=17453) to work on /home/vscode/.local/lib/python3.10/site-packages/airflow/example_dags/tutorial_taskflow_api_virtualenv.py
[2025-01-19T03:48:59.729+0000] {processor.py:914} INFO - Processing file /home/vscode/.local/lib/python3.10/site-packages/airflow/example_dags/tutorial_taskflow_api_virtualenv.py for tasks to queue
[2025-01-19T03:48:59.730+0000] {logging_mixin.py:190} INFO - [2025-01-19T03:48:59.730+0000] {dagbag.py:588} INFO - Filling up the DagBag from /home/vscode/.local/lib/python3.10/site-packages/airflow/example_dags/tutorial_taskflow_api_virtualenv.py
[2025-01-19T03:48:59.740+0000] {processor.py:925} INFO - DAG(s) 'tutorial_taskflow_api_virtualenv' retrieved from /home/vscode/.local/lib/python3.10/site-packages/airflow/example_dags/tutorial_taskflow_api_virtualenv.py
[2025-01-19T03:48:59.751+0000] {logging_mixin.py:190} INFO - [2025-01-19T03:48:59.750+0000] {dag.py:3239} INFO - Sync 1 DAGs
[2025-01-19T03:48:59.760+0000] {logging_mixin.py:190} INFO - [2025-01-19T03:48:59.760+0000] {dag.py:4180} INFO - Setting next_dagrun for tutorial_taskflow_api_virtualenv to None, run_after=None
[2025-01-19T03:48:59.775+0000] {processor.py:208} INFO - Processing /home/vscode/.local/lib/python3.10/site-packages/airflow/example_dags/tutorial_taskflow_api_virtualenv.py took 0.051 seconds
[2025-01-19T03:49:49.645+0000] {processor.py:186} INFO - Started process (PID=17889) to work on /home/vscode/.local/lib/python3.10/site-packages/airflow/example_dags/tutorial_taskflow_api_virtualenv.py
[2025-01-19T03:49:49.646+0000] {processor.py:914} INFO - Processing file /home/vscode/.local/lib/python3.10/site-packages/airflow/example_dags/tutorial_taskflow_api_virtualenv.py for tasks to queue
[2025-01-19T03:49:49.648+0000] {logging_mixin.py:190} INFO - [2025-01-19T03:49:49.647+0000] {dagbag.py:588} INFO - Filling up the DagBag from /home/vscode/.local/lib/python3.10/site-packages/airflow/example_dags/tutorial_taskflow_api_virtualenv.py
[2025-01-19T03:49:49.657+0000] {processor.py:925} INFO - DAG(s) 'tutorial_taskflow_api_virtualenv' retrieved from /home/vscode/.local/lib/python3.10/site-packages/airflow/example_dags/tutorial_taskflow_api_virtualenv.py
[2025-01-19T03:49:49.668+0000] {logging_mixin.py:190} INFO - [2025-01-19T03:49:49.668+0000] {dag.py:3239} INFO - Sync 1 DAGs
[2025-01-19T03:49:49.678+0000] {logging_mixin.py:190} INFO - [2025-01-19T03:49:49.677+0000] {dag.py:4180} INFO - Setting next_dagrun for tutorial_taskflow_api_virtualenv to None, run_after=None
[2025-01-19T03:49:49.692+0000] {processor.py:208} INFO - Processing /home/vscode/.local/lib/python3.10/site-packages/airflow/example_dags/tutorial_taskflow_api_virtualenv.py took 0.051 seconds
[2025-01-19T03:50:39.091+0000] {processor.py:186} INFO - Started process (PID=18265) to work on /home/vscode/.local/lib/python3.10/site-packages/airflow/example_dags/tutorial_taskflow_api_virtualenv.py
[2025-01-19T03:50:39.092+0000] {processor.py:914} INFO - Processing file /home/vscode/.local/lib/python3.10/site-packages/airflow/example_dags/tutorial_taskflow_api_virtualenv.py for tasks to queue
[2025-01-19T03:50:39.093+0000] {logging_mixin.py:190} INFO - [2025-01-19T03:50:39.093+0000] {dagbag.py:588} INFO - Filling up the DagBag from /home/vscode/.local/lib/python3.10/site-packages/airflow/example_dags/tutorial_taskflow_api_virtualenv.py
[2025-01-19T03:50:39.103+0000] {processor.py:925} INFO - DAG(s) 'tutorial_taskflow_api_virtualenv' retrieved from /home/vscode/.local/lib/python3.10/site-packages/airflow/example_dags/tutorial_taskflow_api_virtualenv.py
[2025-01-19T03:50:39.115+0000] {logging_mixin.py:190} INFO - [2025-01-19T03:50:39.115+0000] {dag.py:3239} INFO - Sync 1 DAGs
[2025-01-19T03:50:39.125+0000] {logging_mixin.py:190} INFO - [2025-01-19T03:50:39.124+0000] {dag.py:4180} INFO - Setting next_dagrun for tutorial_taskflow_api_virtualenv to None, run_after=None
[2025-01-19T03:50:39.139+0000] {processor.py:208} INFO - Processing /home/vscode/.local/lib/python3.10/site-packages/airflow/example_dags/tutorial_taskflow_api_virtualenv.py took 0.053 seconds
[2025-01-19T03:51:28.824+0000] {processor.py:186} INFO - Started process (PID=18687) to work on /home/vscode/.local/lib/python3.10/site-packages/airflow/example_dags/tutorial_taskflow_api_virtualenv.py
[2025-01-19T03:51:28.827+0000] {processor.py:914} INFO - Processing file /home/vscode/.local/lib/python3.10/site-packages/airflow/example_dags/tutorial_taskflow_api_virtualenv.py for tasks to queue
[2025-01-19T03:51:28.829+0000] {logging_mixin.py:190} INFO - [2025-01-19T03:51:28.828+0000] {dagbag.py:588} INFO - Filling up the DagBag from /home/vscode/.local/lib/python3.10/site-packages/airflow/example_dags/tutorial_taskflow_api_virtualenv.py
[2025-01-19T03:51:28.863+0000] {processor.py:925} INFO - DAG(s) 'tutorial_taskflow_api_virtualenv' retrieved from /home/vscode/.local/lib/python3.10/site-packages/airflow/example_dags/tutorial_taskflow_api_virtualenv.py
[2025-01-19T03:51:28.893+0000] {logging_mixin.py:190} INFO - [2025-01-19T03:51:28.892+0000] {dag.py:3239} INFO - Sync 1 DAGs
[2025-01-19T03:51:28.924+0000] {logging_mixin.py:190} INFO - [2025-01-19T03:51:28.924+0000] {dag.py:4180} INFO - Setting next_dagrun for tutorial_taskflow_api_virtualenv to None, run_after=None
[2025-01-19T03:51:29.010+0000] {processor.py:208} INFO - Processing /home/vscode/.local/lib/python3.10/site-packages/airflow/example_dags/tutorial_taskflow_api_virtualenv.py took 0.208 seconds
[2025-01-19T03:55:02.337+0000] {processor.py:186} INFO - Started process (PID=20162) to work on /home/vscode/.local/lib/python3.10/site-packages/airflow/example_dags/tutorial_taskflow_api_virtualenv.py
[2025-01-19T03:55:02.338+0000] {processor.py:914} INFO - Processing file /home/vscode/.local/lib/python3.10/site-packages/airflow/example_dags/tutorial_taskflow_api_virtualenv.py for tasks to queue
[2025-01-19T03:55:02.339+0000] {logging_mixin.py:190} INFO - [2025-01-19T03:55:02.339+0000] {dagbag.py:588} INFO - Filling up the DagBag from /home/vscode/.local/lib/python3.10/site-packages/airflow/example_dags/tutorial_taskflow_api_virtualenv.py
[2025-01-19T03:55:02.349+0000] {processor.py:925} INFO - DAG(s) 'tutorial_taskflow_api_virtualenv' retrieved from /home/vscode/.local/lib/python3.10/site-packages/airflow/example_dags/tutorial_taskflow_api_virtualenv.py
[2025-01-19T03:55:02.431+0000] {logging_mixin.py:190} INFO - [2025-01-19T03:55:02.431+0000] {dag.py:3239} INFO - Sync 1 DAGs
[2025-01-19T03:55:02.440+0000] {logging_mixin.py:190} INFO - [2025-01-19T03:55:02.440+0000] {dag.py:4180} INFO - Setting next_dagrun for tutorial_taskflow_api_virtualenv to None, run_after=None
[2025-01-19T03:55:02.455+0000] {processor.py:208} INFO - Processing /home/vscode/.local/lib/python3.10/site-packages/airflow/example_dags/tutorial_taskflow_api_virtualenv.py took 0.123 seconds
[2025-01-19T03:55:58.084+0000] {processor.py:186} INFO - Started process (PID=20534) to work on /home/vscode/.local/lib/python3.10/site-packages/airflow/example_dags/tutorial_taskflow_api_virtualenv.py
[2025-01-19T03:55:58.085+0000] {processor.py:914} INFO - Processing file /home/vscode/.local/lib/python3.10/site-packages/airflow/example_dags/tutorial_taskflow_api_virtualenv.py for tasks to queue
[2025-01-19T03:55:58.086+0000] {logging_mixin.py:190} INFO - [2025-01-19T03:55:58.086+0000] {dagbag.py:588} INFO - Filling up the DagBag from /home/vscode/.local/lib/python3.10/site-packages/airflow/example_dags/tutorial_taskflow_api_virtualenv.py
[2025-01-19T03:55:58.095+0000] {processor.py:925} INFO - DAG(s) 'tutorial_taskflow_api_virtualenv' retrieved from /home/vscode/.local/lib/python3.10/site-packages/airflow/example_dags/tutorial_taskflow_api_virtualenv.py
[2025-01-19T03:55:58.107+0000] {logging_mixin.py:190} INFO - [2025-01-19T03:55:58.107+0000] {dag.py:3239} INFO - Sync 1 DAGs
[2025-01-19T03:55:58.116+0000] {logging_mixin.py:190} INFO - [2025-01-19T03:55:58.116+0000] {dag.py:4180} INFO - Setting next_dagrun for tutorial_taskflow_api_virtualenv to None, run_after=None
[2025-01-19T03:55:58.130+0000] {processor.py:208} INFO - Processing /home/vscode/.local/lib/python3.10/site-packages/airflow/example_dags/tutorial_taskflow_api_virtualenv.py took 0.051 seconds
[2025-01-19T03:56:50.465+0000] {processor.py:186} INFO - Started process (PID=20896) to work on /home/vscode/.local/lib/python3.10/site-packages/airflow/example_dags/tutorial_taskflow_api_virtualenv.py
[2025-01-19T03:56:50.466+0000] {processor.py:914} INFO - Processing file /home/vscode/.local/lib/python3.10/site-packages/airflow/example_dags/tutorial_taskflow_api_virtualenv.py for tasks to queue
[2025-01-19T03:56:50.467+0000] {logging_mixin.py:190} INFO - [2025-01-19T03:56:50.467+0000] {dagbag.py:588} INFO - Filling up the DagBag from /home/vscode/.local/lib/python3.10/site-packages/airflow/example_dags/tutorial_taskflow_api_virtualenv.py
[2025-01-19T03:56:50.477+0000] {processor.py:925} INFO - DAG(s) 'tutorial_taskflow_api_virtualenv' retrieved from /home/vscode/.local/lib/python3.10/site-packages/airflow/example_dags/tutorial_taskflow_api_virtualenv.py
[2025-01-19T03:56:50.488+0000] {logging_mixin.py:190} INFO - [2025-01-19T03:56:50.488+0000] {dag.py:3239} INFO - Sync 1 DAGs
[2025-01-19T03:56:50.497+0000] {logging_mixin.py:190} INFO - [2025-01-19T03:56:50.497+0000] {dag.py:4180} INFO - Setting next_dagrun for tutorial_taskflow_api_virtualenv to None, run_after=None
[2025-01-19T03:56:50.512+0000] {processor.py:208} INFO - Processing /home/vscode/.local/lib/python3.10/site-packages/airflow/example_dags/tutorial_taskflow_api_virtualenv.py took 0.052 seconds
[2025-01-19T03:57:42.997+0000] {processor.py:186} INFO - Started process (PID=21251) to work on /home/vscode/.local/lib/python3.10/site-packages/airflow/example_dags/tutorial_taskflow_api_virtualenv.py
[2025-01-19T03:57:42.997+0000] {processor.py:914} INFO - Processing file /home/vscode/.local/lib/python3.10/site-packages/airflow/example_dags/tutorial_taskflow_api_virtualenv.py for tasks to queue
[2025-01-19T03:57:43.000+0000] {logging_mixin.py:190} INFO - [2025-01-19T03:57:42.999+0000] {dagbag.py:588} INFO - Filling up the DagBag from /home/vscode/.local/lib/python3.10/site-packages/airflow/example_dags/tutorial_taskflow_api_virtualenv.py
[2025-01-19T03:57:43.010+0000] {processor.py:925} INFO - DAG(s) 'tutorial_taskflow_api_virtualenv' retrieved from /home/vscode/.local/lib/python3.10/site-packages/airflow/example_dags/tutorial_taskflow_api_virtualenv.py
[2025-01-19T03:57:43.022+0000] {logging_mixin.py:190} INFO - [2025-01-19T03:57:43.022+0000] {dag.py:3239} INFO - Sync 1 DAGs
[2025-01-19T03:57:43.036+0000] {logging_mixin.py:190} INFO - [2025-01-19T03:57:43.036+0000] {dag.py:4180} INFO - Setting next_dagrun for tutorial_taskflow_api_virtualenv to None, run_after=None
[2025-01-19T03:57:43.059+0000] {processor.py:208} INFO - Processing /home/vscode/.local/lib/python3.10/site-packages/airflow/example_dags/tutorial_taskflow_api_virtualenv.py took 0.067 seconds
[2025-01-19T03:58:32.275+0000] {processor.py:186} INFO - Started process (PID=21587) to work on /home/vscode/.local/lib/python3.10/site-packages/airflow/example_dags/tutorial_taskflow_api_virtualenv.py
[2025-01-19T03:58:32.275+0000] {processor.py:914} INFO - Processing file /home/vscode/.local/lib/python3.10/site-packages/airflow/example_dags/tutorial_taskflow_api_virtualenv.py for tasks to queue
[2025-01-19T03:58:32.277+0000] {logging_mixin.py:190} INFO - [2025-01-19T03:58:32.277+0000] {dagbag.py:588} INFO - Filling up the DagBag from /home/vscode/.local/lib/python3.10/site-packages/airflow/example_dags/tutorial_taskflow_api_virtualenv.py
[2025-01-19T03:58:32.287+0000] {processor.py:925} INFO - DAG(s) 'tutorial_taskflow_api_virtualenv' retrieved from /home/vscode/.local/lib/python3.10/site-packages/airflow/example_dags/tutorial_taskflow_api_virtualenv.py
[2025-01-19T03:58:32.299+0000] {logging_mixin.py:190} INFO - [2025-01-19T03:58:32.298+0000] {dag.py:3239} INFO - Sync 1 DAGs
[2025-01-19T03:58:32.308+0000] {logging_mixin.py:190} INFO - [2025-01-19T03:58:32.308+0000] {dag.py:4180} INFO - Setting next_dagrun for tutorial_taskflow_api_virtualenv to None, run_after=None
[2025-01-19T03:58:32.322+0000] {processor.py:208} INFO - Processing /home/vscode/.local/lib/python3.10/site-packages/airflow/example_dags/tutorial_taskflow_api_virtualenv.py took 0.052 seconds
[2025-01-19T03:59:24.086+0000] {processor.py:186} INFO - Started process (PID=21938) to work on /home/vscode/.local/lib/python3.10/site-packages/airflow/example_dags/tutorial_taskflow_api_virtualenv.py
[2025-01-19T03:59:24.087+0000] {processor.py:914} INFO - Processing file /home/vscode/.local/lib/python3.10/site-packages/airflow/example_dags/tutorial_taskflow_api_virtualenv.py for tasks to queue
[2025-01-19T03:59:24.089+0000] {logging_mixin.py:190} INFO - [2025-01-19T03:59:24.088+0000] {dagbag.py:588} INFO - Filling up the DagBag from /home/vscode/.local/lib/python3.10/site-packages/airflow/example_dags/tutorial_taskflow_api_virtualenv.py
[2025-01-19T03:59:24.098+0000] {processor.py:925} INFO - DAG(s) 'tutorial_taskflow_api_virtualenv' retrieved from /home/vscode/.local/lib/python3.10/site-packages/airflow/example_dags/tutorial_taskflow_api_virtualenv.py
[2025-01-19T03:59:24.110+0000] {logging_mixin.py:190} INFO - [2025-01-19T03:59:24.110+0000] {dag.py:3239} INFO - Sync 1 DAGs
[2025-01-19T03:59:24.120+0000] {logging_mixin.py:190} INFO - [2025-01-19T03:59:24.119+0000] {dag.py:4180} INFO - Setting next_dagrun for tutorial_taskflow_api_virtualenv to None, run_after=None
[2025-01-19T03:59:24.135+0000] {processor.py:208} INFO - Processing /home/vscode/.local/lib/python3.10/site-packages/airflow/example_dags/tutorial_taskflow_api_virtualenv.py took 0.054 seconds
[2025-01-19T04:00:16.013+0000] {processor.py:186} INFO - Started process (PID=22289) to work on /home/vscode/.local/lib/python3.10/site-packages/airflow/example_dags/tutorial_taskflow_api_virtualenv.py
[2025-01-19T04:00:16.013+0000] {processor.py:914} INFO - Processing file /home/vscode/.local/lib/python3.10/site-packages/airflow/example_dags/tutorial_taskflow_api_virtualenv.py for tasks to queue
[2025-01-19T04:00:16.015+0000] {logging_mixin.py:190} INFO - [2025-01-19T04:00:16.015+0000] {dagbag.py:588} INFO - Filling up the DagBag from /home/vscode/.local/lib/python3.10/site-packages/airflow/example_dags/tutorial_taskflow_api_virtualenv.py
[2025-01-19T04:00:16.025+0000] {processor.py:925} INFO - DAG(s) 'tutorial_taskflow_api_virtualenv' retrieved from /home/vscode/.local/lib/python3.10/site-packages/airflow/example_dags/tutorial_taskflow_api_virtualenv.py
[2025-01-19T04:00:16.037+0000] {logging_mixin.py:190} INFO - [2025-01-19T04:00:16.037+0000] {dag.py:3239} INFO - Sync 1 DAGs
[2025-01-19T04:00:16.047+0000] {logging_mixin.py:190} INFO - [2025-01-19T04:00:16.047+0000] {dag.py:4180} INFO - Setting next_dagrun for tutorial_taskflow_api_virtualenv to None, run_after=None
[2025-01-19T04:00:16.062+0000] {processor.py:208} INFO - Processing /home/vscode/.local/lib/python3.10/site-packages/airflow/example_dags/tutorial_taskflow_api_virtualenv.py took 0.053 seconds
[2025-01-19T04:01:06.818+0000] {processor.py:186} INFO - Started process (PID=22632) to work on /home/vscode/.local/lib/python3.10/site-packages/airflow/example_dags/tutorial_taskflow_api_virtualenv.py
[2025-01-19T04:01:06.819+0000] {processor.py:914} INFO - Processing file /home/vscode/.local/lib/python3.10/site-packages/airflow/example_dags/tutorial_taskflow_api_virtualenv.py for tasks to queue
[2025-01-19T04:01:06.820+0000] {logging_mixin.py:190} INFO - [2025-01-19T04:01:06.820+0000] {dagbag.py:588} INFO - Filling up the DagBag from /home/vscode/.local/lib/python3.10/site-packages/airflow/example_dags/tutorial_taskflow_api_virtualenv.py
[2025-01-19T04:01:06.829+0000] {processor.py:925} INFO - DAG(s) 'tutorial_taskflow_api_virtualenv' retrieved from /home/vscode/.local/lib/python3.10/site-packages/airflow/example_dags/tutorial_taskflow_api_virtualenv.py
[2025-01-19T04:01:06.841+0000] {logging_mixin.py:190} INFO - [2025-01-19T04:01:06.841+0000] {dag.py:3239} INFO - Sync 1 DAGs
[2025-01-19T04:01:06.850+0000] {logging_mixin.py:190} INFO - [2025-01-19T04:01:06.850+0000] {dag.py:4180} INFO - Setting next_dagrun for tutorial_taskflow_api_virtualenv to None, run_after=None
[2025-01-19T04:01:06.865+0000] {processor.py:208} INFO - Processing /home/vscode/.local/lib/python3.10/site-packages/airflow/example_dags/tutorial_taskflow_api_virtualenv.py took 0.052 seconds
[2025-01-19T04:01:58.315+0000] {processor.py:186} INFO - Started process (PID=22982) to work on /home/vscode/.local/lib/python3.10/site-packages/airflow/example_dags/tutorial_taskflow_api_virtualenv.py
[2025-01-19T04:01:58.316+0000] {processor.py:914} INFO - Processing file /home/vscode/.local/lib/python3.10/site-packages/airflow/example_dags/tutorial_taskflow_api_virtualenv.py for tasks to queue
[2025-01-19T04:01:58.318+0000] {logging_mixin.py:190} INFO - [2025-01-19T04:01:58.317+0000] {dagbag.py:588} INFO - Filling up the DagBag from /home/vscode/.local/lib/python3.10/site-packages/airflow/example_dags/tutorial_taskflow_api_virtualenv.py
[2025-01-19T04:01:58.327+0000] {processor.py:925} INFO - DAG(s) 'tutorial_taskflow_api_virtualenv' retrieved from /home/vscode/.local/lib/python3.10/site-packages/airflow/example_dags/tutorial_taskflow_api_virtualenv.py
[2025-01-19T04:01:58.338+0000] {logging_mixin.py:190} INFO - [2025-01-19T04:01:58.338+0000] {dag.py:3239} INFO - Sync 1 DAGs
[2025-01-19T04:01:58.347+0000] {logging_mixin.py:190} INFO - [2025-01-19T04:01:58.347+0000] {dag.py:4180} INFO - Setting next_dagrun for tutorial_taskflow_api_virtualenv to None, run_after=None
[2025-01-19T04:01:58.363+0000] {processor.py:208} INFO - Processing /home/vscode/.local/lib/python3.10/site-packages/airflow/example_dags/tutorial_taskflow_api_virtualenv.py took 0.052 seconds
[2025-01-19T04:02:48.165+0000] {processor.py:186} INFO - Started process (PID=23396) to work on /home/vscode/.local/lib/python3.10/site-packages/airflow/example_dags/tutorial_taskflow_api_virtualenv.py
[2025-01-19T04:02:48.166+0000] {processor.py:914} INFO - Processing file /home/vscode/.local/lib/python3.10/site-packages/airflow/example_dags/tutorial_taskflow_api_virtualenv.py for tasks to queue
[2025-01-19T04:02:48.167+0000] {logging_mixin.py:190} INFO - [2025-01-19T04:02:48.167+0000] {dagbag.py:588} INFO - Filling up the DagBag from /home/vscode/.local/lib/python3.10/site-packages/airflow/example_dags/tutorial_taskflow_api_virtualenv.py
[2025-01-19T04:02:48.177+0000] {processor.py:925} INFO - DAG(s) 'tutorial_taskflow_api_virtualenv' retrieved from /home/vscode/.local/lib/python3.10/site-packages/airflow/example_dags/tutorial_taskflow_api_virtualenv.py
[2025-01-19T04:02:48.190+0000] {logging_mixin.py:190} INFO - [2025-01-19T04:02:48.190+0000] {dag.py:3239} INFO - Sync 1 DAGs
[2025-01-19T04:02:48.200+0000] {logging_mixin.py:190} INFO - [2025-01-19T04:02:48.200+0000] {dag.py:4180} INFO - Setting next_dagrun for tutorial_taskflow_api_virtualenv to None, run_after=None
[2025-01-19T04:02:48.214+0000] {processor.py:208} INFO - Processing /home/vscode/.local/lib/python3.10/site-packages/airflow/example_dags/tutorial_taskflow_api_virtualenv.py took 0.053 seconds
