[2025-01-19T03:20:37.510+0000] {processor.py:186} INFO - Started process (PID=4929) to work on /home/vscode/.local/lib/python3.10/site-packages/airflow/example_dags/tutorial.py
[2025-01-19T03:20:37.511+0000] {processor.py:914} INFO - Processing file /home/vscode/.local/lib/python3.10/site-packages/airflow/example_dags/tutorial.py for tasks to queue
[2025-01-19T03:20:37.513+0000] {logging_mixin.py:190} INFO - [2025-01-19T03:20:37.512+0000] {dagbag.py:588} INFO - Filling up the DagBag from /home/vscode/.local/lib/python3.10/site-packages/airflow/example_dags/tutorial.py
[2025-01-19T03:20:37.519+0000] {processor.py:925} INFO - DAG(s) 'tutorial' retrieved from /home/vscode/.local/lib/python3.10/site-packages/airflow/example_dags/tutorial.py
[2025-01-19T03:20:37.602+0000] {logging_mixin.py:190} INFO - [2025-01-19T03:20:37.601+0000] {override.py:1911} INFO - Created Permission View: can read on DAG:tutorial
[2025-01-19T03:20:37.611+0000] {logging_mixin.py:190} INFO - [2025-01-19T03:20:37.611+0000] {override.py:1911} INFO - Created Permission View: can edit on DAG:tutorial
[2025-01-19T03:20:37.617+0000] {logging_mixin.py:190} INFO - [2025-01-19T03:20:37.617+0000] {override.py:1911} INFO - Created Permission View: can delete on DAG:tutorial
[2025-01-19T03:20:37.625+0000] {logging_mixin.py:190} INFO - [2025-01-19T03:20:37.625+0000] {override.py:1911} INFO - Created Permission View: menu access on DAG Run:tutorial
[2025-01-19T03:20:37.631+0000] {logging_mixin.py:190} INFO - [2025-01-19T03:20:37.631+0000] {override.py:1911} INFO - Created Permission View: can read on DAG Run:tutorial
[2025-01-19T03:20:37.638+0000] {logging_mixin.py:190} INFO - [2025-01-19T03:20:37.638+0000] {override.py:1911} INFO - Created Permission View: can create on DAG Run:tutorial
[2025-01-19T03:20:37.644+0000] {logging_mixin.py:190} INFO - [2025-01-19T03:20:37.644+0000] {override.py:1911} INFO - Created Permission View: can delete on DAG Run:tutorial
[2025-01-19T03:20:37.645+0000] {logging_mixin.py:190} INFO - [2025-01-19T03:20:37.644+0000] {dag.py:3239} INFO - Sync 1 DAGs
[2025-01-19T03:20:37.653+0000] {logging_mixin.py:190} INFO - [2025-01-19T03:20:37.653+0000] {dag.py:3262} INFO - Creating ORM DAG for tutorial
[2025-01-19T03:20:37.659+0000] {logging_mixin.py:190} INFO - [2025-01-19T03:20:37.659+0000] {dag.py:4180} INFO - Setting next_dagrun for tutorial to 2025-01-18 00:00:00+00:00, run_after=2025-01-19 00:00:00+00:00
[2025-01-19T03:20:37.674+0000] {processor.py:208} INFO - Processing /home/vscode/.local/lib/python3.10/site-packages/airflow/example_dags/tutorial.py took 0.168 seconds
[2025-01-19T03:21:39.726+0000] {processor.py:186} INFO - Started process (PID=5490) to work on /home/vscode/.local/lib/python3.10/site-packages/airflow/example_dags/tutorial.py
[2025-01-19T03:21:39.726+0000] {processor.py:914} INFO - Processing file /home/vscode/.local/lib/python3.10/site-packages/airflow/example_dags/tutorial.py for tasks to queue
[2025-01-19T03:21:39.728+0000] {logging_mixin.py:190} INFO - [2025-01-19T03:21:39.728+0000] {dagbag.py:588} INFO - Filling up the DagBag from /home/vscode/.local/lib/python3.10/site-packages/airflow/example_dags/tutorial.py
[2025-01-19T03:21:39.734+0000] {processor.py:925} INFO - DAG(s) 'tutorial' retrieved from /home/vscode/.local/lib/python3.10/site-packages/airflow/example_dags/tutorial.py
[2025-01-19T03:21:39.745+0000] {logging_mixin.py:190} INFO - [2025-01-19T03:21:39.745+0000] {dag.py:3239} INFO - Sync 1 DAGs
[2025-01-19T03:21:39.760+0000] {logging_mixin.py:190} INFO - [2025-01-19T03:21:39.760+0000] {dag.py:4180} INFO - Setting next_dagrun for tutorial to 2025-01-18 00:00:00+00:00, run_after=2025-01-19 00:00:00+00:00
[2025-01-19T03:21:39.774+0000] {processor.py:208} INFO - Processing /home/vscode/.local/lib/python3.10/site-packages/airflow/example_dags/tutorial.py took 0.053 seconds
[2025-01-19T03:22:33.528+0000] {processor.py:186} INFO - Started process (PID=5885) to work on /home/vscode/.local/lib/python3.10/site-packages/airflow/example_dags/tutorial.py
[2025-01-19T03:22:33.529+0000] {processor.py:914} INFO - Processing file /home/vscode/.local/lib/python3.10/site-packages/airflow/example_dags/tutorial.py for tasks to queue
[2025-01-19T03:22:33.531+0000] {logging_mixin.py:190} INFO - [2025-01-19T03:22:33.531+0000] {dagbag.py:588} INFO - Filling up the DagBag from /home/vscode/.local/lib/python3.10/site-packages/airflow/example_dags/tutorial.py
[2025-01-19T03:22:33.537+0000] {processor.py:925} INFO - DAG(s) 'tutorial' retrieved from /home/vscode/.local/lib/python3.10/site-packages/airflow/example_dags/tutorial.py
[2025-01-19T03:22:33.549+0000] {logging_mixin.py:190} INFO - [2025-01-19T03:22:33.549+0000] {dag.py:3239} INFO - Sync 1 DAGs
[2025-01-19T03:22:33.564+0000] {logging_mixin.py:190} INFO - [2025-01-19T03:22:33.564+0000] {dag.py:4180} INFO - Setting next_dagrun for tutorial to 2025-01-18 00:00:00+00:00, run_after=2025-01-19 00:00:00+00:00
[2025-01-19T03:22:33.579+0000] {processor.py:208} INFO - Processing /home/vscode/.local/lib/python3.10/site-packages/airflow/example_dags/tutorial.py took 0.055 seconds
[2025-01-19T03:23:20.524+0000] {processor.py:186} INFO - Started process (PID=6287) to work on /home/vscode/.local/lib/python3.10/site-packages/airflow/example_dags/tutorial.py
[2025-01-19T03:23:20.524+0000] {processor.py:914} INFO - Processing file /home/vscode/.local/lib/python3.10/site-packages/airflow/example_dags/tutorial.py for tasks to queue
[2025-01-19T03:23:20.526+0000] {logging_mixin.py:190} INFO - [2025-01-19T03:23:20.526+0000] {dagbag.py:588} INFO - Filling up the DagBag from /home/vscode/.local/lib/python3.10/site-packages/airflow/example_dags/tutorial.py
[2025-01-19T03:23:20.532+0000] {processor.py:925} INFO - DAG(s) 'tutorial' retrieved from /home/vscode/.local/lib/python3.10/site-packages/airflow/example_dags/tutorial.py
[2025-01-19T03:23:20.544+0000] {logging_mixin.py:190} INFO - [2025-01-19T03:23:20.544+0000] {dag.py:3239} INFO - Sync 1 DAGs
[2025-01-19T03:23:20.559+0000] {logging_mixin.py:190} INFO - [2025-01-19T03:23:20.559+0000] {dag.py:4180} INFO - Setting next_dagrun for tutorial to 2025-01-18 00:00:00+00:00, run_after=2025-01-19 00:00:00+00:00
[2025-01-19T03:23:20.573+0000] {processor.py:208} INFO - Processing /home/vscode/.local/lib/python3.10/site-packages/airflow/example_dags/tutorial.py took 0.054 seconds
[2025-01-19T03:24:13.004+0000] {processor.py:186} INFO - Started process (PID=6695) to work on /home/vscode/.local/lib/python3.10/site-packages/airflow/example_dags/tutorial.py
[2025-01-19T03:24:13.005+0000] {processor.py:914} INFO - Processing file /home/vscode/.local/lib/python3.10/site-packages/airflow/example_dags/tutorial.py for tasks to queue
[2025-01-19T03:24:13.006+0000] {logging_mixin.py:190} INFO - [2025-01-19T03:24:13.006+0000] {dagbag.py:588} INFO - Filling up the DagBag from /home/vscode/.local/lib/python3.10/site-packages/airflow/example_dags/tutorial.py
[2025-01-19T03:24:13.012+0000] {processor.py:925} INFO - DAG(s) 'tutorial' retrieved from /home/vscode/.local/lib/python3.10/site-packages/airflow/example_dags/tutorial.py
[2025-01-19T03:24:13.024+0000] {logging_mixin.py:190} INFO - [2025-01-19T03:24:13.024+0000] {dag.py:3239} INFO - Sync 1 DAGs
[2025-01-19T03:24:13.039+0000] {logging_mixin.py:190} INFO - [2025-01-19T03:24:13.038+0000] {dag.py:4180} INFO - Setting next_dagrun for tutorial to 2025-01-18 00:00:00+00:00, run_after=2025-01-19 00:00:00+00:00
[2025-01-19T03:24:13.053+0000] {processor.py:208} INFO - Processing /home/vscode/.local/lib/python3.10/site-packages/airflow/example_dags/tutorial.py took 0.053 seconds
[2025-01-19T03:25:05.433+0000] {processor.py:186} INFO - Started process (PID=7104) to work on /home/vscode/.local/lib/python3.10/site-packages/airflow/example_dags/tutorial.py
[2025-01-19T03:25:05.434+0000] {processor.py:914} INFO - Processing file /home/vscode/.local/lib/python3.10/site-packages/airflow/example_dags/tutorial.py for tasks to queue
[2025-01-19T03:25:05.436+0000] {logging_mixin.py:190} INFO - [2025-01-19T03:25:05.435+0000] {dagbag.py:588} INFO - Filling up the DagBag from /home/vscode/.local/lib/python3.10/site-packages/airflow/example_dags/tutorial.py
[2025-01-19T03:25:05.442+0000] {processor.py:925} INFO - DAG(s) 'tutorial' retrieved from /home/vscode/.local/lib/python3.10/site-packages/airflow/example_dags/tutorial.py
[2025-01-19T03:25:05.453+0000] {logging_mixin.py:190} INFO - [2025-01-19T03:25:05.453+0000] {dag.py:3239} INFO - Sync 1 DAGs
[2025-01-19T03:25:05.467+0000] {logging_mixin.py:190} INFO - [2025-01-19T03:25:05.467+0000] {dag.py:4180} INFO - Setting next_dagrun for tutorial to 2025-01-18 00:00:00+00:00, run_after=2025-01-19 00:00:00+00:00
[2025-01-19T03:25:05.482+0000] {processor.py:208} INFO - Processing /home/vscode/.local/lib/python3.10/site-packages/airflow/example_dags/tutorial.py took 0.053 seconds
[2025-01-19T03:25:54.590+0000] {processor.py:186} INFO - Started process (PID=7505) to work on /home/vscode/.local/lib/python3.10/site-packages/airflow/example_dags/tutorial.py
[2025-01-19T03:25:54.591+0000] {processor.py:914} INFO - Processing file /home/vscode/.local/lib/python3.10/site-packages/airflow/example_dags/tutorial.py for tasks to queue
[2025-01-19T03:25:54.592+0000] {logging_mixin.py:190} INFO - [2025-01-19T03:25:54.592+0000] {dagbag.py:588} INFO - Filling up the DagBag from /home/vscode/.local/lib/python3.10/site-packages/airflow/example_dags/tutorial.py
[2025-01-19T03:25:54.599+0000] {processor.py:925} INFO - DAG(s) 'tutorial' retrieved from /home/vscode/.local/lib/python3.10/site-packages/airflow/example_dags/tutorial.py
[2025-01-19T03:25:54.610+0000] {logging_mixin.py:190} INFO - [2025-01-19T03:25:54.610+0000] {dag.py:3239} INFO - Sync 1 DAGs
[2025-01-19T03:25:54.624+0000] {logging_mixin.py:190} INFO - [2025-01-19T03:25:54.624+0000] {dag.py:4180} INFO - Setting next_dagrun for tutorial to 2025-01-18 00:00:00+00:00, run_after=2025-01-19 00:00:00+00:00
[2025-01-19T03:25:54.638+0000] {processor.py:208} INFO - Processing /home/vscode/.local/lib/python3.10/site-packages/airflow/example_dags/tutorial.py took 0.052 seconds
[2025-01-19T03:26:48.375+0000] {processor.py:186} INFO - Started process (PID=7916) to work on /home/vscode/.local/lib/python3.10/site-packages/airflow/example_dags/tutorial.py
[2025-01-19T03:26:48.375+0000] {processor.py:914} INFO - Processing file /home/vscode/.local/lib/python3.10/site-packages/airflow/example_dags/tutorial.py for tasks to queue
[2025-01-19T03:26:48.377+0000] {logging_mixin.py:190} INFO - [2025-01-19T03:26:48.377+0000] {dagbag.py:588} INFO - Filling up the DagBag from /home/vscode/.local/lib/python3.10/site-packages/airflow/example_dags/tutorial.py
[2025-01-19T03:26:48.383+0000] {processor.py:925} INFO - DAG(s) 'tutorial' retrieved from /home/vscode/.local/lib/python3.10/site-packages/airflow/example_dags/tutorial.py
[2025-01-19T03:26:48.394+0000] {logging_mixin.py:190} INFO - [2025-01-19T03:26:48.394+0000] {dag.py:3239} INFO - Sync 1 DAGs
[2025-01-19T03:26:48.409+0000] {logging_mixin.py:190} INFO - [2025-01-19T03:26:48.409+0000] {dag.py:4180} INFO - Setting next_dagrun for tutorial to 2025-01-18 00:00:00+00:00, run_after=2025-01-19 00:00:00+00:00
[2025-01-19T03:26:48.423+0000] {processor.py:208} INFO - Processing /home/vscode/.local/lib/python3.10/site-packages/airflow/example_dags/tutorial.py took 0.053 seconds
[2025-01-19T03:27:41.225+0000] {processor.py:186} INFO - Started process (PID=8300) to work on /home/vscode/.local/lib/python3.10/site-packages/airflow/example_dags/tutorial.py
[2025-01-19T03:27:41.226+0000] {processor.py:914} INFO - Processing file /home/vscode/.local/lib/python3.10/site-packages/airflow/example_dags/tutorial.py for tasks to queue
[2025-01-19T03:27:41.228+0000] {logging_mixin.py:190} INFO - [2025-01-19T03:27:41.227+0000] {dagbag.py:588} INFO - Filling up the DagBag from /home/vscode/.local/lib/python3.10/site-packages/airflow/example_dags/tutorial.py
[2025-01-19T03:27:41.234+0000] {processor.py:925} INFO - DAG(s) 'tutorial' retrieved from /home/vscode/.local/lib/python3.10/site-packages/airflow/example_dags/tutorial.py
[2025-01-19T03:27:41.249+0000] {logging_mixin.py:190} INFO - [2025-01-19T03:27:41.248+0000] {dag.py:3239} INFO - Sync 1 DAGs
[2025-01-19T03:27:41.265+0000] {logging_mixin.py:190} INFO - [2025-01-19T03:27:41.264+0000] {dag.py:4180} INFO - Setting next_dagrun for tutorial to 2025-01-18 00:00:00+00:00, run_after=2025-01-19 00:00:00+00:00
[2025-01-19T03:27:41.279+0000] {processor.py:208} INFO - Processing /home/vscode/.local/lib/python3.10/site-packages/airflow/example_dags/tutorial.py took 0.058 seconds
[2025-01-19T03:28:34.757+0000] {processor.py:186} INFO - Started process (PID=8809) to work on /home/vscode/.local/lib/python3.10/site-packages/airflow/example_dags/tutorial.py
[2025-01-19T03:28:34.758+0000] {processor.py:914} INFO - Processing file /home/vscode/.local/lib/python3.10/site-packages/airflow/example_dags/tutorial.py for tasks to queue
[2025-01-19T03:28:34.760+0000] {logging_mixin.py:190} INFO - [2025-01-19T03:28:34.759+0000] {dagbag.py:588} INFO - Filling up the DagBag from /home/vscode/.local/lib/python3.10/site-packages/airflow/example_dags/tutorial.py
[2025-01-19T03:28:34.766+0000] {processor.py:925} INFO - DAG(s) 'tutorial' retrieved from /home/vscode/.local/lib/python3.10/site-packages/airflow/example_dags/tutorial.py
[2025-01-19T03:28:34.777+0000] {logging_mixin.py:190} INFO - [2025-01-19T03:28:34.777+0000] {dag.py:3239} INFO - Sync 1 DAGs
[2025-01-19T03:28:34.792+0000] {logging_mixin.py:190} INFO - [2025-01-19T03:28:34.792+0000] {dag.py:4180} INFO - Setting next_dagrun for tutorial to 2025-01-18 00:00:00+00:00, run_after=2025-01-19 00:00:00+00:00
[2025-01-19T03:28:34.807+0000] {processor.py:208} INFO - Processing /home/vscode/.local/lib/python3.10/site-packages/airflow/example_dags/tutorial.py took 0.055 seconds
[2025-01-19T03:29:26.863+0000] {processor.py:186} INFO - Started process (PID=9198) to work on /home/vscode/.local/lib/python3.10/site-packages/airflow/example_dags/tutorial.py
[2025-01-19T03:29:26.863+0000] {processor.py:914} INFO - Processing file /home/vscode/.local/lib/python3.10/site-packages/airflow/example_dags/tutorial.py for tasks to queue
[2025-01-19T03:29:26.865+0000] {logging_mixin.py:190} INFO - [2025-01-19T03:29:26.865+0000] {dagbag.py:588} INFO - Filling up the DagBag from /home/vscode/.local/lib/python3.10/site-packages/airflow/example_dags/tutorial.py
[2025-01-19T03:29:26.871+0000] {processor.py:925} INFO - DAG(s) 'tutorial' retrieved from /home/vscode/.local/lib/python3.10/site-packages/airflow/example_dags/tutorial.py
[2025-01-19T03:29:26.882+0000] {logging_mixin.py:190} INFO - [2025-01-19T03:29:26.882+0000] {dag.py:3239} INFO - Sync 1 DAGs
[2025-01-19T03:29:26.898+0000] {logging_mixin.py:190} INFO - [2025-01-19T03:29:26.898+0000] {dag.py:4180} INFO - Setting next_dagrun for tutorial to 2025-01-18 00:00:00+00:00, run_after=2025-01-19 00:00:00+00:00
[2025-01-19T03:29:26.913+0000] {processor.py:208} INFO - Processing /home/vscode/.local/lib/python3.10/site-packages/airflow/example_dags/tutorial.py took 0.055 seconds
[2025-01-19T03:30:18.088+0000] {processor.py:186} INFO - Started process (PID=9547) to work on /home/vscode/.local/lib/python3.10/site-packages/airflow/example_dags/tutorial.py
[2025-01-19T03:30:18.089+0000] {processor.py:914} INFO - Processing file /home/vscode/.local/lib/python3.10/site-packages/airflow/example_dags/tutorial.py for tasks to queue
[2025-01-19T03:30:18.091+0000] {logging_mixin.py:190} INFO - [2025-01-19T03:30:18.090+0000] {dagbag.py:588} INFO - Filling up the DagBag from /home/vscode/.local/lib/python3.10/site-packages/airflow/example_dags/tutorial.py
[2025-01-19T03:30:18.097+0000] {processor.py:925} INFO - DAG(s) 'tutorial' retrieved from /home/vscode/.local/lib/python3.10/site-packages/airflow/example_dags/tutorial.py
[2025-01-19T03:30:18.108+0000] {logging_mixin.py:190} INFO - [2025-01-19T03:30:18.108+0000] {dag.py:3239} INFO - Sync 1 DAGs
[2025-01-19T03:30:18.122+0000] {logging_mixin.py:190} INFO - [2025-01-19T03:30:18.122+0000] {dag.py:4180} INFO - Setting next_dagrun for tutorial to 2025-01-18 00:00:00+00:00, run_after=2025-01-19 00:00:00+00:00
[2025-01-19T03:30:18.137+0000] {processor.py:208} INFO - Processing /home/vscode/.local/lib/python3.10/site-packages/airflow/example_dags/tutorial.py took 0.053 seconds
[2025-01-19T03:31:03.212+0000] {processor.py:186} INFO - Started process (PID=9848) to work on /home/vscode/.local/lib/python3.10/site-packages/airflow/example_dags/tutorial.py
[2025-01-19T03:31:03.213+0000] {processor.py:914} INFO - Processing file /home/vscode/.local/lib/python3.10/site-packages/airflow/example_dags/tutorial.py for tasks to queue
[2025-01-19T03:31:03.215+0000] {logging_mixin.py:190} INFO - [2025-01-19T03:31:03.214+0000] {dagbag.py:588} INFO - Filling up the DagBag from /home/vscode/.local/lib/python3.10/site-packages/airflow/example_dags/tutorial.py
[2025-01-19T03:31:03.221+0000] {processor.py:925} INFO - DAG(s) 'tutorial' retrieved from /home/vscode/.local/lib/python3.10/site-packages/airflow/example_dags/tutorial.py
[2025-01-19T03:31:03.232+0000] {logging_mixin.py:190} INFO - [2025-01-19T03:31:03.232+0000] {dag.py:3239} INFO - Sync 1 DAGs
[2025-01-19T03:31:03.247+0000] {logging_mixin.py:190} INFO - [2025-01-19T03:31:03.247+0000] {dag.py:4180} INFO - Setting next_dagrun for tutorial to 2025-01-18 00:00:00+00:00, run_after=2025-01-19 00:00:00+00:00
[2025-01-19T03:31:03.261+0000] {processor.py:208} INFO - Processing /home/vscode/.local/lib/python3.10/site-packages/airflow/example_dags/tutorial.py took 0.053 seconds
[2025-01-19T03:31:53.164+0000] {processor.py:186} INFO - Started process (PID=10187) to work on /home/vscode/.local/lib/python3.10/site-packages/airflow/example_dags/tutorial.py
[2025-01-19T03:31:53.165+0000] {processor.py:914} INFO - Processing file /home/vscode/.local/lib/python3.10/site-packages/airflow/example_dags/tutorial.py for tasks to queue
[2025-01-19T03:31:53.166+0000] {logging_mixin.py:190} INFO - [2025-01-19T03:31:53.166+0000] {dagbag.py:588} INFO - Filling up the DagBag from /home/vscode/.local/lib/python3.10/site-packages/airflow/example_dags/tutorial.py
[2025-01-19T03:31:53.172+0000] {processor.py:925} INFO - DAG(s) 'tutorial' retrieved from /home/vscode/.local/lib/python3.10/site-packages/airflow/example_dags/tutorial.py
[2025-01-19T03:31:53.184+0000] {logging_mixin.py:190} INFO - [2025-01-19T03:31:53.183+0000] {dag.py:3239} INFO - Sync 1 DAGs
[2025-01-19T03:31:53.198+0000] {logging_mixin.py:190} INFO - [2025-01-19T03:31:53.198+0000] {dag.py:4180} INFO - Setting next_dagrun for tutorial to 2025-01-18 00:00:00+00:00, run_after=2025-01-19 00:00:00+00:00
[2025-01-19T03:31:53.212+0000] {processor.py:208} INFO - Processing /home/vscode/.local/lib/python3.10/site-packages/airflow/example_dags/tutorial.py took 0.053 seconds
[2025-01-19T03:32:42.716+0000] {processor.py:186} INFO - Started process (PID=10657) to work on /home/vscode/.local/lib/python3.10/site-packages/airflow/example_dags/tutorial.py
[2025-01-19T03:32:42.717+0000] {processor.py:914} INFO - Processing file /home/vscode/.local/lib/python3.10/site-packages/airflow/example_dags/tutorial.py for tasks to queue
[2025-01-19T03:32:42.719+0000] {logging_mixin.py:190} INFO - [2025-01-19T03:32:42.718+0000] {dagbag.py:588} INFO - Filling up the DagBag from /home/vscode/.local/lib/python3.10/site-packages/airflow/example_dags/tutorial.py
[2025-01-19T03:32:42.725+0000] {processor.py:925} INFO - DAG(s) 'tutorial' retrieved from /home/vscode/.local/lib/python3.10/site-packages/airflow/example_dags/tutorial.py
[2025-01-19T03:32:42.736+0000] {logging_mixin.py:190} INFO - [2025-01-19T03:32:42.736+0000] {dag.py:3239} INFO - Sync 1 DAGs
[2025-01-19T03:32:42.750+0000] {logging_mixin.py:190} INFO - [2025-01-19T03:32:42.750+0000] {dag.py:4180} INFO - Setting next_dagrun for tutorial to 2025-01-18 00:00:00+00:00, run_after=2025-01-19 00:00:00+00:00
[2025-01-19T03:32:42.763+0000] {processor.py:208} INFO - Processing /home/vscode/.local/lib/python3.10/site-packages/airflow/example_dags/tutorial.py took 0.051 seconds
[2025-01-19T03:33:35.341+0000] {processor.py:186} INFO - Started process (PID=11023) to work on /home/vscode/.local/lib/python3.10/site-packages/airflow/example_dags/tutorial.py
[2025-01-19T03:33:35.342+0000] {processor.py:914} INFO - Processing file /home/vscode/.local/lib/python3.10/site-packages/airflow/example_dags/tutorial.py for tasks to queue
[2025-01-19T03:33:35.344+0000] {logging_mixin.py:190} INFO - [2025-01-19T03:33:35.343+0000] {dagbag.py:588} INFO - Filling up the DagBag from /home/vscode/.local/lib/python3.10/site-packages/airflow/example_dags/tutorial.py
[2025-01-19T03:33:35.350+0000] {processor.py:925} INFO - DAG(s) 'tutorial' retrieved from /home/vscode/.local/lib/python3.10/site-packages/airflow/example_dags/tutorial.py
[2025-01-19T03:33:35.361+0000] {logging_mixin.py:190} INFO - [2025-01-19T03:33:35.361+0000] {dag.py:3239} INFO - Sync 1 DAGs
[2025-01-19T03:33:35.375+0000] {logging_mixin.py:190} INFO - [2025-01-19T03:33:35.375+0000] {dag.py:4180} INFO - Setting next_dagrun for tutorial to 2025-01-18 00:00:00+00:00, run_after=2025-01-19 00:00:00+00:00
[2025-01-19T03:33:35.390+0000] {processor.py:208} INFO - Processing /home/vscode/.local/lib/python3.10/site-packages/airflow/example_dags/tutorial.py took 0.053 seconds
[2025-01-19T03:34:25.217+0000] {processor.py:186} INFO - Started process (PID=11356) to work on /home/vscode/.local/lib/python3.10/site-packages/airflow/example_dags/tutorial.py
[2025-01-19T03:34:25.218+0000] {processor.py:914} INFO - Processing file /home/vscode/.local/lib/python3.10/site-packages/airflow/example_dags/tutorial.py for tasks to queue
[2025-01-19T03:34:25.220+0000] {logging_mixin.py:190} INFO - [2025-01-19T03:34:25.219+0000] {dagbag.py:588} INFO - Filling up the DagBag from /home/vscode/.local/lib/python3.10/site-packages/airflow/example_dags/tutorial.py
[2025-01-19T03:34:25.226+0000] {processor.py:925} INFO - DAG(s) 'tutorial' retrieved from /home/vscode/.local/lib/python3.10/site-packages/airflow/example_dags/tutorial.py
[2025-01-19T03:34:25.237+0000] {logging_mixin.py:190} INFO - [2025-01-19T03:34:25.237+0000] {dag.py:3239} INFO - Sync 1 DAGs
[2025-01-19T03:34:25.252+0000] {logging_mixin.py:190} INFO - [2025-01-19T03:34:25.252+0000] {dag.py:4180} INFO - Setting next_dagrun for tutorial to 2025-01-18 00:00:00+00:00, run_after=2025-01-19 00:00:00+00:00
[2025-01-19T03:34:25.267+0000] {processor.py:208} INFO - Processing /home/vscode/.local/lib/python3.10/site-packages/airflow/example_dags/tutorial.py took 0.054 seconds
[2025-01-19T03:35:13.989+0000] {processor.py:186} INFO - Started process (PID=11774) to work on /home/vscode/.local/lib/python3.10/site-packages/airflow/example_dags/tutorial.py
[2025-01-19T03:35:13.990+0000] {processor.py:914} INFO - Processing file /home/vscode/.local/lib/python3.10/site-packages/airflow/example_dags/tutorial.py for tasks to queue
[2025-01-19T03:35:13.991+0000] {logging_mixin.py:190} INFO - [2025-01-19T03:35:13.991+0000] {dagbag.py:588} INFO - Filling up the DagBag from /home/vscode/.local/lib/python3.10/site-packages/airflow/example_dags/tutorial.py
[2025-01-19T03:35:13.998+0000] {processor.py:925} INFO - DAG(s) 'tutorial' retrieved from /home/vscode/.local/lib/python3.10/site-packages/airflow/example_dags/tutorial.py
[2025-01-19T03:35:14.009+0000] {logging_mixin.py:190} INFO - [2025-01-19T03:35:14.009+0000] {dag.py:3239} INFO - Sync 1 DAGs
[2025-01-19T03:35:14.023+0000] {logging_mixin.py:190} INFO - [2025-01-19T03:35:14.023+0000] {dag.py:4180} INFO - Setting next_dagrun for tutorial to 2025-01-18 00:00:00+00:00, run_after=2025-01-19 00:00:00+00:00
[2025-01-19T03:35:14.037+0000] {processor.py:208} INFO - Processing /home/vscode/.local/lib/python3.10/site-packages/airflow/example_dags/tutorial.py took 0.052 seconds
[2025-01-19T03:36:04.850+0000] {processor.py:186} INFO - Started process (PID=12175) to work on /home/vscode/.local/lib/python3.10/site-packages/airflow/example_dags/tutorial.py
[2025-01-19T03:36:04.851+0000] {processor.py:914} INFO - Processing file /home/vscode/.local/lib/python3.10/site-packages/airflow/example_dags/tutorial.py for tasks to queue
[2025-01-19T03:36:04.853+0000] {logging_mixin.py:190} INFO - [2025-01-19T03:36:04.853+0000] {dagbag.py:588} INFO - Filling up the DagBag from /home/vscode/.local/lib/python3.10/site-packages/airflow/example_dags/tutorial.py
[2025-01-19T03:36:04.860+0000] {processor.py:925} INFO - DAG(s) 'tutorial' retrieved from /home/vscode/.local/lib/python3.10/site-packages/airflow/example_dags/tutorial.py
[2025-01-19T03:36:04.871+0000] {logging_mixin.py:190} INFO - [2025-01-19T03:36:04.871+0000] {dag.py:3239} INFO - Sync 1 DAGs
[2025-01-19T03:36:04.889+0000] {logging_mixin.py:190} INFO - [2025-01-19T03:36:04.889+0000] {dag.py:4180} INFO - Setting next_dagrun for tutorial to 2025-01-18 00:00:00+00:00, run_after=2025-01-19 00:00:00+00:00
[2025-01-19T03:36:04.904+0000] {processor.py:208} INFO - Processing /home/vscode/.local/lib/python3.10/site-packages/airflow/example_dags/tutorial.py took 0.059 seconds
[2025-01-19T03:36:53.814+0000] {processor.py:186} INFO - Started process (PID=12505) to work on /home/vscode/.local/lib/python3.10/site-packages/airflow/example_dags/tutorial.py
[2025-01-19T03:36:53.814+0000] {processor.py:914} INFO - Processing file /home/vscode/.local/lib/python3.10/site-packages/airflow/example_dags/tutorial.py for tasks to queue
[2025-01-19T03:36:53.816+0000] {logging_mixin.py:190} INFO - [2025-01-19T03:36:53.816+0000] {dagbag.py:588} INFO - Filling up the DagBag from /home/vscode/.local/lib/python3.10/site-packages/airflow/example_dags/tutorial.py
[2025-01-19T03:36:53.822+0000] {processor.py:925} INFO - DAG(s) 'tutorial' retrieved from /home/vscode/.local/lib/python3.10/site-packages/airflow/example_dags/tutorial.py
[2025-01-19T03:36:53.833+0000] {logging_mixin.py:190} INFO - [2025-01-19T03:36:53.833+0000] {dag.py:3239} INFO - Sync 1 DAGs
[2025-01-19T03:36:53.860+0000] {logging_mixin.py:190} INFO - [2025-01-19T03:36:53.860+0000] {dag.py:4180} INFO - Setting next_dagrun for tutorial to 2025-01-18 00:00:00+00:00, run_after=2025-01-19 00:00:00+00:00
[2025-01-19T03:36:53.880+0000] {processor.py:208} INFO - Processing /home/vscode/.local/lib/python3.10/site-packages/airflow/example_dags/tutorial.py took 0.071 seconds
[2025-01-19T03:37:45.690+0000] {processor.py:186} INFO - Started process (PID=12856) to work on /home/vscode/.local/lib/python3.10/site-packages/airflow/example_dags/tutorial.py
[2025-01-19T03:37:45.691+0000] {processor.py:914} INFO - Processing file /home/vscode/.local/lib/python3.10/site-packages/airflow/example_dags/tutorial.py for tasks to queue
[2025-01-19T03:37:45.693+0000] {logging_mixin.py:190} INFO - [2025-01-19T03:37:45.692+0000] {dagbag.py:588} INFO - Filling up the DagBag from /home/vscode/.local/lib/python3.10/site-packages/airflow/example_dags/tutorial.py
[2025-01-19T03:37:45.699+0000] {processor.py:925} INFO - DAG(s) 'tutorial' retrieved from /home/vscode/.local/lib/python3.10/site-packages/airflow/example_dags/tutorial.py
[2025-01-19T03:37:45.711+0000] {logging_mixin.py:190} INFO - [2025-01-19T03:37:45.710+0000] {dag.py:3239} INFO - Sync 1 DAGs
[2025-01-19T03:37:45.725+0000] {logging_mixin.py:190} INFO - [2025-01-19T03:37:45.725+0000] {dag.py:4180} INFO - Setting next_dagrun for tutorial to 2025-01-18 00:00:00+00:00, run_after=2025-01-19 00:00:00+00:00
[2025-01-19T03:37:45.739+0000] {processor.py:208} INFO - Processing /home/vscode/.local/lib/python3.10/site-packages/airflow/example_dags/tutorial.py took 0.053 seconds
[2025-01-19T03:38:34.490+0000] {processor.py:186} INFO - Started process (PID=13186) to work on /home/vscode/.local/lib/python3.10/site-packages/airflow/example_dags/tutorial.py
[2025-01-19T03:38:34.491+0000] {processor.py:914} INFO - Processing file /home/vscode/.local/lib/python3.10/site-packages/airflow/example_dags/tutorial.py for tasks to queue
[2025-01-19T03:38:34.492+0000] {logging_mixin.py:190} INFO - [2025-01-19T03:38:34.492+0000] {dagbag.py:588} INFO - Filling up the DagBag from /home/vscode/.local/lib/python3.10/site-packages/airflow/example_dags/tutorial.py
[2025-01-19T03:38:34.499+0000] {processor.py:925} INFO - DAG(s) 'tutorial' retrieved from /home/vscode/.local/lib/python3.10/site-packages/airflow/example_dags/tutorial.py
[2025-01-19T03:38:34.511+0000] {logging_mixin.py:190} INFO - [2025-01-19T03:38:34.511+0000] {dag.py:3239} INFO - Sync 1 DAGs
[2025-01-19T03:38:34.531+0000] {logging_mixin.py:190} INFO - [2025-01-19T03:38:34.531+0000] {dag.py:4180} INFO - Setting next_dagrun for tutorial to 2025-01-18 00:00:00+00:00, run_after=2025-01-19 00:00:00+00:00
[2025-01-19T03:38:34.553+0000] {processor.py:208} INFO - Processing /home/vscode/.local/lib/python3.10/site-packages/airflow/example_dags/tutorial.py took 0.067 seconds
[2025-01-19T03:39:23.894+0000] {processor.py:186} INFO - Started process (PID=13521) to work on /home/vscode/.local/lib/python3.10/site-packages/airflow/example_dags/tutorial.py
[2025-01-19T03:39:23.895+0000] {processor.py:914} INFO - Processing file /home/vscode/.local/lib/python3.10/site-packages/airflow/example_dags/tutorial.py for tasks to queue
[2025-01-19T03:39:23.896+0000] {logging_mixin.py:190} INFO - [2025-01-19T03:39:23.896+0000] {dagbag.py:588} INFO - Filling up the DagBag from /home/vscode/.local/lib/python3.10/site-packages/airflow/example_dags/tutorial.py
[2025-01-19T03:39:23.902+0000] {processor.py:925} INFO - DAG(s) 'tutorial' retrieved from /home/vscode/.local/lib/python3.10/site-packages/airflow/example_dags/tutorial.py
[2025-01-19T03:39:23.914+0000] {logging_mixin.py:190} INFO - [2025-01-19T03:39:23.913+0000] {dag.py:3239} INFO - Sync 1 DAGs
[2025-01-19T03:39:23.929+0000] {logging_mixin.py:190} INFO - [2025-01-19T03:39:23.928+0000] {dag.py:4180} INFO - Setting next_dagrun for tutorial to 2025-01-18 00:00:00+00:00, run_after=2025-01-19 00:00:00+00:00
[2025-01-19T03:39:23.943+0000] {processor.py:208} INFO - Processing /home/vscode/.local/lib/python3.10/site-packages/airflow/example_dags/tutorial.py took 0.053 seconds
[2025-01-19T03:40:15.871+0000] {processor.py:186} INFO - Started process (PID=13873) to work on /home/vscode/.local/lib/python3.10/site-packages/airflow/example_dags/tutorial.py
[2025-01-19T03:40:15.872+0000] {processor.py:914} INFO - Processing file /home/vscode/.local/lib/python3.10/site-packages/airflow/example_dags/tutorial.py for tasks to queue
[2025-01-19T03:40:15.873+0000] {logging_mixin.py:190} INFO - [2025-01-19T03:40:15.873+0000] {dagbag.py:588} INFO - Filling up the DagBag from /home/vscode/.local/lib/python3.10/site-packages/airflow/example_dags/tutorial.py
[2025-01-19T03:40:15.879+0000] {processor.py:925} INFO - DAG(s) 'tutorial' retrieved from /home/vscode/.local/lib/python3.10/site-packages/airflow/example_dags/tutorial.py
[2025-01-19T03:40:15.891+0000] {logging_mixin.py:190} INFO - [2025-01-19T03:40:15.890+0000] {dag.py:3239} INFO - Sync 1 DAGs
[2025-01-19T03:40:15.905+0000] {logging_mixin.py:190} INFO - [2025-01-19T03:40:15.905+0000] {dag.py:4180} INFO - Setting next_dagrun for tutorial to 2025-01-18 00:00:00+00:00, run_after=2025-01-19 00:00:00+00:00
[2025-01-19T03:40:15.920+0000] {processor.py:208} INFO - Processing /home/vscode/.local/lib/python3.10/site-packages/airflow/example_dags/tutorial.py took 0.054 seconds
[2025-01-19T03:41:05.561+0000] {processor.py:186} INFO - Started process (PID=14208) to work on /home/vscode/.local/lib/python3.10/site-packages/airflow/example_dags/tutorial.py
[2025-01-19T03:41:05.562+0000] {processor.py:914} INFO - Processing file /home/vscode/.local/lib/python3.10/site-packages/airflow/example_dags/tutorial.py for tasks to queue
[2025-01-19T03:41:05.563+0000] {logging_mixin.py:190} INFO - [2025-01-19T03:41:05.563+0000] {dagbag.py:588} INFO - Filling up the DagBag from /home/vscode/.local/lib/python3.10/site-packages/airflow/example_dags/tutorial.py
[2025-01-19T03:41:05.569+0000] {processor.py:925} INFO - DAG(s) 'tutorial' retrieved from /home/vscode/.local/lib/python3.10/site-packages/airflow/example_dags/tutorial.py
[2025-01-19T03:41:05.580+0000] {logging_mixin.py:190} INFO - [2025-01-19T03:41:05.580+0000] {dag.py:3239} INFO - Sync 1 DAGs
[2025-01-19T03:41:05.595+0000] {logging_mixin.py:190} INFO - [2025-01-19T03:41:05.595+0000] {dag.py:4180} INFO - Setting next_dagrun for tutorial to 2025-01-18 00:00:00+00:00, run_after=2025-01-19 00:00:00+00:00
[2025-01-19T03:41:05.611+0000] {processor.py:208} INFO - Processing /home/vscode/.local/lib/python3.10/site-packages/airflow/example_dags/tutorial.py took 0.055 seconds
[2025-01-19T03:41:57.950+0000] {processor.py:186} INFO - Started process (PID=14562) to work on /home/vscode/.local/lib/python3.10/site-packages/airflow/example_dags/tutorial.py
[2025-01-19T03:41:57.951+0000] {processor.py:914} INFO - Processing file /home/vscode/.local/lib/python3.10/site-packages/airflow/example_dags/tutorial.py for tasks to queue
[2025-01-19T03:41:57.952+0000] {logging_mixin.py:190} INFO - [2025-01-19T03:41:57.952+0000] {dagbag.py:588} INFO - Filling up the DagBag from /home/vscode/.local/lib/python3.10/site-packages/airflow/example_dags/tutorial.py
[2025-01-19T03:41:57.959+0000] {processor.py:925} INFO - DAG(s) 'tutorial' retrieved from /home/vscode/.local/lib/python3.10/site-packages/airflow/example_dags/tutorial.py
[2025-01-19T03:41:57.971+0000] {logging_mixin.py:190} INFO - [2025-01-19T03:41:57.971+0000] {dag.py:3239} INFO - Sync 1 DAGs
[2025-01-19T03:41:57.986+0000] {logging_mixin.py:190} INFO - [2025-01-19T03:41:57.986+0000] {dag.py:4180} INFO - Setting next_dagrun for tutorial to 2025-01-18 00:00:00+00:00, run_after=2025-01-19 00:00:00+00:00
[2025-01-19T03:41:58.003+0000] {processor.py:208} INFO - Processing /home/vscode/.local/lib/python3.10/site-packages/airflow/example_dags/tutorial.py took 0.058 seconds
[2025-01-19T03:42:48.258+0000] {processor.py:186} INFO - Started process (PID=14903) to work on /home/vscode/.local/lib/python3.10/site-packages/airflow/example_dags/tutorial.py
[2025-01-19T03:42:48.259+0000] {processor.py:914} INFO - Processing file /home/vscode/.local/lib/python3.10/site-packages/airflow/example_dags/tutorial.py for tasks to queue
[2025-01-19T03:42:48.261+0000] {logging_mixin.py:190} INFO - [2025-01-19T03:42:48.261+0000] {dagbag.py:588} INFO - Filling up the DagBag from /home/vscode/.local/lib/python3.10/site-packages/airflow/example_dags/tutorial.py
[2025-01-19T03:42:48.267+0000] {processor.py:925} INFO - DAG(s) 'tutorial' retrieved from /home/vscode/.local/lib/python3.10/site-packages/airflow/example_dags/tutorial.py
[2025-01-19T03:42:48.278+0000] {logging_mixin.py:190} INFO - [2025-01-19T03:42:48.278+0000] {dag.py:3239} INFO - Sync 1 DAGs
[2025-01-19T03:42:48.292+0000] {logging_mixin.py:190} INFO - [2025-01-19T03:42:48.292+0000] {dag.py:4180} INFO - Setting next_dagrun for tutorial to 2025-01-18 00:00:00+00:00, run_after=2025-01-19 00:00:00+00:00
[2025-01-19T03:42:48.306+0000] {processor.py:208} INFO - Processing /home/vscode/.local/lib/python3.10/site-packages/airflow/example_dags/tutorial.py took 0.053 seconds
[2025-01-19T03:43:38.537+0000] {processor.py:186} INFO - Started process (PID=15238) to work on /home/vscode/.local/lib/python3.10/site-packages/airflow/example_dags/tutorial.py
[2025-01-19T03:43:38.538+0000] {processor.py:914} INFO - Processing file /home/vscode/.local/lib/python3.10/site-packages/airflow/example_dags/tutorial.py for tasks to queue
[2025-01-19T03:43:38.540+0000] {logging_mixin.py:190} INFO - [2025-01-19T03:43:38.539+0000] {dagbag.py:588} INFO - Filling up the DagBag from /home/vscode/.local/lib/python3.10/site-packages/airflow/example_dags/tutorial.py
[2025-01-19T03:43:38.547+0000] {processor.py:925} INFO - DAG(s) 'tutorial' retrieved from /home/vscode/.local/lib/python3.10/site-packages/airflow/example_dags/tutorial.py
[2025-01-19T03:43:38.563+0000] {logging_mixin.py:190} INFO - [2025-01-19T03:43:38.563+0000] {dag.py:3239} INFO - Sync 1 DAGs
[2025-01-19T03:43:38.584+0000] {logging_mixin.py:190} INFO - [2025-01-19T03:43:38.584+0000] {dag.py:4180} INFO - Setting next_dagrun for tutorial to 2025-01-18 00:00:00+00:00, run_after=2025-01-19 00:00:00+00:00
[2025-01-19T03:43:38.605+0000] {processor.py:208} INFO - Processing /home/vscode/.local/lib/python3.10/site-packages/airflow/example_dags/tutorial.py took 0.073 seconds
[2025-01-19T03:44:32.010+0000] {processor.py:186} INFO - Started process (PID=15601) to work on /home/vscode/.local/lib/python3.10/site-packages/airflow/example_dags/tutorial.py
[2025-01-19T03:44:32.011+0000] {processor.py:914} INFO - Processing file /home/vscode/.local/lib/python3.10/site-packages/airflow/example_dags/tutorial.py for tasks to queue
[2025-01-19T03:44:32.013+0000] {logging_mixin.py:190} INFO - [2025-01-19T03:44:32.012+0000] {dagbag.py:588} INFO - Filling up the DagBag from /home/vscode/.local/lib/python3.10/site-packages/airflow/example_dags/tutorial.py
[2025-01-19T03:44:32.019+0000] {processor.py:925} INFO - DAG(s) 'tutorial' retrieved from /home/vscode/.local/lib/python3.10/site-packages/airflow/example_dags/tutorial.py
[2025-01-19T03:44:32.030+0000] {logging_mixin.py:190} INFO - [2025-01-19T03:44:32.030+0000] {dag.py:3239} INFO - Sync 1 DAGs
[2025-01-19T03:44:32.045+0000] {logging_mixin.py:190} INFO - [2025-01-19T03:44:32.045+0000] {dag.py:4180} INFO - Setting next_dagrun for tutorial to 2025-01-18 00:00:00+00:00, run_after=2025-01-19 00:00:00+00:00
[2025-01-19T03:44:32.059+0000] {processor.py:208} INFO - Processing /home/vscode/.local/lib/python3.10/site-packages/airflow/example_dags/tutorial.py took 0.054 seconds
[2025-01-19T03:45:25.095+0000] {processor.py:186} INFO - Started process (PID=15961) to work on /home/vscode/.local/lib/python3.10/site-packages/airflow/example_dags/tutorial.py
[2025-01-19T03:45:25.096+0000] {processor.py:914} INFO - Processing file /home/vscode/.local/lib/python3.10/site-packages/airflow/example_dags/tutorial.py for tasks to queue
[2025-01-19T03:45:25.098+0000] {logging_mixin.py:190} INFO - [2025-01-19T03:45:25.097+0000] {dagbag.py:588} INFO - Filling up the DagBag from /home/vscode/.local/lib/python3.10/site-packages/airflow/example_dags/tutorial.py
[2025-01-19T03:45:25.104+0000] {processor.py:925} INFO - DAG(s) 'tutorial' retrieved from /home/vscode/.local/lib/python3.10/site-packages/airflow/example_dags/tutorial.py
[2025-01-19T03:45:25.115+0000] {logging_mixin.py:190} INFO - [2025-01-19T03:45:25.115+0000] {dag.py:3239} INFO - Sync 1 DAGs
[2025-01-19T03:45:25.130+0000] {logging_mixin.py:190} INFO - [2025-01-19T03:45:25.130+0000] {dag.py:4180} INFO - Setting next_dagrun for tutorial to 2025-01-18 00:00:00+00:00, run_after=2025-01-19 00:00:00+00:00
[2025-01-19T03:45:25.146+0000] {processor.py:208} INFO - Processing /home/vscode/.local/lib/python3.10/site-packages/airflow/example_dags/tutorial.py took 0.055 seconds
[2025-01-19T03:46:13.508+0000] {processor.py:186} INFO - Started process (PID=16280) to work on /home/vscode/.local/lib/python3.10/site-packages/airflow/example_dags/tutorial.py
[2025-01-19T03:46:13.509+0000] {processor.py:914} INFO - Processing file /home/vscode/.local/lib/python3.10/site-packages/airflow/example_dags/tutorial.py for tasks to queue
[2025-01-19T03:46:13.510+0000] {logging_mixin.py:190} INFO - [2025-01-19T03:46:13.510+0000] {dagbag.py:588} INFO - Filling up the DagBag from /home/vscode/.local/lib/python3.10/site-packages/airflow/example_dags/tutorial.py
[2025-01-19T03:46:13.516+0000] {processor.py:925} INFO - DAG(s) 'tutorial' retrieved from /home/vscode/.local/lib/python3.10/site-packages/airflow/example_dags/tutorial.py
[2025-01-19T03:46:13.528+0000] {logging_mixin.py:190} INFO - [2025-01-19T03:46:13.528+0000] {dag.py:3239} INFO - Sync 1 DAGs
[2025-01-19T03:46:13.543+0000] {logging_mixin.py:190} INFO - [2025-01-19T03:46:13.543+0000] {dag.py:4180} INFO - Setting next_dagrun for tutorial to 2025-01-18 00:00:00+00:00, run_after=2025-01-19 00:00:00+00:00
[2025-01-19T03:46:13.557+0000] {processor.py:208} INFO - Processing /home/vscode/.local/lib/python3.10/site-packages/airflow/example_dags/tutorial.py took 0.054 seconds
[2025-01-19T03:47:07.607+0000] {processor.py:186} INFO - Started process (PID=16651) to work on /home/vscode/.local/lib/python3.10/site-packages/airflow/example_dags/tutorial.py
[2025-01-19T03:47:07.608+0000] {processor.py:914} INFO - Processing file /home/vscode/.local/lib/python3.10/site-packages/airflow/example_dags/tutorial.py for tasks to queue
[2025-01-19T03:47:07.609+0000] {logging_mixin.py:190} INFO - [2025-01-19T03:47:07.609+0000] {dagbag.py:588} INFO - Filling up the DagBag from /home/vscode/.local/lib/python3.10/site-packages/airflow/example_dags/tutorial.py
[2025-01-19T03:47:07.615+0000] {processor.py:925} INFO - DAG(s) 'tutorial' retrieved from /home/vscode/.local/lib/python3.10/site-packages/airflow/example_dags/tutorial.py
[2025-01-19T03:47:07.626+0000] {logging_mixin.py:190} INFO - [2025-01-19T03:47:07.626+0000] {dag.py:3239} INFO - Sync 1 DAGs
[2025-01-19T03:47:07.641+0000] {logging_mixin.py:190} INFO - [2025-01-19T03:47:07.641+0000] {dag.py:4180} INFO - Setting next_dagrun for tutorial to 2025-01-18 00:00:00+00:00, run_after=2025-01-19 00:00:00+00:00
[2025-01-19T03:47:07.666+0000] {processor.py:208} INFO - Processing /home/vscode/.local/lib/python3.10/site-packages/airflow/example_dags/tutorial.py took 0.064 seconds
[2025-01-19T03:47:57.157+0000] {processor.py:186} INFO - Started process (PID=16991) to work on /home/vscode/.local/lib/python3.10/site-packages/airflow/example_dags/tutorial.py
[2025-01-19T03:47:57.158+0000] {processor.py:914} INFO - Processing file /home/vscode/.local/lib/python3.10/site-packages/airflow/example_dags/tutorial.py for tasks to queue
[2025-01-19T03:47:57.160+0000] {logging_mixin.py:190} INFO - [2025-01-19T03:47:57.160+0000] {dagbag.py:588} INFO - Filling up the DagBag from /home/vscode/.local/lib/python3.10/site-packages/airflow/example_dags/tutorial.py
[2025-01-19T03:47:57.166+0000] {processor.py:925} INFO - DAG(s) 'tutorial' retrieved from /home/vscode/.local/lib/python3.10/site-packages/airflow/example_dags/tutorial.py
[2025-01-19T03:47:57.177+0000] {logging_mixin.py:190} INFO - [2025-01-19T03:47:57.177+0000] {dag.py:3239} INFO - Sync 1 DAGs
[2025-01-19T03:47:57.192+0000] {logging_mixin.py:190} INFO - [2025-01-19T03:47:57.192+0000] {dag.py:4180} INFO - Setting next_dagrun for tutorial to 2025-01-18 00:00:00+00:00, run_after=2025-01-19 00:00:00+00:00
[2025-01-19T03:47:57.207+0000] {processor.py:208} INFO - Processing /home/vscode/.local/lib/python3.10/site-packages/airflow/example_dags/tutorial.py took 0.054 seconds
[2025-01-19T03:48:48.313+0000] {processor.py:186} INFO - Started process (PID=17368) to work on /home/vscode/.local/lib/python3.10/site-packages/airflow/example_dags/tutorial.py
[2025-01-19T03:48:48.314+0000] {processor.py:914} INFO - Processing file /home/vscode/.local/lib/python3.10/site-packages/airflow/example_dags/tutorial.py for tasks to queue
[2025-01-19T03:48:48.315+0000] {logging_mixin.py:190} INFO - [2025-01-19T03:48:48.315+0000] {dagbag.py:588} INFO - Filling up the DagBag from /home/vscode/.local/lib/python3.10/site-packages/airflow/example_dags/tutorial.py
[2025-01-19T03:48:48.321+0000] {processor.py:925} INFO - DAG(s) 'tutorial' retrieved from /home/vscode/.local/lib/python3.10/site-packages/airflow/example_dags/tutorial.py
[2025-01-19T03:48:48.333+0000] {logging_mixin.py:190} INFO - [2025-01-19T03:48:48.332+0000] {dag.py:3239} INFO - Sync 1 DAGs
[2025-01-19T03:48:48.347+0000] {logging_mixin.py:190} INFO - [2025-01-19T03:48:48.347+0000] {dag.py:4180} INFO - Setting next_dagrun for tutorial to 2025-01-18 00:00:00+00:00, run_after=2025-01-19 00:00:00+00:00
[2025-01-19T03:48:48.362+0000] {processor.py:208} INFO - Processing /home/vscode/.local/lib/python3.10/site-packages/airflow/example_dags/tutorial.py took 0.055 seconds
[2025-01-19T03:49:39.644+0000] {processor.py:186} INFO - Started process (PID=17820) to work on /home/vscode/.local/lib/python3.10/site-packages/airflow/example_dags/tutorial.py
[2025-01-19T03:49:39.645+0000] {processor.py:914} INFO - Processing file /home/vscode/.local/lib/python3.10/site-packages/airflow/example_dags/tutorial.py for tasks to queue
[2025-01-19T03:49:39.646+0000] {logging_mixin.py:190} INFO - [2025-01-19T03:49:39.646+0000] {dagbag.py:588} INFO - Filling up the DagBag from /home/vscode/.local/lib/python3.10/site-packages/airflow/example_dags/tutorial.py
[2025-01-19T03:49:39.653+0000] {processor.py:925} INFO - DAG(s) 'tutorial' retrieved from /home/vscode/.local/lib/python3.10/site-packages/airflow/example_dags/tutorial.py
[2025-01-19T03:49:39.672+0000] {logging_mixin.py:190} INFO - [2025-01-19T03:49:39.671+0000] {dag.py:3239} INFO - Sync 1 DAGs
[2025-01-19T03:49:39.694+0000] {logging_mixin.py:190} INFO - [2025-01-19T03:49:39.693+0000] {dag.py:4180} INFO - Setting next_dagrun for tutorial to 2025-01-18 00:00:00+00:00, run_after=2025-01-19 00:00:00+00:00
[2025-01-19T03:49:39.708+0000] {processor.py:208} INFO - Processing /home/vscode/.local/lib/python3.10/site-packages/airflow/example_dags/tutorial.py took 0.068 seconds
[2025-01-19T03:50:31.093+0000] {processor.py:186} INFO - Started process (PID=18206) to work on /home/vscode/.local/lib/python3.10/site-packages/airflow/example_dags/tutorial.py
[2025-01-19T03:50:31.094+0000] {processor.py:914} INFO - Processing file /home/vscode/.local/lib/python3.10/site-packages/airflow/example_dags/tutorial.py for tasks to queue
[2025-01-19T03:50:31.096+0000] {logging_mixin.py:190} INFO - [2025-01-19T03:50:31.095+0000] {dagbag.py:588} INFO - Filling up the DagBag from /home/vscode/.local/lib/python3.10/site-packages/airflow/example_dags/tutorial.py
[2025-01-19T03:50:31.102+0000] {processor.py:925} INFO - DAG(s) 'tutorial' retrieved from /home/vscode/.local/lib/python3.10/site-packages/airflow/example_dags/tutorial.py
[2025-01-19T03:50:31.118+0000] {logging_mixin.py:190} INFO - [2025-01-19T03:50:31.118+0000] {dag.py:3239} INFO - Sync 1 DAGs
[2025-01-19T03:50:31.140+0000] {logging_mixin.py:190} INFO - [2025-01-19T03:50:31.140+0000] {dag.py:4180} INFO - Setting next_dagrun for tutorial to 2025-01-18 00:00:00+00:00, run_after=2025-01-19 00:00:00+00:00
[2025-01-19T03:50:31.161+0000] {processor.py:208} INFO - Processing /home/vscode/.local/lib/python3.10/site-packages/airflow/example_dags/tutorial.py took 0.074 seconds
[2025-01-19T03:51:18.769+0000] {processor.py:186} INFO - Started process (PID=18587) to work on /home/vscode/.local/lib/python3.10/site-packages/airflow/example_dags/tutorial.py
[2025-01-19T03:51:18.770+0000] {processor.py:914} INFO - Processing file /home/vscode/.local/lib/python3.10/site-packages/airflow/example_dags/tutorial.py for tasks to queue
[2025-01-19T03:51:18.771+0000] {logging_mixin.py:190} INFO - [2025-01-19T03:51:18.771+0000] {dagbag.py:588} INFO - Filling up the DagBag from /home/vscode/.local/lib/python3.10/site-packages/airflow/example_dags/tutorial.py
[2025-01-19T03:51:18.778+0000] {processor.py:925} INFO - DAG(s) 'tutorial' retrieved from /home/vscode/.local/lib/python3.10/site-packages/airflow/example_dags/tutorial.py
[2025-01-19T03:51:18.798+0000] {logging_mixin.py:190} INFO - [2025-01-19T03:51:18.797+0000] {dag.py:3239} INFO - Sync 1 DAGs
[2025-01-19T03:51:18.822+0000] {logging_mixin.py:190} INFO - [2025-01-19T03:51:18.822+0000] {dag.py:4180} INFO - Setting next_dagrun for tutorial to 2025-01-18 00:00:00+00:00, run_after=2025-01-19 00:00:00+00:00
[2025-01-19T03:51:18.842+0000] {processor.py:208} INFO - Processing /home/vscode/.local/lib/python3.10/site-packages/airflow/example_dags/tutorial.py took 0.078 seconds
[2025-01-19T03:54:51.121+0000] {processor.py:186} INFO - Started process (PID=20071) to work on /home/vscode/.local/lib/python3.10/site-packages/airflow/example_dags/tutorial.py
[2025-01-19T03:54:51.122+0000] {processor.py:914} INFO - Processing file /home/vscode/.local/lib/python3.10/site-packages/airflow/example_dags/tutorial.py for tasks to queue
[2025-01-19T03:54:51.123+0000] {logging_mixin.py:190} INFO - [2025-01-19T03:54:51.123+0000] {dagbag.py:588} INFO - Filling up the DagBag from /home/vscode/.local/lib/python3.10/site-packages/airflow/example_dags/tutorial.py
[2025-01-19T03:54:51.130+0000] {processor.py:925} INFO - DAG(s) 'tutorial' retrieved from /home/vscode/.local/lib/python3.10/site-packages/airflow/example_dags/tutorial.py
[2025-01-19T03:54:51.146+0000] {logging_mixin.py:190} INFO - [2025-01-19T03:54:51.146+0000] {dag.py:3239} INFO - Sync 1 DAGs
[2025-01-19T03:54:51.161+0000] {logging_mixin.py:190} INFO - [2025-01-19T03:54:51.161+0000] {dag.py:4180} INFO - Setting next_dagrun for tutorial to 2025-01-18 00:00:00+00:00, run_after=2025-01-19 00:00:00+00:00
[2025-01-19T03:54:51.175+0000] {processor.py:208} INFO - Processing /home/vscode/.local/lib/python3.10/site-packages/airflow/example_dags/tutorial.py took 0.058 seconds
[2025-01-19T03:55:47.336+0000] {processor.py:186} INFO - Started process (PID=20462) to work on /home/vscode/.local/lib/python3.10/site-packages/airflow/example_dags/tutorial.py
[2025-01-19T03:55:47.337+0000] {processor.py:914} INFO - Processing file /home/vscode/.local/lib/python3.10/site-packages/airflow/example_dags/tutorial.py for tasks to queue
[2025-01-19T03:55:47.339+0000] {logging_mixin.py:190} INFO - [2025-01-19T03:55:47.338+0000] {dagbag.py:588} INFO - Filling up the DagBag from /home/vscode/.local/lib/python3.10/site-packages/airflow/example_dags/tutorial.py
[2025-01-19T03:55:47.345+0000] {processor.py:925} INFO - DAG(s) 'tutorial' retrieved from /home/vscode/.local/lib/python3.10/site-packages/airflow/example_dags/tutorial.py
[2025-01-19T03:55:47.356+0000] {logging_mixin.py:190} INFO - [2025-01-19T03:55:47.356+0000] {dag.py:3239} INFO - Sync 1 DAGs
[2025-01-19T03:55:47.370+0000] {logging_mixin.py:190} INFO - [2025-01-19T03:55:47.370+0000] {dag.py:4180} INFO - Setting next_dagrun for tutorial to 2025-01-18 00:00:00+00:00, run_after=2025-01-19 00:00:00+00:00
[2025-01-19T03:55:47.384+0000] {processor.py:208} INFO - Processing /home/vscode/.local/lib/python3.10/site-packages/airflow/example_dags/tutorial.py took 0.053 seconds
[2025-01-19T03:56:39.597+0000] {processor.py:186} INFO - Started process (PID=20819) to work on /home/vscode/.local/lib/python3.10/site-packages/airflow/example_dags/tutorial.py
[2025-01-19T03:56:39.597+0000] {processor.py:914} INFO - Processing file /home/vscode/.local/lib/python3.10/site-packages/airflow/example_dags/tutorial.py for tasks to queue
[2025-01-19T03:56:39.599+0000] {logging_mixin.py:190} INFO - [2025-01-19T03:56:39.599+0000] {dagbag.py:588} INFO - Filling up the DagBag from /home/vscode/.local/lib/python3.10/site-packages/airflow/example_dags/tutorial.py
[2025-01-19T03:56:39.605+0000] {processor.py:925} INFO - DAG(s) 'tutorial' retrieved from /home/vscode/.local/lib/python3.10/site-packages/airflow/example_dags/tutorial.py
[2025-01-19T03:56:39.616+0000] {logging_mixin.py:190} INFO - [2025-01-19T03:56:39.616+0000] {dag.py:3239} INFO - Sync 1 DAGs
[2025-01-19T03:56:39.631+0000] {logging_mixin.py:190} INFO - [2025-01-19T03:56:39.631+0000] {dag.py:4180} INFO - Setting next_dagrun for tutorial to 2025-01-18 00:00:00+00:00, run_after=2025-01-19 00:00:00+00:00
[2025-01-19T03:56:39.645+0000] {processor.py:208} INFO - Processing /home/vscode/.local/lib/python3.10/site-packages/airflow/example_dags/tutorial.py took 0.053 seconds
[2025-01-19T03:57:32.710+0000] {processor.py:186} INFO - Started process (PID=21180) to work on /home/vscode/.local/lib/python3.10/site-packages/airflow/example_dags/tutorial.py
[2025-01-19T03:57:32.711+0000] {processor.py:914} INFO - Processing file /home/vscode/.local/lib/python3.10/site-packages/airflow/example_dags/tutorial.py for tasks to queue
[2025-01-19T03:57:32.713+0000] {logging_mixin.py:190} INFO - [2025-01-19T03:57:32.712+0000] {dagbag.py:588} INFO - Filling up the DagBag from /home/vscode/.local/lib/python3.10/site-packages/airflow/example_dags/tutorial.py
[2025-01-19T03:57:32.719+0000] {processor.py:925} INFO - DAG(s) 'tutorial' retrieved from /home/vscode/.local/lib/python3.10/site-packages/airflow/example_dags/tutorial.py
[2025-01-19T03:57:32.730+0000] {logging_mixin.py:190} INFO - [2025-01-19T03:57:32.730+0000] {dag.py:3239} INFO - Sync 1 DAGs
[2025-01-19T03:57:32.744+0000] {logging_mixin.py:190} INFO - [2025-01-19T03:57:32.744+0000] {dag.py:4180} INFO - Setting next_dagrun for tutorial to 2025-01-18 00:00:00+00:00, run_after=2025-01-19 00:00:00+00:00
[2025-01-19T03:57:32.760+0000] {processor.py:208} INFO - Processing /home/vscode/.local/lib/python3.10/site-packages/airflow/example_dags/tutorial.py took 0.054 seconds
[2025-01-19T03:58:20.998+0000] {processor.py:186} INFO - Started process (PID=21514) to work on /home/vscode/.local/lib/python3.10/site-packages/airflow/example_dags/tutorial.py
[2025-01-19T03:58:20.998+0000] {processor.py:914} INFO - Processing file /home/vscode/.local/lib/python3.10/site-packages/airflow/example_dags/tutorial.py for tasks to queue
[2025-01-19T03:58:21.001+0000] {logging_mixin.py:190} INFO - [2025-01-19T03:58:21.000+0000] {dagbag.py:588} INFO - Filling up the DagBag from /home/vscode/.local/lib/python3.10/site-packages/airflow/example_dags/tutorial.py
[2025-01-19T03:58:21.013+0000] {processor.py:925} INFO - DAG(s) 'tutorial' retrieved from /home/vscode/.local/lib/python3.10/site-packages/airflow/example_dags/tutorial.py
[2025-01-19T03:58:21.030+0000] {logging_mixin.py:190} INFO - [2025-01-19T03:58:21.030+0000] {dag.py:3239} INFO - Sync 1 DAGs
[2025-01-19T03:58:21.045+0000] {logging_mixin.py:190} INFO - [2025-01-19T03:58:21.044+0000] {dag.py:4180} INFO - Setting next_dagrun for tutorial to 2025-01-18 00:00:00+00:00, run_after=2025-01-19 00:00:00+00:00
[2025-01-19T03:58:21.059+0000] {processor.py:208} INFO - Processing /home/vscode/.local/lib/python3.10/site-packages/airflow/example_dags/tutorial.py took 0.066 seconds
[2025-01-19T03:59:13.949+0000] {processor.py:186} INFO - Started process (PID=21868) to work on /home/vscode/.local/lib/python3.10/site-packages/airflow/example_dags/tutorial.py
[2025-01-19T03:59:13.950+0000] {processor.py:914} INFO - Processing file /home/vscode/.local/lib/python3.10/site-packages/airflow/example_dags/tutorial.py for tasks to queue
[2025-01-19T03:59:13.951+0000] {logging_mixin.py:190} INFO - [2025-01-19T03:59:13.951+0000] {dagbag.py:588} INFO - Filling up the DagBag from /home/vscode/.local/lib/python3.10/site-packages/airflow/example_dags/tutorial.py
[2025-01-19T03:59:13.958+0000] {processor.py:925} INFO - DAG(s) 'tutorial' retrieved from /home/vscode/.local/lib/python3.10/site-packages/airflow/example_dags/tutorial.py
[2025-01-19T03:59:13.970+0000] {logging_mixin.py:190} INFO - [2025-01-19T03:59:13.970+0000] {dag.py:3239} INFO - Sync 1 DAGs
[2025-01-19T03:59:13.985+0000] {logging_mixin.py:190} INFO - [2025-01-19T03:59:13.985+0000] {dag.py:4180} INFO - Setting next_dagrun for tutorial to 2025-01-18 00:00:00+00:00, run_after=2025-01-19 00:00:00+00:00
[2025-01-19T03:59:14.000+0000] {processor.py:208} INFO - Processing /home/vscode/.local/lib/python3.10/site-packages/airflow/example_dags/tutorial.py took 0.056 seconds
[2025-01-19T04:00:05.206+0000] {processor.py:186} INFO - Started process (PID=22218) to work on /home/vscode/.local/lib/python3.10/site-packages/airflow/example_dags/tutorial.py
[2025-01-19T04:00:05.207+0000] {processor.py:914} INFO - Processing file /home/vscode/.local/lib/python3.10/site-packages/airflow/example_dags/tutorial.py for tasks to queue
[2025-01-19T04:00:05.209+0000] {logging_mixin.py:190} INFO - [2025-01-19T04:00:05.208+0000] {dagbag.py:588} INFO - Filling up the DagBag from /home/vscode/.local/lib/python3.10/site-packages/airflow/example_dags/tutorial.py
[2025-01-19T04:00:05.218+0000] {processor.py:925} INFO - DAG(s) 'tutorial' retrieved from /home/vscode/.local/lib/python3.10/site-packages/airflow/example_dags/tutorial.py
[2025-01-19T04:00:05.235+0000] {logging_mixin.py:190} INFO - [2025-01-19T04:00:05.235+0000] {dag.py:3239} INFO - Sync 1 DAGs
[2025-01-19T04:00:05.257+0000] {logging_mixin.py:190} INFO - [2025-01-19T04:00:05.256+0000] {dag.py:4180} INFO - Setting next_dagrun for tutorial to 2025-01-18 00:00:00+00:00, run_after=2025-01-19 00:00:00+00:00
[2025-01-19T04:00:05.277+0000] {processor.py:208} INFO - Processing /home/vscode/.local/lib/python3.10/site-packages/airflow/example_dags/tutorial.py took 0.080 seconds
[2025-01-19T04:00:56.535+0000] {processor.py:186} INFO - Started process (PID=22563) to work on /home/vscode/.local/lib/python3.10/site-packages/airflow/example_dags/tutorial.py
[2025-01-19T04:00:56.535+0000] {processor.py:914} INFO - Processing file /home/vscode/.local/lib/python3.10/site-packages/airflow/example_dags/tutorial.py for tasks to queue
[2025-01-19T04:00:56.537+0000] {logging_mixin.py:190} INFO - [2025-01-19T04:00:56.537+0000] {dagbag.py:588} INFO - Filling up the DagBag from /home/vscode/.local/lib/python3.10/site-packages/airflow/example_dags/tutorial.py
[2025-01-19T04:00:56.543+0000] {processor.py:925} INFO - DAG(s) 'tutorial' retrieved from /home/vscode/.local/lib/python3.10/site-packages/airflow/example_dags/tutorial.py
[2025-01-19T04:00:56.555+0000] {logging_mixin.py:190} INFO - [2025-01-19T04:00:56.555+0000] {dag.py:3239} INFO - Sync 1 DAGs
[2025-01-19T04:00:56.571+0000] {logging_mixin.py:190} INFO - [2025-01-19T04:00:56.570+0000] {dag.py:4180} INFO - Setting next_dagrun for tutorial to 2025-01-18 00:00:00+00:00, run_after=2025-01-19 00:00:00+00:00
[2025-01-19T04:00:56.586+0000] {processor.py:208} INFO - Processing /home/vscode/.local/lib/python3.10/site-packages/airflow/example_dags/tutorial.py took 0.056 seconds
[2025-01-19T04:01:48.621+0000] {processor.py:186} INFO - Started process (PID=22918) to work on /home/vscode/.local/lib/python3.10/site-packages/airflow/example_dags/tutorial.py
[2025-01-19T04:01:48.621+0000] {processor.py:914} INFO - Processing file /home/vscode/.local/lib/python3.10/site-packages/airflow/example_dags/tutorial.py for tasks to queue
[2025-01-19T04:01:48.623+0000] {logging_mixin.py:190} INFO - [2025-01-19T04:01:48.623+0000] {dagbag.py:588} INFO - Filling up the DagBag from /home/vscode/.local/lib/python3.10/site-packages/airflow/example_dags/tutorial.py
[2025-01-19T04:01:48.629+0000] {processor.py:925} INFO - DAG(s) 'tutorial' retrieved from /home/vscode/.local/lib/python3.10/site-packages/airflow/example_dags/tutorial.py
[2025-01-19T04:01:48.641+0000] {logging_mixin.py:190} INFO - [2025-01-19T04:01:48.640+0000] {dag.py:3239} INFO - Sync 1 DAGs
[2025-01-19T04:01:48.655+0000] {logging_mixin.py:190} INFO - [2025-01-19T04:01:48.655+0000] {dag.py:4180} INFO - Setting next_dagrun for tutorial to 2025-01-18 00:00:00+00:00, run_after=2025-01-19 00:00:00+00:00
[2025-01-19T04:01:48.670+0000] {processor.py:208} INFO - Processing /home/vscode/.local/lib/python3.10/site-packages/airflow/example_dags/tutorial.py took 0.054 seconds
[2025-01-19T04:02:38.799+0000] {processor.py:186} INFO - Started process (PID=23276) to work on /home/vscode/.local/lib/python3.10/site-packages/airflow/example_dags/tutorial.py
[2025-01-19T04:02:38.799+0000] {processor.py:914} INFO - Processing file /home/vscode/.local/lib/python3.10/site-packages/airflow/example_dags/tutorial.py for tasks to queue
[2025-01-19T04:02:38.801+0000] {logging_mixin.py:190} INFO - [2025-01-19T04:02:38.801+0000] {dagbag.py:588} INFO - Filling up the DagBag from /home/vscode/.local/lib/python3.10/site-packages/airflow/example_dags/tutorial.py
[2025-01-19T04:02:38.807+0000] {processor.py:925} INFO - DAG(s) 'tutorial' retrieved from /home/vscode/.local/lib/python3.10/site-packages/airflow/example_dags/tutorial.py
[2025-01-19T04:02:38.820+0000] {logging_mixin.py:190} INFO - [2025-01-19T04:02:38.819+0000] {dag.py:3239} INFO - Sync 1 DAGs
[2025-01-19T04:02:38.834+0000] {logging_mixin.py:190} INFO - [2025-01-19T04:02:38.834+0000] {dag.py:4180} INFO - Setting next_dagrun for tutorial to 2025-01-18 00:00:00+00:00, run_after=2025-01-19 00:00:00+00:00
[2025-01-19T04:02:38.848+0000] {processor.py:208} INFO - Processing /home/vscode/.local/lib/python3.10/site-packages/airflow/example_dags/tutorial.py took 0.054 seconds
