[2025-01-19T03:20:43.529+0000] {processor.py:186} INFO - Started process (PID=4980) to work on /home/vscode/.local/lib/python3.10/site-packages/airflow/example_dags/tutorial_dag.py
[2025-01-19T03:20:43.530+0000] {processor.py:914} INFO - Processing file /home/vscode/.local/lib/python3.10/site-packages/airflow/example_dags/tutorial_dag.py for tasks to queue
[2025-01-19T03:20:43.532+0000] {logging_mixin.py:190} INFO - [2025-01-19T03:20:43.531+0000] {dagbag.py:588} INFO - Filling up the DagBag from /home/vscode/.local/lib/python3.10/site-packages/airflow/example_dags/tutorial_dag.py
[2025-01-19T03:20:43.537+0000] {processor.py:925} INFO - DAG(s) 'tutorial_dag' retrieved from /home/vscode/.local/lib/python3.10/site-packages/airflow/example_dags/tutorial_dag.py
[2025-01-19T03:20:43.616+0000] {logging_mixin.py:190} INFO - [2025-01-19T03:20:43.616+0000] {override.py:1911} INFO - Created Permission View: can read on DAG:tutorial_dag
[2025-01-19T03:20:43.624+0000] {logging_mixin.py:190} INFO - [2025-01-19T03:20:43.624+0000] {override.py:1911} INFO - Created Permission View: can edit on DAG:tutorial_dag
[2025-01-19T03:20:43.630+0000] {logging_mixin.py:190} INFO - [2025-01-19T03:20:43.630+0000] {override.py:1911} INFO - Created Permission View: can delete on DAG:tutorial_dag
[2025-01-19T03:20:43.638+0000] {logging_mixin.py:190} INFO - [2025-01-19T03:20:43.638+0000] {override.py:1911} INFO - Created Permission View: menu access on DAG Run:tutorial_dag
[2025-01-19T03:20:43.645+0000] {logging_mixin.py:190} INFO - [2025-01-19T03:20:43.645+0000] {override.py:1911} INFO - Created Permission View: can read on DAG Run:tutorial_dag
[2025-01-19T03:20:43.651+0000] {logging_mixin.py:190} INFO - [2025-01-19T03:20:43.651+0000] {override.py:1911} INFO - Created Permission View: can create on DAG Run:tutorial_dag
[2025-01-19T03:20:43.657+0000] {logging_mixin.py:190} INFO - [2025-01-19T03:20:43.657+0000] {override.py:1911} INFO - Created Permission View: can delete on DAG Run:tutorial_dag
[2025-01-19T03:20:43.657+0000] {logging_mixin.py:190} INFO - [2025-01-19T03:20:43.657+0000] {dag.py:3239} INFO - Sync 1 DAGs
[2025-01-19T03:20:43.666+0000] {logging_mixin.py:190} INFO - [2025-01-19T03:20:43.666+0000] {dag.py:3262} INFO - Creating ORM DAG for tutorial_dag
[2025-01-19T03:20:43.666+0000] {logging_mixin.py:190} INFO - [2025-01-19T03:20:43.666+0000] {dag.py:4180} INFO - Setting next_dagrun for tutorial_dag to None, run_after=None
[2025-01-19T03:20:43.681+0000] {processor.py:208} INFO - Processing /home/vscode/.local/lib/python3.10/site-packages/airflow/example_dags/tutorial_dag.py took 0.156 seconds
[2025-01-19T03:21:44.591+0000] {processor.py:186} INFO - Started process (PID=5530) to work on /home/vscode/.local/lib/python3.10/site-packages/airflow/example_dags/tutorial_dag.py
[2025-01-19T03:21:44.592+0000] {processor.py:914} INFO - Processing file /home/vscode/.local/lib/python3.10/site-packages/airflow/example_dags/tutorial_dag.py for tasks to queue
[2025-01-19T03:21:44.594+0000] {logging_mixin.py:190} INFO - [2025-01-19T03:21:44.593+0000] {dagbag.py:588} INFO - Filling up the DagBag from /home/vscode/.local/lib/python3.10/site-packages/airflow/example_dags/tutorial_dag.py
[2025-01-19T03:21:44.600+0000] {processor.py:925} INFO - DAG(s) 'tutorial_dag' retrieved from /home/vscode/.local/lib/python3.10/site-packages/airflow/example_dags/tutorial_dag.py
[2025-01-19T03:21:44.611+0000] {logging_mixin.py:190} INFO - [2025-01-19T03:21:44.611+0000] {dag.py:3239} INFO - Sync 1 DAGs
[2025-01-19T03:21:44.621+0000] {logging_mixin.py:190} INFO - [2025-01-19T03:21:44.621+0000] {dag.py:4180} INFO - Setting next_dagrun for tutorial_dag to None, run_after=None
[2025-01-19T03:21:44.636+0000] {processor.py:208} INFO - Processing /home/vscode/.local/lib/python3.10/site-packages/airflow/example_dags/tutorial_dag.py took 0.049 seconds
[2025-01-19T03:22:37.551+0000] {processor.py:186} INFO - Started process (PID=5924) to work on /home/vscode/.local/lib/python3.10/site-packages/airflow/example_dags/tutorial_dag.py
[2025-01-19T03:22:37.551+0000] {processor.py:914} INFO - Processing file /home/vscode/.local/lib/python3.10/site-packages/airflow/example_dags/tutorial_dag.py for tasks to queue
[2025-01-19T03:22:37.553+0000] {logging_mixin.py:190} INFO - [2025-01-19T03:22:37.553+0000] {dagbag.py:588} INFO - Filling up the DagBag from /home/vscode/.local/lib/python3.10/site-packages/airflow/example_dags/tutorial_dag.py
[2025-01-19T03:22:37.559+0000] {processor.py:925} INFO - DAG(s) 'tutorial_dag' retrieved from /home/vscode/.local/lib/python3.10/site-packages/airflow/example_dags/tutorial_dag.py
[2025-01-19T03:22:37.570+0000] {logging_mixin.py:190} INFO - [2025-01-19T03:22:37.570+0000] {dag.py:3239} INFO - Sync 1 DAGs
[2025-01-19T03:22:37.579+0000] {logging_mixin.py:190} INFO - [2025-01-19T03:22:37.579+0000] {dag.py:4180} INFO - Setting next_dagrun for tutorial_dag to None, run_after=None
[2025-01-19T03:22:37.595+0000] {processor.py:208} INFO - Processing /home/vscode/.local/lib/python3.10/site-packages/airflow/example_dags/tutorial_dag.py took 0.049 seconds
[2025-01-19T03:23:25.476+0000] {processor.py:186} INFO - Started process (PID=6327) to work on /home/vscode/.local/lib/python3.10/site-packages/airflow/example_dags/tutorial_dag.py
[2025-01-19T03:23:25.476+0000] {processor.py:914} INFO - Processing file /home/vscode/.local/lib/python3.10/site-packages/airflow/example_dags/tutorial_dag.py for tasks to queue
[2025-01-19T03:23:25.478+0000] {logging_mixin.py:190} INFO - [2025-01-19T03:23:25.478+0000] {dagbag.py:588} INFO - Filling up the DagBag from /home/vscode/.local/lib/python3.10/site-packages/airflow/example_dags/tutorial_dag.py
[2025-01-19T03:23:25.484+0000] {processor.py:925} INFO - DAG(s) 'tutorial_dag' retrieved from /home/vscode/.local/lib/python3.10/site-packages/airflow/example_dags/tutorial_dag.py
[2025-01-19T03:23:25.496+0000] {logging_mixin.py:190} INFO - [2025-01-19T03:23:25.496+0000] {dag.py:3239} INFO - Sync 1 DAGs
[2025-01-19T03:23:25.506+0000] {logging_mixin.py:190} INFO - [2025-01-19T03:23:25.506+0000] {dag.py:4180} INFO - Setting next_dagrun for tutorial_dag to None, run_after=None
[2025-01-19T03:23:25.520+0000] {processor.py:208} INFO - Processing /home/vscode/.local/lib/python3.10/site-packages/airflow/example_dags/tutorial_dag.py took 0.049 seconds
[2025-01-19T03:24:17.757+0000] {processor.py:186} INFO - Started process (PID=6733) to work on /home/vscode/.local/lib/python3.10/site-packages/airflow/example_dags/tutorial_dag.py
[2025-01-19T03:24:17.758+0000] {processor.py:914} INFO - Processing file /home/vscode/.local/lib/python3.10/site-packages/airflow/example_dags/tutorial_dag.py for tasks to queue
[2025-01-19T03:24:17.760+0000] {logging_mixin.py:190} INFO - [2025-01-19T03:24:17.760+0000] {dagbag.py:588} INFO - Filling up the DagBag from /home/vscode/.local/lib/python3.10/site-packages/airflow/example_dags/tutorial_dag.py
[2025-01-19T03:24:17.766+0000] {processor.py:925} INFO - DAG(s) 'tutorial_dag' retrieved from /home/vscode/.local/lib/python3.10/site-packages/airflow/example_dags/tutorial_dag.py
[2025-01-19T03:24:17.777+0000] {logging_mixin.py:190} INFO - [2025-01-19T03:24:17.777+0000] {dag.py:3239} INFO - Sync 1 DAGs
[2025-01-19T03:24:17.786+0000] {logging_mixin.py:190} INFO - [2025-01-19T03:24:17.786+0000] {dag.py:4180} INFO - Setting next_dagrun for tutorial_dag to None, run_after=None
[2025-01-19T03:24:17.801+0000] {processor.py:208} INFO - Processing /home/vscode/.local/lib/python3.10/site-packages/airflow/example_dags/tutorial_dag.py took 0.048 seconds
[2025-01-19T03:25:09.584+0000] {processor.py:186} INFO - Started process (PID=7136) to work on /home/vscode/.local/lib/python3.10/site-packages/airflow/example_dags/tutorial_dag.py
[2025-01-19T03:25:09.585+0000] {processor.py:914} INFO - Processing file /home/vscode/.local/lib/python3.10/site-packages/airflow/example_dags/tutorial_dag.py for tasks to queue
[2025-01-19T03:25:09.586+0000] {logging_mixin.py:190} INFO - [2025-01-19T03:25:09.586+0000] {dagbag.py:588} INFO - Filling up the DagBag from /home/vscode/.local/lib/python3.10/site-packages/airflow/example_dags/tutorial_dag.py
[2025-01-19T03:25:09.592+0000] {processor.py:925} INFO - DAG(s) 'tutorial_dag' retrieved from /home/vscode/.local/lib/python3.10/site-packages/airflow/example_dags/tutorial_dag.py
[2025-01-19T03:25:09.604+0000] {logging_mixin.py:190} INFO - [2025-01-19T03:25:09.604+0000] {dag.py:3239} INFO - Sync 1 DAGs
[2025-01-19T03:25:09.613+0000] {logging_mixin.py:190} INFO - [2025-01-19T03:25:09.613+0000] {dag.py:4180} INFO - Setting next_dagrun for tutorial_dag to None, run_after=None
[2025-01-19T03:25:09.627+0000] {processor.py:208} INFO - Processing /home/vscode/.local/lib/python3.10/site-packages/airflow/example_dags/tutorial_dag.py took 0.048 seconds
[2025-01-19T03:25:59.736+0000] {processor.py:186} INFO - Started process (PID=7551) to work on /home/vscode/.local/lib/python3.10/site-packages/airflow/example_dags/tutorial_dag.py
[2025-01-19T03:25:59.737+0000] {processor.py:914} INFO - Processing file /home/vscode/.local/lib/python3.10/site-packages/airflow/example_dags/tutorial_dag.py for tasks to queue
[2025-01-19T03:25:59.738+0000] {logging_mixin.py:190} INFO - [2025-01-19T03:25:59.738+0000] {dagbag.py:588} INFO - Filling up the DagBag from /home/vscode/.local/lib/python3.10/site-packages/airflow/example_dags/tutorial_dag.py
[2025-01-19T03:25:59.744+0000] {processor.py:925} INFO - DAG(s) 'tutorial_dag' retrieved from /home/vscode/.local/lib/python3.10/site-packages/airflow/example_dags/tutorial_dag.py
[2025-01-19T03:25:59.755+0000] {logging_mixin.py:190} INFO - [2025-01-19T03:25:59.755+0000] {dag.py:3239} INFO - Sync 1 DAGs
[2025-01-19T03:25:59.764+0000] {logging_mixin.py:190} INFO - [2025-01-19T03:25:59.764+0000] {dag.py:4180} INFO - Setting next_dagrun for tutorial_dag to None, run_after=None
[2025-01-19T03:25:59.778+0000] {processor.py:208} INFO - Processing /home/vscode/.local/lib/python3.10/site-packages/airflow/example_dags/tutorial_dag.py took 0.046 seconds
[2025-01-19T03:26:52.377+0000] {processor.py:186} INFO - Started process (PID=7955) to work on /home/vscode/.local/lib/python3.10/site-packages/airflow/example_dags/tutorial_dag.py
[2025-01-19T03:26:52.378+0000] {processor.py:914} INFO - Processing file /home/vscode/.local/lib/python3.10/site-packages/airflow/example_dags/tutorial_dag.py for tasks to queue
[2025-01-19T03:26:52.381+0000] {logging_mixin.py:190} INFO - [2025-01-19T03:26:52.381+0000] {dagbag.py:588} INFO - Filling up the DagBag from /home/vscode/.local/lib/python3.10/site-packages/airflow/example_dags/tutorial_dag.py
[2025-01-19T03:26:52.389+0000] {processor.py:925} INFO - DAG(s) 'tutorial_dag' retrieved from /home/vscode/.local/lib/python3.10/site-packages/airflow/example_dags/tutorial_dag.py
[2025-01-19T03:26:52.406+0000] {logging_mixin.py:190} INFO - [2025-01-19T03:26:52.406+0000] {dag.py:3239} INFO - Sync 1 DAGs
[2025-01-19T03:26:52.425+0000] {logging_mixin.py:190} INFO - [2025-01-19T03:26:52.425+0000] {dag.py:4180} INFO - Setting next_dagrun for tutorial_dag to None, run_after=None
[2025-01-19T03:26:52.467+0000] {processor.py:208} INFO - Processing /home/vscode/.local/lib/python3.10/site-packages/airflow/example_dags/tutorial_dag.py took 0.096 seconds
[2025-01-19T03:27:46.067+0000] {processor.py:186} INFO - Started process (PID=8354) to work on /home/vscode/.local/lib/python3.10/site-packages/airflow/example_dags/tutorial_dag.py
[2025-01-19T03:27:46.067+0000] {processor.py:914} INFO - Processing file /home/vscode/.local/lib/python3.10/site-packages/airflow/example_dags/tutorial_dag.py for tasks to queue
[2025-01-19T03:27:46.069+0000] {logging_mixin.py:190} INFO - [2025-01-19T03:27:46.069+0000] {dagbag.py:588} INFO - Filling up the DagBag from /home/vscode/.local/lib/python3.10/site-packages/airflow/example_dags/tutorial_dag.py
[2025-01-19T03:27:46.075+0000] {processor.py:925} INFO - DAG(s) 'tutorial_dag' retrieved from /home/vscode/.local/lib/python3.10/site-packages/airflow/example_dags/tutorial_dag.py
[2025-01-19T03:27:46.087+0000] {logging_mixin.py:190} INFO - [2025-01-19T03:27:46.087+0000] {dag.py:3239} INFO - Sync 1 DAGs
[2025-01-19T03:27:46.097+0000] {logging_mixin.py:190} INFO - [2025-01-19T03:27:46.097+0000] {dag.py:4180} INFO - Setting next_dagrun for tutorial_dag to None, run_after=None
[2025-01-19T03:27:46.111+0000] {processor.py:208} INFO - Processing /home/vscode/.local/lib/python3.10/site-packages/airflow/example_dags/tutorial_dag.py took 0.049 seconds
[2025-01-19T03:28:39.524+0000] {processor.py:186} INFO - Started process (PID=8843) to work on /home/vscode/.local/lib/python3.10/site-packages/airflow/example_dags/tutorial_dag.py
[2025-01-19T03:28:39.525+0000] {processor.py:914} INFO - Processing file /home/vscode/.local/lib/python3.10/site-packages/airflow/example_dags/tutorial_dag.py for tasks to queue
[2025-01-19T03:28:39.526+0000] {logging_mixin.py:190} INFO - [2025-01-19T03:28:39.526+0000] {dagbag.py:588} INFO - Filling up the DagBag from /home/vscode/.local/lib/python3.10/site-packages/airflow/example_dags/tutorial_dag.py
[2025-01-19T03:28:39.532+0000] {processor.py:925} INFO - DAG(s) 'tutorial_dag' retrieved from /home/vscode/.local/lib/python3.10/site-packages/airflow/example_dags/tutorial_dag.py
[2025-01-19T03:28:39.543+0000] {logging_mixin.py:190} INFO - [2025-01-19T03:28:39.543+0000] {dag.py:3239} INFO - Sync 1 DAGs
[2025-01-19T03:28:39.553+0000] {logging_mixin.py:190} INFO - [2025-01-19T03:28:39.553+0000] {dag.py:4180} INFO - Setting next_dagrun for tutorial_dag to None, run_after=None
[2025-01-19T03:28:39.568+0000] {processor.py:208} INFO - Processing /home/vscode/.local/lib/python3.10/site-packages/airflow/example_dags/tutorial_dag.py took 0.049 seconds
[2025-01-19T03:29:31.347+0000] {processor.py:186} INFO - Started process (PID=9225) to work on /home/vscode/.local/lib/python3.10/site-packages/airflow/example_dags/tutorial_dag.py
[2025-01-19T03:29:31.348+0000] {processor.py:914} INFO - Processing file /home/vscode/.local/lib/python3.10/site-packages/airflow/example_dags/tutorial_dag.py for tasks to queue
[2025-01-19T03:29:31.350+0000] {logging_mixin.py:190} INFO - [2025-01-19T03:29:31.350+0000] {dagbag.py:588} INFO - Filling up the DagBag from /home/vscode/.local/lib/python3.10/site-packages/airflow/example_dags/tutorial_dag.py
[2025-01-19T03:29:31.356+0000] {processor.py:925} INFO - DAG(s) 'tutorial_dag' retrieved from /home/vscode/.local/lib/python3.10/site-packages/airflow/example_dags/tutorial_dag.py
[2025-01-19T03:29:31.367+0000] {logging_mixin.py:190} INFO - [2025-01-19T03:29:31.367+0000] {dag.py:3239} INFO - Sync 1 DAGs
[2025-01-19T03:29:31.377+0000] {logging_mixin.py:190} INFO - [2025-01-19T03:29:31.377+0000] {dag.py:4180} INFO - Setting next_dagrun for tutorial_dag to None, run_after=None
[2025-01-19T03:29:31.391+0000] {processor.py:208} INFO - Processing /home/vscode/.local/lib/python3.10/site-packages/airflow/example_dags/tutorial_dag.py took 0.048 seconds
[2025-01-19T03:30:22.096+0000] {processor.py:186} INFO - Started process (PID=9568) to work on /home/vscode/.local/lib/python3.10/site-packages/airflow/example_dags/tutorial_dag.py
[2025-01-19T03:30:22.097+0000] {processor.py:914} INFO - Processing file /home/vscode/.local/lib/python3.10/site-packages/airflow/example_dags/tutorial_dag.py for tasks to queue
[2025-01-19T03:30:22.100+0000] {logging_mixin.py:190} INFO - [2025-01-19T03:30:22.100+0000] {dagbag.py:588} INFO - Filling up the DagBag from /home/vscode/.local/lib/python3.10/site-packages/airflow/example_dags/tutorial_dag.py
[2025-01-19T03:30:22.108+0000] {processor.py:925} INFO - DAG(s) 'tutorial_dag' retrieved from /home/vscode/.local/lib/python3.10/site-packages/airflow/example_dags/tutorial_dag.py
[2025-01-19T03:30:22.121+0000] {logging_mixin.py:190} INFO - [2025-01-19T03:30:22.120+0000] {dag.py:3239} INFO - Sync 1 DAGs
[2025-01-19T03:30:22.130+0000] {logging_mixin.py:190} INFO - [2025-01-19T03:30:22.130+0000] {dag.py:4180} INFO - Setting next_dagrun for tutorial_dag to None, run_after=None
[2025-01-19T03:30:22.161+0000] {processor.py:208} INFO - Processing /home/vscode/.local/lib/python3.10/site-packages/airflow/example_dags/tutorial_dag.py took 0.071 seconds
[2025-01-19T03:31:08.354+0000] {processor.py:186} INFO - Started process (PID=9888) to work on /home/vscode/.local/lib/python3.10/site-packages/airflow/example_dags/tutorial_dag.py
[2025-01-19T03:31:08.355+0000] {processor.py:914} INFO - Processing file /home/vscode/.local/lib/python3.10/site-packages/airflow/example_dags/tutorial_dag.py for tasks to queue
[2025-01-19T03:31:08.357+0000] {logging_mixin.py:190} INFO - [2025-01-19T03:31:08.356+0000] {dagbag.py:588} INFO - Filling up the DagBag from /home/vscode/.local/lib/python3.10/site-packages/airflow/example_dags/tutorial_dag.py
[2025-01-19T03:31:08.362+0000] {processor.py:925} INFO - DAG(s) 'tutorial_dag' retrieved from /home/vscode/.local/lib/python3.10/site-packages/airflow/example_dags/tutorial_dag.py
[2025-01-19T03:31:08.374+0000] {logging_mixin.py:190} INFO - [2025-01-19T03:31:08.374+0000] {dag.py:3239} INFO - Sync 1 DAGs
[2025-01-19T03:31:08.383+0000] {logging_mixin.py:190} INFO - [2025-01-19T03:31:08.383+0000] {dag.py:4180} INFO - Setting next_dagrun for tutorial_dag to None, run_after=None
[2025-01-19T03:31:08.397+0000] {processor.py:208} INFO - Processing /home/vscode/.local/lib/python3.10/site-packages/airflow/example_dags/tutorial_dag.py took 0.047 seconds
[2025-01-19T03:31:57.480+0000] {processor.py:186} INFO - Started process (PID=10219) to work on /home/vscode/.local/lib/python3.10/site-packages/airflow/example_dags/tutorial_dag.py
[2025-01-19T03:31:57.482+0000] {processor.py:914} INFO - Processing file /home/vscode/.local/lib/python3.10/site-packages/airflow/example_dags/tutorial_dag.py for tasks to queue
[2025-01-19T03:31:57.484+0000] {logging_mixin.py:190} INFO - [2025-01-19T03:31:57.484+0000] {dagbag.py:588} INFO - Filling up the DagBag from /home/vscode/.local/lib/python3.10/site-packages/airflow/example_dags/tutorial_dag.py
[2025-01-19T03:31:57.492+0000] {processor.py:925} INFO - DAG(s) 'tutorial_dag' retrieved from /home/vscode/.local/lib/python3.10/site-packages/airflow/example_dags/tutorial_dag.py
[2025-01-19T03:31:57.508+0000] {logging_mixin.py:190} INFO - [2025-01-19T03:31:57.508+0000] {dag.py:3239} INFO - Sync 1 DAGs
[2025-01-19T03:31:57.518+0000] {logging_mixin.py:190} INFO - [2025-01-19T03:31:57.517+0000] {dag.py:4180} INFO - Setting next_dagrun for tutorial_dag to None, run_after=None
[2025-01-19T03:31:57.536+0000] {processor.py:208} INFO - Processing /home/vscode/.local/lib/python3.10/site-packages/airflow/example_dags/tutorial_dag.py took 0.065 seconds
[2025-01-19T03:32:48.302+0000] {processor.py:186} INFO - Started process (PID=10698) to work on /home/vscode/.local/lib/python3.10/site-packages/airflow/example_dags/tutorial_dag.py
[2025-01-19T03:32:48.303+0000] {processor.py:914} INFO - Processing file /home/vscode/.local/lib/python3.10/site-packages/airflow/example_dags/tutorial_dag.py for tasks to queue
[2025-01-19T03:32:48.305+0000] {logging_mixin.py:190} INFO - [2025-01-19T03:32:48.305+0000] {dagbag.py:588} INFO - Filling up the DagBag from /home/vscode/.local/lib/python3.10/site-packages/airflow/example_dags/tutorial_dag.py
[2025-01-19T03:32:48.311+0000] {processor.py:925} INFO - DAG(s) 'tutorial_dag' retrieved from /home/vscode/.local/lib/python3.10/site-packages/airflow/example_dags/tutorial_dag.py
[2025-01-19T03:32:48.322+0000] {logging_mixin.py:190} INFO - [2025-01-19T03:32:48.322+0000] {dag.py:3239} INFO - Sync 1 DAGs
[2025-01-19T03:32:48.331+0000] {logging_mixin.py:190} INFO - [2025-01-19T03:32:48.331+0000] {dag.py:4180} INFO - Setting next_dagrun for tutorial_dag to None, run_after=None
[2025-01-19T03:32:48.346+0000] {processor.py:208} INFO - Processing /home/vscode/.local/lib/python3.10/site-packages/airflow/example_dags/tutorial_dag.py took 0.048 seconds
[2025-01-19T03:33:40.925+0000] {processor.py:186} INFO - Started process (PID=11064) to work on /home/vscode/.local/lib/python3.10/site-packages/airflow/example_dags/tutorial_dag.py
[2025-01-19T03:33:40.926+0000] {processor.py:914} INFO - Processing file /home/vscode/.local/lib/python3.10/site-packages/airflow/example_dags/tutorial_dag.py for tasks to queue
[2025-01-19T03:33:40.928+0000] {logging_mixin.py:190} INFO - [2025-01-19T03:33:40.927+0000] {dagbag.py:588} INFO - Filling up the DagBag from /home/vscode/.local/lib/python3.10/site-packages/airflow/example_dags/tutorial_dag.py
[2025-01-19T03:33:40.933+0000] {processor.py:925} INFO - DAG(s) 'tutorial_dag' retrieved from /home/vscode/.local/lib/python3.10/site-packages/airflow/example_dags/tutorial_dag.py
[2025-01-19T03:33:40.945+0000] {logging_mixin.py:190} INFO - [2025-01-19T03:33:40.944+0000] {dag.py:3239} INFO - Sync 1 DAGs
[2025-01-19T03:33:40.954+0000] {logging_mixin.py:190} INFO - [2025-01-19T03:33:40.953+0000] {dag.py:4180} INFO - Setting next_dagrun for tutorial_dag to None, run_after=None
[2025-01-19T03:33:40.967+0000] {processor.py:208} INFO - Processing /home/vscode/.local/lib/python3.10/site-packages/airflow/example_dags/tutorial_dag.py took 0.047 seconds
[2025-01-19T03:34:29.958+0000] {processor.py:186} INFO - Started process (PID=11414) to work on /home/vscode/.local/lib/python3.10/site-packages/airflow/example_dags/tutorial_dag.py
[2025-01-19T03:34:29.959+0000] {processor.py:914} INFO - Processing file /home/vscode/.local/lib/python3.10/site-packages/airflow/example_dags/tutorial_dag.py for tasks to queue
[2025-01-19T03:34:29.961+0000] {logging_mixin.py:190} INFO - [2025-01-19T03:34:29.960+0000] {dagbag.py:588} INFO - Filling up the DagBag from /home/vscode/.local/lib/python3.10/site-packages/airflow/example_dags/tutorial_dag.py
[2025-01-19T03:34:29.967+0000] {processor.py:925} INFO - DAG(s) 'tutorial_dag' retrieved from /home/vscode/.local/lib/python3.10/site-packages/airflow/example_dags/tutorial_dag.py
[2025-01-19T03:34:29.978+0000] {logging_mixin.py:190} INFO - [2025-01-19T03:34:29.978+0000] {dag.py:3239} INFO - Sync 1 DAGs
[2025-01-19T03:34:29.987+0000] {logging_mixin.py:190} INFO - [2025-01-19T03:34:29.987+0000] {dag.py:4180} INFO - Setting next_dagrun for tutorial_dag to None, run_after=None
[2025-01-19T03:34:30.002+0000] {processor.py:208} INFO - Processing /home/vscode/.local/lib/python3.10/site-packages/airflow/example_dags/tutorial_dag.py took 0.048 seconds
[2025-01-19T03:35:19.131+0000] {processor.py:186} INFO - Started process (PID=11820) to work on /home/vscode/.local/lib/python3.10/site-packages/airflow/example_dags/tutorial_dag.py
[2025-01-19T03:35:19.132+0000] {processor.py:914} INFO - Processing file /home/vscode/.local/lib/python3.10/site-packages/airflow/example_dags/tutorial_dag.py for tasks to queue
[2025-01-19T03:35:19.134+0000] {logging_mixin.py:190} INFO - [2025-01-19T03:35:19.134+0000] {dagbag.py:588} INFO - Filling up the DagBag from /home/vscode/.local/lib/python3.10/site-packages/airflow/example_dags/tutorial_dag.py
[2025-01-19T03:35:19.140+0000] {processor.py:925} INFO - DAG(s) 'tutorial_dag' retrieved from /home/vscode/.local/lib/python3.10/site-packages/airflow/example_dags/tutorial_dag.py
[2025-01-19T03:35:19.151+0000] {logging_mixin.py:190} INFO - [2025-01-19T03:35:19.151+0000] {dag.py:3239} INFO - Sync 1 DAGs
[2025-01-19T03:35:19.161+0000] {logging_mixin.py:190} INFO - [2025-01-19T03:35:19.160+0000] {dag.py:4180} INFO - Setting next_dagrun for tutorial_dag to None, run_after=None
[2025-01-19T03:35:19.178+0000] {processor.py:208} INFO - Processing /home/vscode/.local/lib/python3.10/site-packages/airflow/example_dags/tutorial_dag.py took 0.051 seconds
[2025-01-19T03:36:09.943+0000] {processor.py:186} INFO - Started process (PID=12215) to work on /home/vscode/.local/lib/python3.10/site-packages/airflow/example_dags/tutorial_dag.py
[2025-01-19T03:36:09.944+0000] {processor.py:914} INFO - Processing file /home/vscode/.local/lib/python3.10/site-packages/airflow/example_dags/tutorial_dag.py for tasks to queue
[2025-01-19T03:36:09.945+0000] {logging_mixin.py:190} INFO - [2025-01-19T03:36:09.945+0000] {dagbag.py:588} INFO - Filling up the DagBag from /home/vscode/.local/lib/python3.10/site-packages/airflow/example_dags/tutorial_dag.py
[2025-01-19T03:36:09.952+0000] {processor.py:925} INFO - DAG(s) 'tutorial_dag' retrieved from /home/vscode/.local/lib/python3.10/site-packages/airflow/example_dags/tutorial_dag.py
[2025-01-19T03:36:09.963+0000] {logging_mixin.py:190} INFO - [2025-01-19T03:36:09.963+0000] {dag.py:3239} INFO - Sync 1 DAGs
[2025-01-19T03:36:09.973+0000] {logging_mixin.py:190} INFO - [2025-01-19T03:36:09.973+0000] {dag.py:4180} INFO - Setting next_dagrun for tutorial_dag to None, run_after=None
[2025-01-19T03:36:09.987+0000] {processor.py:208} INFO - Processing /home/vscode/.local/lib/python3.10/site-packages/airflow/example_dags/tutorial_dag.py took 0.049 seconds
[2025-01-19T03:36:58.005+0000] {processor.py:186} INFO - Started process (PID=12526) to work on /home/vscode/.local/lib/python3.10/site-packages/airflow/example_dags/tutorial_dag.py
[2025-01-19T03:36:58.005+0000] {processor.py:914} INFO - Processing file /home/vscode/.local/lib/python3.10/site-packages/airflow/example_dags/tutorial_dag.py for tasks to queue
[2025-01-19T03:36:58.007+0000] {logging_mixin.py:190} INFO - [2025-01-19T03:36:58.007+0000] {dagbag.py:588} INFO - Filling up the DagBag from /home/vscode/.local/lib/python3.10/site-packages/airflow/example_dags/tutorial_dag.py
[2025-01-19T03:36:58.014+0000] {processor.py:925} INFO - DAG(s) 'tutorial_dag' retrieved from /home/vscode/.local/lib/python3.10/site-packages/airflow/example_dags/tutorial_dag.py
[2025-01-19T03:36:58.026+0000] {logging_mixin.py:190} INFO - [2025-01-19T03:36:58.026+0000] {dag.py:3239} INFO - Sync 1 DAGs
[2025-01-19T03:36:58.040+0000] {logging_mixin.py:190} INFO - [2025-01-19T03:36:58.039+0000] {dag.py:4180} INFO - Setting next_dagrun for tutorial_dag to None, run_after=None
[2025-01-19T03:36:58.056+0000] {processor.py:208} INFO - Processing /home/vscode/.local/lib/python3.10/site-packages/airflow/example_dags/tutorial_dag.py took 0.057 seconds
[2025-01-19T03:37:50.335+0000] {processor.py:186} INFO - Started process (PID=12892) to work on /home/vscode/.local/lib/python3.10/site-packages/airflow/example_dags/tutorial_dag.py
[2025-01-19T03:37:50.336+0000] {processor.py:914} INFO - Processing file /home/vscode/.local/lib/python3.10/site-packages/airflow/example_dags/tutorial_dag.py for tasks to queue
[2025-01-19T03:37:50.337+0000] {logging_mixin.py:190} INFO - [2025-01-19T03:37:50.337+0000] {dagbag.py:588} INFO - Filling up the DagBag from /home/vscode/.local/lib/python3.10/site-packages/airflow/example_dags/tutorial_dag.py
[2025-01-19T03:37:50.343+0000] {processor.py:925} INFO - DAG(s) 'tutorial_dag' retrieved from /home/vscode/.local/lib/python3.10/site-packages/airflow/example_dags/tutorial_dag.py
[2025-01-19T03:37:50.354+0000] {logging_mixin.py:190} INFO - [2025-01-19T03:37:50.354+0000] {dag.py:3239} INFO - Sync 1 DAGs
[2025-01-19T03:37:50.363+0000] {logging_mixin.py:190} INFO - [2025-01-19T03:37:50.363+0000] {dag.py:4180} INFO - Setting next_dagrun for tutorial_dag to None, run_after=None
[2025-01-19T03:37:50.377+0000] {processor.py:208} INFO - Processing /home/vscode/.local/lib/python3.10/site-packages/airflow/example_dags/tutorial_dag.py took 0.047 seconds
[2025-01-19T03:38:38.532+0000] {processor.py:186} INFO - Started process (PID=13213) to work on /home/vscode/.local/lib/python3.10/site-packages/airflow/example_dags/tutorial_dag.py
[2025-01-19T03:38:38.533+0000] {processor.py:914} INFO - Processing file /home/vscode/.local/lib/python3.10/site-packages/airflow/example_dags/tutorial_dag.py for tasks to queue
[2025-01-19T03:38:38.534+0000] {logging_mixin.py:190} INFO - [2025-01-19T03:38:38.534+0000] {dagbag.py:588} INFO - Filling up the DagBag from /home/vscode/.local/lib/python3.10/site-packages/airflow/example_dags/tutorial_dag.py
[2025-01-19T03:38:38.540+0000] {processor.py:925} INFO - DAG(s) 'tutorial_dag' retrieved from /home/vscode/.local/lib/python3.10/site-packages/airflow/example_dags/tutorial_dag.py
[2025-01-19T03:38:38.551+0000] {logging_mixin.py:190} INFO - [2025-01-19T03:38:38.551+0000] {dag.py:3239} INFO - Sync 1 DAGs
[2025-01-19T03:38:38.560+0000] {logging_mixin.py:190} INFO - [2025-01-19T03:38:38.560+0000] {dag.py:4180} INFO - Setting next_dagrun for tutorial_dag to None, run_after=None
[2025-01-19T03:38:38.574+0000] {processor.py:208} INFO - Processing /home/vscode/.local/lib/python3.10/site-packages/airflow/example_dags/tutorial_dag.py took 0.047 seconds
[2025-01-19T03:39:28.178+0000] {processor.py:186} INFO - Started process (PID=13549) to work on /home/vscode/.local/lib/python3.10/site-packages/airflow/example_dags/tutorial_dag.py
[2025-01-19T03:39:28.179+0000] {processor.py:914} INFO - Processing file /home/vscode/.local/lib/python3.10/site-packages/airflow/example_dags/tutorial_dag.py for tasks to queue
[2025-01-19T03:39:28.180+0000] {logging_mixin.py:190} INFO - [2025-01-19T03:39:28.180+0000] {dagbag.py:588} INFO - Filling up the DagBag from /home/vscode/.local/lib/python3.10/site-packages/airflow/example_dags/tutorial_dag.py
[2025-01-19T03:39:28.186+0000] {processor.py:925} INFO - DAG(s) 'tutorial_dag' retrieved from /home/vscode/.local/lib/python3.10/site-packages/airflow/example_dags/tutorial_dag.py
[2025-01-19T03:39:28.198+0000] {logging_mixin.py:190} INFO - [2025-01-19T03:39:28.197+0000] {dag.py:3239} INFO - Sync 1 DAGs
[2025-01-19T03:39:28.207+0000] {logging_mixin.py:190} INFO - [2025-01-19T03:39:28.207+0000] {dag.py:4180} INFO - Setting next_dagrun for tutorial_dag to None, run_after=None
[2025-01-19T03:39:28.221+0000] {processor.py:208} INFO - Processing /home/vscode/.local/lib/python3.10/site-packages/airflow/example_dags/tutorial_dag.py took 0.048 seconds
[2025-01-19T03:40:21.060+0000] {processor.py:186} INFO - Started process (PID=13908) to work on /home/vscode/.local/lib/python3.10/site-packages/airflow/example_dags/tutorial_dag.py
[2025-01-19T03:40:21.061+0000] {processor.py:914} INFO - Processing file /home/vscode/.local/lib/python3.10/site-packages/airflow/example_dags/tutorial_dag.py for tasks to queue
[2025-01-19T03:40:21.062+0000] {logging_mixin.py:190} INFO - [2025-01-19T03:40:21.062+0000] {dagbag.py:588} INFO - Filling up the DagBag from /home/vscode/.local/lib/python3.10/site-packages/airflow/example_dags/tutorial_dag.py
[2025-01-19T03:40:21.068+0000] {processor.py:925} INFO - DAG(s) 'tutorial_dag' retrieved from /home/vscode/.local/lib/python3.10/site-packages/airflow/example_dags/tutorial_dag.py
[2025-01-19T03:40:21.079+0000] {logging_mixin.py:190} INFO - [2025-01-19T03:40:21.079+0000] {dag.py:3239} INFO - Sync 1 DAGs
[2025-01-19T03:40:21.089+0000] {logging_mixin.py:190} INFO - [2025-01-19T03:40:21.088+0000] {dag.py:4180} INFO - Setting next_dagrun for tutorial_dag to None, run_after=None
[2025-01-19T03:40:21.103+0000] {processor.py:208} INFO - Processing /home/vscode/.local/lib/python3.10/site-packages/airflow/example_dags/tutorial_dag.py took 0.048 seconds
[2025-01-19T03:41:10.558+0000] {processor.py:186} INFO - Started process (PID=14242) to work on /home/vscode/.local/lib/python3.10/site-packages/airflow/example_dags/tutorial_dag.py
[2025-01-19T03:41:10.559+0000] {processor.py:914} INFO - Processing file /home/vscode/.local/lib/python3.10/site-packages/airflow/example_dags/tutorial_dag.py for tasks to queue
[2025-01-19T03:41:10.561+0000] {logging_mixin.py:190} INFO - [2025-01-19T03:41:10.561+0000] {dagbag.py:588} INFO - Filling up the DagBag from /home/vscode/.local/lib/python3.10/site-packages/airflow/example_dags/tutorial_dag.py
[2025-01-19T03:41:10.567+0000] {processor.py:925} INFO - DAG(s) 'tutorial_dag' retrieved from /home/vscode/.local/lib/python3.10/site-packages/airflow/example_dags/tutorial_dag.py
[2025-01-19T03:41:10.578+0000] {logging_mixin.py:190} INFO - [2025-01-19T03:41:10.578+0000] {dag.py:3239} INFO - Sync 1 DAGs
[2025-01-19T03:41:10.588+0000] {logging_mixin.py:190} INFO - [2025-01-19T03:41:10.587+0000] {dag.py:4180} INFO - Setting next_dagrun for tutorial_dag to None, run_after=None
[2025-01-19T03:41:10.602+0000] {processor.py:208} INFO - Processing /home/vscode/.local/lib/python3.10/site-packages/airflow/example_dags/tutorial_dag.py took 0.048 seconds
[2025-01-19T03:42:01.815+0000] {processor.py:186} INFO - Started process (PID=14583) to work on /home/vscode/.local/lib/python3.10/site-packages/airflow/example_dags/tutorial_dag.py
[2025-01-19T03:42:01.816+0000] {processor.py:914} INFO - Processing file /home/vscode/.local/lib/python3.10/site-packages/airflow/example_dags/tutorial_dag.py for tasks to queue
[2025-01-19T03:42:01.818+0000] {logging_mixin.py:190} INFO - [2025-01-19T03:42:01.817+0000] {dagbag.py:588} INFO - Filling up the DagBag from /home/vscode/.local/lib/python3.10/site-packages/airflow/example_dags/tutorial_dag.py
[2025-01-19T03:42:01.823+0000] {processor.py:925} INFO - DAG(s) 'tutorial_dag' retrieved from /home/vscode/.local/lib/python3.10/site-packages/airflow/example_dags/tutorial_dag.py
[2025-01-19T03:42:01.834+0000] {logging_mixin.py:190} INFO - [2025-01-19T03:42:01.834+0000] {dag.py:3239} INFO - Sync 1 DAGs
[2025-01-19T03:42:01.843+0000] {logging_mixin.py:190} INFO - [2025-01-19T03:42:01.843+0000] {dag.py:4180} INFO - Setting next_dagrun for tutorial_dag to None, run_after=None
[2025-01-19T03:42:01.857+0000] {processor.py:208} INFO - Processing /home/vscode/.local/lib/python3.10/site-packages/airflow/example_dags/tutorial_dag.py took 0.047 seconds
[2025-01-19T03:42:52.262+0000] {processor.py:186} INFO - Started process (PID=14931) to work on /home/vscode/.local/lib/python3.10/site-packages/airflow/example_dags/tutorial_dag.py
[2025-01-19T03:42:52.263+0000] {processor.py:914} INFO - Processing file /home/vscode/.local/lib/python3.10/site-packages/airflow/example_dags/tutorial_dag.py for tasks to queue
[2025-01-19T03:42:52.265+0000] {logging_mixin.py:190} INFO - [2025-01-19T03:42:52.264+0000] {dagbag.py:588} INFO - Filling up the DagBag from /home/vscode/.local/lib/python3.10/site-packages/airflow/example_dags/tutorial_dag.py
[2025-01-19T03:42:52.272+0000] {processor.py:925} INFO - DAG(s) 'tutorial_dag' retrieved from /home/vscode/.local/lib/python3.10/site-packages/airflow/example_dags/tutorial_dag.py
[2025-01-19T03:42:52.283+0000] {logging_mixin.py:190} INFO - [2025-01-19T03:42:52.283+0000] {dag.py:3239} INFO - Sync 1 DAGs
[2025-01-19T03:42:52.292+0000] {logging_mixin.py:190} INFO - [2025-01-19T03:42:52.292+0000] {dag.py:4180} INFO - Setting next_dagrun for tutorial_dag to None, run_after=None
[2025-01-19T03:42:52.309+0000] {processor.py:208} INFO - Processing /home/vscode/.local/lib/python3.10/site-packages/airflow/example_dags/tutorial_dag.py took 0.052 seconds
[2025-01-19T03:43:43.632+0000] {processor.py:186} INFO - Started process (PID=15278) to work on /home/vscode/.local/lib/python3.10/site-packages/airflow/example_dags/tutorial_dag.py
[2025-01-19T03:43:43.633+0000] {processor.py:914} INFO - Processing file /home/vscode/.local/lib/python3.10/site-packages/airflow/example_dags/tutorial_dag.py for tasks to queue
[2025-01-19T03:43:43.635+0000] {logging_mixin.py:190} INFO - [2025-01-19T03:43:43.634+0000] {dagbag.py:588} INFO - Filling up the DagBag from /home/vscode/.local/lib/python3.10/site-packages/airflow/example_dags/tutorial_dag.py
[2025-01-19T03:43:43.640+0000] {processor.py:925} INFO - DAG(s) 'tutorial_dag' retrieved from /home/vscode/.local/lib/python3.10/site-packages/airflow/example_dags/tutorial_dag.py
[2025-01-19T03:43:43.655+0000] {logging_mixin.py:190} INFO - [2025-01-19T03:43:43.654+0000] {dag.py:3239} INFO - Sync 1 DAGs
[2025-01-19T03:43:43.669+0000] {logging_mixin.py:190} INFO - [2025-01-19T03:43:43.669+0000] {dag.py:4180} INFO - Setting next_dagrun for tutorial_dag to None, run_after=None
[2025-01-19T03:43:43.690+0000] {processor.py:208} INFO - Processing /home/vscode/.local/lib/python3.10/site-packages/airflow/example_dags/tutorial_dag.py took 0.062 seconds
[2025-01-19T03:44:36.632+0000] {processor.py:186} INFO - Started process (PID=15635) to work on /home/vscode/.local/lib/python3.10/site-packages/airflow/example_dags/tutorial_dag.py
[2025-01-19T03:44:36.633+0000] {processor.py:914} INFO - Processing file /home/vscode/.local/lib/python3.10/site-packages/airflow/example_dags/tutorial_dag.py for tasks to queue
[2025-01-19T03:44:36.635+0000] {logging_mixin.py:190} INFO - [2025-01-19T03:44:36.634+0000] {dagbag.py:588} INFO - Filling up the DagBag from /home/vscode/.local/lib/python3.10/site-packages/airflow/example_dags/tutorial_dag.py
[2025-01-19T03:44:36.640+0000] {processor.py:925} INFO - DAG(s) 'tutorial_dag' retrieved from /home/vscode/.local/lib/python3.10/site-packages/airflow/example_dags/tutorial_dag.py
[2025-01-19T03:44:36.652+0000] {logging_mixin.py:190} INFO - [2025-01-19T03:44:36.652+0000] {dag.py:3239} INFO - Sync 1 DAGs
[2025-01-19T03:44:36.661+0000] {logging_mixin.py:190} INFO - [2025-01-19T03:44:36.661+0000] {dag.py:4180} INFO - Setting next_dagrun for tutorial_dag to None, run_after=None
[2025-01-19T03:44:36.676+0000] {processor.py:208} INFO - Processing /home/vscode/.local/lib/python3.10/site-packages/airflow/example_dags/tutorial_dag.py took 0.048 seconds
[2025-01-19T03:45:30.236+0000] {processor.py:186} INFO - Started process (PID=15989) to work on /home/vscode/.local/lib/python3.10/site-packages/airflow/example_dags/tutorial_dag.py
[2025-01-19T03:45:30.237+0000] {processor.py:914} INFO - Processing file /home/vscode/.local/lib/python3.10/site-packages/airflow/example_dags/tutorial_dag.py for tasks to queue
[2025-01-19T03:45:30.239+0000] {logging_mixin.py:190} INFO - [2025-01-19T03:45:30.238+0000] {dagbag.py:588} INFO - Filling up the DagBag from /home/vscode/.local/lib/python3.10/site-packages/airflow/example_dags/tutorial_dag.py
[2025-01-19T03:45:30.245+0000] {processor.py:925} INFO - DAG(s) 'tutorial_dag' retrieved from /home/vscode/.local/lib/python3.10/site-packages/airflow/example_dags/tutorial_dag.py
[2025-01-19T03:45:30.257+0000] {logging_mixin.py:190} INFO - [2025-01-19T03:45:30.256+0000] {dag.py:3239} INFO - Sync 1 DAGs
[2025-01-19T03:45:30.266+0000] {logging_mixin.py:190} INFO - [2025-01-19T03:45:30.266+0000] {dag.py:4180} INFO - Setting next_dagrun for tutorial_dag to None, run_after=None
[2025-01-19T03:45:30.280+0000] {processor.py:208} INFO - Processing /home/vscode/.local/lib/python3.10/site-packages/airflow/example_dags/tutorial_dag.py took 0.049 seconds
[2025-01-19T03:46:18.809+0000] {processor.py:186} INFO - Started process (PID=16320) to work on /home/vscode/.local/lib/python3.10/site-packages/airflow/example_dags/tutorial_dag.py
[2025-01-19T03:46:18.810+0000] {processor.py:914} INFO - Processing file /home/vscode/.local/lib/python3.10/site-packages/airflow/example_dags/tutorial_dag.py for tasks to queue
[2025-01-19T03:46:18.812+0000] {logging_mixin.py:190} INFO - [2025-01-19T03:46:18.812+0000] {dagbag.py:588} INFO - Filling up the DagBag from /home/vscode/.local/lib/python3.10/site-packages/airflow/example_dags/tutorial_dag.py
[2025-01-19T03:46:18.818+0000] {processor.py:925} INFO - DAG(s) 'tutorial_dag' retrieved from /home/vscode/.local/lib/python3.10/site-packages/airflow/example_dags/tutorial_dag.py
[2025-01-19T03:46:18.829+0000] {logging_mixin.py:190} INFO - [2025-01-19T03:46:18.829+0000] {dag.py:3239} INFO - Sync 1 DAGs
[2025-01-19T03:46:18.839+0000] {logging_mixin.py:190} INFO - [2025-01-19T03:46:18.838+0000] {dag.py:4180} INFO - Setting next_dagrun for tutorial_dag to None, run_after=None
[2025-01-19T03:46:18.853+0000] {processor.py:208} INFO - Processing /home/vscode/.local/lib/python3.10/site-packages/airflow/example_dags/tutorial_dag.py took 0.048 seconds
[2025-01-19T03:47:12.398+0000] {processor.py:186} INFO - Started process (PID=16673) to work on /home/vscode/.local/lib/python3.10/site-packages/airflow/example_dags/tutorial_dag.py
[2025-01-19T03:47:12.399+0000] {processor.py:914} INFO - Processing file /home/vscode/.local/lib/python3.10/site-packages/airflow/example_dags/tutorial_dag.py for tasks to queue
[2025-01-19T03:47:12.400+0000] {logging_mixin.py:190} INFO - [2025-01-19T03:47:12.400+0000] {dagbag.py:588} INFO - Filling up the DagBag from /home/vscode/.local/lib/python3.10/site-packages/airflow/example_dags/tutorial_dag.py
[2025-01-19T03:47:12.406+0000] {processor.py:925} INFO - DAG(s) 'tutorial_dag' retrieved from /home/vscode/.local/lib/python3.10/site-packages/airflow/example_dags/tutorial_dag.py
[2025-01-19T03:47:12.417+0000] {logging_mixin.py:190} INFO - [2025-01-19T03:47:12.417+0000] {dag.py:3239} INFO - Sync 1 DAGs
[2025-01-19T03:47:12.426+0000] {logging_mixin.py:190} INFO - [2025-01-19T03:47:12.426+0000] {dag.py:4180} INFO - Setting next_dagrun for tutorial_dag to None, run_after=None
[2025-01-19T03:47:12.441+0000] {processor.py:208} INFO - Processing /home/vscode/.local/lib/python3.10/site-packages/airflow/example_dags/tutorial_dag.py took 0.047 seconds
[2025-01-19T03:48:02.810+0000] {processor.py:186} INFO - Started process (PID=17027) to work on /home/vscode/.local/lib/python3.10/site-packages/airflow/example_dags/tutorial_dag.py
[2025-01-19T03:48:02.811+0000] {processor.py:914} INFO - Processing file /home/vscode/.local/lib/python3.10/site-packages/airflow/example_dags/tutorial_dag.py for tasks to queue
[2025-01-19T03:48:02.812+0000] {logging_mixin.py:190} INFO - [2025-01-19T03:48:02.812+0000] {dagbag.py:588} INFO - Filling up the DagBag from /home/vscode/.local/lib/python3.10/site-packages/airflow/example_dags/tutorial_dag.py
[2025-01-19T03:48:02.818+0000] {processor.py:925} INFO - DAG(s) 'tutorial_dag' retrieved from /home/vscode/.local/lib/python3.10/site-packages/airflow/example_dags/tutorial_dag.py
[2025-01-19T03:48:02.833+0000] {logging_mixin.py:190} INFO - [2025-01-19T03:48:02.832+0000] {dag.py:3239} INFO - Sync 1 DAGs
[2025-01-19T03:48:02.842+0000] {logging_mixin.py:190} INFO - [2025-01-19T03:48:02.842+0000] {dag.py:4180} INFO - Setting next_dagrun for tutorial_dag to None, run_after=None
[2025-01-19T03:48:02.857+0000] {processor.py:208} INFO - Processing /home/vscode/.local/lib/python3.10/site-packages/airflow/example_dags/tutorial_dag.py took 0.051 seconds
[2025-01-19T03:48:53.448+0000] {processor.py:186} INFO - Started process (PID=17406) to work on /home/vscode/.local/lib/python3.10/site-packages/airflow/example_dags/tutorial_dag.py
[2025-01-19T03:48:53.449+0000] {processor.py:914} INFO - Processing file /home/vscode/.local/lib/python3.10/site-packages/airflow/example_dags/tutorial_dag.py for tasks to queue
[2025-01-19T03:48:53.451+0000] {logging_mixin.py:190} INFO - [2025-01-19T03:48:53.451+0000] {dagbag.py:588} INFO - Filling up the DagBag from /home/vscode/.local/lib/python3.10/site-packages/airflow/example_dags/tutorial_dag.py
[2025-01-19T03:48:53.457+0000] {processor.py:925} INFO - DAG(s) 'tutorial_dag' retrieved from /home/vscode/.local/lib/python3.10/site-packages/airflow/example_dags/tutorial_dag.py
[2025-01-19T03:48:53.468+0000] {logging_mixin.py:190} INFO - [2025-01-19T03:48:53.467+0000] {dag.py:3239} INFO - Sync 1 DAGs
[2025-01-19T03:48:53.477+0000] {logging_mixin.py:190} INFO - [2025-01-19T03:48:53.477+0000] {dag.py:4180} INFO - Setting next_dagrun for tutorial_dag to None, run_after=None
[2025-01-19T03:48:53.492+0000] {processor.py:208} INFO - Processing /home/vscode/.local/lib/python3.10/site-packages/airflow/example_dags/tutorial_dag.py took 0.048 seconds
[2025-01-19T03:49:44.785+0000] {processor.py:186} INFO - Started process (PID=17853) to work on /home/vscode/.local/lib/python3.10/site-packages/airflow/example_dags/tutorial_dag.py
[2025-01-19T03:49:44.786+0000] {processor.py:914} INFO - Processing file /home/vscode/.local/lib/python3.10/site-packages/airflow/example_dags/tutorial_dag.py for tasks to queue
[2025-01-19T03:49:44.788+0000] {logging_mixin.py:190} INFO - [2025-01-19T03:49:44.788+0000] {dagbag.py:588} INFO - Filling up the DagBag from /home/vscode/.local/lib/python3.10/site-packages/airflow/example_dags/tutorial_dag.py
[2025-01-19T03:49:44.794+0000] {processor.py:925} INFO - DAG(s) 'tutorial_dag' retrieved from /home/vscode/.local/lib/python3.10/site-packages/airflow/example_dags/tutorial_dag.py
[2025-01-19T03:49:44.806+0000] {logging_mixin.py:190} INFO - [2025-01-19T03:49:44.806+0000] {dag.py:3239} INFO - Sync 1 DAGs
[2025-01-19T03:49:44.819+0000] {logging_mixin.py:190} INFO - [2025-01-19T03:49:44.819+0000] {dag.py:4180} INFO - Setting next_dagrun for tutorial_dag to None, run_after=None
[2025-01-19T03:49:44.833+0000] {processor.py:208} INFO - Processing /home/vscode/.local/lib/python3.10/site-packages/airflow/example_dags/tutorial_dag.py took 0.053 seconds
[2025-01-19T03:50:35.066+0000] {processor.py:186} INFO - Started process (PID=18235) to work on /home/vscode/.local/lib/python3.10/site-packages/airflow/example_dags/tutorial_dag.py
[2025-01-19T03:50:35.067+0000] {processor.py:914} INFO - Processing file /home/vscode/.local/lib/python3.10/site-packages/airflow/example_dags/tutorial_dag.py for tasks to queue
[2025-01-19T03:50:35.070+0000] {logging_mixin.py:190} INFO - [2025-01-19T03:50:35.070+0000] {dagbag.py:588} INFO - Filling up the DagBag from /home/vscode/.local/lib/python3.10/site-packages/airflow/example_dags/tutorial_dag.py
[2025-01-19T03:50:35.078+0000] {processor.py:925} INFO - DAG(s) 'tutorial_dag' retrieved from /home/vscode/.local/lib/python3.10/site-packages/airflow/example_dags/tutorial_dag.py
[2025-01-19T03:50:35.094+0000] {logging_mixin.py:190} INFO - [2025-01-19T03:50:35.094+0000] {dag.py:3239} INFO - Sync 1 DAGs
[2025-01-19T03:50:35.104+0000] {logging_mixin.py:190} INFO - [2025-01-19T03:50:35.104+0000] {dag.py:4180} INFO - Setting next_dagrun for tutorial_dag to None, run_after=None
[2025-01-19T03:50:35.118+0000] {processor.py:208} INFO - Processing /home/vscode/.local/lib/python3.10/site-packages/airflow/example_dags/tutorial_dag.py took 0.059 seconds
[2025-01-19T03:51:22.753+0000] {processor.py:186} INFO - Started process (PID=18619) to work on /home/vscode/.local/lib/python3.10/site-packages/airflow/example_dags/tutorial_dag.py
[2025-01-19T03:51:22.754+0000] {processor.py:914} INFO - Processing file /home/vscode/.local/lib/python3.10/site-packages/airflow/example_dags/tutorial_dag.py for tasks to queue
[2025-01-19T03:51:22.756+0000] {logging_mixin.py:190} INFO - [2025-01-19T03:51:22.756+0000] {dagbag.py:588} INFO - Filling up the DagBag from /home/vscode/.local/lib/python3.10/site-packages/airflow/example_dags/tutorial_dag.py
[2025-01-19T03:51:22.764+0000] {processor.py:925} INFO - DAG(s) 'tutorial_dag' retrieved from /home/vscode/.local/lib/python3.10/site-packages/airflow/example_dags/tutorial_dag.py
[2025-01-19T03:51:22.782+0000] {logging_mixin.py:190} INFO - [2025-01-19T03:51:22.782+0000] {dag.py:3239} INFO - Sync 1 DAGs
[2025-01-19T03:51:22.792+0000] {logging_mixin.py:190} INFO - [2025-01-19T03:51:22.792+0000] {dag.py:4180} INFO - Setting next_dagrun for tutorial_dag to None, run_after=None
[2025-01-19T03:51:22.807+0000] {processor.py:208} INFO - Processing /home/vscode/.local/lib/python3.10/site-packages/airflow/example_dags/tutorial_dag.py took 0.059 seconds
[2025-01-19T03:54:56.819+0000] {processor.py:186} INFO - Started process (PID=20118) to work on /home/vscode/.local/lib/python3.10/site-packages/airflow/example_dags/tutorial_dag.py
[2025-01-19T03:54:56.820+0000] {processor.py:914} INFO - Processing file /home/vscode/.local/lib/python3.10/site-packages/airflow/example_dags/tutorial_dag.py for tasks to queue
[2025-01-19T03:54:56.822+0000] {logging_mixin.py:190} INFO - [2025-01-19T03:54:56.821+0000] {dagbag.py:588} INFO - Filling up the DagBag from /home/vscode/.local/lib/python3.10/site-packages/airflow/example_dags/tutorial_dag.py
[2025-01-19T03:54:56.827+0000] {processor.py:925} INFO - DAG(s) 'tutorial_dag' retrieved from /home/vscode/.local/lib/python3.10/site-packages/airflow/example_dags/tutorial_dag.py
[2025-01-19T03:54:56.840+0000] {logging_mixin.py:190} INFO - [2025-01-19T03:54:56.840+0000] {dag.py:3239} INFO - Sync 1 DAGs
[2025-01-19T03:54:56.850+0000] {logging_mixin.py:190} INFO - [2025-01-19T03:54:56.850+0000] {dag.py:4180} INFO - Setting next_dagrun for tutorial_dag to None, run_after=None
[2025-01-19T03:54:56.864+0000] {processor.py:208} INFO - Processing /home/vscode/.local/lib/python3.10/site-packages/airflow/example_dags/tutorial_dag.py took 0.049 seconds
[2025-01-19T03:55:52.165+0000] {processor.py:186} INFO - Started process (PID=20497) to work on /home/vscode/.local/lib/python3.10/site-packages/airflow/example_dags/tutorial_dag.py
[2025-01-19T03:55:52.165+0000] {processor.py:914} INFO - Processing file /home/vscode/.local/lib/python3.10/site-packages/airflow/example_dags/tutorial_dag.py for tasks to queue
[2025-01-19T03:55:52.167+0000] {logging_mixin.py:190} INFO - [2025-01-19T03:55:52.167+0000] {dagbag.py:588} INFO - Filling up the DagBag from /home/vscode/.local/lib/python3.10/site-packages/airflow/example_dags/tutorial_dag.py
[2025-01-19T03:55:52.173+0000] {processor.py:925} INFO - DAG(s) 'tutorial_dag' retrieved from /home/vscode/.local/lib/python3.10/site-packages/airflow/example_dags/tutorial_dag.py
[2025-01-19T03:55:52.185+0000] {logging_mixin.py:190} INFO - [2025-01-19T03:55:52.184+0000] {dag.py:3239} INFO - Sync 1 DAGs
[2025-01-19T03:55:52.194+0000] {logging_mixin.py:190} INFO - [2025-01-19T03:55:52.194+0000] {dag.py:4180} INFO - Setting next_dagrun for tutorial_dag to None, run_after=None
[2025-01-19T03:55:52.208+0000] {processor.py:208} INFO - Processing /home/vscode/.local/lib/python3.10/site-packages/airflow/example_dags/tutorial_dag.py took 0.048 seconds
[2025-01-19T03:56:44.731+0000] {processor.py:186} INFO - Started process (PID=20853) to work on /home/vscode/.local/lib/python3.10/site-packages/airflow/example_dags/tutorial_dag.py
[2025-01-19T03:56:44.731+0000] {processor.py:914} INFO - Processing file /home/vscode/.local/lib/python3.10/site-packages/airflow/example_dags/tutorial_dag.py for tasks to queue
[2025-01-19T03:56:44.733+0000] {logging_mixin.py:190} INFO - [2025-01-19T03:56:44.733+0000] {dagbag.py:588} INFO - Filling up the DagBag from /home/vscode/.local/lib/python3.10/site-packages/airflow/example_dags/tutorial_dag.py
[2025-01-19T03:56:44.739+0000] {processor.py:925} INFO - DAG(s) 'tutorial_dag' retrieved from /home/vscode/.local/lib/python3.10/site-packages/airflow/example_dags/tutorial_dag.py
[2025-01-19T03:56:44.751+0000] {logging_mixin.py:190} INFO - [2025-01-19T03:56:44.750+0000] {dag.py:3239} INFO - Sync 1 DAGs
[2025-01-19T03:56:44.760+0000] {logging_mixin.py:190} INFO - [2025-01-19T03:56:44.760+0000] {dag.py:4180} INFO - Setting next_dagrun for tutorial_dag to None, run_after=None
[2025-01-19T03:56:44.775+0000] {processor.py:208} INFO - Processing /home/vscode/.local/lib/python3.10/site-packages/airflow/example_dags/tutorial_dag.py took 0.048 seconds
[2025-01-19T03:57:37.852+0000] {processor.py:186} INFO - Started process (PID=21215) to work on /home/vscode/.local/lib/python3.10/site-packages/airflow/example_dags/tutorial_dag.py
[2025-01-19T03:57:37.853+0000] {processor.py:914} INFO - Processing file /home/vscode/.local/lib/python3.10/site-packages/airflow/example_dags/tutorial_dag.py for tasks to queue
[2025-01-19T03:57:37.855+0000] {logging_mixin.py:190} INFO - [2025-01-19T03:57:37.855+0000] {dagbag.py:588} INFO - Filling up the DagBag from /home/vscode/.local/lib/python3.10/site-packages/airflow/example_dags/tutorial_dag.py
[2025-01-19T03:57:37.861+0000] {processor.py:925} INFO - DAG(s) 'tutorial_dag' retrieved from /home/vscode/.local/lib/python3.10/site-packages/airflow/example_dags/tutorial_dag.py
[2025-01-19T03:57:37.872+0000] {logging_mixin.py:190} INFO - [2025-01-19T03:57:37.872+0000] {dag.py:3239} INFO - Sync 1 DAGs
[2025-01-19T03:57:37.881+0000] {logging_mixin.py:190} INFO - [2025-01-19T03:57:37.881+0000] {dag.py:4180} INFO - Setting next_dagrun for tutorial_dag to None, run_after=None
[2025-01-19T03:57:37.895+0000] {processor.py:208} INFO - Processing /home/vscode/.local/lib/python3.10/site-packages/airflow/example_dags/tutorial_dag.py took 0.047 seconds
[2025-01-19T03:58:26.381+0000] {processor.py:186} INFO - Started process (PID=21546) to work on /home/vscode/.local/lib/python3.10/site-packages/airflow/example_dags/tutorial_dag.py
[2025-01-19T03:58:26.382+0000] {processor.py:914} INFO - Processing file /home/vscode/.local/lib/python3.10/site-packages/airflow/example_dags/tutorial_dag.py for tasks to queue
[2025-01-19T03:58:26.384+0000] {logging_mixin.py:190} INFO - [2025-01-19T03:58:26.384+0000] {dagbag.py:588} INFO - Filling up the DagBag from /home/vscode/.local/lib/python3.10/site-packages/airflow/example_dags/tutorial_dag.py
[2025-01-19T03:58:26.392+0000] {processor.py:925} INFO - DAG(s) 'tutorial_dag' retrieved from /home/vscode/.local/lib/python3.10/site-packages/airflow/example_dags/tutorial_dag.py
[2025-01-19T03:58:26.407+0000] {logging_mixin.py:190} INFO - [2025-01-19T03:58:26.407+0000] {dag.py:3239} INFO - Sync 1 DAGs
[2025-01-19T03:58:26.417+0000] {logging_mixin.py:190} INFO - [2025-01-19T03:58:26.417+0000] {dag.py:4180} INFO - Setting next_dagrun for tutorial_dag to None, run_after=None
[2025-01-19T03:58:26.436+0000] {processor.py:208} INFO - Processing /home/vscode/.local/lib/python3.10/site-packages/airflow/example_dags/tutorial_dag.py took 0.062 seconds
[2025-01-19T03:59:18.921+0000] {processor.py:186} INFO - Started process (PID=21896) to work on /home/vscode/.local/lib/python3.10/site-packages/airflow/example_dags/tutorial_dag.py
[2025-01-19T03:59:18.921+0000] {processor.py:914} INFO - Processing file /home/vscode/.local/lib/python3.10/site-packages/airflow/example_dags/tutorial_dag.py for tasks to queue
[2025-01-19T03:59:18.923+0000] {logging_mixin.py:190} INFO - [2025-01-19T03:59:18.923+0000] {dagbag.py:588} INFO - Filling up the DagBag from /home/vscode/.local/lib/python3.10/site-packages/airflow/example_dags/tutorial_dag.py
[2025-01-19T03:59:18.929+0000] {processor.py:925} INFO - DAG(s) 'tutorial_dag' retrieved from /home/vscode/.local/lib/python3.10/site-packages/airflow/example_dags/tutorial_dag.py
[2025-01-19T03:59:18.940+0000] {logging_mixin.py:190} INFO - [2025-01-19T03:59:18.940+0000] {dag.py:3239} INFO - Sync 1 DAGs
[2025-01-19T03:59:18.949+0000] {logging_mixin.py:190} INFO - [2025-01-19T03:59:18.949+0000] {dag.py:4180} INFO - Setting next_dagrun for tutorial_dag to None, run_after=None
[2025-01-19T03:59:18.964+0000] {processor.py:208} INFO - Processing /home/vscode/.local/lib/python3.10/site-packages/airflow/example_dags/tutorial_dag.py took 0.048 seconds
[2025-01-19T04:00:10.352+0000] {processor.py:186} INFO - Started process (PID=22246) to work on /home/vscode/.local/lib/python3.10/site-packages/airflow/example_dags/tutorial_dag.py
[2025-01-19T04:00:10.353+0000] {processor.py:914} INFO - Processing file /home/vscode/.local/lib/python3.10/site-packages/airflow/example_dags/tutorial_dag.py for tasks to queue
[2025-01-19T04:00:10.355+0000] {logging_mixin.py:190} INFO - [2025-01-19T04:00:10.354+0000] {dagbag.py:588} INFO - Filling up the DagBag from /home/vscode/.local/lib/python3.10/site-packages/airflow/example_dags/tutorial_dag.py
[2025-01-19T04:00:10.360+0000] {processor.py:925} INFO - DAG(s) 'tutorial_dag' retrieved from /home/vscode/.local/lib/python3.10/site-packages/airflow/example_dags/tutorial_dag.py
[2025-01-19T04:00:10.371+0000] {logging_mixin.py:190} INFO - [2025-01-19T04:00:10.371+0000] {dag.py:3239} INFO - Sync 1 DAGs
[2025-01-19T04:00:10.381+0000] {logging_mixin.py:190} INFO - [2025-01-19T04:00:10.381+0000] {dag.py:4180} INFO - Setting next_dagrun for tutorial_dag to None, run_after=None
[2025-01-19T04:00:10.397+0000] {processor.py:208} INFO - Processing /home/vscode/.local/lib/python3.10/site-packages/airflow/example_dags/tutorial_dag.py took 0.049 seconds
[2025-01-19T04:01:01.667+0000] {processor.py:186} INFO - Started process (PID=22603) to work on /home/vscode/.local/lib/python3.10/site-packages/airflow/example_dags/tutorial_dag.py
[2025-01-19T04:01:01.668+0000] {processor.py:914} INFO - Processing file /home/vscode/.local/lib/python3.10/site-packages/airflow/example_dags/tutorial_dag.py for tasks to queue
[2025-01-19T04:01:01.669+0000] {logging_mixin.py:190} INFO - [2025-01-19T04:01:01.669+0000] {dagbag.py:588} INFO - Filling up the DagBag from /home/vscode/.local/lib/python3.10/site-packages/airflow/example_dags/tutorial_dag.py
[2025-01-19T04:01:01.675+0000] {processor.py:925} INFO - DAG(s) 'tutorial_dag' retrieved from /home/vscode/.local/lib/python3.10/site-packages/airflow/example_dags/tutorial_dag.py
[2025-01-19T04:01:01.687+0000] {logging_mixin.py:190} INFO - [2025-01-19T04:01:01.686+0000] {dag.py:3239} INFO - Sync 1 DAGs
[2025-01-19T04:01:01.696+0000] {logging_mixin.py:190} INFO - [2025-01-19T04:01:01.696+0000] {dag.py:4180} INFO - Setting next_dagrun for tutorial_dag to None, run_after=None
[2025-01-19T04:01:01.710+0000] {processor.py:208} INFO - Processing /home/vscode/.local/lib/python3.10/site-packages/airflow/example_dags/tutorial_dag.py took 0.048 seconds
[2025-01-19T04:01:52.379+0000] {processor.py:186} INFO - Started process (PID=22939) to work on /home/vscode/.local/lib/python3.10/site-packages/airflow/example_dags/tutorial_dag.py
[2025-01-19T04:01:52.380+0000] {processor.py:914} INFO - Processing file /home/vscode/.local/lib/python3.10/site-packages/airflow/example_dags/tutorial_dag.py for tasks to queue
[2025-01-19T04:01:52.382+0000] {logging_mixin.py:190} INFO - [2025-01-19T04:01:52.381+0000] {dagbag.py:588} INFO - Filling up the DagBag from /home/vscode/.local/lib/python3.10/site-packages/airflow/example_dags/tutorial_dag.py
[2025-01-19T04:01:52.388+0000] {processor.py:925} INFO - DAG(s) 'tutorial_dag' retrieved from /home/vscode/.local/lib/python3.10/site-packages/airflow/example_dags/tutorial_dag.py
[2025-01-19T04:01:52.400+0000] {logging_mixin.py:190} INFO - [2025-01-19T04:01:52.400+0000] {dag.py:3239} INFO - Sync 1 DAGs
[2025-01-19T04:01:52.409+0000] {logging_mixin.py:190} INFO - [2025-01-19T04:01:52.409+0000] {dag.py:4180} INFO - Setting next_dagrun for tutorial_dag to None, run_after=None
[2025-01-19T04:01:52.423+0000] {processor.py:208} INFO - Processing /home/vscode/.local/lib/python3.10/site-packages/airflow/example_dags/tutorial_dag.py took 0.049 seconds
[2025-01-19T04:02:43.019+0000] {processor.py:186} INFO - Started process (PID=23338) to work on /home/vscode/.local/lib/python3.10/site-packages/airflow/example_dags/tutorial_dag.py
[2025-01-19T04:02:43.019+0000] {processor.py:914} INFO - Processing file /home/vscode/.local/lib/python3.10/site-packages/airflow/example_dags/tutorial_dag.py for tasks to queue
[2025-01-19T04:02:43.021+0000] {logging_mixin.py:190} INFO - [2025-01-19T04:02:43.021+0000] {dagbag.py:588} INFO - Filling up the DagBag from /home/vscode/.local/lib/python3.10/site-packages/airflow/example_dags/tutorial_dag.py
[2025-01-19T04:02:43.027+0000] {processor.py:925} INFO - DAG(s) 'tutorial_dag' retrieved from /home/vscode/.local/lib/python3.10/site-packages/airflow/example_dags/tutorial_dag.py
[2025-01-19T04:02:43.038+0000] {logging_mixin.py:190} INFO - [2025-01-19T04:02:43.038+0000] {dag.py:3239} INFO - Sync 1 DAGs
[2025-01-19T04:02:43.047+0000] {logging_mixin.py:190} INFO - [2025-01-19T04:02:43.047+0000] {dag.py:4180} INFO - Setting next_dagrun for tutorial_dag to None, run_after=None
[2025-01-19T04:02:43.062+0000] {processor.py:208} INFO - Processing /home/vscode/.local/lib/python3.10/site-packages/airflow/example_dags/tutorial_dag.py took 0.048 seconds
