[2025-01-19T03:20:53.769+0000] {processor.py:186} INFO - Started process (PID=5064) to work on /home/vscode/.local/lib/python3.10/site-packages/airflow/example_dags/tutorial_objectstorage.py
[2025-01-19T03:20:53.770+0000] {processor.py:914} INFO - Processing file /home/vscode/.local/lib/python3.10/site-packages/airflow/example_dags/tutorial_objectstorage.py for tasks to queue
[2025-01-19T03:20:53.772+0000] {logging_mixin.py:190} INFO - [2025-01-19T03:20:53.771+0000] {dagbag.py:588} INFO - Filling up the DagBag from /home/vscode/.local/lib/python3.10/site-packages/airflow/example_dags/tutorial_objectstorage.py
[2025-01-19T03:20:53.779+0000] {processor.py:925} INFO - DAG(s) 'tutorial_objectstorage' retrieved from /home/vscode/.local/lib/python3.10/site-packages/airflow/example_dags/tutorial_objectstorage.py
[2025-01-19T03:20:53.855+0000] {logging_mixin.py:190} INFO - [2025-01-19T03:20:53.855+0000] {override.py:1911} INFO - Created Permission View: can read on DAG:tutorial_objectstorage
[2025-01-19T03:20:53.864+0000] {logging_mixin.py:190} INFO - [2025-01-19T03:20:53.864+0000] {override.py:1911} INFO - Created Permission View: can edit on DAG:tutorial_objectstorage
[2025-01-19T03:20:53.870+0000] {logging_mixin.py:190} INFO - [2025-01-19T03:20:53.870+0000] {override.py:1911} INFO - Created Permission View: can delete on DAG:tutorial_objectstorage
[2025-01-19T03:20:53.880+0000] {logging_mixin.py:190} INFO - [2025-01-19T03:20:53.880+0000] {override.py:1911} INFO - Created Permission View: menu access on DAG Run:tutorial_objectstorage
[2025-01-19T03:20:53.886+0000] {logging_mixin.py:190} INFO - [2025-01-19T03:20:53.885+0000] {override.py:1911} INFO - Created Permission View: can read on DAG Run:tutorial_objectstorage
[2025-01-19T03:20:53.891+0000] {logging_mixin.py:190} INFO - [2025-01-19T03:20:53.891+0000] {override.py:1911} INFO - Created Permission View: can create on DAG Run:tutorial_objectstorage
[2025-01-19T03:20:53.897+0000] {logging_mixin.py:190} INFO - [2025-01-19T03:20:53.897+0000] {override.py:1911} INFO - Created Permission View: can delete on DAG Run:tutorial_objectstorage
[2025-01-19T03:20:53.897+0000] {logging_mixin.py:190} INFO - [2025-01-19T03:20:53.897+0000] {dag.py:3239} INFO - Sync 1 DAGs
[2025-01-19T03:20:53.906+0000] {logging_mixin.py:190} INFO - [2025-01-19T03:20:53.906+0000] {dag.py:3262} INFO - Creating ORM DAG for tutorial_objectstorage
[2025-01-19T03:20:53.907+0000] {logging_mixin.py:190} INFO - [2025-01-19T03:20:53.906+0000] {dag.py:4180} INFO - Setting next_dagrun for tutorial_objectstorage to None, run_after=None
[2025-01-19T03:20:53.922+0000] {processor.py:208} INFO - Processing /home/vscode/.local/lib/python3.10/site-packages/airflow/example_dags/tutorial_objectstorage.py took 0.157 seconds
[2025-01-19T03:21:54.728+0000] {processor.py:186} INFO - Started process (PID=5599) to work on /home/vscode/.local/lib/python3.10/site-packages/airflow/example_dags/tutorial_objectstorage.py
[2025-01-19T03:21:54.729+0000] {processor.py:914} INFO - Processing file /home/vscode/.local/lib/python3.10/site-packages/airflow/example_dags/tutorial_objectstorage.py for tasks to queue
[2025-01-19T03:21:54.730+0000] {logging_mixin.py:190} INFO - [2025-01-19T03:21:54.730+0000] {dagbag.py:588} INFO - Filling up the DagBag from /home/vscode/.local/lib/python3.10/site-packages/airflow/example_dags/tutorial_objectstorage.py
[2025-01-19T03:21:54.737+0000] {processor.py:925} INFO - DAG(s) 'tutorial_objectstorage' retrieved from /home/vscode/.local/lib/python3.10/site-packages/airflow/example_dags/tutorial_objectstorage.py
[2025-01-19T03:21:54.748+0000] {logging_mixin.py:190} INFO - [2025-01-19T03:21:54.748+0000] {dag.py:3239} INFO - Sync 1 DAGs
[2025-01-19T03:21:54.758+0000] {logging_mixin.py:190} INFO - [2025-01-19T03:21:54.758+0000] {dag.py:4180} INFO - Setting next_dagrun for tutorial_objectstorage to None, run_after=None
[2025-01-19T03:21:54.772+0000] {processor.py:208} INFO - Processing /home/vscode/.local/lib/python3.10/site-packages/airflow/example_dags/tutorial_objectstorage.py took 0.048 seconds
[2025-01-19T03:22:47.683+0000] {processor.py:186} INFO - Started process (PID=6010) to work on /home/vscode/.local/lib/python3.10/site-packages/airflow/example_dags/tutorial_objectstorage.py
[2025-01-19T03:22:47.683+0000] {processor.py:914} INFO - Processing file /home/vscode/.local/lib/python3.10/site-packages/airflow/example_dags/tutorial_objectstorage.py for tasks to queue
[2025-01-19T03:22:47.685+0000] {logging_mixin.py:190} INFO - [2025-01-19T03:22:47.685+0000] {dagbag.py:588} INFO - Filling up the DagBag from /home/vscode/.local/lib/python3.10/site-packages/airflow/example_dags/tutorial_objectstorage.py
[2025-01-19T03:22:47.692+0000] {processor.py:925} INFO - DAG(s) 'tutorial_objectstorage' retrieved from /home/vscode/.local/lib/python3.10/site-packages/airflow/example_dags/tutorial_objectstorage.py
[2025-01-19T03:22:47.704+0000] {logging_mixin.py:190} INFO - [2025-01-19T03:22:47.703+0000] {dag.py:3239} INFO - Sync 1 DAGs
[2025-01-19T03:22:47.713+0000] {logging_mixin.py:190} INFO - [2025-01-19T03:22:47.713+0000] {dag.py:4180} INFO - Setting next_dagrun for tutorial_objectstorage to None, run_after=None
[2025-01-19T03:22:47.731+0000] {processor.py:208} INFO - Processing /home/vscode/.local/lib/python3.10/site-packages/airflow/example_dags/tutorial_objectstorage.py took 0.053 seconds
[2025-01-19T03:23:35.663+0000] {processor.py:186} INFO - Started process (PID=6408) to work on /home/vscode/.local/lib/python3.10/site-packages/airflow/example_dags/tutorial_objectstorage.py
[2025-01-19T03:23:35.664+0000] {processor.py:914} INFO - Processing file /home/vscode/.local/lib/python3.10/site-packages/airflow/example_dags/tutorial_objectstorage.py for tasks to queue
[2025-01-19T03:23:35.665+0000] {logging_mixin.py:190} INFO - [2025-01-19T03:23:35.665+0000] {dagbag.py:588} INFO - Filling up the DagBag from /home/vscode/.local/lib/python3.10/site-packages/airflow/example_dags/tutorial_objectstorage.py
[2025-01-19T03:23:35.672+0000] {processor.py:925} INFO - DAG(s) 'tutorial_objectstorage' retrieved from /home/vscode/.local/lib/python3.10/site-packages/airflow/example_dags/tutorial_objectstorage.py
[2025-01-19T03:23:35.684+0000] {logging_mixin.py:190} INFO - [2025-01-19T03:23:35.683+0000] {dag.py:3239} INFO - Sync 1 DAGs
[2025-01-19T03:23:35.693+0000] {logging_mixin.py:190} INFO - [2025-01-19T03:23:35.693+0000] {dag.py:4180} INFO - Setting next_dagrun for tutorial_objectstorage to None, run_after=None
[2025-01-19T03:23:35.707+0000] {processor.py:208} INFO - Processing /home/vscode/.local/lib/python3.10/site-packages/airflow/example_dags/tutorial_objectstorage.py took 0.049 seconds
[2025-01-19T03:24:27.897+0000] {processor.py:186} INFO - Started process (PID=6813) to work on /home/vscode/.local/lib/python3.10/site-packages/airflow/example_dags/tutorial_objectstorage.py
[2025-01-19T03:24:27.898+0000] {processor.py:914} INFO - Processing file /home/vscode/.local/lib/python3.10/site-packages/airflow/example_dags/tutorial_objectstorage.py for tasks to queue
[2025-01-19T03:24:27.900+0000] {logging_mixin.py:190} INFO - [2025-01-19T03:24:27.899+0000] {dagbag.py:588} INFO - Filling up the DagBag from /home/vscode/.local/lib/python3.10/site-packages/airflow/example_dags/tutorial_objectstorage.py
[2025-01-19T03:24:27.907+0000] {processor.py:925} INFO - DAG(s) 'tutorial_objectstorage' retrieved from /home/vscode/.local/lib/python3.10/site-packages/airflow/example_dags/tutorial_objectstorage.py
[2025-01-19T03:24:27.917+0000] {logging_mixin.py:190} INFO - [2025-01-19T03:24:27.917+0000] {dag.py:3239} INFO - Sync 1 DAGs
[2025-01-19T03:24:27.927+0000] {logging_mixin.py:190} INFO - [2025-01-19T03:24:27.926+0000] {dag.py:4180} INFO - Setting next_dagrun for tutorial_objectstorage to None, run_after=None
[2025-01-19T03:24:27.942+0000] {processor.py:208} INFO - Processing /home/vscode/.local/lib/python3.10/site-packages/airflow/example_dags/tutorial_objectstorage.py took 0.049 seconds
[2025-01-19T03:25:19.730+0000] {processor.py:186} INFO - Started process (PID=7219) to work on /home/vscode/.local/lib/python3.10/site-packages/airflow/example_dags/tutorial_objectstorage.py
[2025-01-19T03:25:19.730+0000] {processor.py:914} INFO - Processing file /home/vscode/.local/lib/python3.10/site-packages/airflow/example_dags/tutorial_objectstorage.py for tasks to queue
[2025-01-19T03:25:19.732+0000] {logging_mixin.py:190} INFO - [2025-01-19T03:25:19.732+0000] {dagbag.py:588} INFO - Filling up the DagBag from /home/vscode/.local/lib/python3.10/site-packages/airflow/example_dags/tutorial_objectstorage.py
[2025-01-19T03:25:19.739+0000] {processor.py:925} INFO - DAG(s) 'tutorial_objectstorage' retrieved from /home/vscode/.local/lib/python3.10/site-packages/airflow/example_dags/tutorial_objectstorage.py
[2025-01-19T03:25:19.750+0000] {logging_mixin.py:190} INFO - [2025-01-19T03:25:19.750+0000] {dag.py:3239} INFO - Sync 1 DAGs
[2025-01-19T03:25:19.759+0000] {logging_mixin.py:190} INFO - [2025-01-19T03:25:19.759+0000] {dag.py:4180} INFO - Setting next_dagrun for tutorial_objectstorage to None, run_after=None
[2025-01-19T03:25:19.774+0000] {processor.py:208} INFO - Processing /home/vscode/.local/lib/python3.10/site-packages/airflow/example_dags/tutorial_objectstorage.py took 0.049 seconds
[2025-01-19T03:26:10.026+0000] {processor.py:186} INFO - Started process (PID=7635) to work on /home/vscode/.local/lib/python3.10/site-packages/airflow/example_dags/tutorial_objectstorage.py
[2025-01-19T03:26:10.027+0000] {processor.py:914} INFO - Processing file /home/vscode/.local/lib/python3.10/site-packages/airflow/example_dags/tutorial_objectstorage.py for tasks to queue
[2025-01-19T03:26:10.029+0000] {logging_mixin.py:190} INFO - [2025-01-19T03:26:10.028+0000] {dagbag.py:588} INFO - Filling up the DagBag from /home/vscode/.local/lib/python3.10/site-packages/airflow/example_dags/tutorial_objectstorage.py
[2025-01-19T03:26:10.036+0000] {processor.py:925} INFO - DAG(s) 'tutorial_objectstorage' retrieved from /home/vscode/.local/lib/python3.10/site-packages/airflow/example_dags/tutorial_objectstorage.py
[2025-01-19T03:26:10.047+0000] {logging_mixin.py:190} INFO - [2025-01-19T03:26:10.047+0000] {dag.py:3239} INFO - Sync 1 DAGs
[2025-01-19T03:26:10.056+0000] {logging_mixin.py:190} INFO - [2025-01-19T03:26:10.056+0000] {dag.py:4180} INFO - Setting next_dagrun for tutorial_objectstorage to None, run_after=None
[2025-01-19T03:26:10.071+0000] {processor.py:208} INFO - Processing /home/vscode/.local/lib/python3.10/site-packages/airflow/example_dags/tutorial_objectstorage.py took 0.049 seconds
[2025-01-19T03:27:02.659+0000] {processor.py:186} INFO - Started process (PID=8047) to work on /home/vscode/.local/lib/python3.10/site-packages/airflow/example_dags/tutorial_objectstorage.py
[2025-01-19T03:27:02.660+0000] {processor.py:914} INFO - Processing file /home/vscode/.local/lib/python3.10/site-packages/airflow/example_dags/tutorial_objectstorage.py for tasks to queue
[2025-01-19T03:27:02.662+0000] {logging_mixin.py:190} INFO - [2025-01-19T03:27:02.661+0000] {dagbag.py:588} INFO - Filling up the DagBag from /home/vscode/.local/lib/python3.10/site-packages/airflow/example_dags/tutorial_objectstorage.py
[2025-01-19T03:27:02.669+0000] {processor.py:925} INFO - DAG(s) 'tutorial_objectstorage' retrieved from /home/vscode/.local/lib/python3.10/site-packages/airflow/example_dags/tutorial_objectstorage.py
[2025-01-19T03:27:02.680+0000] {logging_mixin.py:190} INFO - [2025-01-19T03:27:02.680+0000] {dag.py:3239} INFO - Sync 1 DAGs
[2025-01-19T03:27:02.690+0000] {logging_mixin.py:190} INFO - [2025-01-19T03:27:02.689+0000] {dag.py:4180} INFO - Setting next_dagrun for tutorial_objectstorage to None, run_after=None
[2025-01-19T03:27:02.704+0000] {processor.py:208} INFO - Processing /home/vscode/.local/lib/python3.10/site-packages/airflow/example_dags/tutorial_objectstorage.py took 0.049 seconds
[2025-01-19T03:27:55.231+0000] {processor.py:186} INFO - Started process (PID=8453) to work on /home/vscode/.local/lib/python3.10/site-packages/airflow/example_dags/tutorial_objectstorage.py
[2025-01-19T03:27:55.232+0000] {processor.py:914} INFO - Processing file /home/vscode/.local/lib/python3.10/site-packages/airflow/example_dags/tutorial_objectstorage.py for tasks to queue
[2025-01-19T03:27:55.233+0000] {logging_mixin.py:190} INFO - [2025-01-19T03:27:55.233+0000] {dagbag.py:588} INFO - Filling up the DagBag from /home/vscode/.local/lib/python3.10/site-packages/airflow/example_dags/tutorial_objectstorage.py
[2025-01-19T03:27:55.241+0000] {processor.py:925} INFO - DAG(s) 'tutorial_objectstorage' retrieved from /home/vscode/.local/lib/python3.10/site-packages/airflow/example_dags/tutorial_objectstorage.py
[2025-01-19T03:27:55.252+0000] {logging_mixin.py:190} INFO - [2025-01-19T03:27:55.252+0000] {dag.py:3239} INFO - Sync 1 DAGs
[2025-01-19T03:27:55.261+0000] {logging_mixin.py:190} INFO - [2025-01-19T03:27:55.261+0000] {dag.py:4180} INFO - Setting next_dagrun for tutorial_objectstorage to None, run_after=None
[2025-01-19T03:27:55.275+0000] {processor.py:208} INFO - Processing /home/vscode/.local/lib/python3.10/site-packages/airflow/example_dags/tutorial_objectstorage.py took 0.049 seconds
[2025-01-19T03:28:49.520+0000] {processor.py:186} INFO - Started process (PID=8922) to work on /home/vscode/.local/lib/python3.10/site-packages/airflow/example_dags/tutorial_objectstorage.py
[2025-01-19T03:28:49.520+0000] {processor.py:914} INFO - Processing file /home/vscode/.local/lib/python3.10/site-packages/airflow/example_dags/tutorial_objectstorage.py for tasks to queue
[2025-01-19T03:28:49.522+0000] {logging_mixin.py:190} INFO - [2025-01-19T03:28:49.522+0000] {dagbag.py:588} INFO - Filling up the DagBag from /home/vscode/.local/lib/python3.10/site-packages/airflow/example_dags/tutorial_objectstorage.py
[2025-01-19T03:28:49.529+0000] {processor.py:925} INFO - DAG(s) 'tutorial_objectstorage' retrieved from /home/vscode/.local/lib/python3.10/site-packages/airflow/example_dags/tutorial_objectstorage.py
[2025-01-19T03:28:49.539+0000] {logging_mixin.py:190} INFO - [2025-01-19T03:28:49.539+0000] {dag.py:3239} INFO - Sync 1 DAGs
[2025-01-19T03:28:49.549+0000] {logging_mixin.py:190} INFO - [2025-01-19T03:28:49.548+0000] {dag.py:4180} INFO - Setting next_dagrun for tutorial_objectstorage to None, run_after=None
[2025-01-19T03:28:49.563+0000] {processor.py:208} INFO - Processing /home/vscode/.local/lib/python3.10/site-packages/airflow/example_dags/tutorial_objectstorage.py took 0.048 seconds
[2025-01-19T03:29:41.485+0000] {processor.py:186} INFO - Started process (PID=9295) to work on /home/vscode/.local/lib/python3.10/site-packages/airflow/example_dags/tutorial_objectstorage.py
[2025-01-19T03:29:41.485+0000] {processor.py:914} INFO - Processing file /home/vscode/.local/lib/python3.10/site-packages/airflow/example_dags/tutorial_objectstorage.py for tasks to queue
[2025-01-19T03:29:41.487+0000] {logging_mixin.py:190} INFO - [2025-01-19T03:29:41.487+0000] {dagbag.py:588} INFO - Filling up the DagBag from /home/vscode/.local/lib/python3.10/site-packages/airflow/example_dags/tutorial_objectstorage.py
[2025-01-19T03:29:41.495+0000] {processor.py:925} INFO - DAG(s) 'tutorial_objectstorage' retrieved from /home/vscode/.local/lib/python3.10/site-packages/airflow/example_dags/tutorial_objectstorage.py
[2025-01-19T03:29:41.506+0000] {logging_mixin.py:190} INFO - [2025-01-19T03:29:41.506+0000] {dag.py:3239} INFO - Sync 1 DAGs
[2025-01-19T03:29:41.515+0000] {logging_mixin.py:190} INFO - [2025-01-19T03:29:41.515+0000] {dag.py:4180} INFO - Setting next_dagrun for tutorial_objectstorage to None, run_after=None
[2025-01-19T03:29:41.530+0000] {processor.py:208} INFO - Processing /home/vscode/.local/lib/python3.10/site-packages/airflow/example_dags/tutorial_objectstorage.py took 0.050 seconds
[2025-01-19T03:30:31.229+0000] {processor.py:186} INFO - Started process (PID=9635) to work on /home/vscode/.local/lib/python3.10/site-packages/airflow/example_dags/tutorial_objectstorage.py
[2025-01-19T03:30:31.230+0000] {processor.py:914} INFO - Processing file /home/vscode/.local/lib/python3.10/site-packages/airflow/example_dags/tutorial_objectstorage.py for tasks to queue
[2025-01-19T03:30:31.231+0000] {logging_mixin.py:190} INFO - [2025-01-19T03:30:31.231+0000] {dagbag.py:588} INFO - Filling up the DagBag from /home/vscode/.local/lib/python3.10/site-packages/airflow/example_dags/tutorial_objectstorage.py
[2025-01-19T03:30:31.239+0000] {processor.py:925} INFO - DAG(s) 'tutorial_objectstorage' retrieved from /home/vscode/.local/lib/python3.10/site-packages/airflow/example_dags/tutorial_objectstorage.py
[2025-01-19T03:30:31.249+0000] {logging_mixin.py:190} INFO - [2025-01-19T03:30:31.249+0000] {dag.py:3239} INFO - Sync 1 DAGs
[2025-01-19T03:30:31.258+0000] {logging_mixin.py:190} INFO - [2025-01-19T03:30:31.258+0000] {dag.py:4180} INFO - Setting next_dagrun for tutorial_objectstorage to None, run_after=None
[2025-01-19T03:30:31.272+0000] {processor.py:208} INFO - Processing /home/vscode/.local/lib/python3.10/site-packages/airflow/example_dags/tutorial_objectstorage.py took 0.048 seconds
[2025-01-19T03:31:26.053+0000] {processor.py:186} INFO - Started process (PID=10004) to work on /home/vscode/.local/lib/python3.10/site-packages/airflow/example_dags/tutorial_objectstorage.py
[2025-01-19T03:31:26.054+0000] {processor.py:914} INFO - Processing file /home/vscode/.local/lib/python3.10/site-packages/airflow/example_dags/tutorial_objectstorage.py for tasks to queue
[2025-01-19T03:31:26.056+0000] {logging_mixin.py:190} INFO - [2025-01-19T03:31:26.055+0000] {dagbag.py:588} INFO - Filling up the DagBag from /home/vscode/.local/lib/python3.10/site-packages/airflow/example_dags/tutorial_objectstorage.py
[2025-01-19T03:31:26.063+0000] {processor.py:925} INFO - DAG(s) 'tutorial_objectstorage' retrieved from /home/vscode/.local/lib/python3.10/site-packages/airflow/example_dags/tutorial_objectstorage.py
[2025-01-19T03:31:26.074+0000] {logging_mixin.py:190} INFO - [2025-01-19T03:31:26.074+0000] {dag.py:3239} INFO - Sync 1 DAGs
[2025-01-19T03:31:26.083+0000] {logging_mixin.py:190} INFO - [2025-01-19T03:31:26.083+0000] {dag.py:4180} INFO - Setting next_dagrun for tutorial_objectstorage to None, run_after=None
[2025-01-19T03:31:26.098+0000] {processor.py:208} INFO - Processing /home/vscode/.local/lib/python3.10/site-packages/airflow/example_dags/tutorial_objectstorage.py took 0.049 seconds
[2025-01-19T03:32:17.555+0000] {processor.py:186} INFO - Started process (PID=10420) to work on /home/vscode/.local/lib/python3.10/site-packages/airflow/example_dags/tutorial_objectstorage.py
[2025-01-19T03:32:17.556+0000] {processor.py:914} INFO - Processing file /home/vscode/.local/lib/python3.10/site-packages/airflow/example_dags/tutorial_objectstorage.py for tasks to queue
[2025-01-19T03:32:17.557+0000] {logging_mixin.py:190} INFO - [2025-01-19T03:32:17.557+0000] {dagbag.py:588} INFO - Filling up the DagBag from /home/vscode/.local/lib/python3.10/site-packages/airflow/example_dags/tutorial_objectstorage.py
[2025-01-19T03:32:17.565+0000] {processor.py:925} INFO - DAG(s) 'tutorial_objectstorage' retrieved from /home/vscode/.local/lib/python3.10/site-packages/airflow/example_dags/tutorial_objectstorage.py
[2025-01-19T03:32:17.576+0000] {logging_mixin.py:190} INFO - [2025-01-19T03:32:17.575+0000] {dag.py:3239} INFO - Sync 1 DAGs
[2025-01-19T03:32:17.585+0000] {logging_mixin.py:190} INFO - [2025-01-19T03:32:17.585+0000] {dag.py:4180} INFO - Setting next_dagrun for tutorial_objectstorage to None, run_after=None
[2025-01-19T03:32:17.599+0000] {processor.py:208} INFO - Processing /home/vscode/.local/lib/python3.10/site-packages/airflow/example_dags/tutorial_objectstorage.py took 0.049 seconds
[2025-01-19T03:33:07.695+0000] {processor.py:186} INFO - Started process (PID=10824) to work on /home/vscode/.local/lib/python3.10/site-packages/airflow/example_dags/tutorial_objectstorage.py
[2025-01-19T03:33:07.696+0000] {processor.py:914} INFO - Processing file /home/vscode/.local/lib/python3.10/site-packages/airflow/example_dags/tutorial_objectstorage.py for tasks to queue
[2025-01-19T03:33:07.697+0000] {logging_mixin.py:190} INFO - [2025-01-19T03:33:07.697+0000] {dagbag.py:588} INFO - Filling up the DagBag from /home/vscode/.local/lib/python3.10/site-packages/airflow/example_dags/tutorial_objectstorage.py
[2025-01-19T03:33:07.704+0000] {processor.py:925} INFO - DAG(s) 'tutorial_objectstorage' retrieved from /home/vscode/.local/lib/python3.10/site-packages/airflow/example_dags/tutorial_objectstorage.py
[2025-01-19T03:33:07.714+0000] {logging_mixin.py:190} INFO - [2025-01-19T03:33:07.714+0000] {dag.py:3239} INFO - Sync 1 DAGs
[2025-01-19T03:33:07.724+0000] {logging_mixin.py:190} INFO - [2025-01-19T03:33:07.724+0000] {dag.py:4180} INFO - Setting next_dagrun for tutorial_objectstorage to None, run_after=None
[2025-01-19T03:33:07.739+0000] {processor.py:208} INFO - Processing /home/vscode/.local/lib/python3.10/site-packages/airflow/example_dags/tutorial_objectstorage.py took 0.050 seconds
[2025-01-19T03:33:58.182+0000] {processor.py:186} INFO - Started process (PID=11172) to work on /home/vscode/.local/lib/python3.10/site-packages/airflow/example_dags/tutorial_objectstorage.py
[2025-01-19T03:33:58.183+0000] {processor.py:914} INFO - Processing file /home/vscode/.local/lib/python3.10/site-packages/airflow/example_dags/tutorial_objectstorage.py for tasks to queue
[2025-01-19T03:33:58.184+0000] {logging_mixin.py:190} INFO - [2025-01-19T03:33:58.184+0000] {dagbag.py:588} INFO - Filling up the DagBag from /home/vscode/.local/lib/python3.10/site-packages/airflow/example_dags/tutorial_objectstorage.py
[2025-01-19T03:33:58.191+0000] {processor.py:925} INFO - DAG(s) 'tutorial_objectstorage' retrieved from /home/vscode/.local/lib/python3.10/site-packages/airflow/example_dags/tutorial_objectstorage.py
[2025-01-19T03:33:58.202+0000] {logging_mixin.py:190} INFO - [2025-01-19T03:33:58.202+0000] {dag.py:3239} INFO - Sync 1 DAGs
[2025-01-19T03:33:58.211+0000] {logging_mixin.py:190} INFO - [2025-01-19T03:33:58.211+0000] {dag.py:4180} INFO - Setting next_dagrun for tutorial_objectstorage to None, run_after=None
[2025-01-19T03:33:58.226+0000] {processor.py:208} INFO - Processing /home/vscode/.local/lib/python3.10/site-packages/airflow/example_dags/tutorial_objectstorage.py took 0.049 seconds
[2025-01-19T03:34:48.256+0000] {processor.py:186} INFO - Started process (PID=11582) to work on /home/vscode/.local/lib/python3.10/site-packages/airflow/example_dags/tutorial_objectstorage.py
[2025-01-19T03:34:48.257+0000] {processor.py:914} INFO - Processing file /home/vscode/.local/lib/python3.10/site-packages/airflow/example_dags/tutorial_objectstorage.py for tasks to queue
[2025-01-19T03:34:48.271+0000] {logging_mixin.py:190} INFO - [2025-01-19T03:34:48.271+0000] {dagbag.py:588} INFO - Filling up the DagBag from /home/vscode/.local/lib/python3.10/site-packages/airflow/example_dags/tutorial_objectstorage.py
[2025-01-19T03:34:48.281+0000] {processor.py:925} INFO - DAG(s) 'tutorial_objectstorage' retrieved from /home/vscode/.local/lib/python3.10/site-packages/airflow/example_dags/tutorial_objectstorage.py
[2025-01-19T03:34:48.312+0000] {logging_mixin.py:190} INFO - [2025-01-19T03:34:48.312+0000] {dag.py:3239} INFO - Sync 1 DAGs
[2025-01-19T03:34:48.326+0000] {logging_mixin.py:190} INFO - [2025-01-19T03:34:48.326+0000] {dag.py:4180} INFO - Setting next_dagrun for tutorial_objectstorage to None, run_after=None
[2025-01-19T03:34:48.345+0000] {processor.py:208} INFO - Processing /home/vscode/.local/lib/python3.10/site-packages/airflow/example_dags/tutorial_objectstorage.py took 0.094 seconds
[2025-01-19T03:35:38.900+0000] {processor.py:186} INFO - Started process (PID=11966) to work on /home/vscode/.local/lib/python3.10/site-packages/airflow/example_dags/tutorial_objectstorage.py
[2025-01-19T03:35:38.900+0000] {processor.py:914} INFO - Processing file /home/vscode/.local/lib/python3.10/site-packages/airflow/example_dags/tutorial_objectstorage.py for tasks to queue
[2025-01-19T03:35:38.902+0000] {logging_mixin.py:190} INFO - [2025-01-19T03:35:38.902+0000] {dagbag.py:588} INFO - Filling up the DagBag from /home/vscode/.local/lib/python3.10/site-packages/airflow/example_dags/tutorial_objectstorage.py
[2025-01-19T03:35:38.909+0000] {processor.py:925} INFO - DAG(s) 'tutorial_objectstorage' retrieved from /home/vscode/.local/lib/python3.10/site-packages/airflow/example_dags/tutorial_objectstorage.py
[2025-01-19T03:35:38.920+0000] {logging_mixin.py:190} INFO - [2025-01-19T03:35:38.920+0000] {dag.py:3239} INFO - Sync 1 DAGs
[2025-01-19T03:35:38.929+0000] {logging_mixin.py:190} INFO - [2025-01-19T03:35:38.929+0000] {dag.py:4180} INFO - Setting next_dagrun for tutorial_objectstorage to None, run_after=None
[2025-01-19T03:35:38.943+0000] {processor.py:208} INFO - Processing /home/vscode/.local/lib/python3.10/site-packages/airflow/example_dags/tutorial_objectstorage.py took 0.048 seconds
[2025-01-19T03:36:26.958+0000] {processor.py:186} INFO - Started process (PID=12322) to work on /home/vscode/.local/lib/python3.10/site-packages/airflow/example_dags/tutorial_objectstorage.py
[2025-01-19T03:36:26.959+0000] {processor.py:914} INFO - Processing file /home/vscode/.local/lib/python3.10/site-packages/airflow/example_dags/tutorial_objectstorage.py for tasks to queue
[2025-01-19T03:36:26.961+0000] {logging_mixin.py:190} INFO - [2025-01-19T03:36:26.960+0000] {dagbag.py:588} INFO - Filling up the DagBag from /home/vscode/.local/lib/python3.10/site-packages/airflow/example_dags/tutorial_objectstorage.py
[2025-01-19T03:36:26.968+0000] {processor.py:925} INFO - DAG(s) 'tutorial_objectstorage' retrieved from /home/vscode/.local/lib/python3.10/site-packages/airflow/example_dags/tutorial_objectstorage.py
[2025-01-19T03:36:26.978+0000] {logging_mixin.py:190} INFO - [2025-01-19T03:36:26.978+0000] {dag.py:3239} INFO - Sync 1 DAGs
[2025-01-19T03:36:26.987+0000] {logging_mixin.py:190} INFO - [2025-01-19T03:36:26.987+0000] {dag.py:4180} INFO - Setting next_dagrun for tutorial_objectstorage to None, run_after=None
[2025-01-19T03:36:27.002+0000] {processor.py:208} INFO - Processing /home/vscode/.local/lib/python3.10/site-packages/airflow/example_dags/tutorial_objectstorage.py took 0.048 seconds
[2025-01-19T03:37:17.247+0000] {processor.py:186} INFO - Started process (PID=12664) to work on /home/vscode/.local/lib/python3.10/site-packages/airflow/example_dags/tutorial_objectstorage.py
[2025-01-19T03:37:17.248+0000] {processor.py:914} INFO - Processing file /home/vscode/.local/lib/python3.10/site-packages/airflow/example_dags/tutorial_objectstorage.py for tasks to queue
[2025-01-19T03:37:17.249+0000] {logging_mixin.py:190} INFO - [2025-01-19T03:37:17.249+0000] {dagbag.py:588} INFO - Filling up the DagBag from /home/vscode/.local/lib/python3.10/site-packages/airflow/example_dags/tutorial_objectstorage.py
[2025-01-19T03:37:17.257+0000] {processor.py:925} INFO - DAG(s) 'tutorial_objectstorage' retrieved from /home/vscode/.local/lib/python3.10/site-packages/airflow/example_dags/tutorial_objectstorage.py
[2025-01-19T03:37:17.268+0000] {logging_mixin.py:190} INFO - [2025-01-19T03:37:17.267+0000] {dag.py:3239} INFO - Sync 1 DAGs
[2025-01-19T03:37:17.277+0000] {logging_mixin.py:190} INFO - [2025-01-19T03:37:17.277+0000] {dag.py:4180} INFO - Setting next_dagrun for tutorial_objectstorage to None, run_after=None
[2025-01-19T03:37:17.291+0000] {processor.py:208} INFO - Processing /home/vscode/.local/lib/python3.10/site-packages/airflow/example_dags/tutorial_objectstorage.py took 0.049 seconds
[2025-01-19T03:38:09.773+0000] {processor.py:186} INFO - Started process (PID=13018) to work on /home/vscode/.local/lib/python3.10/site-packages/airflow/example_dags/tutorial_objectstorage.py
[2025-01-19T03:38:09.774+0000] {processor.py:914} INFO - Processing file /home/vscode/.local/lib/python3.10/site-packages/airflow/example_dags/tutorial_objectstorage.py for tasks to queue
[2025-01-19T03:38:09.776+0000] {logging_mixin.py:190} INFO - [2025-01-19T03:38:09.776+0000] {dagbag.py:588} INFO - Filling up the DagBag from /home/vscode/.local/lib/python3.10/site-packages/airflow/example_dags/tutorial_objectstorage.py
[2025-01-19T03:38:09.785+0000] {processor.py:925} INFO - DAG(s) 'tutorial_objectstorage' retrieved from /home/vscode/.local/lib/python3.10/site-packages/airflow/example_dags/tutorial_objectstorage.py
[2025-01-19T03:38:09.796+0000] {logging_mixin.py:190} INFO - [2025-01-19T03:38:09.796+0000] {dag.py:3239} INFO - Sync 1 DAGs
[2025-01-19T03:38:09.805+0000] {logging_mixin.py:190} INFO - [2025-01-19T03:38:09.805+0000] {dag.py:4180} INFO - Setting next_dagrun for tutorial_objectstorage to None, run_after=None
[2025-01-19T03:38:09.820+0000] {processor.py:208} INFO - Processing /home/vscode/.local/lib/python3.10/site-packages/airflow/example_dags/tutorial_objectstorage.py took 0.054 seconds
[2025-01-19T03:38:58.905+0000] {processor.py:186} INFO - Started process (PID=13349) to work on /home/vscode/.local/lib/python3.10/site-packages/airflow/example_dags/tutorial_objectstorage.py
[2025-01-19T03:38:58.906+0000] {processor.py:914} INFO - Processing file /home/vscode/.local/lib/python3.10/site-packages/airflow/example_dags/tutorial_objectstorage.py for tasks to queue
[2025-01-19T03:38:58.908+0000] {logging_mixin.py:190} INFO - [2025-01-19T03:38:58.907+0000] {dagbag.py:588} INFO - Filling up the DagBag from /home/vscode/.local/lib/python3.10/site-packages/airflow/example_dags/tutorial_objectstorage.py
[2025-01-19T03:38:58.915+0000] {processor.py:925} INFO - DAG(s) 'tutorial_objectstorage' retrieved from /home/vscode/.local/lib/python3.10/site-packages/airflow/example_dags/tutorial_objectstorage.py
[2025-01-19T03:38:58.925+0000] {logging_mixin.py:190} INFO - [2025-01-19T03:38:58.925+0000] {dag.py:3239} INFO - Sync 1 DAGs
[2025-01-19T03:38:58.935+0000] {logging_mixin.py:190} INFO - [2025-01-19T03:38:58.935+0000] {dag.py:4180} INFO - Setting next_dagrun for tutorial_objectstorage to None, run_after=None
[2025-01-19T03:38:58.949+0000] {processor.py:208} INFO - Processing /home/vscode/.local/lib/python3.10/site-packages/airflow/example_dags/tutorial_objectstorage.py took 0.048 seconds
[2025-01-19T03:39:48.354+0000] {processor.py:186} INFO - Started process (PID=13688) to work on /home/vscode/.local/lib/python3.10/site-packages/airflow/example_dags/tutorial_objectstorage.py
[2025-01-19T03:39:48.355+0000] {processor.py:914} INFO - Processing file /home/vscode/.local/lib/python3.10/site-packages/airflow/example_dags/tutorial_objectstorage.py for tasks to queue
[2025-01-19T03:39:48.357+0000] {logging_mixin.py:190} INFO - [2025-01-19T03:39:48.356+0000] {dagbag.py:588} INFO - Filling up the DagBag from /home/vscode/.local/lib/python3.10/site-packages/airflow/example_dags/tutorial_objectstorage.py
[2025-01-19T03:39:48.364+0000] {processor.py:925} INFO - DAG(s) 'tutorial_objectstorage' retrieved from /home/vscode/.local/lib/python3.10/site-packages/airflow/example_dags/tutorial_objectstorage.py
[2025-01-19T03:39:48.376+0000] {logging_mixin.py:190} INFO - [2025-01-19T03:39:48.376+0000] {dag.py:3239} INFO - Sync 1 DAGs
[2025-01-19T03:39:48.385+0000] {logging_mixin.py:190} INFO - [2025-01-19T03:39:48.385+0000] {dag.py:4180} INFO - Setting next_dagrun for tutorial_objectstorage to None, run_after=None
[2025-01-19T03:39:48.399+0000] {processor.py:208} INFO - Processing /home/vscode/.local/lib/python3.10/site-packages/airflow/example_dags/tutorial_objectstorage.py took 0.049 seconds
[2025-01-19T03:40:40.185+0000] {processor.py:186} INFO - Started process (PID=14034) to work on /home/vscode/.local/lib/python3.10/site-packages/airflow/example_dags/tutorial_objectstorage.py
[2025-01-19T03:40:40.186+0000] {processor.py:914} INFO - Processing file /home/vscode/.local/lib/python3.10/site-packages/airflow/example_dags/tutorial_objectstorage.py for tasks to queue
[2025-01-19T03:40:40.187+0000] {logging_mixin.py:190} INFO - [2025-01-19T03:40:40.187+0000] {dagbag.py:588} INFO - Filling up the DagBag from /home/vscode/.local/lib/python3.10/site-packages/airflow/example_dags/tutorial_objectstorage.py
[2025-01-19T03:40:40.194+0000] {processor.py:925} INFO - DAG(s) 'tutorial_objectstorage' retrieved from /home/vscode/.local/lib/python3.10/site-packages/airflow/example_dags/tutorial_objectstorage.py
[2025-01-19T03:40:40.205+0000] {logging_mixin.py:190} INFO - [2025-01-19T03:40:40.205+0000] {dag.py:3239} INFO - Sync 1 DAGs
[2025-01-19T03:40:40.215+0000] {logging_mixin.py:190} INFO - [2025-01-19T03:40:40.214+0000] {dag.py:4180} INFO - Setting next_dagrun for tutorial_objectstorage to None, run_after=None
[2025-01-19T03:40:40.229+0000] {processor.py:208} INFO - Processing /home/vscode/.local/lib/python3.10/site-packages/airflow/example_dags/tutorial_objectstorage.py took 0.048 seconds
[2025-01-19T03:41:28.966+0000] {processor.py:186} INFO - Started process (PID=14363) to work on /home/vscode/.local/lib/python3.10/site-packages/airflow/example_dags/tutorial_objectstorage.py
[2025-01-19T03:41:28.967+0000] {processor.py:914} INFO - Processing file /home/vscode/.local/lib/python3.10/site-packages/airflow/example_dags/tutorial_objectstorage.py for tasks to queue
[2025-01-19T03:41:28.968+0000] {logging_mixin.py:190} INFO - [2025-01-19T03:41:28.968+0000] {dagbag.py:588} INFO - Filling up the DagBag from /home/vscode/.local/lib/python3.10/site-packages/airflow/example_dags/tutorial_objectstorage.py
[2025-01-19T03:41:28.976+0000] {processor.py:925} INFO - DAG(s) 'tutorial_objectstorage' retrieved from /home/vscode/.local/lib/python3.10/site-packages/airflow/example_dags/tutorial_objectstorage.py
[2025-01-19T03:41:28.986+0000] {logging_mixin.py:190} INFO - [2025-01-19T03:41:28.986+0000] {dag.py:3239} INFO - Sync 1 DAGs
[2025-01-19T03:41:28.996+0000] {logging_mixin.py:190} INFO - [2025-01-19T03:41:28.996+0000] {dag.py:4180} INFO - Setting next_dagrun for tutorial_objectstorage to None, run_after=None
[2025-01-19T03:41:29.011+0000] {processor.py:208} INFO - Processing /home/vscode/.local/lib/python3.10/site-packages/airflow/example_dags/tutorial_objectstorage.py took 0.050 seconds
[2025-01-19T03:42:22.541+0000] {processor.py:186} INFO - Started process (PID=14727) to work on /home/vscode/.local/lib/python3.10/site-packages/airflow/example_dags/tutorial_objectstorage.py
[2025-01-19T03:42:22.542+0000] {processor.py:914} INFO - Processing file /home/vscode/.local/lib/python3.10/site-packages/airflow/example_dags/tutorial_objectstorage.py for tasks to queue
[2025-01-19T03:42:22.543+0000] {logging_mixin.py:190} INFO - [2025-01-19T03:42:22.543+0000] {dagbag.py:588} INFO - Filling up the DagBag from /home/vscode/.local/lib/python3.10/site-packages/airflow/example_dags/tutorial_objectstorage.py
[2025-01-19T03:42:22.551+0000] {processor.py:925} INFO - DAG(s) 'tutorial_objectstorage' retrieved from /home/vscode/.local/lib/python3.10/site-packages/airflow/example_dags/tutorial_objectstorage.py
[2025-01-19T03:42:22.562+0000] {logging_mixin.py:190} INFO - [2025-01-19T03:42:22.562+0000] {dag.py:3239} INFO - Sync 1 DAGs
[2025-01-19T03:42:22.571+0000] {logging_mixin.py:190} INFO - [2025-01-19T03:42:22.571+0000] {dag.py:4180} INFO - Setting next_dagrun for tutorial_objectstorage to None, run_after=None
[2025-01-19T03:42:22.586+0000] {processor.py:208} INFO - Processing /home/vscode/.local/lib/python3.10/site-packages/airflow/example_dags/tutorial_objectstorage.py took 0.050 seconds
[2025-01-19T03:43:11.687+0000] {processor.py:186} INFO - Started process (PID=15056) to work on /home/vscode/.local/lib/python3.10/site-packages/airflow/example_dags/tutorial_objectstorage.py
[2025-01-19T03:43:11.688+0000] {processor.py:914} INFO - Processing file /home/vscode/.local/lib/python3.10/site-packages/airflow/example_dags/tutorial_objectstorage.py for tasks to queue
[2025-01-19T03:43:11.689+0000] {logging_mixin.py:190} INFO - [2025-01-19T03:43:11.689+0000] {dagbag.py:588} INFO - Filling up the DagBag from /home/vscode/.local/lib/python3.10/site-packages/airflow/example_dags/tutorial_objectstorage.py
[2025-01-19T03:43:11.696+0000] {processor.py:925} INFO - DAG(s) 'tutorial_objectstorage' retrieved from /home/vscode/.local/lib/python3.10/site-packages/airflow/example_dags/tutorial_objectstorage.py
[2025-01-19T03:43:11.708+0000] {logging_mixin.py:190} INFO - [2025-01-19T03:43:11.707+0000] {dag.py:3239} INFO - Sync 1 DAGs
[2025-01-19T03:43:11.717+0000] {logging_mixin.py:190} INFO - [2025-01-19T03:43:11.716+0000] {dag.py:4180} INFO - Setting next_dagrun for tutorial_objectstorage to None, run_after=None
[2025-01-19T03:43:11.731+0000] {processor.py:208} INFO - Processing /home/vscode/.local/lib/python3.10/site-packages/airflow/example_dags/tutorial_objectstorage.py took 0.049 seconds
[2025-01-19T03:44:04.074+0000] {processor.py:186} INFO - Started process (PID=15417) to work on /home/vscode/.local/lib/python3.10/site-packages/airflow/example_dags/tutorial_objectstorage.py
[2025-01-19T03:44:04.075+0000] {processor.py:914} INFO - Processing file /home/vscode/.local/lib/python3.10/site-packages/airflow/example_dags/tutorial_objectstorage.py for tasks to queue
[2025-01-19T03:44:04.077+0000] {logging_mixin.py:190} INFO - [2025-01-19T03:44:04.077+0000] {dagbag.py:588} INFO - Filling up the DagBag from /home/vscode/.local/lib/python3.10/site-packages/airflow/example_dags/tutorial_objectstorage.py
[2025-01-19T03:44:04.084+0000] {processor.py:925} INFO - DAG(s) 'tutorial_objectstorage' retrieved from /home/vscode/.local/lib/python3.10/site-packages/airflow/example_dags/tutorial_objectstorage.py
[2025-01-19T03:44:04.096+0000] {logging_mixin.py:190} INFO - [2025-01-19T03:44:04.095+0000] {dag.py:3239} INFO - Sync 1 DAGs
[2025-01-19T03:44:04.105+0000] {logging_mixin.py:190} INFO - [2025-01-19T03:44:04.105+0000] {dag.py:4180} INFO - Setting next_dagrun for tutorial_objectstorage to None, run_after=None
[2025-01-19T03:44:04.120+0000] {processor.py:208} INFO - Processing /home/vscode/.local/lib/python3.10/site-packages/airflow/example_dags/tutorial_objectstorage.py took 0.051 seconds
[2025-01-19T03:44:57.752+0000] {processor.py:186} INFO - Started process (PID=15772) to work on /home/vscode/.local/lib/python3.10/site-packages/airflow/example_dags/tutorial_objectstorage.py
[2025-01-19T03:44:57.753+0000] {processor.py:914} INFO - Processing file /home/vscode/.local/lib/python3.10/site-packages/airflow/example_dags/tutorial_objectstorage.py for tasks to queue
[2025-01-19T03:44:57.754+0000] {logging_mixin.py:190} INFO - [2025-01-19T03:44:57.754+0000] {dagbag.py:588} INFO - Filling up the DagBag from /home/vscode/.local/lib/python3.10/site-packages/airflow/example_dags/tutorial_objectstorage.py
[2025-01-19T03:44:57.762+0000] {processor.py:925} INFO - DAG(s) 'tutorial_objectstorage' retrieved from /home/vscode/.local/lib/python3.10/site-packages/airflow/example_dags/tutorial_objectstorage.py
[2025-01-19T03:44:57.773+0000] {logging_mixin.py:190} INFO - [2025-01-19T03:44:57.773+0000] {dag.py:3239} INFO - Sync 1 DAGs
[2025-01-19T03:44:57.782+0000] {logging_mixin.py:190} INFO - [2025-01-19T03:44:57.782+0000] {dag.py:4180} INFO - Setting next_dagrun for tutorial_objectstorage to None, run_after=None
[2025-01-19T03:44:57.797+0000] {processor.py:208} INFO - Processing /home/vscode/.local/lib/python3.10/site-packages/airflow/example_dags/tutorial_objectstorage.py took 0.050 seconds
[2025-01-19T03:45:48.611+0000] {processor.py:186} INFO - Started process (PID=16114) to work on /home/vscode/.local/lib/python3.10/site-packages/airflow/example_dags/tutorial_objectstorage.py
[2025-01-19T03:45:48.612+0000] {processor.py:914} INFO - Processing file /home/vscode/.local/lib/python3.10/site-packages/airflow/example_dags/tutorial_objectstorage.py for tasks to queue
[2025-01-19T03:45:48.614+0000] {logging_mixin.py:190} INFO - [2025-01-19T03:45:48.613+0000] {dagbag.py:588} INFO - Filling up the DagBag from /home/vscode/.local/lib/python3.10/site-packages/airflow/example_dags/tutorial_objectstorage.py
[2025-01-19T03:45:48.621+0000] {processor.py:925} INFO - DAG(s) 'tutorial_objectstorage' retrieved from /home/vscode/.local/lib/python3.10/site-packages/airflow/example_dags/tutorial_objectstorage.py
[2025-01-19T03:45:48.632+0000] {logging_mixin.py:190} INFO - [2025-01-19T03:45:48.631+0000] {dag.py:3239} INFO - Sync 1 DAGs
[2025-01-19T03:45:48.641+0000] {logging_mixin.py:190} INFO - [2025-01-19T03:45:48.641+0000] {dag.py:4180} INFO - Setting next_dagrun for tutorial_objectstorage to None, run_after=None
[2025-01-19T03:45:48.660+0000] {processor.py:208} INFO - Processing /home/vscode/.local/lib/python3.10/site-packages/airflow/example_dags/tutorial_objectstorage.py took 0.053 seconds
[2025-01-19T03:46:38.235+0000] {processor.py:186} INFO - Started process (PID=16445) to work on /home/vscode/.local/lib/python3.10/site-packages/airflow/example_dags/tutorial_objectstorage.py
[2025-01-19T03:46:38.236+0000] {processor.py:914} INFO - Processing file /home/vscode/.local/lib/python3.10/site-packages/airflow/example_dags/tutorial_objectstorage.py for tasks to queue
[2025-01-19T03:46:38.237+0000] {logging_mixin.py:190} INFO - [2025-01-19T03:46:38.237+0000] {dagbag.py:588} INFO - Filling up the DagBag from /home/vscode/.local/lib/python3.10/site-packages/airflow/example_dags/tutorial_objectstorage.py
[2025-01-19T03:46:38.245+0000] {processor.py:925} INFO - DAG(s) 'tutorial_objectstorage' retrieved from /home/vscode/.local/lib/python3.10/site-packages/airflow/example_dags/tutorial_objectstorage.py
[2025-01-19T03:46:38.256+0000] {logging_mixin.py:190} INFO - [2025-01-19T03:46:38.256+0000] {dag.py:3239} INFO - Sync 1 DAGs
[2025-01-19T03:46:38.265+0000] {logging_mixin.py:190} INFO - [2025-01-19T03:46:38.265+0000] {dag.py:4180} INFO - Setting next_dagrun for tutorial_objectstorage to None, run_after=None
[2025-01-19T03:46:38.280+0000] {processor.py:208} INFO - Processing /home/vscode/.local/lib/python3.10/site-packages/airflow/example_dags/tutorial_objectstorage.py took 0.049 seconds
[2025-01-19T03:47:33.094+0000] {processor.py:186} INFO - Started process (PID=16812) to work on /home/vscode/.local/lib/python3.10/site-packages/airflow/example_dags/tutorial_objectstorage.py
[2025-01-19T03:47:33.095+0000] {processor.py:914} INFO - Processing file /home/vscode/.local/lib/python3.10/site-packages/airflow/example_dags/tutorial_objectstorage.py for tasks to queue
[2025-01-19T03:47:33.096+0000] {logging_mixin.py:190} INFO - [2025-01-19T03:47:33.096+0000] {dagbag.py:588} INFO - Filling up the DagBag from /home/vscode/.local/lib/python3.10/site-packages/airflow/example_dags/tutorial_objectstorage.py
[2025-01-19T03:47:33.103+0000] {processor.py:925} INFO - DAG(s) 'tutorial_objectstorage' retrieved from /home/vscode/.local/lib/python3.10/site-packages/airflow/example_dags/tutorial_objectstorage.py
[2025-01-19T03:47:33.114+0000] {logging_mixin.py:190} INFO - [2025-01-19T03:47:33.114+0000] {dag.py:3239} INFO - Sync 1 DAGs
[2025-01-19T03:47:33.123+0000] {logging_mixin.py:190} INFO - [2025-01-19T03:47:33.123+0000] {dag.py:4180} INFO - Setting next_dagrun for tutorial_objectstorage to None, run_after=None
[2025-01-19T03:47:33.139+0000] {processor.py:208} INFO - Processing /home/vscode/.local/lib/python3.10/site-packages/airflow/example_dags/tutorial_objectstorage.py took 0.049 seconds
[2025-01-19T03:48:21.456+0000] {processor.py:186} INFO - Started process (PID=17151) to work on /home/vscode/.local/lib/python3.10/site-packages/airflow/example_dags/tutorial_objectstorage.py
[2025-01-19T03:48:21.456+0000] {processor.py:914} INFO - Processing file /home/vscode/.local/lib/python3.10/site-packages/airflow/example_dags/tutorial_objectstorage.py for tasks to queue
[2025-01-19T03:48:21.458+0000] {logging_mixin.py:190} INFO - [2025-01-19T03:48:21.458+0000] {dagbag.py:588} INFO - Filling up the DagBag from /home/vscode/.local/lib/python3.10/site-packages/airflow/example_dags/tutorial_objectstorage.py
[2025-01-19T03:48:21.465+0000] {processor.py:925} INFO - DAG(s) 'tutorial_objectstorage' retrieved from /home/vscode/.local/lib/python3.10/site-packages/airflow/example_dags/tutorial_objectstorage.py
[2025-01-19T03:48:21.476+0000] {logging_mixin.py:190} INFO - [2025-01-19T03:48:21.476+0000] {dag.py:3239} INFO - Sync 1 DAGs
[2025-01-19T03:48:21.486+0000] {logging_mixin.py:190} INFO - [2025-01-19T03:48:21.486+0000] {dag.py:4180} INFO - Setting next_dagrun for tutorial_objectstorage to None, run_after=None
[2025-01-19T03:48:21.501+0000] {processor.py:208} INFO - Processing /home/vscode/.local/lib/python3.10/site-packages/airflow/example_dags/tutorial_objectstorage.py took 0.050 seconds
[2025-01-19T03:49:11.746+0000] {processor.py:186} INFO - Started process (PID=17597) to work on /home/vscode/.local/lib/python3.10/site-packages/airflow/example_dags/tutorial_objectstorage.py
[2025-01-19T03:49:11.747+0000] {processor.py:914} INFO - Processing file /home/vscode/.local/lib/python3.10/site-packages/airflow/example_dags/tutorial_objectstorage.py for tasks to queue
[2025-01-19T03:49:11.749+0000] {logging_mixin.py:190} INFO - [2025-01-19T03:49:11.749+0000] {dagbag.py:588} INFO - Filling up the DagBag from /home/vscode/.local/lib/python3.10/site-packages/airflow/example_dags/tutorial_objectstorage.py
[2025-01-19T03:49:11.756+0000] {processor.py:925} INFO - DAG(s) 'tutorial_objectstorage' retrieved from /home/vscode/.local/lib/python3.10/site-packages/airflow/example_dags/tutorial_objectstorage.py
[2025-01-19T03:49:11.767+0000] {logging_mixin.py:190} INFO - [2025-01-19T03:49:11.767+0000] {dag.py:3239} INFO - Sync 1 DAGs
[2025-01-19T03:49:11.777+0000] {logging_mixin.py:190} INFO - [2025-01-19T03:49:11.776+0000] {dag.py:4180} INFO - Setting next_dagrun for tutorial_objectstorage to None, run_after=None
[2025-01-19T03:49:11.791+0000] {processor.py:208} INFO - Processing /home/vscode/.local/lib/python3.10/site-packages/airflow/example_dags/tutorial_objectstorage.py took 0.049 seconds
[2025-01-19T03:50:04.238+0000] {processor.py:186} INFO - Started process (PID=17996) to work on /home/vscode/.local/lib/python3.10/site-packages/airflow/example_dags/tutorial_objectstorage.py
[2025-01-19T03:50:04.239+0000] {processor.py:914} INFO - Processing file /home/vscode/.local/lib/python3.10/site-packages/airflow/example_dags/tutorial_objectstorage.py for tasks to queue
[2025-01-19T03:50:04.240+0000] {logging_mixin.py:190} INFO - [2025-01-19T03:50:04.240+0000] {dagbag.py:588} INFO - Filling up the DagBag from /home/vscode/.local/lib/python3.10/site-packages/airflow/example_dags/tutorial_objectstorage.py
[2025-01-19T03:50:04.247+0000] {processor.py:925} INFO - DAG(s) 'tutorial_objectstorage' retrieved from /home/vscode/.local/lib/python3.10/site-packages/airflow/example_dags/tutorial_objectstorage.py
[2025-01-19T03:50:04.258+0000] {logging_mixin.py:190} INFO - [2025-01-19T03:50:04.257+0000] {dag.py:3239} INFO - Sync 1 DAGs
[2025-01-19T03:50:04.267+0000] {logging_mixin.py:190} INFO - [2025-01-19T03:50:04.266+0000] {dag.py:4180} INFO - Setting next_dagrun for tutorial_objectstorage to None, run_after=None
[2025-01-19T03:50:04.281+0000] {processor.py:208} INFO - Processing /home/vscode/.local/lib/python3.10/site-packages/airflow/example_dags/tutorial_objectstorage.py took 0.048 seconds
[2025-01-19T03:50:53.618+0000] {processor.py:186} INFO - Started process (PID=18384) to work on /home/vscode/.local/lib/python3.10/site-packages/airflow/example_dags/tutorial_objectstorage.py
[2025-01-19T03:50:53.619+0000] {processor.py:914} INFO - Processing file /home/vscode/.local/lib/python3.10/site-packages/airflow/example_dags/tutorial_objectstorage.py for tasks to queue
[2025-01-19T03:50:53.620+0000] {logging_mixin.py:190} INFO - [2025-01-19T03:50:53.620+0000] {dagbag.py:588} INFO - Filling up the DagBag from /home/vscode/.local/lib/python3.10/site-packages/airflow/example_dags/tutorial_objectstorage.py
[2025-01-19T03:50:53.628+0000] {processor.py:925} INFO - DAG(s) 'tutorial_objectstorage' retrieved from /home/vscode/.local/lib/python3.10/site-packages/airflow/example_dags/tutorial_objectstorage.py
[2025-01-19T03:50:53.638+0000] {logging_mixin.py:190} INFO - [2025-01-19T03:50:53.638+0000] {dag.py:3239} INFO - Sync 1 DAGs
[2025-01-19T03:50:53.647+0000] {logging_mixin.py:190} INFO - [2025-01-19T03:50:53.647+0000] {dag.py:4180} INFO - Setting next_dagrun for tutorial_objectstorage to None, run_after=None
[2025-01-19T03:50:53.661+0000] {processor.py:208} INFO - Processing /home/vscode/.local/lib/python3.10/site-packages/airflow/example_dags/tutorial_objectstorage.py took 0.048 seconds
[2025-01-19T03:55:07.163+0000] {processor.py:186} INFO - Started process (PID=20189) to work on /home/vscode/.local/lib/python3.10/site-packages/airflow/example_dags/tutorial_objectstorage.py
[2025-01-19T03:55:07.163+0000] {processor.py:914} INFO - Processing file /home/vscode/.local/lib/python3.10/site-packages/airflow/example_dags/tutorial_objectstorage.py for tasks to queue
[2025-01-19T03:55:07.165+0000] {logging_mixin.py:190} INFO - [2025-01-19T03:55:07.165+0000] {dagbag.py:588} INFO - Filling up the DagBag from /home/vscode/.local/lib/python3.10/site-packages/airflow/example_dags/tutorial_objectstorage.py
[2025-01-19T03:55:07.172+0000] {processor.py:925} INFO - DAG(s) 'tutorial_objectstorage' retrieved from /home/vscode/.local/lib/python3.10/site-packages/airflow/example_dags/tutorial_objectstorage.py
[2025-01-19T03:55:07.184+0000] {logging_mixin.py:190} INFO - [2025-01-19T03:55:07.184+0000] {dag.py:3239} INFO - Sync 1 DAGs
[2025-01-19T03:55:07.194+0000] {logging_mixin.py:190} INFO - [2025-01-19T03:55:07.194+0000] {dag.py:4180} INFO - Setting next_dagrun for tutorial_objectstorage to None, run_after=None
[2025-01-19T03:55:07.208+0000] {processor.py:208} INFO - Processing /home/vscode/.local/lib/python3.10/site-packages/airflow/example_dags/tutorial_objectstorage.py took 0.050 seconds
[2025-01-19T03:56:02.447+0000] {processor.py:186} INFO - Started process (PID=20567) to work on /home/vscode/.local/lib/python3.10/site-packages/airflow/example_dags/tutorial_objectstorage.py
[2025-01-19T03:56:02.448+0000] {processor.py:914} INFO - Processing file /home/vscode/.local/lib/python3.10/site-packages/airflow/example_dags/tutorial_objectstorage.py for tasks to queue
[2025-01-19T03:56:02.450+0000] {logging_mixin.py:190} INFO - [2025-01-19T03:56:02.449+0000] {dagbag.py:588} INFO - Filling up the DagBag from /home/vscode/.local/lib/python3.10/site-packages/airflow/example_dags/tutorial_objectstorage.py
[2025-01-19T03:56:02.457+0000] {processor.py:925} INFO - DAG(s) 'tutorial_objectstorage' retrieved from /home/vscode/.local/lib/python3.10/site-packages/airflow/example_dags/tutorial_objectstorage.py
[2025-01-19T03:56:02.468+0000] {logging_mixin.py:190} INFO - [2025-01-19T03:56:02.468+0000] {dag.py:3239} INFO - Sync 1 DAGs
[2025-01-19T03:56:02.477+0000] {logging_mixin.py:190} INFO - [2025-01-19T03:56:02.477+0000] {dag.py:4180} INFO - Setting next_dagrun for tutorial_objectstorage to None, run_after=None
[2025-01-19T03:56:02.491+0000] {processor.py:208} INFO - Processing /home/vscode/.local/lib/python3.10/site-packages/airflow/example_dags/tutorial_objectstorage.py took 0.048 seconds
[2025-01-19T03:56:55.014+0000] {processor.py:186} INFO - Started process (PID=20923) to work on /home/vscode/.local/lib/python3.10/site-packages/airflow/example_dags/tutorial_objectstorage.py
[2025-01-19T03:56:55.014+0000] {processor.py:914} INFO - Processing file /home/vscode/.local/lib/python3.10/site-packages/airflow/example_dags/tutorial_objectstorage.py for tasks to queue
[2025-01-19T03:56:55.016+0000] {logging_mixin.py:190} INFO - [2025-01-19T03:56:55.016+0000] {dagbag.py:588} INFO - Filling up the DagBag from /home/vscode/.local/lib/python3.10/site-packages/airflow/example_dags/tutorial_objectstorage.py
[2025-01-19T03:56:55.023+0000] {processor.py:925} INFO - DAG(s) 'tutorial_objectstorage' retrieved from /home/vscode/.local/lib/python3.10/site-packages/airflow/example_dags/tutorial_objectstorage.py
[2025-01-19T03:56:55.034+0000] {logging_mixin.py:190} INFO - [2025-01-19T03:56:55.034+0000] {dag.py:3239} INFO - Sync 1 DAGs
[2025-01-19T03:56:55.043+0000] {logging_mixin.py:190} INFO - [2025-01-19T03:56:55.043+0000] {dag.py:4180} INFO - Setting next_dagrun for tutorial_objectstorage to None, run_after=None
[2025-01-19T03:56:55.058+0000] {processor.py:208} INFO - Processing /home/vscode/.local/lib/python3.10/site-packages/airflow/example_dags/tutorial_objectstorage.py took 0.048 seconds
[2025-01-19T03:57:46.996+0000] {processor.py:186} INFO - Started process (PID=21271) to work on /home/vscode/.local/lib/python3.10/site-packages/airflow/example_dags/tutorial_objectstorage.py
[2025-01-19T03:57:46.997+0000] {processor.py:914} INFO - Processing file /home/vscode/.local/lib/python3.10/site-packages/airflow/example_dags/tutorial_objectstorage.py for tasks to queue
[2025-01-19T03:57:46.999+0000] {logging_mixin.py:190} INFO - [2025-01-19T03:57:46.999+0000] {dagbag.py:588} INFO - Filling up the DagBag from /home/vscode/.local/lib/python3.10/site-packages/airflow/example_dags/tutorial_objectstorage.py
[2025-01-19T03:57:47.006+0000] {processor.py:925} INFO - DAG(s) 'tutorial_objectstorage' retrieved from /home/vscode/.local/lib/python3.10/site-packages/airflow/example_dags/tutorial_objectstorage.py
[2025-01-19T03:57:47.017+0000] {logging_mixin.py:190} INFO - [2025-01-19T03:57:47.017+0000] {dag.py:3239} INFO - Sync 1 DAGs
[2025-01-19T03:57:47.027+0000] {logging_mixin.py:190} INFO - [2025-01-19T03:57:47.026+0000] {dag.py:4180} INFO - Setting next_dagrun for tutorial_objectstorage to None, run_after=None
[2025-01-19T03:57:47.041+0000] {processor.py:208} INFO - Processing /home/vscode/.local/lib/python3.10/site-packages/airflow/example_dags/tutorial_objectstorage.py took 0.049 seconds
[2025-01-19T03:58:36.656+0000] {processor.py:186} INFO - Started process (PID=21613) to work on /home/vscode/.local/lib/python3.10/site-packages/airflow/example_dags/tutorial_objectstorage.py
[2025-01-19T03:58:36.657+0000] {processor.py:914} INFO - Processing file /home/vscode/.local/lib/python3.10/site-packages/airflow/example_dags/tutorial_objectstorage.py for tasks to queue
[2025-01-19T03:58:36.659+0000] {logging_mixin.py:190} INFO - [2025-01-19T03:58:36.659+0000] {dagbag.py:588} INFO - Filling up the DagBag from /home/vscode/.local/lib/python3.10/site-packages/airflow/example_dags/tutorial_objectstorage.py
[2025-01-19T03:58:36.666+0000] {processor.py:925} INFO - DAG(s) 'tutorial_objectstorage' retrieved from /home/vscode/.local/lib/python3.10/site-packages/airflow/example_dags/tutorial_objectstorage.py
[2025-01-19T03:58:36.677+0000] {logging_mixin.py:190} INFO - [2025-01-19T03:58:36.677+0000] {dag.py:3239} INFO - Sync 1 DAGs
[2025-01-19T03:58:36.686+0000] {logging_mixin.py:190} INFO - [2025-01-19T03:58:36.686+0000] {dag.py:4180} INFO - Setting next_dagrun for tutorial_objectstorage to None, run_after=None
[2025-01-19T03:58:36.700+0000] {processor.py:208} INFO - Processing /home/vscode/.local/lib/python3.10/site-packages/airflow/example_dags/tutorial_objectstorage.py took 0.048 seconds
[2025-01-19T03:59:28.071+0000] {processor.py:186} INFO - Started process (PID=21965) to work on /home/vscode/.local/lib/python3.10/site-packages/airflow/example_dags/tutorial_objectstorage.py
[2025-01-19T03:59:28.072+0000] {processor.py:914} INFO - Processing file /home/vscode/.local/lib/python3.10/site-packages/airflow/example_dags/tutorial_objectstorage.py for tasks to queue
[2025-01-19T03:59:28.074+0000] {logging_mixin.py:190} INFO - [2025-01-19T03:59:28.073+0000] {dagbag.py:588} INFO - Filling up the DagBag from /home/vscode/.local/lib/python3.10/site-packages/airflow/example_dags/tutorial_objectstorage.py
[2025-01-19T03:59:28.081+0000] {processor.py:925} INFO - DAG(s) 'tutorial_objectstorage' retrieved from /home/vscode/.local/lib/python3.10/site-packages/airflow/example_dags/tutorial_objectstorage.py
[2025-01-19T03:59:28.092+0000] {logging_mixin.py:190} INFO - [2025-01-19T03:59:28.092+0000] {dag.py:3239} INFO - Sync 1 DAGs
[2025-01-19T03:59:28.101+0000] {logging_mixin.py:190} INFO - [2025-01-19T03:59:28.101+0000] {dag.py:4180} INFO - Setting next_dagrun for tutorial_objectstorage to None, run_after=None
[2025-01-19T03:59:28.116+0000] {processor.py:208} INFO - Processing /home/vscode/.local/lib/python3.10/site-packages/airflow/example_dags/tutorial_objectstorage.py took 0.049 seconds
[2025-01-19T04:00:20.345+0000] {processor.py:186} INFO - Started process (PID=22315) to work on /home/vscode/.local/lib/python3.10/site-packages/airflow/example_dags/tutorial_objectstorage.py
[2025-01-19T04:00:20.346+0000] {processor.py:914} INFO - Processing file /home/vscode/.local/lib/python3.10/site-packages/airflow/example_dags/tutorial_objectstorage.py for tasks to queue
[2025-01-19T04:00:20.348+0000] {logging_mixin.py:190} INFO - [2025-01-19T04:00:20.348+0000] {dagbag.py:588} INFO - Filling up the DagBag from /home/vscode/.local/lib/python3.10/site-packages/airflow/example_dags/tutorial_objectstorage.py
[2025-01-19T04:00:20.358+0000] {processor.py:925} INFO - DAG(s) 'tutorial_objectstorage' retrieved from /home/vscode/.local/lib/python3.10/site-packages/airflow/example_dags/tutorial_objectstorage.py
[2025-01-19T04:00:20.374+0000] {logging_mixin.py:190} INFO - [2025-01-19T04:00:20.373+0000] {dag.py:3239} INFO - Sync 1 DAGs
[2025-01-19T04:00:20.387+0000] {logging_mixin.py:190} INFO - [2025-01-19T04:00:20.387+0000] {dag.py:4180} INFO - Setting next_dagrun for tutorial_objectstorage to None, run_after=None
[2025-01-19T04:00:20.411+0000] {processor.py:208} INFO - Processing /home/vscode/.local/lib/python3.10/site-packages/airflow/example_dags/tutorial_objectstorage.py took 0.073 seconds
[2025-01-19T04:01:10.825+0000] {processor.py:186} INFO - Started process (PID=22658) to work on /home/vscode/.local/lib/python3.10/site-packages/airflow/example_dags/tutorial_objectstorage.py
[2025-01-19T04:01:10.827+0000] {processor.py:914} INFO - Processing file /home/vscode/.local/lib/python3.10/site-packages/airflow/example_dags/tutorial_objectstorage.py for tasks to queue
[2025-01-19T04:01:10.829+0000] {logging_mixin.py:190} INFO - [2025-01-19T04:01:10.829+0000] {dagbag.py:588} INFO - Filling up the DagBag from /home/vscode/.local/lib/python3.10/site-packages/airflow/example_dags/tutorial_objectstorage.py
[2025-01-19T04:01:10.839+0000] {processor.py:925} INFO - DAG(s) 'tutorial_objectstorage' retrieved from /home/vscode/.local/lib/python3.10/site-packages/airflow/example_dags/tutorial_objectstorage.py
[2025-01-19T04:01:10.854+0000] {logging_mixin.py:190} INFO - [2025-01-19T04:01:10.853+0000] {dag.py:3239} INFO - Sync 1 DAGs
[2025-01-19T04:01:10.866+0000] {logging_mixin.py:190} INFO - [2025-01-19T04:01:10.866+0000] {dag.py:4180} INFO - Setting next_dagrun for tutorial_objectstorage to None, run_after=None
[2025-01-19T04:01:10.888+0000] {processor.py:208} INFO - Processing /home/vscode/.local/lib/python3.10/site-packages/airflow/example_dags/tutorial_objectstorage.py took 0.069 seconds
[2025-01-19T04:02:02.315+0000] {processor.py:186} INFO - Started process (PID=23010) to work on /home/vscode/.local/lib/python3.10/site-packages/airflow/example_dags/tutorial_objectstorage.py
[2025-01-19T04:02:02.316+0000] {processor.py:914} INFO - Processing file /home/vscode/.local/lib/python3.10/site-packages/airflow/example_dags/tutorial_objectstorage.py for tasks to queue
[2025-01-19T04:02:02.317+0000] {logging_mixin.py:190} INFO - [2025-01-19T04:02:02.317+0000] {dagbag.py:588} INFO - Filling up the DagBag from /home/vscode/.local/lib/python3.10/site-packages/airflow/example_dags/tutorial_objectstorage.py
[2025-01-19T04:02:02.325+0000] {processor.py:925} INFO - DAG(s) 'tutorial_objectstorage' retrieved from /home/vscode/.local/lib/python3.10/site-packages/airflow/example_dags/tutorial_objectstorage.py
[2025-01-19T04:02:02.336+0000] {logging_mixin.py:190} INFO - [2025-01-19T04:02:02.336+0000] {dag.py:3239} INFO - Sync 1 DAGs
[2025-01-19T04:02:02.345+0000] {logging_mixin.py:190} INFO - [2025-01-19T04:02:02.345+0000] {dag.py:4180} INFO - Setting next_dagrun for tutorial_objectstorage to None, run_after=None
[2025-01-19T04:02:02.360+0000] {processor.py:208} INFO - Processing /home/vscode/.local/lib/python3.10/site-packages/airflow/example_dags/tutorial_objectstorage.py took 0.049 seconds
[2025-01-19T04:02:52.744+0000] {processor.py:186} INFO - Started process (PID=23446) to work on /home/vscode/.local/lib/python3.10/site-packages/airflow/example_dags/tutorial_objectstorage.py
[2025-01-19T04:02:52.744+0000] {processor.py:914} INFO - Processing file /home/vscode/.local/lib/python3.10/site-packages/airflow/example_dags/tutorial_objectstorage.py for tasks to queue
[2025-01-19T04:02:52.746+0000] {logging_mixin.py:190} INFO - [2025-01-19T04:02:52.746+0000] {dagbag.py:588} INFO - Filling up the DagBag from /home/vscode/.local/lib/python3.10/site-packages/airflow/example_dags/tutorial_objectstorage.py
[2025-01-19T04:02:52.753+0000] {processor.py:925} INFO - DAG(s) 'tutorial_objectstorage' retrieved from /home/vscode/.local/lib/python3.10/site-packages/airflow/example_dags/tutorial_objectstorage.py
[2025-01-19T04:02:52.764+0000] {logging_mixin.py:190} INFO - [2025-01-19T04:02:52.764+0000] {dag.py:3239} INFO - Sync 1 DAGs
[2025-01-19T04:02:52.773+0000] {logging_mixin.py:190} INFO - [2025-01-19T04:02:52.773+0000] {dag.py:4180} INFO - Setting next_dagrun for tutorial_objectstorage to None, run_after=None
[2025-01-19T04:02:52.787+0000] {processor.py:208} INFO - Processing /home/vscode/.local/lib/python3.10/site-packages/airflow/example_dags/tutorial_objectstorage.py took 0.048 seconds
